[2025-04-13T16:49:11.218+0000] {processor.py:186} INFO - Started process (PID=126) to work on /home/airflow/.local/lib/python3.12/site-packages/airflow/example_dags/example_latest_only.py
[2025-04-13T16:49:11.220+0000] {processor.py:914} INFO - Processing file /home/airflow/.local/lib/python3.12/site-packages/airflow/example_dags/example_latest_only.py for tasks to queue
[2025-04-13T16:49:11.229+0000] {logging_mixin.py:190} INFO - [2025-04-13T16:49:11.229+0000] {dagbag.py:588} INFO - Filling up the DagBag from /home/airflow/.local/lib/python3.12/site-packages/airflow/example_dags/example_latest_only.py
[2025-04-13T16:49:11.255+0000] {processor.py:925} INFO - DAG(s) 'latest_only' retrieved from /home/airflow/.local/lib/python3.12/site-packages/airflow/example_dags/example_latest_only.py
[2025-04-13T16:49:12.440+0000] {logging_mixin.py:190} INFO - [2025-04-13T16:49:12.439+0000] {override.py:1912} INFO - Created Permission View: can read on DAG:latest_only
[2025-04-13T16:49:12.495+0000] {logging_mixin.py:190} INFO - [2025-04-13T16:49:12.495+0000] {override.py:1912} INFO - Created Permission View: can edit on DAG:latest_only
[2025-04-13T16:49:12.998+0000] {logging_mixin.py:190} INFO - [2025-04-13T16:49:12.998+0000] {override.py:1912} INFO - Created Permission View: can delete on DAG:latest_only
[2025-04-13T16:49:13.195+0000] {logging_mixin.py:190} INFO - [2025-04-13T16:49:13.194+0000] {override.py:1912} INFO - Created Permission View: can read on DAG Run:latest_only
[2025-04-13T16:49:13.648+0000] {logging_mixin.py:190} INFO - [2025-04-13T16:49:13.647+0000] {override.py:1912} INFO - Created Permission View: menu access on DAG Run:latest_only
[2025-04-13T16:49:13.821+0000] {logging_mixin.py:190} INFO - [2025-04-13T16:49:13.820+0000] {override.py:1912} INFO - Created Permission View: can create on DAG Run:latest_only
[2025-04-13T16:49:13.998+0000] {logging_mixin.py:190} INFO - [2025-04-13T16:49:13.997+0000] {override.py:1912} INFO - Created Permission View: can delete on DAG Run:latest_only
[2025-04-13T16:49:14.005+0000] {logging_mixin.py:190} INFO - [2025-04-13T16:49:14.004+0000] {dag.py:3239} INFO - Sync 1 DAGs
[2025-04-13T16:49:14.308+0000] {logging_mixin.py:190} INFO - [2025-04-13T16:49:14.307+0000] {dag.py:3262} INFO - Creating ORM DAG for latest_only
[2025-04-13T16:49:14.604+0000] {logging_mixin.py:190} INFO - [2025-04-13T16:49:14.604+0000] {dag.py:4180} INFO - Setting next_dagrun for latest_only to 2025-04-13 12:00:00+00:00, run_after=2025-04-13 16:00:00+00:00
[2025-04-13T16:49:14.769+0000] {processor.py:208} INFO - Processing /home/airflow/.local/lib/python3.12/site-packages/airflow/example_dags/example_latest_only.py took 3.586 seconds
[2025-04-13T16:50:53.021+0000] {processor.py:186} INFO - Started process (PID=208) to work on /home/airflow/.local/lib/python3.12/site-packages/airflow/example_dags/example_latest_only.py
[2025-04-13T16:50:53.025+0000] {processor.py:914} INFO - Processing file /home/airflow/.local/lib/python3.12/site-packages/airflow/example_dags/example_latest_only.py for tasks to queue
[2025-04-13T16:50:53.040+0000] {logging_mixin.py:190} INFO - [2025-04-13T16:50:53.037+0000] {dagbag.py:588} INFO - Filling up the DagBag from /home/airflow/.local/lib/python3.12/site-packages/airflow/example_dags/example_latest_only.py
[2025-04-13T16:50:53.080+0000] {processor.py:925} INFO - DAG(s) 'latest_only' retrieved from /home/airflow/.local/lib/python3.12/site-packages/airflow/example_dags/example_latest_only.py
[2025-04-13T16:50:53.250+0000] {logging_mixin.py:190} INFO - [2025-04-13T16:50:53.249+0000] {dag.py:3239} INFO - Sync 1 DAGs
[2025-04-13T16:50:53.449+0000] {logging_mixin.py:190} INFO - [2025-04-13T16:50:53.449+0000] {dag.py:4180} INFO - Setting next_dagrun for latest_only to 2025-04-13 12:00:00+00:00, run_after=2025-04-13 16:00:00+00:00
[2025-04-13T16:50:53.616+0000] {processor.py:208} INFO - Processing /home/airflow/.local/lib/python3.12/site-packages/airflow/example_dags/example_latest_only.py took 0.659 seconds
[2025-04-13T16:51:31.574+0000] {processor.py:186} INFO - Started process (PID=272) to work on /home/airflow/.local/lib/python3.12/site-packages/airflow/example_dags/example_latest_only.py
[2025-04-13T16:51:31.581+0000] {processor.py:914} INFO - Processing file /home/airflow/.local/lib/python3.12/site-packages/airflow/example_dags/example_latest_only.py for tasks to queue
[2025-04-13T16:51:31.609+0000] {logging_mixin.py:190} INFO - [2025-04-13T16:51:31.608+0000] {dagbag.py:588} INFO - Filling up the DagBag from /home/airflow/.local/lib/python3.12/site-packages/airflow/example_dags/example_latest_only.py
[2025-04-13T16:51:31.662+0000] {processor.py:925} INFO - DAG(s) 'latest_only' retrieved from /home/airflow/.local/lib/python3.12/site-packages/airflow/example_dags/example_latest_only.py
[2025-04-13T16:51:31.784+0000] {logging_mixin.py:190} INFO - [2025-04-13T16:51:31.783+0000] {dag.py:3239} INFO - Sync 1 DAGs
[2025-04-13T16:51:31.974+0000] {logging_mixin.py:190} INFO - [2025-04-13T16:51:31.974+0000] {dag.py:4180} INFO - Setting next_dagrun for latest_only to 2025-04-13 12:00:00+00:00, run_after=2025-04-13 16:00:00+00:00
[2025-04-13T16:51:32.175+0000] {processor.py:208} INFO - Processing /home/airflow/.local/lib/python3.12/site-packages/airflow/example_dags/example_latest_only.py took 0.641 seconds
[2025-04-13T16:52:02.588+0000] {processor.py:186} INFO - Started process (PID=335) to work on /home/airflow/.local/lib/python3.12/site-packages/airflow/example_dags/example_latest_only.py
[2025-04-13T16:52:02.591+0000] {processor.py:914} INFO - Processing file /home/airflow/.local/lib/python3.12/site-packages/airflow/example_dags/example_latest_only.py for tasks to queue
[2025-04-13T16:52:02.598+0000] {logging_mixin.py:190} INFO - [2025-04-13T16:52:02.597+0000] {dagbag.py:588} INFO - Filling up the DagBag from /home/airflow/.local/lib/python3.12/site-packages/airflow/example_dags/example_latest_only.py
[2025-04-13T16:52:02.634+0000] {processor.py:925} INFO - DAG(s) 'latest_only' retrieved from /home/airflow/.local/lib/python3.12/site-packages/airflow/example_dags/example_latest_only.py
[2025-04-13T16:52:02.778+0000] {logging_mixin.py:190} INFO - [2025-04-13T16:52:02.777+0000] {dag.py:3239} INFO - Sync 1 DAGs
[2025-04-13T16:52:02.862+0000] {logging_mixin.py:190} INFO - [2025-04-13T16:52:02.861+0000] {dag.py:4180} INFO - Setting next_dagrun for latest_only to 2025-04-13 12:00:00+00:00, run_after=2025-04-13 16:00:00+00:00
[2025-04-13T16:52:02.963+0000] {processor.py:208} INFO - Processing /home/airflow/.local/lib/python3.12/site-packages/airflow/example_dags/example_latest_only.py took 0.396 seconds
[2025-04-13T16:52:33.945+0000] {processor.py:186} INFO - Started process (PID=399) to work on /home/airflow/.local/lib/python3.12/site-packages/airflow/example_dags/example_latest_only.py
[2025-04-13T16:52:33.982+0000] {processor.py:914} INFO - Processing file /home/airflow/.local/lib/python3.12/site-packages/airflow/example_dags/example_latest_only.py for tasks to queue
[2025-04-13T16:52:34.022+0000] {logging_mixin.py:190} INFO - [2025-04-13T16:52:34.021+0000] {dagbag.py:588} INFO - Filling up the DagBag from /home/airflow/.local/lib/python3.12/site-packages/airflow/example_dags/example_latest_only.py
[2025-04-13T16:52:34.069+0000] {processor.py:925} INFO - DAG(s) 'latest_only' retrieved from /home/airflow/.local/lib/python3.12/site-packages/airflow/example_dags/example_latest_only.py
[2025-04-13T16:52:34.249+0000] {logging_mixin.py:190} INFO - [2025-04-13T16:52:34.249+0000] {dag.py:3239} INFO - Sync 1 DAGs
[2025-04-13T16:52:34.509+0000] {logging_mixin.py:190} INFO - [2025-04-13T16:52:34.509+0000] {dag.py:4180} INFO - Setting next_dagrun for latest_only to 2025-04-13 12:00:00+00:00, run_after=2025-04-13 16:00:00+00:00
[2025-04-13T16:52:34.702+0000] {processor.py:208} INFO - Processing /home/airflow/.local/lib/python3.12/site-packages/airflow/example_dags/example_latest_only.py took 0.785 seconds
[2025-04-13T16:53:37.287+0000] {processor.py:186} INFO - Started process (PID=480) to work on /home/airflow/.local/lib/python3.12/site-packages/airflow/example_dags/example_latest_only.py
[2025-04-13T16:53:37.290+0000] {processor.py:914} INFO - Processing file /home/airflow/.local/lib/python3.12/site-packages/airflow/example_dags/example_latest_only.py for tasks to queue
[2025-04-13T16:53:37.315+0000] {logging_mixin.py:190} INFO - [2025-04-13T16:53:37.314+0000] {dagbag.py:588} INFO - Filling up the DagBag from /home/airflow/.local/lib/python3.12/site-packages/airflow/example_dags/example_latest_only.py
[2025-04-13T16:53:37.344+0000] {processor.py:925} INFO - DAG(s) 'latest_only' retrieved from /home/airflow/.local/lib/python3.12/site-packages/airflow/example_dags/example_latest_only.py
[2025-04-13T16:53:37.442+0000] {logging_mixin.py:190} INFO - [2025-04-13T16:53:37.442+0000] {dag.py:3239} INFO - Sync 1 DAGs
[2025-04-13T16:53:37.576+0000] {logging_mixin.py:190} INFO - [2025-04-13T16:53:37.575+0000] {dag.py:4180} INFO - Setting next_dagrun for latest_only to 2025-04-13 12:00:00+00:00, run_after=2025-04-13 16:00:00+00:00
[2025-04-13T16:53:37.718+0000] {processor.py:208} INFO - Processing /home/airflow/.local/lib/python3.12/site-packages/airflow/example_dags/example_latest_only.py took 0.445 seconds
[2025-04-13T16:54:08.928+0000] {processor.py:186} INFO - Started process (PID=544) to work on /home/airflow/.local/lib/python3.12/site-packages/airflow/example_dags/example_latest_only.py
[2025-04-13T16:54:08.940+0000] {processor.py:914} INFO - Processing file /home/airflow/.local/lib/python3.12/site-packages/airflow/example_dags/example_latest_only.py for tasks to queue
[2025-04-13T16:54:08.980+0000] {logging_mixin.py:190} INFO - [2025-04-13T16:54:08.979+0000] {dagbag.py:588} INFO - Filling up the DagBag from /home/airflow/.local/lib/python3.12/site-packages/airflow/example_dags/example_latest_only.py
[2025-04-13T16:54:09.010+0000] {processor.py:925} INFO - DAG(s) 'latest_only' retrieved from /home/airflow/.local/lib/python3.12/site-packages/airflow/example_dags/example_latest_only.py
[2025-04-13T16:54:09.258+0000] {logging_mixin.py:190} INFO - [2025-04-13T16:54:09.258+0000] {dag.py:3239} INFO - Sync 1 DAGs
[2025-04-13T16:54:09.628+0000] {logging_mixin.py:190} INFO - [2025-04-13T16:54:09.627+0000] {dag.py:4180} INFO - Setting next_dagrun for latest_only to 2025-04-13 12:00:00+00:00, run_after=2025-04-13 16:00:00+00:00
[2025-04-13T16:54:09.879+0000] {processor.py:208} INFO - Processing /home/airflow/.local/lib/python3.12/site-packages/airflow/example_dags/example_latest_only.py took 0.972 seconds
[2025-04-13T16:55:04.546+0000] {processor.py:186} INFO - Started process (PID=614) to work on /home/airflow/.local/lib/python3.12/site-packages/airflow/example_dags/example_latest_only.py
[2025-04-13T16:55:04.560+0000] {processor.py:914} INFO - Processing file /home/airflow/.local/lib/python3.12/site-packages/airflow/example_dags/example_latest_only.py for tasks to queue
[2025-04-13T16:55:04.575+0000] {logging_mixin.py:190} INFO - [2025-04-13T16:55:04.569+0000] {dagbag.py:588} INFO - Filling up the DagBag from /home/airflow/.local/lib/python3.12/site-packages/airflow/example_dags/example_latest_only.py
[2025-04-13T16:55:04.621+0000] {processor.py:925} INFO - DAG(s) 'latest_only' retrieved from /home/airflow/.local/lib/python3.12/site-packages/airflow/example_dags/example_latest_only.py
[2025-04-13T16:55:04.767+0000] {logging_mixin.py:190} INFO - [2025-04-13T16:55:04.767+0000] {dag.py:3239} INFO - Sync 1 DAGs
[2025-04-13T16:55:05.063+0000] {logging_mixin.py:190} INFO - [2025-04-13T16:55:05.050+0000] {dag.py:4180} INFO - Setting next_dagrun for latest_only to 2025-04-13 12:00:00+00:00, run_after=2025-04-13 16:00:00+00:00
[2025-04-13T16:55:05.238+0000] {processor.py:208} INFO - Processing /home/airflow/.local/lib/python3.12/site-packages/airflow/example_dags/example_latest_only.py took 0.716 seconds
[2025-04-13T17:03:54.196+0000] {processor.py:186} INFO - Started process (PID=135) to work on /home/airflow/.local/lib/python3.12/site-packages/airflow/example_dags/example_latest_only.py
[2025-04-13T17:03:54.271+0000] {processor.py:914} INFO - Processing file /home/airflow/.local/lib/python3.12/site-packages/airflow/example_dags/example_latest_only.py for tasks to queue
[2025-04-13T17:03:54.305+0000] {logging_mixin.py:190} INFO - [2025-04-13T17:03:54.304+0000] {dagbag.py:588} INFO - Filling up the DagBag from /home/airflow/.local/lib/python3.12/site-packages/airflow/example_dags/example_latest_only.py
[2025-04-13T17:03:54.773+0000] {processor.py:925} INFO - DAG(s) 'latest_only' retrieved from /home/airflow/.local/lib/python3.12/site-packages/airflow/example_dags/example_latest_only.py
[2025-04-13T17:03:55.744+0000] {logging_mixin.py:190} INFO - [2025-04-13T17:03:55.711+0000] {dag.py:3239} INFO - Sync 1 DAGs
[2025-04-13T17:03:56.824+0000] {logging_mixin.py:190} INFO - [2025-04-13T17:03:56.823+0000] {dag.py:4180} INFO - Setting next_dagrun for latest_only to 2025-04-13 12:00:00+00:00, run_after=2025-04-13 16:00:00+00:00
[2025-04-13T17:03:57.380+0000] {processor.py:208} INFO - Processing /home/airflow/.local/lib/python3.12/site-packages/airflow/example_dags/example_latest_only.py took 3.644 seconds
[2025-04-13T17:06:14.628+0000] {processor.py:186} INFO - Started process (PID=222) to work on /home/airflow/.local/lib/python3.12/site-packages/airflow/example_dags/example_latest_only.py
[2025-04-13T17:06:14.642+0000] {processor.py:914} INFO - Processing file /home/airflow/.local/lib/python3.12/site-packages/airflow/example_dags/example_latest_only.py for tasks to queue
[2025-04-13T17:06:14.725+0000] {logging_mixin.py:190} INFO - [2025-04-13T17:06:14.725+0000] {dagbag.py:588} INFO - Filling up the DagBag from /home/airflow/.local/lib/python3.12/site-packages/airflow/example_dags/example_latest_only.py
[2025-04-13T17:06:15.283+0000] {processor.py:925} INFO - DAG(s) 'latest_only' retrieved from /home/airflow/.local/lib/python3.12/site-packages/airflow/example_dags/example_latest_only.py
[2025-04-13T17:06:16.919+0000] {logging_mixin.py:190} INFO - [2025-04-13T17:06:16.918+0000] {dag.py:3239} INFO - Sync 1 DAGs
[2025-04-13T17:06:18.248+0000] {logging_mixin.py:190} INFO - [2025-04-13T17:06:18.157+0000] {dag.py:4180} INFO - Setting next_dagrun for latest_only to 2025-04-13 12:00:00+00:00, run_after=2025-04-13 16:00:00+00:00
[2025-04-13T17:06:19.254+0000] {processor.py:208} INFO - Processing /home/airflow/.local/lib/python3.12/site-packages/airflow/example_dags/example_latest_only.py took 5.040 seconds
[2025-04-13T17:25:36.718+0000] {processor.py:186} INFO - Started process (PID=201) to work on /home/airflow/.local/lib/python3.12/site-packages/airflow/example_dags/example_latest_only.py
[2025-04-13T17:25:36.857+0000] {processor.py:914} INFO - Processing file /home/airflow/.local/lib/python3.12/site-packages/airflow/example_dags/example_latest_only.py for tasks to queue
[2025-04-13T17:25:36.860+0000] {logging_mixin.py:190} INFO - [2025-04-13T17:25:36.860+0000] {dagbag.py:588} INFO - Filling up the DagBag from /home/airflow/.local/lib/python3.12/site-packages/airflow/example_dags/example_latest_only.py
[2025-04-13T17:25:37.109+0000] {processor.py:925} INFO - DAG(s) 'latest_only' retrieved from /home/airflow/.local/lib/python3.12/site-packages/airflow/example_dags/example_latest_only.py
[2025-04-13T17:25:42.575+0000] {logging_mixin.py:190} INFO - [2025-04-13T17:25:42.571+0000] {dag.py:3239} INFO - Sync 1 DAGs
[2025-04-13T17:25:44.034+0000] {logging_mixin.py:190} INFO - [2025-04-13T17:25:44.032+0000] {dag.py:4180} INFO - Setting next_dagrun for latest_only to 2025-04-13 12:00:00+00:00, run_after=2025-04-13 16:00:00+00:00
[2025-04-13T17:25:45.184+0000] {processor.py:208} INFO - Processing /home/airflow/.local/lib/python3.12/site-packages/airflow/example_dags/example_latest_only.py took 8.786 seconds
[2025-04-13T18:12:20.601+0000] {processor.py:186} INFO - Started process (PID=298) to work on /home/airflow/.local/lib/python3.12/site-packages/airflow/example_dags/example_latest_only.py
[2025-04-13T18:12:20.607+0000] {processor.py:914} INFO - Processing file /home/airflow/.local/lib/python3.12/site-packages/airflow/example_dags/example_latest_only.py for tasks to queue
[2025-04-13T18:12:21.077+0000] {logging_mixin.py:190} INFO - [2025-04-13T18:12:21.076+0000] {dagbag.py:588} INFO - Filling up the DagBag from /home/airflow/.local/lib/python3.12/site-packages/airflow/example_dags/example_latest_only.py
[2025-04-13T18:12:23.091+0000] {processor.py:925} INFO - DAG(s) 'latest_only' retrieved from /home/airflow/.local/lib/python3.12/site-packages/airflow/example_dags/example_latest_only.py
[2025-04-13T18:12:25.758+0000] {logging_mixin.py:190} INFO - [2025-04-13T18:12:25.746+0000] {dag.py:3239} INFO - Sync 1 DAGs
[2025-04-13T18:12:30.189+0000] {logging_mixin.py:190} INFO - [2025-04-13T18:12:30.188+0000] {dag.py:4180} INFO - Setting next_dagrun for latest_only to 2025-04-13 12:00:00+00:00, run_after=2025-04-13 16:00:00+00:00
[2025-04-13T18:12:32.968+0000] {processor.py:208} INFO - Processing /home/airflow/.local/lib/python3.12/site-packages/airflow/example_dags/example_latest_only.py took 14.258 seconds
[2025-04-13T18:21:04.078+0000] {processor.py:186} INFO - Started process (PID=437) to work on /home/airflow/.local/lib/python3.12/site-packages/airflow/example_dags/example_latest_only.py
[2025-04-13T18:21:04.204+0000] {processor.py:914} INFO - Processing file /home/airflow/.local/lib/python3.12/site-packages/airflow/example_dags/example_latest_only.py for tasks to queue
[2025-04-13T18:21:04.641+0000] {logging_mixin.py:190} INFO - [2025-04-13T18:21:04.641+0000] {dagbag.py:588} INFO - Filling up the DagBag from /home/airflow/.local/lib/python3.12/site-packages/airflow/example_dags/example_latest_only.py
[2025-04-13T18:21:05.095+0000] {processor.py:925} INFO - DAG(s) 'latest_only' retrieved from /home/airflow/.local/lib/python3.12/site-packages/airflow/example_dags/example_latest_only.py
[2025-04-13T18:21:05.907+0000] {logging_mixin.py:190} INFO - [2025-04-13T18:21:05.906+0000] {dag.py:3239} INFO - Sync 1 DAGs
[2025-04-13T18:21:09.509+0000] {logging_mixin.py:190} INFO - [2025-04-13T18:21:09.508+0000] {dag.py:4180} INFO - Setting next_dagrun for latest_only to 2025-04-13 12:00:00+00:00, run_after=2025-04-13 16:00:00+00:00
[2025-04-13T18:21:10.663+0000] {processor.py:208} INFO - Processing /home/airflow/.local/lib/python3.12/site-packages/airflow/example_dags/example_latest_only.py took 8.293 seconds
[2025-04-13T20:52:01.441+0000] {processor.py:186} INFO - Started process (PID=115) to work on /home/airflow/.local/lib/python3.12/site-packages/airflow/example_dags/example_latest_only.py
[2025-04-13T20:52:01.451+0000] {processor.py:914} INFO - Processing file /home/airflow/.local/lib/python3.12/site-packages/airflow/example_dags/example_latest_only.py for tasks to queue
[2025-04-13T20:52:01.466+0000] {logging_mixin.py:190} INFO - [2025-04-13T20:52:01.465+0000] {dagbag.py:588} INFO - Filling up the DagBag from /home/airflow/.local/lib/python3.12/site-packages/airflow/example_dags/example_latest_only.py
[2025-04-13T20:52:01.503+0000] {processor.py:925} INFO - DAG(s) 'latest_only' retrieved from /home/airflow/.local/lib/python3.12/site-packages/airflow/example_dags/example_latest_only.py
[2025-04-13T20:52:01.695+0000] {logging_mixin.py:190} INFO - [2025-04-13T20:52:01.695+0000] {dag.py:3239} INFO - Sync 1 DAGs
[2025-04-13T20:52:01.869+0000] {logging_mixin.py:190} INFO - [2025-04-13T20:52:01.868+0000] {dag.py:4180} INFO - Setting next_dagrun for latest_only to 2025-04-13 16:00:00+00:00, run_after=2025-04-13 20:00:00+00:00
[2025-04-13T20:52:01.979+0000] {processor.py:208} INFO - Processing /home/airflow/.local/lib/python3.12/site-packages/airflow/example_dags/example_latest_only.py took 0.550 seconds
[2025-04-13T20:52:32.068+0000] {processor.py:186} INFO - Started process (PID=179) to work on /home/airflow/.local/lib/python3.12/site-packages/airflow/example_dags/example_latest_only.py
[2025-04-13T20:52:32.070+0000] {processor.py:914} INFO - Processing file /home/airflow/.local/lib/python3.12/site-packages/airflow/example_dags/example_latest_only.py for tasks to queue
[2025-04-13T20:52:32.074+0000] {logging_mixin.py:190} INFO - [2025-04-13T20:52:32.073+0000] {dagbag.py:588} INFO - Filling up the DagBag from /home/airflow/.local/lib/python3.12/site-packages/airflow/example_dags/example_latest_only.py
[2025-04-13T20:52:32.084+0000] {processor.py:925} INFO - DAG(s) 'latest_only' retrieved from /home/airflow/.local/lib/python3.12/site-packages/airflow/example_dags/example_latest_only.py
[2025-04-13T20:52:32.139+0000] {logging_mixin.py:190} INFO - [2025-04-13T20:52:32.138+0000] {dag.py:3239} INFO - Sync 1 DAGs
[2025-04-13T20:52:32.191+0000] {logging_mixin.py:190} INFO - [2025-04-13T20:52:32.190+0000] {dag.py:4180} INFO - Setting next_dagrun for latest_only to 2025-04-13 16:00:00+00:00, run_after=2025-04-13 20:00:00+00:00
[2025-04-13T20:52:32.277+0000] {processor.py:208} INFO - Processing /home/airflow/.local/lib/python3.12/site-packages/airflow/example_dags/example_latest_only.py took 0.223 seconds
[2025-04-13T20:53:09.135+0000] {processor.py:186} INFO - Started process (PID=242) to work on /home/airflow/.local/lib/python3.12/site-packages/airflow/example_dags/example_latest_only.py
[2025-04-13T20:53:09.137+0000] {processor.py:914} INFO - Processing file /home/airflow/.local/lib/python3.12/site-packages/airflow/example_dags/example_latest_only.py for tasks to queue
[2025-04-13T20:53:09.150+0000] {logging_mixin.py:190} INFO - [2025-04-13T20:53:09.149+0000] {dagbag.py:588} INFO - Filling up the DagBag from /home/airflow/.local/lib/python3.12/site-packages/airflow/example_dags/example_latest_only.py
[2025-04-13T20:53:09.173+0000] {processor.py:925} INFO - DAG(s) 'latest_only' retrieved from /home/airflow/.local/lib/python3.12/site-packages/airflow/example_dags/example_latest_only.py
[2025-04-13T20:53:09.216+0000] {logging_mixin.py:190} INFO - [2025-04-13T20:53:09.215+0000] {dag.py:3239} INFO - Sync 1 DAGs
[2025-04-13T20:53:09.284+0000] {logging_mixin.py:190} INFO - [2025-04-13T20:53:09.284+0000] {dag.py:4180} INFO - Setting next_dagrun for latest_only to 2025-04-13 16:00:00+00:00, run_after=2025-04-13 20:00:00+00:00
[2025-04-13T20:53:09.387+0000] {processor.py:208} INFO - Processing /home/airflow/.local/lib/python3.12/site-packages/airflow/example_dags/example_latest_only.py took 0.267 seconds
[2025-04-13T20:53:43.571+0000] {processor.py:186} INFO - Started process (PID=306) to work on /home/airflow/.local/lib/python3.12/site-packages/airflow/example_dags/example_latest_only.py
[2025-04-13T20:53:43.573+0000] {processor.py:914} INFO - Processing file /home/airflow/.local/lib/python3.12/site-packages/airflow/example_dags/example_latest_only.py for tasks to queue
[2025-04-13T20:53:43.578+0000] {logging_mixin.py:190} INFO - [2025-04-13T20:53:43.578+0000] {dagbag.py:588} INFO - Filling up the DagBag from /home/airflow/.local/lib/python3.12/site-packages/airflow/example_dags/example_latest_only.py
[2025-04-13T20:53:43.590+0000] {processor.py:925} INFO - DAG(s) 'latest_only' retrieved from /home/airflow/.local/lib/python3.12/site-packages/airflow/example_dags/example_latest_only.py
[2025-04-13T20:53:43.659+0000] {logging_mixin.py:190} INFO - [2025-04-13T20:53:43.658+0000] {dag.py:3239} INFO - Sync 1 DAGs
[2025-04-13T20:53:43.767+0000] {logging_mixin.py:190} INFO - [2025-04-13T20:53:43.766+0000] {dag.py:4180} INFO - Setting next_dagrun for latest_only to 2025-04-13 16:00:00+00:00, run_after=2025-04-13 20:00:00+00:00
[2025-04-13T20:53:43.816+0000] {processor.py:208} INFO - Processing /home/airflow/.local/lib/python3.12/site-packages/airflow/example_dags/example_latest_only.py took 0.256 seconds
[2025-04-13T20:54:15.352+0000] {processor.py:186} INFO - Started process (PID=371) to work on /home/airflow/.local/lib/python3.12/site-packages/airflow/example_dags/example_latest_only.py
[2025-04-13T20:54:15.360+0000] {processor.py:914} INFO - Processing file /home/airflow/.local/lib/python3.12/site-packages/airflow/example_dags/example_latest_only.py for tasks to queue
[2025-04-13T20:54:15.379+0000] {logging_mixin.py:190} INFO - [2025-04-13T20:54:15.375+0000] {dagbag.py:588} INFO - Filling up the DagBag from /home/airflow/.local/lib/python3.12/site-packages/airflow/example_dags/example_latest_only.py
[2025-04-13T20:54:15.400+0000] {processor.py:925} INFO - DAG(s) 'latest_only' retrieved from /home/airflow/.local/lib/python3.12/site-packages/airflow/example_dags/example_latest_only.py
[2025-04-13T20:54:15.607+0000] {logging_mixin.py:190} INFO - [2025-04-13T20:54:15.606+0000] {dag.py:3239} INFO - Sync 1 DAGs
[2025-04-13T20:54:15.737+0000] {logging_mixin.py:190} INFO - [2025-04-13T20:54:15.737+0000] {dag.py:4180} INFO - Setting next_dagrun for latest_only to 2025-04-13 16:00:00+00:00, run_after=2025-04-13 20:00:00+00:00
[2025-04-13T20:54:15.814+0000] {processor.py:208} INFO - Processing /home/airflow/.local/lib/python3.12/site-packages/airflow/example_dags/example_latest_only.py took 0.474 seconds
[2025-04-13T20:54:46.764+0000] {processor.py:186} INFO - Started process (PID=435) to work on /home/airflow/.local/lib/python3.12/site-packages/airflow/example_dags/example_latest_only.py
[2025-04-13T20:54:46.767+0000] {processor.py:914} INFO - Processing file /home/airflow/.local/lib/python3.12/site-packages/airflow/example_dags/example_latest_only.py for tasks to queue
[2025-04-13T20:54:46.777+0000] {logging_mixin.py:190} INFO - [2025-04-13T20:54:46.774+0000] {dagbag.py:588} INFO - Filling up the DagBag from /home/airflow/.local/lib/python3.12/site-packages/airflow/example_dags/example_latest_only.py
[2025-04-13T20:54:46.809+0000] {processor.py:925} INFO - DAG(s) 'latest_only' retrieved from /home/airflow/.local/lib/python3.12/site-packages/airflow/example_dags/example_latest_only.py
[2025-04-13T20:54:46.868+0000] {logging_mixin.py:190} INFO - [2025-04-13T20:54:46.868+0000] {dag.py:3239} INFO - Sync 1 DAGs
[2025-04-13T20:54:46.955+0000] {logging_mixin.py:190} INFO - [2025-04-13T20:54:46.955+0000] {dag.py:4180} INFO - Setting next_dagrun for latest_only to 2025-04-13 16:00:00+00:00, run_after=2025-04-13 20:00:00+00:00
[2025-04-13T20:54:47.018+0000] {processor.py:208} INFO - Processing /home/airflow/.local/lib/python3.12/site-packages/airflow/example_dags/example_latest_only.py took 0.294 seconds
[2025-04-13T20:55:20.085+0000] {processor.py:186} INFO - Started process (PID=504) to work on /home/airflow/.local/lib/python3.12/site-packages/airflow/example_dags/example_latest_only.py
[2025-04-13T20:55:20.087+0000] {processor.py:914} INFO - Processing file /home/airflow/.local/lib/python3.12/site-packages/airflow/example_dags/example_latest_only.py for tasks to queue
[2025-04-13T20:55:20.095+0000] {logging_mixin.py:190} INFO - [2025-04-13T20:55:20.094+0000] {dagbag.py:588} INFO - Filling up the DagBag from /home/airflow/.local/lib/python3.12/site-packages/airflow/example_dags/example_latest_only.py
[2025-04-13T20:55:20.110+0000] {processor.py:925} INFO - DAG(s) 'latest_only' retrieved from /home/airflow/.local/lib/python3.12/site-packages/airflow/example_dags/example_latest_only.py
[2025-04-13T20:55:20.317+0000] {logging_mixin.py:190} INFO - [2025-04-13T20:55:20.316+0000] {dag.py:3239} INFO - Sync 1 DAGs
[2025-04-13T20:55:20.435+0000] {logging_mixin.py:190} INFO - [2025-04-13T20:55:20.435+0000] {dag.py:4180} INFO - Setting next_dagrun for latest_only to 2025-04-13 16:00:00+00:00, run_after=2025-04-13 20:00:00+00:00
[2025-04-13T20:55:20.520+0000] {processor.py:208} INFO - Processing /home/airflow/.local/lib/python3.12/site-packages/airflow/example_dags/example_latest_only.py took 0.448 seconds
[2025-04-13T20:55:54.437+0000] {processor.py:186} INFO - Started process (PID=568) to work on /home/airflow/.local/lib/python3.12/site-packages/airflow/example_dags/example_latest_only.py
[2025-04-13T20:55:54.438+0000] {processor.py:914} INFO - Processing file /home/airflow/.local/lib/python3.12/site-packages/airflow/example_dags/example_latest_only.py for tasks to queue
[2025-04-13T20:55:54.450+0000] {logging_mixin.py:190} INFO - [2025-04-13T20:55:54.449+0000] {dagbag.py:588} INFO - Filling up the DagBag from /home/airflow/.local/lib/python3.12/site-packages/airflow/example_dags/example_latest_only.py
[2025-04-13T20:55:54.470+0000] {processor.py:925} INFO - DAG(s) 'latest_only' retrieved from /home/airflow/.local/lib/python3.12/site-packages/airflow/example_dags/example_latest_only.py
[2025-04-13T20:55:54.588+0000] {logging_mixin.py:190} INFO - [2025-04-13T20:55:54.588+0000] {dag.py:3239} INFO - Sync 1 DAGs
[2025-04-13T20:55:54.645+0000] {logging_mixin.py:190} INFO - [2025-04-13T20:55:54.645+0000] {dag.py:4180} INFO - Setting next_dagrun for latest_only to 2025-04-13 16:00:00+00:00, run_after=2025-04-13 20:00:00+00:00
[2025-04-13T20:55:54.705+0000] {processor.py:208} INFO - Processing /home/airflow/.local/lib/python3.12/site-packages/airflow/example_dags/example_latest_only.py took 0.297 seconds
[2025-04-13T20:56:25.286+0000] {processor.py:186} INFO - Started process (PID=632) to work on /home/airflow/.local/lib/python3.12/site-packages/airflow/example_dags/example_latest_only.py
[2025-04-13T20:56:25.310+0000] {processor.py:914} INFO - Processing file /home/airflow/.local/lib/python3.12/site-packages/airflow/example_dags/example_latest_only.py for tasks to queue
[2025-04-13T20:56:25.323+0000] {logging_mixin.py:190} INFO - [2025-04-13T20:56:25.322+0000] {dagbag.py:588} INFO - Filling up the DagBag from /home/airflow/.local/lib/python3.12/site-packages/airflow/example_dags/example_latest_only.py
[2025-04-13T20:56:25.339+0000] {processor.py:925} INFO - DAG(s) 'latest_only' retrieved from /home/airflow/.local/lib/python3.12/site-packages/airflow/example_dags/example_latest_only.py
[2025-04-13T20:56:25.390+0000] {logging_mixin.py:190} INFO - [2025-04-13T20:56:25.390+0000] {dag.py:3239} INFO - Sync 1 DAGs
[2025-04-13T20:56:25.450+0000] {logging_mixin.py:190} INFO - [2025-04-13T20:56:25.449+0000] {dag.py:4180} INFO - Setting next_dagrun for latest_only to 2025-04-13 16:00:00+00:00, run_after=2025-04-13 20:00:00+00:00
[2025-04-13T20:56:25.496+0000] {processor.py:208} INFO - Processing /home/airflow/.local/lib/python3.12/site-packages/airflow/example_dags/example_latest_only.py took 0.224 seconds
[2025-04-13T20:56:56.453+0000] {processor.py:186} INFO - Started process (PID=695) to work on /home/airflow/.local/lib/python3.12/site-packages/airflow/example_dags/example_latest_only.py
[2025-04-13T20:56:56.456+0000] {processor.py:914} INFO - Processing file /home/airflow/.local/lib/python3.12/site-packages/airflow/example_dags/example_latest_only.py for tasks to queue
[2025-04-13T20:56:56.461+0000] {logging_mixin.py:190} INFO - [2025-04-13T20:56:56.460+0000] {dagbag.py:588} INFO - Filling up the DagBag from /home/airflow/.local/lib/python3.12/site-packages/airflow/example_dags/example_latest_only.py
[2025-04-13T20:56:56.497+0000] {processor.py:925} INFO - DAG(s) 'latest_only' retrieved from /home/airflow/.local/lib/python3.12/site-packages/airflow/example_dags/example_latest_only.py
[2025-04-13T20:56:56.675+0000] {logging_mixin.py:190} INFO - [2025-04-13T20:56:56.674+0000] {dag.py:3239} INFO - Sync 1 DAGs
[2025-04-13T20:56:56.786+0000] {logging_mixin.py:190} INFO - [2025-04-13T20:56:56.785+0000] {dag.py:4180} INFO - Setting next_dagrun for latest_only to 2025-04-13 16:00:00+00:00, run_after=2025-04-13 20:00:00+00:00
[2025-04-13T20:56:56.941+0000] {processor.py:208} INFO - Processing /home/airflow/.local/lib/python3.12/site-packages/airflow/example_dags/example_latest_only.py took 0.497 seconds
[2025-04-13T20:57:29.151+0000] {processor.py:186} INFO - Started process (PID=759) to work on /home/airflow/.local/lib/python3.12/site-packages/airflow/example_dags/example_latest_only.py
[2025-04-13T20:57:29.167+0000] {processor.py:914} INFO - Processing file /home/airflow/.local/lib/python3.12/site-packages/airflow/example_dags/example_latest_only.py for tasks to queue
[2025-04-13T20:57:29.175+0000] {logging_mixin.py:190} INFO - [2025-04-13T20:57:29.174+0000] {dagbag.py:588} INFO - Filling up the DagBag from /home/airflow/.local/lib/python3.12/site-packages/airflow/example_dags/example_latest_only.py
[2025-04-13T20:57:29.201+0000] {processor.py:925} INFO - DAG(s) 'latest_only' retrieved from /home/airflow/.local/lib/python3.12/site-packages/airflow/example_dags/example_latest_only.py
[2025-04-13T20:57:29.281+0000] {logging_mixin.py:190} INFO - [2025-04-13T20:57:29.280+0000] {dag.py:3239} INFO - Sync 1 DAGs
[2025-04-13T20:57:29.371+0000] {logging_mixin.py:190} INFO - [2025-04-13T20:57:29.370+0000] {dag.py:4180} INFO - Setting next_dagrun for latest_only to 2025-04-13 16:00:00+00:00, run_after=2025-04-13 20:00:00+00:00
[2025-04-13T20:57:29.423+0000] {processor.py:208} INFO - Processing /home/airflow/.local/lib/python3.12/site-packages/airflow/example_dags/example_latest_only.py took 0.300 seconds
[2025-04-13T20:58:03.252+0000] {processor.py:186} INFO - Started process (PID=824) to work on /home/airflow/.local/lib/python3.12/site-packages/airflow/example_dags/example_latest_only.py
[2025-04-13T20:58:03.261+0000] {processor.py:914} INFO - Processing file /home/airflow/.local/lib/python3.12/site-packages/airflow/example_dags/example_latest_only.py for tasks to queue
[2025-04-13T20:58:03.272+0000] {logging_mixin.py:190} INFO - [2025-04-13T20:58:03.272+0000] {dagbag.py:588} INFO - Filling up the DagBag from /home/airflow/.local/lib/python3.12/site-packages/airflow/example_dags/example_latest_only.py
[2025-04-13T20:58:03.289+0000] {processor.py:925} INFO - DAG(s) 'latest_only' retrieved from /home/airflow/.local/lib/python3.12/site-packages/airflow/example_dags/example_latest_only.py
[2025-04-13T20:58:03.439+0000] {logging_mixin.py:190} INFO - [2025-04-13T20:58:03.439+0000] {dag.py:3239} INFO - Sync 1 DAGs
[2025-04-13T20:58:03.537+0000] {logging_mixin.py:190} INFO - [2025-04-13T20:58:03.536+0000] {dag.py:4180} INFO - Setting next_dagrun for latest_only to 2025-04-13 16:00:00+00:00, run_after=2025-04-13 20:00:00+00:00
[2025-04-13T20:58:03.571+0000] {processor.py:208} INFO - Processing /home/airflow/.local/lib/python3.12/site-packages/airflow/example_dags/example_latest_only.py took 0.341 seconds
[2025-04-13T20:58:33.857+0000] {processor.py:186} INFO - Started process (PID=887) to work on /home/airflow/.local/lib/python3.12/site-packages/airflow/example_dags/example_latest_only.py
[2025-04-13T20:58:33.859+0000] {processor.py:914} INFO - Processing file /home/airflow/.local/lib/python3.12/site-packages/airflow/example_dags/example_latest_only.py for tasks to queue
[2025-04-13T20:58:33.871+0000] {logging_mixin.py:190} INFO - [2025-04-13T20:58:33.870+0000] {dagbag.py:588} INFO - Filling up the DagBag from /home/airflow/.local/lib/python3.12/site-packages/airflow/example_dags/example_latest_only.py
[2025-04-13T20:58:33.883+0000] {processor.py:925} INFO - DAG(s) 'latest_only' retrieved from /home/airflow/.local/lib/python3.12/site-packages/airflow/example_dags/example_latest_only.py
[2025-04-13T20:58:33.925+0000] {logging_mixin.py:190} INFO - [2025-04-13T20:58:33.925+0000] {dag.py:3239} INFO - Sync 1 DAGs
[2025-04-13T20:58:33.978+0000] {logging_mixin.py:190} INFO - [2025-04-13T20:58:33.978+0000] {dag.py:4180} INFO - Setting next_dagrun for latest_only to 2025-04-13 16:00:00+00:00, run_after=2025-04-13 20:00:00+00:00
[2025-04-13T20:58:34.062+0000] {processor.py:208} INFO - Processing /home/airflow/.local/lib/python3.12/site-packages/airflow/example_dags/example_latest_only.py took 0.217 seconds
[2025-04-13T20:59:04.539+0000] {processor.py:186} INFO - Started process (PID=950) to work on /home/airflow/.local/lib/python3.12/site-packages/airflow/example_dags/example_latest_only.py
[2025-04-13T20:59:04.541+0000] {processor.py:914} INFO - Processing file /home/airflow/.local/lib/python3.12/site-packages/airflow/example_dags/example_latest_only.py for tasks to queue
[2025-04-13T20:59:04.547+0000] {logging_mixin.py:190} INFO - [2025-04-13T20:59:04.547+0000] {dagbag.py:588} INFO - Filling up the DagBag from /home/airflow/.local/lib/python3.12/site-packages/airflow/example_dags/example_latest_only.py
[2025-04-13T20:59:04.558+0000] {processor.py:925} INFO - DAG(s) 'latest_only' retrieved from /home/airflow/.local/lib/python3.12/site-packages/airflow/example_dags/example_latest_only.py
[2025-04-13T20:59:04.618+0000] {logging_mixin.py:190} INFO - [2025-04-13T20:59:04.618+0000] {dag.py:3239} INFO - Sync 1 DAGs
[2025-04-13T20:59:04.721+0000] {logging_mixin.py:190} INFO - [2025-04-13T20:59:04.721+0000] {dag.py:4180} INFO - Setting next_dagrun for latest_only to 2025-04-13 16:00:00+00:00, run_after=2025-04-13 20:00:00+00:00
[2025-04-13T20:59:04.777+0000] {processor.py:208} INFO - Processing /home/airflow/.local/lib/python3.12/site-packages/airflow/example_dags/example_latest_only.py took 0.248 seconds
[2025-04-13T20:59:34.980+0000] {processor.py:186} INFO - Started process (PID=1013) to work on /home/airflow/.local/lib/python3.12/site-packages/airflow/example_dags/example_latest_only.py
[2025-04-13T20:59:34.983+0000] {processor.py:914} INFO - Processing file /home/airflow/.local/lib/python3.12/site-packages/airflow/example_dags/example_latest_only.py for tasks to queue
[2025-04-13T20:59:34.992+0000] {logging_mixin.py:190} INFO - [2025-04-13T20:59:34.991+0000] {dagbag.py:588} INFO - Filling up the DagBag from /home/airflow/.local/lib/python3.12/site-packages/airflow/example_dags/example_latest_only.py
[2025-04-13T20:59:35.019+0000] {processor.py:925} INFO - DAG(s) 'latest_only' retrieved from /home/airflow/.local/lib/python3.12/site-packages/airflow/example_dags/example_latest_only.py
[2025-04-13T20:59:35.230+0000] {logging_mixin.py:190} INFO - [2025-04-13T20:59:35.229+0000] {dag.py:3239} INFO - Sync 1 DAGs
[2025-04-13T20:59:35.403+0000] {logging_mixin.py:190} INFO - [2025-04-13T20:59:35.403+0000] {dag.py:4180} INFO - Setting next_dagrun for latest_only to 2025-04-13 16:00:00+00:00, run_after=2025-04-13 20:00:00+00:00
[2025-04-13T20:59:35.593+0000] {processor.py:208} INFO - Processing /home/airflow/.local/lib/python3.12/site-packages/airflow/example_dags/example_latest_only.py took 0.650 seconds
[2025-04-13T21:00:07.853+0000] {processor.py:186} INFO - Started process (PID=1077) to work on /home/airflow/.local/lib/python3.12/site-packages/airflow/example_dags/example_latest_only.py
[2025-04-13T21:00:07.860+0000] {processor.py:914} INFO - Processing file /home/airflow/.local/lib/python3.12/site-packages/airflow/example_dags/example_latest_only.py for tasks to queue
[2025-04-13T21:00:07.890+0000] {logging_mixin.py:190} INFO - [2025-04-13T21:00:07.886+0000] {dagbag.py:588} INFO - Filling up the DagBag from /home/airflow/.local/lib/python3.12/site-packages/airflow/example_dags/example_latest_only.py
[2025-04-13T21:00:07.922+0000] {processor.py:925} INFO - DAG(s) 'latest_only' retrieved from /home/airflow/.local/lib/python3.12/site-packages/airflow/example_dags/example_latest_only.py
[2025-04-13T21:00:07.987+0000] {logging_mixin.py:190} INFO - [2025-04-13T21:00:07.987+0000] {dag.py:3239} INFO - Sync 1 DAGs
[2025-04-13T21:00:08.091+0000] {logging_mixin.py:190} INFO - [2025-04-13T21:00:08.091+0000] {dag.py:4180} INFO - Setting next_dagrun for latest_only to 2025-04-13 16:00:00+00:00, run_after=2025-04-13 20:00:00+00:00
[2025-04-13T21:00:08.171+0000] {processor.py:208} INFO - Processing /home/airflow/.local/lib/python3.12/site-packages/airflow/example_dags/example_latest_only.py took 0.352 seconds
[2025-04-13T21:00:39.347+0000] {processor.py:186} INFO - Started process (PID=1141) to work on /home/airflow/.local/lib/python3.12/site-packages/airflow/example_dags/example_latest_only.py
[2025-04-13T21:00:39.351+0000] {processor.py:914} INFO - Processing file /home/airflow/.local/lib/python3.12/site-packages/airflow/example_dags/example_latest_only.py for tasks to queue
[2025-04-13T21:00:39.380+0000] {logging_mixin.py:190} INFO - [2025-04-13T21:00:39.379+0000] {dagbag.py:588} INFO - Filling up the DagBag from /home/airflow/.local/lib/python3.12/site-packages/airflow/example_dags/example_latest_only.py
[2025-04-13T21:00:39.404+0000] {processor.py:925} INFO - DAG(s) 'latest_only' retrieved from /home/airflow/.local/lib/python3.12/site-packages/airflow/example_dags/example_latest_only.py
[2025-04-13T21:00:39.624+0000] {logging_mixin.py:190} INFO - [2025-04-13T21:00:39.615+0000] {dag.py:3239} INFO - Sync 1 DAGs
[2025-04-13T21:00:39.756+0000] {logging_mixin.py:190} INFO - [2025-04-13T21:00:39.756+0000] {dag.py:4180} INFO - Setting next_dagrun for latest_only to 2025-04-13 16:00:00+00:00, run_after=2025-04-13 20:00:00+00:00
[2025-04-13T21:00:39.840+0000] {processor.py:208} INFO - Processing /home/airflow/.local/lib/python3.12/site-packages/airflow/example_dags/example_latest_only.py took 0.540 seconds
[2025-04-13T21:01:10.348+0000] {processor.py:186} INFO - Started process (PID=1204) to work on /home/airflow/.local/lib/python3.12/site-packages/airflow/example_dags/example_latest_only.py
[2025-04-13T21:01:10.349+0000] {processor.py:914} INFO - Processing file /home/airflow/.local/lib/python3.12/site-packages/airflow/example_dags/example_latest_only.py for tasks to queue
[2025-04-13T21:01:10.370+0000] {logging_mixin.py:190} INFO - [2025-04-13T21:01:10.369+0000] {dagbag.py:588} INFO - Filling up the DagBag from /home/airflow/.local/lib/python3.12/site-packages/airflow/example_dags/example_latest_only.py
[2025-04-13T21:01:10.386+0000] {processor.py:925} INFO - DAG(s) 'latest_only' retrieved from /home/airflow/.local/lib/python3.12/site-packages/airflow/example_dags/example_latest_only.py
[2025-04-13T21:01:10.450+0000] {logging_mixin.py:190} INFO - [2025-04-13T21:01:10.450+0000] {dag.py:3239} INFO - Sync 1 DAGs
[2025-04-13T21:01:10.552+0000] {logging_mixin.py:190} INFO - [2025-04-13T21:01:10.552+0000] {dag.py:4180} INFO - Setting next_dagrun for latest_only to 2025-04-13 16:00:00+00:00, run_after=2025-04-13 20:00:00+00:00
[2025-04-13T21:01:10.604+0000] {processor.py:208} INFO - Processing /home/airflow/.local/lib/python3.12/site-packages/airflow/example_dags/example_latest_only.py took 0.269 seconds
[2025-04-13T21:28:42.912+0000] {processor.py:186} INFO - Started process (PID=211) to work on /home/airflow/.local/lib/python3.12/site-packages/airflow/example_dags/example_latest_only.py
[2025-04-13T21:28:43.132+0000] {processor.py:914} INFO - Processing file /home/airflow/.local/lib/python3.12/site-packages/airflow/example_dags/example_latest_only.py for tasks to queue
[2025-04-13T21:28:43.265+0000] {logging_mixin.py:190} INFO - [2025-04-13T21:28:43.264+0000] {dagbag.py:588} INFO - Filling up the DagBag from /home/airflow/.local/lib/python3.12/site-packages/airflow/example_dags/example_latest_only.py
[2025-04-13T21:28:44.000+0000] {processor.py:925} INFO - DAG(s) 'latest_only' retrieved from /home/airflow/.local/lib/python3.12/site-packages/airflow/example_dags/example_latest_only.py
[2025-04-13T21:28:45.000+0000] {logging_mixin.py:190} INFO - [2025-04-13T21:28:44.999+0000] {dag.py:3239} INFO - Sync 1 DAGs
[2025-04-13T21:28:46.208+0000] {logging_mixin.py:190} INFO - [2025-04-13T21:28:46.208+0000] {dag.py:4180} INFO - Setting next_dagrun for latest_only to 2025-04-13 16:00:00+00:00, run_after=2025-04-13 20:00:00+00:00
[2025-04-13T21:28:46.833+0000] {processor.py:208} INFO - Processing /home/airflow/.local/lib/python3.12/site-packages/airflow/example_dags/example_latest_only.py took 4.259 seconds
[2025-04-13T21:33:13.218+0000] {processor.py:186} INFO - Started process (PID=315) to work on /home/airflow/.local/lib/python3.12/site-packages/airflow/example_dags/example_latest_only.py
[2025-04-13T21:33:13.225+0000] {processor.py:914} INFO - Processing file /home/airflow/.local/lib/python3.12/site-packages/airflow/example_dags/example_latest_only.py for tasks to queue
[2025-04-13T21:33:13.258+0000] {logging_mixin.py:190} INFO - [2025-04-13T21:33:13.258+0000] {dagbag.py:588} INFO - Filling up the DagBag from /home/airflow/.local/lib/python3.12/site-packages/airflow/example_dags/example_latest_only.py
[2025-04-13T21:33:13.829+0000] {processor.py:925} INFO - DAG(s) 'latest_only' retrieved from /home/airflow/.local/lib/python3.12/site-packages/airflow/example_dags/example_latest_only.py
[2025-04-13T21:33:14.303+0000] {logging_mixin.py:190} INFO - [2025-04-13T21:33:14.302+0000] {dag.py:3239} INFO - Sync 1 DAGs
[2025-04-13T21:33:14.579+0000] {logging_mixin.py:190} INFO - [2025-04-13T21:33:14.579+0000] {dag.py:4180} INFO - Setting next_dagrun for latest_only to 2025-04-13 16:00:00+00:00, run_after=2025-04-13 20:00:00+00:00
[2025-04-13T21:33:15.710+0000] {processor.py:208} INFO - Processing /home/airflow/.local/lib/python3.12/site-packages/airflow/example_dags/example_latest_only.py took 2.531 seconds
[2025-04-13T21:36:39.977+0000] {processor.py:186} INFO - Started process (PID=398) to work on /home/airflow/.local/lib/python3.12/site-packages/airflow/example_dags/example_latest_only.py
[2025-04-13T21:36:40.075+0000] {processor.py:914} INFO - Processing file /home/airflow/.local/lib/python3.12/site-packages/airflow/example_dags/example_latest_only.py for tasks to queue
[2025-04-13T21:36:40.241+0000] {logging_mixin.py:190} INFO - [2025-04-13T21:36:40.241+0000] {dagbag.py:588} INFO - Filling up the DagBag from /home/airflow/.local/lib/python3.12/site-packages/airflow/example_dags/example_latest_only.py
[2025-04-13T21:36:40.574+0000] {processor.py:925} INFO - DAG(s) 'latest_only' retrieved from /home/airflow/.local/lib/python3.12/site-packages/airflow/example_dags/example_latest_only.py
[2025-04-13T21:36:41.672+0000] {logging_mixin.py:190} INFO - [2025-04-13T21:36:41.609+0000] {dag.py:3239} INFO - Sync 1 DAGs
[2025-04-13T21:36:42.715+0000] {logging_mixin.py:190} INFO - [2025-04-13T21:36:42.712+0000] {dag.py:4180} INFO - Setting next_dagrun for latest_only to 2025-04-13 16:00:00+00:00, run_after=2025-04-13 20:00:00+00:00
[2025-04-13T21:36:43.717+0000] {processor.py:208} INFO - Processing /home/airflow/.local/lib/python3.12/site-packages/airflow/example_dags/example_latest_only.py took 3.912 seconds
[2025-04-13T21:53:10.015+0000] {processor.py:186} INFO - Started process (PID=184) to work on /home/airflow/.local/lib/python3.12/site-packages/airflow/example_dags/example_latest_only.py
[2025-04-13T21:53:10.131+0000] {processor.py:914} INFO - Processing file /home/airflow/.local/lib/python3.12/site-packages/airflow/example_dags/example_latest_only.py for tasks to queue
[2025-04-13T21:53:10.155+0000] {logging_mixin.py:190} INFO - [2025-04-13T21:53:10.154+0000] {dagbag.py:588} INFO - Filling up the DagBag from /home/airflow/.local/lib/python3.12/site-packages/airflow/example_dags/example_latest_only.py
[2025-04-13T21:53:10.337+0000] {processor.py:925} INFO - DAG(s) 'latest_only' retrieved from /home/airflow/.local/lib/python3.12/site-packages/airflow/example_dags/example_latest_only.py
[2025-04-13T21:53:11.130+0000] {logging_mixin.py:190} INFO - [2025-04-13T21:53:11.129+0000] {dag.py:3239} INFO - Sync 1 DAGs
[2025-04-13T21:53:12.512+0000] {logging_mixin.py:190} INFO - [2025-04-13T21:53:12.512+0000] {dag.py:4180} INFO - Setting next_dagrun for latest_only to 2025-04-13 16:00:00+00:00, run_after=2025-04-13 20:00:00+00:00
[2025-04-13T21:53:14.203+0000] {processor.py:208} INFO - Processing /home/airflow/.local/lib/python3.12/site-packages/airflow/example_dags/example_latest_only.py took 4.638 seconds
[2025-04-13T22:31:57.806+0000] {processor.py:186} INFO - Started process (PID=131) to work on /home/airflow/.local/lib/python3.12/site-packages/airflow/example_dags/example_latest_only.py
[2025-04-13T22:31:57.817+0000] {processor.py:914} INFO - Processing file /home/airflow/.local/lib/python3.12/site-packages/airflow/example_dags/example_latest_only.py for tasks to queue
[2025-04-13T22:31:57.852+0000] {logging_mixin.py:190} INFO - [2025-04-13T22:31:57.851+0000] {dagbag.py:588} INFO - Filling up the DagBag from /home/airflow/.local/lib/python3.12/site-packages/airflow/example_dags/example_latest_only.py
[2025-04-13T22:31:57.878+0000] {processor.py:925} INFO - DAG(s) 'latest_only' retrieved from /home/airflow/.local/lib/python3.12/site-packages/airflow/example_dags/example_latest_only.py
[2025-04-13T22:31:57.963+0000] {logging_mixin.py:190} INFO - [2025-04-13T22:31:57.963+0000] {dag.py:3239} INFO - Sync 1 DAGs
[2025-04-13T22:31:58.070+0000] {logging_mixin.py:190} INFO - [2025-04-13T22:31:58.069+0000] {dag.py:4180} INFO - Setting next_dagrun for latest_only to 2025-04-13 16:00:00+00:00, run_after=2025-04-13 20:00:00+00:00
[2025-04-13T22:31:58.142+0000] {processor.py:208} INFO - Processing /home/airflow/.local/lib/python3.12/site-packages/airflow/example_dags/example_latest_only.py took 0.358 seconds
[2025-04-13T22:32:38.286+0000] {processor.py:186} INFO - Started process (PID=195) to work on /home/airflow/.local/lib/python3.12/site-packages/airflow/example_dags/example_latest_only.py
[2025-04-13T22:32:38.292+0000] {processor.py:914} INFO - Processing file /home/airflow/.local/lib/python3.12/site-packages/airflow/example_dags/example_latest_only.py for tasks to queue
[2025-04-13T22:32:38.303+0000] {logging_mixin.py:190} INFO - [2025-04-13T22:32:38.302+0000] {dagbag.py:588} INFO - Filling up the DagBag from /home/airflow/.local/lib/python3.12/site-packages/airflow/example_dags/example_latest_only.py
[2025-04-13T22:32:38.338+0000] {processor.py:925} INFO - DAG(s) 'latest_only' retrieved from /home/airflow/.local/lib/python3.12/site-packages/airflow/example_dags/example_latest_only.py
[2025-04-13T22:32:38.449+0000] {logging_mixin.py:190} INFO - [2025-04-13T22:32:38.449+0000] {dag.py:3239} INFO - Sync 1 DAGs
[2025-04-13T22:32:38.588+0000] {logging_mixin.py:190} INFO - [2025-04-13T22:32:38.588+0000] {dag.py:4180} INFO - Setting next_dagrun for latest_only to 2025-04-13 16:00:00+00:00, run_after=2025-04-13 20:00:00+00:00
[2025-04-13T22:32:38.731+0000] {processor.py:208} INFO - Processing /home/airflow/.local/lib/python3.12/site-packages/airflow/example_dags/example_latest_only.py took 0.470 seconds
[2025-04-13T22:33:13.622+0000] {processor.py:186} INFO - Started process (PID=259) to work on /home/airflow/.local/lib/python3.12/site-packages/airflow/example_dags/example_latest_only.py
[2025-04-13T22:33:13.646+0000] {processor.py:914} INFO - Processing file /home/airflow/.local/lib/python3.12/site-packages/airflow/example_dags/example_latest_only.py for tasks to queue
[2025-04-13T22:33:13.689+0000] {logging_mixin.py:190} INFO - [2025-04-13T22:33:13.672+0000] {dagbag.py:588} INFO - Filling up the DagBag from /home/airflow/.local/lib/python3.12/site-packages/airflow/example_dags/example_latest_only.py
[2025-04-13T22:33:13.717+0000] {processor.py:925} INFO - DAG(s) 'latest_only' retrieved from /home/airflow/.local/lib/python3.12/site-packages/airflow/example_dags/example_latest_only.py
[2025-04-13T22:33:13.800+0000] {logging_mixin.py:190} INFO - [2025-04-13T22:33:13.800+0000] {dag.py:3239} INFO - Sync 1 DAGs
[2025-04-13T22:33:13.927+0000] {logging_mixin.py:190} INFO - [2025-04-13T22:33:13.926+0000] {dag.py:4180} INFO - Setting next_dagrun for latest_only to 2025-04-13 16:00:00+00:00, run_after=2025-04-13 20:00:00+00:00
[2025-04-13T22:33:14.045+0000] {processor.py:208} INFO - Processing /home/airflow/.local/lib/python3.12/site-packages/airflow/example_dags/example_latest_only.py took 0.481 seconds
[2025-04-13T22:33:46.635+0000] {processor.py:186} INFO - Started process (PID=323) to work on /home/airflow/.local/lib/python3.12/site-packages/airflow/example_dags/example_latest_only.py
[2025-04-13T22:33:46.661+0000] {processor.py:914} INFO - Processing file /home/airflow/.local/lib/python3.12/site-packages/airflow/example_dags/example_latest_only.py for tasks to queue
[2025-04-13T22:33:46.671+0000] {logging_mixin.py:190} INFO - [2025-04-13T22:33:46.669+0000] {dagbag.py:588} INFO - Filling up the DagBag from /home/airflow/.local/lib/python3.12/site-packages/airflow/example_dags/example_latest_only.py
[2025-04-13T22:33:46.726+0000] {processor.py:925} INFO - DAG(s) 'latest_only' retrieved from /home/airflow/.local/lib/python3.12/site-packages/airflow/example_dags/example_latest_only.py
[2025-04-13T22:33:46.811+0000] {logging_mixin.py:190} INFO - [2025-04-13T22:33:46.811+0000] {dag.py:3239} INFO - Sync 1 DAGs
[2025-04-13T22:33:46.900+0000] {logging_mixin.py:190} INFO - [2025-04-13T22:33:46.899+0000] {dag.py:4180} INFO - Setting next_dagrun for latest_only to 2025-04-13 16:00:00+00:00, run_after=2025-04-13 20:00:00+00:00
[2025-04-13T22:33:46.984+0000] {processor.py:208} INFO - Processing /home/airflow/.local/lib/python3.12/site-packages/airflow/example_dags/example_latest_only.py took 0.366 seconds
[2025-04-13T22:34:25.472+0000] {processor.py:186} INFO - Started process (PID=387) to work on /home/airflow/.local/lib/python3.12/site-packages/airflow/example_dags/example_latest_only.py
[2025-04-13T22:34:25.475+0000] {processor.py:914} INFO - Processing file /home/airflow/.local/lib/python3.12/site-packages/airflow/example_dags/example_latest_only.py for tasks to queue
[2025-04-13T22:34:25.513+0000] {logging_mixin.py:190} INFO - [2025-04-13T22:34:25.511+0000] {dagbag.py:588} INFO - Filling up the DagBag from /home/airflow/.local/lib/python3.12/site-packages/airflow/example_dags/example_latest_only.py
[2025-04-13T22:34:25.574+0000] {processor.py:925} INFO - DAG(s) 'latest_only' retrieved from /home/airflow/.local/lib/python3.12/site-packages/airflow/example_dags/example_latest_only.py
[2025-04-13T22:34:25.723+0000] {logging_mixin.py:190} INFO - [2025-04-13T22:34:25.722+0000] {dag.py:3239} INFO - Sync 1 DAGs
[2025-04-13T22:34:25.925+0000] {logging_mixin.py:190} INFO - [2025-04-13T22:34:25.924+0000] {dag.py:4180} INFO - Setting next_dagrun for latest_only to 2025-04-13 16:00:00+00:00, run_after=2025-04-13 20:00:00+00:00
[2025-04-13T22:34:26.132+0000] {processor.py:208} INFO - Processing /home/airflow/.local/lib/python3.12/site-packages/airflow/example_dags/example_latest_only.py took 0.686 seconds
[2025-04-13T22:35:06.718+0000] {processor.py:186} INFO - Started process (PID=457) to work on /home/airflow/.local/lib/python3.12/site-packages/airflow/example_dags/example_latest_only.py
[2025-04-13T22:35:06.743+0000] {processor.py:914} INFO - Processing file /home/airflow/.local/lib/python3.12/site-packages/airflow/example_dags/example_latest_only.py for tasks to queue
[2025-04-13T22:35:06.782+0000] {logging_mixin.py:190} INFO - [2025-04-13T22:35:06.781+0000] {dagbag.py:588} INFO - Filling up the DagBag from /home/airflow/.local/lib/python3.12/site-packages/airflow/example_dags/example_latest_only.py
[2025-04-13T22:35:06.970+0000] {processor.py:925} INFO - DAG(s) 'latest_only' retrieved from /home/airflow/.local/lib/python3.12/site-packages/airflow/example_dags/example_latest_only.py
[2025-04-13T22:35:07.569+0000] {logging_mixin.py:190} INFO - [2025-04-13T22:35:07.568+0000] {dag.py:3239} INFO - Sync 1 DAGs
[2025-04-13T22:35:07.758+0000] {logging_mixin.py:190} INFO - [2025-04-13T22:35:07.756+0000] {dag.py:4180} INFO - Setting next_dagrun for latest_only to 2025-04-13 16:00:00+00:00, run_after=2025-04-13 20:00:00+00:00
[2025-04-13T22:35:07.978+0000] {processor.py:208} INFO - Processing /home/airflow/.local/lib/python3.12/site-packages/airflow/example_dags/example_latest_only.py took 1.371 seconds
[2025-04-13T22:35:49.637+0000] {processor.py:186} INFO - Started process (PID=527) to work on /home/airflow/.local/lib/python3.12/site-packages/airflow/example_dags/example_latest_only.py
[2025-04-13T22:35:49.639+0000] {processor.py:914} INFO - Processing file /home/airflow/.local/lib/python3.12/site-packages/airflow/example_dags/example_latest_only.py for tasks to queue
[2025-04-13T22:35:49.660+0000] {logging_mixin.py:190} INFO - [2025-04-13T22:35:49.659+0000] {dagbag.py:588} INFO - Filling up the DagBag from /home/airflow/.local/lib/python3.12/site-packages/airflow/example_dags/example_latest_only.py
[2025-04-13T22:35:49.740+0000] {processor.py:925} INFO - DAG(s) 'latest_only' retrieved from /home/airflow/.local/lib/python3.12/site-packages/airflow/example_dags/example_latest_only.py
[2025-04-13T22:35:49.868+0000] {logging_mixin.py:190} INFO - [2025-04-13T22:35:49.867+0000] {dag.py:3239} INFO - Sync 1 DAGs
[2025-04-13T22:35:49.965+0000] {logging_mixin.py:190} INFO - [2025-04-13T22:35:49.965+0000] {dag.py:4180} INFO - Setting next_dagrun for latest_only to 2025-04-13 16:00:00+00:00, run_after=2025-04-13 20:00:00+00:00
[2025-04-13T22:35:50.062+0000] {processor.py:208} INFO - Processing /home/airflow/.local/lib/python3.12/site-packages/airflow/example_dags/example_latest_only.py took 0.553 seconds
[2025-04-13T22:36:30.018+0000] {processor.py:186} INFO - Started process (PID=597) to work on /home/airflow/.local/lib/python3.12/site-packages/airflow/example_dags/example_latest_only.py
[2025-04-13T22:36:30.037+0000] {processor.py:914} INFO - Processing file /home/airflow/.local/lib/python3.12/site-packages/airflow/example_dags/example_latest_only.py for tasks to queue
[2025-04-13T22:36:30.051+0000] {logging_mixin.py:190} INFO - [2025-04-13T22:36:30.048+0000] {dagbag.py:588} INFO - Filling up the DagBag from /home/airflow/.local/lib/python3.12/site-packages/airflow/example_dags/example_latest_only.py
[2025-04-13T22:36:30.071+0000] {processor.py:925} INFO - DAG(s) 'latest_only' retrieved from /home/airflow/.local/lib/python3.12/site-packages/airflow/example_dags/example_latest_only.py
[2025-04-13T22:36:30.357+0000] {logging_mixin.py:190} INFO - [2025-04-13T22:36:30.356+0000] {dag.py:3239} INFO - Sync 1 DAGs
[2025-04-13T22:36:30.510+0000] {logging_mixin.py:190} INFO - [2025-04-13T22:36:30.509+0000] {dag.py:4180} INFO - Setting next_dagrun for latest_only to 2025-04-13 16:00:00+00:00, run_after=2025-04-13 20:00:00+00:00
[2025-04-13T22:36:30.761+0000] {processor.py:208} INFO - Processing /home/airflow/.local/lib/python3.12/site-packages/airflow/example_dags/example_latest_only.py took 0.761 seconds
[2025-04-13T22:37:18.227+0000] {processor.py:186} INFO - Started process (PID=671) to work on /home/airflow/.local/lib/python3.12/site-packages/airflow/example_dags/example_latest_only.py
[2025-04-13T22:37:18.256+0000] {processor.py:914} INFO - Processing file /home/airflow/.local/lib/python3.12/site-packages/airflow/example_dags/example_latest_only.py for tasks to queue
[2025-04-13T22:37:18.271+0000] {logging_mixin.py:190} INFO - [2025-04-13T22:37:18.267+0000] {dagbag.py:588} INFO - Filling up the DagBag from /home/airflow/.local/lib/python3.12/site-packages/airflow/example_dags/example_latest_only.py
[2025-04-13T22:37:18.342+0000] {processor.py:925} INFO - DAG(s) 'latest_only' retrieved from /home/airflow/.local/lib/python3.12/site-packages/airflow/example_dags/example_latest_only.py
[2025-04-13T22:37:18.748+0000] {logging_mixin.py:190} INFO - [2025-04-13T22:37:18.747+0000] {dag.py:3239} INFO - Sync 1 DAGs
[2025-04-13T22:37:18.951+0000] {logging_mixin.py:190} INFO - [2025-04-13T22:37:18.950+0000] {dag.py:4180} INFO - Setting next_dagrun for latest_only to 2025-04-13 16:00:00+00:00, run_after=2025-04-13 20:00:00+00:00
[2025-04-13T22:37:19.113+0000] {processor.py:208} INFO - Processing /home/airflow/.local/lib/python3.12/site-packages/airflow/example_dags/example_latest_only.py took 0.983 seconds
[2025-04-13T22:38:00.883+0000] {processor.py:186} INFO - Started process (PID=735) to work on /home/airflow/.local/lib/python3.12/site-packages/airflow/example_dags/example_latest_only.py
[2025-04-13T22:38:00.885+0000] {processor.py:914} INFO - Processing file /home/airflow/.local/lib/python3.12/site-packages/airflow/example_dags/example_latest_only.py for tasks to queue
[2025-04-13T22:38:00.891+0000] {logging_mixin.py:190} INFO - [2025-04-13T22:38:00.890+0000] {dagbag.py:588} INFO - Filling up the DagBag from /home/airflow/.local/lib/python3.12/site-packages/airflow/example_dags/example_latest_only.py
[2025-04-13T22:38:00.910+0000] {processor.py:925} INFO - DAG(s) 'latest_only' retrieved from /home/airflow/.local/lib/python3.12/site-packages/airflow/example_dags/example_latest_only.py
[2025-04-13T22:38:01.024+0000] {logging_mixin.py:190} INFO - [2025-04-13T22:38:01.023+0000] {dag.py:3239} INFO - Sync 1 DAGs
[2025-04-13T22:38:01.151+0000] {logging_mixin.py:190} INFO - [2025-04-13T22:38:01.151+0000] {dag.py:4180} INFO - Setting next_dagrun for latest_only to 2025-04-13 16:00:00+00:00, run_after=2025-04-13 20:00:00+00:00
[2025-04-13T22:38:01.288+0000] {processor.py:208} INFO - Processing /home/airflow/.local/lib/python3.12/site-packages/airflow/example_dags/example_latest_only.py took 0.436 seconds
[2025-04-13T22:38:41.122+0000] {processor.py:186} INFO - Started process (PID=805) to work on /home/airflow/.local/lib/python3.12/site-packages/airflow/example_dags/example_latest_only.py
[2025-04-13T22:38:41.129+0000] {processor.py:914} INFO - Processing file /home/airflow/.local/lib/python3.12/site-packages/airflow/example_dags/example_latest_only.py for tasks to queue
[2025-04-13T22:38:41.143+0000] {logging_mixin.py:190} INFO - [2025-04-13T22:38:41.142+0000] {dagbag.py:588} INFO - Filling up the DagBag from /home/airflow/.local/lib/python3.12/site-packages/airflow/example_dags/example_latest_only.py
[2025-04-13T22:38:41.191+0000] {processor.py:925} INFO - DAG(s) 'latest_only' retrieved from /home/airflow/.local/lib/python3.12/site-packages/airflow/example_dags/example_latest_only.py
[2025-04-13T22:38:41.291+0000] {logging_mixin.py:190} INFO - [2025-04-13T22:38:41.280+0000] {dag.py:3239} INFO - Sync 1 DAGs
[2025-04-13T22:38:41.406+0000] {logging_mixin.py:190} INFO - [2025-04-13T22:38:41.405+0000] {dag.py:4180} INFO - Setting next_dagrun for latest_only to 2025-04-13 16:00:00+00:00, run_after=2025-04-13 20:00:00+00:00
[2025-04-13T22:38:41.478+0000] {processor.py:208} INFO - Processing /home/airflow/.local/lib/python3.12/site-packages/airflow/example_dags/example_latest_only.py took 0.403 seconds
[2025-04-13T22:39:20.860+0000] {processor.py:186} INFO - Started process (PID=870) to work on /home/airflow/.local/lib/python3.12/site-packages/airflow/example_dags/example_latest_only.py
[2025-04-13T22:39:20.862+0000] {processor.py:914} INFO - Processing file /home/airflow/.local/lib/python3.12/site-packages/airflow/example_dags/example_latest_only.py for tasks to queue
[2025-04-13T22:39:20.870+0000] {logging_mixin.py:190} INFO - [2025-04-13T22:39:20.869+0000] {dagbag.py:588} INFO - Filling up the DagBag from /home/airflow/.local/lib/python3.12/site-packages/airflow/example_dags/example_latest_only.py
[2025-04-13T22:39:20.912+0000] {processor.py:925} INFO - DAG(s) 'latest_only' retrieved from /home/airflow/.local/lib/python3.12/site-packages/airflow/example_dags/example_latest_only.py
[2025-04-13T22:39:20.974+0000] {logging_mixin.py:190} INFO - [2025-04-13T22:39:20.974+0000] {dag.py:3239} INFO - Sync 1 DAGs
[2025-04-13T22:39:21.138+0000] {logging_mixin.py:190} INFO - [2025-04-13T22:39:21.127+0000] {dag.py:4180} INFO - Setting next_dagrun for latest_only to 2025-04-13 16:00:00+00:00, run_after=2025-04-13 20:00:00+00:00
[2025-04-13T22:39:21.239+0000] {processor.py:208} INFO - Processing /home/airflow/.local/lib/python3.12/site-packages/airflow/example_dags/example_latest_only.py took 0.394 seconds
[2025-04-13T22:40:50.425+0000] {processor.py:186} INFO - Started process (PID=949) to work on /home/airflow/.local/lib/python3.12/site-packages/airflow/example_dags/example_latest_only.py
[2025-04-13T22:40:50.451+0000] {processor.py:914} INFO - Processing file /home/airflow/.local/lib/python3.12/site-packages/airflow/example_dags/example_latest_only.py for tasks to queue
[2025-04-13T22:40:50.514+0000] {logging_mixin.py:190} INFO - [2025-04-13T22:40:50.513+0000] {dagbag.py:588} INFO - Filling up the DagBag from /home/airflow/.local/lib/python3.12/site-packages/airflow/example_dags/example_latest_only.py
[2025-04-13T22:40:50.751+0000] {processor.py:925} INFO - DAG(s) 'latest_only' retrieved from /home/airflow/.local/lib/python3.12/site-packages/airflow/example_dags/example_latest_only.py
[2025-04-13T22:40:51.248+0000] {logging_mixin.py:190} INFO - [2025-04-13T22:40:51.247+0000] {dag.py:3239} INFO - Sync 1 DAGs
[2025-04-13T22:40:52.197+0000] {logging_mixin.py:190} INFO - [2025-04-13T22:40:52.196+0000] {dag.py:4180} INFO - Setting next_dagrun for latest_only to 2025-04-13 16:00:00+00:00, run_after=2025-04-13 20:00:00+00:00
[2025-04-13T22:40:53.247+0000] {processor.py:208} INFO - Processing /home/airflow/.local/lib/python3.12/site-packages/airflow/example_dags/example_latest_only.py took 2.872 seconds
[2025-04-13T22:42:06.817+0000] {processor.py:186} INFO - Started process (PID=1013) to work on /home/airflow/.local/lib/python3.12/site-packages/airflow/example_dags/example_latest_only.py
[2025-04-13T22:42:06.823+0000] {processor.py:914} INFO - Processing file /home/airflow/.local/lib/python3.12/site-packages/airflow/example_dags/example_latest_only.py for tasks to queue
[2025-04-13T22:42:06.924+0000] {logging_mixin.py:190} INFO - [2025-04-13T22:42:06.877+0000] {dagbag.py:588} INFO - Filling up the DagBag from /home/airflow/.local/lib/python3.12/site-packages/airflow/example_dags/example_latest_only.py
[2025-04-13T22:42:07.021+0000] {processor.py:925} INFO - DAG(s) 'latest_only' retrieved from /home/airflow/.local/lib/python3.12/site-packages/airflow/example_dags/example_latest_only.py
[2025-04-13T22:42:07.262+0000] {logging_mixin.py:190} INFO - [2025-04-13T22:42:07.261+0000] {dag.py:3239} INFO - Sync 1 DAGs
[2025-04-13T22:42:07.367+0000] {logging_mixin.py:190} INFO - [2025-04-13T22:42:07.362+0000] {dag.py:4180} INFO - Setting next_dagrun for latest_only to 2025-04-13 16:00:00+00:00, run_after=2025-04-13 20:00:00+00:00
[2025-04-13T22:42:07.461+0000] {processor.py:208} INFO - Processing /home/airflow/.local/lib/python3.12/site-packages/airflow/example_dags/example_latest_only.py took 0.706 seconds
[2025-04-13T22:42:43.175+0000] {processor.py:186} INFO - Started process (PID=1083) to work on /home/airflow/.local/lib/python3.12/site-packages/airflow/example_dags/example_latest_only.py
[2025-04-13T22:42:43.185+0000] {processor.py:914} INFO - Processing file /home/airflow/.local/lib/python3.12/site-packages/airflow/example_dags/example_latest_only.py for tasks to queue
[2025-04-13T22:42:43.207+0000] {logging_mixin.py:190} INFO - [2025-04-13T22:42:43.193+0000] {dagbag.py:588} INFO - Filling up the DagBag from /home/airflow/.local/lib/python3.12/site-packages/airflow/example_dags/example_latest_only.py
[2025-04-13T22:42:43.274+0000] {processor.py:925} INFO - DAG(s) 'latest_only' retrieved from /home/airflow/.local/lib/python3.12/site-packages/airflow/example_dags/example_latest_only.py
[2025-04-13T22:42:43.395+0000] {logging_mixin.py:190} INFO - [2025-04-13T22:42:43.394+0000] {dag.py:3239} INFO - Sync 1 DAGs
[2025-04-13T22:42:43.510+0000] {logging_mixin.py:190} INFO - [2025-04-13T22:42:43.509+0000] {dag.py:4180} INFO - Setting next_dagrun for latest_only to 2025-04-13 16:00:00+00:00, run_after=2025-04-13 20:00:00+00:00
[2025-04-13T22:42:43.615+0000] {processor.py:208} INFO - Processing /home/airflow/.local/lib/python3.12/site-packages/airflow/example_dags/example_latest_only.py took 0.463 seconds
[2025-04-13T22:44:06.174+0000] {processor.py:186} INFO - Started process (PID=1157) to work on /home/airflow/.local/lib/python3.12/site-packages/airflow/example_dags/example_latest_only.py
[2025-04-13T22:44:06.196+0000] {processor.py:914} INFO - Processing file /home/airflow/.local/lib/python3.12/site-packages/airflow/example_dags/example_latest_only.py for tasks to queue
[2025-04-13T22:44:06.328+0000] {logging_mixin.py:190} INFO - [2025-04-13T22:44:06.326+0000] {dagbag.py:588} INFO - Filling up the DagBag from /home/airflow/.local/lib/python3.12/site-packages/airflow/example_dags/example_latest_only.py
[2025-04-13T22:44:06.455+0000] {processor.py:925} INFO - DAG(s) 'latest_only' retrieved from /home/airflow/.local/lib/python3.12/site-packages/airflow/example_dags/example_latest_only.py
[2025-04-13T22:44:06.734+0000] {logging_mixin.py:190} INFO - [2025-04-13T22:44:06.733+0000] {dag.py:3239} INFO - Sync 1 DAGs
[2025-04-13T22:44:07.432+0000] {logging_mixin.py:190} INFO - [2025-04-13T22:44:07.431+0000] {dag.py:4180} INFO - Setting next_dagrun for latest_only to 2025-04-13 16:00:00+00:00, run_after=2025-04-13 20:00:00+00:00
[2025-04-13T22:44:07.619+0000] {processor.py:208} INFO - Processing /home/airflow/.local/lib/python3.12/site-packages/airflow/example_dags/example_latest_only.py took 1.602 seconds
[2025-04-13T22:45:17.575+0000] {processor.py:186} INFO - Started process (PID=1240) to work on /home/airflow/.local/lib/python3.12/site-packages/airflow/example_dags/example_latest_only.py
[2025-04-13T22:45:17.601+0000] {processor.py:914} INFO - Processing file /home/airflow/.local/lib/python3.12/site-packages/airflow/example_dags/example_latest_only.py for tasks to queue
[2025-04-13T22:45:17.657+0000] {logging_mixin.py:190} INFO - [2025-04-13T22:45:17.656+0000] {dagbag.py:588} INFO - Filling up the DagBag from /home/airflow/.local/lib/python3.12/site-packages/airflow/example_dags/example_latest_only.py
[2025-04-13T22:45:17.795+0000] {processor.py:925} INFO - DAG(s) 'latest_only' retrieved from /home/airflow/.local/lib/python3.12/site-packages/airflow/example_dags/example_latest_only.py
[2025-04-13T22:45:17.873+0000] {logging_mixin.py:190} INFO - [2025-04-13T22:45:17.872+0000] {dag.py:3239} INFO - Sync 1 DAGs
[2025-04-13T22:45:18.289+0000] {logging_mixin.py:190} INFO - [2025-04-13T22:45:18.288+0000] {dag.py:4180} INFO - Setting next_dagrun for latest_only to 2025-04-13 16:00:00+00:00, run_after=2025-04-13 20:00:00+00:00
[2025-04-13T22:45:18.476+0000] {processor.py:208} INFO - Processing /home/airflow/.local/lib/python3.12/site-packages/airflow/example_dags/example_latest_only.py took 1.095 seconds
