[2025-04-13T16:49:07.886+0000] {processor.py:186} INFO - Started process (PID=121) to work on /home/airflow/.local/lib/python3.12/site-packages/airflow/example_dags/example_nested_branch_dag.py
[2025-04-13T16:49:07.888+0000] {processor.py:914} INFO - Processing file /home/airflow/.local/lib/python3.12/site-packages/airflow/example_dags/example_nested_branch_dag.py for tasks to queue
[2025-04-13T16:49:07.908+0000] {logging_mixin.py:190} INFO - [2025-04-13T16:49:07.907+0000] {dagbag.py:588} INFO - Filling up the DagBag from /home/airflow/.local/lib/python3.12/site-packages/airflow/example_dags/example_nested_branch_dag.py
[2025-04-13T16:49:07.943+0000] {processor.py:925} INFO - DAG(s) 'example_nested_branch_dag' retrieved from /home/airflow/.local/lib/python3.12/site-packages/airflow/example_dags/example_nested_branch_dag.py
[2025-04-13T16:49:08.470+0000] {logging_mixin.py:190} INFO - [2025-04-13T16:49:08.414+0000] {override.py:1912} INFO - Created Permission View: can read on DAG:example_nested_branch_dag
[2025-04-13T16:49:08.559+0000] {logging_mixin.py:190} INFO - [2025-04-13T16:49:08.558+0000] {override.py:1912} INFO - Created Permission View: can edit on DAG:example_nested_branch_dag
[2025-04-13T16:49:08.616+0000] {logging_mixin.py:190} INFO - [2025-04-13T16:49:08.591+0000] {override.py:1912} INFO - Created Permission View: can delete on DAG:example_nested_branch_dag
[2025-04-13T16:49:08.741+0000] {logging_mixin.py:190} INFO - [2025-04-13T16:49:08.740+0000] {override.py:1912} INFO - Created Permission View: can read on DAG Run:example_nested_branch_dag
[2025-04-13T16:49:08.772+0000] {logging_mixin.py:190} INFO - [2025-04-13T16:49:08.771+0000] {override.py:1912} INFO - Created Permission View: menu access on DAG Run:example_nested_branch_dag
[2025-04-13T16:49:08.799+0000] {logging_mixin.py:190} INFO - [2025-04-13T16:49:08.799+0000] {override.py:1912} INFO - Created Permission View: can create on DAG Run:example_nested_branch_dag
[2025-04-13T16:49:08.823+0000] {logging_mixin.py:190} INFO - [2025-04-13T16:49:08.823+0000] {override.py:1912} INFO - Created Permission View: can delete on DAG Run:example_nested_branch_dag
[2025-04-13T16:49:08.825+0000] {logging_mixin.py:190} INFO - [2025-04-13T16:49:08.824+0000] {dag.py:3239} INFO - Sync 1 DAGs
[2025-04-13T16:49:08.868+0000] {logging_mixin.py:190} INFO - [2025-04-13T16:49:08.867+0000] {dag.py:3262} INFO - Creating ORM DAG for example_nested_branch_dag
[2025-04-13T16:49:08.916+0000] {logging_mixin.py:190} INFO - [2025-04-13T16:49:08.915+0000] {dag.py:4180} INFO - Setting next_dagrun for example_nested_branch_dag to 2025-04-12 00:00:00+00:00, run_after=2025-04-13 00:00:00+00:00
[2025-04-13T16:49:09.010+0000] {processor.py:208} INFO - Processing /home/airflow/.local/lib/python3.12/site-packages/airflow/example_dags/example_nested_branch_dag.py took 1.151 seconds
[2025-04-13T16:50:49.509+0000] {processor.py:186} INFO - Started process (PID=203) to work on /home/airflow/.local/lib/python3.12/site-packages/airflow/example_dags/example_nested_branch_dag.py
[2025-04-13T16:50:49.515+0000] {processor.py:914} INFO - Processing file /home/airflow/.local/lib/python3.12/site-packages/airflow/example_dags/example_nested_branch_dag.py for tasks to queue
[2025-04-13T16:50:49.536+0000] {logging_mixin.py:190} INFO - [2025-04-13T16:50:49.535+0000] {dagbag.py:588} INFO - Filling up the DagBag from /home/airflow/.local/lib/python3.12/site-packages/airflow/example_dags/example_nested_branch_dag.py
[2025-04-13T16:50:49.736+0000] {processor.py:925} INFO - DAG(s) 'example_nested_branch_dag' retrieved from /home/airflow/.local/lib/python3.12/site-packages/airflow/example_dags/example_nested_branch_dag.py
[2025-04-13T16:50:49.933+0000] {logging_mixin.py:190} INFO - [2025-04-13T16:50:49.927+0000] {dag.py:3239} INFO - Sync 1 DAGs
[2025-04-13T16:50:50.207+0000] {logging_mixin.py:190} INFO - [2025-04-13T16:50:50.206+0000] {dag.py:4180} INFO - Setting next_dagrun for example_nested_branch_dag to 2025-04-12 00:00:00+00:00, run_after=2025-04-13 00:00:00+00:00
[2025-04-13T16:50:50.381+0000] {processor.py:208} INFO - Processing /home/airflow/.local/lib/python3.12/site-packages/airflow/example_dags/example_nested_branch_dag.py took 0.955 seconds
[2025-04-13T16:51:29.124+0000] {processor.py:186} INFO - Started process (PID=267) to work on /home/airflow/.local/lib/python3.12/site-packages/airflow/example_dags/example_nested_branch_dag.py
[2025-04-13T16:51:29.130+0000] {processor.py:914} INFO - Processing file /home/airflow/.local/lib/python3.12/site-packages/airflow/example_dags/example_nested_branch_dag.py for tasks to queue
[2025-04-13T16:51:29.164+0000] {logging_mixin.py:190} INFO - [2025-04-13T16:51:29.157+0000] {dagbag.py:588} INFO - Filling up the DagBag from /home/airflow/.local/lib/python3.12/site-packages/airflow/example_dags/example_nested_branch_dag.py
[2025-04-13T16:51:29.218+0000] {processor.py:925} INFO - DAG(s) 'example_nested_branch_dag' retrieved from /home/airflow/.local/lib/python3.12/site-packages/airflow/example_dags/example_nested_branch_dag.py
[2025-04-13T16:51:29.338+0000] {logging_mixin.py:190} INFO - [2025-04-13T16:51:29.336+0000] {dag.py:3239} INFO - Sync 1 DAGs
[2025-04-13T16:51:29.490+0000] {logging_mixin.py:190} INFO - [2025-04-13T16:51:29.485+0000] {dag.py:4180} INFO - Setting next_dagrun for example_nested_branch_dag to 2025-04-12 00:00:00+00:00, run_after=2025-04-13 00:00:00+00:00
[2025-04-13T16:51:29.614+0000] {processor.py:208} INFO - Processing /home/airflow/.local/lib/python3.12/site-packages/airflow/example_dags/example_nested_branch_dag.py took 0.536 seconds
[2025-04-13T16:52:00.666+0000] {processor.py:186} INFO - Started process (PID=330) to work on /home/airflow/.local/lib/python3.12/site-packages/airflow/example_dags/example_nested_branch_dag.py
[2025-04-13T16:52:00.669+0000] {processor.py:914} INFO - Processing file /home/airflow/.local/lib/python3.12/site-packages/airflow/example_dags/example_nested_branch_dag.py for tasks to queue
[2025-04-13T16:52:00.679+0000] {logging_mixin.py:190} INFO - [2025-04-13T16:52:00.679+0000] {dagbag.py:588} INFO - Filling up the DagBag from /home/airflow/.local/lib/python3.12/site-packages/airflow/example_dags/example_nested_branch_dag.py
[2025-04-13T16:52:00.723+0000] {processor.py:925} INFO - DAG(s) 'example_nested_branch_dag' retrieved from /home/airflow/.local/lib/python3.12/site-packages/airflow/example_dags/example_nested_branch_dag.py
[2025-04-13T16:52:00.797+0000] {logging_mixin.py:190} INFO - [2025-04-13T16:52:00.797+0000] {dag.py:3239} INFO - Sync 1 DAGs
[2025-04-13T16:52:00.947+0000] {logging_mixin.py:190} INFO - [2025-04-13T16:52:00.944+0000] {dag.py:4180} INFO - Setting next_dagrun for example_nested_branch_dag to 2025-04-12 00:00:00+00:00, run_after=2025-04-13 00:00:00+00:00
[2025-04-13T16:52:01.130+0000] {processor.py:208} INFO - Processing /home/airflow/.local/lib/python3.12/site-packages/airflow/example_dags/example_nested_branch_dag.py took 0.498 seconds
[2025-04-13T16:52:31.245+0000] {processor.py:186} INFO - Started process (PID=393) to work on /home/airflow/.local/lib/python3.12/site-packages/airflow/example_dags/example_nested_branch_dag.py
[2025-04-13T16:52:31.254+0000] {processor.py:914} INFO - Processing file /home/airflow/.local/lib/python3.12/site-packages/airflow/example_dags/example_nested_branch_dag.py for tasks to queue
[2025-04-13T16:52:31.261+0000] {logging_mixin.py:190} INFO - [2025-04-13T16:52:31.261+0000] {dagbag.py:588} INFO - Filling up the DagBag from /home/airflow/.local/lib/python3.12/site-packages/airflow/example_dags/example_nested_branch_dag.py
[2025-04-13T16:52:31.288+0000] {processor.py:925} INFO - DAG(s) 'example_nested_branch_dag' retrieved from /home/airflow/.local/lib/python3.12/site-packages/airflow/example_dags/example_nested_branch_dag.py
[2025-04-13T16:52:31.355+0000] {logging_mixin.py:190} INFO - [2025-04-13T16:52:31.354+0000] {dag.py:3239} INFO - Sync 1 DAGs
[2025-04-13T16:52:31.481+0000] {logging_mixin.py:190} INFO - [2025-04-13T16:52:31.481+0000] {dag.py:4180} INFO - Setting next_dagrun for example_nested_branch_dag to 2025-04-12 00:00:00+00:00, run_after=2025-04-13 00:00:00+00:00
[2025-04-13T16:52:31.524+0000] {processor.py:208} INFO - Processing /home/airflow/.local/lib/python3.12/site-packages/airflow/example_dags/example_nested_branch_dag.py took 0.296 seconds
[2025-04-13T16:53:29.834+0000] {processor.py:186} INFO - Started process (PID=464) to work on /home/airflow/.local/lib/python3.12/site-packages/airflow/example_dags/example_nested_branch_dag.py
[2025-04-13T16:53:29.836+0000] {processor.py:914} INFO - Processing file /home/airflow/.local/lib/python3.12/site-packages/airflow/example_dags/example_nested_branch_dag.py for tasks to queue
[2025-04-13T16:53:29.884+0000] {logging_mixin.py:190} INFO - [2025-04-13T16:53:29.883+0000] {dagbag.py:588} INFO - Filling up the DagBag from /home/airflow/.local/lib/python3.12/site-packages/airflow/example_dags/example_nested_branch_dag.py
[2025-04-13T16:53:30.017+0000] {processor.py:925} INFO - DAG(s) 'example_nested_branch_dag' retrieved from /home/airflow/.local/lib/python3.12/site-packages/airflow/example_dags/example_nested_branch_dag.py
[2025-04-13T16:53:30.200+0000] {logging_mixin.py:190} INFO - [2025-04-13T16:53:30.199+0000] {dag.py:3239} INFO - Sync 1 DAGs
[2025-04-13T16:53:30.442+0000] {logging_mixin.py:190} INFO - [2025-04-13T16:53:30.442+0000] {dag.py:4180} INFO - Setting next_dagrun for example_nested_branch_dag to 2025-04-12 00:00:00+00:00, run_after=2025-04-13 00:00:00+00:00
[2025-04-13T16:53:30.778+0000] {processor.py:208} INFO - Processing /home/airflow/.local/lib/python3.12/site-packages/airflow/example_dags/example_nested_branch_dag.py took 1.074 seconds
[2025-04-13T16:54:01.331+0000] {processor.py:186} INFO - Started process (PID=528) to work on /home/airflow/.local/lib/python3.12/site-packages/airflow/example_dags/example_nested_branch_dag.py
[2025-04-13T16:54:01.335+0000] {processor.py:914} INFO - Processing file /home/airflow/.local/lib/python3.12/site-packages/airflow/example_dags/example_nested_branch_dag.py for tasks to queue
[2025-04-13T16:54:01.341+0000] {logging_mixin.py:190} INFO - [2025-04-13T16:54:01.340+0000] {dagbag.py:588} INFO - Filling up the DagBag from /home/airflow/.local/lib/python3.12/site-packages/airflow/example_dags/example_nested_branch_dag.py
[2025-04-13T16:54:01.381+0000] {processor.py:925} INFO - DAG(s) 'example_nested_branch_dag' retrieved from /home/airflow/.local/lib/python3.12/site-packages/airflow/example_dags/example_nested_branch_dag.py
[2025-04-13T16:54:01.448+0000] {logging_mixin.py:190} INFO - [2025-04-13T16:54:01.448+0000] {dag.py:3239} INFO - Sync 1 DAGs
[2025-04-13T16:54:01.521+0000] {logging_mixin.py:190} INFO - [2025-04-13T16:54:01.520+0000] {dag.py:4180} INFO - Setting next_dagrun for example_nested_branch_dag to 2025-04-12 00:00:00+00:00, run_after=2025-04-13 00:00:00+00:00
[2025-04-13T16:54:01.580+0000] {processor.py:208} INFO - Processing /home/airflow/.local/lib/python3.12/site-packages/airflow/example_dags/example_nested_branch_dag.py took 0.263 seconds
[2025-04-13T16:54:58.781+0000] {processor.py:186} INFO - Started process (PID=609) to work on /home/airflow/.local/lib/python3.12/site-packages/airflow/example_dags/example_nested_branch_dag.py
[2025-04-13T16:54:58.796+0000] {processor.py:914} INFO - Processing file /home/airflow/.local/lib/python3.12/site-packages/airflow/example_dags/example_nested_branch_dag.py for tasks to queue
[2025-04-13T16:54:58.821+0000] {logging_mixin.py:190} INFO - [2025-04-13T16:54:58.819+0000] {dagbag.py:588} INFO - Filling up the DagBag from /home/airflow/.local/lib/python3.12/site-packages/airflow/example_dags/example_nested_branch_dag.py
[2025-04-13T16:54:58.947+0000] {processor.py:925} INFO - DAG(s) 'example_nested_branch_dag' retrieved from /home/airflow/.local/lib/python3.12/site-packages/airflow/example_dags/example_nested_branch_dag.py
[2025-04-13T16:55:00.327+0000] {logging_mixin.py:190} INFO - [2025-04-13T16:55:00.326+0000] {dag.py:3239} INFO - Sync 1 DAGs
[2025-04-13T16:55:01.043+0000] {logging_mixin.py:190} INFO - [2025-04-13T16:55:01.043+0000] {dag.py:4180} INFO - Setting next_dagrun for example_nested_branch_dag to 2025-04-12 00:00:00+00:00, run_after=2025-04-13 00:00:00+00:00
[2025-04-13T16:55:01.622+0000] {processor.py:208} INFO - Processing /home/airflow/.local/lib/python3.12/site-packages/airflow/example_dags/example_nested_branch_dag.py took 2.983 seconds
[2025-04-13T17:03:43.526+0000] {processor.py:186} INFO - Started process (PID=130) to work on /home/airflow/.local/lib/python3.12/site-packages/airflow/example_dags/example_nested_branch_dag.py
[2025-04-13T17:03:43.541+0000] {processor.py:914} INFO - Processing file /home/airflow/.local/lib/python3.12/site-packages/airflow/example_dags/example_nested_branch_dag.py for tasks to queue
[2025-04-13T17:03:43.611+0000] {logging_mixin.py:190} INFO - [2025-04-13T17:03:43.610+0000] {dagbag.py:588} INFO - Filling up the DagBag from /home/airflow/.local/lib/python3.12/site-packages/airflow/example_dags/example_nested_branch_dag.py
[2025-04-13T17:03:43.831+0000] {processor.py:925} INFO - DAG(s) 'example_nested_branch_dag' retrieved from /home/airflow/.local/lib/python3.12/site-packages/airflow/example_dags/example_nested_branch_dag.py
[2025-04-13T17:03:44.718+0000] {logging_mixin.py:190} INFO - [2025-04-13T17:03:44.717+0000] {dag.py:3239} INFO - Sync 1 DAGs
[2025-04-13T17:03:45.558+0000] {logging_mixin.py:190} INFO - [2025-04-13T17:03:45.558+0000] {dag.py:4180} INFO - Setting next_dagrun for example_nested_branch_dag to 2025-04-12 00:00:00+00:00, run_after=2025-04-13 00:00:00+00:00
[2025-04-13T17:03:46.176+0000] {processor.py:208} INFO - Processing /home/airflow/.local/lib/python3.12/site-packages/airflow/example_dags/example_nested_branch_dag.py took 2.768 seconds
[2025-04-13T17:05:57.825+0000] {processor.py:186} INFO - Started process (PID=211) to work on /home/airflow/.local/lib/python3.12/site-packages/airflow/example_dags/example_nested_branch_dag.py
[2025-04-13T17:05:57.875+0000] {processor.py:914} INFO - Processing file /home/airflow/.local/lib/python3.12/site-packages/airflow/example_dags/example_nested_branch_dag.py for tasks to queue
[2025-04-13T17:05:57.991+0000] {logging_mixin.py:190} INFO - [2025-04-13T17:05:57.991+0000] {dagbag.py:588} INFO - Filling up the DagBag from /home/airflow/.local/lib/python3.12/site-packages/airflow/example_dags/example_nested_branch_dag.py
[2025-04-13T17:05:58.139+0000] {processor.py:925} INFO - DAG(s) 'example_nested_branch_dag' retrieved from /home/airflow/.local/lib/python3.12/site-packages/airflow/example_dags/example_nested_branch_dag.py
[2025-04-13T17:05:58.878+0000] {logging_mixin.py:190} INFO - [2025-04-13T17:05:58.877+0000] {dag.py:3239} INFO - Sync 1 DAGs
[2025-04-13T17:05:59.960+0000] {logging_mixin.py:190} INFO - [2025-04-13T17:05:59.959+0000] {dag.py:4180} INFO - Setting next_dagrun for example_nested_branch_dag to 2025-04-12 00:00:00+00:00, run_after=2025-04-13 00:00:00+00:00
[2025-04-13T17:06:01.603+0000] {processor.py:208} INFO - Processing /home/airflow/.local/lib/python3.12/site-packages/airflow/example_dags/example_nested_branch_dag.py took 3.859 seconds
[2025-04-13T17:25:06.930+0000] {processor.py:186} INFO - Started process (PID=190) to work on /home/airflow/.local/lib/python3.12/site-packages/airflow/example_dags/example_nested_branch_dag.py
[2025-04-13T17:25:06.951+0000] {processor.py:914} INFO - Processing file /home/airflow/.local/lib/python3.12/site-packages/airflow/example_dags/example_nested_branch_dag.py for tasks to queue
[2025-04-13T17:25:06.963+0000] {logging_mixin.py:190} INFO - [2025-04-13T17:25:06.962+0000] {dagbag.py:588} INFO - Filling up the DagBag from /home/airflow/.local/lib/python3.12/site-packages/airflow/example_dags/example_nested_branch_dag.py
[2025-04-13T17:25:11.119+0000] {processor.py:925} INFO - DAG(s) 'example_nested_branch_dag' retrieved from /home/airflow/.local/lib/python3.12/site-packages/airflow/example_dags/example_nested_branch_dag.py
[2025-04-13T17:25:12.481+0000] {logging_mixin.py:190} INFO - [2025-04-13T17:25:12.480+0000] {dag.py:3239} INFO - Sync 1 DAGs
[2025-04-13T17:25:16.671+0000] {logging_mixin.py:190} INFO - [2025-04-13T17:25:16.671+0000] {dag.py:4180} INFO - Setting next_dagrun for example_nested_branch_dag to 2025-04-12 00:00:00+00:00, run_after=2025-04-13 00:00:00+00:00
[2025-04-13T17:25:18.881+0000] {processor.py:208} INFO - Processing /home/airflow/.local/lib/python3.12/site-packages/airflow/example_dags/example_nested_branch_dag.py took 12.000 seconds
[2025-04-13T18:11:43.688+0000] {processor.py:186} INFO - Started process (PID=287) to work on /home/airflow/.local/lib/python3.12/site-packages/airflow/example_dags/example_nested_branch_dag.py
[2025-04-13T18:11:43.816+0000] {processor.py:914} INFO - Processing file /home/airflow/.local/lib/python3.12/site-packages/airflow/example_dags/example_nested_branch_dag.py for tasks to queue
[2025-04-13T18:11:44.480+0000] {logging_mixin.py:190} INFO - [2025-04-13T18:11:44.265+0000] {dagbag.py:588} INFO - Filling up the DagBag from /home/airflow/.local/lib/python3.12/site-packages/airflow/example_dags/example_nested_branch_dag.py
[2025-04-13T18:11:47.136+0000] {processor.py:925} INFO - DAG(s) 'example_nested_branch_dag' retrieved from /home/airflow/.local/lib/python3.12/site-packages/airflow/example_dags/example_nested_branch_dag.py
[2025-04-13T18:11:50.035+0000] {logging_mixin.py:190} INFO - [2025-04-13T18:11:50.034+0000] {dag.py:3239} INFO - Sync 1 DAGs
[2025-04-13T18:11:52.873+0000] {logging_mixin.py:190} INFO - [2025-04-13T18:11:52.873+0000] {dag.py:4180} INFO - Setting next_dagrun for example_nested_branch_dag to 2025-04-12 00:00:00+00:00, run_after=2025-04-13 00:00:00+00:00
[2025-04-13T18:11:55.804+0000] {processor.py:208} INFO - Processing /home/airflow/.local/lib/python3.12/site-packages/airflow/example_dags/example_nested_branch_dag.py took 12.723 seconds
[2025-04-13T18:20:19.446+0000] {processor.py:186} INFO - Started process (PID=426) to work on /home/airflow/.local/lib/python3.12/site-packages/airflow/example_dags/example_nested_branch_dag.py
[2025-04-13T18:20:19.478+0000] {processor.py:914} INFO - Processing file /home/airflow/.local/lib/python3.12/site-packages/airflow/example_dags/example_nested_branch_dag.py for tasks to queue
[2025-04-13T18:20:19.902+0000] {logging_mixin.py:190} INFO - [2025-04-13T18:20:19.791+0000] {dagbag.py:588} INFO - Filling up the DagBag from /home/airflow/.local/lib/python3.12/site-packages/airflow/example_dags/example_nested_branch_dag.py
[2025-04-13T18:20:21.130+0000] {processor.py:925} INFO - DAG(s) 'example_nested_branch_dag' retrieved from /home/airflow/.local/lib/python3.12/site-packages/airflow/example_dags/example_nested_branch_dag.py
[2025-04-13T18:20:22.983+0000] {logging_mixin.py:190} INFO - [2025-04-13T18:20:22.983+0000] {dag.py:3239} INFO - Sync 1 DAGs
[2025-04-13T18:20:27.586+0000] {logging_mixin.py:190} INFO - [2025-04-13T18:20:27.586+0000] {dag.py:4180} INFO - Setting next_dagrun for example_nested_branch_dag to 2025-04-12 00:00:00+00:00, run_after=2025-04-13 00:00:00+00:00
[2025-04-13T18:20:29.559+0000] {processor.py:208} INFO - Processing /home/airflow/.local/lib/python3.12/site-packages/airflow/example_dags/example_nested_branch_dag.py took 10.218 seconds
[2025-04-13T20:51:58.642+0000] {processor.py:186} INFO - Started process (PID=110) to work on /home/airflow/.local/lib/python3.12/site-packages/airflow/example_dags/example_nested_branch_dag.py
[2025-04-13T20:51:58.647+0000] {processor.py:914} INFO - Processing file /home/airflow/.local/lib/python3.12/site-packages/airflow/example_dags/example_nested_branch_dag.py for tasks to queue
[2025-04-13T20:51:58.656+0000] {logging_mixin.py:190} INFO - [2025-04-13T20:51:58.656+0000] {dagbag.py:588} INFO - Filling up the DagBag from /home/airflow/.local/lib/python3.12/site-packages/airflow/example_dags/example_nested_branch_dag.py
[2025-04-13T20:51:58.725+0000] {processor.py:925} INFO - DAG(s) 'example_nested_branch_dag' retrieved from /home/airflow/.local/lib/python3.12/site-packages/airflow/example_dags/example_nested_branch_dag.py
[2025-04-13T20:51:58.918+0000] {logging_mixin.py:190} INFO - [2025-04-13T20:51:58.915+0000] {dag.py:3239} INFO - Sync 1 DAGs
[2025-04-13T20:51:59.318+0000] {logging_mixin.py:190} INFO - [2025-04-13T20:51:59.318+0000] {dag.py:4180} INFO - Setting next_dagrun for example_nested_branch_dag to 2025-04-12 00:00:00+00:00, run_after=2025-04-13 00:00:00+00:00
[2025-04-13T20:51:59.660+0000] {processor.py:208} INFO - Processing /home/airflow/.local/lib/python3.12/site-packages/airflow/example_dags/example_nested_branch_dag.py took 1.041 seconds
[2025-04-13T20:52:29.937+0000] {processor.py:186} INFO - Started process (PID=173) to work on /home/airflow/.local/lib/python3.12/site-packages/airflow/example_dags/example_nested_branch_dag.py
[2025-04-13T20:52:29.938+0000] {processor.py:914} INFO - Processing file /home/airflow/.local/lib/python3.12/site-packages/airflow/example_dags/example_nested_branch_dag.py for tasks to queue
[2025-04-13T20:52:29.946+0000] {logging_mixin.py:190} INFO - [2025-04-13T20:52:29.945+0000] {dagbag.py:588} INFO - Filling up the DagBag from /home/airflow/.local/lib/python3.12/site-packages/airflow/example_dags/example_nested_branch_dag.py
[2025-04-13T20:52:30.004+0000] {processor.py:925} INFO - DAG(s) 'example_nested_branch_dag' retrieved from /home/airflow/.local/lib/python3.12/site-packages/airflow/example_dags/example_nested_branch_dag.py
[2025-04-13T20:52:30.228+0000] {logging_mixin.py:190} INFO - [2025-04-13T20:52:30.221+0000] {dag.py:3239} INFO - Sync 1 DAGs
[2025-04-13T20:52:30.535+0000] {logging_mixin.py:190} INFO - [2025-04-13T20:52:30.534+0000] {dag.py:4180} INFO - Setting next_dagrun for example_nested_branch_dag to 2025-04-12 00:00:00+00:00, run_after=2025-04-13 00:00:00+00:00
[2025-04-13T20:52:30.624+0000] {processor.py:208} INFO - Processing /home/airflow/.local/lib/python3.12/site-packages/airflow/example_dags/example_nested_branch_dag.py took 0.695 seconds
[2025-04-13T20:53:08.210+0000] {processor.py:186} INFO - Started process (PID=237) to work on /home/airflow/.local/lib/python3.12/site-packages/airflow/example_dags/example_nested_branch_dag.py
[2025-04-13T20:53:08.213+0000] {processor.py:914} INFO - Processing file /home/airflow/.local/lib/python3.12/site-packages/airflow/example_dags/example_nested_branch_dag.py for tasks to queue
[2025-04-13T20:53:08.223+0000] {logging_mixin.py:190} INFO - [2025-04-13T20:53:08.223+0000] {dagbag.py:588} INFO - Filling up the DagBag from /home/airflow/.local/lib/python3.12/site-packages/airflow/example_dags/example_nested_branch_dag.py
[2025-04-13T20:53:08.264+0000] {processor.py:925} INFO - DAG(s) 'example_nested_branch_dag' retrieved from /home/airflow/.local/lib/python3.12/site-packages/airflow/example_dags/example_nested_branch_dag.py
[2025-04-13T20:53:08.378+0000] {logging_mixin.py:190} INFO - [2025-04-13T20:53:08.377+0000] {dag.py:3239} INFO - Sync 1 DAGs
[2025-04-13T20:53:08.438+0000] {logging_mixin.py:190} INFO - [2025-04-13T20:53:08.437+0000] {dag.py:4180} INFO - Setting next_dagrun for example_nested_branch_dag to 2025-04-12 00:00:00+00:00, run_after=2025-04-13 00:00:00+00:00
[2025-04-13T20:53:08.489+0000] {processor.py:208} INFO - Processing /home/airflow/.local/lib/python3.12/site-packages/airflow/example_dags/example_nested_branch_dag.py took 0.293 seconds
[2025-04-13T20:53:40.191+0000] {processor.py:186} INFO - Started process (PID=301) to work on /home/airflow/.local/lib/python3.12/site-packages/airflow/example_dags/example_nested_branch_dag.py
[2025-04-13T20:53:40.207+0000] {processor.py:914} INFO - Processing file /home/airflow/.local/lib/python3.12/site-packages/airflow/example_dags/example_nested_branch_dag.py for tasks to queue
[2025-04-13T20:53:40.214+0000] {logging_mixin.py:190} INFO - [2025-04-13T20:53:40.213+0000] {dagbag.py:588} INFO - Filling up the DagBag from /home/airflow/.local/lib/python3.12/site-packages/airflow/example_dags/example_nested_branch_dag.py
[2025-04-13T20:53:40.276+0000] {processor.py:925} INFO - DAG(s) 'example_nested_branch_dag' retrieved from /home/airflow/.local/lib/python3.12/site-packages/airflow/example_dags/example_nested_branch_dag.py
[2025-04-13T20:53:40.496+0000] {logging_mixin.py:190} INFO - [2025-04-13T20:53:40.495+0000] {dag.py:3239} INFO - Sync 1 DAGs
[2025-04-13T20:53:40.558+0000] {logging_mixin.py:190} INFO - [2025-04-13T20:53:40.558+0000] {dag.py:4180} INFO - Setting next_dagrun for example_nested_branch_dag to 2025-04-12 00:00:00+00:00, run_after=2025-04-13 00:00:00+00:00
[2025-04-13T20:53:41.196+0000] {processor.py:208} INFO - Processing /home/airflow/.local/lib/python3.12/site-packages/airflow/example_dags/example_nested_branch_dag.py took 1.028 seconds
[2025-04-13T20:54:13.744+0000] {processor.py:186} INFO - Started process (PID=366) to work on /home/airflow/.local/lib/python3.12/site-packages/airflow/example_dags/example_nested_branch_dag.py
[2025-04-13T20:54:13.745+0000] {processor.py:914} INFO - Processing file /home/airflow/.local/lib/python3.12/site-packages/airflow/example_dags/example_nested_branch_dag.py for tasks to queue
[2025-04-13T20:54:13.750+0000] {logging_mixin.py:190} INFO - [2025-04-13T20:54:13.749+0000] {dagbag.py:588} INFO - Filling up the DagBag from /home/airflow/.local/lib/python3.12/site-packages/airflow/example_dags/example_nested_branch_dag.py
[2025-04-13T20:54:13.784+0000] {processor.py:925} INFO - DAG(s) 'example_nested_branch_dag' retrieved from /home/airflow/.local/lib/python3.12/site-packages/airflow/example_dags/example_nested_branch_dag.py
[2025-04-13T20:54:13.891+0000] {logging_mixin.py:190} INFO - [2025-04-13T20:54:13.891+0000] {dag.py:3239} INFO - Sync 1 DAGs
[2025-04-13T20:54:14.096+0000] {logging_mixin.py:190} INFO - [2025-04-13T20:54:14.095+0000] {dag.py:4180} INFO - Setting next_dagrun for example_nested_branch_dag to 2025-04-12 00:00:00+00:00, run_after=2025-04-13 00:00:00+00:00
[2025-04-13T20:54:14.279+0000] {processor.py:208} INFO - Processing /home/airflow/.local/lib/python3.12/site-packages/airflow/example_dags/example_nested_branch_dag.py took 0.545 seconds
[2025-04-13T20:54:45.277+0000] {processor.py:186} INFO - Started process (PID=430) to work on /home/airflow/.local/lib/python3.12/site-packages/airflow/example_dags/example_nested_branch_dag.py
[2025-04-13T20:54:45.279+0000] {processor.py:914} INFO - Processing file /home/airflow/.local/lib/python3.12/site-packages/airflow/example_dags/example_nested_branch_dag.py for tasks to queue
[2025-04-13T20:54:45.284+0000] {logging_mixin.py:190} INFO - [2025-04-13T20:54:45.284+0000] {dagbag.py:588} INFO - Filling up the DagBag from /home/airflow/.local/lib/python3.12/site-packages/airflow/example_dags/example_nested_branch_dag.py
[2025-04-13T20:54:45.308+0000] {processor.py:925} INFO - DAG(s) 'example_nested_branch_dag' retrieved from /home/airflow/.local/lib/python3.12/site-packages/airflow/example_dags/example_nested_branch_dag.py
[2025-04-13T20:54:45.354+0000] {logging_mixin.py:190} INFO - [2025-04-13T20:54:45.354+0000] {dag.py:3239} INFO - Sync 1 DAGs
[2025-04-13T20:54:45.437+0000] {logging_mixin.py:190} INFO - [2025-04-13T20:54:45.436+0000] {dag.py:4180} INFO - Setting next_dagrun for example_nested_branch_dag to 2025-04-12 00:00:00+00:00, run_after=2025-04-13 00:00:00+00:00
[2025-04-13T20:54:45.564+0000] {processor.py:208} INFO - Processing /home/airflow/.local/lib/python3.12/site-packages/airflow/example_dags/example_nested_branch_dag.py took 0.297 seconds
[2025-04-13T20:55:18.390+0000] {processor.py:186} INFO - Started process (PID=492) to work on /home/airflow/.local/lib/python3.12/site-packages/airflow/example_dags/example_nested_branch_dag.py
[2025-04-13T20:55:18.400+0000] {processor.py:914} INFO - Processing file /home/airflow/.local/lib/python3.12/site-packages/airflow/example_dags/example_nested_branch_dag.py for tasks to queue
[2025-04-13T20:55:18.415+0000] {logging_mixin.py:190} INFO - [2025-04-13T20:55:18.414+0000] {dagbag.py:588} INFO - Filling up the DagBag from /home/airflow/.local/lib/python3.12/site-packages/airflow/example_dags/example_nested_branch_dag.py
[2025-04-13T20:55:18.454+0000] {processor.py:925} INFO - DAG(s) 'example_nested_branch_dag' retrieved from /home/airflow/.local/lib/python3.12/site-packages/airflow/example_dags/example_nested_branch_dag.py
[2025-04-13T20:55:18.619+0000] {logging_mixin.py:190} INFO - [2025-04-13T20:55:18.619+0000] {dag.py:3239} INFO - Sync 1 DAGs
[2025-04-13T20:55:18.697+0000] {logging_mixin.py:190} INFO - [2025-04-13T20:55:18.697+0000] {dag.py:4180} INFO - Setting next_dagrun for example_nested_branch_dag to 2025-04-12 00:00:00+00:00, run_after=2025-04-13 00:00:00+00:00
[2025-04-13T20:55:18.784+0000] {processor.py:208} INFO - Processing /home/airflow/.local/lib/python3.12/site-packages/airflow/example_dags/example_nested_branch_dag.py took 0.455 seconds
[2025-04-13T20:55:51.800+0000] {processor.py:186} INFO - Started process (PID=563) to work on /home/airflow/.local/lib/python3.12/site-packages/airflow/example_dags/example_nested_branch_dag.py
[2025-04-13T20:55:51.805+0000] {processor.py:914} INFO - Processing file /home/airflow/.local/lib/python3.12/site-packages/airflow/example_dags/example_nested_branch_dag.py for tasks to queue
[2025-04-13T20:55:51.826+0000] {logging_mixin.py:190} INFO - [2025-04-13T20:55:51.812+0000] {dagbag.py:588} INFO - Filling up the DagBag from /home/airflow/.local/lib/python3.12/site-packages/airflow/example_dags/example_nested_branch_dag.py
[2025-04-13T20:55:51.867+0000] {processor.py:925} INFO - DAG(s) 'example_nested_branch_dag' retrieved from /home/airflow/.local/lib/python3.12/site-packages/airflow/example_dags/example_nested_branch_dag.py
[2025-04-13T20:55:51.920+0000] {logging_mixin.py:190} INFO - [2025-04-13T20:55:51.919+0000] {dag.py:3239} INFO - Sync 1 DAGs
[2025-04-13T20:55:52.039+0000] {logging_mixin.py:190} INFO - [2025-04-13T20:55:52.039+0000] {dag.py:4180} INFO - Setting next_dagrun for example_nested_branch_dag to 2025-04-12 00:00:00+00:00, run_after=2025-04-13 00:00:00+00:00
[2025-04-13T20:55:52.091+0000] {processor.py:208} INFO - Processing /home/airflow/.local/lib/python3.12/site-packages/airflow/example_dags/example_nested_branch_dag.py took 0.304 seconds
[2025-04-13T20:56:23.375+0000] {processor.py:186} INFO - Started process (PID=626) to work on /home/airflow/.local/lib/python3.12/site-packages/airflow/example_dags/example_nested_branch_dag.py
[2025-04-13T20:56:23.382+0000] {processor.py:914} INFO - Processing file /home/airflow/.local/lib/python3.12/site-packages/airflow/example_dags/example_nested_branch_dag.py for tasks to queue
[2025-04-13T20:56:23.408+0000] {logging_mixin.py:190} INFO - [2025-04-13T20:56:23.407+0000] {dagbag.py:588} INFO - Filling up the DagBag from /home/airflow/.local/lib/python3.12/site-packages/airflow/example_dags/example_nested_branch_dag.py
[2025-04-13T20:56:23.471+0000] {processor.py:925} INFO - DAG(s) 'example_nested_branch_dag' retrieved from /home/airflow/.local/lib/python3.12/site-packages/airflow/example_dags/example_nested_branch_dag.py
[2025-04-13T20:56:23.515+0000] {logging_mixin.py:190} INFO - [2025-04-13T20:56:23.515+0000] {dag.py:3239} INFO - Sync 1 DAGs
[2025-04-13T20:56:23.592+0000] {logging_mixin.py:190} INFO - [2025-04-13T20:56:23.592+0000] {dag.py:4180} INFO - Setting next_dagrun for example_nested_branch_dag to 2025-04-12 00:00:00+00:00, run_after=2025-04-13 00:00:00+00:00
[2025-04-13T20:56:23.646+0000] {processor.py:208} INFO - Processing /home/airflow/.local/lib/python3.12/site-packages/airflow/example_dags/example_nested_branch_dag.py took 0.295 seconds
[2025-04-13T20:56:53.903+0000] {processor.py:186} INFO - Started process (PID=689) to work on /home/airflow/.local/lib/python3.12/site-packages/airflow/example_dags/example_nested_branch_dag.py
[2025-04-13T20:56:53.915+0000] {processor.py:914} INFO - Processing file /home/airflow/.local/lib/python3.12/site-packages/airflow/example_dags/example_nested_branch_dag.py for tasks to queue
[2025-04-13T20:56:53.922+0000] {logging_mixin.py:190} INFO - [2025-04-13T20:56:53.922+0000] {dagbag.py:588} INFO - Filling up the DagBag from /home/airflow/.local/lib/python3.12/site-packages/airflow/example_dags/example_nested_branch_dag.py
[2025-04-13T20:56:53.943+0000] {processor.py:925} INFO - DAG(s) 'example_nested_branch_dag' retrieved from /home/airflow/.local/lib/python3.12/site-packages/airflow/example_dags/example_nested_branch_dag.py
[2025-04-13T20:56:54.069+0000] {logging_mixin.py:190} INFO - [2025-04-13T20:56:54.068+0000] {dag.py:3239} INFO - Sync 1 DAGs
[2025-04-13T20:56:54.254+0000] {logging_mixin.py:190} INFO - [2025-04-13T20:56:54.253+0000] {dag.py:4180} INFO - Setting next_dagrun for example_nested_branch_dag to 2025-04-12 00:00:00+00:00, run_after=2025-04-13 00:00:00+00:00
[2025-04-13T20:56:54.319+0000] {processor.py:208} INFO - Processing /home/airflow/.local/lib/python3.12/site-packages/airflow/example_dags/example_nested_branch_dag.py took 0.435 seconds
[2025-04-13T20:57:25.016+0000] {processor.py:186} INFO - Started process (PID=752) to work on /home/airflow/.local/lib/python3.12/site-packages/airflow/example_dags/example_nested_branch_dag.py
[2025-04-13T20:57:25.020+0000] {processor.py:914} INFO - Processing file /home/airflow/.local/lib/python3.12/site-packages/airflow/example_dags/example_nested_branch_dag.py for tasks to queue
[2025-04-13T20:57:25.024+0000] {logging_mixin.py:190} INFO - [2025-04-13T20:57:25.024+0000] {dagbag.py:588} INFO - Filling up the DagBag from /home/airflow/.local/lib/python3.12/site-packages/airflow/example_dags/example_nested_branch_dag.py
[2025-04-13T20:57:25.077+0000] {processor.py:925} INFO - DAG(s) 'example_nested_branch_dag' retrieved from /home/airflow/.local/lib/python3.12/site-packages/airflow/example_dags/example_nested_branch_dag.py
[2025-04-13T20:57:25.139+0000] {logging_mixin.py:190} INFO - [2025-04-13T20:57:25.138+0000] {dag.py:3239} INFO - Sync 1 DAGs
[2025-04-13T20:57:25.195+0000] {logging_mixin.py:190} INFO - [2025-04-13T20:57:25.194+0000] {dag.py:4180} INFO - Setting next_dagrun for example_nested_branch_dag to 2025-04-12 00:00:00+00:00, run_after=2025-04-13 00:00:00+00:00
[2025-04-13T20:57:25.239+0000] {processor.py:208} INFO - Processing /home/airflow/.local/lib/python3.12/site-packages/airflow/example_dags/example_nested_branch_dag.py took 0.245 seconds
[2025-04-13T20:57:58.501+0000] {processor.py:186} INFO - Started process (PID=817) to work on /home/airflow/.local/lib/python3.12/site-packages/airflow/example_dags/example_nested_branch_dag.py
[2025-04-13T20:57:58.518+0000] {processor.py:914} INFO - Processing file /home/airflow/.local/lib/python3.12/site-packages/airflow/example_dags/example_nested_branch_dag.py for tasks to queue
[2025-04-13T20:57:58.549+0000] {logging_mixin.py:190} INFO - [2025-04-13T20:57:58.549+0000] {dagbag.py:588} INFO - Filling up the DagBag from /home/airflow/.local/lib/python3.12/site-packages/airflow/example_dags/example_nested_branch_dag.py
[2025-04-13T20:57:58.582+0000] {processor.py:925} INFO - DAG(s) 'example_nested_branch_dag' retrieved from /home/airflow/.local/lib/python3.12/site-packages/airflow/example_dags/example_nested_branch_dag.py
[2025-04-13T20:57:58.692+0000] {logging_mixin.py:190} INFO - [2025-04-13T20:57:58.692+0000] {dag.py:3239} INFO - Sync 1 DAGs
[2025-04-13T20:57:58.892+0000] {logging_mixin.py:190} INFO - [2025-04-13T20:57:58.891+0000] {dag.py:4180} INFO - Setting next_dagrun for example_nested_branch_dag to 2025-04-12 00:00:00+00:00, run_after=2025-04-13 00:00:00+00:00
[2025-04-13T20:57:59.005+0000] {processor.py:208} INFO - Processing /home/airflow/.local/lib/python3.12/site-packages/airflow/example_dags/example_nested_branch_dag.py took 0.569 seconds
[2025-04-13T20:58:29.950+0000] {processor.py:186} INFO - Started process (PID=880) to work on /home/airflow/.local/lib/python3.12/site-packages/airflow/example_dags/example_nested_branch_dag.py
[2025-04-13T20:58:29.953+0000] {processor.py:914} INFO - Processing file /home/airflow/.local/lib/python3.12/site-packages/airflow/example_dags/example_nested_branch_dag.py for tasks to queue
[2025-04-13T20:58:29.957+0000] {logging_mixin.py:190} INFO - [2025-04-13T20:58:29.956+0000] {dagbag.py:588} INFO - Filling up the DagBag from /home/airflow/.local/lib/python3.12/site-packages/airflow/example_dags/example_nested_branch_dag.py
[2025-04-13T20:58:29.979+0000] {processor.py:925} INFO - DAG(s) 'example_nested_branch_dag' retrieved from /home/airflow/.local/lib/python3.12/site-packages/airflow/example_dags/example_nested_branch_dag.py
[2025-04-13T20:58:30.014+0000] {logging_mixin.py:190} INFO - [2025-04-13T20:58:30.014+0000] {dag.py:3239} INFO - Sync 1 DAGs
[2025-04-13T20:58:30.049+0000] {logging_mixin.py:190} INFO - [2025-04-13T20:58:30.049+0000] {dag.py:4180} INFO - Setting next_dagrun for example_nested_branch_dag to 2025-04-12 00:00:00+00:00, run_after=2025-04-13 00:00:00+00:00
[2025-04-13T20:58:30.080+0000] {processor.py:208} INFO - Processing /home/airflow/.local/lib/python3.12/site-packages/airflow/example_dags/example_nested_branch_dag.py took 0.142 seconds
[2025-04-13T20:59:00.901+0000] {processor.py:186} INFO - Started process (PID=943) to work on /home/airflow/.local/lib/python3.12/site-packages/airflow/example_dags/example_nested_branch_dag.py
[2025-04-13T20:59:00.903+0000] {processor.py:914} INFO - Processing file /home/airflow/.local/lib/python3.12/site-packages/airflow/example_dags/example_nested_branch_dag.py for tasks to queue
[2025-04-13T20:59:00.906+0000] {logging_mixin.py:190} INFO - [2025-04-13T20:59:00.906+0000] {dagbag.py:588} INFO - Filling up the DagBag from /home/airflow/.local/lib/python3.12/site-packages/airflow/example_dags/example_nested_branch_dag.py
[2025-04-13T20:59:00.923+0000] {processor.py:925} INFO - DAG(s) 'example_nested_branch_dag' retrieved from /home/airflow/.local/lib/python3.12/site-packages/airflow/example_dags/example_nested_branch_dag.py
[2025-04-13T20:59:00.957+0000] {logging_mixin.py:190} INFO - [2025-04-13T20:59:00.956+0000] {dag.py:3239} INFO - Sync 1 DAGs
[2025-04-13T20:59:01.005+0000] {logging_mixin.py:190} INFO - [2025-04-13T20:59:01.005+0000] {dag.py:4180} INFO - Setting next_dagrun for example_nested_branch_dag to 2025-04-12 00:00:00+00:00, run_after=2025-04-13 00:00:00+00:00
[2025-04-13T20:59:01.042+0000] {processor.py:208} INFO - Processing /home/airflow/.local/lib/python3.12/site-packages/airflow/example_dags/example_nested_branch_dag.py took 0.149 seconds
[2025-04-13T20:59:31.732+0000] {processor.py:186} INFO - Started process (PID=1007) to work on /home/airflow/.local/lib/python3.12/site-packages/airflow/example_dags/example_nested_branch_dag.py
[2025-04-13T20:59:31.734+0000] {processor.py:914} INFO - Processing file /home/airflow/.local/lib/python3.12/site-packages/airflow/example_dags/example_nested_branch_dag.py for tasks to queue
[2025-04-13T20:59:31.738+0000] {logging_mixin.py:190} INFO - [2025-04-13T20:59:31.738+0000] {dagbag.py:588} INFO - Filling up the DagBag from /home/airflow/.local/lib/python3.12/site-packages/airflow/example_dags/example_nested_branch_dag.py
[2025-04-13T20:59:31.782+0000] {processor.py:925} INFO - DAG(s) 'example_nested_branch_dag' retrieved from /home/airflow/.local/lib/python3.12/site-packages/airflow/example_dags/example_nested_branch_dag.py
[2025-04-13T20:59:31.856+0000] {logging_mixin.py:190} INFO - [2025-04-13T20:59:31.855+0000] {dag.py:3239} INFO - Sync 1 DAGs
[2025-04-13T20:59:31.946+0000] {logging_mixin.py:190} INFO - [2025-04-13T20:59:31.946+0000] {dag.py:4180} INFO - Setting next_dagrun for example_nested_branch_dag to 2025-04-12 00:00:00+00:00, run_after=2025-04-13 00:00:00+00:00
[2025-04-13T20:59:32.000+0000] {processor.py:208} INFO - Processing /home/airflow/.local/lib/python3.12/site-packages/airflow/example_dags/example_nested_branch_dag.py took 0.325 seconds
[2025-04-13T21:00:05.797+0000] {processor.py:186} INFO - Started process (PID=1072) to work on /home/airflow/.local/lib/python3.12/site-packages/airflow/example_dags/example_nested_branch_dag.py
[2025-04-13T21:00:05.805+0000] {processor.py:914} INFO - Processing file /home/airflow/.local/lib/python3.12/site-packages/airflow/example_dags/example_nested_branch_dag.py for tasks to queue
[2025-04-13T21:00:05.864+0000] {logging_mixin.py:190} INFO - [2025-04-13T21:00:05.863+0000] {dagbag.py:588} INFO - Filling up the DagBag from /home/airflow/.local/lib/python3.12/site-packages/airflow/example_dags/example_nested_branch_dag.py
[2025-04-13T21:00:05.962+0000] {processor.py:925} INFO - DAG(s) 'example_nested_branch_dag' retrieved from /home/airflow/.local/lib/python3.12/site-packages/airflow/example_dags/example_nested_branch_dag.py
[2025-04-13T21:00:06.104+0000] {logging_mixin.py:190} INFO - [2025-04-13T21:00:06.104+0000] {dag.py:3239} INFO - Sync 1 DAGs
[2025-04-13T21:00:06.236+0000] {logging_mixin.py:190} INFO - [2025-04-13T21:00:06.235+0000] {dag.py:4180} INFO - Setting next_dagrun for example_nested_branch_dag to 2025-04-12 00:00:00+00:00, run_after=2025-04-13 00:00:00+00:00
[2025-04-13T21:00:06.288+0000] {processor.py:208} INFO - Processing /home/airflow/.local/lib/python3.12/site-packages/airflow/example_dags/example_nested_branch_dag.py took 0.529 seconds
[2025-04-13T21:00:36.604+0000] {processor.py:186} INFO - Started process (PID=1135) to work on /home/airflow/.local/lib/python3.12/site-packages/airflow/example_dags/example_nested_branch_dag.py
[2025-04-13T21:00:36.617+0000] {processor.py:914} INFO - Processing file /home/airflow/.local/lib/python3.12/site-packages/airflow/example_dags/example_nested_branch_dag.py for tasks to queue
[2025-04-13T21:00:36.635+0000] {logging_mixin.py:190} INFO - [2025-04-13T21:00:36.633+0000] {dagbag.py:588} INFO - Filling up the DagBag from /home/airflow/.local/lib/python3.12/site-packages/airflow/example_dags/example_nested_branch_dag.py
[2025-04-13T21:00:36.676+0000] {processor.py:925} INFO - DAG(s) 'example_nested_branch_dag' retrieved from /home/airflow/.local/lib/python3.12/site-packages/airflow/example_dags/example_nested_branch_dag.py
[2025-04-13T21:00:36.862+0000] {logging_mixin.py:190} INFO - [2025-04-13T21:00:36.861+0000] {dag.py:3239} INFO - Sync 1 DAGs
[2025-04-13T21:00:37.034+0000] {logging_mixin.py:190} INFO - [2025-04-13T21:00:37.034+0000] {dag.py:4180} INFO - Setting next_dagrun for example_nested_branch_dag to 2025-04-12 00:00:00+00:00, run_after=2025-04-13 00:00:00+00:00
[2025-04-13T21:00:37.151+0000] {processor.py:208} INFO - Processing /home/airflow/.local/lib/python3.12/site-packages/airflow/example_dags/example_nested_branch_dag.py took 0.607 seconds
[2025-04-13T21:01:07.818+0000] {processor.py:186} INFO - Started process (PID=1198) to work on /home/airflow/.local/lib/python3.12/site-packages/airflow/example_dags/example_nested_branch_dag.py
[2025-04-13T21:01:07.820+0000] {processor.py:914} INFO - Processing file /home/airflow/.local/lib/python3.12/site-packages/airflow/example_dags/example_nested_branch_dag.py for tasks to queue
[2025-04-13T21:01:07.824+0000] {logging_mixin.py:190} INFO - [2025-04-13T21:01:07.824+0000] {dagbag.py:588} INFO - Filling up the DagBag from /home/airflow/.local/lib/python3.12/site-packages/airflow/example_dags/example_nested_branch_dag.py
[2025-04-13T21:01:07.846+0000] {processor.py:925} INFO - DAG(s) 'example_nested_branch_dag' retrieved from /home/airflow/.local/lib/python3.12/site-packages/airflow/example_dags/example_nested_branch_dag.py
[2025-04-13T21:01:07.896+0000] {logging_mixin.py:190} INFO - [2025-04-13T21:01:07.895+0000] {dag.py:3239} INFO - Sync 1 DAGs
[2025-04-13T21:01:07.967+0000] {logging_mixin.py:190} INFO - [2025-04-13T21:01:07.966+0000] {dag.py:4180} INFO - Setting next_dagrun for example_nested_branch_dag to 2025-04-12 00:00:00+00:00, run_after=2025-04-13 00:00:00+00:00
[2025-04-13T21:01:08.028+0000] {processor.py:208} INFO - Processing /home/airflow/.local/lib/python3.12/site-packages/airflow/example_dags/example_nested_branch_dag.py took 0.233 seconds
[2025-04-13T21:28:01.429+0000] {processor.py:186} INFO - Started process (PID=195) to work on /home/airflow/.local/lib/python3.12/site-packages/airflow/example_dags/example_nested_branch_dag.py
[2025-04-13T21:28:01.937+0000] {processor.py:914} INFO - Processing file /home/airflow/.local/lib/python3.12/site-packages/airflow/example_dags/example_nested_branch_dag.py for tasks to queue
[2025-04-13T21:28:02.032+0000] {logging_mixin.py:190} INFO - [2025-04-13T21:28:02.031+0000] {dagbag.py:588} INFO - Filling up the DagBag from /home/airflow/.local/lib/python3.12/site-packages/airflow/example_dags/example_nested_branch_dag.py
[2025-04-13T21:28:02.506+0000] {processor.py:925} INFO - DAG(s) 'example_nested_branch_dag' retrieved from /home/airflow/.local/lib/python3.12/site-packages/airflow/example_dags/example_nested_branch_dag.py
[2025-04-13T21:28:07.163+0000] {logging_mixin.py:190} INFO - [2025-04-13T21:28:07.163+0000] {dag.py:3239} INFO - Sync 1 DAGs
[2025-04-13T21:28:11.433+0000] {logging_mixin.py:190} INFO - [2025-04-13T21:28:11.432+0000] {dag.py:4180} INFO - Setting next_dagrun for example_nested_branch_dag to 2025-04-12 00:00:00+00:00, run_after=2025-04-13 00:00:00+00:00
[2025-04-13T21:28:13.837+0000] {processor.py:208} INFO - Processing /home/airflow/.local/lib/python3.12/site-packages/airflow/example_dags/example_nested_branch_dag.py took 13.023 seconds
[2025-04-13T21:32:41.823+0000] {processor.py:186} INFO - Started process (PID=304) to work on /home/airflow/.local/lib/python3.12/site-packages/airflow/example_dags/example_nested_branch_dag.py
[2025-04-13T21:32:41.879+0000] {processor.py:914} INFO - Processing file /home/airflow/.local/lib/python3.12/site-packages/airflow/example_dags/example_nested_branch_dag.py for tasks to queue
[2025-04-13T21:32:41.915+0000] {logging_mixin.py:190} INFO - [2025-04-13T21:32:41.885+0000] {dagbag.py:588} INFO - Filling up the DagBag from /home/airflow/.local/lib/python3.12/site-packages/airflow/example_dags/example_nested_branch_dag.py
[2025-04-13T21:32:42.165+0000] {processor.py:925} INFO - DAG(s) 'example_nested_branch_dag' retrieved from /home/airflow/.local/lib/python3.12/site-packages/airflow/example_dags/example_nested_branch_dag.py
[2025-04-13T21:32:42.856+0000] {logging_mixin.py:190} INFO - [2025-04-13T21:32:42.856+0000] {dag.py:3239} INFO - Sync 1 DAGs
[2025-04-13T21:32:44.702+0000] {logging_mixin.py:190} INFO - [2025-04-13T21:32:44.103+0000] {dag.py:4180} INFO - Setting next_dagrun for example_nested_branch_dag to 2025-04-12 00:00:00+00:00, run_after=2025-04-13 00:00:00+00:00
[2025-04-13T21:32:47.058+0000] {processor.py:208} INFO - Processing /home/airflow/.local/lib/python3.12/site-packages/airflow/example_dags/example_nested_branch_dag.py took 5.825 seconds
[2025-04-13T21:36:25.776+0000] {processor.py:186} INFO - Started process (PID=393) to work on /home/airflow/.local/lib/python3.12/site-packages/airflow/example_dags/example_nested_branch_dag.py
[2025-04-13T21:36:25.801+0000] {processor.py:914} INFO - Processing file /home/airflow/.local/lib/python3.12/site-packages/airflow/example_dags/example_nested_branch_dag.py for tasks to queue
[2025-04-13T21:36:25.832+0000] {logging_mixin.py:190} INFO - [2025-04-13T21:36:25.831+0000] {dagbag.py:588} INFO - Filling up the DagBag from /home/airflow/.local/lib/python3.12/site-packages/airflow/example_dags/example_nested_branch_dag.py
[2025-04-13T21:36:26.307+0000] {processor.py:925} INFO - DAG(s) 'example_nested_branch_dag' retrieved from /home/airflow/.local/lib/python3.12/site-packages/airflow/example_dags/example_nested_branch_dag.py
[2025-04-13T21:36:27.394+0000] {logging_mixin.py:190} INFO - [2025-04-13T21:36:27.393+0000] {dag.py:3239} INFO - Sync 1 DAGs
[2025-04-13T21:36:30.496+0000] {logging_mixin.py:190} INFO - [2025-04-13T21:36:30.496+0000] {dag.py:4180} INFO - Setting next_dagrun for example_nested_branch_dag to 2025-04-12 00:00:00+00:00, run_after=2025-04-13 00:00:00+00:00
[2025-04-13T21:36:31.686+0000] {processor.py:208} INFO - Processing /home/airflow/.local/lib/python3.12/site-packages/airflow/example_dags/example_nested_branch_dag.py took 6.082 seconds
[2025-04-13T21:52:51.401+0000] {processor.py:186} INFO - Started process (PID=179) to work on /home/airflow/.local/lib/python3.12/site-packages/airflow/example_dags/example_nested_branch_dag.py
[2025-04-13T21:52:51.490+0000] {processor.py:914} INFO - Processing file /home/airflow/.local/lib/python3.12/site-packages/airflow/example_dags/example_nested_branch_dag.py for tasks to queue
[2025-04-13T21:52:51.530+0000] {logging_mixin.py:190} INFO - [2025-04-13T21:52:51.529+0000] {dagbag.py:588} INFO - Filling up the DagBag from /home/airflow/.local/lib/python3.12/site-packages/airflow/example_dags/example_nested_branch_dag.py
[2025-04-13T21:52:52.144+0000] {processor.py:925} INFO - DAG(s) 'example_nested_branch_dag' retrieved from /home/airflow/.local/lib/python3.12/site-packages/airflow/example_dags/example_nested_branch_dag.py
[2025-04-13T21:52:53.396+0000] {logging_mixin.py:190} INFO - [2025-04-13T21:52:53.395+0000] {dag.py:3239} INFO - Sync 1 DAGs
[2025-04-13T21:52:56.673+0000] {logging_mixin.py:190} INFO - [2025-04-13T21:52:56.673+0000] {dag.py:4180} INFO - Setting next_dagrun for example_nested_branch_dag to 2025-04-12 00:00:00+00:00, run_after=2025-04-13 00:00:00+00:00
[2025-04-13T21:52:57.981+0000] {processor.py:208} INFO - Processing /home/airflow/.local/lib/python3.12/site-packages/airflow/example_dags/example_nested_branch_dag.py took 7.141 seconds
[2025-04-13T22:31:54.639+0000] {processor.py:186} INFO - Started process (PID=120) to work on /home/airflow/.local/lib/python3.12/site-packages/airflow/example_dags/example_nested_branch_dag.py
[2025-04-13T22:31:54.649+0000] {processor.py:914} INFO - Processing file /home/airflow/.local/lib/python3.12/site-packages/airflow/example_dags/example_nested_branch_dag.py for tasks to queue
[2025-04-13T22:31:54.663+0000] {logging_mixin.py:190} INFO - [2025-04-13T22:31:54.663+0000] {dagbag.py:588} INFO - Filling up the DagBag from /home/airflow/.local/lib/python3.12/site-packages/airflow/example_dags/example_nested_branch_dag.py
[2025-04-13T22:31:54.811+0000] {processor.py:925} INFO - DAG(s) 'example_nested_branch_dag' retrieved from /home/airflow/.local/lib/python3.12/site-packages/airflow/example_dags/example_nested_branch_dag.py
[2025-04-13T22:31:55.119+0000] {logging_mixin.py:190} INFO - [2025-04-13T22:31:55.119+0000] {dag.py:3239} INFO - Sync 1 DAGs
[2025-04-13T22:31:55.410+0000] {logging_mixin.py:190} INFO - [2025-04-13T22:31:55.409+0000] {dag.py:4180} INFO - Setting next_dagrun for example_nested_branch_dag to 2025-04-12 00:00:00+00:00, run_after=2025-04-13 00:00:00+00:00
[2025-04-13T22:31:55.663+0000] {processor.py:208} INFO - Processing /home/airflow/.local/lib/python3.12/site-packages/airflow/example_dags/example_nested_branch_dag.py took 1.051 seconds
[2025-04-13T22:32:36.344+0000] {processor.py:186} INFO - Started process (PID=190) to work on /home/airflow/.local/lib/python3.12/site-packages/airflow/example_dags/example_nested_branch_dag.py
[2025-04-13T22:32:36.358+0000] {processor.py:914} INFO - Processing file /home/airflow/.local/lib/python3.12/site-packages/airflow/example_dags/example_nested_branch_dag.py for tasks to queue
[2025-04-13T22:32:36.377+0000] {logging_mixin.py:190} INFO - [2025-04-13T22:32:36.376+0000] {dagbag.py:588} INFO - Filling up the DagBag from /home/airflow/.local/lib/python3.12/site-packages/airflow/example_dags/example_nested_branch_dag.py
[2025-04-13T22:32:36.451+0000] {processor.py:925} INFO - DAG(s) 'example_nested_branch_dag' retrieved from /home/airflow/.local/lib/python3.12/site-packages/airflow/example_dags/example_nested_branch_dag.py
[2025-04-13T22:32:36.650+0000] {logging_mixin.py:190} INFO - [2025-04-13T22:32:36.649+0000] {dag.py:3239} INFO - Sync 1 DAGs
[2025-04-13T22:32:36.822+0000] {logging_mixin.py:190} INFO - [2025-04-13T22:32:36.821+0000] {dag.py:4180} INFO - Setting next_dagrun for example_nested_branch_dag to 2025-04-12 00:00:00+00:00, run_after=2025-04-13 00:00:00+00:00
[2025-04-13T22:32:36.960+0000] {processor.py:208} INFO - Processing /home/airflow/.local/lib/python3.12/site-packages/airflow/example_dags/example_nested_branch_dag.py took 0.663 seconds
[2025-04-13T22:33:11.919+0000] {processor.py:186} INFO - Started process (PID=254) to work on /home/airflow/.local/lib/python3.12/site-packages/airflow/example_dags/example_nested_branch_dag.py
[2025-04-13T22:33:11.921+0000] {processor.py:914} INFO - Processing file /home/airflow/.local/lib/python3.12/site-packages/airflow/example_dags/example_nested_branch_dag.py for tasks to queue
[2025-04-13T22:33:11.946+0000] {logging_mixin.py:190} INFO - [2025-04-13T22:33:11.945+0000] {dagbag.py:588} INFO - Filling up the DagBag from /home/airflow/.local/lib/python3.12/site-packages/airflow/example_dags/example_nested_branch_dag.py
[2025-04-13T22:33:11.981+0000] {processor.py:925} INFO - DAG(s) 'example_nested_branch_dag' retrieved from /home/airflow/.local/lib/python3.12/site-packages/airflow/example_dags/example_nested_branch_dag.py
[2025-04-13T22:33:12.101+0000] {logging_mixin.py:190} INFO - [2025-04-13T22:33:12.101+0000] {dag.py:3239} INFO - Sync 1 DAGs
[2025-04-13T22:33:12.214+0000] {logging_mixin.py:190} INFO - [2025-04-13T22:33:12.214+0000] {dag.py:4180} INFO - Setting next_dagrun for example_nested_branch_dag to 2025-04-12 00:00:00+00:00, run_after=2025-04-13 00:00:00+00:00
[2025-04-13T22:33:12.308+0000] {processor.py:208} INFO - Processing /home/airflow/.local/lib/python3.12/site-packages/airflow/example_dags/example_nested_branch_dag.py took 0.412 seconds
[2025-04-13T22:33:44.581+0000] {processor.py:186} INFO - Started process (PID=318) to work on /home/airflow/.local/lib/python3.12/site-packages/airflow/example_dags/example_nested_branch_dag.py
[2025-04-13T22:33:44.587+0000] {processor.py:914} INFO - Processing file /home/airflow/.local/lib/python3.12/site-packages/airflow/example_dags/example_nested_branch_dag.py for tasks to queue
[2025-04-13T22:33:44.617+0000] {logging_mixin.py:190} INFO - [2025-04-13T22:33:44.616+0000] {dagbag.py:588} INFO - Filling up the DagBag from /home/airflow/.local/lib/python3.12/site-packages/airflow/example_dags/example_nested_branch_dag.py
[2025-04-13T22:33:44.654+0000] {processor.py:925} INFO - DAG(s) 'example_nested_branch_dag' retrieved from /home/airflow/.local/lib/python3.12/site-packages/airflow/example_dags/example_nested_branch_dag.py
[2025-04-13T22:33:44.794+0000] {logging_mixin.py:190} INFO - [2025-04-13T22:33:44.794+0000] {dag.py:3239} INFO - Sync 1 DAGs
[2025-04-13T22:33:44.956+0000] {logging_mixin.py:190} INFO - [2025-04-13T22:33:44.955+0000] {dag.py:4180} INFO - Setting next_dagrun for example_nested_branch_dag to 2025-04-12 00:00:00+00:00, run_after=2025-04-13 00:00:00+00:00
[2025-04-13T22:33:45.066+0000] {processor.py:208} INFO - Processing /home/airflow/.local/lib/python3.12/site-packages/airflow/example_dags/example_nested_branch_dag.py took 0.507 seconds
[2025-04-13T22:34:23.125+0000] {processor.py:186} INFO - Started process (PID=382) to work on /home/airflow/.local/lib/python3.12/site-packages/airflow/example_dags/example_nested_branch_dag.py
[2025-04-13T22:34:23.164+0000] {processor.py:914} INFO - Processing file /home/airflow/.local/lib/python3.12/site-packages/airflow/example_dags/example_nested_branch_dag.py for tasks to queue
[2025-04-13T22:34:23.195+0000] {logging_mixin.py:190} INFO - [2025-04-13T22:34:23.173+0000] {dagbag.py:588} INFO - Filling up the DagBag from /home/airflow/.local/lib/python3.12/site-packages/airflow/example_dags/example_nested_branch_dag.py
[2025-04-13T22:34:23.267+0000] {processor.py:925} INFO - DAG(s) 'example_nested_branch_dag' retrieved from /home/airflow/.local/lib/python3.12/site-packages/airflow/example_dags/example_nested_branch_dag.py
[2025-04-13T22:34:23.373+0000] {logging_mixin.py:190} INFO - [2025-04-13T22:34:23.373+0000] {dag.py:3239} INFO - Sync 1 DAGs
[2025-04-13T22:34:23.564+0000] {logging_mixin.py:190} INFO - [2025-04-13T22:34:23.564+0000] {dag.py:4180} INFO - Setting next_dagrun for example_nested_branch_dag to 2025-04-12 00:00:00+00:00, run_after=2025-04-13 00:00:00+00:00
[2025-04-13T22:34:23.724+0000] {processor.py:208} INFO - Processing /home/airflow/.local/lib/python3.12/site-packages/airflow/example_dags/example_nested_branch_dag.py took 0.663 seconds
[2025-04-13T22:35:02.382+0000] {processor.py:186} INFO - Started process (PID=452) to work on /home/airflow/.local/lib/python3.12/site-packages/airflow/example_dags/example_nested_branch_dag.py
[2025-04-13T22:35:02.393+0000] {processor.py:914} INFO - Processing file /home/airflow/.local/lib/python3.12/site-packages/airflow/example_dags/example_nested_branch_dag.py for tasks to queue
[2025-04-13T22:35:02.405+0000] {logging_mixin.py:190} INFO - [2025-04-13T22:35:02.399+0000] {dagbag.py:588} INFO - Filling up the DagBag from /home/airflow/.local/lib/python3.12/site-packages/airflow/example_dags/example_nested_branch_dag.py
[2025-04-13T22:35:02.541+0000] {processor.py:925} INFO - DAG(s) 'example_nested_branch_dag' retrieved from /home/airflow/.local/lib/python3.12/site-packages/airflow/example_dags/example_nested_branch_dag.py
[2025-04-13T22:35:02.884+0000] {logging_mixin.py:190} INFO - [2025-04-13T22:35:02.869+0000] {dag.py:3239} INFO - Sync 1 DAGs
[2025-04-13T22:35:03.109+0000] {logging_mixin.py:190} INFO - [2025-04-13T22:35:03.109+0000] {dag.py:4180} INFO - Setting next_dagrun for example_nested_branch_dag to 2025-04-12 00:00:00+00:00, run_after=2025-04-13 00:00:00+00:00
[2025-04-13T22:35:03.541+0000] {processor.py:208} INFO - Processing /home/airflow/.local/lib/python3.12/site-packages/airflow/example_dags/example_nested_branch_dag.py took 1.242 seconds
[2025-04-13T22:35:44.063+0000] {processor.py:186} INFO - Started process (PID=516) to work on /home/airflow/.local/lib/python3.12/site-packages/airflow/example_dags/example_nested_branch_dag.py
[2025-04-13T22:35:44.069+0000] {processor.py:914} INFO - Processing file /home/airflow/.local/lib/python3.12/site-packages/airflow/example_dags/example_nested_branch_dag.py for tasks to queue
[2025-04-13T22:35:44.087+0000] {logging_mixin.py:190} INFO - [2025-04-13T22:35:44.086+0000] {dagbag.py:588} INFO - Filling up the DagBag from /home/airflow/.local/lib/python3.12/site-packages/airflow/example_dags/example_nested_branch_dag.py
[2025-04-13T22:35:44.158+0000] {processor.py:925} INFO - DAG(s) 'example_nested_branch_dag' retrieved from /home/airflow/.local/lib/python3.12/site-packages/airflow/example_dags/example_nested_branch_dag.py
[2025-04-13T22:35:44.381+0000] {logging_mixin.py:190} INFO - [2025-04-13T22:35:44.380+0000] {dag.py:3239} INFO - Sync 1 DAGs
[2025-04-13T22:35:44.520+0000] {logging_mixin.py:190} INFO - [2025-04-13T22:35:44.519+0000] {dag.py:4180} INFO - Setting next_dagrun for example_nested_branch_dag to 2025-04-12 00:00:00+00:00, run_after=2025-04-13 00:00:00+00:00
[2025-04-13T22:35:44.636+0000] {processor.py:208} INFO - Processing /home/airflow/.local/lib/python3.12/site-packages/airflow/example_dags/example_nested_branch_dag.py took 0.596 seconds
[2025-04-13T22:36:22.478+0000] {processor.py:186} INFO - Started process (PID=580) to work on /home/airflow/.local/lib/python3.12/site-packages/airflow/example_dags/example_nested_branch_dag.py
[2025-04-13T22:36:22.492+0000] {processor.py:914} INFO - Processing file /home/airflow/.local/lib/python3.12/site-packages/airflow/example_dags/example_nested_branch_dag.py for tasks to queue
[2025-04-13T22:36:22.500+0000] {logging_mixin.py:190} INFO - [2025-04-13T22:36:22.499+0000] {dagbag.py:588} INFO - Filling up the DagBag from /home/airflow/.local/lib/python3.12/site-packages/airflow/example_dags/example_nested_branch_dag.py
[2025-04-13T22:36:22.596+0000] {processor.py:925} INFO - DAG(s) 'example_nested_branch_dag' retrieved from /home/airflow/.local/lib/python3.12/site-packages/airflow/example_dags/example_nested_branch_dag.py
[2025-04-13T22:36:22.842+0000] {logging_mixin.py:190} INFO - [2025-04-13T22:36:22.841+0000] {dag.py:3239} INFO - Sync 1 DAGs
[2025-04-13T22:36:23.125+0000] {logging_mixin.py:190} INFO - [2025-04-13T22:36:23.125+0000] {dag.py:4180} INFO - Setting next_dagrun for example_nested_branch_dag to 2025-04-12 00:00:00+00:00, run_after=2025-04-13 00:00:00+00:00
[2025-04-13T22:36:23.555+0000] {processor.py:208} INFO - Processing /home/airflow/.local/lib/python3.12/site-packages/airflow/example_dags/example_nested_branch_dag.py took 1.173 seconds
[2025-04-13T22:36:55.929+0000] {processor.py:186} INFO - Started process (PID=644) to work on /home/airflow/.local/lib/python3.12/site-packages/airflow/example_dags/example_nested_branch_dag.py
[2025-04-13T22:36:55.936+0000] {processor.py:914} INFO - Processing file /home/airflow/.local/lib/python3.12/site-packages/airflow/example_dags/example_nested_branch_dag.py for tasks to queue
[2025-04-13T22:36:55.943+0000] {logging_mixin.py:190} INFO - [2025-04-13T22:36:55.943+0000] {dagbag.py:588} INFO - Filling up the DagBag from /home/airflow/.local/lib/python3.12/site-packages/airflow/example_dags/example_nested_branch_dag.py
[2025-04-13T22:36:56.065+0000] {processor.py:925} INFO - DAG(s) 'example_nested_branch_dag' retrieved from /home/airflow/.local/lib/python3.12/site-packages/airflow/example_dags/example_nested_branch_dag.py
[2025-04-13T22:36:56.351+0000] {logging_mixin.py:190} INFO - [2025-04-13T22:36:56.330+0000] {dag.py:3239} INFO - Sync 1 DAGs
[2025-04-13T22:36:56.662+0000] {logging_mixin.py:190} INFO - [2025-04-13T22:36:56.661+0000] {dag.py:4180} INFO - Setting next_dagrun for example_nested_branch_dag to 2025-04-12 00:00:00+00:00, run_after=2025-04-13 00:00:00+00:00
[2025-04-13T22:36:56.896+0000] {processor.py:208} INFO - Processing /home/airflow/.local/lib/python3.12/site-packages/airflow/example_dags/example_nested_branch_dag.py took 1.038 seconds
[2025-04-13T22:37:41.465+0000] {processor.py:186} INFO - Started process (PID=698) to work on /home/airflow/.local/lib/python3.12/site-packages/airflow/example_dags/example_nested_branch_dag.py
[2025-04-13T22:37:41.510+0000] {processor.py:914} INFO - Processing file /home/airflow/.local/lib/python3.12/site-packages/airflow/example_dags/example_nested_branch_dag.py for tasks to queue
[2025-04-13T22:37:41.530+0000] {logging_mixin.py:190} INFO - [2025-04-13T22:37:41.529+0000] {dagbag.py:588} INFO - Filling up the DagBag from /home/airflow/.local/lib/python3.12/site-packages/airflow/example_dags/example_nested_branch_dag.py
[2025-04-13T22:37:41.688+0000] {processor.py:925} INFO - DAG(s) 'example_nested_branch_dag' retrieved from /home/airflow/.local/lib/python3.12/site-packages/airflow/example_dags/example_nested_branch_dag.py
[2025-04-13T22:37:41.800+0000] {logging_mixin.py:190} INFO - [2025-04-13T22:37:41.799+0000] {dag.py:3239} INFO - Sync 1 DAGs
[2025-04-13T22:37:42.033+0000] {logging_mixin.py:190} INFO - [2025-04-13T22:37:42.033+0000] {dag.py:4180} INFO - Setting next_dagrun for example_nested_branch_dag to 2025-04-12 00:00:00+00:00, run_after=2025-04-13 00:00:00+00:00
[2025-04-13T22:37:42.174+0000] {processor.py:208} INFO - Processing /home/airflow/.local/lib/python3.12/site-packages/airflow/example_dags/example_nested_branch_dag.py took 0.834 seconds
[2025-04-13T22:38:20.783+0000] {processor.py:186} INFO - Started process (PID=762) to work on /home/airflow/.local/lib/python3.12/site-packages/airflow/example_dags/example_nested_branch_dag.py
[2025-04-13T22:38:20.795+0000] {processor.py:914} INFO - Processing file /home/airflow/.local/lib/python3.12/site-packages/airflow/example_dags/example_nested_branch_dag.py for tasks to queue
[2025-04-13T22:38:20.866+0000] {logging_mixin.py:190} INFO - [2025-04-13T22:38:20.864+0000] {dagbag.py:588} INFO - Filling up the DagBag from /home/airflow/.local/lib/python3.12/site-packages/airflow/example_dags/example_nested_branch_dag.py
[2025-04-13T22:38:20.967+0000] {processor.py:925} INFO - DAG(s) 'example_nested_branch_dag' retrieved from /home/airflow/.local/lib/python3.12/site-packages/airflow/example_dags/example_nested_branch_dag.py
[2025-04-13T22:38:21.129+0000] {logging_mixin.py:190} INFO - [2025-04-13T22:38:21.127+0000] {dag.py:3239} INFO - Sync 1 DAGs
[2025-04-13T22:38:21.368+0000] {logging_mixin.py:190} INFO - [2025-04-13T22:38:21.363+0000] {dag.py:4180} INFO - Setting next_dagrun for example_nested_branch_dag to 2025-04-12 00:00:00+00:00, run_after=2025-04-13 00:00:00+00:00
[2025-04-13T22:38:21.553+0000] {processor.py:208} INFO - Processing /home/airflow/.local/lib/python3.12/site-packages/airflow/example_dags/example_nested_branch_dag.py took 0.810 seconds
[2025-04-13T22:39:01.795+0000] {processor.py:186} INFO - Started process (PID=829) to work on /home/airflow/.local/lib/python3.12/site-packages/airflow/example_dags/example_nested_branch_dag.py
[2025-04-13T22:39:01.800+0000] {processor.py:914} INFO - Processing file /home/airflow/.local/lib/python3.12/site-packages/airflow/example_dags/example_nested_branch_dag.py for tasks to queue
[2025-04-13T22:39:01.878+0000] {logging_mixin.py:190} INFO - [2025-04-13T22:39:01.837+0000] {dagbag.py:588} INFO - Filling up the DagBag from /home/airflow/.local/lib/python3.12/site-packages/airflow/example_dags/example_nested_branch_dag.py
[2025-04-13T22:39:02.067+0000] {processor.py:925} INFO - DAG(s) 'example_nested_branch_dag' retrieved from /home/airflow/.local/lib/python3.12/site-packages/airflow/example_dags/example_nested_branch_dag.py
[2025-04-13T22:39:02.891+0000] {logging_mixin.py:190} INFO - [2025-04-13T22:39:02.890+0000] {dag.py:3239} INFO - Sync 1 DAGs
[2025-04-13T22:39:03.200+0000] {logging_mixin.py:190} INFO - [2025-04-13T22:39:03.177+0000] {dag.py:4180} INFO - Setting next_dagrun for example_nested_branch_dag to 2025-04-12 00:00:00+00:00, run_after=2025-04-13 00:00:00+00:00
[2025-04-13T22:39:03.459+0000] {processor.py:208} INFO - Processing /home/airflow/.local/lib/python3.12/site-packages/airflow/example_dags/example_nested_branch_dag.py took 1.775 seconds
[2025-04-13T22:39:38.366+0000] {processor.py:186} INFO - Started process (PID=898) to work on /home/airflow/.local/lib/python3.12/site-packages/airflow/example_dags/example_nested_branch_dag.py
[2025-04-13T22:39:38.389+0000] {processor.py:914} INFO - Processing file /home/airflow/.local/lib/python3.12/site-packages/airflow/example_dags/example_nested_branch_dag.py for tasks to queue
[2025-04-13T22:39:38.450+0000] {logging_mixin.py:190} INFO - [2025-04-13T22:39:38.415+0000] {dagbag.py:588} INFO - Filling up the DagBag from /home/airflow/.local/lib/python3.12/site-packages/airflow/example_dags/example_nested_branch_dag.py
[2025-04-13T22:39:38.665+0000] {processor.py:925} INFO - DAG(s) 'example_nested_branch_dag' retrieved from /home/airflow/.local/lib/python3.12/site-packages/airflow/example_dags/example_nested_branch_dag.py
[2025-04-13T22:39:39.099+0000] {logging_mixin.py:190} INFO - [2025-04-13T22:39:39.098+0000] {dag.py:3239} INFO - Sync 1 DAGs
[2025-04-13T22:39:39.517+0000] {logging_mixin.py:190} INFO - [2025-04-13T22:39:39.516+0000] {dag.py:4180} INFO - Setting next_dagrun for example_nested_branch_dag to 2025-04-12 00:00:00+00:00, run_after=2025-04-13 00:00:00+00:00
[2025-04-13T22:39:39.724+0000] {processor.py:208} INFO - Processing /home/airflow/.local/lib/python3.12/site-packages/airflow/example_dags/example_nested_branch_dag.py took 1.432 seconds
[2025-04-13T22:40:44.827+0000] {processor.py:186} INFO - Started process (PID=944) to work on /home/airflow/.local/lib/python3.12/site-packages/airflow/example_dags/example_nested_branch_dag.py
[2025-04-13T22:40:44.842+0000] {processor.py:914} INFO - Processing file /home/airflow/.local/lib/python3.12/site-packages/airflow/example_dags/example_nested_branch_dag.py for tasks to queue
[2025-04-13T22:40:44.874+0000] {logging_mixin.py:190} INFO - [2025-04-13T22:40:44.863+0000] {dagbag.py:588} INFO - Filling up the DagBag from /home/airflow/.local/lib/python3.12/site-packages/airflow/example_dags/example_nested_branch_dag.py
[2025-04-13T22:40:45.012+0000] {processor.py:925} INFO - DAG(s) 'example_nested_branch_dag' retrieved from /home/airflow/.local/lib/python3.12/site-packages/airflow/example_dags/example_nested_branch_dag.py
[2025-04-13T22:40:45.265+0000] {logging_mixin.py:190} INFO - [2025-04-13T22:40:45.264+0000] {dag.py:3239} INFO - Sync 1 DAGs
[2025-04-13T22:40:45.527+0000] {logging_mixin.py:190} INFO - [2025-04-13T22:40:45.526+0000] {dag.py:4180} INFO - Setting next_dagrun for example_nested_branch_dag to 2025-04-12 00:00:00+00:00, run_after=2025-04-13 00:00:00+00:00
[2025-04-13T22:40:45.880+0000] {processor.py:208} INFO - Processing /home/airflow/.local/lib/python3.12/site-packages/airflow/example_dags/example_nested_branch_dag.py took 1.121 seconds
[2025-04-13T22:42:03.913+0000] {processor.py:186} INFO - Started process (PID=1008) to work on /home/airflow/.local/lib/python3.12/site-packages/airflow/example_dags/example_nested_branch_dag.py
[2025-04-13T22:42:03.915+0000] {processor.py:914} INFO - Processing file /home/airflow/.local/lib/python3.12/site-packages/airflow/example_dags/example_nested_branch_dag.py for tasks to queue
[2025-04-13T22:42:03.920+0000] {logging_mixin.py:190} INFO - [2025-04-13T22:42:03.920+0000] {dagbag.py:588} INFO - Filling up the DagBag from /home/airflow/.local/lib/python3.12/site-packages/airflow/example_dags/example_nested_branch_dag.py
[2025-04-13T22:42:04.006+0000] {processor.py:925} INFO - DAG(s) 'example_nested_branch_dag' retrieved from /home/airflow/.local/lib/python3.12/site-packages/airflow/example_dags/example_nested_branch_dag.py
[2025-04-13T22:42:04.245+0000] {logging_mixin.py:190} INFO - [2025-04-13T22:42:04.245+0000] {dag.py:3239} INFO - Sync 1 DAGs
[2025-04-13T22:42:04.410+0000] {logging_mixin.py:190} INFO - [2025-04-13T22:42:04.410+0000] {dag.py:4180} INFO - Setting next_dagrun for example_nested_branch_dag to 2025-04-12 00:00:00+00:00, run_after=2025-04-13 00:00:00+00:00
[2025-04-13T22:42:04.657+0000] {processor.py:208} INFO - Processing /home/airflow/.local/lib/python3.12/site-packages/airflow/example_dags/example_nested_branch_dag.py took 0.769 seconds
[2025-04-13T22:42:40.746+0000] {processor.py:186} INFO - Started process (PID=1072) to work on /home/airflow/.local/lib/python3.12/site-packages/airflow/example_dags/example_nested_branch_dag.py
[2025-04-13T22:42:40.749+0000] {processor.py:914} INFO - Processing file /home/airflow/.local/lib/python3.12/site-packages/airflow/example_dags/example_nested_branch_dag.py for tasks to queue
[2025-04-13T22:42:40.757+0000] {logging_mixin.py:190} INFO - [2025-04-13T22:42:40.756+0000] {dagbag.py:588} INFO - Filling up the DagBag from /home/airflow/.local/lib/python3.12/site-packages/airflow/example_dags/example_nested_branch_dag.py
[2025-04-13T22:42:40.799+0000] {processor.py:925} INFO - DAG(s) 'example_nested_branch_dag' retrieved from /home/airflow/.local/lib/python3.12/site-packages/airflow/example_dags/example_nested_branch_dag.py
[2025-04-13T22:42:40.917+0000] {logging_mixin.py:190} INFO - [2025-04-13T22:42:40.917+0000] {dag.py:3239} INFO - Sync 1 DAGs
[2025-04-13T22:42:41.331+0000] {logging_mixin.py:190} INFO - [2025-04-13T22:42:41.331+0000] {dag.py:4180} INFO - Setting next_dagrun for example_nested_branch_dag to 2025-04-12 00:00:00+00:00, run_after=2025-04-13 00:00:00+00:00
[2025-04-13T22:42:41.528+0000] {processor.py:208} INFO - Processing /home/airflow/.local/lib/python3.12/site-packages/airflow/example_dags/example_nested_branch_dag.py took 0.798 seconds
[2025-04-13T22:43:55.804+0000] {processor.py:186} INFO - Started process (PID=1152) to work on /home/airflow/.local/lib/python3.12/site-packages/airflow/example_dags/example_nested_branch_dag.py
[2025-04-13T22:43:55.981+0000] {processor.py:914} INFO - Processing file /home/airflow/.local/lib/python3.12/site-packages/airflow/example_dags/example_nested_branch_dag.py for tasks to queue
[2025-04-13T22:43:56.139+0000] {logging_mixin.py:190} INFO - [2025-04-13T22:43:56.105+0000] {dagbag.py:588} INFO - Filling up the DagBag from /home/airflow/.local/lib/python3.12/site-packages/airflow/example_dags/example_nested_branch_dag.py
[2025-04-13T22:43:56.799+0000] {processor.py:925} INFO - DAG(s) 'example_nested_branch_dag' retrieved from /home/airflow/.local/lib/python3.12/site-packages/airflow/example_dags/example_nested_branch_dag.py
[2025-04-13T22:43:58.334+0000] {logging_mixin.py:190} INFO - [2025-04-13T22:43:58.275+0000] {dag.py:3239} INFO - Sync 1 DAGs
[2025-04-13T22:43:59.924+0000] {logging_mixin.py:190} INFO - [2025-04-13T22:43:59.917+0000] {dag.py:4180} INFO - Setting next_dagrun for example_nested_branch_dag to 2025-04-12 00:00:00+00:00, run_after=2025-04-13 00:00:00+00:00
[2025-04-13T22:44:01.631+0000] {processor.py:208} INFO - Processing /home/airflow/.local/lib/python3.12/site-packages/airflow/example_dags/example_nested_branch_dag.py took 6.012 seconds
[2025-04-13T22:45:13.532+0000] {processor.py:186} INFO - Started process (PID=1229) to work on /home/airflow/.local/lib/python3.12/site-packages/airflow/example_dags/example_nested_branch_dag.py
[2025-04-13T22:45:13.538+0000] {processor.py:914} INFO - Processing file /home/airflow/.local/lib/python3.12/site-packages/airflow/example_dags/example_nested_branch_dag.py for tasks to queue
[2025-04-13T22:45:13.556+0000] {logging_mixin.py:190} INFO - [2025-04-13T22:45:13.555+0000] {dagbag.py:588} INFO - Filling up the DagBag from /home/airflow/.local/lib/python3.12/site-packages/airflow/example_dags/example_nested_branch_dag.py
[2025-04-13T22:45:13.691+0000] {processor.py:925} INFO - DAG(s) 'example_nested_branch_dag' retrieved from /home/airflow/.local/lib/python3.12/site-packages/airflow/example_dags/example_nested_branch_dag.py
[2025-04-13T22:45:14.045+0000] {logging_mixin.py:190} INFO - [2025-04-13T22:45:14.045+0000] {dag.py:3239} INFO - Sync 1 DAGs
[2025-04-13T22:45:14.255+0000] {logging_mixin.py:190} INFO - [2025-04-13T22:45:14.255+0000] {dag.py:4180} INFO - Setting next_dagrun for example_nested_branch_dag to 2025-04-12 00:00:00+00:00, run_after=2025-04-13 00:00:00+00:00
[2025-04-13T22:45:14.399+0000] {processor.py:208} INFO - Processing /home/airflow/.local/lib/python3.12/site-packages/airflow/example_dags/example_nested_branch_dag.py took 0.904 seconds
