[2025-04-13T16:48:03.744+0000] {processor.py:186} INFO - Started process (PID=85) to work on /home/airflow/.local/lib/python3.12/site-packages/airflow/example_dags/example_display_name.py
[2025-04-13T16:48:03.760+0000] {processor.py:914} INFO - Processing file /home/airflow/.local/lib/python3.12/site-packages/airflow/example_dags/example_display_name.py for tasks to queue
[2025-04-13T16:48:03.785+0000] {logging_mixin.py:190} INFO - [2025-04-13T16:48:03.785+0000] {dagbag.py:588} INFO - Filling up the DagBag from /home/airflow/.local/lib/python3.12/site-packages/airflow/example_dags/example_display_name.py
[2025-04-13T16:48:03.925+0000] {processor.py:925} INFO - DAG(s) 'example_display_name' retrieved from /home/airflow/.local/lib/python3.12/site-packages/airflow/example_dags/example_display_name.py
[2025-04-13T16:48:06.383+0000] {logging_mixin.py:190} INFO - [2025-04-13T16:48:06.381+0000] {override.py:1912} INFO - Created Permission View: can read on DAG:example_display_name
[2025-04-13T16:48:06.737+0000] {logging_mixin.py:190} INFO - [2025-04-13T16:48:06.735+0000] {override.py:1912} INFO - Created Permission View: can edit on DAG:example_display_name
[2025-04-13T16:48:06.940+0000] {logging_mixin.py:190} INFO - [2025-04-13T16:48:06.938+0000] {override.py:1912} INFO - Created Permission View: can delete on DAG:example_display_name
[2025-04-13T16:48:07.086+0000] {logging_mixin.py:190} INFO - [2025-04-13T16:48:07.085+0000] {override.py:1912} INFO - Created Permission View: can read on DAG Run:example_display_name
[2025-04-13T16:48:07.311+0000] {logging_mixin.py:190} INFO - [2025-04-13T16:48:07.288+0000] {override.py:1912} INFO - Created Permission View: menu access on DAG Run:example_display_name
[2025-04-13T16:48:07.428+0000] {logging_mixin.py:190} INFO - [2025-04-13T16:48:07.427+0000] {override.py:1912} INFO - Created Permission View: can create on DAG Run:example_display_name
[2025-04-13T16:48:07.787+0000] {logging_mixin.py:190} INFO - [2025-04-13T16:48:07.750+0000] {override.py:1912} INFO - Created Permission View: can delete on DAG Run:example_display_name
[2025-04-13T16:48:07.841+0000] {logging_mixin.py:190} INFO - [2025-04-13T16:48:07.839+0000] {dag.py:3239} INFO - Sync 1 DAGs
[2025-04-13T16:48:08.280+0000] {logging_mixin.py:190} INFO - [2025-04-13T16:48:08.280+0000] {dag.py:3262} INFO - Creating ORM DAG for example_display_name
[2025-04-13T16:48:08.343+0000] {logging_mixin.py:190} INFO - [2025-04-13T16:48:08.343+0000] {dag.py:4180} INFO - Setting next_dagrun for example_display_name to None, run_after=None
[2025-04-13T16:48:09.142+0000] {processor.py:208} INFO - Processing /home/airflow/.local/lib/python3.12/site-packages/airflow/example_dags/example_display_name.py took 5.590 seconds
[2025-04-13T16:50:30.592+0000] {processor.py:186} INFO - Started process (PID=172) to work on /home/airflow/.local/lib/python3.12/site-packages/airflow/example_dags/example_display_name.py
[2025-04-13T16:50:30.602+0000] {processor.py:914} INFO - Processing file /home/airflow/.local/lib/python3.12/site-packages/airflow/example_dags/example_display_name.py for tasks to queue
[2025-04-13T16:50:30.607+0000] {logging_mixin.py:190} INFO - [2025-04-13T16:50:30.606+0000] {dagbag.py:588} INFO - Filling up the DagBag from /home/airflow/.local/lib/python3.12/site-packages/airflow/example_dags/example_display_name.py
[2025-04-13T16:50:30.644+0000] {processor.py:925} INFO - DAG(s) 'example_display_name' retrieved from /home/airflow/.local/lib/python3.12/site-packages/airflow/example_dags/example_display_name.py
[2025-04-13T16:50:30.790+0000] {logging_mixin.py:190} INFO - [2025-04-13T16:50:30.785+0000] {dag.py:3239} INFO - Sync 1 DAGs
[2025-04-13T16:50:31.118+0000] {logging_mixin.py:190} INFO - [2025-04-13T16:50:31.118+0000] {dag.py:4180} INFO - Setting next_dagrun for example_display_name to None, run_after=None
[2025-04-13T16:50:31.287+0000] {processor.py:208} INFO - Processing /home/airflow/.local/lib/python3.12/site-packages/airflow/example_dags/example_display_name.py took 0.787 seconds
[2025-04-13T16:51:07.187+0000] {processor.py:186} INFO - Started process (PID=222) to work on /home/airflow/.local/lib/python3.12/site-packages/airflow/example_dags/example_display_name.py
[2025-04-13T16:51:07.191+0000] {processor.py:914} INFO - Processing file /home/airflow/.local/lib/python3.12/site-packages/airflow/example_dags/example_display_name.py for tasks to queue
[2025-04-13T16:51:07.197+0000] {logging_mixin.py:190} INFO - [2025-04-13T16:51:07.196+0000] {dagbag.py:588} INFO - Filling up the DagBag from /home/airflow/.local/lib/python3.12/site-packages/airflow/example_dags/example_display_name.py
[2025-04-13T16:51:07.390+0000] {processor.py:925} INFO - DAG(s) 'example_display_name' retrieved from /home/airflow/.local/lib/python3.12/site-packages/airflow/example_dags/example_display_name.py
[2025-04-13T16:51:07.608+0000] {logging_mixin.py:190} INFO - [2025-04-13T16:51:07.607+0000] {dag.py:3239} INFO - Sync 1 DAGs
[2025-04-13T16:51:07.730+0000] {logging_mixin.py:190} INFO - [2025-04-13T16:51:07.729+0000] {dag.py:4180} INFO - Setting next_dagrun for example_display_name to None, run_after=None
[2025-04-13T16:51:07.861+0000] {processor.py:208} INFO - Processing /home/airflow/.local/lib/python3.12/site-packages/airflow/example_dags/example_display_name.py took 0.690 seconds
[2025-04-13T16:51:41.514+0000] {processor.py:186} INFO - Started process (PID=283) to work on /home/airflow/.local/lib/python3.12/site-packages/airflow/example_dags/example_display_name.py
[2025-04-13T16:51:41.517+0000] {processor.py:914} INFO - Processing file /home/airflow/.local/lib/python3.12/site-packages/airflow/example_dags/example_display_name.py for tasks to queue
[2025-04-13T16:51:41.523+0000] {logging_mixin.py:190} INFO - [2025-04-13T16:51:41.522+0000] {dagbag.py:588} INFO - Filling up the DagBag from /home/airflow/.local/lib/python3.12/site-packages/airflow/example_dags/example_display_name.py
[2025-04-13T16:51:41.543+0000] {processor.py:925} INFO - DAG(s) 'example_display_name' retrieved from /home/airflow/.local/lib/python3.12/site-packages/airflow/example_dags/example_display_name.py
[2025-04-13T16:51:41.628+0000] {logging_mixin.py:190} INFO - [2025-04-13T16:51:41.627+0000] {dag.py:3239} INFO - Sync 1 DAGs
[2025-04-13T16:51:41.695+0000] {logging_mixin.py:190} INFO - [2025-04-13T16:51:41.694+0000] {dag.py:4180} INFO - Setting next_dagrun for example_display_name to None, run_after=None
[2025-04-13T16:51:41.780+0000] {processor.py:208} INFO - Processing /home/airflow/.local/lib/python3.12/site-packages/airflow/example_dags/example_display_name.py took 0.287 seconds
[2025-04-13T16:52:14.879+0000] {processor.py:186} INFO - Started process (PID=346) to work on /home/airflow/.local/lib/python3.12/site-packages/airflow/example_dags/example_display_name.py
[2025-04-13T16:52:14.885+0000] {processor.py:914} INFO - Processing file /home/airflow/.local/lib/python3.12/site-packages/airflow/example_dags/example_display_name.py for tasks to queue
[2025-04-13T16:52:14.893+0000] {logging_mixin.py:190} INFO - [2025-04-13T16:52:14.893+0000] {dagbag.py:588} INFO - Filling up the DagBag from /home/airflow/.local/lib/python3.12/site-packages/airflow/example_dags/example_display_name.py
[2025-04-13T16:52:14.949+0000] {processor.py:925} INFO - DAG(s) 'example_display_name' retrieved from /home/airflow/.local/lib/python3.12/site-packages/airflow/example_dags/example_display_name.py
[2025-04-13T16:52:15.156+0000] {logging_mixin.py:190} INFO - [2025-04-13T16:52:15.156+0000] {dag.py:3239} INFO - Sync 1 DAGs
[2025-04-13T16:52:15.224+0000] {logging_mixin.py:190} INFO - [2025-04-13T16:52:15.224+0000] {dag.py:4180} INFO - Setting next_dagrun for example_display_name to None, run_after=None
[2025-04-13T16:52:15.324+0000] {processor.py:208} INFO - Processing /home/airflow/.local/lib/python3.12/site-packages/airflow/example_dags/example_display_name.py took 0.462 seconds
[2025-04-13T16:52:46.425+0000] {processor.py:186} INFO - Started process (PID=409) to work on /home/airflow/.local/lib/python3.12/site-packages/airflow/example_dags/example_display_name.py
[2025-04-13T16:52:46.435+0000] {processor.py:914} INFO - Processing file /home/airflow/.local/lib/python3.12/site-packages/airflow/example_dags/example_display_name.py for tasks to queue
[2025-04-13T16:52:46.498+0000] {logging_mixin.py:190} INFO - [2025-04-13T16:52:46.497+0000] {dagbag.py:588} INFO - Filling up the DagBag from /home/airflow/.local/lib/python3.12/site-packages/airflow/example_dags/example_display_name.py
[2025-04-13T16:52:46.559+0000] {processor.py:925} INFO - DAG(s) 'example_display_name' retrieved from /home/airflow/.local/lib/python3.12/site-packages/airflow/example_dags/example_display_name.py
[2025-04-13T16:52:46.675+0000] {logging_mixin.py:190} INFO - [2025-04-13T16:52:46.667+0000] {dag.py:3239} INFO - Sync 1 DAGs
[2025-04-13T16:52:46.746+0000] {logging_mixin.py:190} INFO - [2025-04-13T16:52:46.746+0000] {dag.py:4180} INFO - Setting next_dagrun for example_display_name to None, run_after=None
[2025-04-13T16:52:46.875+0000] {processor.py:208} INFO - Processing /home/airflow/.local/lib/python3.12/site-packages/airflow/example_dags/example_display_name.py took 0.472 seconds
[2025-04-13T16:53:32.497+0000] {processor.py:186} INFO - Started process (PID=468) to work on /home/airflow/.local/lib/python3.12/site-packages/airflow/example_dags/example_display_name.py
[2025-04-13T16:53:32.513+0000] {processor.py:914} INFO - Processing file /home/airflow/.local/lib/python3.12/site-packages/airflow/example_dags/example_display_name.py for tasks to queue
[2025-04-13T16:53:32.520+0000] {logging_mixin.py:190} INFO - [2025-04-13T16:53:32.519+0000] {dagbag.py:588} INFO - Filling up the DagBag from /home/airflow/.local/lib/python3.12/site-packages/airflow/example_dags/example_display_name.py
[2025-04-13T16:53:32.561+0000] {processor.py:925} INFO - DAG(s) 'example_display_name' retrieved from /home/airflow/.local/lib/python3.12/site-packages/airflow/example_dags/example_display_name.py
[2025-04-13T16:53:32.825+0000] {logging_mixin.py:190} INFO - [2025-04-13T16:53:32.825+0000] {dag.py:3239} INFO - Sync 1 DAGs
[2025-04-13T16:53:32.888+0000] {logging_mixin.py:190} INFO - [2025-04-13T16:53:32.888+0000] {dag.py:4180} INFO - Setting next_dagrun for example_display_name to None, run_after=None
[2025-04-13T16:53:32.962+0000] {processor.py:208} INFO - Processing /home/airflow/.local/lib/python3.12/site-packages/airflow/example_dags/example_display_name.py took 0.490 seconds
[2025-04-13T16:54:03.535+0000] {processor.py:186} INFO - Started process (PID=532) to work on /home/airflow/.local/lib/python3.12/site-packages/airflow/example_dags/example_display_name.py
[2025-04-13T16:54:03.541+0000] {processor.py:914} INFO - Processing file /home/airflow/.local/lib/python3.12/site-packages/airflow/example_dags/example_display_name.py for tasks to queue
[2025-04-13T16:54:03.550+0000] {logging_mixin.py:190} INFO - [2025-04-13T16:54:03.549+0000] {dagbag.py:588} INFO - Filling up the DagBag from /home/airflow/.local/lib/python3.12/site-packages/airflow/example_dags/example_display_name.py
[2025-04-13T16:54:03.586+0000] {processor.py:925} INFO - DAG(s) 'example_display_name' retrieved from /home/airflow/.local/lib/python3.12/site-packages/airflow/example_dags/example_display_name.py
[2025-04-13T16:54:03.652+0000] {logging_mixin.py:190} INFO - [2025-04-13T16:54:03.652+0000] {dag.py:3239} INFO - Sync 1 DAGs
[2025-04-13T16:54:03.723+0000] {logging_mixin.py:190} INFO - [2025-04-13T16:54:03.723+0000] {dag.py:4180} INFO - Setting next_dagrun for example_display_name to None, run_after=None
[2025-04-13T16:54:03.833+0000] {processor.py:208} INFO - Processing /home/airflow/.local/lib/python3.12/site-packages/airflow/example_dags/example_display_name.py took 0.315 seconds
[2025-04-13T16:54:47.125+0000] {processor.py:186} INFO - Started process (PID=590) to work on /home/airflow/.local/lib/python3.12/site-packages/airflow/example_dags/example_display_name.py
[2025-04-13T16:54:47.136+0000] {processor.py:914} INFO - Processing file /home/airflow/.local/lib/python3.12/site-packages/airflow/example_dags/example_display_name.py for tasks to queue
[2025-04-13T16:54:47.170+0000] {logging_mixin.py:190} INFO - [2025-04-13T16:54:47.165+0000] {dagbag.py:588} INFO - Filling up the DagBag from /home/airflow/.local/lib/python3.12/site-packages/airflow/example_dags/example_display_name.py
[2025-04-13T16:54:47.260+0000] {processor.py:925} INFO - DAG(s) 'example_display_name' retrieved from /home/airflow/.local/lib/python3.12/site-packages/airflow/example_dags/example_display_name.py
[2025-04-13T16:54:47.421+0000] {logging_mixin.py:190} INFO - [2025-04-13T16:54:47.414+0000] {dag.py:3239} INFO - Sync 1 DAGs
[2025-04-13T16:54:47.583+0000] {logging_mixin.py:190} INFO - [2025-04-13T16:54:47.583+0000] {dag.py:4180} INFO - Setting next_dagrun for example_display_name to None, run_after=None
[2025-04-13T16:54:47.713+0000] {processor.py:208} INFO - Processing /home/airflow/.local/lib/python3.12/site-packages/airflow/example_dags/example_display_name.py took 0.629 seconds
[2025-04-13T17:02:36.921+0000] {processor.py:186} INFO - Started process (PID=93) to work on /home/airflow/.local/lib/python3.12/site-packages/airflow/example_dags/example_display_name.py
[2025-04-13T17:02:36.930+0000] {processor.py:914} INFO - Processing file /home/airflow/.local/lib/python3.12/site-packages/airflow/example_dags/example_display_name.py for tasks to queue
[2025-04-13T17:02:36.995+0000] {logging_mixin.py:190} INFO - [2025-04-13T17:02:36.995+0000] {dagbag.py:588} INFO - Filling up the DagBag from /home/airflow/.local/lib/python3.12/site-packages/airflow/example_dags/example_display_name.py
[2025-04-13T17:02:37.110+0000] {processor.py:925} INFO - DAG(s) 'example_display_name' retrieved from /home/airflow/.local/lib/python3.12/site-packages/airflow/example_dags/example_display_name.py
[2025-04-13T17:02:37.346+0000] {logging_mixin.py:190} INFO - [2025-04-13T17:02:37.345+0000] {dag.py:3239} INFO - Sync 1 DAGs
[2025-04-13T17:02:37.652+0000] {logging_mixin.py:190} INFO - [2025-04-13T17:02:37.631+0000] {dag.py:4180} INFO - Setting next_dagrun for example_display_name to None, run_after=None
[2025-04-13T17:02:38.455+0000] {processor.py:208} INFO - Processing /home/airflow/.local/lib/python3.12/site-packages/airflow/example_dags/example_display_name.py took 1.728 seconds
[2025-04-13T17:05:07.719+0000] {processor.py:186} INFO - Started process (PID=180) to work on /home/airflow/.local/lib/python3.12/site-packages/airflow/example_dags/example_display_name.py
[2025-04-13T17:05:07.788+0000] {processor.py:914} INFO - Processing file /home/airflow/.local/lib/python3.12/site-packages/airflow/example_dags/example_display_name.py for tasks to queue
[2025-04-13T17:05:07.813+0000] {logging_mixin.py:190} INFO - [2025-04-13T17:05:07.812+0000] {dagbag.py:588} INFO - Filling up the DagBag from /home/airflow/.local/lib/python3.12/site-packages/airflow/example_dags/example_display_name.py
[2025-04-13T17:05:08.063+0000] {processor.py:925} INFO - DAG(s) 'example_display_name' retrieved from /home/airflow/.local/lib/python3.12/site-packages/airflow/example_dags/example_display_name.py
[2025-04-13T17:05:08.621+0000] {logging_mixin.py:190} INFO - [2025-04-13T17:05:08.620+0000] {dag.py:3239} INFO - Sync 1 DAGs
[2025-04-13T17:05:09.066+0000] {logging_mixin.py:190} INFO - [2025-04-13T17:05:09.065+0000] {dag.py:4180} INFO - Setting next_dagrun for example_display_name to None, run_after=None
[2025-04-13T17:05:09.664+0000] {processor.py:208} INFO - Processing /home/airflow/.local/lib/python3.12/site-packages/airflow/example_dags/example_display_name.py took 2.071 seconds
[2025-04-13T17:21:59.552+0000] {processor.py:186} INFO - Started process (PID=136) to work on /home/airflow/.local/lib/python3.12/site-packages/airflow/example_dags/example_display_name.py
[2025-04-13T17:21:59.572+0000] {processor.py:914} INFO - Processing file /home/airflow/.local/lib/python3.12/site-packages/airflow/example_dags/example_display_name.py for tasks to queue
[2025-04-13T17:21:59.695+0000] {logging_mixin.py:190} INFO - [2025-04-13T17:21:59.693+0000] {dagbag.py:588} INFO - Filling up the DagBag from /home/airflow/.local/lib/python3.12/site-packages/airflow/example_dags/example_display_name.py
[2025-04-13T17:22:00.997+0000] {processor.py:925} INFO - DAG(s) 'example_display_name' retrieved from /home/airflow/.local/lib/python3.12/site-packages/airflow/example_dags/example_display_name.py
[2025-04-13T17:22:04.993+0000] {logging_mixin.py:190} INFO - [2025-04-13T17:22:04.992+0000] {dag.py:3239} INFO - Sync 1 DAGs
[2025-04-13T17:22:06.850+0000] {logging_mixin.py:190} INFO - [2025-04-13T17:22:06.849+0000] {dag.py:4180} INFO - Setting next_dagrun for example_display_name to None, run_after=None
[2025-04-13T17:22:08.362+0000] {processor.py:208} INFO - Processing /home/airflow/.local/lib/python3.12/site-packages/airflow/example_dags/example_display_name.py took 9.161 seconds
[2025-04-13T18:07:54.874+0000] {processor.py:186} INFO - Started process (PID=219) to work on /home/airflow/.local/lib/python3.12/site-packages/airflow/example_dags/example_display_name.py
[2025-04-13T18:07:55.159+0000] {processor.py:914} INFO - Processing file /home/airflow/.local/lib/python3.12/site-packages/airflow/example_dags/example_display_name.py for tasks to queue
[2025-04-13T18:07:55.450+0000] {logging_mixin.py:190} INFO - [2025-04-13T18:07:55.449+0000] {dagbag.py:588} INFO - Filling up the DagBag from /home/airflow/.local/lib/python3.12/site-packages/airflow/example_dags/example_display_name.py
[2025-04-13T18:07:56.116+0000] {processor.py:925} INFO - DAG(s) 'example_display_name' retrieved from /home/airflow/.local/lib/python3.12/site-packages/airflow/example_dags/example_display_name.py
[2025-04-13T18:07:59.511+0000] {logging_mixin.py:190} INFO - [2025-04-13T18:07:59.510+0000] {dag.py:3239} INFO - Sync 1 DAGs
[2025-04-13T18:08:01.069+0000] {logging_mixin.py:190} INFO - [2025-04-13T18:08:01.068+0000] {dag.py:4180} INFO - Setting next_dagrun for example_display_name to None, run_after=None
[2025-04-13T18:08:03.271+0000] {processor.py:208} INFO - Processing /home/airflow/.local/lib/python3.12/site-packages/airflow/example_dags/example_display_name.py took 8.748 seconds
[2025-04-13T18:16:59.078+0000] {processor.py:186} INFO - Started process (PID=366) to work on /home/airflow/.local/lib/python3.12/site-packages/airflow/example_dags/example_display_name.py
[2025-04-13T18:16:59.424+0000] {processor.py:914} INFO - Processing file /home/airflow/.local/lib/python3.12/site-packages/airflow/example_dags/example_display_name.py for tasks to queue
[2025-04-13T18:16:59.446+0000] {logging_mixin.py:190} INFO - [2025-04-13T18:16:59.446+0000] {dagbag.py:588} INFO - Filling up the DagBag from /home/airflow/.local/lib/python3.12/site-packages/airflow/example_dags/example_display_name.py
[2025-04-13T18:17:00.157+0000] {processor.py:925} INFO - DAG(s) 'example_display_name' retrieved from /home/airflow/.local/lib/python3.12/site-packages/airflow/example_dags/example_display_name.py
[2025-04-13T18:17:02.131+0000] {logging_mixin.py:190} INFO - [2025-04-13T18:17:02.131+0000] {dag.py:3239} INFO - Sync 1 DAGs
[2025-04-13T18:17:03.029+0000] {logging_mixin.py:190} INFO - [2025-04-13T18:17:02.712+0000] {dag.py:4180} INFO - Setting next_dagrun for example_display_name to None, run_after=None
[2025-04-13T18:17:04.716+0000] {processor.py:208} INFO - Processing /home/airflow/.local/lib/python3.12/site-packages/airflow/example_dags/example_display_name.py took 6.492 seconds
[2025-04-13T18:23:58.374+0000] {processor.py:186} INFO - Started process (PID=489) to work on /home/airflow/.local/lib/python3.12/site-packages/airflow/example_dags/example_display_name.py
[2025-04-13T18:23:58.386+0000] {processor.py:914} INFO - Processing file /home/airflow/.local/lib/python3.12/site-packages/airflow/example_dags/example_display_name.py for tasks to queue
[2025-04-13T18:23:58.551+0000] {logging_mixin.py:190} INFO - [2025-04-13T18:23:58.550+0000] {dagbag.py:588} INFO - Filling up the DagBag from /home/airflow/.local/lib/python3.12/site-packages/airflow/example_dags/example_display_name.py
[2025-04-13T18:23:58.871+0000] {processor.py:925} INFO - DAG(s) 'example_display_name' retrieved from /home/airflow/.local/lib/python3.12/site-packages/airflow/example_dags/example_display_name.py
[2025-04-13T18:24:00.817+0000] {logging_mixin.py:190} INFO - [2025-04-13T18:24:00.808+0000] {dag.py:3239} INFO - Sync 1 DAGs
[2025-04-13T18:24:02.180+0000] {logging_mixin.py:190} INFO - [2025-04-13T18:24:02.179+0000] {dag.py:4180} INFO - Setting next_dagrun for example_display_name to None, run_after=None
[2025-04-13T18:24:05.484+0000] {processor.py:208} INFO - Processing /home/airflow/.local/lib/python3.12/site-packages/airflow/example_dags/example_display_name.py took 7.154 seconds
[2025-04-13T20:51:37.056+0000] {processor.py:186} INFO - Started process (PID=78) to work on /home/airflow/.local/lib/python3.12/site-packages/airflow/example_dags/example_display_name.py
[2025-04-13T20:51:37.075+0000] {processor.py:914} INFO - Processing file /home/airflow/.local/lib/python3.12/site-packages/airflow/example_dags/example_display_name.py for tasks to queue
[2025-04-13T20:51:37.082+0000] {logging_mixin.py:190} INFO - [2025-04-13T20:51:37.081+0000] {dagbag.py:588} INFO - Filling up the DagBag from /home/airflow/.local/lib/python3.12/site-packages/airflow/example_dags/example_display_name.py
[2025-04-13T20:51:37.207+0000] {processor.py:925} INFO - DAG(s) 'example_display_name' retrieved from /home/airflow/.local/lib/python3.12/site-packages/airflow/example_dags/example_display_name.py
[2025-04-13T20:51:37.362+0000] {logging_mixin.py:190} INFO - [2025-04-13T20:51:37.359+0000] {dag.py:3239} INFO - Sync 1 DAGs
[2025-04-13T20:51:37.516+0000] {logging_mixin.py:190} INFO - [2025-04-13T20:51:37.516+0000] {dag.py:4180} INFO - Setting next_dagrun for example_display_name to None, run_after=None
[2025-04-13T20:51:37.642+0000] {processor.py:208} INFO - Processing /home/airflow/.local/lib/python3.12/site-packages/airflow/example_dags/example_display_name.py took 0.636 seconds
[2025-04-13T20:52:17.346+0000] {processor.py:186} INFO - Started process (PID=149) to work on /home/airflow/.local/lib/python3.12/site-packages/airflow/example_dags/example_display_name.py
[2025-04-13T20:52:17.347+0000] {processor.py:914} INFO - Processing file /home/airflow/.local/lib/python3.12/site-packages/airflow/example_dags/example_display_name.py for tasks to queue
[2025-04-13T20:52:17.373+0000] {logging_mixin.py:190} INFO - [2025-04-13T20:52:17.372+0000] {dagbag.py:588} INFO - Filling up the DagBag from /home/airflow/.local/lib/python3.12/site-packages/airflow/example_dags/example_display_name.py
[2025-04-13T20:52:17.438+0000] {processor.py:925} INFO - DAG(s) 'example_display_name' retrieved from /home/airflow/.local/lib/python3.12/site-packages/airflow/example_dags/example_display_name.py
[2025-04-13T20:52:17.542+0000] {logging_mixin.py:190} INFO - [2025-04-13T20:52:17.541+0000] {dag.py:3239} INFO - Sync 1 DAGs
[2025-04-13T20:52:17.592+0000] {logging_mixin.py:190} INFO - [2025-04-13T20:52:17.592+0000] {dag.py:4180} INFO - Setting next_dagrun for example_display_name to None, run_after=None
[2025-04-13T20:52:17.675+0000] {processor.py:208} INFO - Processing /home/airflow/.local/lib/python3.12/site-packages/airflow/example_dags/example_display_name.py took 0.357 seconds
[2025-04-13T20:52:49.697+0000] {processor.py:186} INFO - Started process (PID=209) to work on /home/airflow/.local/lib/python3.12/site-packages/airflow/example_dags/example_display_name.py
[2025-04-13T20:52:49.716+0000] {processor.py:914} INFO - Processing file /home/airflow/.local/lib/python3.12/site-packages/airflow/example_dags/example_display_name.py for tasks to queue
[2025-04-13T20:52:49.744+0000] {logging_mixin.py:190} INFO - [2025-04-13T20:52:49.744+0000] {dagbag.py:588} INFO - Filling up the DagBag from /home/airflow/.local/lib/python3.12/site-packages/airflow/example_dags/example_display_name.py
[2025-04-13T20:52:49.889+0000] {processor.py:925} INFO - DAG(s) 'example_display_name' retrieved from /home/airflow/.local/lib/python3.12/site-packages/airflow/example_dags/example_display_name.py
[2025-04-13T20:52:50.264+0000] {logging_mixin.py:190} INFO - [2025-04-13T20:52:50.249+0000] {dag.py:3239} INFO - Sync 1 DAGs
[2025-04-13T20:52:50.523+0000] {logging_mixin.py:190} INFO - [2025-04-13T20:52:50.522+0000] {dag.py:4180} INFO - Setting next_dagrun for example_display_name to None, run_after=None
[2025-04-13T20:52:50.877+0000] {processor.py:208} INFO - Processing /home/airflow/.local/lib/python3.12/site-packages/airflow/example_dags/example_display_name.py took 1.281 seconds
[2025-04-13T20:53:21.742+0000] {processor.py:186} INFO - Started process (PID=273) to work on /home/airflow/.local/lib/python3.12/site-packages/airflow/example_dags/example_display_name.py
[2025-04-13T20:53:21.747+0000] {processor.py:914} INFO - Processing file /home/airflow/.local/lib/python3.12/site-packages/airflow/example_dags/example_display_name.py for tasks to queue
[2025-04-13T20:53:21.753+0000] {logging_mixin.py:190} INFO - [2025-04-13T20:53:21.752+0000] {dagbag.py:588} INFO - Filling up the DagBag from /home/airflow/.local/lib/python3.12/site-packages/airflow/example_dags/example_display_name.py
[2025-04-13T20:53:21.781+0000] {processor.py:925} INFO - DAG(s) 'example_display_name' retrieved from /home/airflow/.local/lib/python3.12/site-packages/airflow/example_dags/example_display_name.py
[2025-04-13T20:53:21.814+0000] {logging_mixin.py:190} INFO - [2025-04-13T20:53:21.814+0000] {dag.py:3239} INFO - Sync 1 DAGs
[2025-04-13T20:53:21.844+0000] {logging_mixin.py:190} INFO - [2025-04-13T20:53:21.844+0000] {dag.py:4180} INFO - Setting next_dagrun for example_display_name to None, run_after=None
[2025-04-13T20:53:21.883+0000] {processor.py:208} INFO - Processing /home/airflow/.local/lib/python3.12/site-packages/airflow/example_dags/example_display_name.py took 0.159 seconds
[2025-04-13T20:53:54.432+0000] {processor.py:186} INFO - Started process (PID=335) to work on /home/airflow/.local/lib/python3.12/site-packages/airflow/example_dags/example_display_name.py
[2025-04-13T20:53:54.446+0000] {processor.py:914} INFO - Processing file /home/airflow/.local/lib/python3.12/site-packages/airflow/example_dags/example_display_name.py for tasks to queue
[2025-04-13T20:53:54.458+0000] {logging_mixin.py:190} INFO - [2025-04-13T20:53:54.457+0000] {dagbag.py:588} INFO - Filling up the DagBag from /home/airflow/.local/lib/python3.12/site-packages/airflow/example_dags/example_display_name.py
[2025-04-13T20:53:54.518+0000] {processor.py:925} INFO - DAG(s) 'example_display_name' retrieved from /home/airflow/.local/lib/python3.12/site-packages/airflow/example_dags/example_display_name.py
[2025-04-13T20:53:54.606+0000] {logging_mixin.py:190} INFO - [2025-04-13T20:53:54.606+0000] {dag.py:3239} INFO - Sync 1 DAGs
[2025-04-13T20:53:54.738+0000] {logging_mixin.py:190} INFO - [2025-04-13T20:53:54.737+0000] {dag.py:4180} INFO - Setting next_dagrun for example_display_name to None, run_after=None
[2025-04-13T20:53:54.937+0000] {processor.py:208} INFO - Processing /home/airflow/.local/lib/python3.12/site-packages/airflow/example_dags/example_display_name.py took 0.548 seconds
[2025-04-13T20:54:26.700+0000] {processor.py:186} INFO - Started process (PID=393) to work on /home/airflow/.local/lib/python3.12/site-packages/airflow/example_dags/example_display_name.py
[2025-04-13T20:54:26.706+0000] {processor.py:914} INFO - Processing file /home/airflow/.local/lib/python3.12/site-packages/airflow/example_dags/example_display_name.py for tasks to queue
[2025-04-13T20:54:26.729+0000] {logging_mixin.py:190} INFO - [2025-04-13T20:54:26.728+0000] {dagbag.py:588} INFO - Filling up the DagBag from /home/airflow/.local/lib/python3.12/site-packages/airflow/example_dags/example_display_name.py
[2025-04-13T20:54:26.744+0000] {processor.py:925} INFO - DAG(s) 'example_display_name' retrieved from /home/airflow/.local/lib/python3.12/site-packages/airflow/example_dags/example_display_name.py
[2025-04-13T20:54:26.803+0000] {logging_mixin.py:190} INFO - [2025-04-13T20:54:26.803+0000] {dag.py:3239} INFO - Sync 1 DAGs
[2025-04-13T20:54:26.905+0000] {logging_mixin.py:190} INFO - [2025-04-13T20:54:26.905+0000] {dag.py:4180} INFO - Setting next_dagrun for example_display_name to None, run_after=None
[2025-04-13T20:54:27.083+0000] {processor.py:208} INFO - Processing /home/airflow/.local/lib/python3.12/site-packages/airflow/example_dags/example_display_name.py took 0.403 seconds
[2025-04-13T20:54:57.955+0000] {processor.py:186} INFO - Started process (PID=456) to work on /home/airflow/.local/lib/python3.12/site-packages/airflow/example_dags/example_display_name.py
[2025-04-13T20:54:57.956+0000] {processor.py:914} INFO - Processing file /home/airflow/.local/lib/python3.12/site-packages/airflow/example_dags/example_display_name.py for tasks to queue
[2025-04-13T20:54:57.962+0000] {logging_mixin.py:190} INFO - [2025-04-13T20:54:57.961+0000] {dagbag.py:588} INFO - Filling up the DagBag from /home/airflow/.local/lib/python3.12/site-packages/airflow/example_dags/example_display_name.py
[2025-04-13T20:54:57.978+0000] {processor.py:925} INFO - DAG(s) 'example_display_name' retrieved from /home/airflow/.local/lib/python3.12/site-packages/airflow/example_dags/example_display_name.py
[2025-04-13T20:54:58.090+0000] {logging_mixin.py:190} INFO - [2025-04-13T20:54:58.090+0000] {dag.py:3239} INFO - Sync 1 DAGs
[2025-04-13T20:54:58.133+0000] {logging_mixin.py:190} INFO - [2025-04-13T20:54:58.133+0000] {dag.py:4180} INFO - Setting next_dagrun for example_display_name to None, run_after=None
[2025-04-13T20:54:58.183+0000] {processor.py:208} INFO - Processing /home/airflow/.local/lib/python3.12/site-packages/airflow/example_dags/example_display_name.py took 0.252 seconds
[2025-04-13T20:55:28.342+0000] {processor.py:186} INFO - Started process (PID=519) to work on /home/airflow/.local/lib/python3.12/site-packages/airflow/example_dags/example_display_name.py
[2025-04-13T20:55:28.343+0000] {processor.py:914} INFO - Processing file /home/airflow/.local/lib/python3.12/site-packages/airflow/example_dags/example_display_name.py for tasks to queue
[2025-04-13T20:55:28.349+0000] {logging_mixin.py:190} INFO - [2025-04-13T20:55:28.349+0000] {dagbag.py:588} INFO - Filling up the DagBag from /home/airflow/.local/lib/python3.12/site-packages/airflow/example_dags/example_display_name.py
[2025-04-13T20:55:28.373+0000] {processor.py:925} INFO - DAG(s) 'example_display_name' retrieved from /home/airflow/.local/lib/python3.12/site-packages/airflow/example_dags/example_display_name.py
[2025-04-13T20:55:28.414+0000] {logging_mixin.py:190} INFO - [2025-04-13T20:55:28.414+0000] {dag.py:3239} INFO - Sync 1 DAGs
[2025-04-13T20:55:28.478+0000] {logging_mixin.py:190} INFO - [2025-04-13T20:55:28.478+0000] {dag.py:4180} INFO - Setting next_dagrun for example_display_name to None, run_after=None
[2025-04-13T20:55:28.550+0000] {processor.py:208} INFO - Processing /home/airflow/.local/lib/python3.12/site-packages/airflow/example_dags/example_display_name.py took 0.219 seconds
[2025-04-13T20:55:58.990+0000] {processor.py:186} INFO - Started process (PID=583) to work on /home/airflow/.local/lib/python3.12/site-packages/airflow/example_dags/example_display_name.py
[2025-04-13T20:55:58.998+0000] {processor.py:914} INFO - Processing file /home/airflow/.local/lib/python3.12/site-packages/airflow/example_dags/example_display_name.py for tasks to queue
[2025-04-13T20:55:59.006+0000] {logging_mixin.py:190} INFO - [2025-04-13T20:55:59.005+0000] {dagbag.py:588} INFO - Filling up the DagBag from /home/airflow/.local/lib/python3.12/site-packages/airflow/example_dags/example_display_name.py
[2025-04-13T20:55:59.061+0000] {processor.py:925} INFO - DAG(s) 'example_display_name' retrieved from /home/airflow/.local/lib/python3.12/site-packages/airflow/example_dags/example_display_name.py
[2025-04-13T20:55:59.207+0000] {logging_mixin.py:190} INFO - [2025-04-13T20:55:59.207+0000] {dag.py:3239} INFO - Sync 1 DAGs
[2025-04-13T20:55:59.234+0000] {logging_mixin.py:190} INFO - [2025-04-13T20:55:59.233+0000] {dag.py:4180} INFO - Setting next_dagrun for example_display_name to None, run_after=None
[2025-04-13T20:55:59.270+0000] {processor.py:208} INFO - Processing /home/airflow/.local/lib/python3.12/site-packages/airflow/example_dags/example_display_name.py took 0.311 seconds
[2025-04-13T20:56:30.229+0000] {processor.py:186} INFO - Started process (PID=647) to work on /home/airflow/.local/lib/python3.12/site-packages/airflow/example_dags/example_display_name.py
[2025-04-13T20:56:30.234+0000] {processor.py:914} INFO - Processing file /home/airflow/.local/lib/python3.12/site-packages/airflow/example_dags/example_display_name.py for tasks to queue
[2025-04-13T20:56:30.239+0000] {logging_mixin.py:190} INFO - [2025-04-13T20:56:30.238+0000] {dagbag.py:588} INFO - Filling up the DagBag from /home/airflow/.local/lib/python3.12/site-packages/airflow/example_dags/example_display_name.py
[2025-04-13T20:56:30.252+0000] {processor.py:925} INFO - DAG(s) 'example_display_name' retrieved from /home/airflow/.local/lib/python3.12/site-packages/airflow/example_dags/example_display_name.py
[2025-04-13T20:56:30.327+0000] {logging_mixin.py:190} INFO - [2025-04-13T20:56:30.327+0000] {dag.py:3239} INFO - Sync 1 DAGs
[2025-04-13T20:56:30.378+0000] {logging_mixin.py:190} INFO - [2025-04-13T20:56:30.377+0000] {dag.py:4180} INFO - Setting next_dagrun for example_display_name to None, run_after=None
[2025-04-13T20:56:30.429+0000] {processor.py:208} INFO - Processing /home/airflow/.local/lib/python3.12/site-packages/airflow/example_dags/example_display_name.py took 0.214 seconds
[2025-04-13T20:57:00.901+0000] {processor.py:186} INFO - Started process (PID=711) to work on /home/airflow/.local/lib/python3.12/site-packages/airflow/example_dags/example_display_name.py
[2025-04-13T20:57:00.903+0000] {processor.py:914} INFO - Processing file /home/airflow/.local/lib/python3.12/site-packages/airflow/example_dags/example_display_name.py for tasks to queue
[2025-04-13T20:57:00.921+0000] {logging_mixin.py:190} INFO - [2025-04-13T20:57:00.920+0000] {dagbag.py:588} INFO - Filling up the DagBag from /home/airflow/.local/lib/python3.12/site-packages/airflow/example_dags/example_display_name.py
[2025-04-13T20:57:00.942+0000] {processor.py:925} INFO - DAG(s) 'example_display_name' retrieved from /home/airflow/.local/lib/python3.12/site-packages/airflow/example_dags/example_display_name.py
[2025-04-13T20:57:01.047+0000] {logging_mixin.py:190} INFO - [2025-04-13T20:57:01.035+0000] {dag.py:3239} INFO - Sync 1 DAGs
[2025-04-13T20:57:01.103+0000] {logging_mixin.py:190} INFO - [2025-04-13T20:57:01.102+0000] {dag.py:4180} INFO - Setting next_dagrun for example_display_name to None, run_after=None
[2025-04-13T20:57:01.193+0000] {processor.py:208} INFO - Processing /home/airflow/.local/lib/python3.12/site-packages/airflow/example_dags/example_display_name.py took 0.302 seconds
[2025-04-13T20:57:33.140+0000] {processor.py:186} INFO - Started process (PID=768) to work on /home/airflow/.local/lib/python3.12/site-packages/airflow/example_dags/example_display_name.py
[2025-04-13T20:57:33.144+0000] {processor.py:914} INFO - Processing file /home/airflow/.local/lib/python3.12/site-packages/airflow/example_dags/example_display_name.py for tasks to queue
[2025-04-13T20:57:33.150+0000] {logging_mixin.py:190} INFO - [2025-04-13T20:57:33.149+0000] {dagbag.py:588} INFO - Filling up the DagBag from /home/airflow/.local/lib/python3.12/site-packages/airflow/example_dags/example_display_name.py
[2025-04-13T20:57:33.179+0000] {processor.py:925} INFO - DAG(s) 'example_display_name' retrieved from /home/airflow/.local/lib/python3.12/site-packages/airflow/example_dags/example_display_name.py
[2025-04-13T20:57:33.274+0000] {logging_mixin.py:190} INFO - [2025-04-13T20:57:33.273+0000] {dag.py:3239} INFO - Sync 1 DAGs
[2025-04-13T20:57:33.324+0000] {logging_mixin.py:190} INFO - [2025-04-13T20:57:33.324+0000] {dag.py:4180} INFO - Setting next_dagrun for example_display_name to None, run_after=None
[2025-04-13T20:57:33.430+0000] {processor.py:208} INFO - Processing /home/airflow/.local/lib/python3.12/site-packages/airflow/example_dags/example_display_name.py took 0.304 seconds
[2025-04-13T20:58:05.871+0000] {processor.py:186} INFO - Started process (PID=830) to work on /home/airflow/.local/lib/python3.12/site-packages/airflow/example_dags/example_display_name.py
[2025-04-13T20:58:05.877+0000] {processor.py:914} INFO - Processing file /home/airflow/.local/lib/python3.12/site-packages/airflow/example_dags/example_display_name.py for tasks to queue
[2025-04-13T20:58:05.882+0000] {logging_mixin.py:190} INFO - [2025-04-13T20:58:05.882+0000] {dagbag.py:588} INFO - Filling up the DagBag from /home/airflow/.local/lib/python3.12/site-packages/airflow/example_dags/example_display_name.py
[2025-04-13T20:58:05.902+0000] {processor.py:925} INFO - DAG(s) 'example_display_name' retrieved from /home/airflow/.local/lib/python3.12/site-packages/airflow/example_dags/example_display_name.py
[2025-04-13T20:58:05.968+0000] {logging_mixin.py:190} INFO - [2025-04-13T20:58:05.967+0000] {dag.py:3239} INFO - Sync 1 DAGs
[2025-04-13T20:58:06.021+0000] {logging_mixin.py:190} INFO - [2025-04-13T20:58:06.020+0000] {dag.py:4180} INFO - Setting next_dagrun for example_display_name to None, run_after=None
[2025-04-13T20:58:06.254+0000] {processor.py:208} INFO - Processing /home/airflow/.local/lib/python3.12/site-packages/airflow/example_dags/example_display_name.py took 0.408 seconds
[2025-04-13T20:58:36.414+0000] {processor.py:186} INFO - Started process (PID=892) to work on /home/airflow/.local/lib/python3.12/site-packages/airflow/example_dags/example_display_name.py
[2025-04-13T20:58:36.422+0000] {processor.py:914} INFO - Processing file /home/airflow/.local/lib/python3.12/site-packages/airflow/example_dags/example_display_name.py for tasks to queue
[2025-04-13T20:58:36.427+0000] {logging_mixin.py:190} INFO - [2025-04-13T20:58:36.427+0000] {dagbag.py:588} INFO - Filling up the DagBag from /home/airflow/.local/lib/python3.12/site-packages/airflow/example_dags/example_display_name.py
[2025-04-13T20:58:36.444+0000] {processor.py:925} INFO - DAG(s) 'example_display_name' retrieved from /home/airflow/.local/lib/python3.12/site-packages/airflow/example_dags/example_display_name.py
[2025-04-13T20:58:36.496+0000] {logging_mixin.py:190} INFO - [2025-04-13T20:58:36.496+0000] {dag.py:3239} INFO - Sync 1 DAGs
[2025-04-13T20:58:36.524+0000] {logging_mixin.py:190} INFO - [2025-04-13T20:58:36.524+0000] {dag.py:4180} INFO - Setting next_dagrun for example_display_name to None, run_after=None
[2025-04-13T20:58:36.571+0000] {processor.py:208} INFO - Processing /home/airflow/.local/lib/python3.12/site-packages/airflow/example_dags/example_display_name.py took 0.165 seconds
[2025-04-13T20:59:07.053+0000] {processor.py:186} INFO - Started process (PID=955) to work on /home/airflow/.local/lib/python3.12/site-packages/airflow/example_dags/example_display_name.py
[2025-04-13T20:59:07.057+0000] {processor.py:914} INFO - Processing file /home/airflow/.local/lib/python3.12/site-packages/airflow/example_dags/example_display_name.py for tasks to queue
[2025-04-13T20:59:07.062+0000] {logging_mixin.py:190} INFO - [2025-04-13T20:59:07.061+0000] {dagbag.py:588} INFO - Filling up the DagBag from /home/airflow/.local/lib/python3.12/site-packages/airflow/example_dags/example_display_name.py
[2025-04-13T20:59:07.082+0000] {processor.py:925} INFO - DAG(s) 'example_display_name' retrieved from /home/airflow/.local/lib/python3.12/site-packages/airflow/example_dags/example_display_name.py
[2025-04-13T20:59:07.128+0000] {logging_mixin.py:190} INFO - [2025-04-13T20:59:07.127+0000] {dag.py:3239} INFO - Sync 1 DAGs
[2025-04-13T20:59:07.157+0000] {logging_mixin.py:190} INFO - [2025-04-13T20:59:07.156+0000] {dag.py:4180} INFO - Setting next_dagrun for example_display_name to None, run_after=None
[2025-04-13T20:59:07.200+0000] {processor.py:208} INFO - Processing /home/airflow/.local/lib/python3.12/site-packages/airflow/example_dags/example_display_name.py took 0.157 seconds
[2025-04-13T20:59:37.966+0000] {processor.py:186} INFO - Started process (PID=1019) to work on /home/airflow/.local/lib/python3.12/site-packages/airflow/example_dags/example_display_name.py
[2025-04-13T20:59:37.969+0000] {processor.py:914} INFO - Processing file /home/airflow/.local/lib/python3.12/site-packages/airflow/example_dags/example_display_name.py for tasks to queue
[2025-04-13T20:59:37.973+0000] {logging_mixin.py:190} INFO - [2025-04-13T20:59:37.972+0000] {dagbag.py:588} INFO - Filling up the DagBag from /home/airflow/.local/lib/python3.12/site-packages/airflow/example_dags/example_display_name.py
[2025-04-13T20:59:37.987+0000] {processor.py:925} INFO - DAG(s) 'example_display_name' retrieved from /home/airflow/.local/lib/python3.12/site-packages/airflow/example_dags/example_display_name.py
[2025-04-13T20:59:38.025+0000] {logging_mixin.py:190} INFO - [2025-04-13T20:59:38.025+0000] {dag.py:3239} INFO - Sync 1 DAGs
[2025-04-13T20:59:38.083+0000] {logging_mixin.py:190} INFO - [2025-04-13T20:59:38.082+0000] {dag.py:4180} INFO - Setting next_dagrun for example_display_name to None, run_after=None
[2025-04-13T20:59:38.127+0000] {processor.py:208} INFO - Processing /home/airflow/.local/lib/python3.12/site-packages/airflow/example_dags/example_display_name.py took 0.183 seconds
[2025-04-13T21:00:08.662+0000] {processor.py:186} INFO - Started process (PID=1081) to work on /home/airflow/.local/lib/python3.12/site-packages/airflow/example_dags/example_display_name.py
[2025-04-13T21:00:08.669+0000] {processor.py:914} INFO - Processing file /home/airflow/.local/lib/python3.12/site-packages/airflow/example_dags/example_display_name.py for tasks to queue
[2025-04-13T21:00:08.676+0000] {logging_mixin.py:190} INFO - [2025-04-13T21:00:08.676+0000] {dagbag.py:588} INFO - Filling up the DagBag from /home/airflow/.local/lib/python3.12/site-packages/airflow/example_dags/example_display_name.py
[2025-04-13T21:00:08.694+0000] {processor.py:925} INFO - DAG(s) 'example_display_name' retrieved from /home/airflow/.local/lib/python3.12/site-packages/airflow/example_dags/example_display_name.py
[2025-04-13T21:00:08.797+0000] {logging_mixin.py:190} INFO - [2025-04-13T21:00:08.796+0000] {dag.py:3239} INFO - Sync 1 DAGs
[2025-04-13T21:00:08.846+0000] {logging_mixin.py:190} INFO - [2025-04-13T21:00:08.845+0000] {dag.py:4180} INFO - Setting next_dagrun for example_display_name to None, run_after=None
[2025-04-13T21:00:08.988+0000] {processor.py:208} INFO - Processing /home/airflow/.local/lib/python3.12/site-packages/airflow/example_dags/example_display_name.py took 0.337 seconds
[2025-04-13T21:00:40.551+0000] {processor.py:186} INFO - Started process (PID=1145) to work on /home/airflow/.local/lib/python3.12/site-packages/airflow/example_dags/example_display_name.py
[2025-04-13T21:00:40.596+0000] {processor.py:914} INFO - Processing file /home/airflow/.local/lib/python3.12/site-packages/airflow/example_dags/example_display_name.py for tasks to queue
[2025-04-13T21:00:40.612+0000] {logging_mixin.py:190} INFO - [2025-04-13T21:00:40.611+0000] {dagbag.py:588} INFO - Filling up the DagBag from /home/airflow/.local/lib/python3.12/site-packages/airflow/example_dags/example_display_name.py
[2025-04-13T21:00:40.645+0000] {processor.py:925} INFO - DAG(s) 'example_display_name' retrieved from /home/airflow/.local/lib/python3.12/site-packages/airflow/example_dags/example_display_name.py
[2025-04-13T21:00:40.702+0000] {logging_mixin.py:190} INFO - [2025-04-13T21:00:40.701+0000] {dag.py:3239} INFO - Sync 1 DAGs
[2025-04-13T21:00:40.780+0000] {logging_mixin.py:190} INFO - [2025-04-13T21:00:40.780+0000] {dag.py:4180} INFO - Setting next_dagrun for example_display_name to None, run_after=None
[2025-04-13T21:00:40.885+0000] {processor.py:208} INFO - Processing /home/airflow/.local/lib/python3.12/site-packages/airflow/example_dags/example_display_name.py took 0.422 seconds
[2025-04-13T21:01:11.048+0000] {processor.py:186} INFO - Started process (PID=1208) to work on /home/airflow/.local/lib/python3.12/site-packages/airflow/example_dags/example_display_name.py
[2025-04-13T21:01:11.051+0000] {processor.py:914} INFO - Processing file /home/airflow/.local/lib/python3.12/site-packages/airflow/example_dags/example_display_name.py for tasks to queue
[2025-04-13T21:01:11.076+0000] {logging_mixin.py:190} INFO - [2025-04-13T21:01:11.072+0000] {dagbag.py:588} INFO - Filling up the DagBag from /home/airflow/.local/lib/python3.12/site-packages/airflow/example_dags/example_display_name.py
[2025-04-13T21:01:11.093+0000] {processor.py:925} INFO - DAG(s) 'example_display_name' retrieved from /home/airflow/.local/lib/python3.12/site-packages/airflow/example_dags/example_display_name.py
[2025-04-13T21:01:11.182+0000] {logging_mixin.py:190} INFO - [2025-04-13T21:01:11.182+0000] {dag.py:3239} INFO - Sync 1 DAGs
[2025-04-13T21:01:11.228+0000] {logging_mixin.py:190} INFO - [2025-04-13T21:01:11.228+0000] {dag.py:4180} INFO - Setting next_dagrun for example_display_name to None, run_after=None
[2025-04-13T21:01:11.295+0000] {processor.py:208} INFO - Processing /home/airflow/.local/lib/python3.12/site-packages/airflow/example_dags/example_display_name.py took 0.262 seconds
[2025-04-13T21:25:43.254+0000] {processor.py:186} INFO - Started process (PID=147) to work on /home/airflow/.local/lib/python3.12/site-packages/airflow/example_dags/example_display_name.py
[2025-04-13T21:25:43.315+0000] {processor.py:914} INFO - Processing file /home/airflow/.local/lib/python3.12/site-packages/airflow/example_dags/example_display_name.py for tasks to queue
[2025-04-13T21:25:43.373+0000] {logging_mixin.py:190} INFO - [2025-04-13T21:25:43.372+0000] {dagbag.py:588} INFO - Filling up the DagBag from /home/airflow/.local/lib/python3.12/site-packages/airflow/example_dags/example_display_name.py
[2025-04-13T21:25:43.438+0000] {processor.py:925} INFO - DAG(s) 'example_display_name' retrieved from /home/airflow/.local/lib/python3.12/site-packages/airflow/example_dags/example_display_name.py
[2025-04-13T21:25:44.142+0000] {logging_mixin.py:190} INFO - [2025-04-13T21:25:44.141+0000] {dag.py:3239} INFO - Sync 1 DAGs
[2025-04-13T21:25:45.212+0000] {logging_mixin.py:190} INFO - [2025-04-13T21:25:45.179+0000] {dag.py:4180} INFO - Setting next_dagrun for example_display_name to None, run_after=None
[2025-04-13T21:25:46.022+0000] {processor.py:208} INFO - Processing /home/airflow/.local/lib/python3.12/site-packages/airflow/example_dags/example_display_name.py took 2.979 seconds
[2025-04-13T21:30:51.078+0000] {processor.py:186} INFO - Started process (PID=257) to work on /home/airflow/.local/lib/python3.12/site-packages/airflow/example_dags/example_display_name.py
[2025-04-13T21:30:51.093+0000] {processor.py:914} INFO - Processing file /home/airflow/.local/lib/python3.12/site-packages/airflow/example_dags/example_display_name.py for tasks to queue
[2025-04-13T21:30:51.113+0000] {logging_mixin.py:190} INFO - [2025-04-13T21:30:51.112+0000] {dagbag.py:588} INFO - Filling up the DagBag from /home/airflow/.local/lib/python3.12/site-packages/airflow/example_dags/example_display_name.py
[2025-04-13T21:30:51.628+0000] {processor.py:925} INFO - DAG(s) 'example_display_name' retrieved from /home/airflow/.local/lib/python3.12/site-packages/airflow/example_dags/example_display_name.py
[2025-04-13T21:30:53.218+0000] {logging_mixin.py:190} INFO - [2025-04-13T21:30:53.217+0000] {dag.py:3239} INFO - Sync 1 DAGs
[2025-04-13T21:30:55.359+0000] {logging_mixin.py:190} INFO - [2025-04-13T21:30:55.359+0000] {dag.py:4180} INFO - Setting next_dagrun for example_display_name to None, run_after=None
[2025-04-13T21:30:56.526+0000] {processor.py:208} INFO - Processing /home/airflow/.local/lib/python3.12/site-packages/airflow/example_dags/example_display_name.py took 5.634 seconds
[2025-04-13T21:34:55.316+0000] {processor.py:186} INFO - Started process (PID=350) to work on /home/airflow/.local/lib/python3.12/site-packages/airflow/example_dags/example_display_name.py
[2025-04-13T21:34:55.421+0000] {processor.py:914} INFO - Processing file /home/airflow/.local/lib/python3.12/site-packages/airflow/example_dags/example_display_name.py for tasks to queue
[2025-04-13T21:34:55.439+0000] {logging_mixin.py:190} INFO - [2025-04-13T21:34:55.438+0000] {dagbag.py:588} INFO - Filling up the DagBag from /home/airflow/.local/lib/python3.12/site-packages/airflow/example_dags/example_display_name.py
[2025-04-13T21:34:55.710+0000] {processor.py:925} INFO - DAG(s) 'example_display_name' retrieved from /home/airflow/.local/lib/python3.12/site-packages/airflow/example_dags/example_display_name.py
[2025-04-13T21:34:56.710+0000] {logging_mixin.py:190} INFO - [2025-04-13T21:34:56.709+0000] {dag.py:3239} INFO - Sync 1 DAGs
[2025-04-13T21:34:57.277+0000] {logging_mixin.py:190} INFO - [2025-04-13T21:34:57.276+0000] {dag.py:4180} INFO - Setting next_dagrun for example_display_name to None, run_after=None
[2025-04-13T21:34:58.313+0000] {processor.py:208} INFO - Processing /home/airflow/.local/lib/python3.12/site-packages/airflow/example_dags/example_display_name.py took 3.489 seconds
[2025-04-13T21:37:51.564+0000] {processor.py:186} INFO - Started process (PID=428) to work on /home/airflow/.local/lib/python3.12/site-packages/airflow/example_dags/example_display_name.py
[2025-04-13T21:37:51.660+0000] {processor.py:914} INFO - Processing file /home/airflow/.local/lib/python3.12/site-packages/airflow/example_dags/example_display_name.py for tasks to queue
[2025-04-13T21:37:51.781+0000] {logging_mixin.py:190} INFO - [2025-04-13T21:37:51.780+0000] {dagbag.py:588} INFO - Filling up the DagBag from /home/airflow/.local/lib/python3.12/site-packages/airflow/example_dags/example_display_name.py
[2025-04-13T21:37:51.912+0000] {processor.py:925} INFO - DAG(s) 'example_display_name' retrieved from /home/airflow/.local/lib/python3.12/site-packages/airflow/example_dags/example_display_name.py
[2025-04-13T21:37:52.393+0000] {logging_mixin.py:190} INFO - [2025-04-13T21:37:52.392+0000] {dag.py:3239} INFO - Sync 1 DAGs
[2025-04-13T21:37:53.719+0000] {logging_mixin.py:190} INFO - [2025-04-13T21:37:53.716+0000] {dag.py:4180} INFO - Setting next_dagrun for example_display_name to None, run_after=None
[2025-04-13T21:37:54.859+0000] {processor.py:208} INFO - Processing /home/airflow/.local/lib/python3.12/site-packages/airflow/example_dags/example_display_name.py took 3.511 seconds
[2025-04-13T21:50:26.435+0000] {processor.py:186} INFO - Started process (PID=126) to work on /home/airflow/.local/lib/python3.12/site-packages/airflow/example_dags/example_display_name.py
[2025-04-13T21:50:26.865+0000] {processor.py:914} INFO - Processing file /home/airflow/.local/lib/python3.12/site-packages/airflow/example_dags/example_display_name.py for tasks to queue
[2025-04-13T21:50:26.981+0000] {logging_mixin.py:190} INFO - [2025-04-13T21:50:26.981+0000] {dagbag.py:588} INFO - Filling up the DagBag from /home/airflow/.local/lib/python3.12/site-packages/airflow/example_dags/example_display_name.py
[2025-04-13T21:50:27.758+0000] {processor.py:925} INFO - DAG(s) 'example_display_name' retrieved from /home/airflow/.local/lib/python3.12/site-packages/airflow/example_dags/example_display_name.py
[2025-04-13T21:50:29.860+0000] {logging_mixin.py:190} INFO - [2025-04-13T21:50:29.859+0000] {dag.py:3239} INFO - Sync 1 DAGs
[2025-04-13T21:50:30.430+0000] {logging_mixin.py:190} INFO - [2025-04-13T21:50:30.279+0000] {dag.py:4180} INFO - Setting next_dagrun for example_display_name to None, run_after=None
[2025-04-13T21:50:31.876+0000] {processor.py:208} INFO - Processing /home/airflow/.local/lib/python3.12/site-packages/airflow/example_dags/example_display_name.py took 6.545 seconds
[2025-04-13T22:12:24.397+0000] {processor.py:186} INFO - Started process (PID=144) to work on /home/airflow/.local/lib/python3.12/site-packages/airflow/example_dags/example_display_name.py
[2025-04-13T22:12:24.456+0000] {processor.py:914} INFO - Processing file /home/airflow/.local/lib/python3.12/site-packages/airflow/example_dags/example_display_name.py for tasks to queue
[2025-04-13T22:12:25.036+0000] {logging_mixin.py:190} INFO - [2025-04-13T22:12:25.036+0000] {dagbag.py:588} INFO - Filling up the DagBag from /home/airflow/.local/lib/python3.12/site-packages/airflow/example_dags/example_display_name.py
[2025-04-13T22:12:25.350+0000] {processor.py:925} INFO - DAG(s) 'example_display_name' retrieved from /home/airflow/.local/lib/python3.12/site-packages/airflow/example_dags/example_display_name.py
[2025-04-13T22:12:28.758+0000] {logging_mixin.py:190} INFO - [2025-04-13T22:12:28.757+0000] {dag.py:3239} INFO - Sync 1 DAGs
[2025-04-13T22:12:29.748+0000] {logging_mixin.py:190} INFO - [2025-04-13T22:12:29.747+0000] {dag.py:4180} INFO - Setting next_dagrun for example_display_name to None, run_after=None
[2025-04-13T22:12:31.488+0000] {processor.py:208} INFO - Processing /home/airflow/.local/lib/python3.12/site-packages/airflow/example_dags/example_display_name.py took 8.359 seconds
[2025-04-13T22:31:14.739+0000] {processor.py:186} INFO - Started process (PID=90) to work on /home/airflow/.local/lib/python3.12/site-packages/airflow/example_dags/example_display_name.py
[2025-04-13T22:31:14.744+0000] {processor.py:914} INFO - Processing file /home/airflow/.local/lib/python3.12/site-packages/airflow/example_dags/example_display_name.py for tasks to queue
[2025-04-13T22:31:14.750+0000] {logging_mixin.py:190} INFO - [2025-04-13T22:31:14.749+0000] {dagbag.py:588} INFO - Filling up the DagBag from /home/airflow/.local/lib/python3.12/site-packages/airflow/example_dags/example_display_name.py
[2025-04-13T22:31:14.769+0000] {processor.py:925} INFO - DAG(s) 'example_display_name' retrieved from /home/airflow/.local/lib/python3.12/site-packages/airflow/example_dags/example_display_name.py
[2025-04-13T22:31:14.888+0000] {logging_mixin.py:190} INFO - [2025-04-13T22:31:14.888+0000] {dag.py:3239} INFO - Sync 1 DAGs
[2025-04-13T22:31:14.937+0000] {logging_mixin.py:190} INFO - [2025-04-13T22:31:14.936+0000] {dag.py:4180} INFO - Setting next_dagrun for example_display_name to None, run_after=None
[2025-04-13T22:31:15.026+0000] {processor.py:208} INFO - Processing /home/airflow/.local/lib/python3.12/site-packages/airflow/example_dags/example_display_name.py took 0.302 seconds
[2025-04-13T22:32:22.541+0000] {processor.py:186} INFO - Started process (PID=159) to work on /home/airflow/.local/lib/python3.12/site-packages/airflow/example_dags/example_display_name.py
[2025-04-13T22:32:22.558+0000] {processor.py:914} INFO - Processing file /home/airflow/.local/lib/python3.12/site-packages/airflow/example_dags/example_display_name.py for tasks to queue
[2025-04-13T22:32:22.579+0000] {logging_mixin.py:190} INFO - [2025-04-13T22:32:22.578+0000] {dagbag.py:588} INFO - Filling up the DagBag from /home/airflow/.local/lib/python3.12/site-packages/airflow/example_dags/example_display_name.py
[2025-04-13T22:32:22.666+0000] {processor.py:925} INFO - DAG(s) 'example_display_name' retrieved from /home/airflow/.local/lib/python3.12/site-packages/airflow/example_dags/example_display_name.py
[2025-04-13T22:32:22.815+0000] {logging_mixin.py:190} INFO - [2025-04-13T22:32:22.814+0000] {dag.py:3239} INFO - Sync 1 DAGs
[2025-04-13T22:32:23.016+0000] {logging_mixin.py:190} INFO - [2025-04-13T22:32:23.015+0000] {dag.py:4180} INFO - Setting next_dagrun for example_display_name to None, run_after=None
[2025-04-13T22:32:23.137+0000] {processor.py:208} INFO - Processing /home/airflow/.local/lib/python3.12/site-packages/airflow/example_dags/example_display_name.py took 0.624 seconds
[2025-04-13T22:32:56.020+0000] {processor.py:186} INFO - Started process (PID=223) to work on /home/airflow/.local/lib/python3.12/site-packages/airflow/example_dags/example_display_name.py
[2025-04-13T22:32:56.025+0000] {processor.py:914} INFO - Processing file /home/airflow/.local/lib/python3.12/site-packages/airflow/example_dags/example_display_name.py for tasks to queue
[2025-04-13T22:32:56.049+0000] {logging_mixin.py:190} INFO - [2025-04-13T22:32:56.048+0000] {dagbag.py:588} INFO - Filling up the DagBag from /home/airflow/.local/lib/python3.12/site-packages/airflow/example_dags/example_display_name.py
[2025-04-13T22:32:56.122+0000] {processor.py:925} INFO - DAG(s) 'example_display_name' retrieved from /home/airflow/.local/lib/python3.12/site-packages/airflow/example_dags/example_display_name.py
[2025-04-13T22:32:56.387+0000] {logging_mixin.py:190} INFO - [2025-04-13T22:32:56.386+0000] {dag.py:3239} INFO - Sync 1 DAGs
[2025-04-13T22:32:56.501+0000] {logging_mixin.py:190} INFO - [2025-04-13T22:32:56.500+0000] {dag.py:4180} INFO - Setting next_dagrun for example_display_name to None, run_after=None
[2025-04-13T22:32:56.654+0000] {processor.py:208} INFO - Processing /home/airflow/.local/lib/python3.12/site-packages/airflow/example_dags/example_display_name.py took 0.661 seconds
[2025-04-13T22:33:26.959+0000] {processor.py:186} INFO - Started process (PID=287) to work on /home/airflow/.local/lib/python3.12/site-packages/airflow/example_dags/example_display_name.py
[2025-04-13T22:33:26.962+0000] {processor.py:914} INFO - Processing file /home/airflow/.local/lib/python3.12/site-packages/airflow/example_dags/example_display_name.py for tasks to queue
[2025-04-13T22:33:26.976+0000] {logging_mixin.py:190} INFO - [2025-04-13T22:33:26.975+0000] {dagbag.py:588} INFO - Filling up the DagBag from /home/airflow/.local/lib/python3.12/site-packages/airflow/example_dags/example_display_name.py
[2025-04-13T22:33:27.018+0000] {processor.py:925} INFO - DAG(s) 'example_display_name' retrieved from /home/airflow/.local/lib/python3.12/site-packages/airflow/example_dags/example_display_name.py
[2025-04-13T22:33:27.357+0000] {logging_mixin.py:190} INFO - [2025-04-13T22:33:27.352+0000] {dag.py:3239} INFO - Sync 1 DAGs
[2025-04-13T22:33:27.423+0000] {logging_mixin.py:190} INFO - [2025-04-13T22:33:27.423+0000] {dag.py:4180} INFO - Setting next_dagrun for example_display_name to None, run_after=None
[2025-04-13T22:33:27.545+0000] {processor.py:208} INFO - Processing /home/airflow/.local/lib/python3.12/site-packages/airflow/example_dags/example_display_name.py took 0.607 seconds
[2025-04-13T22:33:58.082+0000] {processor.py:186} INFO - Started process (PID=350) to work on /home/airflow/.local/lib/python3.12/site-packages/airflow/example_dags/example_display_name.py
[2025-04-13T22:33:58.085+0000] {processor.py:914} INFO - Processing file /home/airflow/.local/lib/python3.12/site-packages/airflow/example_dags/example_display_name.py for tasks to queue
[2025-04-13T22:33:58.090+0000] {logging_mixin.py:190} INFO - [2025-04-13T22:33:58.089+0000] {dagbag.py:588} INFO - Filling up the DagBag from /home/airflow/.local/lib/python3.12/site-packages/airflow/example_dags/example_display_name.py
[2025-04-13T22:33:58.107+0000] {processor.py:925} INFO - DAG(s) 'example_display_name' retrieved from /home/airflow/.local/lib/python3.12/site-packages/airflow/example_dags/example_display_name.py
[2025-04-13T22:33:58.157+0000] {logging_mixin.py:190} INFO - [2025-04-13T22:33:58.156+0000] {dag.py:3239} INFO - Sync 1 DAGs
[2025-04-13T22:33:58.193+0000] {logging_mixin.py:190} INFO - [2025-04-13T22:33:58.193+0000] {dag.py:4180} INFO - Setting next_dagrun for example_display_name to None, run_after=None
[2025-04-13T22:33:58.252+0000] {processor.py:208} INFO - Processing /home/airflow/.local/lib/python3.12/site-packages/airflow/example_dags/example_display_name.py took 0.183 seconds
[2025-04-13T22:34:35.351+0000] {processor.py:186} INFO - Started process (PID=420) to work on /home/airflow/.local/lib/python3.12/site-packages/airflow/example_dags/example_display_name.py
[2025-04-13T22:34:35.357+0000] {processor.py:914} INFO - Processing file /home/airflow/.local/lib/python3.12/site-packages/airflow/example_dags/example_display_name.py for tasks to queue
[2025-04-13T22:34:35.364+0000] {logging_mixin.py:190} INFO - [2025-04-13T22:34:35.363+0000] {dagbag.py:588} INFO - Filling up the DagBag from /home/airflow/.local/lib/python3.12/site-packages/airflow/example_dags/example_display_name.py
[2025-04-13T22:34:35.382+0000] {processor.py:925} INFO - DAG(s) 'example_display_name' retrieved from /home/airflow/.local/lib/python3.12/site-packages/airflow/example_dags/example_display_name.py
[2025-04-13T22:34:35.451+0000] {logging_mixin.py:190} INFO - [2025-04-13T22:34:35.450+0000] {dag.py:3239} INFO - Sync 1 DAGs
[2025-04-13T22:34:35.509+0000] {logging_mixin.py:190} INFO - [2025-04-13T22:34:35.508+0000] {dag.py:4180} INFO - Setting next_dagrun for example_display_name to None, run_after=None
[2025-04-13T22:34:35.566+0000] {processor.py:208} INFO - Processing /home/airflow/.local/lib/python3.12/site-packages/airflow/example_dags/example_display_name.py took 0.228 seconds
[2025-04-13T22:35:12.246+0000] {processor.py:186} INFO - Started process (PID=464) to work on /home/airflow/.local/lib/python3.12/site-packages/airflow/example_dags/example_display_name.py
[2025-04-13T22:35:12.278+0000] {processor.py:914} INFO - Processing file /home/airflow/.local/lib/python3.12/site-packages/airflow/example_dags/example_display_name.py for tasks to queue
[2025-04-13T22:35:12.315+0000] {logging_mixin.py:190} INFO - [2025-04-13T22:35:12.315+0000] {dagbag.py:588} INFO - Filling up the DagBag from /home/airflow/.local/lib/python3.12/site-packages/airflow/example_dags/example_display_name.py
[2025-04-13T22:35:12.580+0000] {processor.py:925} INFO - DAG(s) 'example_display_name' retrieved from /home/airflow/.local/lib/python3.12/site-packages/airflow/example_dags/example_display_name.py
[2025-04-13T22:35:12.962+0000] {logging_mixin.py:190} INFO - [2025-04-13T22:35:12.961+0000] {dag.py:3239} INFO - Sync 1 DAGs
[2025-04-13T22:35:13.216+0000] {logging_mixin.py:190} INFO - [2025-04-13T22:35:13.216+0000] {dag.py:4180} INFO - Setting next_dagrun for example_display_name to None, run_after=None
[2025-04-13T22:35:13.542+0000] {processor.py:208} INFO - Processing /home/airflow/.local/lib/python3.12/site-packages/airflow/example_dags/example_display_name.py took 1.468 seconds
[2025-04-13T22:35:47.454+0000] {processor.py:186} INFO - Started process (PID=521) to work on /home/airflow/.local/lib/python3.12/site-packages/airflow/example_dags/example_display_name.py
[2025-04-13T22:35:47.494+0000] {processor.py:914} INFO - Processing file /home/airflow/.local/lib/python3.12/site-packages/airflow/example_dags/example_display_name.py for tasks to queue
[2025-04-13T22:35:47.501+0000] {logging_mixin.py:190} INFO - [2025-04-13T22:35:47.499+0000] {dagbag.py:588} INFO - Filling up the DagBag from /home/airflow/.local/lib/python3.12/site-packages/airflow/example_dags/example_display_name.py
[2025-04-13T22:35:47.585+0000] {processor.py:925} INFO - DAG(s) 'example_display_name' retrieved from /home/airflow/.local/lib/python3.12/site-packages/airflow/example_dags/example_display_name.py
[2025-04-13T22:35:47.853+0000] {logging_mixin.py:190} INFO - [2025-04-13T22:35:47.852+0000] {dag.py:3239} INFO - Sync 1 DAGs
[2025-04-13T22:35:47.887+0000] {logging_mixin.py:190} INFO - [2025-04-13T22:35:47.886+0000] {dag.py:4180} INFO - Setting next_dagrun for example_display_name to None, run_after=None
[2025-04-13T22:35:48.036+0000] {processor.py:208} INFO - Processing /home/airflow/.local/lib/python3.12/site-packages/airflow/example_dags/example_display_name.py took 0.666 seconds
[2025-04-13T22:36:25.701+0000] {processor.py:186} INFO - Started process (PID=585) to work on /home/airflow/.local/lib/python3.12/site-packages/airflow/example_dags/example_display_name.py
[2025-04-13T22:36:25.727+0000] {processor.py:914} INFO - Processing file /home/airflow/.local/lib/python3.12/site-packages/airflow/example_dags/example_display_name.py for tasks to queue
[2025-04-13T22:36:25.765+0000] {logging_mixin.py:190} INFO - [2025-04-13T22:36:25.765+0000] {dagbag.py:588} INFO - Filling up the DagBag from /home/airflow/.local/lib/python3.12/site-packages/airflow/example_dags/example_display_name.py
[2025-04-13T22:36:25.937+0000] {processor.py:925} INFO - DAG(s) 'example_display_name' retrieved from /home/airflow/.local/lib/python3.12/site-packages/airflow/example_dags/example_display_name.py
[2025-04-13T22:36:26.223+0000] {logging_mixin.py:190} INFO - [2025-04-13T22:36:26.223+0000] {dag.py:3239} INFO - Sync 1 DAGs
[2025-04-13T22:36:26.323+0000] {logging_mixin.py:190} INFO - [2025-04-13T22:36:26.323+0000] {dag.py:4180} INFO - Setting next_dagrun for example_display_name to None, run_after=None
[2025-04-13T22:36:26.486+0000] {processor.py:208} INFO - Processing /home/airflow/.local/lib/python3.12/site-packages/airflow/example_dags/example_display_name.py took 0.832 seconds
[2025-04-13T22:37:03.887+0000] {processor.py:186} INFO - Started process (PID=655) to work on /home/airflow/.local/lib/python3.12/site-packages/airflow/example_dags/example_display_name.py
[2025-04-13T22:37:03.896+0000] {processor.py:914} INFO - Processing file /home/airflow/.local/lib/python3.12/site-packages/airflow/example_dags/example_display_name.py for tasks to queue
[2025-04-13T22:37:03.906+0000] {logging_mixin.py:190} INFO - [2025-04-13T22:37:03.906+0000] {dagbag.py:588} INFO - Filling up the DagBag from /home/airflow/.local/lib/python3.12/site-packages/airflow/example_dags/example_display_name.py
[2025-04-13T22:37:03.950+0000] {processor.py:925} INFO - DAG(s) 'example_display_name' retrieved from /home/airflow/.local/lib/python3.12/site-packages/airflow/example_dags/example_display_name.py
[2025-04-13T22:37:04.114+0000] {logging_mixin.py:190} INFO - [2025-04-13T22:37:04.113+0000] {dag.py:3239} INFO - Sync 1 DAGs
[2025-04-13T22:37:04.211+0000] {logging_mixin.py:190} INFO - [2025-04-13T22:37:04.211+0000] {dag.py:4180} INFO - Setting next_dagrun for example_display_name to None, run_after=None
[2025-04-13T22:37:04.404+0000] {processor.py:208} INFO - Processing /home/airflow/.local/lib/python3.12/site-packages/airflow/example_dags/example_display_name.py took 0.551 seconds
[2025-04-13T22:37:52.963+0000] {processor.py:186} INFO - Started process (PID=716) to work on /home/airflow/.local/lib/python3.12/site-packages/airflow/example_dags/example_display_name.py
[2025-04-13T22:37:52.965+0000] {processor.py:914} INFO - Processing file /home/airflow/.local/lib/python3.12/site-packages/airflow/example_dags/example_display_name.py for tasks to queue
[2025-04-13T22:37:52.970+0000] {logging_mixin.py:190} INFO - [2025-04-13T22:37:52.969+0000] {dagbag.py:588} INFO - Filling up the DagBag from /home/airflow/.local/lib/python3.12/site-packages/airflow/example_dags/example_display_name.py
[2025-04-13T22:37:52.997+0000] {processor.py:925} INFO - DAG(s) 'example_display_name' retrieved from /home/airflow/.local/lib/python3.12/site-packages/airflow/example_dags/example_display_name.py
[2025-04-13T22:37:53.058+0000] {logging_mixin.py:190} INFO - [2025-04-13T22:37:53.058+0000] {dag.py:3239} INFO - Sync 1 DAGs
[2025-04-13T22:37:53.112+0000] {logging_mixin.py:190} INFO - [2025-04-13T22:37:53.111+0000] {dag.py:4180} INFO - Setting next_dagrun for example_display_name to None, run_after=None
[2025-04-13T22:37:53.196+0000] {processor.py:208} INFO - Processing /home/airflow/.local/lib/python3.12/site-packages/airflow/example_dags/example_display_name.py took 0.251 seconds
[2025-04-13T22:38:26.359+0000] {processor.py:186} INFO - Started process (PID=771) to work on /home/airflow/.local/lib/python3.12/site-packages/airflow/example_dags/example_display_name.py
[2025-04-13T22:38:26.370+0000] {processor.py:914} INFO - Processing file /home/airflow/.local/lib/python3.12/site-packages/airflow/example_dags/example_display_name.py for tasks to queue
[2025-04-13T22:38:26.416+0000] {logging_mixin.py:190} INFO - [2025-04-13T22:38:26.415+0000] {dagbag.py:588} INFO - Filling up the DagBag from /home/airflow/.local/lib/python3.12/site-packages/airflow/example_dags/example_display_name.py
[2025-04-13T22:38:26.457+0000] {processor.py:925} INFO - DAG(s) 'example_display_name' retrieved from /home/airflow/.local/lib/python3.12/site-packages/airflow/example_dags/example_display_name.py
[2025-04-13T22:38:26.614+0000] {logging_mixin.py:190} INFO - [2025-04-13T22:38:26.614+0000] {dag.py:3239} INFO - Sync 1 DAGs
[2025-04-13T22:38:26.922+0000] {logging_mixin.py:190} INFO - [2025-04-13T22:38:26.921+0000] {dag.py:4180} INFO - Setting next_dagrun for example_display_name to None, run_after=None
[2025-04-13T22:38:28.067+0000] {processor.py:208} INFO - Processing /home/airflow/.local/lib/python3.12/site-packages/airflow/example_dags/example_display_name.py took 1.747 seconds
[2025-04-13T22:39:00.037+0000] {processor.py:186} INFO - Started process (PID=827) to work on /home/airflow/.local/lib/python3.12/site-packages/airflow/example_dags/example_display_name.py
[2025-04-13T22:39:00.048+0000] {processor.py:914} INFO - Processing file /home/airflow/.local/lib/python3.12/site-packages/airflow/example_dags/example_display_name.py for tasks to queue
[2025-04-13T22:39:00.109+0000] {logging_mixin.py:190} INFO - [2025-04-13T22:39:00.095+0000] {dagbag.py:588} INFO - Filling up the DagBag from /home/airflow/.local/lib/python3.12/site-packages/airflow/example_dags/example_display_name.py
[2025-04-13T22:39:00.264+0000] {processor.py:925} INFO - DAG(s) 'example_display_name' retrieved from /home/airflow/.local/lib/python3.12/site-packages/airflow/example_dags/example_display_name.py
[2025-04-13T22:39:00.868+0000] {logging_mixin.py:190} INFO - [2025-04-13T22:39:00.863+0000] {dag.py:3239} INFO - Sync 1 DAGs
[2025-04-13T22:39:01.211+0000] {logging_mixin.py:190} INFO - [2025-04-13T22:39:01.210+0000] {dag.py:4180} INFO - Setting next_dagrun for example_display_name to None, run_after=None
[2025-04-13T22:39:01.493+0000] {processor.py:208} INFO - Processing /home/airflow/.local/lib/python3.12/site-packages/airflow/example_dags/example_display_name.py took 1.486 seconds
[2025-04-13T22:39:36.245+0000] {processor.py:186} INFO - Started process (PID=896) to work on /home/airflow/.local/lib/python3.12/site-packages/airflow/example_dags/example_display_name.py
[2025-04-13T22:39:36.257+0000] {processor.py:914} INFO - Processing file /home/airflow/.local/lib/python3.12/site-packages/airflow/example_dags/example_display_name.py for tasks to queue
[2025-04-13T22:39:36.298+0000] {logging_mixin.py:190} INFO - [2025-04-13T22:39:36.267+0000] {dagbag.py:588} INFO - Filling up the DagBag from /home/airflow/.local/lib/python3.12/site-packages/airflow/example_dags/example_display_name.py
[2025-04-13T22:39:36.362+0000] {processor.py:925} INFO - DAG(s) 'example_display_name' retrieved from /home/airflow/.local/lib/python3.12/site-packages/airflow/example_dags/example_display_name.py
[2025-04-13T22:39:36.559+0000] {logging_mixin.py:190} INFO - [2025-04-13T22:39:36.558+0000] {dag.py:3239} INFO - Sync 1 DAGs
[2025-04-13T22:39:36.795+0000] {logging_mixin.py:190} INFO - [2025-04-13T22:39:36.759+0000] {dag.py:4180} INFO - Setting next_dagrun for example_display_name to None, run_after=None
[2025-04-13T22:39:37.160+0000] {processor.py:208} INFO - Processing /home/airflow/.local/lib/python3.12/site-packages/airflow/example_dags/example_display_name.py took 1.001 seconds
[2025-04-13T22:40:17.463+0000] {processor.py:186} INFO - Started process (PID=922) to work on /home/airflow/.local/lib/python3.12/site-packages/airflow/example_dags/example_display_name.py
[2025-04-13T22:40:17.491+0000] {processor.py:914} INFO - Processing file /home/airflow/.local/lib/python3.12/site-packages/airflow/example_dags/example_display_name.py for tasks to queue
[2025-04-13T22:40:17.562+0000] {logging_mixin.py:190} INFO - [2025-04-13T22:40:17.562+0000] {dagbag.py:588} INFO - Filling up the DagBag from /home/airflow/.local/lib/python3.12/site-packages/airflow/example_dags/example_display_name.py
[2025-04-13T22:40:17.714+0000] {processor.py:925} INFO - DAG(s) 'example_display_name' retrieved from /home/airflow/.local/lib/python3.12/site-packages/airflow/example_dags/example_display_name.py
[2025-04-13T22:40:17.893+0000] {logging_mixin.py:190} INFO - [2025-04-13T22:40:17.892+0000] {dag.py:3239} INFO - Sync 1 DAGs
[2025-04-13T22:40:18.403+0000] {logging_mixin.py:190} INFO - [2025-04-13T22:40:18.402+0000] {dag.py:4180} INFO - Setting next_dagrun for example_display_name to None, run_after=None
[2025-04-13T22:40:19.208+0000] {processor.py:208} INFO - Processing /home/airflow/.local/lib/python3.12/site-packages/airflow/example_dags/example_display_name.py took 2.068 seconds
[2025-04-13T22:41:30.981+0000] {processor.py:186} INFO - Started process (PID=977) to work on /home/airflow/.local/lib/python3.12/site-packages/airflow/example_dags/example_display_name.py
[2025-04-13T22:41:31.043+0000] {processor.py:914} INFO - Processing file /home/airflow/.local/lib/python3.12/site-packages/airflow/example_dags/example_display_name.py for tasks to queue
[2025-04-13T22:41:31.107+0000] {logging_mixin.py:190} INFO - [2025-04-13T22:41:31.103+0000] {dagbag.py:588} INFO - Filling up the DagBag from /home/airflow/.local/lib/python3.12/site-packages/airflow/example_dags/example_display_name.py
[2025-04-13T22:41:31.175+0000] {processor.py:925} INFO - DAG(s) 'example_display_name' retrieved from /home/airflow/.local/lib/python3.12/site-packages/airflow/example_dags/example_display_name.py
[2025-04-13T22:41:31.444+0000] {logging_mixin.py:190} INFO - [2025-04-13T22:41:31.431+0000] {dag.py:3239} INFO - Sync 1 DAGs
[2025-04-13T22:41:31.667+0000] {logging_mixin.py:190} INFO - [2025-04-13T22:41:31.657+0000] {dag.py:4180} INFO - Setting next_dagrun for example_display_name to None, run_after=None
[2025-04-13T22:41:32.052+0000] {processor.py:208} INFO - Processing /home/airflow/.local/lib/python3.12/site-packages/airflow/example_dags/example_display_name.py took 1.147 seconds
[2025-04-13T22:42:10.287+0000] {processor.py:186} INFO - Started process (PID=1025) to work on /home/airflow/.local/lib/python3.12/site-packages/airflow/example_dags/example_display_name.py
[2025-04-13T22:42:10.290+0000] {processor.py:914} INFO - Processing file /home/airflow/.local/lib/python3.12/site-packages/airflow/example_dags/example_display_name.py for tasks to queue
[2025-04-13T22:42:10.306+0000] {logging_mixin.py:190} INFO - [2025-04-13T22:42:10.305+0000] {dagbag.py:588} INFO - Filling up the DagBag from /home/airflow/.local/lib/python3.12/site-packages/airflow/example_dags/example_display_name.py
[2025-04-13T22:42:10.341+0000] {processor.py:925} INFO - DAG(s) 'example_display_name' retrieved from /home/airflow/.local/lib/python3.12/site-packages/airflow/example_dags/example_display_name.py
[2025-04-13T22:42:10.426+0000] {logging_mixin.py:190} INFO - [2025-04-13T22:42:10.424+0000] {dag.py:3239} INFO - Sync 1 DAGs
[2025-04-13T22:42:10.484+0000] {logging_mixin.py:190} INFO - [2025-04-13T22:42:10.484+0000] {dag.py:4180} INFO - Setting next_dagrun for example_display_name to None, run_after=None
[2025-04-13T22:42:10.673+0000] {processor.py:208} INFO - Processing /home/airflow/.local/lib/python3.12/site-packages/airflow/example_dags/example_display_name.py took 0.402 seconds
[2025-04-13T22:42:47.871+0000] {processor.py:186} INFO - Started process (PID=1095) to work on /home/airflow/.local/lib/python3.12/site-packages/airflow/example_dags/example_display_name.py
[2025-04-13T22:42:47.873+0000] {processor.py:914} INFO - Processing file /home/airflow/.local/lib/python3.12/site-packages/airflow/example_dags/example_display_name.py for tasks to queue
[2025-04-13T22:42:47.881+0000] {logging_mixin.py:190} INFO - [2025-04-13T22:42:47.880+0000] {dagbag.py:588} INFO - Filling up the DagBag from /home/airflow/.local/lib/python3.12/site-packages/airflow/example_dags/example_display_name.py
[2025-04-13T22:42:47.917+0000] {processor.py:925} INFO - DAG(s) 'example_display_name' retrieved from /home/airflow/.local/lib/python3.12/site-packages/airflow/example_dags/example_display_name.py
[2025-04-13T22:42:48.054+0000] {logging_mixin.py:190} INFO - [2025-04-13T22:42:48.054+0000] {dag.py:3239} INFO - Sync 1 DAGs
[2025-04-13T22:42:48.234+0000] {logging_mixin.py:190} INFO - [2025-04-13T22:42:48.233+0000] {dag.py:4180} INFO - Setting next_dagrun for example_display_name to None, run_after=None
[2025-04-13T22:42:48.352+0000] {processor.py:208} INFO - Processing /home/airflow/.local/lib/python3.12/site-packages/airflow/example_dags/example_display_name.py took 0.496 seconds
[2025-04-13T22:43:23.447+0000] {processor.py:186} INFO - Started process (PID=1130) to work on /home/airflow/.local/lib/python3.12/site-packages/airflow/example_dags/example_display_name.py
[2025-04-13T22:43:23.455+0000] {processor.py:914} INFO - Processing file /home/airflow/.local/lib/python3.12/site-packages/airflow/example_dags/example_display_name.py for tasks to queue
[2025-04-13T22:43:23.466+0000] {logging_mixin.py:190} INFO - [2025-04-13T22:43:23.465+0000] {dagbag.py:588} INFO - Filling up the DagBag from /home/airflow/.local/lib/python3.12/site-packages/airflow/example_dags/example_display_name.py
[2025-04-13T22:43:23.521+0000] {processor.py:925} INFO - DAG(s) 'example_display_name' retrieved from /home/airflow/.local/lib/python3.12/site-packages/airflow/example_dags/example_display_name.py
[2025-04-13T22:43:23.686+0000] {logging_mixin.py:190} INFO - [2025-04-13T22:43:23.686+0000] {dag.py:3239} INFO - Sync 1 DAGs
[2025-04-13T22:43:23.818+0000] {logging_mixin.py:190} INFO - [2025-04-13T22:43:23.790+0000] {dag.py:4180} INFO - Setting next_dagrun for example_display_name to None, run_after=None
[2025-04-13T22:43:23.918+0000] {processor.py:208} INFO - Processing /home/airflow/.local/lib/python3.12/site-packages/airflow/example_dags/example_display_name.py took 0.545 seconds
[2025-04-13T22:44:21.438+0000] {processor.py:186} INFO - Started process (PID=1176) to work on /home/airflow/.local/lib/python3.12/site-packages/airflow/example_dags/example_display_name.py
[2025-04-13T22:44:21.454+0000] {processor.py:914} INFO - Processing file /home/airflow/.local/lib/python3.12/site-packages/airflow/example_dags/example_display_name.py for tasks to queue
[2025-04-13T22:44:21.508+0000] {logging_mixin.py:190} INFO - [2025-04-13T22:44:21.471+0000] {dagbag.py:588} INFO - Filling up the DagBag from /home/airflow/.local/lib/python3.12/site-packages/airflow/example_dags/example_display_name.py
[2025-04-13T22:44:21.682+0000] {processor.py:925} INFO - DAG(s) 'example_display_name' retrieved from /home/airflow/.local/lib/python3.12/site-packages/airflow/example_dags/example_display_name.py
[2025-04-13T22:44:22.165+0000] {logging_mixin.py:190} INFO - [2025-04-13T22:44:22.165+0000] {dag.py:3239} INFO - Sync 1 DAGs
[2025-04-13T22:44:23.104+0000] {logging_mixin.py:190} INFO - [2025-04-13T22:44:23.103+0000] {dag.py:4180} INFO - Setting next_dagrun for example_display_name to None, run_after=None
[2025-04-13T22:44:23.368+0000] {processor.py:208} INFO - Processing /home/airflow/.local/lib/python3.12/site-packages/airflow/example_dags/example_display_name.py took 1.996 seconds
[2025-04-13T22:45:09.468+0000] {processor.py:186} INFO - Started process (PID=1222) to work on /home/airflow/.local/lib/python3.12/site-packages/airflow/example_dags/example_display_name.py
[2025-04-13T22:45:09.485+0000] {processor.py:914} INFO - Processing file /home/airflow/.local/lib/python3.12/site-packages/airflow/example_dags/example_display_name.py for tasks to queue
[2025-04-13T22:45:09.543+0000] {logging_mixin.py:190} INFO - [2025-04-13T22:45:09.542+0000] {dagbag.py:588} INFO - Filling up the DagBag from /home/airflow/.local/lib/python3.12/site-packages/airflow/example_dags/example_display_name.py
[2025-04-13T22:45:09.685+0000] {processor.py:925} INFO - DAG(s) 'example_display_name' retrieved from /home/airflow/.local/lib/python3.12/site-packages/airflow/example_dags/example_display_name.py
[2025-04-13T22:45:09.873+0000] {logging_mixin.py:190} INFO - [2025-04-13T22:45:09.871+0000] {dag.py:3239} INFO - Sync 1 DAGs
[2025-04-13T22:45:09.997+0000] {logging_mixin.py:190} INFO - [2025-04-13T22:45:09.997+0000] {dag.py:4180} INFO - Setting next_dagrun for example_display_name to None, run_after=None
[2025-04-13T22:45:10.373+0000] {processor.py:208} INFO - Processing /home/airflow/.local/lib/python3.12/site-packages/airflow/example_dags/example_display_name.py took 1.051 seconds
