[2025-04-13T16:49:10.636+0000] {processor.py:186} INFO - Started process (PID=125) to work on /home/airflow/.local/lib/python3.12/site-packages/airflow/example_dags/example_branch_labels.py
[2025-04-13T16:49:10.642+0000] {processor.py:914} INFO - Processing file /home/airflow/.local/lib/python3.12/site-packages/airflow/example_dags/example_branch_labels.py for tasks to queue
[2025-04-13T16:49:10.655+0000] {logging_mixin.py:190} INFO - [2025-04-13T16:49:10.655+0000] {dagbag.py:588} INFO - Filling up the DagBag from /home/airflow/.local/lib/python3.12/site-packages/airflow/example_dags/example_branch_labels.py
[2025-04-13T16:49:10.717+0000] {processor.py:925} INFO - DAG(s) 'example_branch_labels' retrieved from /home/airflow/.local/lib/python3.12/site-packages/airflow/example_dags/example_branch_labels.py
[2025-04-13T16:49:11.224+0000] {logging_mixin.py:190} INFO - [2025-04-13T16:49:11.222+0000] {override.py:1912} INFO - Created Permission View: can read on DAG:example_branch_labels
[2025-04-13T16:49:11.284+0000] {logging_mixin.py:190} INFO - [2025-04-13T16:49:11.283+0000] {override.py:1912} INFO - Created Permission View: can edit on DAG:example_branch_labels
[2025-04-13T16:49:11.329+0000] {logging_mixin.py:190} INFO - [2025-04-13T16:49:11.328+0000] {override.py:1912} INFO - Created Permission View: can delete on DAG:example_branch_labels
[2025-04-13T16:49:11.369+0000] {logging_mixin.py:190} INFO - [2025-04-13T16:49:11.367+0000] {override.py:1912} INFO - Created Permission View: can read on DAG Run:example_branch_labels
[2025-04-13T16:49:11.430+0000] {logging_mixin.py:190} INFO - [2025-04-13T16:49:11.429+0000] {override.py:1912} INFO - Created Permission View: menu access on DAG Run:example_branch_labels
[2025-04-13T16:49:11.458+0000] {logging_mixin.py:190} INFO - [2025-04-13T16:49:11.456+0000] {override.py:1912} INFO - Created Permission View: can create on DAG Run:example_branch_labels
[2025-04-13T16:49:11.484+0000] {logging_mixin.py:190} INFO - [2025-04-13T16:49:11.483+0000] {override.py:1912} INFO - Created Permission View: can delete on DAG Run:example_branch_labels
[2025-04-13T16:49:11.486+0000] {logging_mixin.py:190} INFO - [2025-04-13T16:49:11.485+0000] {dag.py:3239} INFO - Sync 1 DAGs
[2025-04-13T16:49:11.534+0000] {logging_mixin.py:190} INFO - [2025-04-13T16:49:11.527+0000] {dag.py:3262} INFO - Creating ORM DAG for example_branch_labels
[2025-04-13T16:49:11.982+0000] {logging_mixin.py:190} INFO - [2025-04-13T16:49:11.982+0000] {dag.py:4180} INFO - Setting next_dagrun for example_branch_labels to 2025-04-12 00:00:00+00:00, run_after=2025-04-13 00:00:00+00:00
[2025-04-13T16:49:12.071+0000] {processor.py:208} INFO - Processing /home/airflow/.local/lib/python3.12/site-packages/airflow/example_dags/example_branch_labels.py took 1.456 seconds
[2025-04-13T16:50:52.170+0000] {processor.py:186} INFO - Started process (PID=207) to work on /home/airflow/.local/lib/python3.12/site-packages/airflow/example_dags/example_branch_labels.py
[2025-04-13T16:50:52.172+0000] {processor.py:914} INFO - Processing file /home/airflow/.local/lib/python3.12/site-packages/airflow/example_dags/example_branch_labels.py for tasks to queue
[2025-04-13T16:50:52.279+0000] {logging_mixin.py:190} INFO - [2025-04-13T16:50:52.267+0000] {dagbag.py:588} INFO - Filling up the DagBag from /home/airflow/.local/lib/python3.12/site-packages/airflow/example_dags/example_branch_labels.py
[2025-04-13T16:50:52.370+0000] {processor.py:925} INFO - DAG(s) 'example_branch_labels' retrieved from /home/airflow/.local/lib/python3.12/site-packages/airflow/example_dags/example_branch_labels.py
[2025-04-13T16:50:52.459+0000] {logging_mixin.py:190} INFO - [2025-04-13T16:50:52.458+0000] {dag.py:3239} INFO - Sync 1 DAGs
[2025-04-13T16:50:52.672+0000] {logging_mixin.py:190} INFO - [2025-04-13T16:50:52.671+0000] {dag.py:4180} INFO - Setting next_dagrun for example_branch_labels to 2025-04-12 00:00:00+00:00, run_after=2025-04-13 00:00:00+00:00
[2025-04-13T16:50:52.753+0000] {processor.py:208} INFO - Processing /home/airflow/.local/lib/python3.12/site-packages/airflow/example_dags/example_branch_labels.py took 0.706 seconds
[2025-04-13T16:51:30.859+0000] {processor.py:186} INFO - Started process (PID=271) to work on /home/airflow/.local/lib/python3.12/site-packages/airflow/example_dags/example_branch_labels.py
[2025-04-13T16:51:30.898+0000] {processor.py:914} INFO - Processing file /home/airflow/.local/lib/python3.12/site-packages/airflow/example_dags/example_branch_labels.py for tasks to queue
[2025-04-13T16:51:30.933+0000] {logging_mixin.py:190} INFO - [2025-04-13T16:51:30.933+0000] {dagbag.py:588} INFO - Filling up the DagBag from /home/airflow/.local/lib/python3.12/site-packages/airflow/example_dags/example_branch_labels.py
[2025-04-13T16:51:31.094+0000] {processor.py:925} INFO - DAG(s) 'example_branch_labels' retrieved from /home/airflow/.local/lib/python3.12/site-packages/airflow/example_dags/example_branch_labels.py
[2025-04-13T16:51:31.362+0000] {logging_mixin.py:190} INFO - [2025-04-13T16:51:31.361+0000] {dag.py:3239} INFO - Sync 1 DAGs
[2025-04-13T16:51:31.528+0000] {logging_mixin.py:190} INFO - [2025-04-13T16:51:31.528+0000] {dag.py:4180} INFO - Setting next_dagrun for example_branch_labels to 2025-04-12 00:00:00+00:00, run_after=2025-04-13 00:00:00+00:00
[2025-04-13T16:51:31.682+0000] {processor.py:208} INFO - Processing /home/airflow/.local/lib/python3.12/site-packages/airflow/example_dags/example_branch_labels.py took 0.880 seconds
[2025-04-13T16:52:02.037+0000] {processor.py:186} INFO - Started process (PID=334) to work on /home/airflow/.local/lib/python3.12/site-packages/airflow/example_dags/example_branch_labels.py
[2025-04-13T16:52:02.041+0000] {processor.py:914} INFO - Processing file /home/airflow/.local/lib/python3.12/site-packages/airflow/example_dags/example_branch_labels.py for tasks to queue
[2025-04-13T16:52:02.062+0000] {logging_mixin.py:190} INFO - [2025-04-13T16:52:02.061+0000] {dagbag.py:588} INFO - Filling up the DagBag from /home/airflow/.local/lib/python3.12/site-packages/airflow/example_dags/example_branch_labels.py
[2025-04-13T16:52:02.099+0000] {processor.py:925} INFO - DAG(s) 'example_branch_labels' retrieved from /home/airflow/.local/lib/python3.12/site-packages/airflow/example_dags/example_branch_labels.py
[2025-04-13T16:52:02.183+0000] {logging_mixin.py:190} INFO - [2025-04-13T16:52:02.182+0000] {dag.py:3239} INFO - Sync 1 DAGs
[2025-04-13T16:52:02.246+0000] {logging_mixin.py:190} INFO - [2025-04-13T16:52:02.246+0000] {dag.py:4180} INFO - Setting next_dagrun for example_branch_labels to 2025-04-12 00:00:00+00:00, run_after=2025-04-13 00:00:00+00:00
[2025-04-13T16:52:02.435+0000] {processor.py:208} INFO - Processing /home/airflow/.local/lib/python3.12/site-packages/airflow/example_dags/example_branch_labels.py took 0.414 seconds
[2025-04-13T16:52:33.821+0000] {processor.py:186} INFO - Started process (PID=398) to work on /home/airflow/.local/lib/python3.12/site-packages/airflow/example_dags/example_branch_labels.py
[2025-04-13T16:52:33.825+0000] {processor.py:914} INFO - Processing file /home/airflow/.local/lib/python3.12/site-packages/airflow/example_dags/example_branch_labels.py for tasks to queue
[2025-04-13T16:52:33.831+0000] {logging_mixin.py:190} INFO - [2025-04-13T16:52:33.830+0000] {dagbag.py:588} INFO - Filling up the DagBag from /home/airflow/.local/lib/python3.12/site-packages/airflow/example_dags/example_branch_labels.py
[2025-04-13T16:52:33.866+0000] {processor.py:925} INFO - DAG(s) 'example_branch_labels' retrieved from /home/airflow/.local/lib/python3.12/site-packages/airflow/example_dags/example_branch_labels.py
[2025-04-13T16:52:34.027+0000] {logging_mixin.py:190} INFO - [2025-04-13T16:52:34.026+0000] {dag.py:3239} INFO - Sync 1 DAGs
[2025-04-13T16:52:34.292+0000] {logging_mixin.py:190} INFO - [2025-04-13T16:52:34.291+0000] {dag.py:4180} INFO - Setting next_dagrun for example_branch_labels to 2025-04-12 00:00:00+00:00, run_after=2025-04-13 00:00:00+00:00
[2025-04-13T16:52:34.579+0000] {processor.py:208} INFO - Processing /home/airflow/.local/lib/python3.12/site-packages/airflow/example_dags/example_branch_labels.py took 0.774 seconds
[2025-04-13T16:53:37.271+0000] {processor.py:186} INFO - Started process (PID=479) to work on /home/airflow/.local/lib/python3.12/site-packages/airflow/example_dags/example_branch_labels.py
[2025-04-13T16:53:37.274+0000] {processor.py:914} INFO - Processing file /home/airflow/.local/lib/python3.12/site-packages/airflow/example_dags/example_branch_labels.py for tasks to queue
[2025-04-13T16:53:37.288+0000] {logging_mixin.py:190} INFO - [2025-04-13T16:53:37.287+0000] {dagbag.py:588} INFO - Filling up the DagBag from /home/airflow/.local/lib/python3.12/site-packages/airflow/example_dags/example_branch_labels.py
[2025-04-13T16:53:37.334+0000] {processor.py:925} INFO - DAG(s) 'example_branch_labels' retrieved from /home/airflow/.local/lib/python3.12/site-packages/airflow/example_dags/example_branch_labels.py
[2025-04-13T16:53:37.448+0000] {logging_mixin.py:190} INFO - [2025-04-13T16:53:37.448+0000] {dag.py:3239} INFO - Sync 1 DAGs
[2025-04-13T16:53:37.569+0000] {logging_mixin.py:190} INFO - [2025-04-13T16:53:37.568+0000] {dag.py:4180} INFO - Setting next_dagrun for example_branch_labels to 2025-04-12 00:00:00+00:00, run_after=2025-04-13 00:00:00+00:00
[2025-04-13T16:53:37.722+0000] {processor.py:208} INFO - Processing /home/airflow/.local/lib/python3.12/site-packages/airflow/example_dags/example_branch_labels.py took 0.484 seconds
[2025-04-13T16:54:08.451+0000] {processor.py:186} INFO - Started process (PID=543) to work on /home/airflow/.local/lib/python3.12/site-packages/airflow/example_dags/example_branch_labels.py
[2025-04-13T16:54:08.457+0000] {processor.py:914} INFO - Processing file /home/airflow/.local/lib/python3.12/site-packages/airflow/example_dags/example_branch_labels.py for tasks to queue
[2025-04-13T16:54:08.463+0000] {logging_mixin.py:190} INFO - [2025-04-13T16:54:08.462+0000] {dagbag.py:588} INFO - Filling up the DagBag from /home/airflow/.local/lib/python3.12/site-packages/airflow/example_dags/example_branch_labels.py
[2025-04-13T16:54:08.510+0000] {processor.py:925} INFO - DAG(s) 'example_branch_labels' retrieved from /home/airflow/.local/lib/python3.12/site-packages/airflow/example_dags/example_branch_labels.py
[2025-04-13T16:54:08.657+0000] {logging_mixin.py:190} INFO - [2025-04-13T16:54:08.656+0000] {dag.py:3239} INFO - Sync 1 DAGs
[2025-04-13T16:54:08.923+0000] {logging_mixin.py:190} INFO - [2025-04-13T16:54:08.922+0000] {dag.py:4180} INFO - Setting next_dagrun for example_branch_labels to 2025-04-12 00:00:00+00:00, run_after=2025-04-13 00:00:00+00:00
[2025-04-13T16:54:09.040+0000] {processor.py:208} INFO - Processing /home/airflow/.local/lib/python3.12/site-packages/airflow/example_dags/example_branch_labels.py took 0.606 seconds
[2025-04-13T16:55:04.331+0000] {processor.py:186} INFO - Started process (PID=613) to work on /home/airflow/.local/lib/python3.12/site-packages/airflow/example_dags/example_branch_labels.py
[2025-04-13T16:55:04.340+0000] {processor.py:914} INFO - Processing file /home/airflow/.local/lib/python3.12/site-packages/airflow/example_dags/example_branch_labels.py for tasks to queue
[2025-04-13T16:55:04.351+0000] {logging_mixin.py:190} INFO - [2025-04-13T16:55:04.347+0000] {dagbag.py:588} INFO - Filling up the DagBag from /home/airflow/.local/lib/python3.12/site-packages/airflow/example_dags/example_branch_labels.py
[2025-04-13T16:55:04.425+0000] {processor.py:925} INFO - DAG(s) 'example_branch_labels' retrieved from /home/airflow/.local/lib/python3.12/site-packages/airflow/example_dags/example_branch_labels.py
[2025-04-13T16:55:04.578+0000] {logging_mixin.py:190} INFO - [2025-04-13T16:55:04.577+0000] {dag.py:3239} INFO - Sync 1 DAGs
[2025-04-13T16:55:04.767+0000] {logging_mixin.py:190} INFO - [2025-04-13T16:55:04.764+0000] {dag.py:4180} INFO - Setting next_dagrun for example_branch_labels to 2025-04-12 00:00:00+00:00, run_after=2025-04-13 00:00:00+00:00
[2025-04-13T16:55:04.897+0000] {processor.py:208} INFO - Processing /home/airflow/.local/lib/python3.12/site-packages/airflow/example_dags/example_branch_labels.py took 0.623 seconds
[2025-04-13T17:03:50.869+0000] {processor.py:186} INFO - Started process (PID=134) to work on /home/airflow/.local/lib/python3.12/site-packages/airflow/example_dags/example_branch_labels.py
[2025-04-13T17:03:50.973+0000] {processor.py:914} INFO - Processing file /home/airflow/.local/lib/python3.12/site-packages/airflow/example_dags/example_branch_labels.py for tasks to queue
[2025-04-13T17:03:51.101+0000] {logging_mixin.py:190} INFO - [2025-04-13T17:03:51.100+0000] {dagbag.py:588} INFO - Filling up the DagBag from /home/airflow/.local/lib/python3.12/site-packages/airflow/example_dags/example_branch_labels.py
[2025-04-13T17:03:51.199+0000] {processor.py:925} INFO - DAG(s) 'example_branch_labels' retrieved from /home/airflow/.local/lib/python3.12/site-packages/airflow/example_dags/example_branch_labels.py
[2025-04-13T17:03:52.091+0000] {logging_mixin.py:190} INFO - [2025-04-13T17:03:52.090+0000] {dag.py:3239} INFO - Sync 1 DAGs
[2025-04-13T17:03:52.810+0000] {logging_mixin.py:190} INFO - [2025-04-13T17:03:52.810+0000] {dag.py:4180} INFO - Setting next_dagrun for example_branch_labels to 2025-04-12 00:00:00+00:00, run_after=2025-04-13 00:00:00+00:00
[2025-04-13T17:03:53.704+0000] {processor.py:208} INFO - Processing /home/airflow/.local/lib/python3.12/site-packages/airflow/example_dags/example_branch_labels.py took 2.970 seconds
[2025-04-13T17:06:13.163+0000] {processor.py:186} INFO - Started process (PID=221) to work on /home/airflow/.local/lib/python3.12/site-packages/airflow/example_dags/example_branch_labels.py
[2025-04-13T17:06:13.318+0000] {processor.py:914} INFO - Processing file /home/airflow/.local/lib/python3.12/site-packages/airflow/example_dags/example_branch_labels.py for tasks to queue
[2025-04-13T17:06:13.410+0000] {logging_mixin.py:190} INFO - [2025-04-13T17:06:13.410+0000] {dagbag.py:588} INFO - Filling up the DagBag from /home/airflow/.local/lib/python3.12/site-packages/airflow/example_dags/example_branch_labels.py
[2025-04-13T17:06:13.822+0000] {processor.py:925} INFO - DAG(s) 'example_branch_labels' retrieved from /home/airflow/.local/lib/python3.12/site-packages/airflow/example_dags/example_branch_labels.py
[2025-04-13T17:06:14.253+0000] {logging_mixin.py:190} INFO - [2025-04-13T17:06:14.252+0000] {dag.py:3239} INFO - Sync 1 DAGs
[2025-04-13T17:06:15.516+0000] {logging_mixin.py:190} INFO - [2025-04-13T17:06:15.515+0000] {dag.py:4180} INFO - Setting next_dagrun for example_branch_labels to 2025-04-12 00:00:00+00:00, run_after=2025-04-13 00:00:00+00:00
[2025-04-13T17:06:16.986+0000] {processor.py:208} INFO - Processing /home/airflow/.local/lib/python3.12/site-packages/airflow/example_dags/example_branch_labels.py took 3.961 seconds
[2025-04-13T17:25:31.924+0000] {processor.py:186} INFO - Started process (PID=200) to work on /home/airflow/.local/lib/python3.12/site-packages/airflow/example_dags/example_branch_labels.py
[2025-04-13T17:25:31.972+0000] {processor.py:914} INFO - Processing file /home/airflow/.local/lib/python3.12/site-packages/airflow/example_dags/example_branch_labels.py for tasks to queue
[2025-04-13T17:25:32.352+0000] {logging_mixin.py:190} INFO - [2025-04-13T17:25:32.351+0000] {dagbag.py:588} INFO - Filling up the DagBag from /home/airflow/.local/lib/python3.12/site-packages/airflow/example_dags/example_branch_labels.py
[2025-04-13T17:25:34.224+0000] {processor.py:925} INFO - DAG(s) 'example_branch_labels' retrieved from /home/airflow/.local/lib/python3.12/site-packages/airflow/example_dags/example_branch_labels.py
[2025-04-13T17:25:36.120+0000] {logging_mixin.py:190} INFO - [2025-04-13T17:25:36.119+0000] {dag.py:3239} INFO - Sync 1 DAGs
[2025-04-13T17:25:39.892+0000] {logging_mixin.py:190} INFO - [2025-04-13T17:25:39.891+0000] {dag.py:4180} INFO - Setting next_dagrun for example_branch_labels to 2025-04-12 00:00:00+00:00, run_after=2025-04-13 00:00:00+00:00
[2025-04-13T17:25:42.310+0000] {processor.py:208} INFO - Processing /home/airflow/.local/lib/python3.12/site-packages/airflow/example_dags/example_branch_labels.py took 10.481 seconds
[2025-04-13T18:12:16.352+0000] {processor.py:186} INFO - Started process (PID=291) to work on /home/airflow/.local/lib/python3.12/site-packages/airflow/example_dags/example_branch_labels.py
[2025-04-13T18:12:16.377+0000] {processor.py:914} INFO - Processing file /home/airflow/.local/lib/python3.12/site-packages/airflow/example_dags/example_branch_labels.py for tasks to queue
[2025-04-13T18:12:16.574+0000] {logging_mixin.py:190} INFO - [2025-04-13T18:12:16.573+0000] {dagbag.py:588} INFO - Filling up the DagBag from /home/airflow/.local/lib/python3.12/site-packages/airflow/example_dags/example_branch_labels.py
[2025-04-13T18:12:17.715+0000] {processor.py:925} INFO - DAG(s) 'example_branch_labels' retrieved from /home/airflow/.local/lib/python3.12/site-packages/airflow/example_dags/example_branch_labels.py
[2025-04-13T18:12:21.781+0000] {logging_mixin.py:190} INFO - [2025-04-13T18:12:21.295+0000] {dag.py:3239} INFO - Sync 1 DAGs
[2025-04-13T18:12:28.362+0000] {logging_mixin.py:190} INFO - [2025-04-13T18:12:28.361+0000] {dag.py:4180} INFO - Setting next_dagrun for example_branch_labels to 2025-04-12 00:00:00+00:00, run_after=2025-04-13 00:00:00+00:00
[2025-04-13T18:12:32.947+0000] {processor.py:208} INFO - Processing /home/airflow/.local/lib/python3.12/site-packages/airflow/example_dags/example_branch_labels.py took 16.900 seconds
[2025-04-13T18:20:49.298+0000] {processor.py:186} INFO - Started process (PID=436) to work on /home/airflow/.local/lib/python3.12/site-packages/airflow/example_dags/example_branch_labels.py
[2025-04-13T18:20:49.535+0000] {processor.py:914} INFO - Processing file /home/airflow/.local/lib/python3.12/site-packages/airflow/example_dags/example_branch_labels.py for tasks to queue
[2025-04-13T18:20:49.822+0000] {logging_mixin.py:190} INFO - [2025-04-13T18:20:49.819+0000] {dagbag.py:588} INFO - Filling up the DagBag from /home/airflow/.local/lib/python3.12/site-packages/airflow/example_dags/example_branch_labels.py
[2025-04-13T18:20:51.022+0000] {processor.py:925} INFO - DAG(s) 'example_branch_labels' retrieved from /home/airflow/.local/lib/python3.12/site-packages/airflow/example_dags/example_branch_labels.py
[2025-04-13T18:20:55.956+0000] {logging_mixin.py:190} INFO - [2025-04-13T18:20:55.955+0000] {dag.py:3239} INFO - Sync 1 DAGs
[2025-04-13T18:20:59.684+0000] {logging_mixin.py:190} INFO - [2025-04-13T18:20:59.683+0000] {dag.py:4180} INFO - Setting next_dagrun for example_branch_labels to 2025-04-12 00:00:00+00:00, run_after=2025-04-13 00:00:00+00:00
[2025-04-13T18:21:02.492+0000] {processor.py:208} INFO - Processing /home/airflow/.local/lib/python3.12/site-packages/airflow/example_dags/example_branch_labels.py took 13.675 seconds
[2025-04-13T20:52:01.130+0000] {processor.py:186} INFO - Started process (PID=114) to work on /home/airflow/.local/lib/python3.12/site-packages/airflow/example_dags/example_branch_labels.py
[2025-04-13T20:52:01.137+0000] {processor.py:914} INFO - Processing file /home/airflow/.local/lib/python3.12/site-packages/airflow/example_dags/example_branch_labels.py for tasks to queue
[2025-04-13T20:52:01.146+0000] {logging_mixin.py:190} INFO - [2025-04-13T20:52:01.146+0000] {dagbag.py:588} INFO - Filling up the DagBag from /home/airflow/.local/lib/python3.12/site-packages/airflow/example_dags/example_branch_labels.py
[2025-04-13T20:52:01.176+0000] {processor.py:925} INFO - DAG(s) 'example_branch_labels' retrieved from /home/airflow/.local/lib/python3.12/site-packages/airflow/example_dags/example_branch_labels.py
[2025-04-13T20:52:01.241+0000] {logging_mixin.py:190} INFO - [2025-04-13T20:52:01.241+0000] {dag.py:3239} INFO - Sync 1 DAGs
[2025-04-13T20:52:01.315+0000] {logging_mixin.py:190} INFO - [2025-04-13T20:52:01.314+0000] {dag.py:4180} INFO - Setting next_dagrun for example_branch_labels to 2025-04-12 00:00:00+00:00, run_after=2025-04-13 00:00:00+00:00
[2025-04-13T20:52:01.361+0000] {processor.py:208} INFO - Processing /home/airflow/.local/lib/python3.12/site-packages/airflow/example_dags/example_branch_labels.py took 0.250 seconds
[2025-04-13T20:52:31.771+0000] {processor.py:186} INFO - Started process (PID=178) to work on /home/airflow/.local/lib/python3.12/site-packages/airflow/example_dags/example_branch_labels.py
[2025-04-13T20:52:31.772+0000] {processor.py:914} INFO - Processing file /home/airflow/.local/lib/python3.12/site-packages/airflow/example_dags/example_branch_labels.py for tasks to queue
[2025-04-13T20:52:31.777+0000] {logging_mixin.py:190} INFO - [2025-04-13T20:52:31.776+0000] {dagbag.py:588} INFO - Filling up the DagBag from /home/airflow/.local/lib/python3.12/site-packages/airflow/example_dags/example_branch_labels.py
[2025-04-13T20:52:31.808+0000] {processor.py:925} INFO - DAG(s) 'example_branch_labels' retrieved from /home/airflow/.local/lib/python3.12/site-packages/airflow/example_dags/example_branch_labels.py
[2025-04-13T20:52:31.894+0000] {logging_mixin.py:190} INFO - [2025-04-13T20:52:31.893+0000] {dag.py:3239} INFO - Sync 1 DAGs
[2025-04-13T20:52:31.969+0000] {logging_mixin.py:190} INFO - [2025-04-13T20:52:31.968+0000] {dag.py:4180} INFO - Setting next_dagrun for example_branch_labels to 2025-04-12 00:00:00+00:00, run_after=2025-04-13 00:00:00+00:00
[2025-04-13T20:52:32.021+0000] {processor.py:208} INFO - Processing /home/airflow/.local/lib/python3.12/site-packages/airflow/example_dags/example_branch_labels.py took 0.268 seconds
[2025-04-13T20:53:09.063+0000] {processor.py:186} INFO - Started process (PID=241) to work on /home/airflow/.local/lib/python3.12/site-packages/airflow/example_dags/example_branch_labels.py
[2025-04-13T20:53:09.068+0000] {processor.py:914} INFO - Processing file /home/airflow/.local/lib/python3.12/site-packages/airflow/example_dags/example_branch_labels.py for tasks to queue
[2025-04-13T20:53:09.074+0000] {logging_mixin.py:190} INFO - [2025-04-13T20:53:09.073+0000] {dagbag.py:588} INFO - Filling up the DagBag from /home/airflow/.local/lib/python3.12/site-packages/airflow/example_dags/example_branch_labels.py
[2025-04-13T20:53:09.095+0000] {processor.py:925} INFO - DAG(s) 'example_branch_labels' retrieved from /home/airflow/.local/lib/python3.12/site-packages/airflow/example_dags/example_branch_labels.py
[2025-04-13T20:53:09.169+0000] {logging_mixin.py:190} INFO - [2025-04-13T20:53:09.168+0000] {dag.py:3239} INFO - Sync 1 DAGs
[2025-04-13T20:53:09.242+0000] {logging_mixin.py:190} INFO - [2025-04-13T20:53:09.241+0000] {dag.py:4180} INFO - Setting next_dagrun for example_branch_labels to 2025-04-12 00:00:00+00:00, run_after=2025-04-13 00:00:00+00:00
[2025-04-13T20:53:09.319+0000] {processor.py:208} INFO - Processing /home/airflow/.local/lib/python3.12/site-packages/airflow/example_dags/example_branch_labels.py took 0.280 seconds
[2025-04-13T20:53:43.131+0000] {processor.py:186} INFO - Started process (PID=305) to work on /home/airflow/.local/lib/python3.12/site-packages/airflow/example_dags/example_branch_labels.py
[2025-04-13T20:53:43.166+0000] {processor.py:914} INFO - Processing file /home/airflow/.local/lib/python3.12/site-packages/airflow/example_dags/example_branch_labels.py for tasks to queue
[2025-04-13T20:53:43.170+0000] {logging_mixin.py:190} INFO - [2025-04-13T20:53:43.169+0000] {dagbag.py:588} INFO - Filling up the DagBag from /home/airflow/.local/lib/python3.12/site-packages/airflow/example_dags/example_branch_labels.py
[2025-04-13T20:53:43.208+0000] {processor.py:925} INFO - DAG(s) 'example_branch_labels' retrieved from /home/airflow/.local/lib/python3.12/site-packages/airflow/example_dags/example_branch_labels.py
[2025-04-13T20:53:43.521+0000] {logging_mixin.py:190} INFO - [2025-04-13T20:53:43.521+0000] {dag.py:3239} INFO - Sync 1 DAGs
[2025-04-13T20:53:43.593+0000] {logging_mixin.py:190} INFO - [2025-04-13T20:53:43.593+0000] {dag.py:4180} INFO - Setting next_dagrun for example_branch_labels to 2025-04-12 00:00:00+00:00, run_after=2025-04-13 00:00:00+00:00
[2025-04-13T20:53:43.666+0000] {processor.py:208} INFO - Processing /home/airflow/.local/lib/python3.12/site-packages/airflow/example_dags/example_branch_labels.py took 0.550 seconds
[2025-04-13T20:54:15.285+0000] {processor.py:186} INFO - Started process (PID=370) to work on /home/airflow/.local/lib/python3.12/site-packages/airflow/example_dags/example_branch_labels.py
[2025-04-13T20:54:15.288+0000] {processor.py:914} INFO - Processing file /home/airflow/.local/lib/python3.12/site-packages/airflow/example_dags/example_branch_labels.py for tasks to queue
[2025-04-13T20:54:15.293+0000] {logging_mixin.py:190} INFO - [2025-04-13T20:54:15.293+0000] {dagbag.py:588} INFO - Filling up the DagBag from /home/airflow/.local/lib/python3.12/site-packages/airflow/example_dags/example_branch_labels.py
[2025-04-13T20:54:15.325+0000] {processor.py:925} INFO - DAG(s) 'example_branch_labels' retrieved from /home/airflow/.local/lib/python3.12/site-packages/airflow/example_dags/example_branch_labels.py
[2025-04-13T20:54:15.422+0000] {logging_mixin.py:190} INFO - [2025-04-13T20:54:15.421+0000] {dag.py:3239} INFO - Sync 1 DAGs
[2025-04-13T20:54:15.630+0000] {logging_mixin.py:190} INFO - [2025-04-13T20:54:15.630+0000] {dag.py:4180} INFO - Setting next_dagrun for example_branch_labels to 2025-04-12 00:00:00+00:00, run_after=2025-04-13 00:00:00+00:00
[2025-04-13T20:54:15.728+0000] {processor.py:208} INFO - Processing /home/airflow/.local/lib/python3.12/site-packages/airflow/example_dags/example_branch_labels.py took 0.460 seconds
[2025-04-13T20:54:46.699+0000] {processor.py:186} INFO - Started process (PID=434) to work on /home/airflow/.local/lib/python3.12/site-packages/airflow/example_dags/example_branch_labels.py
[2025-04-13T20:54:46.706+0000] {processor.py:914} INFO - Processing file /home/airflow/.local/lib/python3.12/site-packages/airflow/example_dags/example_branch_labels.py for tasks to queue
[2025-04-13T20:54:46.715+0000] {logging_mixin.py:190} INFO - [2025-04-13T20:54:46.714+0000] {dagbag.py:588} INFO - Filling up the DagBag from /home/airflow/.local/lib/python3.12/site-packages/airflow/example_dags/example_branch_labels.py
[2025-04-13T20:54:46.762+0000] {processor.py:925} INFO - DAG(s) 'example_branch_labels' retrieved from /home/airflow/.local/lib/python3.12/site-packages/airflow/example_dags/example_branch_labels.py
[2025-04-13T20:54:46.835+0000] {logging_mixin.py:190} INFO - [2025-04-13T20:54:46.835+0000] {dag.py:3239} INFO - Sync 1 DAGs
[2025-04-13T20:54:46.920+0000] {logging_mixin.py:190} INFO - [2025-04-13T20:54:46.920+0000] {dag.py:4180} INFO - Setting next_dagrun for example_branch_labels to 2025-04-12 00:00:00+00:00, run_after=2025-04-13 00:00:00+00:00
[2025-04-13T20:54:46.981+0000] {processor.py:208} INFO - Processing /home/airflow/.local/lib/python3.12/site-packages/airflow/example_dags/example_branch_labels.py took 0.304 seconds
[2025-04-13T20:55:20.027+0000] {processor.py:186} INFO - Started process (PID=503) to work on /home/airflow/.local/lib/python3.12/site-packages/airflow/example_dags/example_branch_labels.py
[2025-04-13T20:55:20.030+0000] {processor.py:914} INFO - Processing file /home/airflow/.local/lib/python3.12/site-packages/airflow/example_dags/example_branch_labels.py for tasks to queue
[2025-04-13T20:55:20.034+0000] {logging_mixin.py:190} INFO - [2025-04-13T20:55:20.034+0000] {dagbag.py:588} INFO - Filling up the DagBag from /home/airflow/.local/lib/python3.12/site-packages/airflow/example_dags/example_branch_labels.py
[2025-04-13T20:55:20.065+0000] {processor.py:925} INFO - DAG(s) 'example_branch_labels' retrieved from /home/airflow/.local/lib/python3.12/site-packages/airflow/example_dags/example_branch_labels.py
[2025-04-13T20:55:20.148+0000] {logging_mixin.py:190} INFO - [2025-04-13T20:55:20.147+0000] {dag.py:3239} INFO - Sync 1 DAGs
[2025-04-13T20:55:20.266+0000] {logging_mixin.py:190} INFO - [2025-04-13T20:55:20.266+0000] {dag.py:4180} INFO - Setting next_dagrun for example_branch_labels to 2025-04-12 00:00:00+00:00, run_after=2025-04-13 00:00:00+00:00
[2025-04-13T20:55:20.385+0000] {processor.py:208} INFO - Processing /home/airflow/.local/lib/python3.12/site-packages/airflow/example_dags/example_branch_labels.py took 0.369 seconds
[2025-04-13T20:55:54.370+0000] {processor.py:186} INFO - Started process (PID=567) to work on /home/airflow/.local/lib/python3.12/site-packages/airflow/example_dags/example_branch_labels.py
[2025-04-13T20:55:54.376+0000] {processor.py:914} INFO - Processing file /home/airflow/.local/lib/python3.12/site-packages/airflow/example_dags/example_branch_labels.py for tasks to queue
[2025-04-13T20:55:54.386+0000] {logging_mixin.py:190} INFO - [2025-04-13T20:55:54.385+0000] {dagbag.py:588} INFO - Filling up the DagBag from /home/airflow/.local/lib/python3.12/site-packages/airflow/example_dags/example_branch_labels.py
[2025-04-13T20:55:54.408+0000] {processor.py:925} INFO - DAG(s) 'example_branch_labels' retrieved from /home/airflow/.local/lib/python3.12/site-packages/airflow/example_dags/example_branch_labels.py
[2025-04-13T20:55:54.538+0000] {logging_mixin.py:190} INFO - [2025-04-13T20:55:54.537+0000] {dag.py:3239} INFO - Sync 1 DAGs
[2025-04-13T20:55:54.616+0000] {logging_mixin.py:190} INFO - [2025-04-13T20:55:54.615+0000] {dag.py:4180} INFO - Setting next_dagrun for example_branch_labels to 2025-04-12 00:00:00+00:00, run_after=2025-04-13 00:00:00+00:00
[2025-04-13T20:55:54.691+0000] {processor.py:208} INFO - Processing /home/airflow/.local/lib/python3.12/site-packages/airflow/example_dags/example_branch_labels.py took 0.336 seconds
[2025-04-13T20:56:24.850+0000] {processor.py:186} INFO - Started process (PID=631) to work on /home/airflow/.local/lib/python3.12/site-packages/airflow/example_dags/example_branch_labels.py
[2025-04-13T20:56:24.863+0000] {processor.py:914} INFO - Processing file /home/airflow/.local/lib/python3.12/site-packages/airflow/example_dags/example_branch_labels.py for tasks to queue
[2025-04-13T20:56:24.869+0000] {logging_mixin.py:190} INFO - [2025-04-13T20:56:24.868+0000] {dagbag.py:588} INFO - Filling up the DagBag from /home/airflow/.local/lib/python3.12/site-packages/airflow/example_dags/example_branch_labels.py
[2025-04-13T20:56:24.890+0000] {processor.py:925} INFO - DAG(s) 'example_branch_labels' retrieved from /home/airflow/.local/lib/python3.12/site-packages/airflow/example_dags/example_branch_labels.py
[2025-04-13T20:56:24.972+0000] {logging_mixin.py:190} INFO - [2025-04-13T20:56:24.971+0000] {dag.py:3239} INFO - Sync 1 DAGs
[2025-04-13T20:56:25.044+0000] {logging_mixin.py:190} INFO - [2025-04-13T20:56:25.044+0000] {dag.py:4180} INFO - Setting next_dagrun for example_branch_labels to 2025-04-12 00:00:00+00:00, run_after=2025-04-13 00:00:00+00:00
[2025-04-13T20:56:25.189+0000] {processor.py:208} INFO - Processing /home/airflow/.local/lib/python3.12/site-packages/airflow/example_dags/example_branch_labels.py took 0.354 seconds
[2025-04-13T20:56:56.282+0000] {processor.py:186} INFO - Started process (PID=694) to work on /home/airflow/.local/lib/python3.12/site-packages/airflow/example_dags/example_branch_labels.py
[2025-04-13T20:56:56.300+0000] {processor.py:914} INFO - Processing file /home/airflow/.local/lib/python3.12/site-packages/airflow/example_dags/example_branch_labels.py for tasks to queue
[2025-04-13T20:56:56.348+0000] {logging_mixin.py:190} INFO - [2025-04-13T20:56:56.348+0000] {dagbag.py:588} INFO - Filling up the DagBag from /home/airflow/.local/lib/python3.12/site-packages/airflow/example_dags/example_branch_labels.py
[2025-04-13T20:56:56.410+0000] {processor.py:925} INFO - DAG(s) 'example_branch_labels' retrieved from /home/airflow/.local/lib/python3.12/site-packages/airflow/example_dags/example_branch_labels.py
[2025-04-13T20:56:56.552+0000] {logging_mixin.py:190} INFO - [2025-04-13T20:56:56.551+0000] {dag.py:3239} INFO - Sync 1 DAGs
[2025-04-13T20:56:56.739+0000] {logging_mixin.py:190} INFO - [2025-04-13T20:56:56.738+0000] {dag.py:4180} INFO - Setting next_dagrun for example_branch_labels to 2025-04-12 00:00:00+00:00, run_after=2025-04-13 00:00:00+00:00
[2025-04-13T20:56:56.836+0000] {processor.py:208} INFO - Processing /home/airflow/.local/lib/python3.12/site-packages/airflow/example_dags/example_branch_labels.py took 0.563 seconds
[2025-04-13T20:57:28.603+0000] {processor.py:186} INFO - Started process (PID=758) to work on /home/airflow/.local/lib/python3.12/site-packages/airflow/example_dags/example_branch_labels.py
[2025-04-13T20:57:28.616+0000] {processor.py:914} INFO - Processing file /home/airflow/.local/lib/python3.12/site-packages/airflow/example_dags/example_branch_labels.py for tasks to queue
[2025-04-13T20:57:28.637+0000] {logging_mixin.py:190} INFO - [2025-04-13T20:57:28.636+0000] {dagbag.py:588} INFO - Filling up the DagBag from /home/airflow/.local/lib/python3.12/site-packages/airflow/example_dags/example_branch_labels.py
[2025-04-13T20:57:28.666+0000] {processor.py:925} INFO - DAG(s) 'example_branch_labels' retrieved from /home/airflow/.local/lib/python3.12/site-packages/airflow/example_dags/example_branch_labels.py
[2025-04-13T20:57:28.737+0000] {logging_mixin.py:190} INFO - [2025-04-13T20:57:28.737+0000] {dag.py:3239} INFO - Sync 1 DAGs
[2025-04-13T20:57:28.898+0000] {logging_mixin.py:190} INFO - [2025-04-13T20:57:28.897+0000] {dag.py:4180} INFO - Setting next_dagrun for example_branch_labels to 2025-04-12 00:00:00+00:00, run_after=2025-04-13 00:00:00+00:00
[2025-04-13T20:57:28.959+0000] {processor.py:208} INFO - Processing /home/airflow/.local/lib/python3.12/site-packages/airflow/example_dags/example_branch_labels.py took 0.373 seconds
[2025-04-13T20:58:02.614+0000] {processor.py:186} INFO - Started process (PID=823) to work on /home/airflow/.local/lib/python3.12/site-packages/airflow/example_dags/example_branch_labels.py
[2025-04-13T20:58:02.627+0000] {processor.py:914} INFO - Processing file /home/airflow/.local/lib/python3.12/site-packages/airflow/example_dags/example_branch_labels.py for tasks to queue
[2025-04-13T20:58:02.646+0000] {logging_mixin.py:190} INFO - [2025-04-13T20:58:02.645+0000] {dagbag.py:588} INFO - Filling up the DagBag from /home/airflow/.local/lib/python3.12/site-packages/airflow/example_dags/example_branch_labels.py
[2025-04-13T20:58:02.681+0000] {processor.py:925} INFO - DAG(s) 'example_branch_labels' retrieved from /home/airflow/.local/lib/python3.12/site-packages/airflow/example_dags/example_branch_labels.py
[2025-04-13T20:58:02.859+0000] {logging_mixin.py:190} INFO - [2025-04-13T20:58:02.859+0000] {dag.py:3239} INFO - Sync 1 DAGs
[2025-04-13T20:58:03.039+0000] {logging_mixin.py:190} INFO - [2025-04-13T20:58:03.039+0000] {dag.py:4180} INFO - Setting next_dagrun for example_branch_labels to 2025-04-12 00:00:00+00:00, run_after=2025-04-13 00:00:00+00:00
[2025-04-13T20:58:03.115+0000] {processor.py:208} INFO - Processing /home/airflow/.local/lib/python3.12/site-packages/airflow/example_dags/example_branch_labels.py took 0.513 seconds
[2025-04-13T20:58:33.849+0000] {processor.py:186} INFO - Started process (PID=886) to work on /home/airflow/.local/lib/python3.12/site-packages/airflow/example_dags/example_branch_labels.py
[2025-04-13T20:58:33.854+0000] {processor.py:914} INFO - Processing file /home/airflow/.local/lib/python3.12/site-packages/airflow/example_dags/example_branch_labels.py for tasks to queue
[2025-04-13T20:58:33.858+0000] {logging_mixin.py:190} INFO - [2025-04-13T20:58:33.858+0000] {dagbag.py:588} INFO - Filling up the DagBag from /home/airflow/.local/lib/python3.12/site-packages/airflow/example_dags/example_branch_labels.py
[2025-04-13T20:58:33.887+0000] {processor.py:925} INFO - DAG(s) 'example_branch_labels' retrieved from /home/airflow/.local/lib/python3.12/site-packages/airflow/example_dags/example_branch_labels.py
[2025-04-13T20:58:33.929+0000] {logging_mixin.py:190} INFO - [2025-04-13T20:58:33.928+0000] {dag.py:3239} INFO - Sync 1 DAGs
[2025-04-13T20:58:33.986+0000] {logging_mixin.py:190} INFO - [2025-04-13T20:58:33.985+0000] {dag.py:4180} INFO - Setting next_dagrun for example_branch_labels to 2025-04-12 00:00:00+00:00, run_after=2025-04-13 00:00:00+00:00
[2025-04-13T20:58:34.051+0000] {processor.py:208} INFO - Processing /home/airflow/.local/lib/python3.12/site-packages/airflow/example_dags/example_branch_labels.py took 0.215 seconds
[2025-04-13T20:59:04.316+0000] {processor.py:186} INFO - Started process (PID=949) to work on /home/airflow/.local/lib/python3.12/site-packages/airflow/example_dags/example_branch_labels.py
[2025-04-13T20:59:04.318+0000] {processor.py:914} INFO - Processing file /home/airflow/.local/lib/python3.12/site-packages/airflow/example_dags/example_branch_labels.py for tasks to queue
[2025-04-13T20:59:04.327+0000] {logging_mixin.py:190} INFO - [2025-04-13T20:59:04.326+0000] {dagbag.py:588} INFO - Filling up the DagBag from /home/airflow/.local/lib/python3.12/site-packages/airflow/example_dags/example_branch_labels.py
[2025-04-13T20:59:04.348+0000] {processor.py:925} INFO - DAG(s) 'example_branch_labels' retrieved from /home/airflow/.local/lib/python3.12/site-packages/airflow/example_dags/example_branch_labels.py
[2025-04-13T20:59:04.392+0000] {logging_mixin.py:190} INFO - [2025-04-13T20:59:04.392+0000] {dag.py:3239} INFO - Sync 1 DAGs
[2025-04-13T20:59:04.446+0000] {logging_mixin.py:190} INFO - [2025-04-13T20:59:04.445+0000] {dag.py:4180} INFO - Setting next_dagrun for example_branch_labels to 2025-04-12 00:00:00+00:00, run_after=2025-04-13 00:00:00+00:00
[2025-04-13T20:59:04.495+0000] {processor.py:208} INFO - Processing /home/airflow/.local/lib/python3.12/site-packages/airflow/example_dags/example_branch_labels.py took 0.189 seconds
[2025-04-13T20:59:34.970+0000] {processor.py:186} INFO - Started process (PID=1012) to work on /home/airflow/.local/lib/python3.12/site-packages/airflow/example_dags/example_branch_labels.py
[2025-04-13T20:59:34.973+0000] {processor.py:914} INFO - Processing file /home/airflow/.local/lib/python3.12/site-packages/airflow/example_dags/example_branch_labels.py for tasks to queue
[2025-04-13T20:59:34.982+0000] {logging_mixin.py:190} INFO - [2025-04-13T20:59:34.982+0000] {dagbag.py:588} INFO - Filling up the DagBag from /home/airflow/.local/lib/python3.12/site-packages/airflow/example_dags/example_branch_labels.py
[2025-04-13T20:59:35.019+0000] {processor.py:925} INFO - DAG(s) 'example_branch_labels' retrieved from /home/airflow/.local/lib/python3.12/site-packages/airflow/example_dags/example_branch_labels.py
[2025-04-13T20:59:35.224+0000] {logging_mixin.py:190} INFO - [2025-04-13T20:59:35.223+0000] {dag.py:3239} INFO - Sync 1 DAGs
[2025-04-13T20:59:35.441+0000] {logging_mixin.py:190} INFO - [2025-04-13T20:59:35.440+0000] {dag.py:4180} INFO - Setting next_dagrun for example_branch_labels to 2025-04-12 00:00:00+00:00, run_after=2025-04-13 00:00:00+00:00
[2025-04-13T20:59:35.493+0000] {processor.py:208} INFO - Processing /home/airflow/.local/lib/python3.12/site-packages/airflow/example_dags/example_branch_labels.py took 0.559 seconds
[2025-04-13T21:00:07.578+0000] {processor.py:186} INFO - Started process (PID=1076) to work on /home/airflow/.local/lib/python3.12/site-packages/airflow/example_dags/example_branch_labels.py
[2025-04-13T21:00:07.580+0000] {processor.py:914} INFO - Processing file /home/airflow/.local/lib/python3.12/site-packages/airflow/example_dags/example_branch_labels.py for tasks to queue
[2025-04-13T21:00:07.602+0000] {logging_mixin.py:190} INFO - [2025-04-13T21:00:07.602+0000] {dagbag.py:588} INFO - Filling up the DagBag from /home/airflow/.local/lib/python3.12/site-packages/airflow/example_dags/example_branch_labels.py
[2025-04-13T21:00:07.669+0000] {processor.py:925} INFO - DAG(s) 'example_branch_labels' retrieved from /home/airflow/.local/lib/python3.12/site-packages/airflow/example_dags/example_branch_labels.py
[2025-04-13T21:00:07.731+0000] {logging_mixin.py:190} INFO - [2025-04-13T21:00:07.725+0000] {dag.py:3239} INFO - Sync 1 DAGs
[2025-04-13T21:00:07.892+0000] {logging_mixin.py:190} INFO - [2025-04-13T21:00:07.892+0000] {dag.py:4180} INFO - Setting next_dagrun for example_branch_labels to 2025-04-12 00:00:00+00:00, run_after=2025-04-13 00:00:00+00:00
[2025-04-13T21:00:07.980+0000] {processor.py:208} INFO - Processing /home/airflow/.local/lib/python3.12/site-packages/airflow/example_dags/example_branch_labels.py took 0.428 seconds
[2025-04-13T21:00:38.793+0000] {processor.py:186} INFO - Started process (PID=1140) to work on /home/airflow/.local/lib/python3.12/site-packages/airflow/example_dags/example_branch_labels.py
[2025-04-13T21:00:38.798+0000] {processor.py:914} INFO - Processing file /home/airflow/.local/lib/python3.12/site-packages/airflow/example_dags/example_branch_labels.py for tasks to queue
[2025-04-13T21:00:38.818+0000] {logging_mixin.py:190} INFO - [2025-04-13T21:00:38.807+0000] {dagbag.py:588} INFO - Filling up the DagBag from /home/airflow/.local/lib/python3.12/site-packages/airflow/example_dags/example_branch_labels.py
[2025-04-13T21:00:38.852+0000] {processor.py:925} INFO - DAG(s) 'example_branch_labels' retrieved from /home/airflow/.local/lib/python3.12/site-packages/airflow/example_dags/example_branch_labels.py
[2025-04-13T21:00:39.036+0000] {logging_mixin.py:190} INFO - [2025-04-13T21:00:39.035+0000] {dag.py:3239} INFO - Sync 1 DAGs
[2025-04-13T21:00:39.158+0000] {logging_mixin.py:190} INFO - [2025-04-13T21:00:39.157+0000] {dag.py:4180} INFO - Setting next_dagrun for example_branch_labels to 2025-04-12 00:00:00+00:00, run_after=2025-04-13 00:00:00+00:00
[2025-04-13T21:00:39.283+0000] {processor.py:208} INFO - Processing /home/airflow/.local/lib/python3.12/site-packages/airflow/example_dags/example_branch_labels.py took 0.506 seconds
[2025-04-13T21:01:09.927+0000] {processor.py:186} INFO - Started process (PID=1203) to work on /home/airflow/.local/lib/python3.12/site-packages/airflow/example_dags/example_branch_labels.py
[2025-04-13T21:01:09.945+0000] {processor.py:914} INFO - Processing file /home/airflow/.local/lib/python3.12/site-packages/airflow/example_dags/example_branch_labels.py for tasks to queue
[2025-04-13T21:01:09.968+0000] {logging_mixin.py:190} INFO - [2025-04-13T21:01:09.967+0000] {dagbag.py:588} INFO - Filling up the DagBag from /home/airflow/.local/lib/python3.12/site-packages/airflow/example_dags/example_branch_labels.py
[2025-04-13T21:01:09.997+0000] {processor.py:925} INFO - DAG(s) 'example_branch_labels' retrieved from /home/airflow/.local/lib/python3.12/site-packages/airflow/example_dags/example_branch_labels.py
[2025-04-13T21:01:10.080+0000] {logging_mixin.py:190} INFO - [2025-04-13T21:01:10.080+0000] {dag.py:3239} INFO - Sync 1 DAGs
[2025-04-13T21:01:10.161+0000] {logging_mixin.py:190} INFO - [2025-04-13T21:01:10.160+0000] {dag.py:4180} INFO - Setting next_dagrun for example_branch_labels to 2025-04-12 00:00:00+00:00, run_after=2025-04-13 00:00:00+00:00
[2025-04-13T21:01:10.231+0000] {processor.py:208} INFO - Processing /home/airflow/.local/lib/python3.12/site-packages/airflow/example_dags/example_branch_labels.py took 0.335 seconds
[2025-04-13T21:28:37.994+0000] {processor.py:186} INFO - Started process (PID=205) to work on /home/airflow/.local/lib/python3.12/site-packages/airflow/example_dags/example_branch_labels.py
[2025-04-13T21:28:38.030+0000] {processor.py:914} INFO - Processing file /home/airflow/.local/lib/python3.12/site-packages/airflow/example_dags/example_branch_labels.py for tasks to queue
[2025-04-13T21:28:38.223+0000] {logging_mixin.py:190} INFO - [2025-04-13T21:28:38.223+0000] {dagbag.py:588} INFO - Filling up the DagBag from /home/airflow/.local/lib/python3.12/site-packages/airflow/example_dags/example_branch_labels.py
[2025-04-13T21:28:39.126+0000] {processor.py:925} INFO - DAG(s) 'example_branch_labels' retrieved from /home/airflow/.local/lib/python3.12/site-packages/airflow/example_dags/example_branch_labels.py
[2025-04-13T21:28:43.989+0000] {logging_mixin.py:190} INFO - [2025-04-13T21:28:43.988+0000] {dag.py:3239} INFO - Sync 1 DAGs
[2025-04-13T21:28:44.989+0000] {logging_mixin.py:190} INFO - [2025-04-13T21:28:44.988+0000] {dag.py:4180} INFO - Setting next_dagrun for example_branch_labels to 2025-04-12 00:00:00+00:00, run_after=2025-04-13 00:00:00+00:00
[2025-04-13T21:28:46.094+0000] {processor.py:208} INFO - Processing /home/airflow/.local/lib/python3.12/site-packages/airflow/example_dags/example_branch_labels.py took 8.232 seconds
[2025-04-13T21:33:09.448+0000] {processor.py:186} INFO - Started process (PID=314) to work on /home/airflow/.local/lib/python3.12/site-packages/airflow/example_dags/example_branch_labels.py
[2025-04-13T21:33:09.808+0000] {processor.py:914} INFO - Processing file /home/airflow/.local/lib/python3.12/site-packages/airflow/example_dags/example_branch_labels.py for tasks to queue
[2025-04-13T21:33:09.823+0000] {logging_mixin.py:190} INFO - [2025-04-13T21:33:09.823+0000] {dagbag.py:588} INFO - Filling up the DagBag from /home/airflow/.local/lib/python3.12/site-packages/airflow/example_dags/example_branch_labels.py
[2025-04-13T21:33:10.004+0000] {processor.py:925} INFO - DAG(s) 'example_branch_labels' retrieved from /home/airflow/.local/lib/python3.12/site-packages/airflow/example_dags/example_branch_labels.py
[2025-04-13T21:33:10.593+0000] {logging_mixin.py:190} INFO - [2025-04-13T21:33:10.592+0000] {dag.py:3239} INFO - Sync 1 DAGs
[2025-04-13T21:33:11.862+0000] {logging_mixin.py:190} INFO - [2025-04-13T21:33:11.862+0000] {dag.py:4180} INFO - Setting next_dagrun for example_branch_labels to 2025-04-12 00:00:00+00:00, run_after=2025-04-13 00:00:00+00:00
[2025-04-13T21:33:12.821+0000] {processor.py:208} INFO - Processing /home/airflow/.local/lib/python3.12/site-packages/airflow/example_dags/example_branch_labels.py took 3.689 seconds
[2025-04-13T21:36:36.779+0000] {processor.py:186} INFO - Started process (PID=397) to work on /home/airflow/.local/lib/python3.12/site-packages/airflow/example_dags/example_branch_labels.py
[2025-04-13T21:36:36.796+0000] {processor.py:914} INFO - Processing file /home/airflow/.local/lib/python3.12/site-packages/airflow/example_dags/example_branch_labels.py for tasks to queue
[2025-04-13T21:36:36.837+0000] {logging_mixin.py:190} INFO - [2025-04-13T21:36:36.836+0000] {dagbag.py:588} INFO - Filling up the DagBag from /home/airflow/.local/lib/python3.12/site-packages/airflow/example_dags/example_branch_labels.py
[2025-04-13T21:36:37.045+0000] {processor.py:925} INFO - DAG(s) 'example_branch_labels' retrieved from /home/airflow/.local/lib/python3.12/site-packages/airflow/example_dags/example_branch_labels.py
[2025-04-13T21:36:38.016+0000] {logging_mixin.py:190} INFO - [2025-04-13T21:36:38.016+0000] {dag.py:3239} INFO - Sync 1 DAGs
[2025-04-13T21:36:38.648+0000] {logging_mixin.py:190} INFO - [2025-04-13T21:36:38.648+0000] {dag.py:4180} INFO - Setting next_dagrun for example_branch_labels to 2025-04-12 00:00:00+00:00, run_after=2025-04-13 00:00:00+00:00
[2025-04-13T21:36:39.445+0000] {processor.py:208} INFO - Processing /home/airflow/.local/lib/python3.12/site-packages/airflow/example_dags/example_branch_labels.py took 2.872 seconds
[2025-04-13T21:53:08.594+0000] {processor.py:186} INFO - Started process (PID=183) to work on /home/airflow/.local/lib/python3.12/site-packages/airflow/example_dags/example_branch_labels.py
[2025-04-13T21:53:08.752+0000] {processor.py:914} INFO - Processing file /home/airflow/.local/lib/python3.12/site-packages/airflow/example_dags/example_branch_labels.py for tasks to queue
[2025-04-13T21:53:08.791+0000] {logging_mixin.py:190} INFO - [2025-04-13T21:53:08.783+0000] {dagbag.py:588} INFO - Filling up the DagBag from /home/airflow/.local/lib/python3.12/site-packages/airflow/example_dags/example_branch_labels.py
[2025-04-13T21:53:09.360+0000] {processor.py:925} INFO - DAG(s) 'example_branch_labels' retrieved from /home/airflow/.local/lib/python3.12/site-packages/airflow/example_dags/example_branch_labels.py
[2025-04-13T21:53:10.855+0000] {logging_mixin.py:190} INFO - [2025-04-13T21:53:10.797+0000] {dag.py:3239} INFO - Sync 1 DAGs
[2025-04-13T21:53:11.313+0000] {logging_mixin.py:190} INFO - [2025-04-13T21:53:11.312+0000] {dag.py:4180} INFO - Setting next_dagrun for example_branch_labels to 2025-04-12 00:00:00+00:00, run_after=2025-04-13 00:00:00+00:00
[2025-04-13T21:53:12.880+0000] {processor.py:208} INFO - Processing /home/airflow/.local/lib/python3.12/site-packages/airflow/example_dags/example_branch_labels.py took 4.348 seconds
[2025-04-13T22:31:57.626+0000] {processor.py:186} INFO - Started process (PID=130) to work on /home/airflow/.local/lib/python3.12/site-packages/airflow/example_dags/example_branch_labels.py
[2025-04-13T22:31:57.642+0000] {processor.py:914} INFO - Processing file /home/airflow/.local/lib/python3.12/site-packages/airflow/example_dags/example_branch_labels.py for tasks to queue
[2025-04-13T22:31:57.657+0000] {logging_mixin.py:190} INFO - [2025-04-13T22:31:57.657+0000] {dagbag.py:588} INFO - Filling up the DagBag from /home/airflow/.local/lib/python3.12/site-packages/airflow/example_dags/example_branch_labels.py
[2025-04-13T22:31:57.698+0000] {processor.py:925} INFO - DAG(s) 'example_branch_labels' retrieved from /home/airflow/.local/lib/python3.12/site-packages/airflow/example_dags/example_branch_labels.py
[2025-04-13T22:31:57.789+0000] {logging_mixin.py:190} INFO - [2025-04-13T22:31:57.788+0000] {dag.py:3239} INFO - Sync 1 DAGs
[2025-04-13T22:31:57.871+0000] {logging_mixin.py:190} INFO - [2025-04-13T22:31:57.871+0000] {dag.py:4180} INFO - Setting next_dagrun for example_branch_labels to 2025-04-12 00:00:00+00:00, run_after=2025-04-13 00:00:00+00:00
[2025-04-13T22:31:57.958+0000] {processor.py:208} INFO - Processing /home/airflow/.local/lib/python3.12/site-packages/airflow/example_dags/example_branch_labels.py took 0.365 seconds
[2025-04-13T22:32:37.920+0000] {processor.py:186} INFO - Started process (PID=194) to work on /home/airflow/.local/lib/python3.12/site-packages/airflow/example_dags/example_branch_labels.py
[2025-04-13T22:32:37.942+0000] {processor.py:914} INFO - Processing file /home/airflow/.local/lib/python3.12/site-packages/airflow/example_dags/example_branch_labels.py for tasks to queue
[2025-04-13T22:32:37.952+0000] {logging_mixin.py:190} INFO - [2025-04-13T22:32:37.951+0000] {dagbag.py:588} INFO - Filling up the DagBag from /home/airflow/.local/lib/python3.12/site-packages/airflow/example_dags/example_branch_labels.py
[2025-04-13T22:32:37.999+0000] {processor.py:925} INFO - DAG(s) 'example_branch_labels' retrieved from /home/airflow/.local/lib/python3.12/site-packages/airflow/example_dags/example_branch_labels.py
[2025-04-13T22:32:38.125+0000] {logging_mixin.py:190} INFO - [2025-04-13T22:32:38.109+0000] {dag.py:3239} INFO - Sync 1 DAGs
[2025-04-13T22:32:38.261+0000] {logging_mixin.py:190} INFO - [2025-04-13T22:32:38.261+0000] {dag.py:4180} INFO - Setting next_dagrun for example_branch_labels to 2025-04-12 00:00:00+00:00, run_after=2025-04-13 00:00:00+00:00
[2025-04-13T22:32:38.330+0000] {processor.py:208} INFO - Processing /home/airflow/.local/lib/python3.12/site-packages/airflow/example_dags/example_branch_labels.py took 0.427 seconds
[2025-04-13T22:33:13.189+0000] {processor.py:186} INFO - Started process (PID=258) to work on /home/airflow/.local/lib/python3.12/site-packages/airflow/example_dags/example_branch_labels.py
[2025-04-13T22:33:13.232+0000] {processor.py:914} INFO - Processing file /home/airflow/.local/lib/python3.12/site-packages/airflow/example_dags/example_branch_labels.py for tasks to queue
[2025-04-13T22:33:13.261+0000] {logging_mixin.py:190} INFO - [2025-04-13T22:33:13.260+0000] {dagbag.py:588} INFO - Filling up the DagBag from /home/airflow/.local/lib/python3.12/site-packages/airflow/example_dags/example_branch_labels.py
[2025-04-13T22:33:13.308+0000] {processor.py:925} INFO - DAG(s) 'example_branch_labels' retrieved from /home/airflow/.local/lib/python3.12/site-packages/airflow/example_dags/example_branch_labels.py
[2025-04-13T22:33:13.456+0000] {logging_mixin.py:190} INFO - [2025-04-13T22:33:13.455+0000] {dag.py:3239} INFO - Sync 1 DAGs
[2025-04-13T22:33:13.644+0000] {logging_mixin.py:190} INFO - [2025-04-13T22:33:13.643+0000] {dag.py:4180} INFO - Setting next_dagrun for example_branch_labels to 2025-04-12 00:00:00+00:00, run_after=2025-04-13 00:00:00+00:00
[2025-04-13T22:33:13.765+0000] {processor.py:208} INFO - Processing /home/airflow/.local/lib/python3.12/site-packages/airflow/example_dags/example_branch_labels.py took 0.604 seconds
[2025-04-13T22:33:46.617+0000] {processor.py:186} INFO - Started process (PID=322) to work on /home/airflow/.local/lib/python3.12/site-packages/airflow/example_dags/example_branch_labels.py
[2025-04-13T22:33:46.619+0000] {processor.py:914} INFO - Processing file /home/airflow/.local/lib/python3.12/site-packages/airflow/example_dags/example_branch_labels.py for tasks to queue
[2025-04-13T22:33:46.664+0000] {logging_mixin.py:190} INFO - [2025-04-13T22:33:46.663+0000] {dagbag.py:588} INFO - Filling up the DagBag from /home/airflow/.local/lib/python3.12/site-packages/airflow/example_dags/example_branch_labels.py
[2025-04-13T22:33:46.696+0000] {processor.py:925} INFO - DAG(s) 'example_branch_labels' retrieved from /home/airflow/.local/lib/python3.12/site-packages/airflow/example_dags/example_branch_labels.py
[2025-04-13T22:33:46.792+0000] {logging_mixin.py:190} INFO - [2025-04-13T22:33:46.792+0000] {dag.py:3239} INFO - Sync 1 DAGs
[2025-04-13T22:33:46.868+0000] {logging_mixin.py:190} INFO - [2025-04-13T22:33:46.867+0000] {dag.py:4180} INFO - Setting next_dagrun for example_branch_labels to 2025-04-12 00:00:00+00:00, run_after=2025-04-13 00:00:00+00:00
[2025-04-13T22:33:46.965+0000] {processor.py:208} INFO - Processing /home/airflow/.local/lib/python3.12/site-packages/airflow/example_dags/example_branch_labels.py took 0.369 seconds
[2025-04-13T22:34:24.814+0000] {processor.py:186} INFO - Started process (PID=386) to work on /home/airflow/.local/lib/python3.12/site-packages/airflow/example_dags/example_branch_labels.py
[2025-04-13T22:34:24.824+0000] {processor.py:914} INFO - Processing file /home/airflow/.local/lib/python3.12/site-packages/airflow/example_dags/example_branch_labels.py for tasks to queue
[2025-04-13T22:34:24.848+0000] {logging_mixin.py:190} INFO - [2025-04-13T22:34:24.848+0000] {dagbag.py:588} INFO - Filling up the DagBag from /home/airflow/.local/lib/python3.12/site-packages/airflow/example_dags/example_branch_labels.py
[2025-04-13T22:34:24.964+0000] {processor.py:925} INFO - DAG(s) 'example_branch_labels' retrieved from /home/airflow/.local/lib/python3.12/site-packages/airflow/example_dags/example_branch_labels.py
[2025-04-13T22:34:25.209+0000] {logging_mixin.py:190} INFO - [2025-04-13T22:34:25.208+0000] {dag.py:3239} INFO - Sync 1 DAGs
[2025-04-13T22:34:25.333+0000] {logging_mixin.py:190} INFO - [2025-04-13T22:34:25.333+0000] {dag.py:4180} INFO - Setting next_dagrun for example_branch_labels to 2025-04-12 00:00:00+00:00, run_after=2025-04-13 00:00:00+00:00
[2025-04-13T22:34:25.612+0000] {processor.py:208} INFO - Processing /home/airflow/.local/lib/python3.12/site-packages/airflow/example_dags/example_branch_labels.py took 0.856 seconds
[2025-04-13T22:35:06.186+0000] {processor.py:186} INFO - Started process (PID=456) to work on /home/airflow/.local/lib/python3.12/site-packages/airflow/example_dags/example_branch_labels.py
[2025-04-13T22:35:06.204+0000] {processor.py:914} INFO - Processing file /home/airflow/.local/lib/python3.12/site-packages/airflow/example_dags/example_branch_labels.py for tasks to queue
[2025-04-13T22:35:06.213+0000] {logging_mixin.py:190} INFO - [2025-04-13T22:35:06.212+0000] {dagbag.py:588} INFO - Filling up the DagBag from /home/airflow/.local/lib/python3.12/site-packages/airflow/example_dags/example_branch_labels.py
[2025-04-13T22:35:06.366+0000] {processor.py:925} INFO - DAG(s) 'example_branch_labels' retrieved from /home/airflow/.local/lib/python3.12/site-packages/airflow/example_dags/example_branch_labels.py
[2025-04-13T22:35:06.541+0000] {logging_mixin.py:190} INFO - [2025-04-13T22:35:06.540+0000] {dag.py:3239} INFO - Sync 1 DAGs
[2025-04-13T22:35:06.739+0000] {logging_mixin.py:190} INFO - [2025-04-13T22:35:06.738+0000] {dag.py:4180} INFO - Setting next_dagrun for example_branch_labels to 2025-04-12 00:00:00+00:00, run_after=2025-04-13 00:00:00+00:00
[2025-04-13T22:35:07.252+0000] {processor.py:208} INFO - Processing /home/airflow/.local/lib/python3.12/site-packages/airflow/example_dags/example_branch_labels.py took 1.176 seconds
[2025-04-13T22:35:49.300+0000] {processor.py:186} INFO - Started process (PID=526) to work on /home/airflow/.local/lib/python3.12/site-packages/airflow/example_dags/example_branch_labels.py
[2025-04-13T22:35:49.341+0000] {processor.py:914} INFO - Processing file /home/airflow/.local/lib/python3.12/site-packages/airflow/example_dags/example_branch_labels.py for tasks to queue
[2025-04-13T22:35:49.356+0000] {logging_mixin.py:190} INFO - [2025-04-13T22:35:49.355+0000] {dagbag.py:588} INFO - Filling up the DagBag from /home/airflow/.local/lib/python3.12/site-packages/airflow/example_dags/example_branch_labels.py
[2025-04-13T22:35:49.524+0000] {processor.py:925} INFO - DAG(s) 'example_branch_labels' retrieved from /home/airflow/.local/lib/python3.12/site-packages/airflow/example_dags/example_branch_labels.py
[2025-04-13T22:35:49.723+0000] {logging_mixin.py:190} INFO - [2025-04-13T22:35:49.722+0000] {dag.py:3239} INFO - Sync 1 DAGs
[2025-04-13T22:35:49.903+0000] {logging_mixin.py:190} INFO - [2025-04-13T22:35:49.902+0000] {dag.py:4180} INFO - Setting next_dagrun for example_branch_labels to 2025-04-12 00:00:00+00:00, run_after=2025-04-13 00:00:00+00:00
[2025-04-13T22:35:50.010+0000] {processor.py:208} INFO - Processing /home/airflow/.local/lib/python3.12/site-packages/airflow/example_dags/example_branch_labels.py took 0.766 seconds
[2025-04-13T22:36:29.617+0000] {processor.py:186} INFO - Started process (PID=596) to work on /home/airflow/.local/lib/python3.12/site-packages/airflow/example_dags/example_branch_labels.py
[2025-04-13T22:36:29.625+0000] {processor.py:914} INFO - Processing file /home/airflow/.local/lib/python3.12/site-packages/airflow/example_dags/example_branch_labels.py for tasks to queue
[2025-04-13T22:36:29.637+0000] {logging_mixin.py:190} INFO - [2025-04-13T22:36:29.631+0000] {dagbag.py:588} INFO - Filling up the DagBag from /home/airflow/.local/lib/python3.12/site-packages/airflow/example_dags/example_branch_labels.py
[2025-04-13T22:36:29.710+0000] {processor.py:925} INFO - DAG(s) 'example_branch_labels' retrieved from /home/airflow/.local/lib/python3.12/site-packages/airflow/example_dags/example_branch_labels.py
[2025-04-13T22:36:29.869+0000] {logging_mixin.py:190} INFO - [2025-04-13T22:36:29.868+0000] {dag.py:3239} INFO - Sync 1 DAGs
[2025-04-13T22:36:29.971+0000] {logging_mixin.py:190} INFO - [2025-04-13T22:36:29.970+0000] {dag.py:4180} INFO - Setting next_dagrun for example_branch_labels to 2025-04-12 00:00:00+00:00, run_after=2025-04-13 00:00:00+00:00
[2025-04-13T22:36:30.034+0000] {processor.py:208} INFO - Processing /home/airflow/.local/lib/python3.12/site-packages/airflow/example_dags/example_branch_labels.py took 0.503 seconds
[2025-04-13T22:37:18.044+0000] {processor.py:186} INFO - Started process (PID=670) to work on /home/airflow/.local/lib/python3.12/site-packages/airflow/example_dags/example_branch_labels.py
[2025-04-13T22:37:18.096+0000] {processor.py:914} INFO - Processing file /home/airflow/.local/lib/python3.12/site-packages/airflow/example_dags/example_branch_labels.py for tasks to queue
[2025-04-13T22:37:18.122+0000] {logging_mixin.py:190} INFO - [2025-04-13T22:37:18.122+0000] {dagbag.py:588} INFO - Filling up the DagBag from /home/airflow/.local/lib/python3.12/site-packages/airflow/example_dags/example_branch_labels.py
[2025-04-13T22:37:18.253+0000] {processor.py:925} INFO - DAG(s) 'example_branch_labels' retrieved from /home/airflow/.local/lib/python3.12/site-packages/airflow/example_dags/example_branch_labels.py
[2025-04-13T22:37:18.478+0000] {logging_mixin.py:190} INFO - [2025-04-13T22:37:18.478+0000] {dag.py:3239} INFO - Sync 1 DAGs
[2025-04-13T22:37:18.821+0000] {logging_mixin.py:190} INFO - [2025-04-13T22:37:18.820+0000] {dag.py:4180} INFO - Setting next_dagrun for example_branch_labels to 2025-04-12 00:00:00+00:00, run_after=2025-04-13 00:00:00+00:00
[2025-04-13T22:37:18.929+0000] {processor.py:208} INFO - Processing /home/airflow/.local/lib/python3.12/site-packages/airflow/example_dags/example_branch_labels.py took 1.871 seconds
[2025-04-13T22:38:00.402+0000] {processor.py:186} INFO - Started process (PID=734) to work on /home/airflow/.local/lib/python3.12/site-packages/airflow/example_dags/example_branch_labels.py
[2025-04-13T22:38:00.406+0000] {processor.py:914} INFO - Processing file /home/airflow/.local/lib/python3.12/site-packages/airflow/example_dags/example_branch_labels.py for tasks to queue
[2025-04-13T22:38:00.427+0000] {logging_mixin.py:190} INFO - [2025-04-13T22:38:00.416+0000] {dagbag.py:588} INFO - Filling up the DagBag from /home/airflow/.local/lib/python3.12/site-packages/airflow/example_dags/example_branch_labels.py
[2025-04-13T22:38:00.501+0000] {processor.py:925} INFO - DAG(s) 'example_branch_labels' retrieved from /home/airflow/.local/lib/python3.12/site-packages/airflow/example_dags/example_branch_labels.py
[2025-04-13T22:38:00.740+0000] {logging_mixin.py:190} INFO - [2025-04-13T22:38:00.740+0000] {dag.py:3239} INFO - Sync 1 DAGs
[2025-04-13T22:38:00.843+0000] {logging_mixin.py:190} INFO - [2025-04-13T22:38:00.842+0000] {dag.py:4180} INFO - Setting next_dagrun for example_branch_labels to 2025-04-12 00:00:00+00:00, run_after=2025-04-13 00:00:00+00:00
[2025-04-13T22:38:00.907+0000] {processor.py:208} INFO - Processing /home/airflow/.local/lib/python3.12/site-packages/airflow/example_dags/example_branch_labels.py took 0.602 seconds
[2025-04-13T22:38:40.983+0000] {processor.py:186} INFO - Started process (PID=804) to work on /home/airflow/.local/lib/python3.12/site-packages/airflow/example_dags/example_branch_labels.py
[2025-04-13T22:38:40.990+0000] {processor.py:914} INFO - Processing file /home/airflow/.local/lib/python3.12/site-packages/airflow/example_dags/example_branch_labels.py for tasks to queue
[2025-04-13T22:38:41.018+0000] {logging_mixin.py:190} INFO - [2025-04-13T22:38:41.016+0000] {dagbag.py:588} INFO - Filling up the DagBag from /home/airflow/.local/lib/python3.12/site-packages/airflow/example_dags/example_branch_labels.py
[2025-04-13T22:38:41.074+0000] {processor.py:925} INFO - DAG(s) 'example_branch_labels' retrieved from /home/airflow/.local/lib/python3.12/site-packages/airflow/example_dags/example_branch_labels.py
[2025-04-13T22:38:41.175+0000] {logging_mixin.py:190} INFO - [2025-04-13T22:38:41.170+0000] {dag.py:3239} INFO - Sync 1 DAGs
[2025-04-13T22:38:41.326+0000] {logging_mixin.py:190} INFO - [2025-04-13T22:38:41.325+0000] {dag.py:4180} INFO - Setting next_dagrun for example_branch_labels to 2025-04-12 00:00:00+00:00, run_after=2025-04-13 00:00:00+00:00
[2025-04-13T22:38:41.452+0000] {processor.py:208} INFO - Processing /home/airflow/.local/lib/python3.12/site-packages/airflow/example_dags/example_branch_labels.py took 0.493 seconds
[2025-04-13T22:39:20.218+0000] {processor.py:186} INFO - Started process (PID=869) to work on /home/airflow/.local/lib/python3.12/site-packages/airflow/example_dags/example_branch_labels.py
[2025-04-13T22:39:20.228+0000] {processor.py:914} INFO - Processing file /home/airflow/.local/lib/python3.12/site-packages/airflow/example_dags/example_branch_labels.py for tasks to queue
[2025-04-13T22:39:20.233+0000] {logging_mixin.py:190} INFO - [2025-04-13T22:39:20.232+0000] {dagbag.py:588} INFO - Filling up the DagBag from /home/airflow/.local/lib/python3.12/site-packages/airflow/example_dags/example_branch_labels.py
[2025-04-13T22:39:20.277+0000] {processor.py:925} INFO - DAG(s) 'example_branch_labels' retrieved from /home/airflow/.local/lib/python3.12/site-packages/airflow/example_dags/example_branch_labels.py
[2025-04-13T22:39:20.509+0000] {logging_mixin.py:190} INFO - [2025-04-13T22:39:20.509+0000] {dag.py:3239} INFO - Sync 1 DAGs
[2025-04-13T22:39:20.683+0000] {logging_mixin.py:190} INFO - [2025-04-13T22:39:20.672+0000] {dag.py:4180} INFO - Setting next_dagrun for example_branch_labels to 2025-04-12 00:00:00+00:00, run_after=2025-04-13 00:00:00+00:00
[2025-04-13T22:39:20.847+0000] {processor.py:208} INFO - Processing /home/airflow/.local/lib/python3.12/site-packages/airflow/example_dags/example_branch_labels.py took 0.667 seconds
[2025-04-13T22:40:48.066+0000] {processor.py:186} INFO - Started process (PID=948) to work on /home/airflow/.local/lib/python3.12/site-packages/airflow/example_dags/example_branch_labels.py
[2025-04-13T22:40:48.070+0000] {processor.py:914} INFO - Processing file /home/airflow/.local/lib/python3.12/site-packages/airflow/example_dags/example_branch_labels.py for tasks to queue
[2025-04-13T22:40:48.079+0000] {logging_mixin.py:190} INFO - [2025-04-13T22:40:48.078+0000] {dagbag.py:588} INFO - Filling up the DagBag from /home/airflow/.local/lib/python3.12/site-packages/airflow/example_dags/example_branch_labels.py
[2025-04-13T22:40:48.178+0000] {processor.py:925} INFO - DAG(s) 'example_branch_labels' retrieved from /home/airflow/.local/lib/python3.12/site-packages/airflow/example_dags/example_branch_labels.py
[2025-04-13T22:40:48.884+0000] {logging_mixin.py:190} INFO - [2025-04-13T22:40:48.881+0000] {dag.py:3239} INFO - Sync 1 DAGs
[2025-04-13T22:40:50.156+0000] {logging_mixin.py:190} INFO - [2025-04-13T22:40:50.156+0000] {dag.py:4180} INFO - Setting next_dagrun for example_branch_labels to 2025-04-12 00:00:00+00:00, run_after=2025-04-13 00:00:00+00:00
[2025-04-13T22:40:50.728+0000] {processor.py:208} INFO - Processing /home/airflow/.local/lib/python3.12/site-packages/airflow/example_dags/example_branch_labels.py took 2.681 seconds
[2025-04-13T22:42:06.475+0000] {processor.py:186} INFO - Started process (PID=1012) to work on /home/airflow/.local/lib/python3.12/site-packages/airflow/example_dags/example_branch_labels.py
[2025-04-13T22:42:06.488+0000] {processor.py:914} INFO - Processing file /home/airflow/.local/lib/python3.12/site-packages/airflow/example_dags/example_branch_labels.py for tasks to queue
[2025-04-13T22:42:06.510+0000] {logging_mixin.py:190} INFO - [2025-04-13T22:42:06.509+0000] {dagbag.py:588} INFO - Filling up the DagBag from /home/airflow/.local/lib/python3.12/site-packages/airflow/example_dags/example_branch_labels.py
[2025-04-13T22:42:06.558+0000] {processor.py:925} INFO - DAG(s) 'example_branch_labels' retrieved from /home/airflow/.local/lib/python3.12/site-packages/airflow/example_dags/example_branch_labels.py
[2025-04-13T22:42:06.708+0000] {logging_mixin.py:190} INFO - [2025-04-13T22:42:06.708+0000] {dag.py:3239} INFO - Sync 1 DAGs
[2025-04-13T22:42:07.004+0000] {logging_mixin.py:190} INFO - [2025-04-13T22:42:07.003+0000] {dag.py:4180} INFO - Setting next_dagrun for example_branch_labels to 2025-04-12 00:00:00+00:00, run_after=2025-04-13 00:00:00+00:00
[2025-04-13T22:42:07.142+0000] {processor.py:208} INFO - Processing /home/airflow/.local/lib/python3.12/site-packages/airflow/example_dags/example_branch_labels.py took 0.682 seconds
[2025-04-13T22:42:42.940+0000] {processor.py:186} INFO - Started process (PID=1082) to work on /home/airflow/.local/lib/python3.12/site-packages/airflow/example_dags/example_branch_labels.py
[2025-04-13T22:42:42.950+0000] {processor.py:914} INFO - Processing file /home/airflow/.local/lib/python3.12/site-packages/airflow/example_dags/example_branch_labels.py for tasks to queue
[2025-04-13T22:42:42.959+0000] {logging_mixin.py:190} INFO - [2025-04-13T22:42:42.958+0000] {dagbag.py:588} INFO - Filling up the DagBag from /home/airflow/.local/lib/python3.12/site-packages/airflow/example_dags/example_branch_labels.py
[2025-04-13T22:42:42.998+0000] {processor.py:925} INFO - DAG(s) 'example_branch_labels' retrieved from /home/airflow/.local/lib/python3.12/site-packages/airflow/example_dags/example_branch_labels.py
[2025-04-13T22:42:43.093+0000] {logging_mixin.py:190} INFO - [2025-04-13T22:42:43.092+0000] {dag.py:3239} INFO - Sync 1 DAGs
[2025-04-13T22:42:43.231+0000] {logging_mixin.py:190} INFO - [2025-04-13T22:42:43.230+0000] {dag.py:4180} INFO - Setting next_dagrun for example_branch_labels to 2025-04-12 00:00:00+00:00, run_after=2025-04-13 00:00:00+00:00
[2025-04-13T22:42:43.373+0000] {processor.py:208} INFO - Processing /home/airflow/.local/lib/python3.12/site-packages/airflow/example_dags/example_branch_labels.py took 0.447 seconds
[2025-04-13T22:44:05.516+0000] {processor.py:186} INFO - Started process (PID=1156) to work on /home/airflow/.local/lib/python3.12/site-packages/airflow/example_dags/example_branch_labels.py
[2025-04-13T22:44:05.566+0000] {processor.py:914} INFO - Processing file /home/airflow/.local/lib/python3.12/site-packages/airflow/example_dags/example_branch_labels.py for tasks to queue
[2025-04-13T22:44:05.637+0000] {logging_mixin.py:190} INFO - [2025-04-13T22:44:05.636+0000] {dagbag.py:588} INFO - Filling up the DagBag from /home/airflow/.local/lib/python3.12/site-packages/airflow/example_dags/example_branch_labels.py
[2025-04-13T22:44:05.710+0000] {processor.py:925} INFO - DAG(s) 'example_branch_labels' retrieved from /home/airflow/.local/lib/python3.12/site-packages/airflow/example_dags/example_branch_labels.py
[2025-04-13T22:44:06.279+0000] {logging_mixin.py:190} INFO - [2025-04-13T22:44:06.262+0000] {dag.py:3239} INFO - Sync 1 DAGs
[2025-04-13T22:44:06.593+0000] {logging_mixin.py:190} INFO - [2025-04-13T22:44:06.592+0000] {dag.py:4180} INFO - Setting next_dagrun for example_branch_labels to 2025-04-12 00:00:00+00:00, run_after=2025-04-13 00:00:00+00:00
[2025-04-13T22:44:06.764+0000] {processor.py:208} INFO - Processing /home/airflow/.local/lib/python3.12/site-packages/airflow/example_dags/example_branch_labels.py took 1.471 seconds
[2025-04-13T22:45:16.804+0000] {processor.py:186} INFO - Started process (PID=1239) to work on /home/airflow/.local/lib/python3.12/site-packages/airflow/example_dags/example_branch_labels.py
[2025-04-13T22:45:16.807+0000] {processor.py:914} INFO - Processing file /home/airflow/.local/lib/python3.12/site-packages/airflow/example_dags/example_branch_labels.py for tasks to queue
[2025-04-13T22:45:16.826+0000] {logging_mixin.py:190} INFO - [2025-04-13T22:45:16.821+0000] {dagbag.py:588} INFO - Filling up the DagBag from /home/airflow/.local/lib/python3.12/site-packages/airflow/example_dags/example_branch_labels.py
[2025-04-13T22:45:16.866+0000] {processor.py:925} INFO - DAG(s) 'example_branch_labels' retrieved from /home/airflow/.local/lib/python3.12/site-packages/airflow/example_dags/example_branch_labels.py
[2025-04-13T22:45:17.405+0000] {logging_mixin.py:190} INFO - [2025-04-13T22:45:17.405+0000] {dag.py:3239} INFO - Sync 1 DAGs
[2025-04-13T22:45:17.897+0000] {logging_mixin.py:190} INFO - [2025-04-13T22:45:17.896+0000] {dag.py:4180} INFO - Setting next_dagrun for example_branch_labels to 2025-04-12 00:00:00+00:00, run_after=2025-04-13 00:00:00+00:00
[2025-04-13T22:45:18.303+0000] {processor.py:208} INFO - Processing /home/airflow/.local/lib/python3.12/site-packages/airflow/example_dags/example_branch_labels.py took 1.518 seconds
