[2025-04-13T16:49:47.639+0000] {processor.py:186} INFO - Started process (PID=148) to work on /home/airflow/.local/lib/python3.12/site-packages/airflow/example_dags/example_branch_python_dop_operator_3.py
[2025-04-13T16:49:47.645+0000] {processor.py:914} INFO - Processing file /home/airflow/.local/lib/python3.12/site-packages/airflow/example_dags/example_branch_python_dop_operator_3.py for tasks to queue
[2025-04-13T16:49:47.731+0000] {logging_mixin.py:190} INFO - [2025-04-13T16:49:47.729+0000] {dagbag.py:588} INFO - Filling up the DagBag from /home/airflow/.local/lib/python3.12/site-packages/airflow/example_dags/example_branch_python_dop_operator_3.py
[2025-04-13T16:49:47.828+0000] {processor.py:925} INFO - DAG(s) 'example_branch_dop_operator_v3' retrieved from /home/airflow/.local/lib/python3.12/site-packages/airflow/example_dags/example_branch_python_dop_operator_3.py
[2025-04-13T16:49:49.958+0000] {logging_mixin.py:190} INFO - [2025-04-13T16:49:49.935+0000] {override.py:1912} INFO - Created Permission View: can read on DAG:example_branch_dop_operator_v3
[2025-04-13T16:49:50.433+0000] {logging_mixin.py:190} INFO - [2025-04-13T16:49:50.433+0000] {override.py:1912} INFO - Created Permission View: can edit on DAG:example_branch_dop_operator_v3
[2025-04-13T16:49:50.558+0000] {logging_mixin.py:190} INFO - [2025-04-13T16:49:50.547+0000] {override.py:1912} INFO - Created Permission View: can delete on DAG:example_branch_dop_operator_v3
[2025-04-13T16:49:50.632+0000] {logging_mixin.py:190} INFO - [2025-04-13T16:49:50.632+0000] {override.py:1912} INFO - Created Permission View: can read on DAG Run:example_branch_dop_operator_v3
[2025-04-13T16:49:50.971+0000] {logging_mixin.py:190} INFO - [2025-04-13T16:49:50.971+0000] {override.py:1912} INFO - Created Permission View: menu access on DAG Run:example_branch_dop_operator_v3
[2025-04-13T16:49:51.131+0000] {logging_mixin.py:190} INFO - [2025-04-13T16:49:51.131+0000] {override.py:1912} INFO - Created Permission View: can create on DAG Run:example_branch_dop_operator_v3
[2025-04-13T16:49:51.174+0000] {logging_mixin.py:190} INFO - [2025-04-13T16:49:51.173+0000] {override.py:1912} INFO - Created Permission View: can delete on DAG Run:example_branch_dop_operator_v3
[2025-04-13T16:49:51.178+0000] {logging_mixin.py:190} INFO - [2025-04-13T16:49:51.178+0000] {dag.py:3239} INFO - Sync 1 DAGs
[2025-04-13T16:49:51.731+0000] {logging_mixin.py:190} INFO - [2025-04-13T16:49:51.731+0000] {dag.py:3262} INFO - Creating ORM DAG for example_branch_dop_operator_v3
[2025-04-13T16:49:52.667+0000] {logging_mixin.py:190} INFO - [2025-04-13T16:49:52.666+0000] {dag.py:4180} INFO - Setting next_dagrun for example_branch_dop_operator_v3 to 2025-04-13 16:48:00+00:00, run_after=2025-04-13 16:49:00+00:00
[2025-04-13T16:49:53.804+0000] {processor.py:208} INFO - Processing /home/airflow/.local/lib/python3.12/site-packages/airflow/example_dags/example_branch_python_dop_operator_3.py took 6.378 seconds
[2025-04-13T16:51:06.059+0000] {processor.py:186} INFO - Started process (PID=218) to work on /home/airflow/.local/lib/python3.12/site-packages/airflow/example_dags/example_branch_python_dop_operator_3.py
[2025-04-13T16:51:06.062+0000] {processor.py:914} INFO - Processing file /home/airflow/.local/lib/python3.12/site-packages/airflow/example_dags/example_branch_python_dop_operator_3.py for tasks to queue
[2025-04-13T16:51:06.068+0000] {logging_mixin.py:190} INFO - [2025-04-13T16:51:06.067+0000] {dagbag.py:588} INFO - Filling up the DagBag from /home/airflow/.local/lib/python3.12/site-packages/airflow/example_dags/example_branch_python_dop_operator_3.py
[2025-04-13T16:51:06.116+0000] {processor.py:925} INFO - DAG(s) 'example_branch_dop_operator_v3' retrieved from /home/airflow/.local/lib/python3.12/site-packages/airflow/example_dags/example_branch_python_dop_operator_3.py
[2025-04-13T16:51:06.202+0000] {logging_mixin.py:190} INFO - [2025-04-13T16:51:06.201+0000] {dag.py:3239} INFO - Sync 1 DAGs
[2025-04-13T16:51:06.468+0000] {logging_mixin.py:190} INFO - [2025-04-13T16:51:06.467+0000] {dag.py:4180} INFO - Setting next_dagrun for example_branch_dop_operator_v3 to 2025-04-13 16:50:00+00:00, run_after=2025-04-13 16:51:00+00:00
[2025-04-13T16:51:06.587+0000] {processor.py:208} INFO - Processing /home/airflow/.local/lib/python3.12/site-packages/airflow/example_dags/example_branch_python_dop_operator_3.py took 0.541 seconds
[2025-04-13T16:51:42.593+0000] {processor.py:186} INFO - Started process (PID=288) to work on /home/airflow/.local/lib/python3.12/site-packages/airflow/example_dags/example_branch_python_dop_operator_3.py
[2025-04-13T16:51:42.595+0000] {processor.py:914} INFO - Processing file /home/airflow/.local/lib/python3.12/site-packages/airflow/example_dags/example_branch_python_dop_operator_3.py for tasks to queue
[2025-04-13T16:51:42.616+0000] {logging_mixin.py:190} INFO - [2025-04-13T16:51:42.615+0000] {dagbag.py:588} INFO - Filling up the DagBag from /home/airflow/.local/lib/python3.12/site-packages/airflow/example_dags/example_branch_python_dop_operator_3.py
[2025-04-13T16:51:42.665+0000] {processor.py:925} INFO - DAG(s) 'example_branch_dop_operator_v3' retrieved from /home/airflow/.local/lib/python3.12/site-packages/airflow/example_dags/example_branch_python_dop_operator_3.py
[2025-04-13T16:51:42.758+0000] {logging_mixin.py:190} INFO - [2025-04-13T16:51:42.757+0000] {dag.py:3239} INFO - Sync 1 DAGs
[2025-04-13T16:51:42.855+0000] {logging_mixin.py:190} INFO - [2025-04-13T16:51:42.854+0000] {dag.py:4180} INFO - Setting next_dagrun for example_branch_dop_operator_v3 to 2025-04-13 16:50:00+00:00, run_after=2025-04-13 16:51:00+00:00
[2025-04-13T16:51:42.934+0000] {processor.py:208} INFO - Processing /home/airflow/.local/lib/python3.12/site-packages/airflow/example_dags/example_branch_python_dop_operator_3.py took 0.355 seconds
[2025-04-13T16:52:16.556+0000] {processor.py:186} INFO - Started process (PID=351) to work on /home/airflow/.local/lib/python3.12/site-packages/airflow/example_dags/example_branch_python_dop_operator_3.py
[2025-04-13T16:52:16.561+0000] {processor.py:914} INFO - Processing file /home/airflow/.local/lib/python3.12/site-packages/airflow/example_dags/example_branch_python_dop_operator_3.py for tasks to queue
[2025-04-13T16:52:16.567+0000] {logging_mixin.py:190} INFO - [2025-04-13T16:52:16.566+0000] {dagbag.py:588} INFO - Filling up the DagBag from /home/airflow/.local/lib/python3.12/site-packages/airflow/example_dags/example_branch_python_dop_operator_3.py
[2025-04-13T16:52:16.598+0000] {processor.py:925} INFO - DAG(s) 'example_branch_dop_operator_v3' retrieved from /home/airflow/.local/lib/python3.12/site-packages/airflow/example_dags/example_branch_python_dop_operator_3.py
[2025-04-13T16:52:16.675+0000] {logging_mixin.py:190} INFO - [2025-04-13T16:52:16.675+0000] {dag.py:3239} INFO - Sync 1 DAGs
[2025-04-13T16:52:16.764+0000] {logging_mixin.py:190} INFO - [2025-04-13T16:52:16.764+0000] {dag.py:4180} INFO - Setting next_dagrun for example_branch_dop_operator_v3 to 2025-04-13 16:51:00+00:00, run_after=2025-04-13 16:52:00+00:00
[2025-04-13T16:52:16.828+0000] {processor.py:208} INFO - Processing /home/airflow/.local/lib/python3.12/site-packages/airflow/example_dags/example_branch_python_dop_operator_3.py took 0.285 seconds
[2025-04-13T16:52:49.169+0000] {processor.py:186} INFO - Started process (PID=421) to work on /home/airflow/.local/lib/python3.12/site-packages/airflow/example_dags/example_branch_python_dop_operator_3.py
[2025-04-13T16:52:49.170+0000] {processor.py:914} INFO - Processing file /home/airflow/.local/lib/python3.12/site-packages/airflow/example_dags/example_branch_python_dop_operator_3.py for tasks to queue
[2025-04-13T16:52:49.178+0000] {logging_mixin.py:190} INFO - [2025-04-13T16:52:49.177+0000] {dagbag.py:588} INFO - Filling up the DagBag from /home/airflow/.local/lib/python3.12/site-packages/airflow/example_dags/example_branch_python_dop_operator_3.py
[2025-04-13T16:52:49.222+0000] {processor.py:925} INFO - DAG(s) 'example_branch_dop_operator_v3' retrieved from /home/airflow/.local/lib/python3.12/site-packages/airflow/example_dags/example_branch_python_dop_operator_3.py
[2025-04-13T16:52:49.316+0000] {logging_mixin.py:190} INFO - [2025-04-13T16:52:49.315+0000] {dag.py:3239} INFO - Sync 1 DAGs
[2025-04-13T16:52:49.476+0000] {logging_mixin.py:190} INFO - [2025-04-13T16:52:49.476+0000] {dag.py:4180} INFO - Setting next_dagrun for example_branch_dop_operator_v3 to 2025-04-13 16:51:00+00:00, run_after=2025-04-13 16:52:00+00:00
[2025-04-13T16:52:49.581+0000] {processor.py:208} INFO - Processing /home/airflow/.local/lib/python3.12/site-packages/airflow/example_dags/example_branch_python_dop_operator_3.py took 0.440 seconds
[2025-04-13T16:53:45.485+0000] {processor.py:186} INFO - Started process (PID=490) to work on /home/airflow/.local/lib/python3.12/site-packages/airflow/example_dags/example_branch_python_dop_operator_3.py
[2025-04-13T16:53:45.488+0000] {processor.py:914} INFO - Processing file /home/airflow/.local/lib/python3.12/site-packages/airflow/example_dags/example_branch_python_dop_operator_3.py for tasks to queue
[2025-04-13T16:53:45.511+0000] {logging_mixin.py:190} INFO - [2025-04-13T16:53:45.510+0000] {dagbag.py:588} INFO - Filling up the DagBag from /home/airflow/.local/lib/python3.12/site-packages/airflow/example_dags/example_branch_python_dop_operator_3.py
[2025-04-13T16:53:45.553+0000] {processor.py:925} INFO - DAG(s) 'example_branch_dop_operator_v3' retrieved from /home/airflow/.local/lib/python3.12/site-packages/airflow/example_dags/example_branch_python_dop_operator_3.py
[2025-04-13T16:53:45.651+0000] {logging_mixin.py:190} INFO - [2025-04-13T16:53:45.647+0000] {dag.py:3239} INFO - Sync 1 DAGs
[2025-04-13T16:53:45.883+0000] {logging_mixin.py:190} INFO - [2025-04-13T16:53:45.882+0000] {dag.py:4180} INFO - Setting next_dagrun for example_branch_dop_operator_v3 to 2025-04-13 16:52:00+00:00, run_after=2025-04-13 16:53:00+00:00
[2025-04-13T16:53:45.972+0000] {processor.py:208} INFO - Processing /home/airflow/.local/lib/python3.12/site-packages/airflow/example_dags/example_branch_python_dop_operator_3.py took 0.505 seconds
[2025-04-13T16:54:37.255+0000] {processor.py:186} INFO - Started process (PID=572) to work on /home/airflow/.local/lib/python3.12/site-packages/airflow/example_dags/example_branch_python_dop_operator_3.py
[2025-04-13T16:54:37.258+0000] {processor.py:914} INFO - Processing file /home/airflow/.local/lib/python3.12/site-packages/airflow/example_dags/example_branch_python_dop_operator_3.py for tasks to queue
[2025-04-13T16:54:37.272+0000] {logging_mixin.py:190} INFO - [2025-04-13T16:54:37.270+0000] {dagbag.py:588} INFO - Filling up the DagBag from /home/airflow/.local/lib/python3.12/site-packages/airflow/example_dags/example_branch_python_dop_operator_3.py
[2025-04-13T16:54:37.328+0000] {processor.py:925} INFO - DAG(s) 'example_branch_dop_operator_v3' retrieved from /home/airflow/.local/lib/python3.12/site-packages/airflow/example_dags/example_branch_python_dop_operator_3.py
[2025-04-13T16:54:37.463+0000] {logging_mixin.py:190} INFO - [2025-04-13T16:54:37.463+0000] {dag.py:3239} INFO - Sync 1 DAGs
[2025-04-13T16:54:37.598+0000] {logging_mixin.py:190} INFO - [2025-04-13T16:54:37.598+0000] {dag.py:4180} INFO - Setting next_dagrun for example_branch_dop_operator_v3 to 2025-04-13 16:53:00+00:00, run_after=2025-04-13 16:54:00+00:00
[2025-04-13T16:54:37.723+0000] {processor.py:208} INFO - Processing /home/airflow/.local/lib/python3.12/site-packages/airflow/example_dags/example_branch_python_dop_operator_3.py took 0.512 seconds
[2025-04-13T17:04:33.055+0000] {processor.py:186} INFO - Started process (PID=156) to work on /home/airflow/.local/lib/python3.12/site-packages/airflow/example_dags/example_branch_python_dop_operator_3.py
[2025-04-13T17:04:33.176+0000] {processor.py:914} INFO - Processing file /home/airflow/.local/lib/python3.12/site-packages/airflow/example_dags/example_branch_python_dop_operator_3.py for tasks to queue
[2025-04-13T17:04:33.301+0000] {logging_mixin.py:190} INFO - [2025-04-13T17:04:33.301+0000] {dagbag.py:588} INFO - Filling up the DagBag from /home/airflow/.local/lib/python3.12/site-packages/airflow/example_dags/example_branch_python_dop_operator_3.py
[2025-04-13T17:04:33.492+0000] {processor.py:925} INFO - DAG(s) 'example_branch_dop_operator_v3' retrieved from /home/airflow/.local/lib/python3.12/site-packages/airflow/example_dags/example_branch_python_dop_operator_3.py
[2025-04-13T17:04:33.897+0000] {logging_mixin.py:190} INFO - [2025-04-13T17:04:33.896+0000] {dag.py:3239} INFO - Sync 1 DAGs
[2025-04-13T17:04:34.720+0000] {logging_mixin.py:190} INFO - [2025-04-13T17:04:34.720+0000] {dag.py:4180} INFO - Setting next_dagrun for example_branch_dop_operator_v3 to 2025-04-13 17:03:00+00:00, run_after=2025-04-13 17:04:00+00:00
[2025-04-13T17:04:35.281+0000] {processor.py:208} INFO - Processing /home/airflow/.local/lib/python3.12/site-packages/airflow/example_dags/example_branch_python_dop_operator_3.py took 2.319 seconds
[2025-04-13T17:27:17.523+0000] {processor.py:186} INFO - Started process (PID=228) to work on /home/airflow/.local/lib/python3.12/site-packages/airflow/example_dags/example_branch_python_dop_operator_3.py
[2025-04-13T17:27:17.586+0000] {processor.py:914} INFO - Processing file /home/airflow/.local/lib/python3.12/site-packages/airflow/example_dags/example_branch_python_dop_operator_3.py for tasks to queue
[2025-04-13T17:27:17.793+0000] {logging_mixin.py:190} INFO - [2025-04-13T17:27:17.793+0000] {dagbag.py:588} INFO - Filling up the DagBag from /home/airflow/.local/lib/python3.12/site-packages/airflow/example_dags/example_branch_python_dop_operator_3.py
[2025-04-13T17:27:18.110+0000] {processor.py:925} INFO - DAG(s) 'example_branch_dop_operator_v3' retrieved from /home/airflow/.local/lib/python3.12/site-packages/airflow/example_dags/example_branch_python_dop_operator_3.py
[2025-04-13T17:27:20.596+0000] {logging_mixin.py:190} INFO - [2025-04-13T17:27:20.595+0000] {dag.py:3239} INFO - Sync 1 DAGs
[2025-04-13T17:27:23.242+0000] {logging_mixin.py:190} INFO - [2025-04-13T17:27:23.242+0000] {dag.py:4180} INFO - Setting next_dagrun for example_branch_dop_operator_v3 to 2025-04-13 17:26:00+00:00, run_after=2025-04-13 17:27:00+00:00
[2025-04-13T17:27:25.548+0000] {processor.py:208} INFO - Processing /home/airflow/.local/lib/python3.12/site-packages/airflow/example_dags/example_branch_python_dop_operator_3.py took 9.570 seconds
[2025-04-13T18:14:25.845+0000] {processor.py:186} INFO - Started process (PID=325) to work on /home/airflow/.local/lib/python3.12/site-packages/airflow/example_dags/example_branch_python_dop_operator_3.py
[2025-04-13T18:14:26.089+0000] {processor.py:914} INFO - Processing file /home/airflow/.local/lib/python3.12/site-packages/airflow/example_dags/example_branch_python_dop_operator_3.py for tasks to queue
[2025-04-13T18:14:26.255+0000] {logging_mixin.py:190} INFO - [2025-04-13T18:14:26.254+0000] {dagbag.py:588} INFO - Filling up the DagBag from /home/airflow/.local/lib/python3.12/site-packages/airflow/example_dags/example_branch_python_dop_operator_3.py
[2025-04-13T18:14:26.931+0000] {processor.py:925} INFO - DAG(s) 'example_branch_dop_operator_v3' retrieved from /home/airflow/.local/lib/python3.12/site-packages/airflow/example_dags/example_branch_python_dop_operator_3.py
[2025-04-13T18:14:28.791+0000] {logging_mixin.py:190} INFO - [2025-04-13T18:14:28.790+0000] {dag.py:3239} INFO - Sync 1 DAGs
[2025-04-13T18:14:32.399+0000] {logging_mixin.py:190} INFO - [2025-04-13T18:14:32.399+0000] {dag.py:4180} INFO - Setting next_dagrun for example_branch_dop_operator_v3 to 2025-04-13 18:13:00+00:00, run_after=2025-04-13 18:14:00+00:00
[2025-04-13T18:14:34.707+0000] {processor.py:208} INFO - Processing /home/airflow/.local/lib/python3.12/site-packages/airflow/example_dags/example_branch_python_dop_operator_3.py took 8.974 seconds
[2025-04-13T18:22:35.318+0000] {processor.py:186} INFO - Started process (PID=459) to work on /home/airflow/.local/lib/python3.12/site-packages/airflow/example_dags/example_branch_python_dop_operator_3.py
[2025-04-13T18:22:35.781+0000] {processor.py:914} INFO - Processing file /home/airflow/.local/lib/python3.12/site-packages/airflow/example_dags/example_branch_python_dop_operator_3.py for tasks to queue
[2025-04-13T18:22:36.160+0000] {logging_mixin.py:190} INFO - [2025-04-13T18:22:36.159+0000] {dagbag.py:588} INFO - Filling up the DagBag from /home/airflow/.local/lib/python3.12/site-packages/airflow/example_dags/example_branch_python_dop_operator_3.py
[2025-04-13T18:22:37.473+0000] {processor.py:925} INFO - DAG(s) 'example_branch_dop_operator_v3' retrieved from /home/airflow/.local/lib/python3.12/site-packages/airflow/example_dags/example_branch_python_dop_operator_3.py
[2025-04-13T18:22:38.928+0000] {logging_mixin.py:190} INFO - [2025-04-13T18:22:38.928+0000] {dag.py:3239} INFO - Sync 1 DAGs
[2025-04-13T18:22:42.683+0000] {logging_mixin.py:190} INFO - [2025-04-13T18:22:42.682+0000] {dag.py:4180} INFO - Setting next_dagrun for example_branch_dop_operator_v3 to 2025-04-13 18:21:00+00:00, run_after=2025-04-13 18:22:00+00:00
[2025-04-13T18:22:45.014+0000] {processor.py:208} INFO - Processing /home/airflow/.local/lib/python3.12/site-packages/airflow/example_dags/example_branch_python_dop_operator_3.py took 10.458 seconds
[2025-04-13T20:52:10.666+0000] {processor.py:186} INFO - Started process (PID=125) to work on /home/airflow/.local/lib/python3.12/site-packages/airflow/example_dags/example_branch_python_dop_operator_3.py
[2025-04-13T20:52:10.674+0000] {processor.py:914} INFO - Processing file /home/airflow/.local/lib/python3.12/site-packages/airflow/example_dags/example_branch_python_dop_operator_3.py for tasks to queue
[2025-04-13T20:52:10.684+0000] {logging_mixin.py:190} INFO - [2025-04-13T20:52:10.683+0000] {dagbag.py:588} INFO - Filling up the DagBag from /home/airflow/.local/lib/python3.12/site-packages/airflow/example_dags/example_branch_python_dop_operator_3.py
[2025-04-13T20:52:10.723+0000] {processor.py:925} INFO - DAG(s) 'example_branch_dop_operator_v3' retrieved from /home/airflow/.local/lib/python3.12/site-packages/airflow/example_dags/example_branch_python_dop_operator_3.py
[2025-04-13T20:52:10.781+0000] {logging_mixin.py:190} INFO - [2025-04-13T20:52:10.780+0000] {dag.py:3239} INFO - Sync 1 DAGs
[2025-04-13T20:52:10.911+0000] {logging_mixin.py:190} INFO - [2025-04-13T20:52:10.910+0000] {dag.py:4180} INFO - Setting next_dagrun for example_branch_dop_operator_v3 to 2025-04-13 20:51:00+00:00, run_after=2025-04-13 20:52:00+00:00
[2025-04-13T20:52:10.982+0000] {processor.py:208} INFO - Processing /home/airflow/.local/lib/python3.12/site-packages/airflow/example_dags/example_branch_python_dop_operator_3.py took 0.326 seconds
[2025-04-13T20:52:42.036+0000] {processor.py:186} INFO - Started process (PID=189) to work on /home/airflow/.local/lib/python3.12/site-packages/airflow/example_dags/example_branch_python_dop_operator_3.py
[2025-04-13T20:52:42.037+0000] {processor.py:914} INFO - Processing file /home/airflow/.local/lib/python3.12/site-packages/airflow/example_dags/example_branch_python_dop_operator_3.py for tasks to queue
[2025-04-13T20:52:42.041+0000] {logging_mixin.py:190} INFO - [2025-04-13T20:52:42.041+0000] {dagbag.py:588} INFO - Filling up the DagBag from /home/airflow/.local/lib/python3.12/site-packages/airflow/example_dags/example_branch_python_dop_operator_3.py
[2025-04-13T20:52:42.077+0000] {processor.py:925} INFO - DAG(s) 'example_branch_dop_operator_v3' retrieved from /home/airflow/.local/lib/python3.12/site-packages/airflow/example_dags/example_branch_python_dop_operator_3.py
[2025-04-13T20:52:42.124+0000] {logging_mixin.py:190} INFO - [2025-04-13T20:52:42.124+0000] {dag.py:3239} INFO - Sync 1 DAGs
[2025-04-13T20:52:42.203+0000] {logging_mixin.py:190} INFO - [2025-04-13T20:52:42.203+0000] {dag.py:4180} INFO - Setting next_dagrun for example_branch_dop_operator_v3 to 2025-04-13 20:51:00+00:00, run_after=2025-04-13 20:52:00+00:00
[2025-04-13T20:52:42.285+0000] {processor.py:208} INFO - Processing /home/airflow/.local/lib/python3.12/site-packages/airflow/example_dags/example_branch_python_dop_operator_3.py took 0.266 seconds
[2025-04-13T20:53:12.747+0000] {processor.py:186} INFO - Started process (PID=252) to work on /home/airflow/.local/lib/python3.12/site-packages/airflow/example_dags/example_branch_python_dop_operator_3.py
[2025-04-13T20:53:12.750+0000] {processor.py:914} INFO - Processing file /home/airflow/.local/lib/python3.12/site-packages/airflow/example_dags/example_branch_python_dop_operator_3.py for tasks to queue
[2025-04-13T20:53:12.757+0000] {logging_mixin.py:190} INFO - [2025-04-13T20:53:12.755+0000] {dagbag.py:588} INFO - Filling up the DagBag from /home/airflow/.local/lib/python3.12/site-packages/airflow/example_dags/example_branch_python_dop_operator_3.py
[2025-04-13T20:53:12.778+0000] {processor.py:925} INFO - DAG(s) 'example_branch_dop_operator_v3' retrieved from /home/airflow/.local/lib/python3.12/site-packages/airflow/example_dags/example_branch_python_dop_operator_3.py
[2025-04-13T20:53:12.833+0000] {logging_mixin.py:190} INFO - [2025-04-13T20:53:12.833+0000] {dag.py:3239} INFO - Sync 1 DAGs
[2025-04-13T20:53:12.888+0000] {logging_mixin.py:190} INFO - [2025-04-13T20:53:12.888+0000] {dag.py:4180} INFO - Setting next_dagrun for example_branch_dop_operator_v3 to 2025-04-13 20:52:00+00:00, run_after=2025-04-13 20:53:00+00:00
[2025-04-13T20:53:12.940+0000] {processor.py:208} INFO - Processing /home/airflow/.local/lib/python3.12/site-packages/airflow/example_dags/example_branch_python_dop_operator_3.py took 0.202 seconds
[2025-04-13T20:53:46.477+0000] {processor.py:186} INFO - Started process (PID=315) to work on /home/airflow/.local/lib/python3.12/site-packages/airflow/example_dags/example_branch_python_dop_operator_3.py
[2025-04-13T20:53:46.479+0000] {processor.py:914} INFO - Processing file /home/airflow/.local/lib/python3.12/site-packages/airflow/example_dags/example_branch_python_dop_operator_3.py for tasks to queue
[2025-04-13T20:53:46.513+0000] {logging_mixin.py:190} INFO - [2025-04-13T20:53:46.499+0000] {dagbag.py:588} INFO - Filling up the DagBag from /home/airflow/.local/lib/python3.12/site-packages/airflow/example_dags/example_branch_python_dop_operator_3.py
[2025-04-13T20:53:46.565+0000] {processor.py:925} INFO - DAG(s) 'example_branch_dop_operator_v3' retrieved from /home/airflow/.local/lib/python3.12/site-packages/airflow/example_dags/example_branch_python_dop_operator_3.py
[2025-04-13T20:53:46.765+0000] {logging_mixin.py:190} INFO - [2025-04-13T20:53:46.765+0000] {dag.py:3239} INFO - Sync 1 DAGs
[2025-04-13T20:53:46.882+0000] {logging_mixin.py:190} INFO - [2025-04-13T20:53:46.881+0000] {dag.py:4180} INFO - Setting next_dagrun for example_branch_dop_operator_v3 to 2025-04-13 20:52:00+00:00, run_after=2025-04-13 20:53:00+00:00
[2025-04-13T20:53:46.971+0000] {processor.py:208} INFO - Processing /home/airflow/.local/lib/python3.12/site-packages/airflow/example_dags/example_branch_python_dop_operator_3.py took 0.636 seconds
[2025-04-13T20:54:22.843+0000] {processor.py:186} INFO - Started process (PID=386) to work on /home/airflow/.local/lib/python3.12/site-packages/airflow/example_dags/example_branch_python_dop_operator_3.py
[2025-04-13T20:54:22.851+0000] {processor.py:914} INFO - Processing file /home/airflow/.local/lib/python3.12/site-packages/airflow/example_dags/example_branch_python_dop_operator_3.py for tasks to queue
[2025-04-13T20:54:22.855+0000] {logging_mixin.py:190} INFO - [2025-04-13T20:54:22.854+0000] {dagbag.py:588} INFO - Filling up the DagBag from /home/airflow/.local/lib/python3.12/site-packages/airflow/example_dags/example_branch_python_dop_operator_3.py
[2025-04-13T20:54:22.872+0000] {processor.py:925} INFO - DAG(s) 'example_branch_dop_operator_v3' retrieved from /home/airflow/.local/lib/python3.12/site-packages/airflow/example_dags/example_branch_python_dop_operator_3.py
[2025-04-13T20:54:23.080+0000] {logging_mixin.py:190} INFO - [2025-04-13T20:54:23.079+0000] {dag.py:3239} INFO - Sync 1 DAGs
[2025-04-13T20:54:23.247+0000] {logging_mixin.py:190} INFO - [2025-04-13T20:54:23.247+0000] {dag.py:4180} INFO - Setting next_dagrun for example_branch_dop_operator_v3 to 2025-04-13 20:53:00+00:00, run_after=2025-04-13 20:54:00+00:00
[2025-04-13T20:54:23.353+0000] {processor.py:208} INFO - Processing /home/airflow/.local/lib/python3.12/site-packages/airflow/example_dags/example_branch_python_dop_operator_3.py took 0.528 seconds
[2025-04-13T20:54:53.518+0000] {processor.py:186} INFO - Started process (PID=448) to work on /home/airflow/.local/lib/python3.12/site-packages/airflow/example_dags/example_branch_python_dop_operator_3.py
[2025-04-13T20:54:53.522+0000] {processor.py:914} INFO - Processing file /home/airflow/.local/lib/python3.12/site-packages/airflow/example_dags/example_branch_python_dop_operator_3.py for tasks to queue
[2025-04-13T20:54:53.530+0000] {logging_mixin.py:190} INFO - [2025-04-13T20:54:53.529+0000] {dagbag.py:588} INFO - Filling up the DagBag from /home/airflow/.local/lib/python3.12/site-packages/airflow/example_dags/example_branch_python_dop_operator_3.py
[2025-04-13T20:54:53.588+0000] {processor.py:925} INFO - DAG(s) 'example_branch_dop_operator_v3' retrieved from /home/airflow/.local/lib/python3.12/site-packages/airflow/example_dags/example_branch_python_dop_operator_3.py
[2025-04-13T20:54:53.814+0000] {logging_mixin.py:190} INFO - [2025-04-13T20:54:53.803+0000] {dag.py:3239} INFO - Sync 1 DAGs
[2025-04-13T20:54:54.188+0000] {logging_mixin.py:190} INFO - [2025-04-13T20:54:54.188+0000] {dag.py:4180} INFO - Setting next_dagrun for example_branch_dop_operator_v3 to 2025-04-13 20:53:00+00:00, run_after=2025-04-13 20:54:00+00:00
[2025-04-13T20:54:54.698+0000] {processor.py:208} INFO - Processing /home/airflow/.local/lib/python3.12/site-packages/airflow/example_dags/example_branch_python_dop_operator_3.py took 1.209 seconds
[2025-04-13T20:55:25.168+0000] {processor.py:186} INFO - Started process (PID=512) to work on /home/airflow/.local/lib/python3.12/site-packages/airflow/example_dags/example_branch_python_dop_operator_3.py
[2025-04-13T20:55:25.170+0000] {processor.py:914} INFO - Processing file /home/airflow/.local/lib/python3.12/site-packages/airflow/example_dags/example_branch_python_dop_operator_3.py for tasks to queue
[2025-04-13T20:55:25.176+0000] {logging_mixin.py:190} INFO - [2025-04-13T20:55:25.176+0000] {dagbag.py:588} INFO - Filling up the DagBag from /home/airflow/.local/lib/python3.12/site-packages/airflow/example_dags/example_branch_python_dop_operator_3.py
[2025-04-13T20:55:25.206+0000] {processor.py:925} INFO - DAG(s) 'example_branch_dop_operator_v3' retrieved from /home/airflow/.local/lib/python3.12/site-packages/airflow/example_dags/example_branch_python_dop_operator_3.py
[2025-04-13T20:55:25.267+0000] {logging_mixin.py:190} INFO - [2025-04-13T20:55:25.267+0000] {dag.py:3239} INFO - Sync 1 DAGs
[2025-04-13T20:55:25.375+0000] {logging_mixin.py:190} INFO - [2025-04-13T20:55:25.375+0000] {dag.py:4180} INFO - Setting next_dagrun for example_branch_dop_operator_v3 to 2025-04-13 20:54:00+00:00, run_after=2025-04-13 20:55:00+00:00
[2025-04-13T20:55:25.445+0000] {processor.py:208} INFO - Processing /home/airflow/.local/lib/python3.12/site-packages/airflow/example_dags/example_branch_python_dop_operator_3.py took 0.297 seconds
[2025-04-13T20:55:57.010+0000] {processor.py:186} INFO - Started process (PID=576) to work on /home/airflow/.local/lib/python3.12/site-packages/airflow/example_dags/example_branch_python_dop_operator_3.py
[2025-04-13T20:55:57.012+0000] {processor.py:914} INFO - Processing file /home/airflow/.local/lib/python3.12/site-packages/airflow/example_dags/example_branch_python_dop_operator_3.py for tasks to queue
[2025-04-13T20:55:57.016+0000] {logging_mixin.py:190} INFO - [2025-04-13T20:55:57.016+0000] {dagbag.py:588} INFO - Filling up the DagBag from /home/airflow/.local/lib/python3.12/site-packages/airflow/example_dags/example_branch_python_dop_operator_3.py
[2025-04-13T20:55:57.043+0000] {processor.py:925} INFO - DAG(s) 'example_branch_dop_operator_v3' retrieved from /home/airflow/.local/lib/python3.12/site-packages/airflow/example_dags/example_branch_python_dop_operator_3.py
[2025-04-13T20:55:57.112+0000] {logging_mixin.py:190} INFO - [2025-04-13T20:55:57.111+0000] {dag.py:3239} INFO - Sync 1 DAGs
[2025-04-13T20:55:57.211+0000] {logging_mixin.py:190} INFO - [2025-04-13T20:55:57.210+0000] {dag.py:4180} INFO - Setting next_dagrun for example_branch_dop_operator_v3 to 2025-04-13 20:54:00+00:00, run_after=2025-04-13 20:55:00+00:00
[2025-04-13T20:55:57.303+0000] {processor.py:208} INFO - Processing /home/airflow/.local/lib/python3.12/site-packages/airflow/example_dags/example_branch_python_dop_operator_3.py took 0.305 seconds
[2025-04-13T20:56:27.777+0000] {processor.py:186} INFO - Started process (PID=640) to work on /home/airflow/.local/lib/python3.12/site-packages/airflow/example_dags/example_branch_python_dop_operator_3.py
[2025-04-13T20:56:27.786+0000] {processor.py:914} INFO - Processing file /home/airflow/.local/lib/python3.12/site-packages/airflow/example_dags/example_branch_python_dop_operator_3.py for tasks to queue
[2025-04-13T20:56:27.792+0000] {logging_mixin.py:190} INFO - [2025-04-13T20:56:27.791+0000] {dagbag.py:588} INFO - Filling up the DagBag from /home/airflow/.local/lib/python3.12/site-packages/airflow/example_dags/example_branch_python_dop_operator_3.py
[2025-04-13T20:56:28.002+0000] {processor.py:925} INFO - DAG(s) 'example_branch_dop_operator_v3' retrieved from /home/airflow/.local/lib/python3.12/site-packages/airflow/example_dags/example_branch_python_dop_operator_3.py
[2025-04-13T20:56:28.071+0000] {logging_mixin.py:190} INFO - [2025-04-13T20:56:28.071+0000] {dag.py:3239} INFO - Sync 1 DAGs
[2025-04-13T20:56:28.168+0000] {logging_mixin.py:190} INFO - [2025-04-13T20:56:28.160+0000] {dag.py:4180} INFO - Setting next_dagrun for example_branch_dop_operator_v3 to 2025-04-13 20:55:00+00:00, run_after=2025-04-13 20:56:00+00:00
[2025-04-13T20:56:28.245+0000] {processor.py:208} INFO - Processing /home/airflow/.local/lib/python3.12/site-packages/airflow/example_dags/example_branch_python_dop_operator_3.py took 0.487 seconds
[2025-04-13T20:57:00.059+0000] {processor.py:186} INFO - Started process (PID=706) to work on /home/airflow/.local/lib/python3.12/site-packages/airflow/example_dags/example_branch_python_dop_operator_3.py
[2025-04-13T20:57:00.062+0000] {processor.py:914} INFO - Processing file /home/airflow/.local/lib/python3.12/site-packages/airflow/example_dags/example_branch_python_dop_operator_3.py for tasks to queue
[2025-04-13T20:57:00.066+0000] {logging_mixin.py:190} INFO - [2025-04-13T20:57:00.066+0000] {dagbag.py:588} INFO - Filling up the DagBag from /home/airflow/.local/lib/python3.12/site-packages/airflow/example_dags/example_branch_python_dop_operator_3.py
[2025-04-13T20:57:00.091+0000] {processor.py:925} INFO - DAG(s) 'example_branch_dop_operator_v3' retrieved from /home/airflow/.local/lib/python3.12/site-packages/airflow/example_dags/example_branch_python_dop_operator_3.py
[2025-04-13T20:57:00.178+0000] {logging_mixin.py:190} INFO - [2025-04-13T20:57:00.177+0000] {dag.py:3239} INFO - Sync 1 DAGs
[2025-04-13T20:57:00.252+0000] {logging_mixin.py:190} INFO - [2025-04-13T20:57:00.251+0000] {dag.py:4180} INFO - Setting next_dagrun for example_branch_dop_operator_v3 to 2025-04-13 20:56:00+00:00, run_after=2025-04-13 20:57:00+00:00
[2025-04-13T20:57:00.342+0000] {processor.py:208} INFO - Processing /home/airflow/.local/lib/python3.12/site-packages/airflow/example_dags/example_branch_python_dop_operator_3.py took 0.292 seconds
[2025-04-13T20:57:34.011+0000] {processor.py:186} INFO - Started process (PID=771) to work on /home/airflow/.local/lib/python3.12/site-packages/airflow/example_dags/example_branch_python_dop_operator_3.py
[2025-04-13T20:57:34.026+0000] {processor.py:914} INFO - Processing file /home/airflow/.local/lib/python3.12/site-packages/airflow/example_dags/example_branch_python_dop_operator_3.py for tasks to queue
[2025-04-13T20:57:34.065+0000] {logging_mixin.py:190} INFO - [2025-04-13T20:57:34.034+0000] {dagbag.py:588} INFO - Filling up the DagBag from /home/airflow/.local/lib/python3.12/site-packages/airflow/example_dags/example_branch_python_dop_operator_3.py
[2025-04-13T20:57:34.151+0000] {processor.py:925} INFO - DAG(s) 'example_branch_dop_operator_v3' retrieved from /home/airflow/.local/lib/python3.12/site-packages/airflow/example_dags/example_branch_python_dop_operator_3.py
[2025-04-13T20:57:34.388+0000] {logging_mixin.py:190} INFO - [2025-04-13T20:57:34.385+0000] {dag.py:3239} INFO - Sync 1 DAGs
[2025-04-13T20:57:34.577+0000] {logging_mixin.py:190} INFO - [2025-04-13T20:57:34.577+0000] {dag.py:4180} INFO - Setting next_dagrun for example_branch_dop_operator_v3 to 2025-04-13 20:56:00+00:00, run_after=2025-04-13 20:57:00+00:00
[2025-04-13T20:57:34.669+0000] {processor.py:208} INFO - Processing /home/airflow/.local/lib/python3.12/site-packages/airflow/example_dags/example_branch_python_dop_operator_3.py took 0.696 seconds
[2025-04-13T20:58:07.989+0000] {processor.py:186} INFO - Started process (PID=835) to work on /home/airflow/.local/lib/python3.12/site-packages/airflow/example_dags/example_branch_python_dop_operator_3.py
[2025-04-13T20:58:07.996+0000] {processor.py:914} INFO - Processing file /home/airflow/.local/lib/python3.12/site-packages/airflow/example_dags/example_branch_python_dop_operator_3.py for tasks to queue
[2025-04-13T20:58:08.013+0000] {logging_mixin.py:190} INFO - [2025-04-13T20:58:08.001+0000] {dagbag.py:588} INFO - Filling up the DagBag from /home/airflow/.local/lib/python3.12/site-packages/airflow/example_dags/example_branch_python_dop_operator_3.py
[2025-04-13T20:58:08.053+0000] {processor.py:925} INFO - DAG(s) 'example_branch_dop_operator_v3' retrieved from /home/airflow/.local/lib/python3.12/site-packages/airflow/example_dags/example_branch_python_dop_operator_3.py
[2025-04-13T20:58:08.179+0000] {logging_mixin.py:190} INFO - [2025-04-13T20:58:08.178+0000] {dag.py:3239} INFO - Sync 1 DAGs
[2025-04-13T20:58:08.333+0000] {logging_mixin.py:190} INFO - [2025-04-13T20:58:08.333+0000] {dag.py:4180} INFO - Setting next_dagrun for example_branch_dop_operator_v3 to 2025-04-13 20:57:00+00:00, run_after=2025-04-13 20:58:00+00:00
[2025-04-13T20:58:08.390+0000] {processor.py:208} INFO - Processing /home/airflow/.local/lib/python3.12/site-packages/airflow/example_dags/example_branch_python_dop_operator_3.py took 0.428 seconds
[2025-04-13T20:58:39.185+0000] {processor.py:186} INFO - Started process (PID=898) to work on /home/airflow/.local/lib/python3.12/site-packages/airflow/example_dags/example_branch_python_dop_operator_3.py
[2025-04-13T20:58:39.194+0000] {processor.py:914} INFO - Processing file /home/airflow/.local/lib/python3.12/site-packages/airflow/example_dags/example_branch_python_dop_operator_3.py for tasks to queue
[2025-04-13T20:58:39.199+0000] {logging_mixin.py:190} INFO - [2025-04-13T20:58:39.199+0000] {dagbag.py:588} INFO - Filling up the DagBag from /home/airflow/.local/lib/python3.12/site-packages/airflow/example_dags/example_branch_python_dop_operator_3.py
[2025-04-13T20:58:39.223+0000] {processor.py:925} INFO - DAG(s) 'example_branch_dop_operator_v3' retrieved from /home/airflow/.local/lib/python3.12/site-packages/airflow/example_dags/example_branch_python_dop_operator_3.py
[2025-04-13T20:58:39.293+0000] {logging_mixin.py:190} INFO - [2025-04-13T20:58:39.292+0000] {dag.py:3239} INFO - Sync 1 DAGs
[2025-04-13T20:58:39.352+0000] {logging_mixin.py:190} INFO - [2025-04-13T20:58:39.352+0000] {dag.py:4180} INFO - Setting next_dagrun for example_branch_dop_operator_v3 to 2025-04-13 20:57:00+00:00, run_after=2025-04-13 20:58:00+00:00
[2025-04-13T20:58:39.391+0000] {processor.py:208} INFO - Processing /home/airflow/.local/lib/python3.12/site-packages/airflow/example_dags/example_branch_python_dop_operator_3.py took 0.219 seconds
[2025-04-13T20:59:09.766+0000] {processor.py:186} INFO - Started process (PID=961) to work on /home/airflow/.local/lib/python3.12/site-packages/airflow/example_dags/example_branch_python_dop_operator_3.py
[2025-04-13T20:59:09.769+0000] {processor.py:914} INFO - Processing file /home/airflow/.local/lib/python3.12/site-packages/airflow/example_dags/example_branch_python_dop_operator_3.py for tasks to queue
[2025-04-13T20:59:09.773+0000] {logging_mixin.py:190} INFO - [2025-04-13T20:59:09.773+0000] {dagbag.py:588} INFO - Filling up the DagBag from /home/airflow/.local/lib/python3.12/site-packages/airflow/example_dags/example_branch_python_dop_operator_3.py
[2025-04-13T20:59:09.793+0000] {processor.py:925} INFO - DAG(s) 'example_branch_dop_operator_v3' retrieved from /home/airflow/.local/lib/python3.12/site-packages/airflow/example_dags/example_branch_python_dop_operator_3.py
[2025-04-13T20:59:09.839+0000] {logging_mixin.py:190} INFO - [2025-04-13T20:59:09.839+0000] {dag.py:3239} INFO - Sync 1 DAGs
[2025-04-13T20:59:09.894+0000] {logging_mixin.py:190} INFO - [2025-04-13T20:59:09.893+0000] {dag.py:4180} INFO - Setting next_dagrun for example_branch_dop_operator_v3 to 2025-04-13 20:58:00+00:00, run_after=2025-04-13 20:59:00+00:00
[2025-04-13T20:59:09.938+0000] {processor.py:208} INFO - Processing /home/airflow/.local/lib/python3.12/site-packages/airflow/example_dags/example_branch_python_dop_operator_3.py took 0.185 seconds
[2025-04-13T20:59:40.129+0000] {processor.py:186} INFO - Started process (PID=1025) to work on /home/airflow/.local/lib/python3.12/site-packages/airflow/example_dags/example_branch_python_dop_operator_3.py
[2025-04-13T20:59:40.136+0000] {processor.py:914} INFO - Processing file /home/airflow/.local/lib/python3.12/site-packages/airflow/example_dags/example_branch_python_dop_operator_3.py for tasks to queue
[2025-04-13T20:59:40.140+0000] {logging_mixin.py:190} INFO - [2025-04-13T20:59:40.139+0000] {dagbag.py:588} INFO - Filling up the DagBag from /home/airflow/.local/lib/python3.12/site-packages/airflow/example_dags/example_branch_python_dop_operator_3.py
[2025-04-13T20:59:40.159+0000] {processor.py:925} INFO - DAG(s) 'example_branch_dop_operator_v3' retrieved from /home/airflow/.local/lib/python3.12/site-packages/airflow/example_dags/example_branch_python_dop_operator_3.py
[2025-04-13T20:59:40.226+0000] {logging_mixin.py:190} INFO - [2025-04-13T20:59:40.226+0000] {dag.py:3239} INFO - Sync 1 DAGs
[2025-04-13T20:59:40.290+0000] {logging_mixin.py:190} INFO - [2025-04-13T20:59:40.290+0000] {dag.py:4180} INFO - Setting next_dagrun for example_branch_dop_operator_v3 to 2025-04-13 20:58:00+00:00, run_after=2025-04-13 20:59:00+00:00
[2025-04-13T20:59:40.372+0000] {processor.py:208} INFO - Processing /home/airflow/.local/lib/python3.12/site-packages/airflow/example_dags/example_branch_python_dop_operator_3.py took 0.254 seconds
[2025-04-13T21:00:11.870+0000] {processor.py:186} INFO - Started process (PID=1088) to work on /home/airflow/.local/lib/python3.12/site-packages/airflow/example_dags/example_branch_python_dop_operator_3.py
[2025-04-13T21:00:11.872+0000] {processor.py:914} INFO - Processing file /home/airflow/.local/lib/python3.12/site-packages/airflow/example_dags/example_branch_python_dop_operator_3.py for tasks to queue
[2025-04-13T21:00:11.876+0000] {logging_mixin.py:190} INFO - [2025-04-13T21:00:11.876+0000] {dagbag.py:588} INFO - Filling up the DagBag from /home/airflow/.local/lib/python3.12/site-packages/airflow/example_dags/example_branch_python_dop_operator_3.py
[2025-04-13T21:00:11.896+0000] {processor.py:925} INFO - DAG(s) 'example_branch_dop_operator_v3' retrieved from /home/airflow/.local/lib/python3.12/site-packages/airflow/example_dags/example_branch_python_dop_operator_3.py
[2025-04-13T21:00:11.977+0000] {logging_mixin.py:190} INFO - [2025-04-13T21:00:11.974+0000] {dag.py:3239} INFO - Sync 1 DAGs
[2025-04-13T21:00:12.048+0000] {logging_mixin.py:190} INFO - [2025-04-13T21:00:12.048+0000] {dag.py:4180} INFO - Setting next_dagrun for example_branch_dop_operator_v3 to 2025-04-13 20:59:00+00:00, run_after=2025-04-13 21:00:00+00:00
[2025-04-13T21:00:12.104+0000] {processor.py:208} INFO - Processing /home/airflow/.local/lib/python3.12/site-packages/airflow/example_dags/example_branch_python_dop_operator_3.py took 0.261 seconds
[2025-04-13T21:00:43.165+0000] {processor.py:186} INFO - Started process (PID=1151) to work on /home/airflow/.local/lib/python3.12/site-packages/airflow/example_dags/example_branch_python_dop_operator_3.py
[2025-04-13T21:00:43.180+0000] {processor.py:914} INFO - Processing file /home/airflow/.local/lib/python3.12/site-packages/airflow/example_dags/example_branch_python_dop_operator_3.py for tasks to queue
[2025-04-13T21:00:43.219+0000] {logging_mixin.py:190} INFO - [2025-04-13T21:00:43.218+0000] {dagbag.py:588} INFO - Filling up the DagBag from /home/airflow/.local/lib/python3.12/site-packages/airflow/example_dags/example_branch_python_dop_operator_3.py
[2025-04-13T21:00:43.276+0000] {processor.py:925} INFO - DAG(s) 'example_branch_dop_operator_v3' retrieved from /home/airflow/.local/lib/python3.12/site-packages/airflow/example_dags/example_branch_python_dop_operator_3.py
[2025-04-13T21:00:43.526+0000] {logging_mixin.py:190} INFO - [2025-04-13T21:00:43.521+0000] {dag.py:3239} INFO - Sync 1 DAGs
[2025-04-13T21:00:43.825+0000] {logging_mixin.py:190} INFO - [2025-04-13T21:00:43.825+0000] {dag.py:4180} INFO - Setting next_dagrun for example_branch_dop_operator_v3 to 2025-04-13 20:59:00+00:00, run_after=2025-04-13 21:00:00+00:00
[2025-04-13T21:00:43.895+0000] {processor.py:208} INFO - Processing /home/airflow/.local/lib/python3.12/site-packages/airflow/example_dags/example_branch_python_dop_operator_3.py took 0.778 seconds
[2025-04-13T21:01:14.222+0000] {processor.py:186} INFO - Started process (PID=1214) to work on /home/airflow/.local/lib/python3.12/site-packages/airflow/example_dags/example_branch_python_dop_operator_3.py
[2025-04-13T21:01:14.238+0000] {processor.py:914} INFO - Processing file /home/airflow/.local/lib/python3.12/site-packages/airflow/example_dags/example_branch_python_dop_operator_3.py for tasks to queue
[2025-04-13T21:01:14.256+0000] {logging_mixin.py:190} INFO - [2025-04-13T21:01:14.255+0000] {dagbag.py:588} INFO - Filling up the DagBag from /home/airflow/.local/lib/python3.12/site-packages/airflow/example_dags/example_branch_python_dop_operator_3.py
[2025-04-13T21:01:14.321+0000] {processor.py:925} INFO - DAG(s) 'example_branch_dop_operator_v3' retrieved from /home/airflow/.local/lib/python3.12/site-packages/airflow/example_dags/example_branch_python_dop_operator_3.py
[2025-04-13T21:01:14.929+0000] {logging_mixin.py:190} INFO - [2025-04-13T21:01:14.928+0000] {dag.py:3239} INFO - Sync 1 DAGs
[2025-04-13T21:01:15.071+0000] {logging_mixin.py:190} INFO - [2025-04-13T21:01:15.071+0000] {dag.py:4180} INFO - Setting next_dagrun for example_branch_dop_operator_v3 to 2025-04-13 21:00:00+00:00, run_after=2025-04-13 21:01:00+00:00
[2025-04-13T21:01:15.139+0000] {processor.py:208} INFO - Processing /home/airflow/.local/lib/python3.12/site-packages/airflow/example_dags/example_branch_python_dop_operator_3.py took 1.000 seconds
[2025-04-13T21:29:47.324+0000] {processor.py:186} INFO - Started process (PID=228) to work on /home/airflow/.local/lib/python3.12/site-packages/airflow/example_dags/example_branch_python_dop_operator_3.py
[2025-04-13T21:29:47.386+0000] {processor.py:914} INFO - Processing file /home/airflow/.local/lib/python3.12/site-packages/airflow/example_dags/example_branch_python_dop_operator_3.py for tasks to queue
[2025-04-13T21:29:47.406+0000] {logging_mixin.py:190} INFO - [2025-04-13T21:29:47.391+0000] {dagbag.py:588} INFO - Filling up the DagBag from /home/airflow/.local/lib/python3.12/site-packages/airflow/example_dags/example_branch_python_dop_operator_3.py
[2025-04-13T21:29:47.714+0000] {processor.py:925} INFO - DAG(s) 'example_branch_dop_operator_v3' retrieved from /home/airflow/.local/lib/python3.12/site-packages/airflow/example_dags/example_branch_python_dop_operator_3.py
[2025-04-13T21:29:48.358+0000] {logging_mixin.py:190} INFO - [2025-04-13T21:29:48.357+0000] {dag.py:3239} INFO - Sync 1 DAGs
[2025-04-13T21:29:50.718+0000] {logging_mixin.py:190} INFO - [2025-04-13T21:29:50.717+0000] {dag.py:4180} INFO - Setting next_dagrun for example_branch_dop_operator_v3 to 2025-04-13 21:28:00+00:00, run_after=2025-04-13 21:29:00+00:00
[2025-04-13T21:29:52.019+0000] {processor.py:208} INFO - Processing /home/airflow/.local/lib/python3.12/site-packages/airflow/example_dags/example_branch_python_dop_operator_3.py took 4.936 seconds
[2025-04-13T21:34:24.410+0000] {processor.py:186} INFO - Started process (PID=336) to work on /home/airflow/.local/lib/python3.12/site-packages/airflow/example_dags/example_branch_python_dop_operator_3.py
[2025-04-13T21:34:24.447+0000] {processor.py:914} INFO - Processing file /home/airflow/.local/lib/python3.12/site-packages/airflow/example_dags/example_branch_python_dop_operator_3.py for tasks to queue
[2025-04-13T21:34:24.559+0000] {logging_mixin.py:190} INFO - [2025-04-13T21:34:24.558+0000] {dagbag.py:588} INFO - Filling up the DagBag from /home/airflow/.local/lib/python3.12/site-packages/airflow/example_dags/example_branch_python_dop_operator_3.py
[2025-04-13T21:34:25.077+0000] {processor.py:925} INFO - DAG(s) 'example_branch_dop_operator_v3' retrieved from /home/airflow/.local/lib/python3.12/site-packages/airflow/example_dags/example_branch_python_dop_operator_3.py
[2025-04-13T21:34:27.023+0000] {logging_mixin.py:190} INFO - [2025-04-13T21:34:27.022+0000] {dag.py:3239} INFO - Sync 1 DAGs
[2025-04-13T21:34:30.815+0000] {logging_mixin.py:190} INFO - [2025-04-13T21:34:30.723+0000] {dag.py:4180} INFO - Setting next_dagrun for example_branch_dop_operator_v3 to 2025-04-13 21:33:00+00:00, run_after=2025-04-13 21:34:00+00:00
[2025-04-13T21:34:33.324+0000] {processor.py:208} INFO - Processing /home/airflow/.local/lib/python3.12/site-packages/airflow/example_dags/example_branch_python_dop_operator_3.py took 10.094 seconds
[2025-04-13T21:54:34.365+0000] {processor.py:186} INFO - Started process (PID=212) to work on /home/airflow/.local/lib/python3.12/site-packages/airflow/example_dags/example_branch_python_dop_operator_3.py
[2025-04-13T21:54:34.388+0000] {processor.py:914} INFO - Processing file /home/airflow/.local/lib/python3.12/site-packages/airflow/example_dags/example_branch_python_dop_operator_3.py for tasks to queue
[2025-04-13T21:54:34.646+0000] {logging_mixin.py:190} INFO - [2025-04-13T21:54:34.645+0000] {dagbag.py:588} INFO - Filling up the DagBag from /home/airflow/.local/lib/python3.12/site-packages/airflow/example_dags/example_branch_python_dop_operator_3.py
[2025-04-13T21:54:35.709+0000] {processor.py:925} INFO - DAG(s) 'example_branch_dop_operator_v3' retrieved from /home/airflow/.local/lib/python3.12/site-packages/airflow/example_dags/example_branch_python_dop_operator_3.py
[2025-04-13T21:54:38.640+0000] {logging_mixin.py:190} INFO - [2025-04-13T21:54:38.639+0000] {dag.py:3239} INFO - Sync 1 DAGs
[2025-04-13T21:54:40.556+0000] {logging_mixin.py:190} INFO - [2025-04-13T21:54:40.555+0000] {dag.py:4180} INFO - Setting next_dagrun for example_branch_dop_operator_v3 to 2025-04-13 21:53:00+00:00, run_after=2025-04-13 21:54:00+00:00
[2025-04-13T21:54:41.356+0000] {processor.py:208} INFO - Processing /home/airflow/.local/lib/python3.12/site-packages/airflow/example_dags/example_branch_python_dop_operator_3.py took 7.033 seconds
[2025-04-13T22:32:07.863+0000] {processor.py:186} INFO - Started process (PID=141) to work on /home/airflow/.local/lib/python3.12/site-packages/airflow/example_dags/example_branch_python_dop_operator_3.py
[2025-04-13T22:32:07.884+0000] {processor.py:914} INFO - Processing file /home/airflow/.local/lib/python3.12/site-packages/airflow/example_dags/example_branch_python_dop_operator_3.py for tasks to queue
[2025-04-13T22:32:07.927+0000] {logging_mixin.py:190} INFO - [2025-04-13T22:32:07.926+0000] {dagbag.py:588} INFO - Filling up the DagBag from /home/airflow/.local/lib/python3.12/site-packages/airflow/example_dags/example_branch_python_dop_operator_3.py
[2025-04-13T22:32:08.180+0000] {processor.py:925} INFO - DAG(s) 'example_branch_dop_operator_v3' retrieved from /home/airflow/.local/lib/python3.12/site-packages/airflow/example_dags/example_branch_python_dop_operator_3.py
[2025-04-13T22:32:08.359+0000] {logging_mixin.py:190} INFO - [2025-04-13T22:32:08.358+0000] {dag.py:3239} INFO - Sync 1 DAGs
[2025-04-13T22:32:08.549+0000] {logging_mixin.py:190} INFO - [2025-04-13T22:32:08.548+0000] {dag.py:4180} INFO - Setting next_dagrun for example_branch_dop_operator_v3 to 2025-04-13 22:31:00+00:00, run_after=2025-04-13 22:32:00+00:00
[2025-04-13T22:32:08.716+0000] {processor.py:208} INFO - Processing /home/airflow/.local/lib/python3.12/site-packages/airflow/example_dags/example_branch_python_dop_operator_3.py took 0.870 seconds
[2025-04-13T22:32:44.203+0000] {processor.py:186} INFO - Started process (PID=205) to work on /home/airflow/.local/lib/python3.12/site-packages/airflow/example_dags/example_branch_python_dop_operator_3.py
[2025-04-13T22:32:44.219+0000] {processor.py:914} INFO - Processing file /home/airflow/.local/lib/python3.12/site-packages/airflow/example_dags/example_branch_python_dop_operator_3.py for tasks to queue
[2025-04-13T22:32:44.236+0000] {logging_mixin.py:190} INFO - [2025-04-13T22:32:44.225+0000] {dagbag.py:588} INFO - Filling up the DagBag from /home/airflow/.local/lib/python3.12/site-packages/airflow/example_dags/example_branch_python_dop_operator_3.py
[2025-04-13T22:32:44.304+0000] {processor.py:925} INFO - DAG(s) 'example_branch_dop_operator_v3' retrieved from /home/airflow/.local/lib/python3.12/site-packages/airflow/example_dags/example_branch_python_dop_operator_3.py
[2025-04-13T22:32:44.650+0000] {logging_mixin.py:190} INFO - [2025-04-13T22:32:44.645+0000] {dag.py:3239} INFO - Sync 1 DAGs
[2025-04-13T22:32:44.879+0000] {logging_mixin.py:190} INFO - [2025-04-13T22:32:44.878+0000] {dag.py:4180} INFO - Setting next_dagrun for example_branch_dop_operator_v3 to 2025-04-13 22:31:00+00:00, run_after=2025-04-13 22:32:00+00:00
[2025-04-13T22:32:45.063+0000] {processor.py:208} INFO - Processing /home/airflow/.local/lib/python3.12/site-packages/airflow/example_dags/example_branch_python_dop_operator_3.py took 0.899 seconds
[2025-04-13T22:33:19.391+0000] {processor.py:186} INFO - Started process (PID=269) to work on /home/airflow/.local/lib/python3.12/site-packages/airflow/example_dags/example_branch_python_dop_operator_3.py
[2025-04-13T22:33:19.405+0000] {processor.py:914} INFO - Processing file /home/airflow/.local/lib/python3.12/site-packages/airflow/example_dags/example_branch_python_dop_operator_3.py for tasks to queue
[2025-04-13T22:33:19.413+0000] {logging_mixin.py:190} INFO - [2025-04-13T22:33:19.412+0000] {dagbag.py:588} INFO - Filling up the DagBag from /home/airflow/.local/lib/python3.12/site-packages/airflow/example_dags/example_branch_python_dop_operator_3.py
[2025-04-13T22:33:19.476+0000] {processor.py:925} INFO - DAG(s) 'example_branch_dop_operator_v3' retrieved from /home/airflow/.local/lib/python3.12/site-packages/airflow/example_dags/example_branch_python_dop_operator_3.py
[2025-04-13T22:33:19.555+0000] {logging_mixin.py:190} INFO - [2025-04-13T22:33:19.554+0000] {dag.py:3239} INFO - Sync 1 DAGs
[2025-04-13T22:33:19.694+0000] {logging_mixin.py:190} INFO - [2025-04-13T22:33:19.694+0000] {dag.py:4180} INFO - Setting next_dagrun for example_branch_dop_operator_v3 to 2025-04-13 22:32:00+00:00, run_after=2025-04-13 22:33:00+00:00
[2025-04-13T22:33:19.761+0000] {processor.py:208} INFO - Processing /home/airflow/.local/lib/python3.12/site-packages/airflow/example_dags/example_branch_python_dop_operator_3.py took 0.411 seconds
[2025-04-13T22:33:52.834+0000] {processor.py:186} INFO - Started process (PID=333) to work on /home/airflow/.local/lib/python3.12/site-packages/airflow/example_dags/example_branch_python_dop_operator_3.py
[2025-04-13T22:33:52.844+0000] {processor.py:914} INFO - Processing file /home/airflow/.local/lib/python3.12/site-packages/airflow/example_dags/example_branch_python_dop_operator_3.py for tasks to queue
[2025-04-13T22:33:52.853+0000] {logging_mixin.py:190} INFO - [2025-04-13T22:33:52.852+0000] {dagbag.py:588} INFO - Filling up the DagBag from /home/airflow/.local/lib/python3.12/site-packages/airflow/example_dags/example_branch_python_dop_operator_3.py
[2025-04-13T22:33:52.897+0000] {processor.py:925} INFO - DAG(s) 'example_branch_dop_operator_v3' retrieved from /home/airflow/.local/lib/python3.12/site-packages/airflow/example_dags/example_branch_python_dop_operator_3.py
[2025-04-13T22:33:52.962+0000] {logging_mixin.py:190} INFO - [2025-04-13T22:33:52.961+0000] {dag.py:3239} INFO - Sync 1 DAGs
[2025-04-13T22:33:53.045+0000] {logging_mixin.py:190} INFO - [2025-04-13T22:33:53.045+0000] {dag.py:4180} INFO - Setting next_dagrun for example_branch_dop_operator_v3 to 2025-04-13 22:32:00+00:00, run_after=2025-04-13 22:33:00+00:00
[2025-04-13T22:33:53.145+0000] {processor.py:208} INFO - Processing /home/airflow/.local/lib/python3.12/site-packages/airflow/example_dags/example_branch_python_dop_operator_3.py took 0.324 seconds
[2025-04-13T22:34:32.170+0000] {processor.py:186} INFO - Started process (PID=403) to work on /home/airflow/.local/lib/python3.12/site-packages/airflow/example_dags/example_branch_python_dop_operator_3.py
[2025-04-13T22:34:32.176+0000] {processor.py:914} INFO - Processing file /home/airflow/.local/lib/python3.12/site-packages/airflow/example_dags/example_branch_python_dop_operator_3.py for tasks to queue
[2025-04-13T22:34:32.191+0000] {logging_mixin.py:190} INFO - [2025-04-13T22:34:32.190+0000] {dagbag.py:588} INFO - Filling up the DagBag from /home/airflow/.local/lib/python3.12/site-packages/airflow/example_dags/example_branch_python_dop_operator_3.py
[2025-04-13T22:34:32.222+0000] {processor.py:925} INFO - DAG(s) 'example_branch_dop_operator_v3' retrieved from /home/airflow/.local/lib/python3.12/site-packages/airflow/example_dags/example_branch_python_dop_operator_3.py
[2025-04-13T22:34:32.293+0000] {logging_mixin.py:190} INFO - [2025-04-13T22:34:32.293+0000] {dag.py:3239} INFO - Sync 1 DAGs
[2025-04-13T22:34:32.408+0000] {logging_mixin.py:190} INFO - [2025-04-13T22:34:32.406+0000] {dag.py:4180} INFO - Setting next_dagrun for example_branch_dop_operator_v3 to 2025-04-13 22:33:00+00:00, run_after=2025-04-13 22:34:00+00:00
[2025-04-13T22:34:32.482+0000] {processor.py:208} INFO - Processing /home/airflow/.local/lib/python3.12/site-packages/airflow/example_dags/example_branch_python_dop_operator_3.py took 0.361 seconds
[2025-04-13T22:35:21.088+0000] {processor.py:186} INFO - Started process (PID=479) to work on /home/airflow/.local/lib/python3.12/site-packages/airflow/example_dags/example_branch_python_dop_operator_3.py
[2025-04-13T22:35:21.096+0000] {processor.py:914} INFO - Processing file /home/airflow/.local/lib/python3.12/site-packages/airflow/example_dags/example_branch_python_dop_operator_3.py for tasks to queue
[2025-04-13T22:35:21.104+0000] {logging_mixin.py:190} INFO - [2025-04-13T22:35:21.103+0000] {dagbag.py:588} INFO - Filling up the DagBag from /home/airflow/.local/lib/python3.12/site-packages/airflow/example_dags/example_branch_python_dop_operator_3.py
[2025-04-13T22:35:21.136+0000] {processor.py:925} INFO - DAG(s) 'example_branch_dop_operator_v3' retrieved from /home/airflow/.local/lib/python3.12/site-packages/airflow/example_dags/example_branch_python_dop_operator_3.py
[2025-04-13T22:35:21.244+0000] {logging_mixin.py:190} INFO - [2025-04-13T22:35:21.233+0000] {dag.py:3239} INFO - Sync 1 DAGs
[2025-04-13T22:35:21.401+0000] {logging_mixin.py:190} INFO - [2025-04-13T22:35:21.400+0000] {dag.py:4180} INFO - Setting next_dagrun for example_branch_dop_operator_v3 to 2025-04-13 22:34:00+00:00, run_after=2025-04-13 22:35:00+00:00
[2025-04-13T22:35:21.497+0000] {processor.py:208} INFO - Processing /home/airflow/.local/lib/python3.12/site-packages/airflow/example_dags/example_branch_python_dop_operator_3.py took 0.424 seconds
[2025-04-13T22:35:59.363+0000] {processor.py:186} INFO - Started process (PID=543) to work on /home/airflow/.local/lib/python3.12/site-packages/airflow/example_dags/example_branch_python_dop_operator_3.py
[2025-04-13T22:35:59.374+0000] {processor.py:914} INFO - Processing file /home/airflow/.local/lib/python3.12/site-packages/airflow/example_dags/example_branch_python_dop_operator_3.py for tasks to queue
[2025-04-13T22:35:59.393+0000] {logging_mixin.py:190} INFO - [2025-04-13T22:35:59.391+0000] {dagbag.py:588} INFO - Filling up the DagBag from /home/airflow/.local/lib/python3.12/site-packages/airflow/example_dags/example_branch_python_dop_operator_3.py
[2025-04-13T22:35:59.461+0000] {processor.py:925} INFO - DAG(s) 'example_branch_dop_operator_v3' retrieved from /home/airflow/.local/lib/python3.12/site-packages/airflow/example_dags/example_branch_python_dop_operator_3.py
[2025-04-13T22:35:59.652+0000] {logging_mixin.py:190} INFO - [2025-04-13T22:35:59.652+0000] {dag.py:3239} INFO - Sync 1 DAGs
[2025-04-13T22:35:59.807+0000] {logging_mixin.py:190} INFO - [2025-04-13T22:35:59.806+0000] {dag.py:4180} INFO - Setting next_dagrun for example_branch_dop_operator_v3 to 2025-04-13 22:34:00+00:00, run_after=2025-04-13 22:35:00+00:00
[2025-04-13T22:35:59.934+0000] {processor.py:208} INFO - Processing /home/airflow/.local/lib/python3.12/site-packages/airflow/example_dags/example_branch_python_dop_operator_3.py took 0.606 seconds
[2025-04-13T22:36:39.003+0000] {processor.py:186} INFO - Started process (PID=617) to work on /home/airflow/.local/lib/python3.12/site-packages/airflow/example_dags/example_branch_python_dop_operator_3.py
[2025-04-13T22:36:39.015+0000] {processor.py:914} INFO - Processing file /home/airflow/.local/lib/python3.12/site-packages/airflow/example_dags/example_branch_python_dop_operator_3.py for tasks to queue
[2025-04-13T22:36:39.040+0000] {logging_mixin.py:190} INFO - [2025-04-13T22:36:39.040+0000] {dagbag.py:588} INFO - Filling up the DagBag from /home/airflow/.local/lib/python3.12/site-packages/airflow/example_dags/example_branch_python_dop_operator_3.py
[2025-04-13T22:36:39.096+0000] {processor.py:925} INFO - DAG(s) 'example_branch_dop_operator_v3' retrieved from /home/airflow/.local/lib/python3.12/site-packages/airflow/example_dags/example_branch_python_dop_operator_3.py
[2025-04-13T22:36:39.231+0000] {logging_mixin.py:190} INFO - [2025-04-13T22:36:39.229+0000] {dag.py:3239} INFO - Sync 1 DAGs
[2025-04-13T22:36:39.526+0000] {logging_mixin.py:190} INFO - [2025-04-13T22:36:39.526+0000] {dag.py:4180} INFO - Setting next_dagrun for example_branch_dop_operator_v3 to 2025-04-13 22:35:00+00:00, run_after=2025-04-13 22:36:00+00:00
[2025-04-13T22:36:39.679+0000] {processor.py:208} INFO - Processing /home/airflow/.local/lib/python3.12/site-packages/airflow/example_dags/example_branch_python_dop_operator_3.py took 0.716 seconds
[2025-04-13T22:37:27.385+0000] {processor.py:186} INFO - Started process (PID=681) to work on /home/airflow/.local/lib/python3.12/site-packages/airflow/example_dags/example_branch_python_dop_operator_3.py
[2025-04-13T22:37:27.421+0000] {processor.py:914} INFO - Processing file /home/airflow/.local/lib/python3.12/site-packages/airflow/example_dags/example_branch_python_dop_operator_3.py for tasks to queue
[2025-04-13T22:37:27.447+0000] {logging_mixin.py:190} INFO - [2025-04-13T22:37:27.446+0000] {dagbag.py:588} INFO - Filling up the DagBag from /home/airflow/.local/lib/python3.12/site-packages/airflow/example_dags/example_branch_python_dop_operator_3.py
[2025-04-13T22:37:27.560+0000] {processor.py:925} INFO - DAG(s) 'example_branch_dop_operator_v3' retrieved from /home/airflow/.local/lib/python3.12/site-packages/airflow/example_dags/example_branch_python_dop_operator_3.py
[2025-04-13T22:37:27.728+0000] {logging_mixin.py:190} INFO - [2025-04-13T22:37:27.727+0000] {dag.py:3239} INFO - Sync 1 DAGs
[2025-04-13T22:37:27.998+0000] {logging_mixin.py:190} INFO - [2025-04-13T22:37:27.998+0000] {dag.py:4180} INFO - Setting next_dagrun for example_branch_dop_operator_v3 to 2025-04-13 22:36:00+00:00, run_after=2025-04-13 22:37:00+00:00
[2025-04-13T22:37:28.186+0000] {processor.py:208} INFO - Processing /home/airflow/.local/lib/python3.12/site-packages/airflow/example_dags/example_branch_python_dop_operator_3.py took 1.024 seconds
[2025-04-13T22:38:08.125+0000] {processor.py:186} INFO - Started process (PID=751) to work on /home/airflow/.local/lib/python3.12/site-packages/airflow/example_dags/example_branch_python_dop_operator_3.py
[2025-04-13T22:38:08.142+0000] {processor.py:914} INFO - Processing file /home/airflow/.local/lib/python3.12/site-packages/airflow/example_dags/example_branch_python_dop_operator_3.py for tasks to queue
[2025-04-13T22:38:08.239+0000] {logging_mixin.py:190} INFO - [2025-04-13T22:38:08.238+0000] {dagbag.py:588} INFO - Filling up the DagBag from /home/airflow/.local/lib/python3.12/site-packages/airflow/example_dags/example_branch_python_dop_operator_3.py
[2025-04-13T22:38:08.301+0000] {processor.py:925} INFO - DAG(s) 'example_branch_dop_operator_v3' retrieved from /home/airflow/.local/lib/python3.12/site-packages/airflow/example_dags/example_branch_python_dop_operator_3.py
[2025-04-13T22:38:08.525+0000] {logging_mixin.py:190} INFO - [2025-04-13T22:38:08.522+0000] {dag.py:3239} INFO - Sync 1 DAGs
[2025-04-13T22:38:08.874+0000] {logging_mixin.py:190} INFO - [2025-04-13T22:38:08.874+0000] {dag.py:4180} INFO - Setting next_dagrun for example_branch_dop_operator_v3 to 2025-04-13 22:37:00+00:00, run_after=2025-04-13 22:38:00+00:00
[2025-04-13T22:38:09.143+0000] {processor.py:208} INFO - Processing /home/airflow/.local/lib/python3.12/site-packages/airflow/example_dags/example_branch_python_dop_operator_3.py took 1.071 seconds
[2025-04-13T22:38:50.053+0000] {processor.py:186} INFO - Started process (PID=816) to work on /home/airflow/.local/lib/python3.12/site-packages/airflow/example_dags/example_branch_python_dop_operator_3.py
[2025-04-13T22:38:50.060+0000] {processor.py:914} INFO - Processing file /home/airflow/.local/lib/python3.12/site-packages/airflow/example_dags/example_branch_python_dop_operator_3.py for tasks to queue
[2025-04-13T22:38:50.098+0000] {logging_mixin.py:190} INFO - [2025-04-13T22:38:50.097+0000] {dagbag.py:588} INFO - Filling up the DagBag from /home/airflow/.local/lib/python3.12/site-packages/airflow/example_dags/example_branch_python_dop_operator_3.py
[2025-04-13T22:38:50.374+0000] {processor.py:925} INFO - DAG(s) 'example_branch_dop_operator_v3' retrieved from /home/airflow/.local/lib/python3.12/site-packages/airflow/example_dags/example_branch_python_dop_operator_3.py
[2025-04-13T22:38:50.559+0000] {logging_mixin.py:190} INFO - [2025-04-13T22:38:50.558+0000] {dag.py:3239} INFO - Sync 1 DAGs
[2025-04-13T22:38:50.937+0000] {logging_mixin.py:190} INFO - [2025-04-13T22:38:50.936+0000] {dag.py:4180} INFO - Setting next_dagrun for example_branch_dop_operator_v3 to 2025-04-13 22:37:00+00:00, run_after=2025-04-13 22:38:00+00:00
[2025-04-13T22:38:51.168+0000] {processor.py:208} INFO - Processing /home/airflow/.local/lib/python3.12/site-packages/airflow/example_dags/example_branch_python_dop_operator_3.py took 1.291 seconds
[2025-04-13T22:39:26.106+0000] {processor.py:186} INFO - Started process (PID=880) to work on /home/airflow/.local/lib/python3.12/site-packages/airflow/example_dags/example_branch_python_dop_operator_3.py
[2025-04-13T22:39:26.109+0000] {processor.py:914} INFO - Processing file /home/airflow/.local/lib/python3.12/site-packages/airflow/example_dags/example_branch_python_dop_operator_3.py for tasks to queue
[2025-04-13T22:39:26.115+0000] {logging_mixin.py:190} INFO - [2025-04-13T22:39:26.114+0000] {dagbag.py:588} INFO - Filling up the DagBag from /home/airflow/.local/lib/python3.12/site-packages/airflow/example_dags/example_branch_python_dop_operator_3.py
[2025-04-13T22:39:26.167+0000] {processor.py:925} INFO - DAG(s) 'example_branch_dop_operator_v3' retrieved from /home/airflow/.local/lib/python3.12/site-packages/airflow/example_dags/example_branch_python_dop_operator_3.py
[2025-04-13T22:39:26.237+0000] {logging_mixin.py:190} INFO - [2025-04-13T22:39:26.237+0000] {dag.py:3239} INFO - Sync 1 DAGs
[2025-04-13T22:39:26.331+0000] {logging_mixin.py:190} INFO - [2025-04-13T22:39:26.330+0000] {dag.py:4180} INFO - Setting next_dagrun for example_branch_dop_operator_v3 to 2025-04-13 22:38:00+00:00, run_after=2025-04-13 22:39:00+00:00
[2025-04-13T22:39:26.445+0000] {processor.py:208} INFO - Processing /home/airflow/.local/lib/python3.12/site-packages/airflow/example_dags/example_branch_python_dop_operator_3.py took 0.353 seconds
[2025-04-13T22:41:18.831+0000] {processor.py:186} INFO - Started process (PID=965) to work on /home/airflow/.local/lib/python3.12/site-packages/airflow/example_dags/example_branch_python_dop_operator_3.py
[2025-04-13T22:41:18.833+0000] {processor.py:914} INFO - Processing file /home/airflow/.local/lib/python3.12/site-packages/airflow/example_dags/example_branch_python_dop_operator_3.py for tasks to queue
[2025-04-13T22:41:18.892+0000] {logging_mixin.py:190} INFO - [2025-04-13T22:41:18.891+0000] {dagbag.py:588} INFO - Filling up the DagBag from /home/airflow/.local/lib/python3.12/site-packages/airflow/example_dags/example_branch_python_dop_operator_3.py
[2025-04-13T22:41:19.028+0000] {processor.py:925} INFO - DAG(s) 'example_branch_dop_operator_v3' retrieved from /home/airflow/.local/lib/python3.12/site-packages/airflow/example_dags/example_branch_python_dop_operator_3.py
[2025-04-13T22:41:19.584+0000] {logging_mixin.py:190} INFO - [2025-04-13T22:41:19.583+0000] {dag.py:3239} INFO - Sync 1 DAGs
[2025-04-13T22:41:19.943+0000] {logging_mixin.py:190} INFO - [2025-04-13T22:41:19.943+0000] {dag.py:4180} INFO - Setting next_dagrun for example_branch_dop_operator_v3 to 2025-04-13 22:40:00+00:00, run_after=2025-04-13 22:41:00+00:00
[2025-04-13T22:41:20.265+0000] {processor.py:208} INFO - Processing /home/airflow/.local/lib/python3.12/site-packages/airflow/example_dags/example_branch_python_dop_operator_3.py took 1.450 seconds
[2025-04-13T22:42:23.659+0000] {processor.py:186} INFO - Started process (PID=1040) to work on /home/airflow/.local/lib/python3.12/site-packages/airflow/example_dags/example_branch_python_dop_operator_3.py
[2025-04-13T22:42:23.671+0000] {processor.py:914} INFO - Processing file /home/airflow/.local/lib/python3.12/site-packages/airflow/example_dags/example_branch_python_dop_operator_3.py for tasks to queue
[2025-04-13T22:42:23.689+0000] {logging_mixin.py:190} INFO - [2025-04-13T22:42:23.688+0000] {dagbag.py:588} INFO - Filling up the DagBag from /home/airflow/.local/lib/python3.12/site-packages/airflow/example_dags/example_branch_python_dop_operator_3.py
[2025-04-13T22:42:23.791+0000] {processor.py:925} INFO - DAG(s) 'example_branch_dop_operator_v3' retrieved from /home/airflow/.local/lib/python3.12/site-packages/airflow/example_dags/example_branch_python_dop_operator_3.py
[2025-04-13T22:42:24.004+0000] {logging_mixin.py:190} INFO - [2025-04-13T22:42:24.003+0000] {dag.py:3239} INFO - Sync 1 DAGs
[2025-04-13T22:42:24.277+0000] {logging_mixin.py:190} INFO - [2025-04-13T22:42:24.277+0000] {dag.py:4180} INFO - Setting next_dagrun for example_branch_dop_operator_v3 to 2025-04-13 22:41:00+00:00, run_after=2025-04-13 22:42:00+00:00
[2025-04-13T22:42:24.403+0000] {processor.py:208} INFO - Processing /home/airflow/.local/lib/python3.12/site-packages/airflow/example_dags/example_branch_python_dop_operator_3.py took 0.757 seconds
[2025-04-13T22:43:03.912+0000] {processor.py:186} INFO - Started process (PID=1104) to work on /home/airflow/.local/lib/python3.12/site-packages/airflow/example_dags/example_branch_python_dop_operator_3.py
[2025-04-13T22:43:03.927+0000] {processor.py:914} INFO - Processing file /home/airflow/.local/lib/python3.12/site-packages/airflow/example_dags/example_branch_python_dop_operator_3.py for tasks to queue
[2025-04-13T22:43:03.967+0000] {logging_mixin.py:190} INFO - [2025-04-13T22:43:03.943+0000] {dagbag.py:588} INFO - Filling up the DagBag from /home/airflow/.local/lib/python3.12/site-packages/airflow/example_dags/example_branch_python_dop_operator_3.py
[2025-04-13T22:43:04.079+0000] {processor.py:925} INFO - DAG(s) 'example_branch_dop_operator_v3' retrieved from /home/airflow/.local/lib/python3.12/site-packages/airflow/example_dags/example_branch_python_dop_operator_3.py
[2025-04-13T22:43:04.233+0000] {logging_mixin.py:190} INFO - [2025-04-13T22:43:04.232+0000] {dag.py:3239} INFO - Sync 1 DAGs
[2025-04-13T22:43:04.674+0000] {logging_mixin.py:190} INFO - [2025-04-13T22:43:04.673+0000] {dag.py:4180} INFO - Setting next_dagrun for example_branch_dop_operator_v3 to 2025-04-13 22:42:00+00:00, run_after=2025-04-13 22:43:00+00:00
[2025-04-13T22:43:04.945+0000] {processor.py:208} INFO - Processing /home/airflow/.local/lib/python3.12/site-packages/airflow/example_dags/example_branch_python_dop_operator_3.py took 1.202 seconds
[2025-04-13T22:44:59.408+0000] {processor.py:186} INFO - Started process (PID=1210) to work on /home/airflow/.local/lib/python3.12/site-packages/airflow/example_dags/example_branch_python_dop_operator_3.py
[2025-04-13T22:44:59.420+0000] {processor.py:914} INFO - Processing file /home/airflow/.local/lib/python3.12/site-packages/airflow/example_dags/example_branch_python_dop_operator_3.py for tasks to queue
[2025-04-13T22:44:59.443+0000] {logging_mixin.py:190} INFO - [2025-04-13T22:44:59.442+0000] {dagbag.py:588} INFO - Filling up the DagBag from /home/airflow/.local/lib/python3.12/site-packages/airflow/example_dags/example_branch_python_dop_operator_3.py
[2025-04-13T22:44:59.515+0000] {processor.py:925} INFO - DAG(s) 'example_branch_dop_operator_v3' retrieved from /home/airflow/.local/lib/python3.12/site-packages/airflow/example_dags/example_branch_python_dop_operator_3.py
[2025-04-13T22:44:59.705+0000] {logging_mixin.py:190} INFO - [2025-04-13T22:44:59.705+0000] {dag.py:3239} INFO - Sync 1 DAGs
[2025-04-13T22:45:00.125+0000] {logging_mixin.py:190} INFO - [2025-04-13T22:45:00.124+0000] {dag.py:4180} INFO - Setting next_dagrun for example_branch_dop_operator_v3 to 2025-04-13 22:44:00+00:00, run_after=2025-04-13 22:45:00+00:00
[2025-04-13T22:45:00.369+0000] {processor.py:208} INFO - Processing /home/airflow/.local/lib/python3.12/site-packages/airflow/example_dags/example_branch_python_dop_operator_3.py took 0.982 seconds
