[2025-04-13T16:49:04.480+0000] {processor.py:186} INFO - Started process (PID=118) to work on /home/airflow/.local/lib/python3.12/site-packages/airflow/example_dags/example_sensor_decorator.py
[2025-04-13T16:49:04.482+0000] {processor.py:914} INFO - Processing file /home/airflow/.local/lib/python3.12/site-packages/airflow/example_dags/example_sensor_decorator.py for tasks to queue
[2025-04-13T16:49:04.488+0000] {logging_mixin.py:190} INFO - [2025-04-13T16:49:04.486+0000] {dagbag.py:588} INFO - Filling up the DagBag from /home/airflow/.local/lib/python3.12/site-packages/airflow/example_dags/example_sensor_decorator.py
[2025-04-13T16:49:04.543+0000] {processor.py:925} INFO - DAG(s) 'example_sensor_decorator' retrieved from /home/airflow/.local/lib/python3.12/site-packages/airflow/example_dags/example_sensor_decorator.py
[2025-04-13T16:49:05.087+0000] {logging_mixin.py:190} INFO - [2025-04-13T16:49:05.086+0000] {override.py:1912} INFO - Created Permission View: can read on DAG:example_sensor_decorator
[2025-04-13T16:49:05.187+0000] {logging_mixin.py:190} INFO - [2025-04-13T16:49:05.185+0000] {override.py:1912} INFO - Created Permission View: can edit on DAG:example_sensor_decorator
[2025-04-13T16:49:05.234+0000] {logging_mixin.py:190} INFO - [2025-04-13T16:49:05.234+0000] {override.py:1912} INFO - Created Permission View: can delete on DAG:example_sensor_decorator
[2025-04-13T16:49:05.290+0000] {logging_mixin.py:190} INFO - [2025-04-13T16:49:05.289+0000] {override.py:1912} INFO - Created Permission View: can read on DAG Run:example_sensor_decorator
[2025-04-13T16:49:05.439+0000] {logging_mixin.py:190} INFO - [2025-04-13T16:49:05.427+0000] {override.py:1912} INFO - Created Permission View: menu access on DAG Run:example_sensor_decorator
[2025-04-13T16:49:05.521+0000] {logging_mixin.py:190} INFO - [2025-04-13T16:49:05.521+0000] {override.py:1912} INFO - Created Permission View: can create on DAG Run:example_sensor_decorator
[2025-04-13T16:49:05.732+0000] {logging_mixin.py:190} INFO - [2025-04-13T16:49:05.732+0000] {override.py:1912} INFO - Created Permission View: can delete on DAG Run:example_sensor_decorator
[2025-04-13T16:49:05.735+0000] {logging_mixin.py:190} INFO - [2025-04-13T16:49:05.735+0000] {dag.py:3239} INFO - Sync 1 DAGs
[2025-04-13T16:49:05.844+0000] {logging_mixin.py:190} INFO - [2025-04-13T16:49:05.843+0000] {dag.py:3262} INFO - Creating ORM DAG for example_sensor_decorator
[2025-04-13T16:49:05.845+0000] {logging_mixin.py:190} INFO - [2025-04-13T16:49:05.845+0000] {dag.py:4180} INFO - Setting next_dagrun for example_sensor_decorator to None, run_after=None
[2025-04-13T16:49:06.111+0000] {processor.py:208} INFO - Processing /home/airflow/.local/lib/python3.12/site-packages/airflow/example_dags/example_sensor_decorator.py took 1.647 seconds
[2025-04-13T16:50:47.920+0000] {processor.py:186} INFO - Started process (PID=200) to work on /home/airflow/.local/lib/python3.12/site-packages/airflow/example_dags/example_sensor_decorator.py
[2025-04-13T16:50:47.931+0000] {processor.py:914} INFO - Processing file /home/airflow/.local/lib/python3.12/site-packages/airflow/example_dags/example_sensor_decorator.py for tasks to queue
[2025-04-13T16:50:47.957+0000] {logging_mixin.py:190} INFO - [2025-04-13T16:50:47.939+0000] {dagbag.py:588} INFO - Filling up the DagBag from /home/airflow/.local/lib/python3.12/site-packages/airflow/example_dags/example_sensor_decorator.py
[2025-04-13T16:50:47.985+0000] {processor.py:925} INFO - DAG(s) 'example_sensor_decorator' retrieved from /home/airflow/.local/lib/python3.12/site-packages/airflow/example_dags/example_sensor_decorator.py
[2025-04-13T16:50:48.239+0000] {logging_mixin.py:190} INFO - [2025-04-13T16:50:48.234+0000] {dag.py:3239} INFO - Sync 1 DAGs
[2025-04-13T16:50:48.333+0000] {logging_mixin.py:190} INFO - [2025-04-13T16:50:48.333+0000] {dag.py:4180} INFO - Setting next_dagrun for example_sensor_decorator to None, run_after=None
[2025-04-13T16:50:48.490+0000] {processor.py:208} INFO - Processing /home/airflow/.local/lib/python3.12/site-packages/airflow/example_dags/example_sensor_decorator.py took 0.749 seconds
[2025-04-13T16:51:27.565+0000] {processor.py:186} INFO - Started process (PID=264) to work on /home/airflow/.local/lib/python3.12/site-packages/airflow/example_dags/example_sensor_decorator.py
[2025-04-13T16:51:27.575+0000] {processor.py:914} INFO - Processing file /home/airflow/.local/lib/python3.12/site-packages/airflow/example_dags/example_sensor_decorator.py for tasks to queue
[2025-04-13T16:51:27.588+0000] {logging_mixin.py:190} INFO - [2025-04-13T16:51:27.588+0000] {dagbag.py:588} INFO - Filling up the DagBag from /home/airflow/.local/lib/python3.12/site-packages/airflow/example_dags/example_sensor_decorator.py
[2025-04-13T16:51:27.671+0000] {processor.py:925} INFO - DAG(s) 'example_sensor_decorator' retrieved from /home/airflow/.local/lib/python3.12/site-packages/airflow/example_dags/example_sensor_decorator.py
[2025-04-13T16:51:27.861+0000] {logging_mixin.py:190} INFO - [2025-04-13T16:51:27.860+0000] {dag.py:3239} INFO - Sync 1 DAGs
[2025-04-13T16:51:28.027+0000] {logging_mixin.py:190} INFO - [2025-04-13T16:51:28.026+0000] {dag.py:4180} INFO - Setting next_dagrun for example_sensor_decorator to None, run_after=None
[2025-04-13T16:51:28.130+0000] {processor.py:208} INFO - Processing /home/airflow/.local/lib/python3.12/site-packages/airflow/example_dags/example_sensor_decorator.py took 0.601 seconds
[2025-04-13T16:51:58.752+0000] {processor.py:186} INFO - Started process (PID=327) to work on /home/airflow/.local/lib/python3.12/site-packages/airflow/example_dags/example_sensor_decorator.py
[2025-04-13T16:51:58.757+0000] {processor.py:914} INFO - Processing file /home/airflow/.local/lib/python3.12/site-packages/airflow/example_dags/example_sensor_decorator.py for tasks to queue
[2025-04-13T16:51:58.785+0000] {logging_mixin.py:190} INFO - [2025-04-13T16:51:58.776+0000] {dagbag.py:588} INFO - Filling up the DagBag from /home/airflow/.local/lib/python3.12/site-packages/airflow/example_dags/example_sensor_decorator.py
[2025-04-13T16:51:58.916+0000] {processor.py:925} INFO - DAG(s) 'example_sensor_decorator' retrieved from /home/airflow/.local/lib/python3.12/site-packages/airflow/example_dags/example_sensor_decorator.py
[2025-04-13T16:51:59.405+0000] {logging_mixin.py:190} INFO - [2025-04-13T16:51:59.404+0000] {dag.py:3239} INFO - Sync 1 DAGs
[2025-04-13T16:51:59.739+0000] {logging_mixin.py:190} INFO - [2025-04-13T16:51:59.739+0000] {dag.py:4180} INFO - Setting next_dagrun for example_sensor_decorator to None, run_after=None
[2025-04-13T16:51:59.965+0000] {processor.py:208} INFO - Processing /home/airflow/.local/lib/python3.12/site-packages/airflow/example_dags/example_sensor_decorator.py took 1.341 seconds
[2025-04-13T16:52:30.486+0000] {processor.py:186} INFO - Started process (PID=391) to work on /home/airflow/.local/lib/python3.12/site-packages/airflow/example_dags/example_sensor_decorator.py
[2025-04-13T16:52:30.502+0000] {processor.py:914} INFO - Processing file /home/airflow/.local/lib/python3.12/site-packages/airflow/example_dags/example_sensor_decorator.py for tasks to queue
[2025-04-13T16:52:30.531+0000] {logging_mixin.py:190} INFO - [2025-04-13T16:52:30.530+0000] {dagbag.py:588} INFO - Filling up the DagBag from /home/airflow/.local/lib/python3.12/site-packages/airflow/example_dags/example_sensor_decorator.py
[2025-04-13T16:52:30.568+0000] {processor.py:925} INFO - DAG(s) 'example_sensor_decorator' retrieved from /home/airflow/.local/lib/python3.12/site-packages/airflow/example_dags/example_sensor_decorator.py
[2025-04-13T16:52:30.609+0000] {logging_mixin.py:190} INFO - [2025-04-13T16:52:30.608+0000] {dag.py:3239} INFO - Sync 1 DAGs
[2025-04-13T16:52:30.673+0000] {logging_mixin.py:190} INFO - [2025-04-13T16:52:30.670+0000] {dag.py:4180} INFO - Setting next_dagrun for example_sensor_decorator to None, run_after=None
[2025-04-13T16:52:30.778+0000] {processor.py:208} INFO - Processing /home/airflow/.local/lib/python3.12/site-packages/airflow/example_dags/example_sensor_decorator.py took 0.326 seconds
[2025-04-13T16:53:26.662+0000] {processor.py:186} INFO - Started process (PID=461) to work on /home/airflow/.local/lib/python3.12/site-packages/airflow/example_dags/example_sensor_decorator.py
[2025-04-13T16:53:26.755+0000] {processor.py:914} INFO - Processing file /home/airflow/.local/lib/python3.12/site-packages/airflow/example_dags/example_sensor_decorator.py for tasks to queue
[2025-04-13T16:53:26.781+0000] {logging_mixin.py:190} INFO - [2025-04-13T16:53:26.768+0000] {dagbag.py:588} INFO - Filling up the DagBag from /home/airflow/.local/lib/python3.12/site-packages/airflow/example_dags/example_sensor_decorator.py
[2025-04-13T16:53:26.851+0000] {processor.py:925} INFO - DAG(s) 'example_sensor_decorator' retrieved from /home/airflow/.local/lib/python3.12/site-packages/airflow/example_dags/example_sensor_decorator.py
[2025-04-13T16:53:27.109+0000] {logging_mixin.py:190} INFO - [2025-04-13T16:53:27.108+0000] {dag.py:3239} INFO - Sync 1 DAGs
[2025-04-13T16:53:27.462+0000] {logging_mixin.py:190} INFO - [2025-04-13T16:53:27.462+0000] {dag.py:4180} INFO - Setting next_dagrun for example_sensor_decorator to None, run_after=None
[2025-04-13T16:53:27.844+0000] {processor.py:208} INFO - Processing /home/airflow/.local/lib/python3.12/site-packages/airflow/example_dags/example_sensor_decorator.py took 1.459 seconds
[2025-04-13T16:53:58.585+0000] {processor.py:186} INFO - Started process (PID=525) to work on /home/airflow/.local/lib/python3.12/site-packages/airflow/example_dags/example_sensor_decorator.py
[2025-04-13T16:53:58.595+0000] {processor.py:914} INFO - Processing file /home/airflow/.local/lib/python3.12/site-packages/airflow/example_dags/example_sensor_decorator.py for tasks to queue
[2025-04-13T16:53:58.600+0000] {logging_mixin.py:190} INFO - [2025-04-13T16:53:58.599+0000] {dagbag.py:588} INFO - Filling up the DagBag from /home/airflow/.local/lib/python3.12/site-packages/airflow/example_dags/example_sensor_decorator.py
[2025-04-13T16:53:58.622+0000] {processor.py:925} INFO - DAG(s) 'example_sensor_decorator' retrieved from /home/airflow/.local/lib/python3.12/site-packages/airflow/example_dags/example_sensor_decorator.py
[2025-04-13T16:53:58.878+0000] {logging_mixin.py:190} INFO - [2025-04-13T16:53:58.877+0000] {dag.py:3239} INFO - Sync 1 DAGs
[2025-04-13T16:53:58.957+0000] {logging_mixin.py:190} INFO - [2025-04-13T16:53:58.957+0000] {dag.py:4180} INFO - Setting next_dagrun for example_sensor_decorator to None, run_after=None
[2025-04-13T16:53:59.079+0000] {processor.py:208} INFO - Processing /home/airflow/.local/lib/python3.12/site-packages/airflow/example_dags/example_sensor_decorator.py took 0.517 seconds
[2025-04-13T16:54:53.787+0000] {processor.py:186} INFO - Started process (PID=606) to work on /home/airflow/.local/lib/python3.12/site-packages/airflow/example_dags/example_sensor_decorator.py
[2025-04-13T16:54:53.791+0000] {processor.py:914} INFO - Processing file /home/airflow/.local/lib/python3.12/site-packages/airflow/example_dags/example_sensor_decorator.py for tasks to queue
[2025-04-13T16:54:53.811+0000] {logging_mixin.py:190} INFO - [2025-04-13T16:54:53.810+0000] {dagbag.py:588} INFO - Filling up the DagBag from /home/airflow/.local/lib/python3.12/site-packages/airflow/example_dags/example_sensor_decorator.py
[2025-04-13T16:54:53.874+0000] {processor.py:925} INFO - DAG(s) 'example_sensor_decorator' retrieved from /home/airflow/.local/lib/python3.12/site-packages/airflow/example_dags/example_sensor_decorator.py
[2025-04-13T16:54:54.809+0000] {logging_mixin.py:190} INFO - [2025-04-13T16:54:54.807+0000] {dag.py:3239} INFO - Sync 1 DAGs
[2025-04-13T16:54:55.172+0000] {logging_mixin.py:190} INFO - [2025-04-13T16:54:55.160+0000] {dag.py:4180} INFO - Setting next_dagrun for example_sensor_decorator to None, run_after=None
[2025-04-13T16:54:55.433+0000] {processor.py:208} INFO - Processing /home/airflow/.local/lib/python3.12/site-packages/airflow/example_dags/example_sensor_decorator.py took 1.740 seconds
[2025-04-13T17:03:39.177+0000] {processor.py:186} INFO - Started process (PID=127) to work on /home/airflow/.local/lib/python3.12/site-packages/airflow/example_dags/example_sensor_decorator.py
[2025-04-13T17:03:39.229+0000] {processor.py:914} INFO - Processing file /home/airflow/.local/lib/python3.12/site-packages/airflow/example_dags/example_sensor_decorator.py for tasks to queue
[2025-04-13T17:03:39.367+0000] {logging_mixin.py:190} INFO - [2025-04-13T17:03:39.355+0000] {dagbag.py:588} INFO - Filling up the DagBag from /home/airflow/.local/lib/python3.12/site-packages/airflow/example_dags/example_sensor_decorator.py
[2025-04-13T17:03:39.464+0000] {processor.py:925} INFO - DAG(s) 'example_sensor_decorator' retrieved from /home/airflow/.local/lib/python3.12/site-packages/airflow/example_dags/example_sensor_decorator.py
[2025-04-13T17:03:39.954+0000] {logging_mixin.py:190} INFO - [2025-04-13T17:03:39.953+0000] {dag.py:3239} INFO - Sync 1 DAGs
[2025-04-13T17:03:40.601+0000] {logging_mixin.py:190} INFO - [2025-04-13T17:03:40.555+0000] {dag.py:4180} INFO - Setting next_dagrun for example_sensor_decorator to None, run_after=None
[2025-04-13T17:03:41.087+0000] {processor.py:208} INFO - Processing /home/airflow/.local/lib/python3.12/site-packages/airflow/example_dags/example_sensor_decorator.py took 2.028 seconds
[2025-04-13T17:05:50.895+0000] {processor.py:186} INFO - Started process (PID=208) to work on /home/airflow/.local/lib/python3.12/site-packages/airflow/example_dags/example_sensor_decorator.py
[2025-04-13T17:05:50.900+0000] {processor.py:914} INFO - Processing file /home/airflow/.local/lib/python3.12/site-packages/airflow/example_dags/example_sensor_decorator.py for tasks to queue
[2025-04-13T17:05:50.973+0000] {logging_mixin.py:190} INFO - [2025-04-13T17:05:50.973+0000] {dagbag.py:588} INFO - Filling up the DagBag from /home/airflow/.local/lib/python3.12/site-packages/airflow/example_dags/example_sensor_decorator.py
[2025-04-13T17:05:51.052+0000] {processor.py:925} INFO - DAG(s) 'example_sensor_decorator' retrieved from /home/airflow/.local/lib/python3.12/site-packages/airflow/example_dags/example_sensor_decorator.py
[2025-04-13T17:05:51.723+0000] {logging_mixin.py:190} INFO - [2025-04-13T17:05:51.723+0000] {dag.py:3239} INFO - Sync 1 DAGs
[2025-04-13T17:05:52.235+0000] {logging_mixin.py:190} INFO - [2025-04-13T17:05:52.234+0000] {dag.py:4180} INFO - Setting next_dagrun for example_sensor_decorator to None, run_after=None
[2025-04-13T17:05:52.986+0000] {processor.py:208} INFO - Processing /home/airflow/.local/lib/python3.12/site-packages/airflow/example_dags/example_sensor_decorator.py took 2.191 seconds
[2025-04-13T17:24:41.744+0000] {processor.py:186} INFO - Started process (PID=182) to work on /home/airflow/.local/lib/python3.12/site-packages/airflow/example_dags/example_sensor_decorator.py
[2025-04-13T17:24:41.837+0000] {processor.py:914} INFO - Processing file /home/airflow/.local/lib/python3.12/site-packages/airflow/example_dags/example_sensor_decorator.py for tasks to queue
[2025-04-13T17:24:41.972+0000] {logging_mixin.py:190} INFO - [2025-04-13T17:24:41.968+0000] {dagbag.py:588} INFO - Filling up the DagBag from /home/airflow/.local/lib/python3.12/site-packages/airflow/example_dags/example_sensor_decorator.py
[2025-04-13T17:24:43.115+0000] {processor.py:925} INFO - DAG(s) 'example_sensor_decorator' retrieved from /home/airflow/.local/lib/python3.12/site-packages/airflow/example_dags/example_sensor_decorator.py
[2025-04-13T17:24:45.788+0000] {logging_mixin.py:190} INFO - [2025-04-13T17:24:45.787+0000] {dag.py:3239} INFO - Sync 1 DAGs
[2025-04-13T17:24:46.546+0000] {logging_mixin.py:190} INFO - [2025-04-13T17:24:46.546+0000] {dag.py:4180} INFO - Setting next_dagrun for example_sensor_decorator to None, run_after=None
[2025-04-13T17:24:49.200+0000] {processor.py:208} INFO - Processing /home/airflow/.local/lib/python3.12/site-packages/airflow/example_dags/example_sensor_decorator.py took 7.334 seconds
[2025-04-13T18:11:21.101+0000] {processor.py:186} INFO - Started process (PID=278) to work on /home/airflow/.local/lib/python3.12/site-packages/airflow/example_dags/example_sensor_decorator.py
[2025-04-13T18:11:21.460+0000] {processor.py:914} INFO - Processing file /home/airflow/.local/lib/python3.12/site-packages/airflow/example_dags/example_sensor_decorator.py for tasks to queue
[2025-04-13T18:11:22.036+0000] {logging_mixin.py:190} INFO - [2025-04-13T18:11:21.962+0000] {dagbag.py:588} INFO - Filling up the DagBag from /home/airflow/.local/lib/python3.12/site-packages/airflow/example_dags/example_sensor_decorator.py
[2025-04-13T18:11:22.624+0000] {processor.py:925} INFO - DAG(s) 'example_sensor_decorator' retrieved from /home/airflow/.local/lib/python3.12/site-packages/airflow/example_dags/example_sensor_decorator.py
[2025-04-13T18:11:24.416+0000] {logging_mixin.py:190} INFO - [2025-04-13T18:11:24.415+0000] {dag.py:3239} INFO - Sync 1 DAGs
[2025-04-13T18:11:26.693+0000] {logging_mixin.py:190} INFO - [2025-04-13T18:11:26.692+0000] {dag.py:4180} INFO - Setting next_dagrun for example_sensor_decorator to None, run_after=None
[2025-04-13T18:11:28.162+0000] {processor.py:208} INFO - Processing /home/airflow/.local/lib/python3.12/site-packages/airflow/example_dags/example_sensor_decorator.py took 7.599 seconds
[2025-04-13T18:19:56.281+0000] {processor.py:186} INFO - Started process (PID=417) to work on /home/airflow/.local/lib/python3.12/site-packages/airflow/example_dags/example_sensor_decorator.py
[2025-04-13T18:19:56.383+0000] {processor.py:914} INFO - Processing file /home/airflow/.local/lib/python3.12/site-packages/airflow/example_dags/example_sensor_decorator.py for tasks to queue
[2025-04-13T18:19:56.591+0000] {logging_mixin.py:190} INFO - [2025-04-13T18:19:56.435+0000] {dagbag.py:588} INFO - Filling up the DagBag from /home/airflow/.local/lib/python3.12/site-packages/airflow/example_dags/example_sensor_decorator.py
[2025-04-13T18:19:58.988+0000] {processor.py:925} INFO - DAG(s) 'example_sensor_decorator' retrieved from /home/airflow/.local/lib/python3.12/site-packages/airflow/example_dags/example_sensor_decorator.py
[2025-04-13T18:20:01.206+0000] {logging_mixin.py:190} INFO - [2025-04-13T18:20:01.206+0000] {dag.py:3239} INFO - Sync 1 DAGs
[2025-04-13T18:20:04.019+0000] {logging_mixin.py:190} INFO - [2025-04-13T18:20:04.018+0000] {dag.py:4180} INFO - Setting next_dagrun for example_sensor_decorator to None, run_after=None
[2025-04-13T18:20:04.742+0000] {processor.py:208} INFO - Processing /home/airflow/.local/lib/python3.12/site-packages/airflow/example_dags/example_sensor_decorator.py took 9.862 seconds
[2025-04-13T20:51:55.753+0000] {processor.py:186} INFO - Started process (PID=107) to work on /home/airflow/.local/lib/python3.12/site-packages/airflow/example_dags/example_sensor_decorator.py
[2025-04-13T20:51:55.758+0000] {processor.py:914} INFO - Processing file /home/airflow/.local/lib/python3.12/site-packages/airflow/example_dags/example_sensor_decorator.py for tasks to queue
[2025-04-13T20:51:55.768+0000] {logging_mixin.py:190} INFO - [2025-04-13T20:51:55.767+0000] {dagbag.py:588} INFO - Filling up the DagBag from /home/airflow/.local/lib/python3.12/site-packages/airflow/example_dags/example_sensor_decorator.py
[2025-04-13T20:51:55.805+0000] {processor.py:925} INFO - DAG(s) 'example_sensor_decorator' retrieved from /home/airflow/.local/lib/python3.12/site-packages/airflow/example_dags/example_sensor_decorator.py
[2025-04-13T20:51:56.619+0000] {logging_mixin.py:190} INFO - [2025-04-13T20:51:56.036+0000] {dag.py:3239} INFO - Sync 1 DAGs
[2025-04-13T20:51:57.023+0000] {logging_mixin.py:190} INFO - [2025-04-13T20:51:57.022+0000] {dag.py:4180} INFO - Setting next_dagrun for example_sensor_decorator to None, run_after=None
[2025-04-13T20:51:57.406+0000] {processor.py:208} INFO - Processing /home/airflow/.local/lib/python3.12/site-packages/airflow/example_dags/example_sensor_decorator.py took 1.696 seconds
[2025-04-13T20:52:28.458+0000] {processor.py:186} INFO - Started process (PID=171) to work on /home/airflow/.local/lib/python3.12/site-packages/airflow/example_dags/example_sensor_decorator.py
[2025-04-13T20:52:28.477+0000] {processor.py:914} INFO - Processing file /home/airflow/.local/lib/python3.12/site-packages/airflow/example_dags/example_sensor_decorator.py for tasks to queue
[2025-04-13T20:52:28.493+0000] {logging_mixin.py:190} INFO - [2025-04-13T20:52:28.493+0000] {dagbag.py:588} INFO - Filling up the DagBag from /home/airflow/.local/lib/python3.12/site-packages/airflow/example_dags/example_sensor_decorator.py
[2025-04-13T20:52:28.541+0000] {processor.py:925} INFO - DAG(s) 'example_sensor_decorator' retrieved from /home/airflow/.local/lib/python3.12/site-packages/airflow/example_dags/example_sensor_decorator.py
[2025-04-13T20:52:28.792+0000] {logging_mixin.py:190} INFO - [2025-04-13T20:52:28.791+0000] {dag.py:3239} INFO - Sync 1 DAGs
[2025-04-13T20:52:28.877+0000] {logging_mixin.py:190} INFO - [2025-04-13T20:52:28.877+0000] {dag.py:4180} INFO - Setting next_dagrun for example_sensor_decorator to None, run_after=None
[2025-04-13T20:52:28.953+0000] {processor.py:208} INFO - Processing /home/airflow/.local/lib/python3.12/site-packages/airflow/example_dags/example_sensor_decorator.py took 0.530 seconds
[2025-04-13T20:53:07.343+0000] {processor.py:186} INFO - Started process (PID=234) to work on /home/airflow/.local/lib/python3.12/site-packages/airflow/example_dags/example_sensor_decorator.py
[2025-04-13T20:53:07.345+0000] {processor.py:914} INFO - Processing file /home/airflow/.local/lib/python3.12/site-packages/airflow/example_dags/example_sensor_decorator.py for tasks to queue
[2025-04-13T20:53:07.350+0000] {logging_mixin.py:190} INFO - [2025-04-13T20:53:07.350+0000] {dagbag.py:588} INFO - Filling up the DagBag from /home/airflow/.local/lib/python3.12/site-packages/airflow/example_dags/example_sensor_decorator.py
[2025-04-13T20:53:07.368+0000] {processor.py:925} INFO - DAG(s) 'example_sensor_decorator' retrieved from /home/airflow/.local/lib/python3.12/site-packages/airflow/example_dags/example_sensor_decorator.py
[2025-04-13T20:53:07.420+0000] {logging_mixin.py:190} INFO - [2025-04-13T20:53:07.416+0000] {dag.py:3239} INFO - Sync 1 DAGs
[2025-04-13T20:53:07.470+0000] {logging_mixin.py:190} INFO - [2025-04-13T20:53:07.470+0000] {dag.py:4180} INFO - Setting next_dagrun for example_sensor_decorator to None, run_after=None
[2025-04-13T20:53:07.524+0000] {processor.py:208} INFO - Processing /home/airflow/.local/lib/python3.12/site-packages/airflow/example_dags/example_sensor_decorator.py took 0.191 seconds
[2025-04-13T20:53:39.689+0000] {processor.py:186} INFO - Started process (PID=298) to work on /home/airflow/.local/lib/python3.12/site-packages/airflow/example_dags/example_sensor_decorator.py
[2025-04-13T20:53:39.702+0000] {processor.py:914} INFO - Processing file /home/airflow/.local/lib/python3.12/site-packages/airflow/example_dags/example_sensor_decorator.py for tasks to queue
[2025-04-13T20:53:39.710+0000] {logging_mixin.py:190} INFO - [2025-04-13T20:53:39.710+0000] {dagbag.py:588} INFO - Filling up the DagBag from /home/airflow/.local/lib/python3.12/site-packages/airflow/example_dags/example_sensor_decorator.py
[2025-04-13T20:53:39.725+0000] {processor.py:925} INFO - DAG(s) 'example_sensor_decorator' retrieved from /home/airflow/.local/lib/python3.12/site-packages/airflow/example_dags/example_sensor_decorator.py
[2025-04-13T20:53:39.782+0000] {logging_mixin.py:190} INFO - [2025-04-13T20:53:39.782+0000] {dag.py:3239} INFO - Sync 1 DAGs
[2025-04-13T20:53:39.812+0000] {logging_mixin.py:190} INFO - [2025-04-13T20:53:39.812+0000] {dag.py:4180} INFO - Setting next_dagrun for example_sensor_decorator to None, run_after=None
[2025-04-13T20:53:39.867+0000] {processor.py:208} INFO - Processing /home/airflow/.local/lib/python3.12/site-packages/airflow/example_dags/example_sensor_decorator.py took 0.186 seconds
[2025-04-13T20:54:12.813+0000] {processor.py:186} INFO - Started process (PID=363) to work on /home/airflow/.local/lib/python3.12/site-packages/airflow/example_dags/example_sensor_decorator.py
[2025-04-13T20:54:12.819+0000] {processor.py:914} INFO - Processing file /home/airflow/.local/lib/python3.12/site-packages/airflow/example_dags/example_sensor_decorator.py for tasks to queue
[2025-04-13T20:54:12.837+0000] {logging_mixin.py:190} INFO - [2025-04-13T20:54:12.837+0000] {dagbag.py:588} INFO - Filling up the DagBag from /home/airflow/.local/lib/python3.12/site-packages/airflow/example_dags/example_sensor_decorator.py
[2025-04-13T20:54:12.884+0000] {processor.py:925} INFO - DAG(s) 'example_sensor_decorator' retrieved from /home/airflow/.local/lib/python3.12/site-packages/airflow/example_dags/example_sensor_decorator.py
[2025-04-13T20:54:13.019+0000] {logging_mixin.py:190} INFO - [2025-04-13T20:54:13.019+0000] {dag.py:3239} INFO - Sync 1 DAGs
[2025-04-13T20:54:13.185+0000] {logging_mixin.py:190} INFO - [2025-04-13T20:54:13.184+0000] {dag.py:4180} INFO - Setting next_dagrun for example_sensor_decorator to None, run_after=None
[2025-04-13T20:54:13.272+0000] {processor.py:208} INFO - Processing /home/airflow/.local/lib/python3.12/site-packages/airflow/example_dags/example_sensor_decorator.py took 0.503 seconds
[2025-04-13T20:54:44.115+0000] {processor.py:186} INFO - Started process (PID=427) to work on /home/airflow/.local/lib/python3.12/site-packages/airflow/example_dags/example_sensor_decorator.py
[2025-04-13T20:54:44.119+0000] {processor.py:914} INFO - Processing file /home/airflow/.local/lib/python3.12/site-packages/airflow/example_dags/example_sensor_decorator.py for tasks to queue
[2025-04-13T20:54:44.135+0000] {logging_mixin.py:190} INFO - [2025-04-13T20:54:44.134+0000] {dagbag.py:588} INFO - Filling up the DagBag from /home/airflow/.local/lib/python3.12/site-packages/airflow/example_dags/example_sensor_decorator.py
[2025-04-13T20:54:44.163+0000] {processor.py:925} INFO - DAG(s) 'example_sensor_decorator' retrieved from /home/airflow/.local/lib/python3.12/site-packages/airflow/example_dags/example_sensor_decorator.py
[2025-04-13T20:54:44.273+0000] {logging_mixin.py:190} INFO - [2025-04-13T20:54:44.272+0000] {dag.py:3239} INFO - Sync 1 DAGs
[2025-04-13T20:54:44.317+0000] {logging_mixin.py:190} INFO - [2025-04-13T20:54:44.317+0000] {dag.py:4180} INFO - Setting next_dagrun for example_sensor_decorator to None, run_after=None
[2025-04-13T20:54:44.373+0000] {processor.py:208} INFO - Processing /home/airflow/.local/lib/python3.12/site-packages/airflow/example_dags/example_sensor_decorator.py took 0.273 seconds
[2025-04-13T20:55:17.366+0000] {processor.py:186} INFO - Started process (PID=490) to work on /home/airflow/.local/lib/python3.12/site-packages/airflow/example_dags/example_sensor_decorator.py
[2025-04-13T20:55:17.369+0000] {processor.py:914} INFO - Processing file /home/airflow/.local/lib/python3.12/site-packages/airflow/example_dags/example_sensor_decorator.py for tasks to queue
[2025-04-13T20:55:17.376+0000] {logging_mixin.py:190} INFO - [2025-04-13T20:55:17.376+0000] {dagbag.py:588} INFO - Filling up the DagBag from /home/airflow/.local/lib/python3.12/site-packages/airflow/example_dags/example_sensor_decorator.py
[2025-04-13T20:55:17.394+0000] {processor.py:925} INFO - DAG(s) 'example_sensor_decorator' retrieved from /home/airflow/.local/lib/python3.12/site-packages/airflow/example_dags/example_sensor_decorator.py
[2025-04-13T20:55:17.443+0000] {logging_mixin.py:190} INFO - [2025-04-13T20:55:17.442+0000] {dag.py:3239} INFO - Sync 1 DAGs
[2025-04-13T20:55:17.517+0000] {logging_mixin.py:190} INFO - [2025-04-13T20:55:17.517+0000] {dag.py:4180} INFO - Setting next_dagrun for example_sensor_decorator to None, run_after=None
[2025-04-13T20:55:17.660+0000] {processor.py:208} INFO - Processing /home/airflow/.local/lib/python3.12/site-packages/airflow/example_dags/example_sensor_decorator.py took 0.327 seconds
[2025-04-13T20:55:50.106+0000] {processor.py:186} INFO - Started process (PID=559) to work on /home/airflow/.local/lib/python3.12/site-packages/airflow/example_dags/example_sensor_decorator.py
[2025-04-13T20:55:50.109+0000] {processor.py:914} INFO - Processing file /home/airflow/.local/lib/python3.12/site-packages/airflow/example_dags/example_sensor_decorator.py for tasks to queue
[2025-04-13T20:55:50.131+0000] {logging_mixin.py:190} INFO - [2025-04-13T20:55:50.118+0000] {dagbag.py:588} INFO - Filling up the DagBag from /home/airflow/.local/lib/python3.12/site-packages/airflow/example_dags/example_sensor_decorator.py
[2025-04-13T20:55:50.152+0000] {processor.py:925} INFO - DAG(s) 'example_sensor_decorator' retrieved from /home/airflow/.local/lib/python3.12/site-packages/airflow/example_dags/example_sensor_decorator.py
[2025-04-13T20:55:50.202+0000] {logging_mixin.py:190} INFO - [2025-04-13T20:55:50.202+0000] {dag.py:3239} INFO - Sync 1 DAGs
[2025-04-13T20:55:50.247+0000] {logging_mixin.py:190} INFO - [2025-04-13T20:55:50.247+0000] {dag.py:4180} INFO - Setting next_dagrun for example_sensor_decorator to None, run_after=None
[2025-04-13T20:55:50.442+0000] {processor.py:208} INFO - Processing /home/airflow/.local/lib/python3.12/site-packages/airflow/example_dags/example_sensor_decorator.py took 0.354 seconds
[2025-04-13T20:56:22.785+0000] {processor.py:186} INFO - Started process (PID=623) to work on /home/airflow/.local/lib/python3.12/site-packages/airflow/example_dags/example_sensor_decorator.py
[2025-04-13T20:56:22.786+0000] {processor.py:914} INFO - Processing file /home/airflow/.local/lib/python3.12/site-packages/airflow/example_dags/example_sensor_decorator.py for tasks to queue
[2025-04-13T20:56:22.793+0000] {logging_mixin.py:190} INFO - [2025-04-13T20:56:22.792+0000] {dagbag.py:588} INFO - Filling up the DagBag from /home/airflow/.local/lib/python3.12/site-packages/airflow/example_dags/example_sensor_decorator.py
[2025-04-13T20:56:22.820+0000] {processor.py:925} INFO - DAG(s) 'example_sensor_decorator' retrieved from /home/airflow/.local/lib/python3.12/site-packages/airflow/example_dags/example_sensor_decorator.py
[2025-04-13T20:56:22.860+0000] {logging_mixin.py:190} INFO - [2025-04-13T20:56:22.860+0000] {dag.py:3239} INFO - Sync 1 DAGs
[2025-04-13T20:56:22.889+0000] {logging_mixin.py:190} INFO - [2025-04-13T20:56:22.889+0000] {dag.py:4180} INFO - Setting next_dagrun for example_sensor_decorator to None, run_after=None
[2025-04-13T20:56:23.022+0000] {processor.py:208} INFO - Processing /home/airflow/.local/lib/python3.12/site-packages/airflow/example_dags/example_sensor_decorator.py took 0.254 seconds
[2025-04-13T20:56:53.183+0000] {processor.py:186} INFO - Started process (PID=686) to work on /home/airflow/.local/lib/python3.12/site-packages/airflow/example_dags/example_sensor_decorator.py
[2025-04-13T20:56:53.186+0000] {processor.py:914} INFO - Processing file /home/airflow/.local/lib/python3.12/site-packages/airflow/example_dags/example_sensor_decorator.py for tasks to queue
[2025-04-13T20:56:53.192+0000] {logging_mixin.py:190} INFO - [2025-04-13T20:56:53.191+0000] {dagbag.py:588} INFO - Filling up the DagBag from /home/airflow/.local/lib/python3.12/site-packages/airflow/example_dags/example_sensor_decorator.py
[2025-04-13T20:56:53.221+0000] {processor.py:925} INFO - DAG(s) 'example_sensor_decorator' retrieved from /home/airflow/.local/lib/python3.12/site-packages/airflow/example_dags/example_sensor_decorator.py
[2025-04-13T20:56:53.294+0000] {logging_mixin.py:190} INFO - [2025-04-13T20:56:53.293+0000] {dag.py:3239} INFO - Sync 1 DAGs
[2025-04-13T20:56:53.363+0000] {logging_mixin.py:190} INFO - [2025-04-13T20:56:53.362+0000] {dag.py:4180} INFO - Setting next_dagrun for example_sensor_decorator to None, run_after=None
[2025-04-13T20:56:53.477+0000] {processor.py:208} INFO - Processing /home/airflow/.local/lib/python3.12/site-packages/airflow/example_dags/example_sensor_decorator.py took 0.303 seconds
[2025-04-13T20:57:24.761+0000] {processor.py:186} INFO - Started process (PID=750) to work on /home/airflow/.local/lib/python3.12/site-packages/airflow/example_dags/example_sensor_decorator.py
[2025-04-13T20:57:24.772+0000] {processor.py:914} INFO - Processing file /home/airflow/.local/lib/python3.12/site-packages/airflow/example_dags/example_sensor_decorator.py for tasks to queue
[2025-04-13T20:57:24.778+0000] {logging_mixin.py:190} INFO - [2025-04-13T20:57:24.777+0000] {dagbag.py:588} INFO - Filling up the DagBag from /home/airflow/.local/lib/python3.12/site-packages/airflow/example_dags/example_sensor_decorator.py
[2025-04-13T20:57:24.792+0000] {processor.py:925} INFO - DAG(s) 'example_sensor_decorator' retrieved from /home/airflow/.local/lib/python3.12/site-packages/airflow/example_dags/example_sensor_decorator.py
[2025-04-13T20:57:24.839+0000] {logging_mixin.py:190} INFO - [2025-04-13T20:57:24.839+0000] {dag.py:3239} INFO - Sync 1 DAGs
[2025-04-13T20:57:24.895+0000] {logging_mixin.py:190} INFO - [2025-04-13T20:57:24.894+0000] {dag.py:4180} INFO - Setting next_dagrun for example_sensor_decorator to None, run_after=None
[2025-04-13T20:57:24.942+0000] {processor.py:208} INFO - Processing /home/airflow/.local/lib/python3.12/site-packages/airflow/example_dags/example_sensor_decorator.py took 0.190 seconds
[2025-04-13T20:57:57.178+0000] {processor.py:186} INFO - Started process (PID=815) to work on /home/airflow/.local/lib/python3.12/site-packages/airflow/example_dags/example_sensor_decorator.py
[2025-04-13T20:57:57.189+0000] {processor.py:914} INFO - Processing file /home/airflow/.local/lib/python3.12/site-packages/airflow/example_dags/example_sensor_decorator.py for tasks to queue
[2025-04-13T20:57:57.200+0000] {logging_mixin.py:190} INFO - [2025-04-13T20:57:57.199+0000] {dagbag.py:588} INFO - Filling up the DagBag from /home/airflow/.local/lib/python3.12/site-packages/airflow/example_dags/example_sensor_decorator.py
[2025-04-13T20:57:57.242+0000] {processor.py:925} INFO - DAG(s) 'example_sensor_decorator' retrieved from /home/airflow/.local/lib/python3.12/site-packages/airflow/example_dags/example_sensor_decorator.py
[2025-04-13T20:57:57.398+0000] {logging_mixin.py:190} INFO - [2025-04-13T20:57:57.397+0000] {dag.py:3239} INFO - Sync 1 DAGs
[2025-04-13T20:57:57.472+0000] {logging_mixin.py:190} INFO - [2025-04-13T20:57:57.472+0000] {dag.py:4180} INFO - Setting next_dagrun for example_sensor_decorator to None, run_after=None
[2025-04-13T20:57:57.737+0000] {processor.py:208} INFO - Processing /home/airflow/.local/lib/python3.12/site-packages/airflow/example_dags/example_sensor_decorator.py took 0.585 seconds
[2025-04-13T20:58:28.688+0000] {processor.py:186} INFO - Started process (PID=878) to work on /home/airflow/.local/lib/python3.12/site-packages/airflow/example_dags/example_sensor_decorator.py
[2025-04-13T20:58:28.691+0000] {processor.py:914} INFO - Processing file /home/airflow/.local/lib/python3.12/site-packages/airflow/example_dags/example_sensor_decorator.py for tasks to queue
[2025-04-13T20:58:28.696+0000] {logging_mixin.py:190} INFO - [2025-04-13T20:58:28.695+0000] {dagbag.py:588} INFO - Filling up the DagBag from /home/airflow/.local/lib/python3.12/site-packages/airflow/example_dags/example_sensor_decorator.py
[2025-04-13T20:58:28.715+0000] {processor.py:925} INFO - DAG(s) 'example_sensor_decorator' retrieved from /home/airflow/.local/lib/python3.12/site-packages/airflow/example_dags/example_sensor_decorator.py
[2025-04-13T20:58:28.788+0000] {logging_mixin.py:190} INFO - [2025-04-13T20:58:28.787+0000] {dag.py:3239} INFO - Sync 1 DAGs
[2025-04-13T20:58:28.824+0000] {logging_mixin.py:190} INFO - [2025-04-13T20:58:28.824+0000] {dag.py:4180} INFO - Setting next_dagrun for example_sensor_decorator to None, run_after=None
[2025-04-13T20:58:28.886+0000] {processor.py:208} INFO - Processing /home/airflow/.local/lib/python3.12/site-packages/airflow/example_dags/example_sensor_decorator.py took 0.216 seconds
[2025-04-13T20:58:59.709+0000] {processor.py:186} INFO - Started process (PID=941) to work on /home/airflow/.local/lib/python3.12/site-packages/airflow/example_dags/example_sensor_decorator.py
[2025-04-13T20:58:59.710+0000] {processor.py:914} INFO - Processing file /home/airflow/.local/lib/python3.12/site-packages/airflow/example_dags/example_sensor_decorator.py for tasks to queue
[2025-04-13T20:58:59.715+0000] {logging_mixin.py:190} INFO - [2025-04-13T20:58:59.715+0000] {dagbag.py:588} INFO - Filling up the DagBag from /home/airflow/.local/lib/python3.12/site-packages/airflow/example_dags/example_sensor_decorator.py
[2025-04-13T20:58:59.731+0000] {processor.py:925} INFO - DAG(s) 'example_sensor_decorator' retrieved from /home/airflow/.local/lib/python3.12/site-packages/airflow/example_dags/example_sensor_decorator.py
[2025-04-13T20:58:59.785+0000] {logging_mixin.py:190} INFO - [2025-04-13T20:58:59.785+0000] {dag.py:3239} INFO - Sync 1 DAGs
[2025-04-13T20:58:59.812+0000] {logging_mixin.py:190} INFO - [2025-04-13T20:58:59.812+0000] {dag.py:4180} INFO - Setting next_dagrun for example_sensor_decorator to None, run_after=None
[2025-04-13T20:58:59.852+0000] {processor.py:208} INFO - Processing /home/airflow/.local/lib/python3.12/site-packages/airflow/example_dags/example_sensor_decorator.py took 0.157 seconds
[2025-04-13T20:59:30.380+0000] {processor.py:186} INFO - Started process (PID=1005) to work on /home/airflow/.local/lib/python3.12/site-packages/airflow/example_dags/example_sensor_decorator.py
[2025-04-13T20:59:30.384+0000] {processor.py:914} INFO - Processing file /home/airflow/.local/lib/python3.12/site-packages/airflow/example_dags/example_sensor_decorator.py for tasks to queue
[2025-04-13T20:59:30.393+0000] {logging_mixin.py:190} INFO - [2025-04-13T20:59:30.392+0000] {dagbag.py:588} INFO - Filling up the DagBag from /home/airflow/.local/lib/python3.12/site-packages/airflow/example_dags/example_sensor_decorator.py
[2025-04-13T20:59:30.420+0000] {processor.py:925} INFO - DAG(s) 'example_sensor_decorator' retrieved from /home/airflow/.local/lib/python3.12/site-packages/airflow/example_dags/example_sensor_decorator.py
[2025-04-13T20:59:30.507+0000] {logging_mixin.py:190} INFO - [2025-04-13T20:59:30.507+0000] {dag.py:3239} INFO - Sync 1 DAGs
[2025-04-13T20:59:30.545+0000] {logging_mixin.py:190} INFO - [2025-04-13T20:59:30.544+0000] {dag.py:4180} INFO - Setting next_dagrun for example_sensor_decorator to None, run_after=None
[2025-04-13T20:59:30.599+0000] {processor.py:208} INFO - Processing /home/airflow/.local/lib/python3.12/site-packages/airflow/example_dags/example_sensor_decorator.py took 0.252 seconds
[2025-04-13T21:00:03.689+0000] {processor.py:186} INFO - Started process (PID=1069) to work on /home/airflow/.local/lib/python3.12/site-packages/airflow/example_dags/example_sensor_decorator.py
[2025-04-13T21:00:03.723+0000] {processor.py:914} INFO - Processing file /home/airflow/.local/lib/python3.12/site-packages/airflow/example_dags/example_sensor_decorator.py for tasks to queue
[2025-04-13T21:00:03.764+0000] {logging_mixin.py:190} INFO - [2025-04-13T21:00:03.763+0000] {dagbag.py:588} INFO - Filling up the DagBag from /home/airflow/.local/lib/python3.12/site-packages/airflow/example_dags/example_sensor_decorator.py
[2025-04-13T21:00:03.822+0000] {processor.py:925} INFO - DAG(s) 'example_sensor_decorator' retrieved from /home/airflow/.local/lib/python3.12/site-packages/airflow/example_dags/example_sensor_decorator.py
[2025-04-13T21:00:04.113+0000] {logging_mixin.py:190} INFO - [2025-04-13T21:00:04.112+0000] {dag.py:3239} INFO - Sync 1 DAGs
[2025-04-13T21:00:04.250+0000] {logging_mixin.py:190} INFO - [2025-04-13T21:00:04.250+0000] {dag.py:4180} INFO - Setting next_dagrun for example_sensor_decorator to None, run_after=None
[2025-04-13T21:00:04.675+0000] {processor.py:208} INFO - Processing /home/airflow/.local/lib/python3.12/site-packages/airflow/example_dags/example_sensor_decorator.py took 1.043 seconds
[2025-04-13T21:00:35.087+0000] {processor.py:186} INFO - Started process (PID=1133) to work on /home/airflow/.local/lib/python3.12/site-packages/airflow/example_dags/example_sensor_decorator.py
[2025-04-13T21:00:35.089+0000] {processor.py:914} INFO - Processing file /home/airflow/.local/lib/python3.12/site-packages/airflow/example_dags/example_sensor_decorator.py for tasks to queue
[2025-04-13T21:00:35.093+0000] {logging_mixin.py:190} INFO - [2025-04-13T21:00:35.092+0000] {dagbag.py:588} INFO - Filling up the DagBag from /home/airflow/.local/lib/python3.12/site-packages/airflow/example_dags/example_sensor_decorator.py
[2025-04-13T21:00:35.119+0000] {processor.py:925} INFO - DAG(s) 'example_sensor_decorator' retrieved from /home/airflow/.local/lib/python3.12/site-packages/airflow/example_dags/example_sensor_decorator.py
[2025-04-13T21:00:35.170+0000] {logging_mixin.py:190} INFO - [2025-04-13T21:00:35.169+0000] {dag.py:3239} INFO - Sync 1 DAGs
[2025-04-13T21:00:35.201+0000] {logging_mixin.py:190} INFO - [2025-04-13T21:00:35.201+0000] {dag.py:4180} INFO - Setting next_dagrun for example_sensor_decorator to None, run_after=None
[2025-04-13T21:00:35.248+0000] {processor.py:208} INFO - Processing /home/airflow/.local/lib/python3.12/site-packages/airflow/example_dags/example_sensor_decorator.py took 0.173 seconds
[2025-04-13T21:01:05.491+0000] {processor.py:186} INFO - Started process (PID=1195) to work on /home/airflow/.local/lib/python3.12/site-packages/airflow/example_dags/example_sensor_decorator.py
[2025-04-13T21:01:05.496+0000] {processor.py:914} INFO - Processing file /home/airflow/.local/lib/python3.12/site-packages/airflow/example_dags/example_sensor_decorator.py for tasks to queue
[2025-04-13T21:01:05.503+0000] {logging_mixin.py:190} INFO - [2025-04-13T21:01:05.503+0000] {dagbag.py:588} INFO - Filling up the DagBag from /home/airflow/.local/lib/python3.12/site-packages/airflow/example_dags/example_sensor_decorator.py
[2025-04-13T21:01:05.591+0000] {processor.py:925} INFO - DAG(s) 'example_sensor_decorator' retrieved from /home/airflow/.local/lib/python3.12/site-packages/airflow/example_dags/example_sensor_decorator.py
[2025-04-13T21:01:05.703+0000] {logging_mixin.py:190} INFO - [2025-04-13T21:01:05.703+0000] {dag.py:3239} INFO - Sync 1 DAGs
[2025-04-13T21:01:05.745+0000] {logging_mixin.py:190} INFO - [2025-04-13T21:01:05.744+0000] {dag.py:4180} INFO - Setting next_dagrun for example_sensor_decorator to None, run_after=None
[2025-04-13T21:01:05.796+0000] {processor.py:208} INFO - Processing /home/airflow/.local/lib/python3.12/site-packages/airflow/example_dags/example_sensor_decorator.py took 0.367 seconds
[2025-04-13T21:27:49.766+0000] {processor.py:186} INFO - Started process (PID=192) to work on /home/airflow/.local/lib/python3.12/site-packages/airflow/example_dags/example_sensor_decorator.py
[2025-04-13T21:27:49.975+0000] {processor.py:914} INFO - Processing file /home/airflow/.local/lib/python3.12/site-packages/airflow/example_dags/example_sensor_decorator.py for tasks to queue
[2025-04-13T21:27:50.053+0000] {logging_mixin.py:190} INFO - [2025-04-13T21:27:50.052+0000] {dagbag.py:588} INFO - Filling up the DagBag from /home/airflow/.local/lib/python3.12/site-packages/airflow/example_dags/example_sensor_decorator.py
[2025-04-13T21:27:50.179+0000] {processor.py:925} INFO - DAG(s) 'example_sensor_decorator' retrieved from /home/airflow/.local/lib/python3.12/site-packages/airflow/example_dags/example_sensor_decorator.py
[2025-04-13T21:27:51.172+0000] {logging_mixin.py:190} INFO - [2025-04-13T21:27:51.172+0000] {dag.py:3239} INFO - Sync 1 DAGs
[2025-04-13T21:27:51.483+0000] {logging_mixin.py:190} INFO - [2025-04-13T21:27:51.483+0000] {dag.py:4180} INFO - Setting next_dagrun for example_sensor_decorator to None, run_after=None
[2025-04-13T21:27:51.905+0000] {processor.py:208} INFO - Processing /home/airflow/.local/lib/python3.12/site-packages/airflow/example_dags/example_sensor_decorator.py took 2.217 seconds
[2025-04-13T21:32:32.174+0000] {processor.py:186} INFO - Started process (PID=301) to work on /home/airflow/.local/lib/python3.12/site-packages/airflow/example_dags/example_sensor_decorator.py
[2025-04-13T21:32:32.371+0000] {processor.py:914} INFO - Processing file /home/airflow/.local/lib/python3.12/site-packages/airflow/example_dags/example_sensor_decorator.py for tasks to queue
[2025-04-13T21:32:32.426+0000] {logging_mixin.py:190} INFO - [2025-04-13T21:32:32.425+0000] {dagbag.py:588} INFO - Filling up the DagBag from /home/airflow/.local/lib/python3.12/site-packages/airflow/example_dags/example_sensor_decorator.py
[2025-04-13T21:32:32.690+0000] {processor.py:925} INFO - DAG(s) 'example_sensor_decorator' retrieved from /home/airflow/.local/lib/python3.12/site-packages/airflow/example_dags/example_sensor_decorator.py
[2025-04-13T21:32:33.066+0000] {logging_mixin.py:190} INFO - [2025-04-13T21:32:33.065+0000] {dag.py:3239} INFO - Sync 1 DAGs
[2025-04-13T21:32:33.450+0000] {logging_mixin.py:190} INFO - [2025-04-13T21:32:33.450+0000] {dag.py:4180} INFO - Setting next_dagrun for example_sensor_decorator to None, run_after=None
[2025-04-13T21:32:34.677+0000] {processor.py:208} INFO - Processing /home/airflow/.local/lib/python3.12/site-packages/airflow/example_dags/example_sensor_decorator.py took 2.734 seconds
[2025-04-13T21:36:18.333+0000] {processor.py:186} INFO - Started process (PID=390) to work on /home/airflow/.local/lib/python3.12/site-packages/airflow/example_dags/example_sensor_decorator.py
[2025-04-13T21:36:18.411+0000] {processor.py:914} INFO - Processing file /home/airflow/.local/lib/python3.12/site-packages/airflow/example_dags/example_sensor_decorator.py for tasks to queue
[2025-04-13T21:36:18.494+0000] {logging_mixin.py:190} INFO - [2025-04-13T21:36:18.494+0000] {dagbag.py:588} INFO - Filling up the DagBag from /home/airflow/.local/lib/python3.12/site-packages/airflow/example_dags/example_sensor_decorator.py
[2025-04-13T21:36:18.710+0000] {processor.py:925} INFO - DAG(s) 'example_sensor_decorator' retrieved from /home/airflow/.local/lib/python3.12/site-packages/airflow/example_dags/example_sensor_decorator.py
[2025-04-13T21:36:19.208+0000] {logging_mixin.py:190} INFO - [2025-04-13T21:36:19.208+0000] {dag.py:3239} INFO - Sync 1 DAGs
[2025-04-13T21:36:19.936+0000] {logging_mixin.py:190} INFO - [2025-04-13T21:36:19.936+0000] {dag.py:4180} INFO - Setting next_dagrun for example_sensor_decorator to None, run_after=None
[2025-04-13T21:36:20.750+0000] {processor.py:208} INFO - Processing /home/airflow/.local/lib/python3.12/site-packages/airflow/example_dags/example_sensor_decorator.py took 3.193 seconds
[2025-04-13T21:52:36.583+0000] {processor.py:186} INFO - Started process (PID=171) to work on /home/airflow/.local/lib/python3.12/site-packages/airflow/example_dags/example_sensor_decorator.py
[2025-04-13T21:52:36.684+0000] {processor.py:914} INFO - Processing file /home/airflow/.local/lib/python3.12/site-packages/airflow/example_dags/example_sensor_decorator.py for tasks to queue
[2025-04-13T21:52:36.907+0000] {logging_mixin.py:190} INFO - [2025-04-13T21:52:36.907+0000] {dagbag.py:588} INFO - Filling up the DagBag from /home/airflow/.local/lib/python3.12/site-packages/airflow/example_dags/example_sensor_decorator.py
[2025-04-13T21:52:38.020+0000] {processor.py:925} INFO - DAG(s) 'example_sensor_decorator' retrieved from /home/airflow/.local/lib/python3.12/site-packages/airflow/example_dags/example_sensor_decorator.py
[2025-04-13T21:52:39.942+0000] {logging_mixin.py:190} INFO - [2025-04-13T21:52:39.931+0000] {dag.py:3239} INFO - Sync 1 DAGs
[2025-04-13T21:52:40.715+0000] {logging_mixin.py:190} INFO - [2025-04-13T21:52:40.714+0000] {dag.py:4180} INFO - Setting next_dagrun for example_sensor_decorator to None, run_after=None
[2025-04-13T21:52:42.800+0000] {processor.py:208} INFO - Processing /home/airflow/.local/lib/python3.12/site-packages/airflow/example_dags/example_sensor_decorator.py took 6.689 seconds
[2025-04-13T22:31:51.351+0000] {processor.py:186} INFO - Started process (PID=117) to work on /home/airflow/.local/lib/python3.12/site-packages/airflow/example_dags/example_sensor_decorator.py
[2025-04-13T22:31:51.358+0000] {processor.py:914} INFO - Processing file /home/airflow/.local/lib/python3.12/site-packages/airflow/example_dags/example_sensor_decorator.py for tasks to queue
[2025-04-13T22:31:51.385+0000] {logging_mixin.py:190} INFO - [2025-04-13T22:31:51.384+0000] {dagbag.py:588} INFO - Filling up the DagBag from /home/airflow/.local/lib/python3.12/site-packages/airflow/example_dags/example_sensor_decorator.py
[2025-04-13T22:31:51.554+0000] {processor.py:925} INFO - DAG(s) 'example_sensor_decorator' retrieved from /home/airflow/.local/lib/python3.12/site-packages/airflow/example_dags/example_sensor_decorator.py
[2025-04-13T22:31:51.789+0000] {logging_mixin.py:190} INFO - [2025-04-13T22:31:51.788+0000] {dag.py:3239} INFO - Sync 1 DAGs
[2025-04-13T22:31:51.887+0000] {logging_mixin.py:190} INFO - [2025-04-13T22:31:51.886+0000] {dag.py:4180} INFO - Setting next_dagrun for example_sensor_decorator to None, run_after=None
[2025-04-13T22:31:52.159+0000] {processor.py:208} INFO - Processing /home/airflow/.local/lib/python3.12/site-packages/airflow/example_dags/example_sensor_decorator.py took 0.911 seconds
[2025-04-13T22:32:35.124+0000] {processor.py:186} INFO - Started process (PID=187) to work on /home/airflow/.local/lib/python3.12/site-packages/airflow/example_dags/example_sensor_decorator.py
[2025-04-13T22:32:35.138+0000] {processor.py:914} INFO - Processing file /home/airflow/.local/lib/python3.12/site-packages/airflow/example_dags/example_sensor_decorator.py for tasks to queue
[2025-04-13T22:32:35.144+0000] {logging_mixin.py:190} INFO - [2025-04-13T22:32:35.143+0000] {dagbag.py:588} INFO - Filling up the DagBag from /home/airflow/.local/lib/python3.12/site-packages/airflow/example_dags/example_sensor_decorator.py
[2025-04-13T22:32:35.172+0000] {processor.py:925} INFO - DAG(s) 'example_sensor_decorator' retrieved from /home/airflow/.local/lib/python3.12/site-packages/airflow/example_dags/example_sensor_decorator.py
[2025-04-13T22:32:35.270+0000] {logging_mixin.py:190} INFO - [2025-04-13T22:32:35.269+0000] {dag.py:3239} INFO - Sync 1 DAGs
[2025-04-13T22:32:35.351+0000] {logging_mixin.py:190} INFO - [2025-04-13T22:32:35.348+0000] {dag.py:4180} INFO - Setting next_dagrun for example_sensor_decorator to None, run_after=None
[2025-04-13T22:32:35.494+0000] {processor.py:208} INFO - Processing /home/airflow/.local/lib/python3.12/site-packages/airflow/example_dags/example_sensor_decorator.py took 0.386 seconds
[2025-04-13T22:33:10.997+0000] {processor.py:186} INFO - Started process (PID=251) to work on /home/airflow/.local/lib/python3.12/site-packages/airflow/example_dags/example_sensor_decorator.py
[2025-04-13T22:33:11.009+0000] {processor.py:914} INFO - Processing file /home/airflow/.local/lib/python3.12/site-packages/airflow/example_dags/example_sensor_decorator.py for tasks to queue
[2025-04-13T22:33:11.019+0000] {logging_mixin.py:190} INFO - [2025-04-13T22:33:11.016+0000] {dagbag.py:588} INFO - Filling up the DagBag from /home/airflow/.local/lib/python3.12/site-packages/airflow/example_dags/example_sensor_decorator.py
[2025-04-13T22:33:11.044+0000] {processor.py:925} INFO - DAG(s) 'example_sensor_decorator' retrieved from /home/airflow/.local/lib/python3.12/site-packages/airflow/example_dags/example_sensor_decorator.py
[2025-04-13T22:33:11.119+0000] {logging_mixin.py:190} INFO - [2025-04-13T22:33:11.118+0000] {dag.py:3239} INFO - Sync 1 DAGs
[2025-04-13T22:33:11.177+0000] {logging_mixin.py:190} INFO - [2025-04-13T22:33:11.177+0000] {dag.py:4180} INFO - Setting next_dagrun for example_sensor_decorator to None, run_after=None
[2025-04-13T22:33:11.273+0000] {processor.py:208} INFO - Processing /home/airflow/.local/lib/python3.12/site-packages/airflow/example_dags/example_sensor_decorator.py took 0.304 seconds
[2025-04-13T22:33:43.496+0000] {processor.py:186} INFO - Started process (PID=315) to work on /home/airflow/.local/lib/python3.12/site-packages/airflow/example_dags/example_sensor_decorator.py
[2025-04-13T22:33:43.499+0000] {processor.py:914} INFO - Processing file /home/airflow/.local/lib/python3.12/site-packages/airflow/example_dags/example_sensor_decorator.py for tasks to queue
[2025-04-13T22:33:43.505+0000] {logging_mixin.py:190} INFO - [2025-04-13T22:33:43.504+0000] {dagbag.py:588} INFO - Filling up the DagBag from /home/airflow/.local/lib/python3.12/site-packages/airflow/example_dags/example_sensor_decorator.py
[2025-04-13T22:33:43.522+0000] {processor.py:925} INFO - DAG(s) 'example_sensor_decorator' retrieved from /home/airflow/.local/lib/python3.12/site-packages/airflow/example_dags/example_sensor_decorator.py
[2025-04-13T22:33:43.610+0000] {logging_mixin.py:190} INFO - [2025-04-13T22:33:43.609+0000] {dag.py:3239} INFO - Sync 1 DAGs
[2025-04-13T22:33:43.775+0000] {logging_mixin.py:190} INFO - [2025-04-13T22:33:43.775+0000] {dag.py:4180} INFO - Setting next_dagrun for example_sensor_decorator to None, run_after=None
[2025-04-13T22:33:43.896+0000] {processor.py:208} INFO - Processing /home/airflow/.local/lib/python3.12/site-packages/airflow/example_dags/example_sensor_decorator.py took 0.413 seconds
[2025-04-13T22:34:21.407+0000] {processor.py:186} INFO - Started process (PID=379) to work on /home/airflow/.local/lib/python3.12/site-packages/airflow/example_dags/example_sensor_decorator.py
[2025-04-13T22:34:21.444+0000] {processor.py:914} INFO - Processing file /home/airflow/.local/lib/python3.12/site-packages/airflow/example_dags/example_sensor_decorator.py for tasks to queue
[2025-04-13T22:34:21.461+0000] {logging_mixin.py:190} INFO - [2025-04-13T22:34:21.460+0000] {dagbag.py:588} INFO - Filling up the DagBag from /home/airflow/.local/lib/python3.12/site-packages/airflow/example_dags/example_sensor_decorator.py
[2025-04-13T22:34:21.578+0000] {processor.py:925} INFO - DAG(s) 'example_sensor_decorator' retrieved from /home/airflow/.local/lib/python3.12/site-packages/airflow/example_dags/example_sensor_decorator.py
[2025-04-13T22:34:21.718+0000] {logging_mixin.py:190} INFO - [2025-04-13T22:34:21.717+0000] {dag.py:3239} INFO - Sync 1 DAGs
[2025-04-13T22:34:21.851+0000] {logging_mixin.py:190} INFO - [2025-04-13T22:34:21.850+0000] {dag.py:4180} INFO - Setting next_dagrun for example_sensor_decorator to None, run_after=None
[2025-04-13T22:34:22.232+0000] {processor.py:208} INFO - Processing /home/airflow/.local/lib/python3.12/site-packages/airflow/example_dags/example_sensor_decorator.py took 0.874 seconds
[2025-04-13T22:35:00.294+0000] {processor.py:186} INFO - Started process (PID=449) to work on /home/airflow/.local/lib/python3.12/site-packages/airflow/example_dags/example_sensor_decorator.py
[2025-04-13T22:35:00.313+0000] {processor.py:914} INFO - Processing file /home/airflow/.local/lib/python3.12/site-packages/airflow/example_dags/example_sensor_decorator.py for tasks to queue
[2025-04-13T22:35:00.351+0000] {logging_mixin.py:190} INFO - [2025-04-13T22:35:00.349+0000] {dagbag.py:588} INFO - Filling up the DagBag from /home/airflow/.local/lib/python3.12/site-packages/airflow/example_dags/example_sensor_decorator.py
[2025-04-13T22:35:00.433+0000] {processor.py:925} INFO - DAG(s) 'example_sensor_decorator' retrieved from /home/airflow/.local/lib/python3.12/site-packages/airflow/example_dags/example_sensor_decorator.py
[2025-04-13T22:35:00.700+0000] {logging_mixin.py:190} INFO - [2025-04-13T22:35:00.699+0000] {dag.py:3239} INFO - Sync 1 DAGs
[2025-04-13T22:35:00.835+0000] {logging_mixin.py:190} INFO - [2025-04-13T22:35:00.835+0000] {dag.py:4180} INFO - Setting next_dagrun for example_sensor_decorator to None, run_after=None
[2025-04-13T22:35:00.965+0000] {processor.py:208} INFO - Processing /home/airflow/.local/lib/python3.12/site-packages/airflow/example_dags/example_sensor_decorator.py took 0.898 seconds
[2025-04-13T22:35:39.540+0000] {processor.py:186} INFO - Started process (PID=513) to work on /home/airflow/.local/lib/python3.12/site-packages/airflow/example_dags/example_sensor_decorator.py
[2025-04-13T22:35:39.562+0000] {processor.py:914} INFO - Processing file /home/airflow/.local/lib/python3.12/site-packages/airflow/example_dags/example_sensor_decorator.py for tasks to queue
[2025-04-13T22:35:39.590+0000] {logging_mixin.py:190} INFO - [2025-04-13T22:35:39.582+0000] {dagbag.py:588} INFO - Filling up the DagBag from /home/airflow/.local/lib/python3.12/site-packages/airflow/example_dags/example_sensor_decorator.py
[2025-04-13T22:35:39.654+0000] {processor.py:925} INFO - DAG(s) 'example_sensor_decorator' retrieved from /home/airflow/.local/lib/python3.12/site-packages/airflow/example_dags/example_sensor_decorator.py
[2025-04-13T22:35:39.879+0000] {logging_mixin.py:190} INFO - [2025-04-13T22:35:39.878+0000] {dag.py:3239} INFO - Sync 1 DAGs
[2025-04-13T22:35:39.989+0000] {logging_mixin.py:190} INFO - [2025-04-13T22:35:39.989+0000] {dag.py:4180} INFO - Setting next_dagrun for example_sensor_decorator to None, run_after=None
[2025-04-13T22:35:40.535+0000] {processor.py:208} INFO - Processing /home/airflow/.local/lib/python3.12/site-packages/airflow/example_dags/example_sensor_decorator.py took 1.133 seconds
[2025-04-13T22:36:16.552+0000] {processor.py:186} INFO - Started process (PID=576) to work on /home/airflow/.local/lib/python3.12/site-packages/airflow/example_dags/example_sensor_decorator.py
[2025-04-13T22:36:16.560+0000] {processor.py:914} INFO - Processing file /home/airflow/.local/lib/python3.12/site-packages/airflow/example_dags/example_sensor_decorator.py for tasks to queue
[2025-04-13T22:36:16.588+0000] {logging_mixin.py:190} INFO - [2025-04-13T22:36:16.579+0000] {dagbag.py:588} INFO - Filling up the DagBag from /home/airflow/.local/lib/python3.12/site-packages/airflow/example_dags/example_sensor_decorator.py
[2025-04-13T22:36:16.618+0000] {processor.py:925} INFO - DAG(s) 'example_sensor_decorator' retrieved from /home/airflow/.local/lib/python3.12/site-packages/airflow/example_dags/example_sensor_decorator.py
[2025-04-13T22:36:16.798+0000] {logging_mixin.py:190} INFO - [2025-04-13T22:36:16.797+0000] {dag.py:3239} INFO - Sync 1 DAGs
[2025-04-13T22:36:16.924+0000] {logging_mixin.py:190} INFO - [2025-04-13T22:36:16.924+0000] {dag.py:4180} INFO - Setting next_dagrun for example_sensor_decorator to None, run_after=None
[2025-04-13T22:36:17.093+0000] {processor.py:208} INFO - Processing /home/airflow/.local/lib/python3.12/site-packages/airflow/example_dags/example_sensor_decorator.py took 0.642 seconds
[2025-04-13T22:36:48.820+0000] {processor.py:186} INFO - Started process (PID=639) to work on /home/airflow/.local/lib/python3.12/site-packages/airflow/example_dags/example_sensor_decorator.py
[2025-04-13T22:36:48.842+0000] {processor.py:914} INFO - Processing file /home/airflow/.local/lib/python3.12/site-packages/airflow/example_dags/example_sensor_decorator.py for tasks to queue
[2025-04-13T22:36:48.851+0000] {logging_mixin.py:190} INFO - [2025-04-13T22:36:48.850+0000] {dagbag.py:588} INFO - Filling up the DagBag from /home/airflow/.local/lib/python3.12/site-packages/airflow/example_dags/example_sensor_decorator.py
[2025-04-13T22:36:48.921+0000] {processor.py:925} INFO - DAG(s) 'example_sensor_decorator' retrieved from /home/airflow/.local/lib/python3.12/site-packages/airflow/example_dags/example_sensor_decorator.py
[2025-04-13T22:36:49.176+0000] {logging_mixin.py:190} INFO - [2025-04-13T22:36:49.154+0000] {dag.py:3239} INFO - Sync 1 DAGs
[2025-04-13T22:36:49.289+0000] {logging_mixin.py:190} INFO - [2025-04-13T22:36:49.289+0000] {dag.py:4180} INFO - Setting next_dagrun for example_sensor_decorator to None, run_after=None
[2025-04-13T22:36:49.503+0000] {processor.py:208} INFO - Processing /home/airflow/.local/lib/python3.12/site-packages/airflow/example_dags/example_sensor_decorator.py took 0.767 seconds
[2025-04-13T22:37:38.329+0000] {processor.py:186} INFO - Started process (PID=695) to work on /home/airflow/.local/lib/python3.12/site-packages/airflow/example_dags/example_sensor_decorator.py
[2025-04-13T22:37:38.394+0000] {processor.py:914} INFO - Processing file /home/airflow/.local/lib/python3.12/site-packages/airflow/example_dags/example_sensor_decorator.py for tasks to queue
[2025-04-13T22:37:38.563+0000] {logging_mixin.py:190} INFO - [2025-04-13T22:37:38.415+0000] {dagbag.py:588} INFO - Filling up the DagBag from /home/airflow/.local/lib/python3.12/site-packages/airflow/example_dags/example_sensor_decorator.py
[2025-04-13T22:37:38.735+0000] {processor.py:925} INFO - DAG(s) 'example_sensor_decorator' retrieved from /home/airflow/.local/lib/python3.12/site-packages/airflow/example_dags/example_sensor_decorator.py
[2025-04-13T22:37:39.046+0000] {logging_mixin.py:190} INFO - [2025-04-13T22:37:39.045+0000] {dag.py:3239} INFO - Sync 1 DAGs
[2025-04-13T22:37:39.212+0000] {logging_mixin.py:190} INFO - [2025-04-13T22:37:39.211+0000] {dag.py:4180} INFO - Setting next_dagrun for example_sensor_decorator to None, run_after=None
[2025-04-13T22:37:39.499+0000] {processor.py:208} INFO - Processing /home/airflow/.local/lib/python3.12/site-packages/airflow/example_dags/example_sensor_decorator.py took 1.498 seconds
[2025-04-13T22:38:18.196+0000] {processor.py:186} INFO - Started process (PID=759) to work on /home/airflow/.local/lib/python3.12/site-packages/airflow/example_dags/example_sensor_decorator.py
[2025-04-13T22:38:18.198+0000] {processor.py:914} INFO - Processing file /home/airflow/.local/lib/python3.12/site-packages/airflow/example_dags/example_sensor_decorator.py for tasks to queue
[2025-04-13T22:38:18.228+0000] {logging_mixin.py:190} INFO - [2025-04-13T22:38:18.227+0000] {dagbag.py:588} INFO - Filling up the DagBag from /home/airflow/.local/lib/python3.12/site-packages/airflow/example_dags/example_sensor_decorator.py
[2025-04-13T22:38:18.298+0000] {processor.py:925} INFO - DAG(s) 'example_sensor_decorator' retrieved from /home/airflow/.local/lib/python3.12/site-packages/airflow/example_dags/example_sensor_decorator.py
[2025-04-13T22:38:18.516+0000] {logging_mixin.py:190} INFO - [2025-04-13T22:38:18.516+0000] {dag.py:3239} INFO - Sync 1 DAGs
[2025-04-13T22:38:18.742+0000] {logging_mixin.py:190} INFO - [2025-04-13T22:38:18.741+0000] {dag.py:4180} INFO - Setting next_dagrun for example_sensor_decorator to None, run_after=None
[2025-04-13T22:38:19.037+0000] {processor.py:208} INFO - Processing /home/airflow/.local/lib/python3.12/site-packages/airflow/example_dags/example_sensor_decorator.py took 0.898 seconds
[2025-04-13T22:38:57.614+0000] {processor.py:186} INFO - Started process (PID=823) to work on /home/airflow/.local/lib/python3.12/site-packages/airflow/example_dags/example_sensor_decorator.py
[2025-04-13T22:38:57.626+0000] {processor.py:914} INFO - Processing file /home/airflow/.local/lib/python3.12/site-packages/airflow/example_dags/example_sensor_decorator.py for tasks to queue
[2025-04-13T22:38:57.713+0000] {logging_mixin.py:190} INFO - [2025-04-13T22:38:57.685+0000] {dagbag.py:588} INFO - Filling up the DagBag from /home/airflow/.local/lib/python3.12/site-packages/airflow/example_dags/example_sensor_decorator.py
[2025-04-13T22:38:57.827+0000] {processor.py:925} INFO - DAG(s) 'example_sensor_decorator' retrieved from /home/airflow/.local/lib/python3.12/site-packages/airflow/example_dags/example_sensor_decorator.py
[2025-04-13T22:38:57.975+0000] {logging_mixin.py:190} INFO - [2025-04-13T22:38:57.974+0000] {dag.py:3239} INFO - Sync 1 DAGs
[2025-04-13T22:38:58.131+0000] {logging_mixin.py:190} INFO - [2025-04-13T22:38:58.131+0000] {dag.py:4180} INFO - Setting next_dagrun for example_sensor_decorator to None, run_after=None
[2025-04-13T22:38:58.257+0000] {processor.py:208} INFO - Processing /home/airflow/.local/lib/python3.12/site-packages/airflow/example_dags/example_sensor_decorator.py took 0.754 seconds
[2025-04-13T22:39:30.416+0000] {processor.py:186} INFO - Started process (PID=887) to work on /home/airflow/.local/lib/python3.12/site-packages/airflow/example_dags/example_sensor_decorator.py
[2025-04-13T22:39:30.423+0000] {processor.py:914} INFO - Processing file /home/airflow/.local/lib/python3.12/site-packages/airflow/example_dags/example_sensor_decorator.py for tasks to queue
[2025-04-13T22:39:30.687+0000] {logging_mixin.py:190} INFO - [2025-04-13T22:39:30.686+0000] {dagbag.py:588} INFO - Filling up the DagBag from /home/airflow/.local/lib/python3.12/site-packages/airflow/example_dags/example_sensor_decorator.py
[2025-04-13T22:39:31.023+0000] {processor.py:925} INFO - DAG(s) 'example_sensor_decorator' retrieved from /home/airflow/.local/lib/python3.12/site-packages/airflow/example_dags/example_sensor_decorator.py
[2025-04-13T22:39:31.268+0000] {logging_mixin.py:190} INFO - [2025-04-13T22:39:31.267+0000] {dag.py:3239} INFO - Sync 1 DAGs
[2025-04-13T22:39:31.558+0000] {logging_mixin.py:190} INFO - [2025-04-13T22:39:31.558+0000] {dag.py:4180} INFO - Setting next_dagrun for example_sensor_decorator to None, run_after=None
[2025-04-13T22:39:31.767+0000] {processor.py:208} INFO - Processing /home/airflow/.local/lib/python3.12/site-packages/airflow/example_dags/example_sensor_decorator.py took 1.425 seconds
[2025-04-13T22:40:41.781+0000] {processor.py:186} INFO - Started process (PID=941) to work on /home/airflow/.local/lib/python3.12/site-packages/airflow/example_dags/example_sensor_decorator.py
[2025-04-13T22:40:41.784+0000] {processor.py:914} INFO - Processing file /home/airflow/.local/lib/python3.12/site-packages/airflow/example_dags/example_sensor_decorator.py for tasks to queue
[2025-04-13T22:40:41.830+0000] {logging_mixin.py:190} INFO - [2025-04-13T22:40:41.829+0000] {dagbag.py:588} INFO - Filling up the DagBag from /home/airflow/.local/lib/python3.12/site-packages/airflow/example_dags/example_sensor_decorator.py
[2025-04-13T22:40:41.951+0000] {processor.py:925} INFO - DAG(s) 'example_sensor_decorator' retrieved from /home/airflow/.local/lib/python3.12/site-packages/airflow/example_dags/example_sensor_decorator.py
[2025-04-13T22:40:42.371+0000] {logging_mixin.py:190} INFO - [2025-04-13T22:40:42.370+0000] {dag.py:3239} INFO - Sync 1 DAGs
[2025-04-13T22:40:42.888+0000] {logging_mixin.py:190} INFO - [2025-04-13T22:40:42.887+0000] {dag.py:4180} INFO - Setting next_dagrun for example_sensor_decorator to None, run_after=None
[2025-04-13T22:40:43.362+0000] {processor.py:208} INFO - Processing /home/airflow/.local/lib/python3.12/site-packages/airflow/example_dags/example_sensor_decorator.py took 1.683 seconds
[2025-04-13T22:42:02.019+0000] {processor.py:186} INFO - Started process (PID=1005) to work on /home/airflow/.local/lib/python3.12/site-packages/airflow/example_dags/example_sensor_decorator.py
[2025-04-13T22:42:02.022+0000] {processor.py:914} INFO - Processing file /home/airflow/.local/lib/python3.12/site-packages/airflow/example_dags/example_sensor_decorator.py for tasks to queue
[2025-04-13T22:42:02.029+0000] {logging_mixin.py:190} INFO - [2025-04-13T22:42:02.029+0000] {dagbag.py:588} INFO - Filling up the DagBag from /home/airflow/.local/lib/python3.12/site-packages/airflow/example_dags/example_sensor_decorator.py
[2025-04-13T22:42:02.092+0000] {processor.py:925} INFO - DAG(s) 'example_sensor_decorator' retrieved from /home/airflow/.local/lib/python3.12/site-packages/airflow/example_dags/example_sensor_decorator.py
[2025-04-13T22:42:02.255+0000] {logging_mixin.py:190} INFO - [2025-04-13T22:42:02.255+0000] {dag.py:3239} INFO - Sync 1 DAGs
[2025-04-13T22:42:02.560+0000] {logging_mixin.py:190} INFO - [2025-04-13T22:42:02.559+0000] {dag.py:4180} INFO - Setting next_dagrun for example_sensor_decorator to None, run_after=None
[2025-04-13T22:42:02.651+0000] {processor.py:208} INFO - Processing /home/airflow/.local/lib/python3.12/site-packages/airflow/example_dags/example_sensor_decorator.py took 0.660 seconds
[2025-04-13T22:42:39.681+0000] {processor.py:186} INFO - Started process (PID=1069) to work on /home/airflow/.local/lib/python3.12/site-packages/airflow/example_dags/example_sensor_decorator.py
[2025-04-13T22:42:39.698+0000] {processor.py:914} INFO - Processing file /home/airflow/.local/lib/python3.12/site-packages/airflow/example_dags/example_sensor_decorator.py for tasks to queue
[2025-04-13T22:42:39.721+0000] {logging_mixin.py:190} INFO - [2025-04-13T22:42:39.720+0000] {dagbag.py:588} INFO - Filling up the DagBag from /home/airflow/.local/lib/python3.12/site-packages/airflow/example_dags/example_sensor_decorator.py
[2025-04-13T22:42:39.740+0000] {processor.py:925} INFO - DAG(s) 'example_sensor_decorator' retrieved from /home/airflow/.local/lib/python3.12/site-packages/airflow/example_dags/example_sensor_decorator.py
[2025-04-13T22:42:39.815+0000] {logging_mixin.py:190} INFO - [2025-04-13T22:42:39.814+0000] {dag.py:3239} INFO - Sync 1 DAGs
[2025-04-13T22:42:40.011+0000] {logging_mixin.py:190} INFO - [2025-04-13T22:42:40.011+0000] {dag.py:4180} INFO - Setting next_dagrun for example_sensor_decorator to None, run_after=None
[2025-04-13T22:42:40.103+0000] {processor.py:208} INFO - Processing /home/airflow/.local/lib/python3.12/site-packages/airflow/example_dags/example_sensor_decorator.py took 0.435 seconds
[2025-04-13T22:43:43.322+0000] {processor.py:186} INFO - Started process (PID=1143) to work on /home/airflow/.local/lib/python3.12/site-packages/airflow/example_dags/example_sensor_decorator.py
[2025-04-13T22:43:43.722+0000] {processor.py:914} INFO - Processing file /home/airflow/.local/lib/python3.12/site-packages/airflow/example_dags/example_sensor_decorator.py for tasks to queue
[2025-04-13T22:43:43.802+0000] {logging_mixin.py:190} INFO - [2025-04-13T22:43:43.801+0000] {dagbag.py:588} INFO - Filling up the DagBag from /home/airflow/.local/lib/python3.12/site-packages/airflow/example_dags/example_sensor_decorator.py
[2025-04-13T22:43:44.126+0000] {processor.py:925} INFO - DAG(s) 'example_sensor_decorator' retrieved from /home/airflow/.local/lib/python3.12/site-packages/airflow/example_dags/example_sensor_decorator.py
[2025-04-13T22:43:45.558+0000] {logging_mixin.py:190} INFO - [2025-04-13T22:43:45.558+0000] {dag.py:3239} INFO - Sync 1 DAGs
[2025-04-13T22:43:46.932+0000] {logging_mixin.py:190} INFO - [2025-04-13T22:43:46.931+0000] {dag.py:4180} INFO - Setting next_dagrun for example_sensor_decorator to None, run_after=None
[2025-04-13T22:43:47.902+0000] {processor.py:208} INFO - Processing /home/airflow/.local/lib/python3.12/site-packages/airflow/example_dags/example_sensor_decorator.py took 4.715 seconds
[2025-04-13T22:44:47.282+0000] {processor.py:186} INFO - Started process (PID=1204) to work on /home/airflow/.local/lib/python3.12/site-packages/airflow/example_dags/example_sensor_decorator.py
[2025-04-13T22:44:47.289+0000] {processor.py:914} INFO - Processing file /home/airflow/.local/lib/python3.12/site-packages/airflow/example_dags/example_sensor_decorator.py for tasks to queue
[2025-04-13T22:44:47.302+0000] {logging_mixin.py:190} INFO - [2025-04-13T22:44:47.301+0000] {dagbag.py:588} INFO - Filling up the DagBag from /home/airflow/.local/lib/python3.12/site-packages/airflow/example_dags/example_sensor_decorator.py
[2025-04-13T22:44:47.366+0000] {processor.py:925} INFO - DAG(s) 'example_sensor_decorator' retrieved from /home/airflow/.local/lib/python3.12/site-packages/airflow/example_dags/example_sensor_decorator.py
[2025-04-13T22:44:47.603+0000] {logging_mixin.py:190} INFO - [2025-04-13T22:44:47.599+0000] {dag.py:3239} INFO - Sync 1 DAGs
[2025-04-13T22:44:47.737+0000] {logging_mixin.py:190} INFO - [2025-04-13T22:44:47.737+0000] {dag.py:4180} INFO - Setting next_dagrun for example_sensor_decorator to None, run_after=None
[2025-04-13T22:44:48.020+0000] {processor.py:208} INFO - Processing /home/airflow/.local/lib/python3.12/site-packages/airflow/example_dags/example_sensor_decorator.py took 0.780 seconds
