[2025-04-13T16:49:54.550+0000] {processor.py:186} INFO - Started process (PID=150) to work on /home/airflow/.local/lib/python3.12/site-packages/airflow/example_dags/example_task_group_decorator.py
[2025-04-13T16:49:54.631+0000] {processor.py:914} INFO - Processing file /home/airflow/.local/lib/python3.12/site-packages/airflow/example_dags/example_task_group_decorator.py for tasks to queue
[2025-04-13T16:49:54.855+0000] {logging_mixin.py:190} INFO - [2025-04-13T16:49:54.854+0000] {dagbag.py:588} INFO - Filling up the DagBag from /home/airflow/.local/lib/python3.12/site-packages/airflow/example_dags/example_task_group_decorator.py
[2025-04-13T16:49:55.192+0000] {processor.py:925} INFO - DAG(s) 'example_task_group_decorator' retrieved from /home/airflow/.local/lib/python3.12/site-packages/airflow/example_dags/example_task_group_decorator.py
[2025-04-13T16:50:00.579+0000] {logging_mixin.py:190} INFO - [2025-04-13T16:50:00.577+0000] {override.py:1912} INFO - Created Permission View: can read on DAG:example_task_group_decorator
[2025-04-13T16:50:00.778+0000] {logging_mixin.py:190} INFO - [2025-04-13T16:50:00.760+0000] {override.py:1912} INFO - Created Permission View: can edit on DAG:example_task_group_decorator
[2025-04-13T16:50:01.444+0000] {logging_mixin.py:190} INFO - [2025-04-13T16:50:01.443+0000] {override.py:1912} INFO - Created Permission View: can delete on DAG:example_task_group_decorator
[2025-04-13T16:50:01.754+0000] {logging_mixin.py:190} INFO - [2025-04-13T16:50:01.751+0000] {override.py:1912} INFO - Created Permission View: can read on DAG Run:example_task_group_decorator
[2025-04-13T16:50:01.889+0000] {logging_mixin.py:190} INFO - [2025-04-13T16:50:01.889+0000] {override.py:1912} INFO - Created Permission View: menu access on DAG Run:example_task_group_decorator
[2025-04-13T16:50:02.005+0000] {logging_mixin.py:190} INFO - [2025-04-13T16:50:02.005+0000] {override.py:1912} INFO - Created Permission View: can create on DAG Run:example_task_group_decorator
[2025-04-13T16:50:02.035+0000] {logging_mixin.py:190} INFO - [2025-04-13T16:50:02.035+0000] {override.py:1912} INFO - Created Permission View: can delete on DAG Run:example_task_group_decorator
[2025-04-13T16:50:02.036+0000] {logging_mixin.py:190} INFO - [2025-04-13T16:50:02.036+0000] {dag.py:3239} INFO - Sync 1 DAGs
[2025-04-13T16:50:02.348+0000] {logging_mixin.py:190} INFO - [2025-04-13T16:50:02.348+0000] {dag.py:3262} INFO - Creating ORM DAG for example_task_group_decorator
[2025-04-13T16:50:02.353+0000] {logging_mixin.py:190} INFO - [2025-04-13T16:50:02.353+0000] {dag.py:4180} INFO - Setting next_dagrun for example_task_group_decorator to None, run_after=None
[2025-04-13T16:50:02.732+0000] {processor.py:208} INFO - Processing /home/airflow/.local/lib/python3.12/site-packages/airflow/example_dags/example_task_group_decorator.py took 8.337 seconds
[2025-04-13T16:51:08.783+0000] {processor.py:186} INFO - Started process (PID=226) to work on /home/airflow/.local/lib/python3.12/site-packages/airflow/example_dags/example_task_group_decorator.py
[2025-04-13T16:51:08.788+0000] {processor.py:914} INFO - Processing file /home/airflow/.local/lib/python3.12/site-packages/airflow/example_dags/example_task_group_decorator.py for tasks to queue
[2025-04-13T16:51:08.807+0000] {logging_mixin.py:190} INFO - [2025-04-13T16:51:08.806+0000] {dagbag.py:588} INFO - Filling up the DagBag from /home/airflow/.local/lib/python3.12/site-packages/airflow/example_dags/example_task_group_decorator.py
[2025-04-13T16:51:08.880+0000] {processor.py:925} INFO - DAG(s) 'example_task_group_decorator' retrieved from /home/airflow/.local/lib/python3.12/site-packages/airflow/example_dags/example_task_group_decorator.py
[2025-04-13T16:51:09.070+0000] {logging_mixin.py:190} INFO - [2025-04-13T16:51:09.069+0000] {dag.py:3239} INFO - Sync 1 DAGs
[2025-04-13T16:51:09.289+0000] {logging_mixin.py:190} INFO - [2025-04-13T16:51:09.288+0000] {dag.py:4180} INFO - Setting next_dagrun for example_task_group_decorator to None, run_after=None
[2025-04-13T16:51:09.408+0000] {processor.py:208} INFO - Processing /home/airflow/.local/lib/python3.12/site-packages/airflow/example_dags/example_task_group_decorator.py took 0.637 seconds
[2025-04-13T16:51:43.039+0000] {processor.py:186} INFO - Started process (PID=290) to work on /home/airflow/.local/lib/python3.12/site-packages/airflow/example_dags/example_task_group_decorator.py
[2025-04-13T16:51:43.041+0000] {processor.py:914} INFO - Processing file /home/airflow/.local/lib/python3.12/site-packages/airflow/example_dags/example_task_group_decorator.py for tasks to queue
[2025-04-13T16:51:43.065+0000] {logging_mixin.py:190} INFO - [2025-04-13T16:51:43.064+0000] {dagbag.py:588} INFO - Filling up the DagBag from /home/airflow/.local/lib/python3.12/site-packages/airflow/example_dags/example_task_group_decorator.py
[2025-04-13T16:51:43.124+0000] {processor.py:925} INFO - DAG(s) 'example_task_group_decorator' retrieved from /home/airflow/.local/lib/python3.12/site-packages/airflow/example_dags/example_task_group_decorator.py
[2025-04-13T16:51:43.270+0000] {logging_mixin.py:190} INFO - [2025-04-13T16:51:43.265+0000] {dag.py:3239} INFO - Sync 1 DAGs
[2025-04-13T16:51:43.373+0000] {logging_mixin.py:190} INFO - [2025-04-13T16:51:43.373+0000] {dag.py:4180} INFO - Setting next_dagrun for example_task_group_decorator to None, run_after=None
[2025-04-13T16:51:43.513+0000] {processor.py:208} INFO - Processing /home/airflow/.local/lib/python3.12/site-packages/airflow/example_dags/example_task_group_decorator.py took 0.491 seconds
[2025-04-13T16:52:16.928+0000] {processor.py:186} INFO - Started process (PID=353) to work on /home/airflow/.local/lib/python3.12/site-packages/airflow/example_dags/example_task_group_decorator.py
[2025-04-13T16:52:16.931+0000] {processor.py:914} INFO - Processing file /home/airflow/.local/lib/python3.12/site-packages/airflow/example_dags/example_task_group_decorator.py for tasks to queue
[2025-04-13T16:52:16.938+0000] {logging_mixin.py:190} INFO - [2025-04-13T16:52:16.936+0000] {dagbag.py:588} INFO - Filling up the DagBag from /home/airflow/.local/lib/python3.12/site-packages/airflow/example_dags/example_task_group_decorator.py
[2025-04-13T16:52:16.995+0000] {processor.py:925} INFO - DAG(s) 'example_task_group_decorator' retrieved from /home/airflow/.local/lib/python3.12/site-packages/airflow/example_dags/example_task_group_decorator.py
[2025-04-13T16:52:17.088+0000] {logging_mixin.py:190} INFO - [2025-04-13T16:52:17.087+0000] {dag.py:3239} INFO - Sync 1 DAGs
[2025-04-13T16:52:17.147+0000] {logging_mixin.py:190} INFO - [2025-04-13T16:52:17.147+0000] {dag.py:4180} INFO - Setting next_dagrun for example_task_group_decorator to None, run_after=None
[2025-04-13T16:52:17.235+0000] {processor.py:208} INFO - Processing /home/airflow/.local/lib/python3.12/site-packages/airflow/example_dags/example_task_group_decorator.py took 0.322 seconds
[2025-04-13T16:52:50.764+0000] {processor.py:186} INFO - Started process (PID=423) to work on /home/airflow/.local/lib/python3.12/site-packages/airflow/example_dags/example_task_group_decorator.py
[2025-04-13T16:52:50.767+0000] {processor.py:914} INFO - Processing file /home/airflow/.local/lib/python3.12/site-packages/airflow/example_dags/example_task_group_decorator.py for tasks to queue
[2025-04-13T16:52:50.774+0000] {logging_mixin.py:190} INFO - [2025-04-13T16:52:50.773+0000] {dagbag.py:588} INFO - Filling up the DagBag from /home/airflow/.local/lib/python3.12/site-packages/airflow/example_dags/example_task_group_decorator.py
[2025-04-13T16:52:50.878+0000] {processor.py:925} INFO - DAG(s) 'example_task_group_decorator' retrieved from /home/airflow/.local/lib/python3.12/site-packages/airflow/example_dags/example_task_group_decorator.py
[2025-04-13T16:52:51.317+0000] {logging_mixin.py:190} INFO - [2025-04-13T16:52:51.316+0000] {dag.py:3239} INFO - Sync 1 DAGs
[2025-04-13T16:52:51.393+0000] {logging_mixin.py:190} INFO - [2025-04-13T16:52:51.390+0000] {dag.py:4180} INFO - Setting next_dagrun for example_task_group_decorator to None, run_after=None
[2025-04-13T16:52:51.540+0000] {processor.py:208} INFO - Processing /home/airflow/.local/lib/python3.12/site-packages/airflow/example_dags/example_task_group_decorator.py took 0.801 seconds
[2025-04-13T16:53:46.123+0000] {processor.py:186} INFO - Started process (PID=492) to work on /home/airflow/.local/lib/python3.12/site-packages/airflow/example_dags/example_task_group_decorator.py
[2025-04-13T16:53:46.129+0000] {processor.py:914} INFO - Processing file /home/airflow/.local/lib/python3.12/site-packages/airflow/example_dags/example_task_group_decorator.py for tasks to queue
[2025-04-13T16:53:46.143+0000] {logging_mixin.py:190} INFO - [2025-04-13T16:53:46.139+0000] {dagbag.py:588} INFO - Filling up the DagBag from /home/airflow/.local/lib/python3.12/site-packages/airflow/example_dags/example_task_group_decorator.py
[2025-04-13T16:53:46.218+0000] {processor.py:925} INFO - DAG(s) 'example_task_group_decorator' retrieved from /home/airflow/.local/lib/python3.12/site-packages/airflow/example_dags/example_task_group_decorator.py
[2025-04-13T16:53:46.326+0000] {logging_mixin.py:190} INFO - [2025-04-13T16:53:46.326+0000] {dag.py:3239} INFO - Sync 1 DAGs
[2025-04-13T16:53:46.378+0000] {logging_mixin.py:190} INFO - [2025-04-13T16:53:46.378+0000] {dag.py:4180} INFO - Setting next_dagrun for example_task_group_decorator to None, run_after=None
[2025-04-13T16:53:46.453+0000] {processor.py:208} INFO - Processing /home/airflow/.local/lib/python3.12/site-packages/airflow/example_dags/example_task_group_decorator.py took 0.365 seconds
[2025-04-13T16:54:37.898+0000] {processor.py:186} INFO - Started process (PID=574) to work on /home/airflow/.local/lib/python3.12/site-packages/airflow/example_dags/example_task_group_decorator.py
[2025-04-13T16:54:37.912+0000] {processor.py:914} INFO - Processing file /home/airflow/.local/lib/python3.12/site-packages/airflow/example_dags/example_task_group_decorator.py for tasks to queue
[2025-04-13T16:54:37.948+0000] {logging_mixin.py:190} INFO - [2025-04-13T16:54:37.937+0000] {dagbag.py:588} INFO - Filling up the DagBag from /home/airflow/.local/lib/python3.12/site-packages/airflow/example_dags/example_task_group_decorator.py
[2025-04-13T16:54:38.255+0000] {processor.py:925} INFO - DAG(s) 'example_task_group_decorator' retrieved from /home/airflow/.local/lib/python3.12/site-packages/airflow/example_dags/example_task_group_decorator.py
[2025-04-13T16:54:38.431+0000] {logging_mixin.py:190} INFO - [2025-04-13T16:54:38.430+0000] {dag.py:3239} INFO - Sync 1 DAGs
[2025-04-13T16:54:38.522+0000] {logging_mixin.py:190} INFO - [2025-04-13T16:54:38.521+0000] {dag.py:4180} INFO - Setting next_dagrun for example_task_group_decorator to None, run_after=None
[2025-04-13T16:54:38.658+0000] {processor.py:208} INFO - Processing /home/airflow/.local/lib/python3.12/site-packages/airflow/example_dags/example_task_group_decorator.py took 0.795 seconds
[2025-04-13T17:04:36.437+0000] {processor.py:186} INFO - Started process (PID=158) to work on /home/airflow/.local/lib/python3.12/site-packages/airflow/example_dags/example_task_group_decorator.py
[2025-04-13T17:04:36.750+0000] {processor.py:914} INFO - Processing file /home/airflow/.local/lib/python3.12/site-packages/airflow/example_dags/example_task_group_decorator.py for tasks to queue
[2025-04-13T17:04:36.807+0000] {logging_mixin.py:190} INFO - [2025-04-13T17:04:36.806+0000] {dagbag.py:588} INFO - Filling up the DagBag from /home/airflow/.local/lib/python3.12/site-packages/airflow/example_dags/example_task_group_decorator.py
[2025-04-13T17:04:37.682+0000] {processor.py:925} INFO - DAG(s) 'example_task_group_decorator' retrieved from /home/airflow/.local/lib/python3.12/site-packages/airflow/example_dags/example_task_group_decorator.py
[2025-04-13T17:04:39.108+0000] {logging_mixin.py:190} INFO - [2025-04-13T17:04:39.107+0000] {dag.py:3239} INFO - Sync 1 DAGs
[2025-04-13T17:04:39.566+0000] {logging_mixin.py:190} INFO - [2025-04-13T17:04:39.566+0000] {dag.py:4180} INFO - Setting next_dagrun for example_task_group_decorator to None, run_after=None
[2025-04-13T17:04:40.344+0000] {processor.py:208} INFO - Processing /home/airflow/.local/lib/python3.12/site-packages/airflow/example_dags/example_task_group_decorator.py took 4.208 seconds
[2025-04-13T17:27:28.582+0000] {processor.py:186} INFO - Started process (PID=230) to work on /home/airflow/.local/lib/python3.12/site-packages/airflow/example_dags/example_task_group_decorator.py
[2025-04-13T17:27:28.638+0000] {processor.py:914} INFO - Processing file /home/airflow/.local/lib/python3.12/site-packages/airflow/example_dags/example_task_group_decorator.py for tasks to queue
[2025-04-13T17:27:28.880+0000] {logging_mixin.py:190} INFO - [2025-04-13T17:27:28.645+0000] {dagbag.py:588} INFO - Filling up the DagBag from /home/airflow/.local/lib/python3.12/site-packages/airflow/example_dags/example_task_group_decorator.py
[2025-04-13T17:27:29.491+0000] {processor.py:925} INFO - DAG(s) 'example_task_group_decorator' retrieved from /home/airflow/.local/lib/python3.12/site-packages/airflow/example_dags/example_task_group_decorator.py
[2025-04-13T17:27:32.688+0000] {logging_mixin.py:190} INFO - [2025-04-13T17:27:32.687+0000] {dag.py:3239} INFO - Sync 1 DAGs
[2025-04-13T17:27:33.742+0000] {logging_mixin.py:190} INFO - [2025-04-13T17:27:33.737+0000] {dag.py:4180} INFO - Setting next_dagrun for example_task_group_decorator to None, run_after=None
[2025-04-13T17:27:36.484+0000] {processor.py:208} INFO - Processing /home/airflow/.local/lib/python3.12/site-packages/airflow/example_dags/example_task_group_decorator.py took 8.555 seconds
[2025-04-13T18:14:39.115+0000] {processor.py:186} INFO - Started process (PID=327) to work on /home/airflow/.local/lib/python3.12/site-packages/airflow/example_dags/example_task_group_decorator.py
[2025-04-13T18:14:39.268+0000] {processor.py:914} INFO - Processing file /home/airflow/.local/lib/python3.12/site-packages/airflow/example_dags/example_task_group_decorator.py for tasks to queue
[2025-04-13T18:14:39.288+0000] {logging_mixin.py:190} INFO - [2025-04-13T18:14:39.287+0000] {dagbag.py:588} INFO - Filling up the DagBag from /home/airflow/.local/lib/python3.12/site-packages/airflow/example_dags/example_task_group_decorator.py
[2025-04-13T18:14:40.422+0000] {processor.py:925} INFO - DAG(s) 'example_task_group_decorator' retrieved from /home/airflow/.local/lib/python3.12/site-packages/airflow/example_dags/example_task_group_decorator.py
[2025-04-13T18:14:41.872+0000] {logging_mixin.py:190} INFO - [2025-04-13T18:14:41.872+0000] {dag.py:3239} INFO - Sync 1 DAGs
[2025-04-13T18:14:43.993+0000] {logging_mixin.py:190} INFO - [2025-04-13T18:14:43.992+0000] {dag.py:4180} INFO - Setting next_dagrun for example_task_group_decorator to None, run_after=None
[2025-04-13T18:14:48.113+0000] {processor.py:208} INFO - Processing /home/airflow/.local/lib/python3.12/site-packages/airflow/example_dags/example_task_group_decorator.py took 9.673 seconds
[2025-04-13T18:22:46.808+0000] {processor.py:186} INFO - Started process (PID=467) to work on /home/airflow/.local/lib/python3.12/site-packages/airflow/example_dags/example_task_group_decorator.py
[2025-04-13T18:22:46.824+0000] {processor.py:914} INFO - Processing file /home/airflow/.local/lib/python3.12/site-packages/airflow/example_dags/example_task_group_decorator.py for tasks to queue
[2025-04-13T18:22:46.842+0000] {logging_mixin.py:190} INFO - [2025-04-13T18:22:46.841+0000] {dagbag.py:588} INFO - Filling up the DagBag from /home/airflow/.local/lib/python3.12/site-packages/airflow/example_dags/example_task_group_decorator.py
[2025-04-13T18:22:48.579+0000] {processor.py:925} INFO - DAG(s) 'example_task_group_decorator' retrieved from /home/airflow/.local/lib/python3.12/site-packages/airflow/example_dags/example_task_group_decorator.py
[2025-04-13T18:22:52.567+0000] {logging_mixin.py:190} INFO - [2025-04-13T18:22:52.567+0000] {dag.py:3239} INFO - Sync 1 DAGs
[2025-04-13T18:22:56.387+0000] {logging_mixin.py:190} INFO - [2025-04-13T18:22:56.386+0000] {dag.py:4180} INFO - Setting next_dagrun for example_task_group_decorator to None, run_after=None
[2025-04-13T18:22:58.134+0000] {processor.py:208} INFO - Processing /home/airflow/.local/lib/python3.12/site-packages/airflow/example_dags/example_task_group_decorator.py took 11.784 seconds
[2025-04-13T20:52:11.628+0000] {processor.py:186} INFO - Started process (PID=127) to work on /home/airflow/.local/lib/python3.12/site-packages/airflow/example_dags/example_task_group_decorator.py
[2025-04-13T20:52:11.631+0000] {processor.py:914} INFO - Processing file /home/airflow/.local/lib/python3.12/site-packages/airflow/example_dags/example_task_group_decorator.py for tasks to queue
[2025-04-13T20:52:11.638+0000] {logging_mixin.py:190} INFO - [2025-04-13T20:52:11.637+0000] {dagbag.py:588} INFO - Filling up the DagBag from /home/airflow/.local/lib/python3.12/site-packages/airflow/example_dags/example_task_group_decorator.py
[2025-04-13T20:52:11.687+0000] {processor.py:925} INFO - DAG(s) 'example_task_group_decorator' retrieved from /home/airflow/.local/lib/python3.12/site-packages/airflow/example_dags/example_task_group_decorator.py
[2025-04-13T20:52:11.789+0000] {logging_mixin.py:190} INFO - [2025-04-13T20:52:11.788+0000] {dag.py:3239} INFO - Sync 1 DAGs
[2025-04-13T20:52:11.836+0000] {logging_mixin.py:190} INFO - [2025-04-13T20:52:11.836+0000] {dag.py:4180} INFO - Setting next_dagrun for example_task_group_decorator to None, run_after=None
[2025-04-13T20:52:11.913+0000] {processor.py:208} INFO - Processing /home/airflow/.local/lib/python3.12/site-packages/airflow/example_dags/example_task_group_decorator.py took 0.298 seconds
[2025-04-13T20:52:42.558+0000] {processor.py:186} INFO - Started process (PID=191) to work on /home/airflow/.local/lib/python3.12/site-packages/airflow/example_dags/example_task_group_decorator.py
[2025-04-13T20:52:42.570+0000] {processor.py:914} INFO - Processing file /home/airflow/.local/lib/python3.12/site-packages/airflow/example_dags/example_task_group_decorator.py for tasks to queue
[2025-04-13T20:52:42.574+0000] {logging_mixin.py:190} INFO - [2025-04-13T20:52:42.573+0000] {dagbag.py:588} INFO - Filling up the DagBag from /home/airflow/.local/lib/python3.12/site-packages/airflow/example_dags/example_task_group_decorator.py
[2025-04-13T20:52:42.616+0000] {processor.py:925} INFO - DAG(s) 'example_task_group_decorator' retrieved from /home/airflow/.local/lib/python3.12/site-packages/airflow/example_dags/example_task_group_decorator.py
[2025-04-13T20:52:42.699+0000] {logging_mixin.py:190} INFO - [2025-04-13T20:52:42.699+0000] {dag.py:3239} INFO - Sync 1 DAGs
[2025-04-13T20:52:42.733+0000] {logging_mixin.py:190} INFO - [2025-04-13T20:52:42.733+0000] {dag.py:4180} INFO - Setting next_dagrun for example_task_group_decorator to None, run_after=None
[2025-04-13T20:52:42.786+0000] {processor.py:208} INFO - Processing /home/airflow/.local/lib/python3.12/site-packages/airflow/example_dags/example_task_group_decorator.py took 0.237 seconds
[2025-04-13T20:53:13.233+0000] {processor.py:186} INFO - Started process (PID=254) to work on /home/airflow/.local/lib/python3.12/site-packages/airflow/example_dags/example_task_group_decorator.py
[2025-04-13T20:53:13.235+0000] {processor.py:914} INFO - Processing file /home/airflow/.local/lib/python3.12/site-packages/airflow/example_dags/example_task_group_decorator.py for tasks to queue
[2025-04-13T20:53:13.242+0000] {logging_mixin.py:190} INFO - [2025-04-13T20:53:13.242+0000] {dagbag.py:588} INFO - Filling up the DagBag from /home/airflow/.local/lib/python3.12/site-packages/airflow/example_dags/example_task_group_decorator.py
[2025-04-13T20:53:13.280+0000] {processor.py:925} INFO - DAG(s) 'example_task_group_decorator' retrieved from /home/airflow/.local/lib/python3.12/site-packages/airflow/example_dags/example_task_group_decorator.py
[2025-04-13T20:53:13.408+0000] {logging_mixin.py:190} INFO - [2025-04-13T20:53:13.408+0000] {dag.py:3239} INFO - Sync 1 DAGs
[2025-04-13T20:53:13.447+0000] {logging_mixin.py:190} INFO - [2025-04-13T20:53:13.445+0000] {dag.py:4180} INFO - Setting next_dagrun for example_task_group_decorator to None, run_after=None
[2025-04-13T20:53:13.510+0000] {processor.py:208} INFO - Processing /home/airflow/.local/lib/python3.12/site-packages/airflow/example_dags/example_task_group_decorator.py took 0.287 seconds
[2025-04-13T20:53:47.386+0000] {processor.py:186} INFO - Started process (PID=317) to work on /home/airflow/.local/lib/python3.12/site-packages/airflow/example_dags/example_task_group_decorator.py
[2025-04-13T20:53:47.395+0000] {processor.py:914} INFO - Processing file /home/airflow/.local/lib/python3.12/site-packages/airflow/example_dags/example_task_group_decorator.py for tasks to queue
[2025-04-13T20:53:47.418+0000] {logging_mixin.py:190} INFO - [2025-04-13T20:53:47.417+0000] {dagbag.py:588} INFO - Filling up the DagBag from /home/airflow/.local/lib/python3.12/site-packages/airflow/example_dags/example_task_group_decorator.py
[2025-04-13T20:53:47.487+0000] {processor.py:925} INFO - DAG(s) 'example_task_group_decorator' retrieved from /home/airflow/.local/lib/python3.12/site-packages/airflow/example_dags/example_task_group_decorator.py
[2025-04-13T20:53:47.596+0000] {logging_mixin.py:190} INFO - [2025-04-13T20:53:47.596+0000] {dag.py:3239} INFO - Sync 1 DAGs
[2025-04-13T20:53:47.639+0000] {logging_mixin.py:190} INFO - [2025-04-13T20:53:47.639+0000] {dag.py:4180} INFO - Setting next_dagrun for example_task_group_decorator to None, run_after=None
[2025-04-13T20:53:47.685+0000] {processor.py:208} INFO - Processing /home/airflow/.local/lib/python3.12/site-packages/airflow/example_dags/example_task_group_decorator.py took 0.323 seconds
[2025-04-13T20:54:24.919+0000] {processor.py:186} INFO - Started process (PID=388) to work on /home/airflow/.local/lib/python3.12/site-packages/airflow/example_dags/example_task_group_decorator.py
[2025-04-13T20:54:24.935+0000] {processor.py:914} INFO - Processing file /home/airflow/.local/lib/python3.12/site-packages/airflow/example_dags/example_task_group_decorator.py for tasks to queue
[2025-04-13T20:54:24.968+0000] {logging_mixin.py:190} INFO - [2025-04-13T20:54:24.967+0000] {dagbag.py:588} INFO - Filling up the DagBag from /home/airflow/.local/lib/python3.12/site-packages/airflow/example_dags/example_task_group_decorator.py
[2025-04-13T20:54:25.064+0000] {processor.py:925} INFO - DAG(s) 'example_task_group_decorator' retrieved from /home/airflow/.local/lib/python3.12/site-packages/airflow/example_dags/example_task_group_decorator.py
[2025-04-13T20:54:25.240+0000] {logging_mixin.py:190} INFO - [2025-04-13T20:54:25.240+0000] {dag.py:3239} INFO - Sync 1 DAGs
[2025-04-13T20:54:25.302+0000] {logging_mixin.py:190} INFO - [2025-04-13T20:54:25.301+0000] {dag.py:4180} INFO - Setting next_dagrun for example_task_group_decorator to None, run_after=None
[2025-04-13T20:54:25.359+0000] {processor.py:208} INFO - Processing /home/airflow/.local/lib/python3.12/site-packages/airflow/example_dags/example_task_group_decorator.py took 0.460 seconds
[2025-04-13T20:54:55.824+0000] {processor.py:186} INFO - Started process (PID=450) to work on /home/airflow/.local/lib/python3.12/site-packages/airflow/example_dags/example_task_group_decorator.py
[2025-04-13T20:54:55.830+0000] {processor.py:914} INFO - Processing file /home/airflow/.local/lib/python3.12/site-packages/airflow/example_dags/example_task_group_decorator.py for tasks to queue
[2025-04-13T20:54:55.855+0000] {logging_mixin.py:190} INFO - [2025-04-13T20:54:55.854+0000] {dagbag.py:588} INFO - Filling up the DagBag from /home/airflow/.local/lib/python3.12/site-packages/airflow/example_dags/example_task_group_decorator.py
[2025-04-13T20:54:55.920+0000] {processor.py:925} INFO - DAG(s) 'example_task_group_decorator' retrieved from /home/airflow/.local/lib/python3.12/site-packages/airflow/example_dags/example_task_group_decorator.py
[2025-04-13T20:54:56.018+0000] {logging_mixin.py:190} INFO - [2025-04-13T20:54:56.018+0000] {dag.py:3239} INFO - Sync 1 DAGs
[2025-04-13T20:54:56.058+0000] {logging_mixin.py:190} INFO - [2025-04-13T20:54:56.057+0000] {dag.py:4180} INFO - Setting next_dagrun for example_task_group_decorator to None, run_after=None
[2025-04-13T20:54:56.108+0000] {processor.py:208} INFO - Processing /home/airflow/.local/lib/python3.12/site-packages/airflow/example_dags/example_task_group_decorator.py took 0.298 seconds
[2025-04-13T20:55:26.289+0000] {processor.py:186} INFO - Started process (PID=514) to work on /home/airflow/.local/lib/python3.12/site-packages/airflow/example_dags/example_task_group_decorator.py
[2025-04-13T20:55:26.291+0000] {processor.py:914} INFO - Processing file /home/airflow/.local/lib/python3.12/site-packages/airflow/example_dags/example_task_group_decorator.py for tasks to queue
[2025-04-13T20:55:26.320+0000] {logging_mixin.py:190} INFO - [2025-04-13T20:55:26.319+0000] {dagbag.py:588} INFO - Filling up the DagBag from /home/airflow/.local/lib/python3.12/site-packages/airflow/example_dags/example_task_group_decorator.py
[2025-04-13T20:55:26.368+0000] {processor.py:925} INFO - DAG(s) 'example_task_group_decorator' retrieved from /home/airflow/.local/lib/python3.12/site-packages/airflow/example_dags/example_task_group_decorator.py
[2025-04-13T20:55:26.624+0000] {logging_mixin.py:190} INFO - [2025-04-13T20:55:26.623+0000] {dag.py:3239} INFO - Sync 1 DAGs
[2025-04-13T20:55:26.761+0000] {logging_mixin.py:190} INFO - [2025-04-13T20:55:26.754+0000] {dag.py:4180} INFO - Setting next_dagrun for example_task_group_decorator to None, run_after=None
[2025-04-13T20:55:26.949+0000] {processor.py:208} INFO - Processing /home/airflow/.local/lib/python3.12/site-packages/airflow/example_dags/example_task_group_decorator.py took 0.675 seconds
[2025-04-13T20:55:57.429+0000] {processor.py:186} INFO - Started process (PID=578) to work on /home/airflow/.local/lib/python3.12/site-packages/airflow/example_dags/example_task_group_decorator.py
[2025-04-13T20:55:57.432+0000] {processor.py:914} INFO - Processing file /home/airflow/.local/lib/python3.12/site-packages/airflow/example_dags/example_task_group_decorator.py for tasks to queue
[2025-04-13T20:55:57.443+0000] {logging_mixin.py:190} INFO - [2025-04-13T20:55:57.442+0000] {dagbag.py:588} INFO - Filling up the DagBag from /home/airflow/.local/lib/python3.12/site-packages/airflow/example_dags/example_task_group_decorator.py
[2025-04-13T20:55:57.480+0000] {processor.py:925} INFO - DAG(s) 'example_task_group_decorator' retrieved from /home/airflow/.local/lib/python3.12/site-packages/airflow/example_dags/example_task_group_decorator.py
[2025-04-13T20:55:57.582+0000] {logging_mixin.py:190} INFO - [2025-04-13T20:55:57.581+0000] {dag.py:3239} INFO - Sync 1 DAGs
[2025-04-13T20:55:57.630+0000] {logging_mixin.py:190} INFO - [2025-04-13T20:55:57.630+0000] {dag.py:4180} INFO - Setting next_dagrun for example_task_group_decorator to None, run_after=None
[2025-04-13T20:55:57.720+0000] {processor.py:208} INFO - Processing /home/airflow/.local/lib/python3.12/site-packages/airflow/example_dags/example_task_group_decorator.py took 0.303 seconds
[2025-04-13T20:56:28.315+0000] {processor.py:186} INFO - Started process (PID=642) to work on /home/airflow/.local/lib/python3.12/site-packages/airflow/example_dags/example_task_group_decorator.py
[2025-04-13T20:56:28.317+0000] {processor.py:914} INFO - Processing file /home/airflow/.local/lib/python3.12/site-packages/airflow/example_dags/example_task_group_decorator.py for tasks to queue
[2025-04-13T20:56:28.321+0000] {logging_mixin.py:190} INFO - [2025-04-13T20:56:28.320+0000] {dagbag.py:588} INFO - Filling up the DagBag from /home/airflow/.local/lib/python3.12/site-packages/airflow/example_dags/example_task_group_decorator.py
[2025-04-13T20:56:28.360+0000] {processor.py:925} INFO - DAG(s) 'example_task_group_decorator' retrieved from /home/airflow/.local/lib/python3.12/site-packages/airflow/example_dags/example_task_group_decorator.py
[2025-04-13T20:56:28.426+0000] {logging_mixin.py:190} INFO - [2025-04-13T20:56:28.425+0000] {dag.py:3239} INFO - Sync 1 DAGs
[2025-04-13T20:56:28.457+0000] {logging_mixin.py:190} INFO - [2025-04-13T20:56:28.457+0000] {dag.py:4180} INFO - Setting next_dagrun for example_task_group_decorator to None, run_after=None
[2025-04-13T20:56:28.499+0000] {processor.py:208} INFO - Processing /home/airflow/.local/lib/python3.12/site-packages/airflow/example_dags/example_task_group_decorator.py took 0.197 seconds
[2025-04-13T20:57:00.401+0000] {processor.py:186} INFO - Started process (PID=708) to work on /home/airflow/.local/lib/python3.12/site-packages/airflow/example_dags/example_task_group_decorator.py
[2025-04-13T20:57:00.404+0000] {processor.py:914} INFO - Processing file /home/airflow/.local/lib/python3.12/site-packages/airflow/example_dags/example_task_group_decorator.py for tasks to queue
[2025-04-13T20:57:00.412+0000] {logging_mixin.py:190} INFO - [2025-04-13T20:57:00.411+0000] {dagbag.py:588} INFO - Filling up the DagBag from /home/airflow/.local/lib/python3.12/site-packages/airflow/example_dags/example_task_group_decorator.py
[2025-04-13T20:57:00.451+0000] {processor.py:925} INFO - DAG(s) 'example_task_group_decorator' retrieved from /home/airflow/.local/lib/python3.12/site-packages/airflow/example_dags/example_task_group_decorator.py
[2025-04-13T20:57:00.553+0000] {logging_mixin.py:190} INFO - [2025-04-13T20:57:00.553+0000] {dag.py:3239} INFO - Sync 1 DAGs
[2025-04-13T20:57:00.638+0000] {logging_mixin.py:190} INFO - [2025-04-13T20:57:00.638+0000] {dag.py:4180} INFO - Setting next_dagrun for example_task_group_decorator to None, run_after=None
[2025-04-13T20:57:00.696+0000] {processor.py:208} INFO - Processing /home/airflow/.local/lib/python3.12/site-packages/airflow/example_dags/example_task_group_decorator.py took 0.305 seconds
[2025-04-13T20:57:34.746+0000] {processor.py:186} INFO - Started process (PID=773) to work on /home/airflow/.local/lib/python3.12/site-packages/airflow/example_dags/example_task_group_decorator.py
[2025-04-13T20:57:34.747+0000] {processor.py:914} INFO - Processing file /home/airflow/.local/lib/python3.12/site-packages/airflow/example_dags/example_task_group_decorator.py for tasks to queue
[2025-04-13T20:57:34.751+0000] {logging_mixin.py:190} INFO - [2025-04-13T20:57:34.750+0000] {dagbag.py:588} INFO - Filling up the DagBag from /home/airflow/.local/lib/python3.12/site-packages/airflow/example_dags/example_task_group_decorator.py
[2025-04-13T20:57:34.787+0000] {processor.py:925} INFO - DAG(s) 'example_task_group_decorator' retrieved from /home/airflow/.local/lib/python3.12/site-packages/airflow/example_dags/example_task_group_decorator.py
[2025-04-13T20:57:34.869+0000] {logging_mixin.py:190} INFO - [2025-04-13T20:57:34.866+0000] {dag.py:3239} INFO - Sync 1 DAGs
[2025-04-13T20:57:34.897+0000] {logging_mixin.py:190} INFO - [2025-04-13T20:57:34.897+0000] {dag.py:4180} INFO - Setting next_dagrun for example_task_group_decorator to None, run_after=None
[2025-04-13T20:57:34.945+0000] {processor.py:208} INFO - Processing /home/airflow/.local/lib/python3.12/site-packages/airflow/example_dags/example_task_group_decorator.py took 0.209 seconds
[2025-04-13T20:58:09.428+0000] {processor.py:186} INFO - Started process (PID=837) to work on /home/airflow/.local/lib/python3.12/site-packages/airflow/example_dags/example_task_group_decorator.py
[2025-04-13T20:58:09.433+0000] {processor.py:914} INFO - Processing file /home/airflow/.local/lib/python3.12/site-packages/airflow/example_dags/example_task_group_decorator.py for tasks to queue
[2025-04-13T20:58:09.439+0000] {logging_mixin.py:190} INFO - [2025-04-13T20:58:09.438+0000] {dagbag.py:588} INFO - Filling up the DagBag from /home/airflow/.local/lib/python3.12/site-packages/airflow/example_dags/example_task_group_decorator.py
[2025-04-13T20:58:09.502+0000] {processor.py:925} INFO - DAG(s) 'example_task_group_decorator' retrieved from /home/airflow/.local/lib/python3.12/site-packages/airflow/example_dags/example_task_group_decorator.py
[2025-04-13T20:58:09.611+0000] {logging_mixin.py:190} INFO - [2025-04-13T20:58:09.611+0000] {dag.py:3239} INFO - Sync 1 DAGs
[2025-04-13T20:58:09.664+0000] {logging_mixin.py:190} INFO - [2025-04-13T20:58:09.664+0000] {dag.py:4180} INFO - Setting next_dagrun for example_task_group_decorator to None, run_after=None
[2025-04-13T20:58:09.779+0000] {processor.py:208} INFO - Processing /home/airflow/.local/lib/python3.12/site-packages/airflow/example_dags/example_task_group_decorator.py took 0.364 seconds
[2025-04-13T20:58:40.492+0000] {processor.py:186} INFO - Started process (PID=902) to work on /home/airflow/.local/lib/python3.12/site-packages/airflow/example_dags/example_task_group_decorator.py
[2025-04-13T20:58:40.494+0000] {processor.py:914} INFO - Processing file /home/airflow/.local/lib/python3.12/site-packages/airflow/example_dags/example_task_group_decorator.py for tasks to queue
[2025-04-13T20:58:40.498+0000] {logging_mixin.py:190} INFO - [2025-04-13T20:58:40.498+0000] {dagbag.py:588} INFO - Filling up the DagBag from /home/airflow/.local/lib/python3.12/site-packages/airflow/example_dags/example_task_group_decorator.py
[2025-04-13T20:58:40.536+0000] {processor.py:925} INFO - DAG(s) 'example_task_group_decorator' retrieved from /home/airflow/.local/lib/python3.12/site-packages/airflow/example_dags/example_task_group_decorator.py
[2025-04-13T20:58:40.602+0000] {logging_mixin.py:190} INFO - [2025-04-13T20:58:40.602+0000] {dag.py:3239} INFO - Sync 1 DAGs
[2025-04-13T20:58:40.639+0000] {logging_mixin.py:190} INFO - [2025-04-13T20:58:40.639+0000] {dag.py:4180} INFO - Setting next_dagrun for example_task_group_decorator to None, run_after=None
[2025-04-13T20:58:40.698+0000] {processor.py:208} INFO - Processing /home/airflow/.local/lib/python3.12/site-packages/airflow/example_dags/example_task_group_decorator.py took 0.215 seconds
[2025-04-13T20:59:11.297+0000] {processor.py:186} INFO - Started process (PID=965) to work on /home/airflow/.local/lib/python3.12/site-packages/airflow/example_dags/example_task_group_decorator.py
[2025-04-13T20:59:11.304+0000] {processor.py:914} INFO - Processing file /home/airflow/.local/lib/python3.12/site-packages/airflow/example_dags/example_task_group_decorator.py for tasks to queue
[2025-04-13T20:59:11.308+0000] {logging_mixin.py:190} INFO - [2025-04-13T20:59:11.308+0000] {dagbag.py:588} INFO - Filling up the DagBag from /home/airflow/.local/lib/python3.12/site-packages/airflow/example_dags/example_task_group_decorator.py
[2025-04-13T20:59:11.334+0000] {processor.py:925} INFO - DAG(s) 'example_task_group_decorator' retrieved from /home/airflow/.local/lib/python3.12/site-packages/airflow/example_dags/example_task_group_decorator.py
[2025-04-13T20:59:11.384+0000] {logging_mixin.py:190} INFO - [2025-04-13T20:59:11.383+0000] {dag.py:3239} INFO - Sync 1 DAGs
[2025-04-13T20:59:11.424+0000] {logging_mixin.py:190} INFO - [2025-04-13T20:59:11.424+0000] {dag.py:4180} INFO - Setting next_dagrun for example_task_group_decorator to None, run_after=None
[2025-04-13T20:59:11.468+0000] {processor.py:208} INFO - Processing /home/airflow/.local/lib/python3.12/site-packages/airflow/example_dags/example_task_group_decorator.py took 0.181 seconds
[2025-04-13T20:59:41.861+0000] {processor.py:186} INFO - Started process (PID=1028) to work on /home/airflow/.local/lib/python3.12/site-packages/airflow/example_dags/example_task_group_decorator.py
[2025-04-13T20:59:41.873+0000] {processor.py:914} INFO - Processing file /home/airflow/.local/lib/python3.12/site-packages/airflow/example_dags/example_task_group_decorator.py for tasks to queue
[2025-04-13T20:59:41.886+0000] {logging_mixin.py:190} INFO - [2025-04-13T20:59:41.886+0000] {dagbag.py:588} INFO - Filling up the DagBag from /home/airflow/.local/lib/python3.12/site-packages/airflow/example_dags/example_task_group_decorator.py
[2025-04-13T20:59:41.926+0000] {processor.py:925} INFO - DAG(s) 'example_task_group_decorator' retrieved from /home/airflow/.local/lib/python3.12/site-packages/airflow/example_dags/example_task_group_decorator.py
[2025-04-13T20:59:42.068+0000] {logging_mixin.py:190} INFO - [2025-04-13T20:59:42.067+0000] {dag.py:3239} INFO - Sync 1 DAGs
[2025-04-13T20:59:42.147+0000] {logging_mixin.py:190} INFO - [2025-04-13T20:59:42.147+0000] {dag.py:4180} INFO - Setting next_dagrun for example_task_group_decorator to None, run_after=None
[2025-04-13T20:59:42.204+0000] {processor.py:208} INFO - Processing /home/airflow/.local/lib/python3.12/site-packages/airflow/example_dags/example_task_group_decorator.py took 0.353 seconds
[2025-04-13T21:00:13.091+0000] {processor.py:186} INFO - Started process (PID=1092) to work on /home/airflow/.local/lib/python3.12/site-packages/airflow/example_dags/example_task_group_decorator.py
[2025-04-13T21:00:13.094+0000] {processor.py:914} INFO - Processing file /home/airflow/.local/lib/python3.12/site-packages/airflow/example_dags/example_task_group_decorator.py for tasks to queue
[2025-04-13T21:00:13.101+0000] {logging_mixin.py:190} INFO - [2025-04-13T21:00:13.101+0000] {dagbag.py:588} INFO - Filling up the DagBag from /home/airflow/.local/lib/python3.12/site-packages/airflow/example_dags/example_task_group_decorator.py
[2025-04-13T21:00:13.181+0000] {processor.py:925} INFO - DAG(s) 'example_task_group_decorator' retrieved from /home/airflow/.local/lib/python3.12/site-packages/airflow/example_dags/example_task_group_decorator.py
[2025-04-13T21:00:13.278+0000] {logging_mixin.py:190} INFO - [2025-04-13T21:00:13.278+0000] {dag.py:3239} INFO - Sync 1 DAGs
[2025-04-13T21:00:13.350+0000] {logging_mixin.py:190} INFO - [2025-04-13T21:00:13.348+0000] {dag.py:4180} INFO - Setting next_dagrun for example_task_group_decorator to None, run_after=None
[2025-04-13T21:00:13.477+0000] {processor.py:208} INFO - Processing /home/airflow/.local/lib/python3.12/site-packages/airflow/example_dags/example_task_group_decorator.py took 0.402 seconds
[2025-04-13T21:00:45.175+0000] {processor.py:186} INFO - Started process (PID=1155) to work on /home/airflow/.local/lib/python3.12/site-packages/airflow/example_dags/example_task_group_decorator.py
[2025-04-13T21:00:45.181+0000] {processor.py:914} INFO - Processing file /home/airflow/.local/lib/python3.12/site-packages/airflow/example_dags/example_task_group_decorator.py for tasks to queue
[2025-04-13T21:00:45.202+0000] {logging_mixin.py:190} INFO - [2025-04-13T21:00:45.195+0000] {dagbag.py:588} INFO - Filling up the DagBag from /home/airflow/.local/lib/python3.12/site-packages/airflow/example_dags/example_task_group_decorator.py
[2025-04-13T21:00:45.264+0000] {processor.py:925} INFO - DAG(s) 'example_task_group_decorator' retrieved from /home/airflow/.local/lib/python3.12/site-packages/airflow/example_dags/example_task_group_decorator.py
[2025-04-13T21:00:45.625+0000] {logging_mixin.py:190} INFO - [2025-04-13T21:00:45.624+0000] {dag.py:3239} INFO - Sync 1 DAGs
[2025-04-13T21:00:45.777+0000] {logging_mixin.py:190} INFO - [2025-04-13T21:00:45.777+0000] {dag.py:4180} INFO - Setting next_dagrun for example_task_group_decorator to None, run_after=None
[2025-04-13T21:00:45.852+0000] {processor.py:208} INFO - Processing /home/airflow/.local/lib/python3.12/site-packages/airflow/example_dags/example_task_group_decorator.py took 0.704 seconds
[2025-04-13T21:01:16.926+0000] {processor.py:186} INFO - Started process (PID=1217) to work on /home/airflow/.local/lib/python3.12/site-packages/airflow/example_dags/example_task_group_decorator.py
[2025-04-13T21:01:16.972+0000] {processor.py:914} INFO - Processing file /home/airflow/.local/lib/python3.12/site-packages/airflow/example_dags/example_task_group_decorator.py for tasks to queue
[2025-04-13T21:01:16.991+0000] {logging_mixin.py:190} INFO - [2025-04-13T21:01:16.990+0000] {dagbag.py:588} INFO - Filling up the DagBag from /home/airflow/.local/lib/python3.12/site-packages/airflow/example_dags/example_task_group_decorator.py
[2025-04-13T21:01:17.313+0000] {processor.py:925} INFO - DAG(s) 'example_task_group_decorator' retrieved from /home/airflow/.local/lib/python3.12/site-packages/airflow/example_dags/example_task_group_decorator.py
[2025-04-13T21:01:17.438+0000] {logging_mixin.py:190} INFO - [2025-04-13T21:01:17.434+0000] {dag.py:3239} INFO - Sync 1 DAGs
[2025-04-13T21:01:17.561+0000] {logging_mixin.py:190} INFO - [2025-04-13T21:01:17.551+0000] {dag.py:4180} INFO - Setting next_dagrun for example_task_group_decorator to None, run_after=None
[2025-04-13T21:01:17.635+0000] {processor.py:208} INFO - Processing /home/airflow/.local/lib/python3.12/site-packages/airflow/example_dags/example_task_group_decorator.py took 0.750 seconds
[2025-04-13T21:29:52.675+0000] {processor.py:186} INFO - Started process (PID=235) to work on /home/airflow/.local/lib/python3.12/site-packages/airflow/example_dags/example_task_group_decorator.py
[2025-04-13T21:29:52.810+0000] {processor.py:914} INFO - Processing file /home/airflow/.local/lib/python3.12/site-packages/airflow/example_dags/example_task_group_decorator.py for tasks to queue
[2025-04-13T21:29:53.091+0000] {logging_mixin.py:190} INFO - [2025-04-13T21:29:52.955+0000] {dagbag.py:588} INFO - Filling up the DagBag from /home/airflow/.local/lib/python3.12/site-packages/airflow/example_dags/example_task_group_decorator.py
[2025-04-13T21:29:55.031+0000] {processor.py:925} INFO - DAG(s) 'example_task_group_decorator' retrieved from /home/airflow/.local/lib/python3.12/site-packages/airflow/example_dags/example_task_group_decorator.py
[2025-04-13T21:29:57.143+0000] {logging_mixin.py:190} INFO - [2025-04-13T21:29:56.905+0000] {dag.py:3239} INFO - Sync 1 DAGs
[2025-04-13T21:29:58.136+0000] {logging_mixin.py:190} INFO - [2025-04-13T21:29:58.135+0000] {dag.py:4180} INFO - Setting next_dagrun for example_task_group_decorator to None, run_after=None
[2025-04-13T21:29:58.723+0000] {processor.py:208} INFO - Processing /home/airflow/.local/lib/python3.12/site-packages/airflow/example_dags/example_task_group_decorator.py took 6.135 seconds
[2025-04-13T21:34:34.109+0000] {processor.py:186} INFO - Started process (PID=338) to work on /home/airflow/.local/lib/python3.12/site-packages/airflow/example_dags/example_task_group_decorator.py
[2025-04-13T21:34:34.314+0000] {processor.py:914} INFO - Processing file /home/airflow/.local/lib/python3.12/site-packages/airflow/example_dags/example_task_group_decorator.py for tasks to queue
[2025-04-13T21:34:34.359+0000] {logging_mixin.py:190} INFO - [2025-04-13T21:34:34.337+0000] {dagbag.py:588} INFO - Filling up the DagBag from /home/airflow/.local/lib/python3.12/site-packages/airflow/example_dags/example_task_group_decorator.py
[2025-04-13T21:34:35.703+0000] {processor.py:925} INFO - DAG(s) 'example_task_group_decorator' retrieved from /home/airflow/.local/lib/python3.12/site-packages/airflow/example_dags/example_task_group_decorator.py
[2025-04-13T21:34:37.687+0000] {logging_mixin.py:190} INFO - [2025-04-13T21:34:37.686+0000] {dag.py:3239} INFO - Sync 1 DAGs
[2025-04-13T21:34:39.323+0000] {logging_mixin.py:190} INFO - [2025-04-13T21:34:39.322+0000] {dag.py:4180} INFO - Setting next_dagrun for example_task_group_decorator to None, run_after=None
[2025-04-13T21:34:40.530+0000] {processor.py:208} INFO - Processing /home/airflow/.local/lib/python3.12/site-packages/airflow/example_dags/example_task_group_decorator.py took 6.609 seconds
[2025-04-13T21:54:43.982+0000] {processor.py:186} INFO - Started process (PID=214) to work on /home/airflow/.local/lib/python3.12/site-packages/airflow/example_dags/example_task_group_decorator.py
[2025-04-13T21:54:44.041+0000] {processor.py:914} INFO - Processing file /home/airflow/.local/lib/python3.12/site-packages/airflow/example_dags/example_task_group_decorator.py for tasks to queue
[2025-04-13T21:54:44.189+0000] {logging_mixin.py:190} INFO - [2025-04-13T21:54:44.180+0000] {dagbag.py:588} INFO - Filling up the DagBag from /home/airflow/.local/lib/python3.12/site-packages/airflow/example_dags/example_task_group_decorator.py
[2025-04-13T21:54:44.996+0000] {processor.py:925} INFO - DAG(s) 'example_task_group_decorator' retrieved from /home/airflow/.local/lib/python3.12/site-packages/airflow/example_dags/example_task_group_decorator.py
[2025-04-13T21:54:47.466+0000] {logging_mixin.py:190} INFO - [2025-04-13T21:54:47.465+0000] {dag.py:3239} INFO - Sync 1 DAGs
[2025-04-13T21:54:48.893+0000] {logging_mixin.py:190} INFO - [2025-04-13T21:54:48.893+0000] {dag.py:4180} INFO - Setting next_dagrun for example_task_group_decorator to None, run_after=None
[2025-04-13T21:54:50.742+0000] {processor.py:208} INFO - Processing /home/airflow/.local/lib/python3.12/site-packages/airflow/example_dags/example_task_group_decorator.py took 7.372 seconds
[2025-04-13T22:32:08.980+0000] {processor.py:186} INFO - Started process (PID=143) to work on /home/airflow/.local/lib/python3.12/site-packages/airflow/example_dags/example_task_group_decorator.py
[2025-04-13T22:32:08.994+0000] {processor.py:914} INFO - Processing file /home/airflow/.local/lib/python3.12/site-packages/airflow/example_dags/example_task_group_decorator.py for tasks to queue
[2025-04-13T22:32:09.007+0000] {logging_mixin.py:190} INFO - [2025-04-13T22:32:09.006+0000] {dagbag.py:588} INFO - Filling up the DagBag from /home/airflow/.local/lib/python3.12/site-packages/airflow/example_dags/example_task_group_decorator.py
[2025-04-13T22:32:09.211+0000] {processor.py:925} INFO - DAG(s) 'example_task_group_decorator' retrieved from /home/airflow/.local/lib/python3.12/site-packages/airflow/example_dags/example_task_group_decorator.py
[2025-04-13T22:32:09.603+0000] {logging_mixin.py:190} INFO - [2025-04-13T22:32:09.597+0000] {dag.py:3239} INFO - Sync 1 DAGs
[2025-04-13T22:32:09.769+0000] {logging_mixin.py:190} INFO - [2025-04-13T22:32:09.768+0000] {dag.py:4180} INFO - Setting next_dagrun for example_task_group_decorator to None, run_after=None
[2025-04-13T22:32:09.984+0000] {processor.py:208} INFO - Processing /home/airflow/.local/lib/python3.12/site-packages/airflow/example_dags/example_task_group_decorator.py took 1.054 seconds
[2025-04-13T22:32:45.274+0000] {processor.py:186} INFO - Started process (PID=207) to work on /home/airflow/.local/lib/python3.12/site-packages/airflow/example_dags/example_task_group_decorator.py
[2025-04-13T22:32:45.286+0000] {processor.py:914} INFO - Processing file /home/airflow/.local/lib/python3.12/site-packages/airflow/example_dags/example_task_group_decorator.py for tasks to queue
[2025-04-13T22:32:45.302+0000] {logging_mixin.py:190} INFO - [2025-04-13T22:32:45.298+0000] {dagbag.py:588} INFO - Filling up the DagBag from /home/airflow/.local/lib/python3.12/site-packages/airflow/example_dags/example_task_group_decorator.py
[2025-04-13T22:32:45.474+0000] {processor.py:925} INFO - DAG(s) 'example_task_group_decorator' retrieved from /home/airflow/.local/lib/python3.12/site-packages/airflow/example_dags/example_task_group_decorator.py
[2025-04-13T22:32:45.760+0000] {logging_mixin.py:190} INFO - [2025-04-13T22:32:45.759+0000] {dag.py:3239} INFO - Sync 1 DAGs
[2025-04-13T22:32:45.892+0000] {logging_mixin.py:190} INFO - [2025-04-13T22:32:45.883+0000] {dag.py:4180} INFO - Setting next_dagrun for example_task_group_decorator to None, run_after=None
[2025-04-13T22:32:46.109+0000] {processor.py:208} INFO - Processing /home/airflow/.local/lib/python3.12/site-packages/airflow/example_dags/example_task_group_decorator.py took 0.850 seconds
[2025-04-13T22:33:19.844+0000] {processor.py:186} INFO - Started process (PID=271) to work on /home/airflow/.local/lib/python3.12/site-packages/airflow/example_dags/example_task_group_decorator.py
[2025-04-13T22:33:19.848+0000] {processor.py:914} INFO - Processing file /home/airflow/.local/lib/python3.12/site-packages/airflow/example_dags/example_task_group_decorator.py for tasks to queue
[2025-04-13T22:33:19.859+0000] {logging_mixin.py:190} INFO - [2025-04-13T22:33:19.856+0000] {dagbag.py:588} INFO - Filling up the DagBag from /home/airflow/.local/lib/python3.12/site-packages/airflow/example_dags/example_task_group_decorator.py
[2025-04-13T22:33:19.902+0000] {processor.py:925} INFO - DAG(s) 'example_task_group_decorator' retrieved from /home/airflow/.local/lib/python3.12/site-packages/airflow/example_dags/example_task_group_decorator.py
[2025-04-13T22:33:20.229+0000] {logging_mixin.py:190} INFO - [2025-04-13T22:33:20.229+0000] {dag.py:3239} INFO - Sync 1 DAGs
[2025-04-13T22:33:20.336+0000] {logging_mixin.py:190} INFO - [2025-04-13T22:33:20.335+0000] {dag.py:4180} INFO - Setting next_dagrun for example_task_group_decorator to None, run_after=None
[2025-04-13T22:33:20.496+0000] {processor.py:208} INFO - Processing /home/airflow/.local/lib/python3.12/site-packages/airflow/example_dags/example_task_group_decorator.py took 0.675 seconds
[2025-04-13T22:33:53.233+0000] {processor.py:186} INFO - Started process (PID=335) to work on /home/airflow/.local/lib/python3.12/site-packages/airflow/example_dags/example_task_group_decorator.py
[2025-04-13T22:33:53.240+0000] {processor.py:914} INFO - Processing file /home/airflow/.local/lib/python3.12/site-packages/airflow/example_dags/example_task_group_decorator.py for tasks to queue
[2025-04-13T22:33:53.246+0000] {logging_mixin.py:190} INFO - [2025-04-13T22:33:53.245+0000] {dagbag.py:588} INFO - Filling up the DagBag from /home/airflow/.local/lib/python3.12/site-packages/airflow/example_dags/example_task_group_decorator.py
[2025-04-13T22:33:53.311+0000] {processor.py:925} INFO - DAG(s) 'example_task_group_decorator' retrieved from /home/airflow/.local/lib/python3.12/site-packages/airflow/example_dags/example_task_group_decorator.py
[2025-04-13T22:33:53.458+0000] {logging_mixin.py:190} INFO - [2025-04-13T22:33:53.458+0000] {dag.py:3239} INFO - Sync 1 DAGs
[2025-04-13T22:33:53.518+0000] {logging_mixin.py:190} INFO - [2025-04-13T22:33:53.517+0000] {dag.py:4180} INFO - Setting next_dagrun for example_task_group_decorator to None, run_after=None
[2025-04-13T22:33:53.588+0000] {processor.py:208} INFO - Processing /home/airflow/.local/lib/python3.12/site-packages/airflow/example_dags/example_task_group_decorator.py took 0.370 seconds
[2025-04-13T22:34:32.551+0000] {processor.py:186} INFO - Started process (PID=405) to work on /home/airflow/.local/lib/python3.12/site-packages/airflow/example_dags/example_task_group_decorator.py
[2025-04-13T22:34:32.562+0000] {processor.py:914} INFO - Processing file /home/airflow/.local/lib/python3.12/site-packages/airflow/example_dags/example_task_group_decorator.py for tasks to queue
[2025-04-13T22:34:32.568+0000] {logging_mixin.py:190} INFO - [2025-04-13T22:34:32.567+0000] {dagbag.py:588} INFO - Filling up the DagBag from /home/airflow/.local/lib/python3.12/site-packages/airflow/example_dags/example_task_group_decorator.py
[2025-04-13T22:34:32.624+0000] {processor.py:925} INFO - DAG(s) 'example_task_group_decorator' retrieved from /home/airflow/.local/lib/python3.12/site-packages/airflow/example_dags/example_task_group_decorator.py
[2025-04-13T22:34:32.710+0000] {logging_mixin.py:190} INFO - [2025-04-13T22:34:32.709+0000] {dag.py:3239} INFO - Sync 1 DAGs
[2025-04-13T22:34:32.765+0000] {logging_mixin.py:190} INFO - [2025-04-13T22:34:32.765+0000] {dag.py:4180} INFO - Setting next_dagrun for example_task_group_decorator to None, run_after=None
[2025-04-13T22:34:32.829+0000] {processor.py:208} INFO - Processing /home/airflow/.local/lib/python3.12/site-packages/airflow/example_dags/example_task_group_decorator.py took 0.291 seconds
[2025-04-13T22:35:21.665+0000] {processor.py:186} INFO - Started process (PID=481) to work on /home/airflow/.local/lib/python3.12/site-packages/airflow/example_dags/example_task_group_decorator.py
[2025-04-13T22:35:21.668+0000] {processor.py:914} INFO - Processing file /home/airflow/.local/lib/python3.12/site-packages/airflow/example_dags/example_task_group_decorator.py for tasks to queue
[2025-04-13T22:35:21.676+0000] {logging_mixin.py:190} INFO - [2025-04-13T22:35:21.675+0000] {dagbag.py:588} INFO - Filling up the DagBag from /home/airflow/.local/lib/python3.12/site-packages/airflow/example_dags/example_task_group_decorator.py
[2025-04-13T22:35:21.723+0000] {processor.py:925} INFO - DAG(s) 'example_task_group_decorator' retrieved from /home/airflow/.local/lib/python3.12/site-packages/airflow/example_dags/example_task_group_decorator.py
[2025-04-13T22:35:21.860+0000] {logging_mixin.py:190} INFO - [2025-04-13T22:35:21.859+0000] {dag.py:3239} INFO - Sync 1 DAGs
[2025-04-13T22:35:21.914+0000] {logging_mixin.py:190} INFO - [2025-04-13T22:35:21.913+0000] {dag.py:4180} INFO - Setting next_dagrun for example_task_group_decorator to None, run_after=None
[2025-04-13T22:35:22.015+0000] {processor.py:208} INFO - Processing /home/airflow/.local/lib/python3.12/site-packages/airflow/example_dags/example_task_group_decorator.py took 0.375 seconds
[2025-04-13T22:36:02.679+0000] {processor.py:186} INFO - Started process (PID=558) to work on /home/airflow/.local/lib/python3.12/site-packages/airflow/example_dags/example_task_group_decorator.py
[2025-04-13T22:36:02.690+0000] {processor.py:914} INFO - Processing file /home/airflow/.local/lib/python3.12/site-packages/airflow/example_dags/example_task_group_decorator.py for tasks to queue
[2025-04-13T22:36:02.703+0000] {logging_mixin.py:190} INFO - [2025-04-13T22:36:02.700+0000] {dagbag.py:588} INFO - Filling up the DagBag from /home/airflow/.local/lib/python3.12/site-packages/airflow/example_dags/example_task_group_decorator.py
[2025-04-13T22:36:02.769+0000] {processor.py:925} INFO - DAG(s) 'example_task_group_decorator' retrieved from /home/airflow/.local/lib/python3.12/site-packages/airflow/example_dags/example_task_group_decorator.py
[2025-04-13T22:36:02.944+0000] {logging_mixin.py:190} INFO - [2025-04-13T22:36:02.943+0000] {dag.py:3239} INFO - Sync 1 DAGs
[2025-04-13T22:36:03.015+0000] {logging_mixin.py:190} INFO - [2025-04-13T22:36:03.015+0000] {dag.py:4180} INFO - Setting next_dagrun for example_task_group_decorator to None, run_after=None
[2025-04-13T22:36:03.110+0000] {processor.py:208} INFO - Processing /home/airflow/.local/lib/python3.12/site-packages/airflow/example_dags/example_task_group_decorator.py took 0.458 seconds
[2025-04-13T22:36:40.936+0000] {processor.py:186} INFO - Started process (PID=622) to work on /home/airflow/.local/lib/python3.12/site-packages/airflow/example_dags/example_task_group_decorator.py
[2025-04-13T22:36:40.939+0000] {processor.py:914} INFO - Processing file /home/airflow/.local/lib/python3.12/site-packages/airflow/example_dags/example_task_group_decorator.py for tasks to queue
[2025-04-13T22:36:40.945+0000] {logging_mixin.py:190} INFO - [2025-04-13T22:36:40.944+0000] {dagbag.py:588} INFO - Filling up the DagBag from /home/airflow/.local/lib/python3.12/site-packages/airflow/example_dags/example_task_group_decorator.py
[2025-04-13T22:36:41.148+0000] {processor.py:925} INFO - DAG(s) 'example_task_group_decorator' retrieved from /home/airflow/.local/lib/python3.12/site-packages/airflow/example_dags/example_task_group_decorator.py
[2025-04-13T22:36:41.486+0000] {logging_mixin.py:190} INFO - [2025-04-13T22:36:41.485+0000] {dag.py:3239} INFO - Sync 1 DAGs
[2025-04-13T22:36:41.601+0000] {logging_mixin.py:190} INFO - [2025-04-13T22:36:41.600+0000] {dag.py:4180} INFO - Setting next_dagrun for example_task_group_decorator to None, run_after=None
[2025-04-13T22:36:41.827+0000] {processor.py:208} INFO - Processing /home/airflow/.local/lib/python3.12/site-packages/airflow/example_dags/example_task_group_decorator.py took 0.923 seconds
[2025-04-13T22:37:42.574+0000] {processor.py:186} INFO - Started process (PID=700) to work on /home/airflow/.local/lib/python3.12/site-packages/airflow/example_dags/example_task_group_decorator.py
[2025-04-13T22:37:42.593+0000] {processor.py:914} INFO - Processing file /home/airflow/.local/lib/python3.12/site-packages/airflow/example_dags/example_task_group_decorator.py for tasks to queue
[2025-04-13T22:37:42.656+0000] {logging_mixin.py:190} INFO - [2025-04-13T22:37:42.624+0000] {dagbag.py:588} INFO - Filling up the DagBag from /home/airflow/.local/lib/python3.12/site-packages/airflow/example_dags/example_task_group_decorator.py
[2025-04-13T22:37:42.826+0000] {processor.py:925} INFO - DAG(s) 'example_task_group_decorator' retrieved from /home/airflow/.local/lib/python3.12/site-packages/airflow/example_dags/example_task_group_decorator.py
[2025-04-13T22:37:43.103+0000] {logging_mixin.py:190} INFO - [2025-04-13T22:37:43.103+0000] {dag.py:3239} INFO - Sync 1 DAGs
[2025-04-13T22:37:43.482+0000] {logging_mixin.py:190} INFO - [2025-04-13T22:37:43.481+0000] {dag.py:4180} INFO - Setting next_dagrun for example_task_group_decorator to None, run_after=None
[2025-04-13T22:37:43.649+0000] {processor.py:208} INFO - Processing /home/airflow/.local/lib/python3.12/site-packages/airflow/example_dags/example_task_group_decorator.py took 1.156 seconds
[2025-04-13T22:38:22.294+0000] {processor.py:186} INFO - Started process (PID=764) to work on /home/airflow/.local/lib/python3.12/site-packages/airflow/example_dags/example_task_group_decorator.py
[2025-04-13T22:38:22.311+0000] {processor.py:914} INFO - Processing file /home/airflow/.local/lib/python3.12/site-packages/airflow/example_dags/example_task_group_decorator.py for tasks to queue
[2025-04-13T22:38:22.320+0000] {logging_mixin.py:190} INFO - [2025-04-13T22:38:22.320+0000] {dagbag.py:588} INFO - Filling up the DagBag from /home/airflow/.local/lib/python3.12/site-packages/airflow/example_dags/example_task_group_decorator.py
[2025-04-13T22:38:22.507+0000] {processor.py:925} INFO - DAG(s) 'example_task_group_decorator' retrieved from /home/airflow/.local/lib/python3.12/site-packages/airflow/example_dags/example_task_group_decorator.py
[2025-04-13T22:38:22.778+0000] {logging_mixin.py:190} INFO - [2025-04-13T22:38:22.762+0000] {dag.py:3239} INFO - Sync 1 DAGs
[2025-04-13T22:38:22.914+0000] {logging_mixin.py:190} INFO - [2025-04-13T22:38:22.913+0000] {dag.py:4180} INFO - Setting next_dagrun for example_task_group_decorator to None, run_after=None
[2025-04-13T22:38:23.119+0000] {processor.py:208} INFO - Processing /home/airflow/.local/lib/python3.12/site-packages/airflow/example_dags/example_task_group_decorator.py took 0.841 seconds
[2025-04-13T22:39:03.819+0000] {processor.py:186} INFO - Started process (PID=831) to work on /home/airflow/.local/lib/python3.12/site-packages/airflow/example_dags/example_task_group_decorator.py
[2025-04-13T22:39:03.826+0000] {processor.py:914} INFO - Processing file /home/airflow/.local/lib/python3.12/site-packages/airflow/example_dags/example_task_group_decorator.py for tasks to queue
[2025-04-13T22:39:03.914+0000] {logging_mixin.py:190} INFO - [2025-04-13T22:39:03.885+0000] {dagbag.py:588} INFO - Filling up the DagBag from /home/airflow/.local/lib/python3.12/site-packages/airflow/example_dags/example_task_group_decorator.py
[2025-04-13T22:39:04.135+0000] {processor.py:925} INFO - DAG(s) 'example_task_group_decorator' retrieved from /home/airflow/.local/lib/python3.12/site-packages/airflow/example_dags/example_task_group_decorator.py
[2025-04-13T22:39:04.633+0000] {logging_mixin.py:190} INFO - [2025-04-13T22:39:04.633+0000] {dag.py:3239} INFO - Sync 1 DAGs
[2025-04-13T22:39:04.801+0000] {logging_mixin.py:190} INFO - [2025-04-13T22:39:04.791+0000] {dag.py:4180} INFO - Setting next_dagrun for example_task_group_decorator to None, run_after=None
[2025-04-13T22:39:04.967+0000] {processor.py:208} INFO - Processing /home/airflow/.local/lib/python3.12/site-packages/airflow/example_dags/example_task_group_decorator.py took 1.185 seconds
[2025-04-13T22:39:41.820+0000] {processor.py:186} INFO - Started process (PID=900) to work on /home/airflow/.local/lib/python3.12/site-packages/airflow/example_dags/example_task_group_decorator.py
[2025-04-13T22:39:41.963+0000] {processor.py:914} INFO - Processing file /home/airflow/.local/lib/python3.12/site-packages/airflow/example_dags/example_task_group_decorator.py for tasks to queue
[2025-04-13T22:39:42.083+0000] {logging_mixin.py:190} INFO - [2025-04-13T22:39:42.050+0000] {dagbag.py:588} INFO - Filling up the DagBag from /home/airflow/.local/lib/python3.12/site-packages/airflow/example_dags/example_task_group_decorator.py
[2025-04-13T22:39:42.316+0000] {processor.py:925} INFO - DAG(s) 'example_task_group_decorator' retrieved from /home/airflow/.local/lib/python3.12/site-packages/airflow/example_dags/example_task_group_decorator.py
[2025-04-13T22:39:42.764+0000] {logging_mixin.py:190} INFO - [2025-04-13T22:39:42.754+0000] {dag.py:3239} INFO - Sync 1 DAGs
[2025-04-13T22:39:43.445+0000] {logging_mixin.py:190} INFO - [2025-04-13T22:39:43.444+0000] {dag.py:4180} INFO - Setting next_dagrun for example_task_group_decorator to None, run_after=None
[2025-04-13T22:39:44.096+0000] {processor.py:208} INFO - Processing /home/airflow/.local/lib/python3.12/site-packages/airflow/example_dags/example_task_group_decorator.py took 2.328 seconds
[2025-04-13T22:42:08.164+0000] {processor.py:186} INFO - Started process (PID=1017) to work on /home/airflow/.local/lib/python3.12/site-packages/airflow/example_dags/example_task_group_decorator.py
[2025-04-13T22:42:08.174+0000] {processor.py:914} INFO - Processing file /home/airflow/.local/lib/python3.12/site-packages/airflow/example_dags/example_task_group_decorator.py for tasks to queue
[2025-04-13T22:42:08.209+0000] {logging_mixin.py:190} INFO - [2025-04-13T22:42:08.207+0000] {dagbag.py:588} INFO - Filling up the DagBag from /home/airflow/.local/lib/python3.12/site-packages/airflow/example_dags/example_task_group_decorator.py
[2025-04-13T22:42:08.272+0000] {processor.py:925} INFO - DAG(s) 'example_task_group_decorator' retrieved from /home/airflow/.local/lib/python3.12/site-packages/airflow/example_dags/example_task_group_decorator.py
[2025-04-13T22:42:08.407+0000] {logging_mixin.py:190} INFO - [2025-04-13T22:42:08.407+0000] {dag.py:3239} INFO - Sync 1 DAGs
[2025-04-13T22:42:08.493+0000] {logging_mixin.py:190} INFO - [2025-04-13T22:42:08.493+0000] {dag.py:4180} INFO - Setting next_dagrun for example_task_group_decorator to None, run_after=None
[2025-04-13T22:42:08.690+0000] {processor.py:208} INFO - Processing /home/airflow/.local/lib/python3.12/site-packages/airflow/example_dags/example_task_group_decorator.py took 0.593 seconds
[2025-04-13T22:42:44.150+0000] {processor.py:186} INFO - Started process (PID=1087) to work on /home/airflow/.local/lib/python3.12/site-packages/airflow/example_dags/example_task_group_decorator.py
[2025-04-13T22:42:44.153+0000] {processor.py:914} INFO - Processing file /home/airflow/.local/lib/python3.12/site-packages/airflow/example_dags/example_task_group_decorator.py for tasks to queue
[2025-04-13T22:42:44.159+0000] {logging_mixin.py:190} INFO - [2025-04-13T22:42:44.158+0000] {dagbag.py:588} INFO - Filling up the DagBag from /home/airflow/.local/lib/python3.12/site-packages/airflow/example_dags/example_task_group_decorator.py
[2025-04-13T22:42:44.239+0000] {processor.py:925} INFO - DAG(s) 'example_task_group_decorator' retrieved from /home/airflow/.local/lib/python3.12/site-packages/airflow/example_dags/example_task_group_decorator.py
[2025-04-13T22:42:44.380+0000] {logging_mixin.py:190} INFO - [2025-04-13T22:42:44.380+0000] {dag.py:3239} INFO - Sync 1 DAGs
[2025-04-13T22:42:44.453+0000] {logging_mixin.py:190} INFO - [2025-04-13T22:42:44.453+0000] {dag.py:4180} INFO - Setting next_dagrun for example_task_group_decorator to None, run_after=None
[2025-04-13T22:42:44.720+0000] {processor.py:208} INFO - Processing /home/airflow/.local/lib/python3.12/site-packages/airflow/example_dags/example_task_group_decorator.py took 0.594 seconds
[2025-04-13T22:44:11.508+0000] {processor.py:186} INFO - Started process (PID=1162) to work on /home/airflow/.local/lib/python3.12/site-packages/airflow/example_dags/example_task_group_decorator.py
[2025-04-13T22:44:11.543+0000] {processor.py:914} INFO - Processing file /home/airflow/.local/lib/python3.12/site-packages/airflow/example_dags/example_task_group_decorator.py for tasks to queue
[2025-04-13T22:44:11.604+0000] {logging_mixin.py:190} INFO - [2025-04-13T22:44:11.603+0000] {dagbag.py:588} INFO - Filling up the DagBag from /home/airflow/.local/lib/python3.12/site-packages/airflow/example_dags/example_task_group_decorator.py
[2025-04-13T22:44:12.057+0000] {processor.py:925} INFO - DAG(s) 'example_task_group_decorator' retrieved from /home/airflow/.local/lib/python3.12/site-packages/airflow/example_dags/example_task_group_decorator.py
[2025-04-13T22:44:13.696+0000] {logging_mixin.py:190} INFO - [2025-04-13T22:44:13.695+0000] {dag.py:3239} INFO - Sync 1 DAGs
[2025-04-13T22:44:14.190+0000] {logging_mixin.py:190} INFO - [2025-04-13T22:44:14.190+0000] {dag.py:4180} INFO - Setting next_dagrun for example_task_group_decorator to None, run_after=None
[2025-04-13T22:44:14.817+0000] {processor.py:208} INFO - Processing /home/airflow/.local/lib/python3.12/site-packages/airflow/example_dags/example_task_group_decorator.py took 3.375 seconds
[2025-04-13T22:45:26.387+0000] {processor.py:186} INFO - Started process (PID=1245) to work on /home/airflow/.local/lib/python3.12/site-packages/airflow/example_dags/example_task_group_decorator.py
[2025-04-13T22:45:26.424+0000] {processor.py:914} INFO - Processing file /home/airflow/.local/lib/python3.12/site-packages/airflow/example_dags/example_task_group_decorator.py for tasks to queue
[2025-04-13T22:45:26.505+0000] {logging_mixin.py:190} INFO - [2025-04-13T22:45:26.504+0000] {dagbag.py:588} INFO - Filling up the DagBag from /home/airflow/.local/lib/python3.12/site-packages/airflow/example_dags/example_task_group_decorator.py
[2025-04-13T22:45:26.823+0000] {processor.py:925} INFO - DAG(s) 'example_task_group_decorator' retrieved from /home/airflow/.local/lib/python3.12/site-packages/airflow/example_dags/example_task_group_decorator.py
[2025-04-13T22:45:27.968+0000] {logging_mixin.py:190} INFO - [2025-04-13T22:45:27.967+0000] {dag.py:3239} INFO - Sync 1 DAGs
[2025-04-13T22:45:28.338+0000] {logging_mixin.py:190} INFO - [2025-04-13T22:45:28.337+0000] {dag.py:4180} INFO - Setting next_dagrun for example_task_group_decorator to None, run_after=None
[2025-04-13T22:45:28.704+0000] {processor.py:208} INFO - Processing /home/airflow/.local/lib/python3.12/site-packages/airflow/example_dags/example_task_group_decorator.py took 2.373 seconds
