[2025-04-13T16:48:43.028+0000] {processor.py:186} INFO - Started process (PID=100) to work on /home/airflow/.local/lib/python3.12/site-packages/airflow/example_dags/example_sensors.py
[2025-04-13T16:48:43.033+0000] {processor.py:914} INFO - Processing file /home/airflow/.local/lib/python3.12/site-packages/airflow/example_dags/example_sensors.py for tasks to queue
[2025-04-13T16:48:43.085+0000] {logging_mixin.py:190} INFO - [2025-04-13T16:48:43.067+0000] {dagbag.py:588} INFO - Filling up the DagBag from /home/airflow/.local/lib/python3.12/site-packages/airflow/example_dags/example_sensors.py
[2025-04-13T16:48:43.276+0000] {processor.py:925} INFO - DAG(s) 'example_sensors' retrieved from /home/airflow/.local/lib/python3.12/site-packages/airflow/example_dags/example_sensors.py
[2025-04-13T16:48:44.423+0000] {logging_mixin.py:190} INFO - [2025-04-13T16:48:44.422+0000] {override.py:1912} INFO - Created Permission View: can read on DAG:example_sensors
[2025-04-13T16:48:44.556+0000] {logging_mixin.py:190} INFO - [2025-04-13T16:48:44.544+0000] {override.py:1912} INFO - Created Permission View: can edit on DAG:example_sensors
[2025-04-13T16:48:44.582+0000] {logging_mixin.py:190} INFO - [2025-04-13T16:48:44.582+0000] {override.py:1912} INFO - Created Permission View: can delete on DAG:example_sensors
[2025-04-13T16:48:44.669+0000] {logging_mixin.py:190} INFO - [2025-04-13T16:48:44.669+0000] {override.py:1912} INFO - Created Permission View: can read on DAG Run:example_sensors
[2025-04-13T16:48:44.722+0000] {logging_mixin.py:190} INFO - [2025-04-13T16:48:44.722+0000] {override.py:1912} INFO - Created Permission View: menu access on DAG Run:example_sensors
[2025-04-13T16:48:44.812+0000] {logging_mixin.py:190} INFO - [2025-04-13T16:48:44.810+0000] {override.py:1912} INFO - Created Permission View: can create on DAG Run:example_sensors
[2025-04-13T16:48:44.933+0000] {logging_mixin.py:190} INFO - [2025-04-13T16:48:44.933+0000] {override.py:1912} INFO - Created Permission View: can delete on DAG Run:example_sensors
[2025-04-13T16:48:44.997+0000] {logging_mixin.py:190} INFO - [2025-04-13T16:48:44.996+0000] {dag.py:3239} INFO - Sync 1 DAGs
[2025-04-13T16:48:45.123+0000] {logging_mixin.py:190} INFO - [2025-04-13T16:48:45.122+0000] {dag.py:3262} INFO - Creating ORM DAG for example_sensors
[2025-04-13T16:48:45.129+0000] {logging_mixin.py:190} INFO - [2025-04-13T16:48:45.128+0000] {dag.py:4180} INFO - Setting next_dagrun for example_sensors to None, run_after=None
[2025-04-13T16:48:45.705+0000] {processor.py:208} INFO - Processing /home/airflow/.local/lib/python3.12/site-packages/airflow/example_dags/example_sensors.py took 2.828 seconds
[2025-04-13T16:50:38.633+0000] {processor.py:186} INFO - Started process (PID=181) to work on /home/airflow/.local/lib/python3.12/site-packages/airflow/example_dags/example_sensors.py
[2025-04-13T16:50:38.635+0000] {processor.py:914} INFO - Processing file /home/airflow/.local/lib/python3.12/site-packages/airflow/example_dags/example_sensors.py for tasks to queue
[2025-04-13T16:50:38.660+0000] {logging_mixin.py:190} INFO - [2025-04-13T16:50:38.659+0000] {dagbag.py:588} INFO - Filling up the DagBag from /home/airflow/.local/lib/python3.12/site-packages/airflow/example_dags/example_sensors.py
[2025-04-13T16:50:38.703+0000] {processor.py:925} INFO - DAG(s) 'example_sensors' retrieved from /home/airflow/.local/lib/python3.12/site-packages/airflow/example_dags/example_sensors.py
[2025-04-13T16:50:38.989+0000] {logging_mixin.py:190} INFO - [2025-04-13T16:50:38.988+0000] {dag.py:3239} INFO - Sync 1 DAGs
[2025-04-13T16:50:39.062+0000] {logging_mixin.py:190} INFO - [2025-04-13T16:50:39.062+0000] {dag.py:4180} INFO - Setting next_dagrun for example_sensors to None, run_after=None
[2025-04-13T16:50:39.164+0000] {processor.py:208} INFO - Processing /home/airflow/.local/lib/python3.12/site-packages/airflow/example_dags/example_sensors.py took 0.546 seconds
[2025-04-13T16:51:19.838+0000] {processor.py:186} INFO - Started process (PID=251) to work on /home/airflow/.local/lib/python3.12/site-packages/airflow/example_dags/example_sensors.py
[2025-04-13T16:51:19.846+0000] {processor.py:914} INFO - Processing file /home/airflow/.local/lib/python3.12/site-packages/airflow/example_dags/example_sensors.py for tasks to queue
[2025-04-13T16:51:19.862+0000] {logging_mixin.py:190} INFO - [2025-04-13T16:51:19.862+0000] {dagbag.py:588} INFO - Filling up the DagBag from /home/airflow/.local/lib/python3.12/site-packages/airflow/example_dags/example_sensors.py
[2025-04-13T16:51:19.923+0000] {processor.py:925} INFO - DAG(s) 'example_sensors' retrieved from /home/airflow/.local/lib/python3.12/site-packages/airflow/example_dags/example_sensors.py
[2025-04-13T16:51:20.031+0000] {logging_mixin.py:190} INFO - [2025-04-13T16:51:20.030+0000] {dag.py:3239} INFO - Sync 1 DAGs
[2025-04-13T16:51:20.256+0000] {logging_mixin.py:190} INFO - [2025-04-13T16:51:20.253+0000] {dag.py:4180} INFO - Setting next_dagrun for example_sensors to None, run_after=None
[2025-04-13T16:51:20.395+0000] {processor.py:208} INFO - Processing /home/airflow/.local/lib/python3.12/site-packages/airflow/example_dags/example_sensors.py took 0.579 seconds
[2025-04-13T16:51:51.158+0000] {processor.py:186} INFO - Started process (PID=313) to work on /home/airflow/.local/lib/python3.12/site-packages/airflow/example_dags/example_sensors.py
[2025-04-13T16:51:51.160+0000] {processor.py:914} INFO - Processing file /home/airflow/.local/lib/python3.12/site-packages/airflow/example_dags/example_sensors.py for tasks to queue
[2025-04-13T16:51:51.170+0000] {logging_mixin.py:190} INFO - [2025-04-13T16:51:51.169+0000] {dagbag.py:588} INFO - Filling up the DagBag from /home/airflow/.local/lib/python3.12/site-packages/airflow/example_dags/example_sensors.py
[2025-04-13T16:51:51.217+0000] {processor.py:925} INFO - DAG(s) 'example_sensors' retrieved from /home/airflow/.local/lib/python3.12/site-packages/airflow/example_dags/example_sensors.py
[2025-04-13T16:51:51.341+0000] {logging_mixin.py:190} INFO - [2025-04-13T16:51:51.340+0000] {dag.py:3239} INFO - Sync 1 DAGs
[2025-04-13T16:51:51.387+0000] {logging_mixin.py:190} INFO - [2025-04-13T16:51:51.387+0000] {dag.py:4180} INFO - Setting next_dagrun for example_sensors to None, run_after=None
[2025-04-13T16:51:51.465+0000] {processor.py:208} INFO - Processing /home/airflow/.local/lib/python3.12/site-packages/airflow/example_dags/example_sensors.py took 0.324 seconds
[2025-04-13T16:52:21.691+0000] {processor.py:186} INFO - Started process (PID=376) to work on /home/airflow/.local/lib/python3.12/site-packages/airflow/example_dags/example_sensors.py
[2025-04-13T16:52:21.693+0000] {processor.py:914} INFO - Processing file /home/airflow/.local/lib/python3.12/site-packages/airflow/example_dags/example_sensors.py for tasks to queue
[2025-04-13T16:52:21.698+0000] {logging_mixin.py:190} INFO - [2025-04-13T16:52:21.697+0000] {dagbag.py:588} INFO - Filling up the DagBag from /home/airflow/.local/lib/python3.12/site-packages/airflow/example_dags/example_sensors.py
[2025-04-13T16:52:21.727+0000] {processor.py:925} INFO - DAG(s) 'example_sensors' retrieved from /home/airflow/.local/lib/python3.12/site-packages/airflow/example_dags/example_sensors.py
[2025-04-13T16:52:21.836+0000] {logging_mixin.py:190} INFO - [2025-04-13T16:52:21.835+0000] {dag.py:3239} INFO - Sync 1 DAGs
[2025-04-13T16:52:21.898+0000] {logging_mixin.py:190} INFO - [2025-04-13T16:52:21.897+0000] {dag.py:4180} INFO - Setting next_dagrun for example_sensors to None, run_after=None
[2025-04-13T16:52:21.981+0000] {processor.py:208} INFO - Processing /home/airflow/.local/lib/python3.12/site-packages/airflow/example_dags/example_sensors.py took 0.304 seconds
[2025-04-13T16:52:59.742+0000] {processor.py:186} INFO - Started process (PID=438) to work on /home/airflow/.local/lib/python3.12/site-packages/airflow/example_dags/example_sensors.py
[2025-04-13T16:52:59.744+0000] {processor.py:914} INFO - Processing file /home/airflow/.local/lib/python3.12/site-packages/airflow/example_dags/example_sensors.py for tasks to queue
[2025-04-13T16:52:59.770+0000] {logging_mixin.py:190} INFO - [2025-04-13T16:52:59.769+0000] {dagbag.py:588} INFO - Filling up the DagBag from /home/airflow/.local/lib/python3.12/site-packages/airflow/example_dags/example_sensors.py
[2025-04-13T16:52:59.829+0000] {processor.py:925} INFO - DAG(s) 'example_sensors' retrieved from /home/airflow/.local/lib/python3.12/site-packages/airflow/example_dags/example_sensors.py
[2025-04-13T16:53:00.014+0000] {logging_mixin.py:190} INFO - [2025-04-13T16:53:00.013+0000] {dag.py:3239} INFO - Sync 1 DAGs
[2025-04-13T16:53:00.147+0000] {logging_mixin.py:190} INFO - [2025-04-13T16:53:00.146+0000] {dag.py:4180} INFO - Setting next_dagrun for example_sensors to None, run_after=None
[2025-04-13T16:53:00.289+0000] {processor.py:208} INFO - Processing /home/airflow/.local/lib/python3.12/site-packages/airflow/example_dags/example_sensors.py took 0.568 seconds
[2025-04-13T16:53:35.135+0000] {processor.py:186} INFO - Started process (PID=475) to work on /home/airflow/.local/lib/python3.12/site-packages/airflow/example_dags/example_sensors.py
[2025-04-13T16:53:35.137+0000] {processor.py:914} INFO - Processing file /home/airflow/.local/lib/python3.12/site-packages/airflow/example_dags/example_sensors.py for tasks to queue
[2025-04-13T16:53:35.160+0000] {logging_mixin.py:190} INFO - [2025-04-13T16:53:35.150+0000] {dagbag.py:588} INFO - Filling up the DagBag from /home/airflow/.local/lib/python3.12/site-packages/airflow/example_dags/example_sensors.py
[2025-04-13T16:53:35.211+0000] {processor.py:925} INFO - DAG(s) 'example_sensors' retrieved from /home/airflow/.local/lib/python3.12/site-packages/airflow/example_dags/example_sensors.py
[2025-04-13T16:53:35.504+0000] {logging_mixin.py:190} INFO - [2025-04-13T16:53:35.503+0000] {dag.py:3239} INFO - Sync 1 DAGs
[2025-04-13T16:53:35.691+0000] {logging_mixin.py:190} INFO - [2025-04-13T16:53:35.690+0000] {dag.py:4180} INFO - Setting next_dagrun for example_sensors to None, run_after=None
[2025-04-13T16:53:35.827+0000] {processor.py:208} INFO - Processing /home/airflow/.local/lib/python3.12/site-packages/airflow/example_dags/example_sensors.py took 0.716 seconds
[2025-04-13T16:54:06.234+0000] {processor.py:186} INFO - Started process (PID=539) to work on /home/airflow/.local/lib/python3.12/site-packages/airflow/example_dags/example_sensors.py
[2025-04-13T16:54:06.237+0000] {processor.py:914} INFO - Processing file /home/airflow/.local/lib/python3.12/site-packages/airflow/example_dags/example_sensors.py for tasks to queue
[2025-04-13T16:54:06.243+0000] {logging_mixin.py:190} INFO - [2025-04-13T16:54:06.242+0000] {dagbag.py:588} INFO - Filling up the DagBag from /home/airflow/.local/lib/python3.12/site-packages/airflow/example_dags/example_sensors.py
[2025-04-13T16:54:06.270+0000] {processor.py:925} INFO - DAG(s) 'example_sensors' retrieved from /home/airflow/.local/lib/python3.12/site-packages/airflow/example_dags/example_sensors.py
[2025-04-13T16:54:06.366+0000] {logging_mixin.py:190} INFO - [2025-04-13T16:54:06.365+0000] {dag.py:3239} INFO - Sync 1 DAGs
[2025-04-13T16:54:06.422+0000] {logging_mixin.py:190} INFO - [2025-04-13T16:54:06.422+0000] {dag.py:4180} INFO - Setting next_dagrun for example_sensors to None, run_after=None
[2025-04-13T16:54:06.493+0000] {processor.py:208} INFO - Processing /home/airflow/.local/lib/python3.12/site-packages/airflow/example_dags/example_sensors.py took 0.279 seconds
[2025-04-13T16:54:52.469+0000] {processor.py:186} INFO - Started process (PID=603) to work on /home/airflow/.local/lib/python3.12/site-packages/airflow/example_dags/example_sensors.py
[2025-04-13T16:54:52.478+0000] {processor.py:914} INFO - Processing file /home/airflow/.local/lib/python3.12/site-packages/airflow/example_dags/example_sensors.py for tasks to queue
[2025-04-13T16:54:52.527+0000] {logging_mixin.py:190} INFO - [2025-04-13T16:54:52.526+0000] {dagbag.py:588} INFO - Filling up the DagBag from /home/airflow/.local/lib/python3.12/site-packages/airflow/example_dags/example_sensors.py
[2025-04-13T16:54:52.672+0000] {processor.py:925} INFO - DAG(s) 'example_sensors' retrieved from /home/airflow/.local/lib/python3.12/site-packages/airflow/example_dags/example_sensors.py
[2025-04-13T16:54:52.971+0000] {logging_mixin.py:190} INFO - [2025-04-13T16:54:52.961+0000] {dag.py:3239} INFO - Sync 1 DAGs
[2025-04-13T16:54:53.204+0000] {logging_mixin.py:190} INFO - [2025-04-13T16:54:53.197+0000] {dag.py:4180} INFO - Setting next_dagrun for example_sensors to None, run_after=None
[2025-04-13T16:54:53.407+0000] {processor.py:208} INFO - Processing /home/airflow/.local/lib/python3.12/site-packages/airflow/example_dags/example_sensors.py took 1.132 seconds
[2025-04-13T17:03:07.986+0000] {processor.py:186} INFO - Started process (PID=108) to work on /home/airflow/.local/lib/python3.12/site-packages/airflow/example_dags/example_sensors.py
[2025-04-13T17:03:08.068+0000] {processor.py:914} INFO - Processing file /home/airflow/.local/lib/python3.12/site-packages/airflow/example_dags/example_sensors.py for tasks to queue
[2025-04-13T17:03:08.133+0000] {logging_mixin.py:190} INFO - [2025-04-13T17:03:08.132+0000] {dagbag.py:588} INFO - Filling up the DagBag from /home/airflow/.local/lib/python3.12/site-packages/airflow/example_dags/example_sensors.py
[2025-04-13T17:03:08.424+0000] {processor.py:925} INFO - DAG(s) 'example_sensors' retrieved from /home/airflow/.local/lib/python3.12/site-packages/airflow/example_dags/example_sensors.py
[2025-04-13T17:03:09.579+0000] {logging_mixin.py:190} INFO - [2025-04-13T17:03:09.578+0000] {dag.py:3239} INFO - Sync 1 DAGs
[2025-04-13T17:03:09.839+0000] {logging_mixin.py:190} INFO - [2025-04-13T17:03:09.839+0000] {dag.py:4180} INFO - Setting next_dagrun for example_sensors to None, run_after=None
[2025-04-13T17:03:10.491+0000] {processor.py:208} INFO - Processing /home/airflow/.local/lib/python3.12/site-packages/airflow/example_dags/example_sensors.py took 3.130 seconds
[2025-04-13T17:05:27.792+0000] {processor.py:186} INFO - Started process (PID=189) to work on /home/airflow/.local/lib/python3.12/site-packages/airflow/example_dags/example_sensors.py
[2025-04-13T17:05:27.807+0000] {processor.py:914} INFO - Processing file /home/airflow/.local/lib/python3.12/site-packages/airflow/example_dags/example_sensors.py for tasks to queue
[2025-04-13T17:05:27.851+0000] {logging_mixin.py:190} INFO - [2025-04-13T17:05:27.851+0000] {dagbag.py:588} INFO - Filling up the DagBag from /home/airflow/.local/lib/python3.12/site-packages/airflow/example_dags/example_sensors.py
[2025-04-13T17:05:28.106+0000] {processor.py:925} INFO - DAG(s) 'example_sensors' retrieved from /home/airflow/.local/lib/python3.12/site-packages/airflow/example_dags/example_sensors.py
[2025-04-13T17:05:28.396+0000] {logging_mixin.py:190} INFO - [2025-04-13T17:05:28.396+0000] {dag.py:3239} INFO - Sync 1 DAGs
[2025-04-13T17:05:28.513+0000] {logging_mixin.py:190} INFO - [2025-04-13T17:05:28.512+0000] {dag.py:4180} INFO - Setting next_dagrun for example_sensors to None, run_after=None
[2025-04-13T17:05:28.737+0000] {processor.py:208} INFO - Processing /home/airflow/.local/lib/python3.12/site-packages/airflow/example_dags/example_sensors.py took 0.988 seconds
[2025-04-13T17:23:09.843+0000] {processor.py:186} INFO - Started process (PID=157) to work on /home/airflow/.local/lib/python3.12/site-packages/airflow/example_dags/example_sensors.py
[2025-04-13T17:23:09.929+0000] {processor.py:914} INFO - Processing file /home/airflow/.local/lib/python3.12/site-packages/airflow/example_dags/example_sensors.py for tasks to queue
[2025-04-13T17:23:10.033+0000] {logging_mixin.py:190} INFO - [2025-04-13T17:23:10.032+0000] {dagbag.py:588} INFO - Filling up the DagBag from /home/airflow/.local/lib/python3.12/site-packages/airflow/example_dags/example_sensors.py
[2025-04-13T17:23:11.208+0000] {processor.py:925} INFO - DAG(s) 'example_sensors' retrieved from /home/airflow/.local/lib/python3.12/site-packages/airflow/example_dags/example_sensors.py
[2025-04-13T17:23:12.300+0000] {logging_mixin.py:190} INFO - [2025-04-13T17:23:12.299+0000] {dag.py:3239} INFO - Sync 1 DAGs
[2025-04-13T17:23:12.692+0000] {logging_mixin.py:190} INFO - [2025-04-13T17:23:12.691+0000] {dag.py:4180} INFO - Setting next_dagrun for example_sensors to None, run_after=None
[2025-04-13T17:23:14.343+0000] {processor.py:208} INFO - Processing /home/airflow/.local/lib/python3.12/site-packages/airflow/example_dags/example_sensors.py took 4.530 seconds
[2025-04-13T18:09:28.754+0000] {processor.py:186} INFO - Started process (PID=247) to work on /home/airflow/.local/lib/python3.12/site-packages/airflow/example_dags/example_sensors.py
[2025-04-13T18:09:28.756+0000] {processor.py:914} INFO - Processing file /home/airflow/.local/lib/python3.12/site-packages/airflow/example_dags/example_sensors.py for tasks to queue
[2025-04-13T18:09:28.907+0000] {logging_mixin.py:190} INFO - [2025-04-13T18:09:28.906+0000] {dagbag.py:588} INFO - Filling up the DagBag from /home/airflow/.local/lib/python3.12/site-packages/airflow/example_dags/example_sensors.py
[2025-04-13T18:09:29.481+0000] {processor.py:925} INFO - DAG(s) 'example_sensors' retrieved from /home/airflow/.local/lib/python3.12/site-packages/airflow/example_dags/example_sensors.py
[2025-04-13T18:09:33.151+0000] {logging_mixin.py:190} INFO - [2025-04-13T18:09:33.151+0000] {dag.py:3239} INFO - Sync 1 DAGs
[2025-04-13T18:09:34.877+0000] {logging_mixin.py:190} INFO - [2025-04-13T18:09:34.876+0000] {dag.py:4180} INFO - Setting next_dagrun for example_sensors to None, run_after=None
[2025-04-13T18:09:37.525+0000] {processor.py:208} INFO - Processing /home/airflow/.local/lib/python3.12/site-packages/airflow/example_dags/example_sensors.py took 8.808 seconds
[2025-04-13T18:18:10.736+0000] {processor.py:186} INFO - Started process (PID=386) to work on /home/airflow/.local/lib/python3.12/site-packages/airflow/example_dags/example_sensors.py
[2025-04-13T18:18:10.860+0000] {processor.py:914} INFO - Processing file /home/airflow/.local/lib/python3.12/site-packages/airflow/example_dags/example_sensors.py for tasks to queue
[2025-04-13T18:18:10.963+0000] {logging_mixin.py:190} INFO - [2025-04-13T18:18:10.962+0000] {dagbag.py:588} INFO - Filling up the DagBag from /home/airflow/.local/lib/python3.12/site-packages/airflow/example_dags/example_sensors.py
[2025-04-13T18:18:11.572+0000] {processor.py:925} INFO - DAG(s) 'example_sensors' retrieved from /home/airflow/.local/lib/python3.12/site-packages/airflow/example_dags/example_sensors.py
[2025-04-13T18:18:13.480+0000] {logging_mixin.py:190} INFO - [2025-04-13T18:18:13.480+0000] {dag.py:3239} INFO - Sync 1 DAGs
[2025-04-13T18:18:17.044+0000] {logging_mixin.py:190} INFO - [2025-04-13T18:18:16.515+0000] {dag.py:4180} INFO - Setting next_dagrun for example_sensors to None, run_after=None
[2025-04-13T18:18:19.969+0000] {processor.py:208} INFO - Processing /home/airflow/.local/lib/python3.12/site-packages/airflow/example_dags/example_sensors.py took 9.399 seconds
[2025-04-13T18:25:11.748+0000] {processor.py:186} INFO - Started process (PID=509) to work on /home/airflow/.local/lib/python3.12/site-packages/airflow/example_dags/example_sensors.py
[2025-04-13T18:25:12.293+0000] {processor.py:914} INFO - Processing file /home/airflow/.local/lib/python3.12/site-packages/airflow/example_dags/example_sensors.py for tasks to queue
[2025-04-13T18:25:12.517+0000] {logging_mixin.py:190} INFO - [2025-04-13T18:25:12.301+0000] {dagbag.py:588} INFO - Filling up the DagBag from /home/airflow/.local/lib/python3.12/site-packages/airflow/example_dags/example_sensors.py
[2025-04-13T18:25:16.562+0000] {processor.py:925} INFO - DAG(s) 'example_sensors' retrieved from /home/airflow/.local/lib/python3.12/site-packages/airflow/example_dags/example_sensors.py
[2025-04-13T18:25:25.531+0000] {logging_mixin.py:190} INFO - [2025-04-13T18:25:25.531+0000] {dag.py:3239} INFO - Sync 1 DAGs
[2025-04-13T18:25:27.145+0000] {logging_mixin.py:190} INFO - [2025-04-13T18:25:27.144+0000] {dag.py:4180} INFO - Setting next_dagrun for example_sensors to None, run_after=None
[2025-04-13T18:25:28.483+0000] {processor.py:208} INFO - Processing /home/airflow/.local/lib/python3.12/site-packages/airflow/example_dags/example_sensors.py took 17.390 seconds
[2025-04-13T20:51:48.824+0000] {processor.py:186} INFO - Started process (PID=94) to work on /home/airflow/.local/lib/python3.12/site-packages/airflow/example_dags/example_sensors.py
[2025-04-13T20:51:48.831+0000] {processor.py:914} INFO - Processing file /home/airflow/.local/lib/python3.12/site-packages/airflow/example_dags/example_sensors.py for tasks to queue
[2025-04-13T20:51:48.838+0000] {logging_mixin.py:190} INFO - [2025-04-13T20:51:48.837+0000] {dagbag.py:588} INFO - Filling up the DagBag from /home/airflow/.local/lib/python3.12/site-packages/airflow/example_dags/example_sensors.py
[2025-04-13T20:51:48.919+0000] {processor.py:925} INFO - DAG(s) 'example_sensors' retrieved from /home/airflow/.local/lib/python3.12/site-packages/airflow/example_dags/example_sensors.py
[2025-04-13T20:51:49.225+0000] {logging_mixin.py:190} INFO - [2025-04-13T20:51:49.224+0000] {dag.py:3239} INFO - Sync 1 DAGs
[2025-04-13T20:51:49.274+0000] {logging_mixin.py:190} INFO - [2025-04-13T20:51:49.274+0000] {dag.py:4180} INFO - Setting next_dagrun for example_sensors to None, run_after=None
[2025-04-13T20:51:49.332+0000] {processor.py:208} INFO - Processing /home/airflow/.local/lib/python3.12/site-packages/airflow/example_dags/example_sensors.py took 0.530 seconds
[2025-04-13T20:52:19.922+0000] {processor.py:186} INFO - Started process (PID=157) to work on /home/airflow/.local/lib/python3.12/site-packages/airflow/example_dags/example_sensors.py
[2025-04-13T20:52:19.924+0000] {processor.py:914} INFO - Processing file /home/airflow/.local/lib/python3.12/site-packages/airflow/example_dags/example_sensors.py for tasks to queue
[2025-04-13T20:52:19.927+0000] {logging_mixin.py:190} INFO - [2025-04-13T20:52:19.927+0000] {dagbag.py:588} INFO - Filling up the DagBag from /home/airflow/.local/lib/python3.12/site-packages/airflow/example_dags/example_sensors.py
[2025-04-13T20:52:19.954+0000] {processor.py:925} INFO - DAG(s) 'example_sensors' retrieved from /home/airflow/.local/lib/python3.12/site-packages/airflow/example_dags/example_sensors.py
[2025-04-13T20:52:20.022+0000] {logging_mixin.py:190} INFO - [2025-04-13T20:52:20.022+0000] {dag.py:3239} INFO - Sync 1 DAGs
[2025-04-13T20:52:20.069+0000] {logging_mixin.py:190} INFO - [2025-04-13T20:52:20.069+0000] {dag.py:4180} INFO - Setting next_dagrun for example_sensors to None, run_after=None
[2025-04-13T20:52:20.119+0000] {processor.py:208} INFO - Processing /home/airflow/.local/lib/python3.12/site-packages/airflow/example_dags/example_sensors.py took 0.215 seconds
[2025-04-13T20:53:01.809+0000] {processor.py:186} INFO - Started process (PID=221) to work on /home/airflow/.local/lib/python3.12/site-packages/airflow/example_dags/example_sensors.py
[2025-04-13T20:53:01.819+0000] {processor.py:914} INFO - Processing file /home/airflow/.local/lib/python3.12/site-packages/airflow/example_dags/example_sensors.py for tasks to queue
[2025-04-13T20:53:01.870+0000] {logging_mixin.py:190} INFO - [2025-04-13T20:53:01.869+0000] {dagbag.py:588} INFO - Filling up the DagBag from /home/airflow/.local/lib/python3.12/site-packages/airflow/example_dags/example_sensors.py
[2025-04-13T20:53:01.968+0000] {processor.py:925} INFO - DAG(s) 'example_sensors' retrieved from /home/airflow/.local/lib/python3.12/site-packages/airflow/example_dags/example_sensors.py
[2025-04-13T20:53:02.249+0000] {logging_mixin.py:190} INFO - [2025-04-13T20:53:02.248+0000] {dag.py:3239} INFO - Sync 1 DAGs
[2025-04-13T20:53:02.458+0000] {logging_mixin.py:190} INFO - [2025-04-13T20:53:02.458+0000] {dag.py:4180} INFO - Setting next_dagrun for example_sensors to None, run_after=None
[2025-04-13T20:53:02.618+0000] {processor.py:208} INFO - Processing /home/airflow/.local/lib/python3.12/site-packages/airflow/example_dags/example_sensors.py took 0.848 seconds
[2025-04-13T20:53:34.175+0000] {processor.py:186} INFO - Started process (PID=284) to work on /home/airflow/.local/lib/python3.12/site-packages/airflow/example_dags/example_sensors.py
[2025-04-13T20:53:34.178+0000] {processor.py:914} INFO - Processing file /home/airflow/.local/lib/python3.12/site-packages/airflow/example_dags/example_sensors.py for tasks to queue
[2025-04-13T20:53:34.183+0000] {logging_mixin.py:190} INFO - [2025-04-13T20:53:34.183+0000] {dagbag.py:588} INFO - Filling up the DagBag from /home/airflow/.local/lib/python3.12/site-packages/airflow/example_dags/example_sensors.py
[2025-04-13T20:53:34.221+0000] {processor.py:925} INFO - DAG(s) 'example_sensors' retrieved from /home/airflow/.local/lib/python3.12/site-packages/airflow/example_dags/example_sensors.py
[2025-04-13T20:53:34.394+0000] {logging_mixin.py:190} INFO - [2025-04-13T20:53:34.394+0000] {dag.py:3239} INFO - Sync 1 DAGs
[2025-04-13T20:53:35.002+0000] {logging_mixin.py:190} INFO - [2025-04-13T20:53:35.002+0000] {dag.py:4180} INFO - Setting next_dagrun for example_sensors to None, run_after=None
[2025-04-13T20:53:35.762+0000] {processor.py:208} INFO - Processing /home/airflow/.local/lib/python3.12/site-packages/airflow/example_dags/example_sensors.py took 1.658 seconds
[2025-04-13T20:54:06.141+0000] {processor.py:186} INFO - Started process (PID=350) to work on /home/airflow/.local/lib/python3.12/site-packages/airflow/example_dags/example_sensors.py
[2025-04-13T20:54:06.160+0000] {processor.py:914} INFO - Processing file /home/airflow/.local/lib/python3.12/site-packages/airflow/example_dags/example_sensors.py for tasks to queue
[2025-04-13T20:54:06.174+0000] {logging_mixin.py:190} INFO - [2025-04-13T20:54:06.174+0000] {dagbag.py:588} INFO - Filling up the DagBag from /home/airflow/.local/lib/python3.12/site-packages/airflow/example_dags/example_sensors.py
[2025-04-13T20:54:06.336+0000] {processor.py:925} INFO - DAG(s) 'example_sensors' retrieved from /home/airflow/.local/lib/python3.12/site-packages/airflow/example_dags/example_sensors.py
[2025-04-13T20:54:06.474+0000] {logging_mixin.py:190} INFO - [2025-04-13T20:54:06.473+0000] {dag.py:3239} INFO - Sync 1 DAGs
[2025-04-13T20:54:06.589+0000] {logging_mixin.py:190} INFO - [2025-04-13T20:54:06.588+0000] {dag.py:4180} INFO - Setting next_dagrun for example_sensors to None, run_after=None
[2025-04-13T20:54:06.643+0000] {processor.py:208} INFO - Processing /home/airflow/.local/lib/python3.12/site-packages/airflow/example_dags/example_sensors.py took 0.518 seconds
[2025-04-13T20:54:39.472+0000] {processor.py:186} INFO - Started process (PID=413) to work on /home/airflow/.local/lib/python3.12/site-packages/airflow/example_dags/example_sensors.py
[2025-04-13T20:54:39.474+0000] {processor.py:914} INFO - Processing file /home/airflow/.local/lib/python3.12/site-packages/airflow/example_dags/example_sensors.py for tasks to queue
[2025-04-13T20:54:39.478+0000] {logging_mixin.py:190} INFO - [2025-04-13T20:54:39.478+0000] {dagbag.py:588} INFO - Filling up the DagBag from /home/airflow/.local/lib/python3.12/site-packages/airflow/example_dags/example_sensors.py
[2025-04-13T20:54:39.506+0000] {processor.py:925} INFO - DAG(s) 'example_sensors' retrieved from /home/airflow/.local/lib/python3.12/site-packages/airflow/example_dags/example_sensors.py
[2025-04-13T20:54:39.673+0000] {logging_mixin.py:190} INFO - [2025-04-13T20:54:39.673+0000] {dag.py:3239} INFO - Sync 1 DAGs
[2025-04-13T20:54:39.718+0000] {logging_mixin.py:190} INFO - [2025-04-13T20:54:39.718+0000] {dag.py:4180} INFO - Setting next_dagrun for example_sensors to None, run_after=None
[2025-04-13T20:54:39.866+0000] {processor.py:208} INFO - Processing /home/airflow/.local/lib/python3.12/site-packages/airflow/example_dags/example_sensors.py took 0.404 seconds
[2025-04-13T20:55:11.461+0000] {processor.py:186} INFO - Started process (PID=475) to work on /home/airflow/.local/lib/python3.12/site-packages/airflow/example_dags/example_sensors.py
[2025-04-13T20:55:11.462+0000] {processor.py:914} INFO - Processing file /home/airflow/.local/lib/python3.12/site-packages/airflow/example_dags/example_sensors.py for tasks to queue
[2025-04-13T20:55:11.474+0000] {logging_mixin.py:190} INFO - [2025-04-13T20:55:11.473+0000] {dagbag.py:588} INFO - Filling up the DagBag from /home/airflow/.local/lib/python3.12/site-packages/airflow/example_dags/example_sensors.py
[2025-04-13T20:55:11.499+0000] {processor.py:925} INFO - DAG(s) 'example_sensors' retrieved from /home/airflow/.local/lib/python3.12/site-packages/airflow/example_dags/example_sensors.py
[2025-04-13T20:55:11.592+0000] {logging_mixin.py:190} INFO - [2025-04-13T20:55:11.592+0000] {dag.py:3239} INFO - Sync 1 DAGs
[2025-04-13T20:55:11.627+0000] {logging_mixin.py:190} INFO - [2025-04-13T20:55:11.627+0000] {dag.py:4180} INFO - Setting next_dagrun for example_sensors to None, run_after=None
[2025-04-13T20:55:11.671+0000] {processor.py:208} INFO - Processing /home/airflow/.local/lib/python3.12/site-packages/airflow/example_dags/example_sensors.py took 0.222 seconds
[2025-04-13T20:55:41.846+0000] {processor.py:186} INFO - Started process (PID=538) to work on /home/airflow/.local/lib/python3.12/site-packages/airflow/example_dags/example_sensors.py
[2025-04-13T20:55:41.849+0000] {processor.py:914} INFO - Processing file /home/airflow/.local/lib/python3.12/site-packages/airflow/example_dags/example_sensors.py for tasks to queue
[2025-04-13T20:55:41.857+0000] {logging_mixin.py:190} INFO - [2025-04-13T20:55:41.855+0000] {dagbag.py:588} INFO - Filling up the DagBag from /home/airflow/.local/lib/python3.12/site-packages/airflow/example_dags/example_sensors.py
[2025-04-13T20:55:41.878+0000] {processor.py:925} INFO - DAG(s) 'example_sensors' retrieved from /home/airflow/.local/lib/python3.12/site-packages/airflow/example_dags/example_sensors.py
[2025-04-13T20:55:41.931+0000] {logging_mixin.py:190} INFO - [2025-04-13T20:55:41.930+0000] {dag.py:3239} INFO - Sync 1 DAGs
[2025-04-13T20:55:41.964+0000] {logging_mixin.py:190} INFO - [2025-04-13T20:55:41.963+0000] {dag.py:4180} INFO - Setting next_dagrun for example_sensors to None, run_after=None
[2025-04-13T20:55:41.996+0000] {processor.py:208} INFO - Processing /home/airflow/.local/lib/python3.12/site-packages/airflow/example_dags/example_sensors.py took 0.173 seconds
[2025-04-13T20:56:12.588+0000] {processor.py:186} INFO - Started process (PID=602) to work on /home/airflow/.local/lib/python3.12/site-packages/airflow/example_dags/example_sensors.py
[2025-04-13T20:56:12.594+0000] {processor.py:914} INFO - Processing file /home/airflow/.local/lib/python3.12/site-packages/airflow/example_dags/example_sensors.py for tasks to queue
[2025-04-13T20:56:12.599+0000] {logging_mixin.py:190} INFO - [2025-04-13T20:56:12.599+0000] {dagbag.py:588} INFO - Filling up the DagBag from /home/airflow/.local/lib/python3.12/site-packages/airflow/example_dags/example_sensors.py
[2025-04-13T20:56:12.627+0000] {processor.py:925} INFO - DAG(s) 'example_sensors' retrieved from /home/airflow/.local/lib/python3.12/site-packages/airflow/example_dags/example_sensors.py
[2025-04-13T20:56:12.698+0000] {logging_mixin.py:190} INFO - [2025-04-13T20:56:12.697+0000] {dag.py:3239} INFO - Sync 1 DAGs
[2025-04-13T20:56:12.745+0000] {logging_mixin.py:190} INFO - [2025-04-13T20:56:12.745+0000] {dag.py:4180} INFO - Setting next_dagrun for example_sensors to None, run_after=None
[2025-04-13T20:56:12.797+0000] {processor.py:208} INFO - Processing /home/airflow/.local/lib/python3.12/site-packages/airflow/example_dags/example_sensors.py took 0.225 seconds
[2025-04-13T20:56:43.579+0000] {processor.py:186} INFO - Started process (PID=666) to work on /home/airflow/.local/lib/python3.12/site-packages/airflow/example_dags/example_sensors.py
[2025-04-13T20:56:43.582+0000] {processor.py:914} INFO - Processing file /home/airflow/.local/lib/python3.12/site-packages/airflow/example_dags/example_sensors.py for tasks to queue
[2025-04-13T20:56:43.585+0000] {logging_mixin.py:190} INFO - [2025-04-13T20:56:43.585+0000] {dagbag.py:588} INFO - Filling up the DagBag from /home/airflow/.local/lib/python3.12/site-packages/airflow/example_dags/example_sensors.py
[2025-04-13T20:56:43.622+0000] {processor.py:925} INFO - DAG(s) 'example_sensors' retrieved from /home/airflow/.local/lib/python3.12/site-packages/airflow/example_dags/example_sensors.py
[2025-04-13T20:56:43.729+0000] {logging_mixin.py:190} INFO - [2025-04-13T20:56:43.729+0000] {dag.py:3239} INFO - Sync 1 DAGs
[2025-04-13T20:56:43.776+0000] {logging_mixin.py:190} INFO - [2025-04-13T20:56:43.775+0000] {dag.py:4180} INFO - Setting next_dagrun for example_sensors to None, run_after=None
[2025-04-13T20:56:43.834+0000] {processor.py:208} INFO - Processing /home/airflow/.local/lib/python3.12/site-packages/airflow/example_dags/example_sensors.py took 0.264 seconds
[2025-04-13T20:57:14.242+0000] {processor.py:186} INFO - Started process (PID=730) to work on /home/airflow/.local/lib/python3.12/site-packages/airflow/example_dags/example_sensors.py
[2025-04-13T20:57:14.246+0000] {processor.py:914} INFO - Processing file /home/airflow/.local/lib/python3.12/site-packages/airflow/example_dags/example_sensors.py for tasks to queue
[2025-04-13T20:57:14.250+0000] {logging_mixin.py:190} INFO - [2025-04-13T20:57:14.249+0000] {dagbag.py:588} INFO - Filling up the DagBag from /home/airflow/.local/lib/python3.12/site-packages/airflow/example_dags/example_sensors.py
[2025-04-13T20:57:14.277+0000] {processor.py:925} INFO - DAG(s) 'example_sensors' retrieved from /home/airflow/.local/lib/python3.12/site-packages/airflow/example_dags/example_sensors.py
[2025-04-13T20:57:14.337+0000] {logging_mixin.py:190} INFO - [2025-04-13T20:57:14.336+0000] {dag.py:3239} INFO - Sync 1 DAGs
[2025-04-13T20:57:14.380+0000] {logging_mixin.py:190} INFO - [2025-04-13T20:57:14.378+0000] {dag.py:4180} INFO - Setting next_dagrun for example_sensors to None, run_after=None
[2025-04-13T20:57:14.451+0000] {processor.py:208} INFO - Processing /home/airflow/.local/lib/python3.12/site-packages/airflow/example_dags/example_sensors.py took 0.219 seconds
[2025-04-13T20:57:45.361+0000] {processor.py:186} INFO - Started process (PID=794) to work on /home/airflow/.local/lib/python3.12/site-packages/airflow/example_dags/example_sensors.py
[2025-04-13T20:57:45.363+0000] {processor.py:914} INFO - Processing file /home/airflow/.local/lib/python3.12/site-packages/airflow/example_dags/example_sensors.py for tasks to queue
[2025-04-13T20:57:45.368+0000] {logging_mixin.py:190} INFO - [2025-04-13T20:57:45.366+0000] {dagbag.py:588} INFO - Filling up the DagBag from /home/airflow/.local/lib/python3.12/site-packages/airflow/example_dags/example_sensors.py
[2025-04-13T20:57:45.403+0000] {processor.py:925} INFO - DAG(s) 'example_sensors' retrieved from /home/airflow/.local/lib/python3.12/site-packages/airflow/example_dags/example_sensors.py
[2025-04-13T20:57:45.474+0000] {logging_mixin.py:190} INFO - [2025-04-13T20:57:45.474+0000] {dag.py:3239} INFO - Sync 1 DAGs
[2025-04-13T20:57:45.522+0000] {logging_mixin.py:190} INFO - [2025-04-13T20:57:45.521+0000] {dag.py:4180} INFO - Setting next_dagrun for example_sensors to None, run_after=None
[2025-04-13T20:57:45.675+0000] {processor.py:208} INFO - Processing /home/airflow/.local/lib/python3.12/site-packages/airflow/example_dags/example_sensors.py took 0.325 seconds
[2025-04-13T20:58:16.989+0000] {processor.py:186} INFO - Started process (PID=857) to work on /home/airflow/.local/lib/python3.12/site-packages/airflow/example_dags/example_sensors.py
[2025-04-13T20:58:16.992+0000] {processor.py:914} INFO - Processing file /home/airflow/.local/lib/python3.12/site-packages/airflow/example_dags/example_sensors.py for tasks to queue
[2025-04-13T20:58:17.012+0000] {logging_mixin.py:190} INFO - [2025-04-13T20:58:17.002+0000] {dagbag.py:588} INFO - Filling up the DagBag from /home/airflow/.local/lib/python3.12/site-packages/airflow/example_dags/example_sensors.py
[2025-04-13T20:58:17.046+0000] {processor.py:925} INFO - DAG(s) 'example_sensors' retrieved from /home/airflow/.local/lib/python3.12/site-packages/airflow/example_dags/example_sensors.py
[2025-04-13T20:58:17.277+0000] {logging_mixin.py:190} INFO - [2025-04-13T20:58:17.275+0000] {dag.py:3239} INFO - Sync 1 DAGs
[2025-04-13T20:58:17.486+0000] {logging_mixin.py:190} INFO - [2025-04-13T20:58:17.486+0000] {dag.py:4180} INFO - Setting next_dagrun for example_sensors to None, run_after=None
[2025-04-13T20:58:17.563+0000] {processor.py:208} INFO - Processing /home/airflow/.local/lib/python3.12/site-packages/airflow/example_dags/example_sensors.py took 0.612 seconds
[2025-04-13T20:58:49.902+0000] {processor.py:186} INFO - Started process (PID=922) to work on /home/airflow/.local/lib/python3.12/site-packages/airflow/example_dags/example_sensors.py
[2025-04-13T20:58:49.904+0000] {processor.py:914} INFO - Processing file /home/airflow/.local/lib/python3.12/site-packages/airflow/example_dags/example_sensors.py for tasks to queue
[2025-04-13T20:58:49.928+0000] {logging_mixin.py:190} INFO - [2025-04-13T20:58:49.927+0000] {dagbag.py:588} INFO - Filling up the DagBag from /home/airflow/.local/lib/python3.12/site-packages/airflow/example_dags/example_sensors.py
[2025-04-13T20:58:49.952+0000] {processor.py:925} INFO - DAG(s) 'example_sensors' retrieved from /home/airflow/.local/lib/python3.12/site-packages/airflow/example_dags/example_sensors.py
[2025-04-13T20:58:50.048+0000] {logging_mixin.py:190} INFO - [2025-04-13T20:58:50.047+0000] {dag.py:3239} INFO - Sync 1 DAGs
[2025-04-13T20:58:50.087+0000] {logging_mixin.py:190} INFO - [2025-04-13T20:58:50.087+0000] {dag.py:4180} INFO - Setting next_dagrun for example_sensors to None, run_after=None
[2025-04-13T20:58:50.135+0000] {processor.py:208} INFO - Processing /home/airflow/.local/lib/python3.12/site-packages/airflow/example_dags/example_sensors.py took 0.258 seconds
[2025-04-13T20:59:21.090+0000] {processor.py:186} INFO - Started process (PID=985) to work on /home/airflow/.local/lib/python3.12/site-packages/airflow/example_dags/example_sensors.py
[2025-04-13T20:59:21.092+0000] {processor.py:914} INFO - Processing file /home/airflow/.local/lib/python3.12/site-packages/airflow/example_dags/example_sensors.py for tasks to queue
[2025-04-13T20:59:21.100+0000] {logging_mixin.py:190} INFO - [2025-04-13T20:59:21.099+0000] {dagbag.py:588} INFO - Filling up the DagBag from /home/airflow/.local/lib/python3.12/site-packages/airflow/example_dags/example_sensors.py
[2025-04-13T20:59:21.134+0000] {processor.py:925} INFO - DAG(s) 'example_sensors' retrieved from /home/airflow/.local/lib/python3.12/site-packages/airflow/example_dags/example_sensors.py
[2025-04-13T20:59:21.248+0000] {logging_mixin.py:190} INFO - [2025-04-13T20:59:21.247+0000] {dag.py:3239} INFO - Sync 1 DAGs
[2025-04-13T20:59:21.303+0000] {logging_mixin.py:190} INFO - [2025-04-13T20:59:21.302+0000] {dag.py:4180} INFO - Setting next_dagrun for example_sensors to None, run_after=None
[2025-04-13T20:59:21.386+0000] {processor.py:208} INFO - Processing /home/airflow/.local/lib/python3.12/site-packages/airflow/example_dags/example_sensors.py took 0.307 seconds
[2025-04-13T20:59:51.883+0000] {processor.py:186} INFO - Started process (PID=1055) to work on /home/airflow/.local/lib/python3.12/site-packages/airflow/example_dags/example_sensors.py
[2025-04-13T20:59:51.885+0000] {processor.py:914} INFO - Processing file /home/airflow/.local/lib/python3.12/site-packages/airflow/example_dags/example_sensors.py for tasks to queue
[2025-04-13T20:59:51.889+0000] {logging_mixin.py:190} INFO - [2025-04-13T20:59:51.889+0000] {dagbag.py:588} INFO - Filling up the DagBag from /home/airflow/.local/lib/python3.12/site-packages/airflow/example_dags/example_sensors.py
[2025-04-13T20:59:51.911+0000] {processor.py:925} INFO - DAG(s) 'example_sensors' retrieved from /home/airflow/.local/lib/python3.12/site-packages/airflow/example_dags/example_sensors.py
[2025-04-13T20:59:52.000+0000] {logging_mixin.py:190} INFO - [2025-04-13T20:59:52.000+0000] {dag.py:3239} INFO - Sync 1 DAGs
[2025-04-13T20:59:52.050+0000] {logging_mixin.py:190} INFO - [2025-04-13T20:59:52.050+0000] {dag.py:4180} INFO - Setting next_dagrun for example_sensors to None, run_after=None
[2025-04-13T20:59:52.102+0000] {processor.py:208} INFO - Processing /home/airflow/.local/lib/python3.12/site-packages/airflow/example_dags/example_sensors.py took 0.229 seconds
[2025-04-13T21:00:24.573+0000] {processor.py:186} INFO - Started process (PID=1117) to work on /home/airflow/.local/lib/python3.12/site-packages/airflow/example_dags/example_sensors.py
[2025-04-13T21:00:24.581+0000] {processor.py:914} INFO - Processing file /home/airflow/.local/lib/python3.12/site-packages/airflow/example_dags/example_sensors.py for tasks to queue
[2025-04-13T21:00:24.612+0000] {logging_mixin.py:190} INFO - [2025-04-13T21:00:24.611+0000] {dagbag.py:588} INFO - Filling up the DagBag from /home/airflow/.local/lib/python3.12/site-packages/airflow/example_dags/example_sensors.py
[2025-04-13T21:00:24.656+0000] {processor.py:925} INFO - DAG(s) 'example_sensors' retrieved from /home/airflow/.local/lib/python3.12/site-packages/airflow/example_dags/example_sensors.py
[2025-04-13T21:00:24.824+0000] {logging_mixin.py:190} INFO - [2025-04-13T21:00:24.812+0000] {dag.py:3239} INFO - Sync 1 DAGs
[2025-04-13T21:00:24.881+0000] {logging_mixin.py:190} INFO - [2025-04-13T21:00:24.879+0000] {dag.py:4180} INFO - Setting next_dagrun for example_sensors to None, run_after=None
[2025-04-13T21:00:24.975+0000] {processor.py:208} INFO - Processing /home/airflow/.local/lib/python3.12/site-packages/airflow/example_dags/example_sensors.py took 0.473 seconds
[2025-04-13T21:00:56.244+0000] {processor.py:186} INFO - Started process (PID=1180) to work on /home/airflow/.local/lib/python3.12/site-packages/airflow/example_dags/example_sensors.py
[2025-04-13T21:00:56.247+0000] {processor.py:914} INFO - Processing file /home/airflow/.local/lib/python3.12/site-packages/airflow/example_dags/example_sensors.py for tasks to queue
[2025-04-13T21:00:56.252+0000] {logging_mixin.py:190} INFO - [2025-04-13T21:00:56.252+0000] {dagbag.py:588} INFO - Filling up the DagBag from /home/airflow/.local/lib/python3.12/site-packages/airflow/example_dags/example_sensors.py
[2025-04-13T21:00:56.405+0000] {processor.py:925} INFO - DAG(s) 'example_sensors' retrieved from /home/airflow/.local/lib/python3.12/site-packages/airflow/example_dags/example_sensors.py
[2025-04-13T21:00:56.676+0000] {logging_mixin.py:190} INFO - [2025-04-13T21:00:56.675+0000] {dag.py:3239} INFO - Sync 1 DAGs
[2025-04-13T21:00:56.743+0000] {logging_mixin.py:190} INFO - [2025-04-13T21:00:56.742+0000] {dag.py:4180} INFO - Setting next_dagrun for example_sensors to None, run_after=None
[2025-04-13T21:00:56.918+0000] {processor.py:208} INFO - Processing /home/airflow/.local/lib/python3.12/site-packages/airflow/example_dags/example_sensors.py took 0.691 seconds
[2025-04-13T21:26:29.587+0000] {processor.py:186} INFO - Started process (PID=167) to work on /home/airflow/.local/lib/python3.12/site-packages/airflow/example_dags/example_sensors.py
[2025-04-13T21:26:29.829+0000] {processor.py:914} INFO - Processing file /home/airflow/.local/lib/python3.12/site-packages/airflow/example_dags/example_sensors.py for tasks to queue
[2025-04-13T21:26:30.077+0000] {logging_mixin.py:190} INFO - [2025-04-13T21:26:30.076+0000] {dagbag.py:588} INFO - Filling up the DagBag from /home/airflow/.local/lib/python3.12/site-packages/airflow/example_dags/example_sensors.py
[2025-04-13T21:26:30.723+0000] {processor.py:925} INFO - DAG(s) 'example_sensors' retrieved from /home/airflow/.local/lib/python3.12/site-packages/airflow/example_dags/example_sensors.py
[2025-04-13T21:26:34.478+0000] {logging_mixin.py:190} INFO - [2025-04-13T21:26:34.476+0000] {dag.py:3239} INFO - Sync 1 DAGs
[2025-04-13T21:26:36.969+0000] {logging_mixin.py:190} INFO - [2025-04-13T21:26:36.962+0000] {dag.py:4180} INFO - Setting next_dagrun for example_sensors to None, run_after=None
[2025-04-13T21:26:38.307+0000] {processor.py:208} INFO - Processing /home/airflow/.local/lib/python3.12/site-packages/airflow/example_dags/example_sensors.py took 9.890 seconds
[2025-04-13T21:31:44.215+0000] {processor.py:186} INFO - Started process (PID=277) to work on /home/airflow/.local/lib/python3.12/site-packages/airflow/example_dags/example_sensors.py
[2025-04-13T21:31:44.234+0000] {processor.py:914} INFO - Processing file /home/airflow/.local/lib/python3.12/site-packages/airflow/example_dags/example_sensors.py for tasks to queue
[2025-04-13T21:31:44.260+0000] {logging_mixin.py:190} INFO - [2025-04-13T21:31:44.236+0000] {dagbag.py:588} INFO - Filling up the DagBag from /home/airflow/.local/lib/python3.12/site-packages/airflow/example_dags/example_sensors.py
[2025-04-13T21:31:44.490+0000] {processor.py:925} INFO - DAG(s) 'example_sensors' retrieved from /home/airflow/.local/lib/python3.12/site-packages/airflow/example_dags/example_sensors.py
[2025-04-13T21:31:45.316+0000] {logging_mixin.py:190} INFO - [2025-04-13T21:31:45.316+0000] {dag.py:3239} INFO - Sync 1 DAGs
[2025-04-13T21:31:45.844+0000] {logging_mixin.py:190} INFO - [2025-04-13T21:31:45.844+0000] {dag.py:4180} INFO - Setting next_dagrun for example_sensors to None, run_after=None
[2025-04-13T21:31:46.820+0000] {processor.py:208} INFO - Processing /home/airflow/.local/lib/python3.12/site-packages/airflow/example_dags/example_sensors.py took 3.379 seconds
[2025-04-13T21:35:37.417+0000] {processor.py:186} INFO - Started process (PID=364) to work on /home/airflow/.local/lib/python3.12/site-packages/airflow/example_dags/example_sensors.py
[2025-04-13T21:35:37.474+0000] {processor.py:914} INFO - Processing file /home/airflow/.local/lib/python3.12/site-packages/airflow/example_dags/example_sensors.py for tasks to queue
[2025-04-13T21:35:37.478+0000] {logging_mixin.py:190} INFO - [2025-04-13T21:35:37.477+0000] {dagbag.py:588} INFO - Filling up the DagBag from /home/airflow/.local/lib/python3.12/site-packages/airflow/example_dags/example_sensors.py
[2025-04-13T21:35:38.092+0000] {processor.py:925} INFO - DAG(s) 'example_sensors' retrieved from /home/airflow/.local/lib/python3.12/site-packages/airflow/example_dags/example_sensors.py
[2025-04-13T21:35:38.947+0000] {logging_mixin.py:190} INFO - [2025-04-13T21:35:38.945+0000] {dag.py:3239} INFO - Sync 1 DAGs
[2025-04-13T21:35:39.239+0000] {logging_mixin.py:190} INFO - [2025-04-13T21:35:39.239+0000] {dag.py:4180} INFO - Setting next_dagrun for example_sensors to None, run_after=None
[2025-04-13T21:35:40.533+0000] {processor.py:208} INFO - Processing /home/airflow/.local/lib/python3.12/site-packages/airflow/example_dags/example_sensors.py took 3.414 seconds
[2025-04-13T21:51:26.401+0000] {processor.py:186} INFO - Started process (PID=146) to work on /home/airflow/.local/lib/python3.12/site-packages/airflow/example_dags/example_sensors.py
[2025-04-13T21:51:27.017+0000] {processor.py:914} INFO - Processing file /home/airflow/.local/lib/python3.12/site-packages/airflow/example_dags/example_sensors.py for tasks to queue
[2025-04-13T21:51:27.196+0000] {logging_mixin.py:190} INFO - [2025-04-13T21:51:27.195+0000] {dagbag.py:588} INFO - Filling up the DagBag from /home/airflow/.local/lib/python3.12/site-packages/airflow/example_dags/example_sensors.py
[2025-04-13T21:51:27.879+0000] {processor.py:925} INFO - DAG(s) 'example_sensors' retrieved from /home/airflow/.local/lib/python3.12/site-packages/airflow/example_dags/example_sensors.py
[2025-04-13T21:51:31.148+0000] {logging_mixin.py:190} INFO - [2025-04-13T21:51:31.147+0000] {dag.py:3239} INFO - Sync 1 DAGs
[2025-04-13T21:51:33.013+0000] {logging_mixin.py:190} INFO - [2025-04-13T21:51:33.012+0000] {dag.py:4180} INFO - Setting next_dagrun for example_sensors to None, run_after=None
[2025-04-13T21:51:33.854+0000] {processor.py:208} INFO - Processing /home/airflow/.local/lib/python3.12/site-packages/airflow/example_dags/example_sensors.py took 8.044 seconds
[2025-04-13T22:31:38.494+0000] {processor.py:186} INFO - Started process (PID=104) to work on /home/airflow/.local/lib/python3.12/site-packages/airflow/example_dags/example_sensors.py
[2025-04-13T22:31:38.505+0000] {processor.py:914} INFO - Processing file /home/airflow/.local/lib/python3.12/site-packages/airflow/example_dags/example_sensors.py for tasks to queue
[2025-04-13T22:31:38.517+0000] {logging_mixin.py:190} INFO - [2025-04-13T22:31:38.515+0000] {dagbag.py:588} INFO - Filling up the DagBag from /home/airflow/.local/lib/python3.12/site-packages/airflow/example_dags/example_sensors.py
[2025-04-13T22:31:38.725+0000] {processor.py:925} INFO - DAG(s) 'example_sensors' retrieved from /home/airflow/.local/lib/python3.12/site-packages/airflow/example_dags/example_sensors.py
[2025-04-13T22:31:39.235+0000] {logging_mixin.py:190} INFO - [2025-04-13T22:31:39.234+0000] {dag.py:3239} INFO - Sync 1 DAGs
[2025-04-13T22:31:39.416+0000] {logging_mixin.py:190} INFO - [2025-04-13T22:31:39.415+0000] {dag.py:4180} INFO - Setting next_dagrun for example_sensors to None, run_after=None
[2025-04-13T22:31:39.850+0000] {processor.py:208} INFO - Processing /home/airflow/.local/lib/python3.12/site-packages/airflow/example_dags/example_sensors.py took 1.451 seconds
[2025-04-13T22:32:27.909+0000] {processor.py:186} INFO - Started process (PID=174) to work on /home/airflow/.local/lib/python3.12/site-packages/airflow/example_dags/example_sensors.py
[2025-04-13T22:32:27.915+0000] {processor.py:914} INFO - Processing file /home/airflow/.local/lib/python3.12/site-packages/airflow/example_dags/example_sensors.py for tasks to queue
[2025-04-13T22:32:27.922+0000] {logging_mixin.py:190} INFO - [2025-04-13T22:32:27.922+0000] {dagbag.py:588} INFO - Filling up the DagBag from /home/airflow/.local/lib/python3.12/site-packages/airflow/example_dags/example_sensors.py
[2025-04-13T22:32:27.993+0000] {processor.py:925} INFO - DAG(s) 'example_sensors' retrieved from /home/airflow/.local/lib/python3.12/site-packages/airflow/example_dags/example_sensors.py
[2025-04-13T22:32:28.090+0000] {logging_mixin.py:190} INFO - [2025-04-13T22:32:28.089+0000] {dag.py:3239} INFO - Sync 1 DAGs
[2025-04-13T22:32:28.162+0000] {logging_mixin.py:190} INFO - [2025-04-13T22:32:28.162+0000] {dag.py:4180} INFO - Setting next_dagrun for example_sensors to None, run_after=None
[2025-04-13T22:32:28.244+0000] {processor.py:208} INFO - Processing /home/airflow/.local/lib/python3.12/site-packages/airflow/example_dags/example_sensors.py took 0.359 seconds
[2025-04-13T22:33:01.937+0000] {processor.py:186} INFO - Started process (PID=237) to work on /home/airflow/.local/lib/python3.12/site-packages/airflow/example_dags/example_sensors.py
[2025-04-13T22:33:01.969+0000] {processor.py:914} INFO - Processing file /home/airflow/.local/lib/python3.12/site-packages/airflow/example_dags/example_sensors.py for tasks to queue
[2025-04-13T22:33:01.975+0000] {logging_mixin.py:190} INFO - [2025-04-13T22:33:01.974+0000] {dagbag.py:588} INFO - Filling up the DagBag from /home/airflow/.local/lib/python3.12/site-packages/airflow/example_dags/example_sensors.py
[2025-04-13T22:33:02.118+0000] {processor.py:925} INFO - DAG(s) 'example_sensors' retrieved from /home/airflow/.local/lib/python3.12/site-packages/airflow/example_dags/example_sensors.py
[2025-04-13T22:33:02.455+0000] {logging_mixin.py:190} INFO - [2025-04-13T22:33:02.450+0000] {dag.py:3239} INFO - Sync 1 DAGs
[2025-04-13T22:33:02.543+0000] {logging_mixin.py:190} INFO - [2025-04-13T22:33:02.543+0000] {dag.py:4180} INFO - Setting next_dagrun for example_sensors to None, run_after=None
[2025-04-13T22:33:02.828+0000] {processor.py:208} INFO - Processing /home/airflow/.local/lib/python3.12/site-packages/airflow/example_dags/example_sensors.py took 0.957 seconds
[2025-04-13T22:33:33.060+0000] {processor.py:186} INFO - Started process (PID=300) to work on /home/airflow/.local/lib/python3.12/site-packages/airflow/example_dags/example_sensors.py
[2025-04-13T22:33:33.065+0000] {processor.py:914} INFO - Processing file /home/airflow/.local/lib/python3.12/site-packages/airflow/example_dags/example_sensors.py for tasks to queue
[2025-04-13T22:33:33.086+0000] {logging_mixin.py:190} INFO - [2025-04-13T22:33:33.082+0000] {dagbag.py:588} INFO - Filling up the DagBag from /home/airflow/.local/lib/python3.12/site-packages/airflow/example_dags/example_sensors.py
[2025-04-13T22:33:33.123+0000] {processor.py:925} INFO - DAG(s) 'example_sensors' retrieved from /home/airflow/.local/lib/python3.12/site-packages/airflow/example_dags/example_sensors.py
[2025-04-13T22:33:33.250+0000] {logging_mixin.py:190} INFO - [2025-04-13T22:33:33.249+0000] {dag.py:3239} INFO - Sync 1 DAGs
[2025-04-13T22:33:33.313+0000] {logging_mixin.py:190} INFO - [2025-04-13T22:33:33.313+0000] {dag.py:4180} INFO - Setting next_dagrun for example_sensors to None, run_after=None
[2025-04-13T22:33:33.404+0000] {processor.py:208} INFO - Processing /home/airflow/.local/lib/python3.12/site-packages/airflow/example_dags/example_sensors.py took 0.369 seconds
[2025-04-13T22:34:04.272+0000] {processor.py:186} INFO - Started process (PID=364) to work on /home/airflow/.local/lib/python3.12/site-packages/airflow/example_dags/example_sensors.py
[2025-04-13T22:34:04.276+0000] {processor.py:914} INFO - Processing file /home/airflow/.local/lib/python3.12/site-packages/airflow/example_dags/example_sensors.py for tasks to queue
[2025-04-13T22:34:04.294+0000] {logging_mixin.py:190} INFO - [2025-04-13T22:34:04.293+0000] {dagbag.py:588} INFO - Filling up the DagBag from /home/airflow/.local/lib/python3.12/site-packages/airflow/example_dags/example_sensors.py
[2025-04-13T22:34:04.324+0000] {processor.py:925} INFO - DAG(s) 'example_sensors' retrieved from /home/airflow/.local/lib/python3.12/site-packages/airflow/example_dags/example_sensors.py
[2025-04-13T22:34:04.401+0000] {logging_mixin.py:190} INFO - [2025-04-13T22:34:04.400+0000] {dag.py:3239} INFO - Sync 1 DAGs
[2025-04-13T22:34:04.448+0000] {logging_mixin.py:190} INFO - [2025-04-13T22:34:04.448+0000] {dag.py:4180} INFO - Setting next_dagrun for example_sensors to None, run_after=None
[2025-04-13T22:34:04.508+0000] {processor.py:208} INFO - Processing /home/airflow/.local/lib/python3.12/site-packages/airflow/example_dags/example_sensors.py took 0.261 seconds
[2025-04-13T22:34:36.895+0000] {processor.py:186} INFO - Started process (PID=427) to work on /home/airflow/.local/lib/python3.12/site-packages/airflow/example_dags/example_sensors.py
[2025-04-13T22:34:36.906+0000] {processor.py:914} INFO - Processing file /home/airflow/.local/lib/python3.12/site-packages/airflow/example_dags/example_sensors.py for tasks to queue
[2025-04-13T22:34:36.919+0000] {logging_mixin.py:190} INFO - [2025-04-13T22:34:36.917+0000] {dagbag.py:588} INFO - Filling up the DagBag from /home/airflow/.local/lib/python3.12/site-packages/airflow/example_dags/example_sensors.py
[2025-04-13T22:34:36.989+0000] {processor.py:925} INFO - DAG(s) 'example_sensors' retrieved from /home/airflow/.local/lib/python3.12/site-packages/airflow/example_dags/example_sensors.py
[2025-04-13T22:34:37.408+0000] {logging_mixin.py:190} INFO - [2025-04-13T22:34:37.407+0000] {dag.py:3239} INFO - Sync 1 DAGs
[2025-04-13T22:34:37.564+0000] {logging_mixin.py:190} INFO - [2025-04-13T22:34:37.564+0000] {dag.py:4180} INFO - Setting next_dagrun for example_sensors to None, run_after=None
[2025-04-13T22:34:37.757+0000] {processor.py:208} INFO - Processing /home/airflow/.local/lib/python3.12/site-packages/airflow/example_dags/example_sensors.py took 0.881 seconds
[2025-04-13T22:35:15.922+0000] {processor.py:186} INFO - Started process (PID=471) to work on /home/airflow/.local/lib/python3.12/site-packages/airflow/example_dags/example_sensors.py
[2025-04-13T22:35:15.925+0000] {processor.py:914} INFO - Processing file /home/airflow/.local/lib/python3.12/site-packages/airflow/example_dags/example_sensors.py for tasks to queue
[2025-04-13T22:35:15.930+0000] {logging_mixin.py:190} INFO - [2025-04-13T22:35:15.930+0000] {dagbag.py:588} INFO - Filling up the DagBag from /home/airflow/.local/lib/python3.12/site-packages/airflow/example_dags/example_sensors.py
[2025-04-13T22:35:15.967+0000] {processor.py:925} INFO - DAG(s) 'example_sensors' retrieved from /home/airflow/.local/lib/python3.12/site-packages/airflow/example_dags/example_sensors.py
[2025-04-13T22:35:16.097+0000] {logging_mixin.py:190} INFO - [2025-04-13T22:35:16.076+0000] {dag.py:3239} INFO - Sync 1 DAGs
[2025-04-13T22:35:16.165+0000] {logging_mixin.py:190} INFO - [2025-04-13T22:35:16.164+0000] {dag.py:4180} INFO - Setting next_dagrun for example_sensors to None, run_after=None
[2025-04-13T22:35:16.229+0000] {processor.py:208} INFO - Processing /home/airflow/.local/lib/python3.12/site-packages/airflow/example_dags/example_sensors.py took 0.331 seconds
[2025-04-13T22:35:52.395+0000] {processor.py:186} INFO - Started process (PID=535) to work on /home/airflow/.local/lib/python3.12/site-packages/airflow/example_dags/example_sensors.py
[2025-04-13T22:35:52.397+0000] {processor.py:914} INFO - Processing file /home/airflow/.local/lib/python3.12/site-packages/airflow/example_dags/example_sensors.py for tasks to queue
[2025-04-13T22:35:52.410+0000] {logging_mixin.py:190} INFO - [2025-04-13T22:35:52.409+0000] {dagbag.py:588} INFO - Filling up the DagBag from /home/airflow/.local/lib/python3.12/site-packages/airflow/example_dags/example_sensors.py
[2025-04-13T22:35:52.451+0000] {processor.py:925} INFO - DAG(s) 'example_sensors' retrieved from /home/airflow/.local/lib/python3.12/site-packages/airflow/example_dags/example_sensors.py
[2025-04-13T22:35:52.587+0000] {logging_mixin.py:190} INFO - [2025-04-13T22:35:52.575+0000] {dag.py:3239} INFO - Sync 1 DAGs
[2025-04-13T22:35:52.643+0000] {logging_mixin.py:190} INFO - [2025-04-13T22:35:52.642+0000] {dag.py:4180} INFO - Setting next_dagrun for example_sensors to None, run_after=None
[2025-04-13T22:35:52.852+0000] {processor.py:208} INFO - Processing /home/airflow/.local/lib/python3.12/site-packages/airflow/example_dags/example_sensors.py took 0.493 seconds
[2025-04-13T22:36:28.324+0000] {processor.py:186} INFO - Started process (PID=592) to work on /home/airflow/.local/lib/python3.12/site-packages/airflow/example_dags/example_sensors.py
[2025-04-13T22:36:28.336+0000] {processor.py:914} INFO - Processing file /home/airflow/.local/lib/python3.12/site-packages/airflow/example_dags/example_sensors.py for tasks to queue
[2025-04-13T22:36:28.384+0000] {logging_mixin.py:190} INFO - [2025-04-13T22:36:28.373+0000] {dagbag.py:588} INFO - Filling up the DagBag from /home/airflow/.local/lib/python3.12/site-packages/airflow/example_dags/example_sensors.py
[2025-04-13T22:36:28.491+0000] {processor.py:925} INFO - DAG(s) 'example_sensors' retrieved from /home/airflow/.local/lib/python3.12/site-packages/airflow/example_dags/example_sensors.py
[2025-04-13T22:36:28.610+0000] {logging_mixin.py:190} INFO - [2025-04-13T22:36:28.609+0000] {dag.py:3239} INFO - Sync 1 DAGs
[2025-04-13T22:36:28.686+0000] {logging_mixin.py:190} INFO - [2025-04-13T22:36:28.686+0000] {dag.py:4180} INFO - Setting next_dagrun for example_sensors to None, run_after=None
[2025-04-13T22:36:28.760+0000] {processor.py:208} INFO - Processing /home/airflow/.local/lib/python3.12/site-packages/airflow/example_dags/example_sensors.py took 0.458 seconds
[2025-04-13T22:37:10.136+0000] {processor.py:186} INFO - Started process (PID=662) to work on /home/airflow/.local/lib/python3.12/site-packages/airflow/example_dags/example_sensors.py
[2025-04-13T22:37:10.171+0000] {processor.py:914} INFO - Processing file /home/airflow/.local/lib/python3.12/site-packages/airflow/example_dags/example_sensors.py for tasks to queue
[2025-04-13T22:37:10.207+0000] {logging_mixin.py:190} INFO - [2025-04-13T22:37:10.190+0000] {dagbag.py:588} INFO - Filling up the DagBag from /home/airflow/.local/lib/python3.12/site-packages/airflow/example_dags/example_sensors.py
[2025-04-13T22:37:10.396+0000] {processor.py:925} INFO - DAG(s) 'example_sensors' retrieved from /home/airflow/.local/lib/python3.12/site-packages/airflow/example_dags/example_sensors.py
[2025-04-13T22:37:10.758+0000] {logging_mixin.py:190} INFO - [2025-04-13T22:37:10.757+0000] {dag.py:3239} INFO - Sync 1 DAGs
[2025-04-13T22:37:10.890+0000] {logging_mixin.py:190} INFO - [2025-04-13T22:37:10.889+0000] {dag.py:4180} INFO - Setting next_dagrun for example_sensors to None, run_after=None
[2025-04-13T22:37:11.106+0000] {processor.py:208} INFO - Processing /home/airflow/.local/lib/python3.12/site-packages/airflow/example_dags/example_sensors.py took 1.066 seconds
[2025-04-13T22:37:55.573+0000] {processor.py:186} INFO - Started process (PID=724) to work on /home/airflow/.local/lib/python3.12/site-packages/airflow/example_dags/example_sensors.py
[2025-04-13T22:37:55.588+0000] {processor.py:914} INFO - Processing file /home/airflow/.local/lib/python3.12/site-packages/airflow/example_dags/example_sensors.py for tasks to queue
[2025-04-13T22:37:55.607+0000] {logging_mixin.py:190} INFO - [2025-04-13T22:37:55.606+0000] {dagbag.py:588} INFO - Filling up the DagBag from /home/airflow/.local/lib/python3.12/site-packages/airflow/example_dags/example_sensors.py
[2025-04-13T22:37:55.682+0000] {processor.py:925} INFO - DAG(s) 'example_sensors' retrieved from /home/airflow/.local/lib/python3.12/site-packages/airflow/example_dags/example_sensors.py
[2025-04-13T22:37:55.851+0000] {logging_mixin.py:190} INFO - [2025-04-13T22:37:55.851+0000] {dag.py:3239} INFO - Sync 1 DAGs
[2025-04-13T22:37:55.908+0000] {logging_mixin.py:190} INFO - [2025-04-13T22:37:55.907+0000] {dag.py:4180} INFO - Setting next_dagrun for example_sensors to None, run_after=None
[2025-04-13T22:37:56.006+0000] {processor.py:208} INFO - Processing /home/airflow/.local/lib/python3.12/site-packages/airflow/example_dags/example_sensors.py took 0.476 seconds
[2025-04-13T22:38:36.080+0000] {processor.py:186} INFO - Started process (PID=794) to work on /home/airflow/.local/lib/python3.12/site-packages/airflow/example_dags/example_sensors.py
[2025-04-13T22:38:36.098+0000] {processor.py:914} INFO - Processing file /home/airflow/.local/lib/python3.12/site-packages/airflow/example_dags/example_sensors.py for tasks to queue
[2025-04-13T22:38:36.108+0000] {logging_mixin.py:190} INFO - [2025-04-13T22:38:36.103+0000] {dagbag.py:588} INFO - Filling up the DagBag from /home/airflow/.local/lib/python3.12/site-packages/airflow/example_dags/example_sensors.py
[2025-04-13T22:38:36.162+0000] {processor.py:925} INFO - DAG(s) 'example_sensors' retrieved from /home/airflow/.local/lib/python3.12/site-packages/airflow/example_dags/example_sensors.py
[2025-04-13T22:38:36.264+0000] {logging_mixin.py:190} INFO - [2025-04-13T22:38:36.263+0000] {dag.py:3239} INFO - Sync 1 DAGs
[2025-04-13T22:38:36.304+0000] {logging_mixin.py:190} INFO - [2025-04-13T22:38:36.304+0000] {dag.py:4180} INFO - Setting next_dagrun for example_sensors to None, run_after=None
[2025-04-13T22:38:36.375+0000] {processor.py:208} INFO - Processing /home/airflow/.local/lib/python3.12/site-packages/airflow/example_dags/example_sensors.py took 0.327 seconds
[2025-04-13T22:39:11.122+0000] {processor.py:186} INFO - Started process (PID=848) to work on /home/airflow/.local/lib/python3.12/site-packages/airflow/example_dags/example_sensors.py
[2025-04-13T22:39:11.125+0000] {processor.py:914} INFO - Processing file /home/airflow/.local/lib/python3.12/site-packages/airflow/example_dags/example_sensors.py for tasks to queue
[2025-04-13T22:39:11.148+0000] {logging_mixin.py:190} INFO - [2025-04-13T22:39:11.147+0000] {dagbag.py:588} INFO - Filling up the DagBag from /home/airflow/.local/lib/python3.12/site-packages/airflow/example_dags/example_sensors.py
[2025-04-13T22:39:11.200+0000] {processor.py:925} INFO - DAG(s) 'example_sensors' retrieved from /home/airflow/.local/lib/python3.12/site-packages/airflow/example_dags/example_sensors.py
[2025-04-13T22:39:11.351+0000] {logging_mixin.py:190} INFO - [2025-04-13T22:39:11.351+0000] {dag.py:3239} INFO - Sync 1 DAGs
[2025-04-13T22:39:11.419+0000] {logging_mixin.py:190} INFO - [2025-04-13T22:39:11.419+0000] {dag.py:4180} INFO - Setting next_dagrun for example_sensors to None, run_after=None
[2025-04-13T22:39:11.518+0000] {processor.py:208} INFO - Processing /home/airflow/.local/lib/python3.12/site-packages/airflow/example_dags/example_sensors.py took 0.450 seconds
[2025-04-13T22:40:00.168+0000] {processor.py:186} INFO - Started process (PID=907) to work on /home/airflow/.local/lib/python3.12/site-packages/airflow/example_dags/example_sensors.py
[2025-04-13T22:40:00.232+0000] {processor.py:914} INFO - Processing file /home/airflow/.local/lib/python3.12/site-packages/airflow/example_dags/example_sensors.py for tasks to queue
[2025-04-13T22:40:00.282+0000] {logging_mixin.py:190} INFO - [2025-04-13T22:40:00.262+0000] {dagbag.py:588} INFO - Filling up the DagBag from /home/airflow/.local/lib/python3.12/site-packages/airflow/example_dags/example_sensors.py
[2025-04-13T22:40:00.949+0000] {processor.py:925} INFO - DAG(s) 'example_sensors' retrieved from /home/airflow/.local/lib/python3.12/site-packages/airflow/example_dags/example_sensors.py
[2025-04-13T22:40:03.622+0000] {logging_mixin.py:190} INFO - [2025-04-13T22:40:03.620+0000] {dag.py:3239} INFO - Sync 1 DAGs
[2025-04-13T22:40:04.619+0000] {logging_mixin.py:190} INFO - [2025-04-13T22:40:04.598+0000] {dag.py:4180} INFO - Setting next_dagrun for example_sensors to None, run_after=None
[2025-04-13T22:40:05.541+0000] {processor.py:208} INFO - Processing /home/airflow/.local/lib/python3.12/site-packages/airflow/example_dags/example_sensors.py took 5.816 seconds
[2025-04-13T22:41:51.116+0000] {processor.py:186} INFO - Started process (PID=992) to work on /home/airflow/.local/lib/python3.12/site-packages/airflow/example_dags/example_sensors.py
[2025-04-13T22:41:51.125+0000] {processor.py:914} INFO - Processing file /home/airflow/.local/lib/python3.12/site-packages/airflow/example_dags/example_sensors.py for tasks to queue
[2025-04-13T22:41:51.188+0000] {logging_mixin.py:190} INFO - [2025-04-13T22:41:51.187+0000] {dagbag.py:588} INFO - Filling up the DagBag from /home/airflow/.local/lib/python3.12/site-packages/airflow/example_dags/example_sensors.py
[2025-04-13T22:41:51.443+0000] {processor.py:925} INFO - DAG(s) 'example_sensors' retrieved from /home/airflow/.local/lib/python3.12/site-packages/airflow/example_dags/example_sensors.py
[2025-04-13T22:41:51.785+0000] {logging_mixin.py:190} INFO - [2025-04-13T22:41:51.773+0000] {dag.py:3239} INFO - Sync 1 DAGs
[2025-04-13T22:41:52.002+0000] {logging_mixin.py:190} INFO - [2025-04-13T22:41:52.001+0000] {dag.py:4180} INFO - Setting next_dagrun for example_sensors to None, run_after=None
[2025-04-13T22:41:52.244+0000] {processor.py:208} INFO - Processing /home/airflow/.local/lib/python3.12/site-packages/airflow/example_dags/example_sensors.py took 1.194 seconds
[2025-04-13T22:42:32.058+0000] {processor.py:186} INFO - Started process (PID=1055) to work on /home/airflow/.local/lib/python3.12/site-packages/airflow/example_dags/example_sensors.py
[2025-04-13T22:42:32.063+0000] {processor.py:914} INFO - Processing file /home/airflow/.local/lib/python3.12/site-packages/airflow/example_dags/example_sensors.py for tasks to queue
[2025-04-13T22:42:32.087+0000] {logging_mixin.py:190} INFO - [2025-04-13T22:42:32.086+0000] {dagbag.py:588} INFO - Filling up the DagBag from /home/airflow/.local/lib/python3.12/site-packages/airflow/example_dags/example_sensors.py
[2025-04-13T22:42:32.199+0000] {processor.py:925} INFO - DAG(s) 'example_sensors' retrieved from /home/airflow/.local/lib/python3.12/site-packages/airflow/example_dags/example_sensors.py
[2025-04-13T22:42:32.640+0000] {logging_mixin.py:190} INFO - [2025-04-13T22:42:32.639+0000] {dag.py:3239} INFO - Sync 1 DAGs
[2025-04-13T22:42:32.712+0000] {logging_mixin.py:190} INFO - [2025-04-13T22:42:32.711+0000] {dag.py:4180} INFO - Setting next_dagrun for example_sensors to None, run_after=None
[2025-04-13T22:42:32.841+0000] {processor.py:208} INFO - Processing /home/airflow/.local/lib/python3.12/site-packages/airflow/example_dags/example_sensors.py took 0.828 seconds
[2025-04-13T22:43:10.705+0000] {processor.py:186} INFO - Started process (PID=1111) to work on /home/airflow/.local/lib/python3.12/site-packages/airflow/example_dags/example_sensors.py
[2025-04-13T22:43:10.712+0000] {processor.py:914} INFO - Processing file /home/airflow/.local/lib/python3.12/site-packages/airflow/example_dags/example_sensors.py for tasks to queue
[2025-04-13T22:43:10.729+0000] {logging_mixin.py:190} INFO - [2025-04-13T22:43:10.728+0000] {dagbag.py:588} INFO - Filling up the DagBag from /home/airflow/.local/lib/python3.12/site-packages/airflow/example_dags/example_sensors.py
[2025-04-13T22:43:10.826+0000] {processor.py:925} INFO - DAG(s) 'example_sensors' retrieved from /home/airflow/.local/lib/python3.12/site-packages/airflow/example_dags/example_sensors.py
[2025-04-13T22:43:11.153+0000] {logging_mixin.py:190} INFO - [2025-04-13T22:43:11.153+0000] {dag.py:3239} INFO - Sync 1 DAGs
[2025-04-13T22:43:11.392+0000] {logging_mixin.py:190} INFO - [2025-04-13T22:43:11.392+0000] {dag.py:4180} INFO - Setting next_dagrun for example_sensors to None, run_after=None
[2025-04-13T22:43:11.537+0000] {processor.py:208} INFO - Processing /home/airflow/.local/lib/python3.12/site-packages/airflow/example_dags/example_sensors.py took 0.856 seconds
[2025-04-13T22:44:38.014+0000] {processor.py:186} INFO - Started process (PID=1185) to work on /home/airflow/.local/lib/python3.12/site-packages/airflow/example_dags/example_sensors.py
[2025-04-13T22:44:38.022+0000] {processor.py:914} INFO - Processing file /home/airflow/.local/lib/python3.12/site-packages/airflow/example_dags/example_sensors.py for tasks to queue
[2025-04-13T22:44:38.115+0000] {logging_mixin.py:190} INFO - [2025-04-13T22:44:38.112+0000] {dagbag.py:588} INFO - Filling up the DagBag from /home/airflow/.local/lib/python3.12/site-packages/airflow/example_dags/example_sensors.py
[2025-04-13T22:44:38.286+0000] {processor.py:925} INFO - DAG(s) 'example_sensors' retrieved from /home/airflow/.local/lib/python3.12/site-packages/airflow/example_dags/example_sensors.py
[2025-04-13T22:44:38.912+0000] {logging_mixin.py:190} INFO - [2025-04-13T22:44:38.912+0000] {dag.py:3239} INFO - Sync 1 DAGs
[2025-04-13T22:44:39.161+0000] {logging_mixin.py:190} INFO - [2025-04-13T22:44:39.160+0000] {dag.py:4180} INFO - Setting next_dagrun for example_sensors to None, run_after=None
[2025-04-13T22:44:39.704+0000] {processor.py:208} INFO - Processing /home/airflow/.local/lib/python3.12/site-packages/airflow/example_dags/example_sensors.py took 1.810 seconds
