[2025-04-13T16:50:16.846+0000] {processor.py:186} INFO - Started process (PID=157) to work on /home/airflow/.local/lib/python3.12/site-packages/airflow/example_dags/example_trigger_target_dag.py
[2025-04-13T16:50:16.863+0000] {processor.py:914} INFO - Processing file /home/airflow/.local/lib/python3.12/site-packages/airflow/example_dags/example_trigger_target_dag.py for tasks to queue
[2025-04-13T16:50:16.889+0000] {logging_mixin.py:190} INFO - [2025-04-13T16:50:16.888+0000] {dagbag.py:588} INFO - Filling up the DagBag from /home/airflow/.local/lib/python3.12/site-packages/airflow/example_dags/example_trigger_target_dag.py
[2025-04-13T16:50:17.065+0000] {processor.py:925} INFO - DAG(s) 'example_trigger_target_dag' retrieved from /home/airflow/.local/lib/python3.12/site-packages/airflow/example_dags/example_trigger_target_dag.py
[2025-04-13T16:50:18.533+0000] {logging_mixin.py:190} INFO - [2025-04-13T16:50:18.514+0000] {override.py:1912} INFO - Created Permission View: can read on DAG:example_trigger_target_dag
[2025-04-13T16:50:18.709+0000] {logging_mixin.py:190} INFO - [2025-04-13T16:50:18.686+0000] {override.py:1912} INFO - Created Permission View: can edit on DAG:example_trigger_target_dag
[2025-04-13T16:50:18.816+0000] {logging_mixin.py:190} INFO - [2025-04-13T16:50:18.816+0000] {override.py:1912} INFO - Created Permission View: can delete on DAG:example_trigger_target_dag
[2025-04-13T16:50:18.892+0000] {logging_mixin.py:190} INFO - [2025-04-13T16:50:18.891+0000] {override.py:1912} INFO - Created Permission View: can read on DAG Run:example_trigger_target_dag
[2025-04-13T16:50:19.325+0000] {logging_mixin.py:190} INFO - [2025-04-13T16:50:19.325+0000] {override.py:1912} INFO - Created Permission View: menu access on DAG Run:example_trigger_target_dag
[2025-04-13T16:50:20.197+0000] {logging_mixin.py:190} INFO - [2025-04-13T16:50:20.196+0000] {override.py:1912} INFO - Created Permission View: can create on DAG Run:example_trigger_target_dag
[2025-04-13T16:50:20.586+0000] {logging_mixin.py:190} INFO - [2025-04-13T16:50:20.586+0000] {override.py:1912} INFO - Created Permission View: can delete on DAG Run:example_trigger_target_dag
[2025-04-13T16:50:20.603+0000] {logging_mixin.py:190} INFO - [2025-04-13T16:50:20.603+0000] {dag.py:3239} INFO - Sync 1 DAGs
[2025-04-13T16:50:20.762+0000] {logging_mixin.py:190} INFO - [2025-04-13T16:50:20.762+0000] {dag.py:3262} INFO - Creating ORM DAG for example_trigger_target_dag
[2025-04-13T16:50:20.767+0000] {logging_mixin.py:190} INFO - [2025-04-13T16:50:20.767+0000] {dag.py:4180} INFO - Setting next_dagrun for example_trigger_target_dag to None, run_after=None
[2025-04-13T16:50:21.233+0000] {processor.py:208} INFO - Processing /home/airflow/.local/lib/python3.12/site-packages/airflow/example_dags/example_trigger_target_dag.py took 4.485 seconds
[2025-04-13T16:51:11.664+0000] {processor.py:186} INFO - Started process (PID=233) to work on /home/airflow/.local/lib/python3.12/site-packages/airflow/example_dags/example_trigger_target_dag.py
[2025-04-13T16:51:11.682+0000] {processor.py:914} INFO - Processing file /home/airflow/.local/lib/python3.12/site-packages/airflow/example_dags/example_trigger_target_dag.py for tasks to queue
[2025-04-13T16:51:11.725+0000] {logging_mixin.py:190} INFO - [2025-04-13T16:51:11.708+0000] {dagbag.py:588} INFO - Filling up the DagBag from /home/airflow/.local/lib/python3.12/site-packages/airflow/example_dags/example_trigger_target_dag.py
[2025-04-13T16:51:11.868+0000] {processor.py:925} INFO - DAG(s) 'example_trigger_target_dag' retrieved from /home/airflow/.local/lib/python3.12/site-packages/airflow/example_dags/example_trigger_target_dag.py
[2025-04-13T16:51:11.948+0000] {logging_mixin.py:190} INFO - [2025-04-13T16:51:11.947+0000] {dag.py:3239} INFO - Sync 1 DAGs
[2025-04-13T16:51:12.238+0000] {logging_mixin.py:190} INFO - [2025-04-13T16:51:12.238+0000] {dag.py:4180} INFO - Setting next_dagrun for example_trigger_target_dag to None, run_after=None
[2025-04-13T16:51:12.466+0000] {processor.py:208} INFO - Processing /home/airflow/.local/lib/python3.12/site-packages/airflow/example_dags/example_trigger_target_dag.py took 0.840 seconds
[2025-04-13T16:51:45.631+0000] {processor.py:186} INFO - Started process (PID=296) to work on /home/airflow/.local/lib/python3.12/site-packages/airflow/example_dags/example_trigger_target_dag.py
[2025-04-13T16:51:45.635+0000] {processor.py:914} INFO - Processing file /home/airflow/.local/lib/python3.12/site-packages/airflow/example_dags/example_trigger_target_dag.py for tasks to queue
[2025-04-13T16:51:45.645+0000] {logging_mixin.py:190} INFO - [2025-04-13T16:51:45.644+0000] {dagbag.py:588} INFO - Filling up the DagBag from /home/airflow/.local/lib/python3.12/site-packages/airflow/example_dags/example_trigger_target_dag.py
[2025-04-13T16:51:45.684+0000] {processor.py:925} INFO - DAG(s) 'example_trigger_target_dag' retrieved from /home/airflow/.local/lib/python3.12/site-packages/airflow/example_dags/example_trigger_target_dag.py
[2025-04-13T16:51:45.786+0000] {logging_mixin.py:190} INFO - [2025-04-13T16:51:45.785+0000] {dag.py:3239} INFO - Sync 1 DAGs
[2025-04-13T16:51:45.880+0000] {logging_mixin.py:190} INFO - [2025-04-13T16:51:45.879+0000] {dag.py:4180} INFO - Setting next_dagrun for example_trigger_target_dag to None, run_after=None
[2025-04-13T16:51:45.969+0000] {processor.py:208} INFO - Processing /home/airflow/.local/lib/python3.12/site-packages/airflow/example_dags/example_trigger_target_dag.py took 0.359 seconds
[2025-04-13T16:52:18.031+0000] {processor.py:186} INFO - Started process (PID=359) to work on /home/airflow/.local/lib/python3.12/site-packages/airflow/example_dags/example_trigger_target_dag.py
[2025-04-13T16:52:18.034+0000] {processor.py:914} INFO - Processing file /home/airflow/.local/lib/python3.12/site-packages/airflow/example_dags/example_trigger_target_dag.py for tasks to queue
[2025-04-13T16:52:18.046+0000] {logging_mixin.py:190} INFO - [2025-04-13T16:52:18.045+0000] {dagbag.py:588} INFO - Filling up the DagBag from /home/airflow/.local/lib/python3.12/site-packages/airflow/example_dags/example_trigger_target_dag.py
[2025-04-13T16:52:18.084+0000] {processor.py:925} INFO - DAG(s) 'example_trigger_target_dag' retrieved from /home/airflow/.local/lib/python3.12/site-packages/airflow/example_dags/example_trigger_target_dag.py
[2025-04-13T16:52:18.150+0000] {logging_mixin.py:190} INFO - [2025-04-13T16:52:18.149+0000] {dag.py:3239} INFO - Sync 1 DAGs
[2025-04-13T16:52:18.210+0000] {logging_mixin.py:190} INFO - [2025-04-13T16:52:18.210+0000] {dag.py:4180} INFO - Setting next_dagrun for example_trigger_target_dag to None, run_after=None
[2025-04-13T16:52:18.275+0000] {processor.py:208} INFO - Processing /home/airflow/.local/lib/python3.12/site-packages/airflow/example_dags/example_trigger_target_dag.py took 0.259 seconds
[2025-04-13T16:52:53.525+0000] {processor.py:186} INFO - Started process (PID=429) to work on /home/airflow/.local/lib/python3.12/site-packages/airflow/example_dags/example_trigger_target_dag.py
[2025-04-13T16:52:53.563+0000] {processor.py:914} INFO - Processing file /home/airflow/.local/lib/python3.12/site-packages/airflow/example_dags/example_trigger_target_dag.py for tasks to queue
[2025-04-13T16:52:53.574+0000] {logging_mixin.py:190} INFO - [2025-04-13T16:52:53.573+0000] {dagbag.py:588} INFO - Filling up the DagBag from /home/airflow/.local/lib/python3.12/site-packages/airflow/example_dags/example_trigger_target_dag.py
[2025-04-13T16:52:53.638+0000] {processor.py:925} INFO - DAG(s) 'example_trigger_target_dag' retrieved from /home/airflow/.local/lib/python3.12/site-packages/airflow/example_dags/example_trigger_target_dag.py
[2025-04-13T16:52:54.031+0000] {logging_mixin.py:190} INFO - [2025-04-13T16:52:54.030+0000] {dag.py:3239} INFO - Sync 1 DAGs
[2025-04-13T16:52:54.289+0000] {logging_mixin.py:190} INFO - [2025-04-13T16:52:54.282+0000] {dag.py:4180} INFO - Setting next_dagrun for example_trigger_target_dag to None, run_after=None
[2025-04-13T16:52:55.016+0000] {processor.py:208} INFO - Processing /home/airflow/.local/lib/python3.12/site-packages/airflow/example_dags/example_trigger_target_dag.py took 1.521 seconds
[2025-04-13T16:53:47.860+0000] {processor.py:186} INFO - Started process (PID=498) to work on /home/airflow/.local/lib/python3.12/site-packages/airflow/example_dags/example_trigger_target_dag.py
[2025-04-13T16:53:47.863+0000] {processor.py:914} INFO - Processing file /home/airflow/.local/lib/python3.12/site-packages/airflow/example_dags/example_trigger_target_dag.py for tasks to queue
[2025-04-13T16:53:47.868+0000] {logging_mixin.py:190} INFO - [2025-04-13T16:53:47.867+0000] {dagbag.py:588} INFO - Filling up the DagBag from /home/airflow/.local/lib/python3.12/site-packages/airflow/example_dags/example_trigger_target_dag.py
[2025-04-13T16:53:47.890+0000] {processor.py:925} INFO - DAG(s) 'example_trigger_target_dag' retrieved from /home/airflow/.local/lib/python3.12/site-packages/airflow/example_dags/example_trigger_target_dag.py
[2025-04-13T16:53:47.960+0000] {logging_mixin.py:190} INFO - [2025-04-13T16:53:47.959+0000] {dag.py:3239} INFO - Sync 1 DAGs
[2025-04-13T16:53:47.998+0000] {logging_mixin.py:190} INFO - [2025-04-13T16:53:47.997+0000] {dag.py:4180} INFO - Setting next_dagrun for example_trigger_target_dag to None, run_after=None
[2025-04-13T16:53:48.071+0000] {processor.py:208} INFO - Processing /home/airflow/.local/lib/python3.12/site-packages/airflow/example_dags/example_trigger_target_dag.py took 0.234 seconds
[2025-04-13T16:54:43.537+0000] {processor.py:186} INFO - Started process (PID=581) to work on /home/airflow/.local/lib/python3.12/site-packages/airflow/example_dags/example_trigger_target_dag.py
[2025-04-13T16:54:43.577+0000] {processor.py:914} INFO - Processing file /home/airflow/.local/lib/python3.12/site-packages/airflow/example_dags/example_trigger_target_dag.py for tasks to queue
[2025-04-13T16:54:43.659+0000] {logging_mixin.py:190} INFO - [2025-04-13T16:54:43.657+0000] {dagbag.py:588} INFO - Filling up the DagBag from /home/airflow/.local/lib/python3.12/site-packages/airflow/example_dags/example_trigger_target_dag.py
[2025-04-13T16:54:43.702+0000] {processor.py:925} INFO - DAG(s) 'example_trigger_target_dag' retrieved from /home/airflow/.local/lib/python3.12/site-packages/airflow/example_dags/example_trigger_target_dag.py
[2025-04-13T16:54:43.829+0000] {logging_mixin.py:190} INFO - [2025-04-13T16:54:43.823+0000] {dag.py:3239} INFO - Sync 1 DAGs
[2025-04-13T16:54:43.910+0000] {logging_mixin.py:190} INFO - [2025-04-13T16:54:43.910+0000] {dag.py:4180} INFO - Setting next_dagrun for example_trigger_target_dag to None, run_after=None
[2025-04-13T16:54:44.065+0000] {processor.py:208} INFO - Processing /home/airflow/.local/lib/python3.12/site-packages/airflow/example_dags/example_trigger_target_dag.py took 0.547 seconds
[2025-04-13T17:04:52.858+0000] {processor.py:186} INFO - Started process (PID=165) to work on /home/airflow/.local/lib/python3.12/site-packages/airflow/example_dags/example_trigger_target_dag.py
[2025-04-13T17:04:52.873+0000] {processor.py:914} INFO - Processing file /home/airflow/.local/lib/python3.12/site-packages/airflow/example_dags/example_trigger_target_dag.py for tasks to queue
[2025-04-13T17:04:52.889+0000] {logging_mixin.py:190} INFO - [2025-04-13T17:04:52.888+0000] {dagbag.py:588} INFO - Filling up the DagBag from /home/airflow/.local/lib/python3.12/site-packages/airflow/example_dags/example_trigger_target_dag.py
[2025-04-13T17:04:52.972+0000] {processor.py:925} INFO - DAG(s) 'example_trigger_target_dag' retrieved from /home/airflow/.local/lib/python3.12/site-packages/airflow/example_dags/example_trigger_target_dag.py
[2025-04-13T17:04:53.187+0000] {logging_mixin.py:190} INFO - [2025-04-13T17:04:53.187+0000] {dag.py:3239} INFO - Sync 1 DAGs
[2025-04-13T17:04:53.557+0000] {logging_mixin.py:190} INFO - [2025-04-13T17:04:53.557+0000] {dag.py:4180} INFO - Setting next_dagrun for example_trigger_target_dag to None, run_after=None
[2025-04-13T17:04:54.729+0000] {processor.py:208} INFO - Processing /home/airflow/.local/lib/python3.12/site-packages/airflow/example_dags/example_trigger_target_dag.py took 1.895 seconds
[2025-04-13T18:15:37.498+0000] {processor.py:186} INFO - Started process (PID=346) to work on /home/airflow/.local/lib/python3.12/site-packages/airflow/example_dags/example_trigger_target_dag.py
[2025-04-13T18:15:38.107+0000] {processor.py:914} INFO - Processing file /home/airflow/.local/lib/python3.12/site-packages/airflow/example_dags/example_trigger_target_dag.py for tasks to queue
[2025-04-13T18:15:38.140+0000] {logging_mixin.py:190} INFO - [2025-04-13T18:15:38.139+0000] {dagbag.py:588} INFO - Filling up the DagBag from /home/airflow/.local/lib/python3.12/site-packages/airflow/example_dags/example_trigger_target_dag.py
[2025-04-13T18:15:38.734+0000] {processor.py:925} INFO - DAG(s) 'example_trigger_target_dag' retrieved from /home/airflow/.local/lib/python3.12/site-packages/airflow/example_dags/example_trigger_target_dag.py
[2025-04-13T18:15:45.908+0000] {logging_mixin.py:190} INFO - [2025-04-13T18:15:45.906+0000] {dag.py:3239} INFO - Sync 1 DAGs
[2025-04-13T18:15:53.392+0000] {logging_mixin.py:190} INFO - [2025-04-13T18:15:53.392+0000] {dag.py:4180} INFO - Setting next_dagrun for example_trigger_target_dag to None, run_after=None
[2025-04-13T18:16:04.259+0000] {processor.py:208} INFO - Processing /home/airflow/.local/lib/python3.12/site-packages/airflow/example_dags/example_trigger_target_dag.py took 27.012 seconds
[2025-04-13T18:23:33.228+0000] {processor.py:186} INFO - Started process (PID=480) to work on /home/airflow/.local/lib/python3.12/site-packages/airflow/example_dags/example_trigger_target_dag.py
[2025-04-13T18:23:33.244+0000] {processor.py:914} INFO - Processing file /home/airflow/.local/lib/python3.12/site-packages/airflow/example_dags/example_trigger_target_dag.py for tasks to queue
[2025-04-13T18:23:33.530+0000] {logging_mixin.py:190} INFO - [2025-04-13T18:23:33.513+0000] {dagbag.py:588} INFO - Filling up the DagBag from /home/airflow/.local/lib/python3.12/site-packages/airflow/example_dags/example_trigger_target_dag.py
[2025-04-13T18:23:34.492+0000] {processor.py:925} INFO - DAG(s) 'example_trigger_target_dag' retrieved from /home/airflow/.local/lib/python3.12/site-packages/airflow/example_dags/example_trigger_target_dag.py
[2025-04-13T18:23:37.088+0000] {logging_mixin.py:190} INFO - [2025-04-13T18:23:36.993+0000] {dag.py:3239} INFO - Sync 1 DAGs
[2025-04-13T18:23:40.288+0000] {logging_mixin.py:190} INFO - [2025-04-13T18:23:40.287+0000] {dag.py:4180} INFO - Setting next_dagrun for example_trigger_target_dag to None, run_after=None
[2025-04-13T18:23:42.848+0000] {processor.py:208} INFO - Processing /home/airflow/.local/lib/python3.12/site-packages/airflow/example_dags/example_trigger_target_dag.py took 9.747 seconds
[2025-04-13T20:52:13.757+0000] {processor.py:186} INFO - Started process (PID=134) to work on /home/airflow/.local/lib/python3.12/site-packages/airflow/example_dags/example_trigger_target_dag.py
[2025-04-13T20:52:13.766+0000] {processor.py:914} INFO - Processing file /home/airflow/.local/lib/python3.12/site-packages/airflow/example_dags/example_trigger_target_dag.py for tasks to queue
[2025-04-13T20:52:13.775+0000] {logging_mixin.py:190} INFO - [2025-04-13T20:52:13.775+0000] {dagbag.py:588} INFO - Filling up the DagBag from /home/airflow/.local/lib/python3.12/site-packages/airflow/example_dags/example_trigger_target_dag.py
[2025-04-13T20:52:13.792+0000] {processor.py:925} INFO - DAG(s) 'example_trigger_target_dag' retrieved from /home/airflow/.local/lib/python3.12/site-packages/airflow/example_dags/example_trigger_target_dag.py
[2025-04-13T20:52:13.869+0000] {logging_mixin.py:190} INFO - [2025-04-13T20:52:13.869+0000] {dag.py:3239} INFO - Sync 1 DAGs
[2025-04-13T20:52:13.902+0000] {logging_mixin.py:190} INFO - [2025-04-13T20:52:13.901+0000] {dag.py:4180} INFO - Setting next_dagrun for example_trigger_target_dag to None, run_after=None
[2025-04-13T20:52:13.960+0000] {processor.py:208} INFO - Processing /home/airflow/.local/lib/python3.12/site-packages/airflow/example_dags/example_trigger_target_dag.py took 0.211 seconds
[2025-04-13T20:52:45.092+0000] {processor.py:186} INFO - Started process (PID=197) to work on /home/airflow/.local/lib/python3.12/site-packages/airflow/example_dags/example_trigger_target_dag.py
[2025-04-13T20:52:45.094+0000] {processor.py:914} INFO - Processing file /home/airflow/.local/lib/python3.12/site-packages/airflow/example_dags/example_trigger_target_dag.py for tasks to queue
[2025-04-13T20:52:45.112+0000] {logging_mixin.py:190} INFO - [2025-04-13T20:52:45.111+0000] {dagbag.py:588} INFO - Filling up the DagBag from /home/airflow/.local/lib/python3.12/site-packages/airflow/example_dags/example_trigger_target_dag.py
[2025-04-13T20:52:45.209+0000] {processor.py:925} INFO - DAG(s) 'example_trigger_target_dag' retrieved from /home/airflow/.local/lib/python3.12/site-packages/airflow/example_dags/example_trigger_target_dag.py
[2025-04-13T20:52:45.393+0000] {logging_mixin.py:190} INFO - [2025-04-13T20:52:45.393+0000] {dag.py:3239} INFO - Sync 1 DAGs
[2025-04-13T20:52:45.665+0000] {logging_mixin.py:190} INFO - [2025-04-13T20:52:45.665+0000] {dag.py:4180} INFO - Setting next_dagrun for example_trigger_target_dag to None, run_after=None
[2025-04-13T20:52:46.067+0000] {processor.py:208} INFO - Processing /home/airflow/.local/lib/python3.12/site-packages/airflow/example_dags/example_trigger_target_dag.py took 0.993 seconds
[2025-04-13T20:53:16.754+0000] {processor.py:186} INFO - Started process (PID=260) to work on /home/airflow/.local/lib/python3.12/site-packages/airflow/example_dags/example_trigger_target_dag.py
[2025-04-13T20:53:16.758+0000] {processor.py:914} INFO - Processing file /home/airflow/.local/lib/python3.12/site-packages/airflow/example_dags/example_trigger_target_dag.py for tasks to queue
[2025-04-13T20:53:16.776+0000] {logging_mixin.py:190} INFO - [2025-04-13T20:53:16.776+0000] {dagbag.py:588} INFO - Filling up the DagBag from /home/airflow/.local/lib/python3.12/site-packages/airflow/example_dags/example_trigger_target_dag.py
[2025-04-13T20:53:16.822+0000] {processor.py:925} INFO - DAG(s) 'example_trigger_target_dag' retrieved from /home/airflow/.local/lib/python3.12/site-packages/airflow/example_dags/example_trigger_target_dag.py
[2025-04-13T20:53:16.909+0000] {logging_mixin.py:190} INFO - [2025-04-13T20:53:16.909+0000] {dag.py:3239} INFO - Sync 1 DAGs
[2025-04-13T20:53:16.957+0000] {logging_mixin.py:190} INFO - [2025-04-13T20:53:16.955+0000] {dag.py:4180} INFO - Setting next_dagrun for example_trigger_target_dag to None, run_after=None
[2025-04-13T20:53:17.036+0000] {processor.py:208} INFO - Processing /home/airflow/.local/lib/python3.12/site-packages/airflow/example_dags/example_trigger_target_dag.py took 0.311 seconds
[2025-04-13T20:53:52.466+0000] {processor.py:186} INFO - Started process (PID=331) to work on /home/airflow/.local/lib/python3.12/site-packages/airflow/example_dags/example_trigger_target_dag.py
[2025-04-13T20:53:52.555+0000] {processor.py:914} INFO - Processing file /home/airflow/.local/lib/python3.12/site-packages/airflow/example_dags/example_trigger_target_dag.py for tasks to queue
[2025-04-13T20:53:52.573+0000] {logging_mixin.py:190} INFO - [2025-04-13T20:53:52.568+0000] {dagbag.py:588} INFO - Filling up the DagBag from /home/airflow/.local/lib/python3.12/site-packages/airflow/example_dags/example_trigger_target_dag.py
[2025-04-13T20:53:52.624+0000] {processor.py:925} INFO - DAG(s) 'example_trigger_target_dag' retrieved from /home/airflow/.local/lib/python3.12/site-packages/airflow/example_dags/example_trigger_target_dag.py
[2025-04-13T20:53:52.839+0000] {logging_mixin.py:190} INFO - [2025-04-13T20:53:52.827+0000] {dag.py:3239} INFO - Sync 1 DAGs
[2025-04-13T20:53:52.979+0000] {logging_mixin.py:190} INFO - [2025-04-13T20:53:52.978+0000] {dag.py:4180} INFO - Setting next_dagrun for example_trigger_target_dag to None, run_after=None
[2025-04-13T20:53:53.170+0000] {processor.py:208} INFO - Processing /home/airflow/.local/lib/python3.12/site-packages/airflow/example_dags/example_trigger_target_dag.py took 0.734 seconds
[2025-04-13T20:54:29.112+0000] {processor.py:186} INFO - Started process (PID=398) to work on /home/airflow/.local/lib/python3.12/site-packages/airflow/example_dags/example_trigger_target_dag.py
[2025-04-13T20:54:29.123+0000] {processor.py:914} INFO - Processing file /home/airflow/.local/lib/python3.12/site-packages/airflow/example_dags/example_trigger_target_dag.py for tasks to queue
[2025-04-13T20:54:29.137+0000] {logging_mixin.py:190} INFO - [2025-04-13T20:54:29.136+0000] {dagbag.py:588} INFO - Filling up the DagBag from /home/airflow/.local/lib/python3.12/site-packages/airflow/example_dags/example_trigger_target_dag.py
[2025-04-13T20:54:29.154+0000] {processor.py:925} INFO - DAG(s) 'example_trigger_target_dag' retrieved from /home/airflow/.local/lib/python3.12/site-packages/airflow/example_dags/example_trigger_target_dag.py
[2025-04-13T20:54:29.213+0000] {logging_mixin.py:190} INFO - [2025-04-13T20:54:29.213+0000] {dag.py:3239} INFO - Sync 1 DAGs
[2025-04-13T20:54:29.243+0000] {logging_mixin.py:190} INFO - [2025-04-13T20:54:29.242+0000] {dag.py:4180} INFO - Setting next_dagrun for example_trigger_target_dag to None, run_after=None
[2025-04-13T20:54:29.312+0000] {processor.py:208} INFO - Processing /home/airflow/.local/lib/python3.12/site-packages/airflow/example_dags/example_trigger_target_dag.py took 0.222 seconds
[2025-04-13T20:54:59.580+0000] {processor.py:186} INFO - Started process (PID=461) to work on /home/airflow/.local/lib/python3.12/site-packages/airflow/example_dags/example_trigger_target_dag.py
[2025-04-13T20:54:59.585+0000] {processor.py:914} INFO - Processing file /home/airflow/.local/lib/python3.12/site-packages/airflow/example_dags/example_trigger_target_dag.py for tasks to queue
[2025-04-13T20:54:59.599+0000] {logging_mixin.py:190} INFO - [2025-04-13T20:54:59.598+0000] {dagbag.py:588} INFO - Filling up the DagBag from /home/airflow/.local/lib/python3.12/site-packages/airflow/example_dags/example_trigger_target_dag.py
[2025-04-13T20:54:59.623+0000] {processor.py:925} INFO - DAG(s) 'example_trigger_target_dag' retrieved from /home/airflow/.local/lib/python3.12/site-packages/airflow/example_dags/example_trigger_target_dag.py
[2025-04-13T20:54:59.723+0000] {logging_mixin.py:190} INFO - [2025-04-13T20:54:59.722+0000] {dag.py:3239} INFO - Sync 1 DAGs
[2025-04-13T20:54:59.760+0000] {logging_mixin.py:190} INFO - [2025-04-13T20:54:59.759+0000] {dag.py:4180} INFO - Setting next_dagrun for example_trigger_target_dag to None, run_after=None
[2025-04-13T20:54:59.815+0000] {processor.py:208} INFO - Processing /home/airflow/.local/lib/python3.12/site-packages/airflow/example_dags/example_trigger_target_dag.py took 0.248 seconds
[2025-04-13T20:55:30.800+0000] {processor.py:186} INFO - Started process (PID=524) to work on /home/airflow/.local/lib/python3.12/site-packages/airflow/example_dags/example_trigger_target_dag.py
[2025-04-13T20:55:30.801+0000] {processor.py:914} INFO - Processing file /home/airflow/.local/lib/python3.12/site-packages/airflow/example_dags/example_trigger_target_dag.py for tasks to queue
[2025-04-13T20:55:30.808+0000] {logging_mixin.py:190} INFO - [2025-04-13T20:55:30.807+0000] {dagbag.py:588} INFO - Filling up the DagBag from /home/airflow/.local/lib/python3.12/site-packages/airflow/example_dags/example_trigger_target_dag.py
[2025-04-13T20:55:30.841+0000] {processor.py:925} INFO - DAG(s) 'example_trigger_target_dag' retrieved from /home/airflow/.local/lib/python3.12/site-packages/airflow/example_dags/example_trigger_target_dag.py
[2025-04-13T20:55:30.983+0000] {logging_mixin.py:190} INFO - [2025-04-13T20:55:30.982+0000] {dag.py:3239} INFO - Sync 1 DAGs
[2025-04-13T20:55:31.054+0000] {logging_mixin.py:190} INFO - [2025-04-13T20:55:31.054+0000] {dag.py:4180} INFO - Setting next_dagrun for example_trigger_target_dag to None, run_after=None
[2025-04-13T20:55:31.121+0000] {processor.py:208} INFO - Processing /home/airflow/.local/lib/python3.12/site-packages/airflow/example_dags/example_trigger_target_dag.py took 0.332 seconds
[2025-04-13T20:56:01.444+0000] {processor.py:186} INFO - Started process (PID=588) to work on /home/airflow/.local/lib/python3.12/site-packages/airflow/example_dags/example_trigger_target_dag.py
[2025-04-13T20:56:01.446+0000] {processor.py:914} INFO - Processing file /home/airflow/.local/lib/python3.12/site-packages/airflow/example_dags/example_trigger_target_dag.py for tasks to queue
[2025-04-13T20:56:01.455+0000] {logging_mixin.py:190} INFO - [2025-04-13T20:56:01.454+0000] {dagbag.py:588} INFO - Filling up the DagBag from /home/airflow/.local/lib/python3.12/site-packages/airflow/example_dags/example_trigger_target_dag.py
[2025-04-13T20:56:01.470+0000] {processor.py:925} INFO - DAG(s) 'example_trigger_target_dag' retrieved from /home/airflow/.local/lib/python3.12/site-packages/airflow/example_dags/example_trigger_target_dag.py
[2025-04-13T20:56:01.522+0000] {logging_mixin.py:190} INFO - [2025-04-13T20:56:01.522+0000] {dag.py:3239} INFO - Sync 1 DAGs
[2025-04-13T20:56:01.555+0000] {logging_mixin.py:190} INFO - [2025-04-13T20:56:01.555+0000] {dag.py:4180} INFO - Setting next_dagrun for example_trigger_target_dag to None, run_after=None
[2025-04-13T20:56:01.595+0000] {processor.py:208} INFO - Processing /home/airflow/.local/lib/python3.12/site-packages/airflow/example_dags/example_trigger_target_dag.py took 0.164 seconds
[2025-04-13T20:56:31.674+0000] {processor.py:186} INFO - Started process (PID=651) to work on /home/airflow/.local/lib/python3.12/site-packages/airflow/example_dags/example_trigger_target_dag.py
[2025-04-13T20:56:31.675+0000] {processor.py:914} INFO - Processing file /home/airflow/.local/lib/python3.12/site-packages/airflow/example_dags/example_trigger_target_dag.py for tasks to queue
[2025-04-13T20:56:31.679+0000] {logging_mixin.py:190} INFO - [2025-04-13T20:56:31.679+0000] {dagbag.py:588} INFO - Filling up the DagBag from /home/airflow/.local/lib/python3.12/site-packages/airflow/example_dags/example_trigger_target_dag.py
[2025-04-13T20:56:31.693+0000] {processor.py:925} INFO - DAG(s) 'example_trigger_target_dag' retrieved from /home/airflow/.local/lib/python3.12/site-packages/airflow/example_dags/example_trigger_target_dag.py
[2025-04-13T20:56:31.724+0000] {logging_mixin.py:190} INFO - [2025-04-13T20:56:31.723+0000] {dag.py:3239} INFO - Sync 1 DAGs
[2025-04-13T20:56:31.747+0000] {logging_mixin.py:190} INFO - [2025-04-13T20:56:31.747+0000] {dag.py:4180} INFO - Setting next_dagrun for example_trigger_target_dag to None, run_after=None
[2025-04-13T20:56:31.777+0000] {processor.py:208} INFO - Processing /home/airflow/.local/lib/python3.12/site-packages/airflow/example_dags/example_trigger_target_dag.py took 0.113 seconds
[2025-04-13T20:57:02.512+0000] {processor.py:186} INFO - Started process (PID=715) to work on /home/airflow/.local/lib/python3.12/site-packages/airflow/example_dags/example_trigger_target_dag.py
[2025-04-13T20:57:02.520+0000] {processor.py:914} INFO - Processing file /home/airflow/.local/lib/python3.12/site-packages/airflow/example_dags/example_trigger_target_dag.py for tasks to queue
[2025-04-13T20:57:02.531+0000] {logging_mixin.py:190} INFO - [2025-04-13T20:57:02.529+0000] {dagbag.py:588} INFO - Filling up the DagBag from /home/airflow/.local/lib/python3.12/site-packages/airflow/example_dags/example_trigger_target_dag.py
[2025-04-13T20:57:02.551+0000] {processor.py:925} INFO - DAG(s) 'example_trigger_target_dag' retrieved from /home/airflow/.local/lib/python3.12/site-packages/airflow/example_dags/example_trigger_target_dag.py
[2025-04-13T20:57:02.601+0000] {logging_mixin.py:190} INFO - [2025-04-13T20:57:02.600+0000] {dag.py:3239} INFO - Sync 1 DAGs
[2025-04-13T20:57:02.635+0000] {logging_mixin.py:190} INFO - [2025-04-13T20:57:02.634+0000] {dag.py:4180} INFO - Setting next_dagrun for example_trigger_target_dag to None, run_after=None
[2025-04-13T20:57:02.681+0000] {processor.py:208} INFO - Processing /home/airflow/.local/lib/python3.12/site-packages/airflow/example_dags/example_trigger_target_dag.py took 0.180 seconds
[2025-04-13T20:57:36.132+0000] {processor.py:186} INFO - Started process (PID=779) to work on /home/airflow/.local/lib/python3.12/site-packages/airflow/example_dags/example_trigger_target_dag.py
[2025-04-13T20:57:36.135+0000] {processor.py:914} INFO - Processing file /home/airflow/.local/lib/python3.12/site-packages/airflow/example_dags/example_trigger_target_dag.py for tasks to queue
[2025-04-13T20:57:36.140+0000] {logging_mixin.py:190} INFO - [2025-04-13T20:57:36.140+0000] {dagbag.py:588} INFO - Filling up the DagBag from /home/airflow/.local/lib/python3.12/site-packages/airflow/example_dags/example_trigger_target_dag.py
[2025-04-13T20:57:36.191+0000] {processor.py:925} INFO - DAG(s) 'example_trigger_target_dag' retrieved from /home/airflow/.local/lib/python3.12/site-packages/airflow/example_dags/example_trigger_target_dag.py
[2025-04-13T20:57:36.511+0000] {logging_mixin.py:190} INFO - [2025-04-13T20:57:36.511+0000] {dag.py:3239} INFO - Sync 1 DAGs
[2025-04-13T20:57:36.566+0000] {logging_mixin.py:190} INFO - [2025-04-13T20:57:36.566+0000] {dag.py:4180} INFO - Setting next_dagrun for example_trigger_target_dag to None, run_after=None
[2025-04-13T20:57:36.633+0000] {processor.py:208} INFO - Processing /home/airflow/.local/lib/python3.12/site-packages/airflow/example_dags/example_trigger_target_dag.py took 0.516 seconds
[2025-04-13T20:58:14.484+0000] {processor.py:186} INFO - Started process (PID=845) to work on /home/airflow/.local/lib/python3.12/site-packages/airflow/example_dags/example_trigger_target_dag.py
[2025-04-13T20:58:14.485+0000] {processor.py:914} INFO - Processing file /home/airflow/.local/lib/python3.12/site-packages/airflow/example_dags/example_trigger_target_dag.py for tasks to queue
[2025-04-13T20:58:14.490+0000] {logging_mixin.py:190} INFO - [2025-04-13T20:58:14.489+0000] {dagbag.py:588} INFO - Filling up the DagBag from /home/airflow/.local/lib/python3.12/site-packages/airflow/example_dags/example_trigger_target_dag.py
[2025-04-13T20:58:14.509+0000] {processor.py:925} INFO - DAG(s) 'example_trigger_target_dag' retrieved from /home/airflow/.local/lib/python3.12/site-packages/airflow/example_dags/example_trigger_target_dag.py
[2025-04-13T20:58:14.572+0000] {logging_mixin.py:190} INFO - [2025-04-13T20:58:14.571+0000] {dag.py:3239} INFO - Sync 1 DAGs
[2025-04-13T20:58:14.635+0000] {logging_mixin.py:190} INFO - [2025-04-13T20:58:14.633+0000] {dag.py:4180} INFO - Setting next_dagrun for example_trigger_target_dag to None, run_after=None
[2025-04-13T20:58:14.678+0000] {processor.py:208} INFO - Processing /home/airflow/.local/lib/python3.12/site-packages/airflow/example_dags/example_trigger_target_dag.py took 0.206 seconds
[2025-04-13T20:58:45.550+0000] {processor.py:186} INFO - Started process (PID=909) to work on /home/airflow/.local/lib/python3.12/site-packages/airflow/example_dags/example_trigger_target_dag.py
[2025-04-13T20:58:45.553+0000] {processor.py:914} INFO - Processing file /home/airflow/.local/lib/python3.12/site-packages/airflow/example_dags/example_trigger_target_dag.py for tasks to queue
[2025-04-13T20:58:45.558+0000] {logging_mixin.py:190} INFO - [2025-04-13T20:58:45.558+0000] {dagbag.py:588} INFO - Filling up the DagBag from /home/airflow/.local/lib/python3.12/site-packages/airflow/example_dags/example_trigger_target_dag.py
[2025-04-13T20:58:45.573+0000] {processor.py:925} INFO - DAG(s) 'example_trigger_target_dag' retrieved from /home/airflow/.local/lib/python3.12/site-packages/airflow/example_dags/example_trigger_target_dag.py
[2025-04-13T20:58:45.617+0000] {logging_mixin.py:190} INFO - [2025-04-13T20:58:45.617+0000] {dag.py:3239} INFO - Sync 1 DAGs
[2025-04-13T20:58:45.646+0000] {logging_mixin.py:190} INFO - [2025-04-13T20:58:45.645+0000] {dag.py:4180} INFO - Setting next_dagrun for example_trigger_target_dag to None, run_after=None
[2025-04-13T20:58:45.686+0000] {processor.py:208} INFO - Processing /home/airflow/.local/lib/python3.12/site-packages/airflow/example_dags/example_trigger_target_dag.py took 0.151 seconds
[2025-04-13T20:59:15.741+0000] {processor.py:186} INFO - Started process (PID=971) to work on /home/airflow/.local/lib/python3.12/site-packages/airflow/example_dags/example_trigger_target_dag.py
[2025-04-13T20:59:15.743+0000] {processor.py:914} INFO - Processing file /home/airflow/.local/lib/python3.12/site-packages/airflow/example_dags/example_trigger_target_dag.py for tasks to queue
[2025-04-13T20:59:15.747+0000] {logging_mixin.py:190} INFO - [2025-04-13T20:59:15.747+0000] {dagbag.py:588} INFO - Filling up the DagBag from /home/airflow/.local/lib/python3.12/site-packages/airflow/example_dags/example_trigger_target_dag.py
[2025-04-13T20:59:15.758+0000] {processor.py:925} INFO - DAG(s) 'example_trigger_target_dag' retrieved from /home/airflow/.local/lib/python3.12/site-packages/airflow/example_dags/example_trigger_target_dag.py
[2025-04-13T20:59:15.787+0000] {logging_mixin.py:190} INFO - [2025-04-13T20:59:15.787+0000] {dag.py:3239} INFO - Sync 1 DAGs
[2025-04-13T20:59:15.808+0000] {logging_mixin.py:190} INFO - [2025-04-13T20:59:15.808+0000] {dag.py:4180} INFO - Setting next_dagrun for example_trigger_target_dag to None, run_after=None
[2025-04-13T20:59:15.836+0000] {processor.py:208} INFO - Processing /home/airflow/.local/lib/python3.12/site-packages/airflow/example_dags/example_trigger_target_dag.py took 0.107 seconds
[2025-04-13T20:59:46.139+0000] {processor.py:186} INFO - Started process (PID=1035) to work on /home/airflow/.local/lib/python3.12/site-packages/airflow/example_dags/example_trigger_target_dag.py
[2025-04-13T20:59:46.140+0000] {processor.py:914} INFO - Processing file /home/airflow/.local/lib/python3.12/site-packages/airflow/example_dags/example_trigger_target_dag.py for tasks to queue
[2025-04-13T20:59:46.145+0000] {logging_mixin.py:190} INFO - [2025-04-13T20:59:46.144+0000] {dagbag.py:588} INFO - Filling up the DagBag from /home/airflow/.local/lib/python3.12/site-packages/airflow/example_dags/example_trigger_target_dag.py
[2025-04-13T20:59:46.256+0000] {processor.py:925} INFO - DAG(s) 'example_trigger_target_dag' retrieved from /home/airflow/.local/lib/python3.12/site-packages/airflow/example_dags/example_trigger_target_dag.py
[2025-04-13T20:59:46.526+0000] {logging_mixin.py:190} INFO - [2025-04-13T20:59:46.525+0000] {dag.py:3239} INFO - Sync 1 DAGs
[2025-04-13T20:59:46.572+0000] {logging_mixin.py:190} INFO - [2025-04-13T20:59:46.571+0000] {dag.py:4180} INFO - Setting next_dagrun for example_trigger_target_dag to None, run_after=None
[2025-04-13T20:59:46.623+0000] {processor.py:208} INFO - Processing /home/airflow/.local/lib/python3.12/site-packages/airflow/example_dags/example_trigger_target_dag.py took 0.493 seconds
[2025-04-13T21:00:20.708+0000] {processor.py:186} INFO - Started process (PID=1101) to work on /home/airflow/.local/lib/python3.12/site-packages/airflow/example_dags/example_trigger_target_dag.py
[2025-04-13T21:00:20.736+0000] {processor.py:914} INFO - Processing file /home/airflow/.local/lib/python3.12/site-packages/airflow/example_dags/example_trigger_target_dag.py for tasks to queue
[2025-04-13T21:00:20.743+0000] {logging_mixin.py:190} INFO - [2025-04-13T21:00:20.741+0000] {dagbag.py:588} INFO - Filling up the DagBag from /home/airflow/.local/lib/python3.12/site-packages/airflow/example_dags/example_trigger_target_dag.py
[2025-04-13T21:00:20.801+0000] {processor.py:925} INFO - DAG(s) 'example_trigger_target_dag' retrieved from /home/airflow/.local/lib/python3.12/site-packages/airflow/example_dags/example_trigger_target_dag.py
[2025-04-13T21:00:21.168+0000] {logging_mixin.py:190} INFO - [2025-04-13T21:00:21.168+0000] {dag.py:3239} INFO - Sync 1 DAGs
[2025-04-13T21:00:21.282+0000] {logging_mixin.py:190} INFO - [2025-04-13T21:00:21.281+0000] {dag.py:4180} INFO - Setting next_dagrun for example_trigger_target_dag to None, run_after=None
[2025-04-13T21:00:21.678+0000] {processor.py:208} INFO - Processing /home/airflow/.local/lib/python3.12/site-packages/airflow/example_dags/example_trigger_target_dag.py took 0.996 seconds
[2025-04-13T21:00:53.702+0000] {processor.py:186} INFO - Started process (PID=1170) to work on /home/airflow/.local/lib/python3.12/site-packages/airflow/example_dags/example_trigger_target_dag.py
[2025-04-13T21:00:53.719+0000] {processor.py:914} INFO - Processing file /home/airflow/.local/lib/python3.12/site-packages/airflow/example_dags/example_trigger_target_dag.py for tasks to queue
[2025-04-13T21:00:53.740+0000] {logging_mixin.py:190} INFO - [2025-04-13T21:00:53.739+0000] {dagbag.py:588} INFO - Filling up the DagBag from /home/airflow/.local/lib/python3.12/site-packages/airflow/example_dags/example_trigger_target_dag.py
[2025-04-13T21:00:53.791+0000] {processor.py:925} INFO - DAG(s) 'example_trigger_target_dag' retrieved from /home/airflow/.local/lib/python3.12/site-packages/airflow/example_dags/example_trigger_target_dag.py
[2025-04-13T21:00:53.862+0000] {logging_mixin.py:190} INFO - [2025-04-13T21:00:53.861+0000] {dag.py:3239} INFO - Sync 1 DAGs
[2025-04-13T21:00:53.993+0000] {logging_mixin.py:190} INFO - [2025-04-13T21:00:53.984+0000] {dag.py:4180} INFO - Setting next_dagrun for example_trigger_target_dag to None, run_after=None
[2025-04-13T21:00:54.066+0000] {processor.py:208} INFO - Processing /home/airflow/.local/lib/python3.12/site-packages/airflow/example_dags/example_trigger_target_dag.py took 0.391 seconds
[2025-04-13T21:30:16.054+0000] {processor.py:186} INFO - Started process (PID=242) to work on /home/airflow/.local/lib/python3.12/site-packages/airflow/example_dags/example_trigger_target_dag.py
[2025-04-13T21:30:16.090+0000] {processor.py:914} INFO - Processing file /home/airflow/.local/lib/python3.12/site-packages/airflow/example_dags/example_trigger_target_dag.py for tasks to queue
[2025-04-13T21:30:16.394+0000] {logging_mixin.py:190} INFO - [2025-04-13T21:30:16.393+0000] {dagbag.py:588} INFO - Filling up the DagBag from /home/airflow/.local/lib/python3.12/site-packages/airflow/example_dags/example_trigger_target_dag.py
[2025-04-13T21:30:17.379+0000] {processor.py:925} INFO - DAG(s) 'example_trigger_target_dag' retrieved from /home/airflow/.local/lib/python3.12/site-packages/airflow/example_dags/example_trigger_target_dag.py
[2025-04-13T21:30:18.351+0000] {logging_mixin.py:190} INFO - [2025-04-13T21:30:18.303+0000] {dag.py:3239} INFO - Sync 1 DAGs
[2025-04-13T21:30:19.754+0000] {logging_mixin.py:190} INFO - [2025-04-13T21:30:19.743+0000] {dag.py:4180} INFO - Setting next_dagrun for example_trigger_target_dag to None, run_after=None
[2025-04-13T21:30:21.172+0000] {processor.py:208} INFO - Processing /home/airflow/.local/lib/python3.12/site-packages/airflow/example_dags/example_trigger_target_dag.py took 5.223 seconds
[2025-04-13T21:37:29.386+0000] {processor.py:186} INFO - Started process (PID=419) to work on /home/airflow/.local/lib/python3.12/site-packages/airflow/example_dags/example_trigger_target_dag.py
[2025-04-13T21:37:29.512+0000] {processor.py:914} INFO - Processing file /home/airflow/.local/lib/python3.12/site-packages/airflow/example_dags/example_trigger_target_dag.py for tasks to queue
[2025-04-13T21:37:29.965+0000] {logging_mixin.py:190} INFO - [2025-04-13T21:37:29.964+0000] {dagbag.py:588} INFO - Filling up the DagBag from /home/airflow/.local/lib/python3.12/site-packages/airflow/example_dags/example_trigger_target_dag.py
[2025-04-13T21:37:30.171+0000] {processor.py:925} INFO - DAG(s) 'example_trigger_target_dag' retrieved from /home/airflow/.local/lib/python3.12/site-packages/airflow/example_dags/example_trigger_target_dag.py
[2025-04-13T21:37:31.152+0000] {logging_mixin.py:190} INFO - [2025-04-13T21:37:31.152+0000] {dag.py:3239} INFO - Sync 1 DAGs
[2025-04-13T21:37:32.076+0000] {logging_mixin.py:190} INFO - [2025-04-13T21:37:32.075+0000] {dag.py:4180} INFO - Setting next_dagrun for example_trigger_target_dag to None, run_after=None
[2025-04-13T21:37:32.826+0000] {processor.py:208} INFO - Processing /home/airflow/.local/lib/python3.12/site-packages/airflow/example_dags/example_trigger_target_dag.py took 3.655 seconds
[2025-04-13T22:32:15.055+0000] {processor.py:186} INFO - Started process (PID=150) to work on /home/airflow/.local/lib/python3.12/site-packages/airflow/example_dags/example_trigger_target_dag.py
[2025-04-13T22:32:15.062+0000] {processor.py:914} INFO - Processing file /home/airflow/.local/lib/python3.12/site-packages/airflow/example_dags/example_trigger_target_dag.py for tasks to queue
[2025-04-13T22:32:15.074+0000] {logging_mixin.py:190} INFO - [2025-04-13T22:32:15.074+0000] {dagbag.py:588} INFO - Filling up the DagBag from /home/airflow/.local/lib/python3.12/site-packages/airflow/example_dags/example_trigger_target_dag.py
[2025-04-13T22:32:15.131+0000] {processor.py:925} INFO - DAG(s) 'example_trigger_target_dag' retrieved from /home/airflow/.local/lib/python3.12/site-packages/airflow/example_dags/example_trigger_target_dag.py
[2025-04-13T22:32:15.227+0000] {logging_mixin.py:190} INFO - [2025-04-13T22:32:15.226+0000] {dag.py:3239} INFO - Sync 1 DAGs
[2025-04-13T22:32:15.328+0000] {logging_mixin.py:190} INFO - [2025-04-13T22:32:15.328+0000] {dag.py:4180} INFO - Setting next_dagrun for example_trigger_target_dag to None, run_after=None
[2025-04-13T22:32:15.422+0000] {processor.py:208} INFO - Processing /home/airflow/.local/lib/python3.12/site-packages/airflow/example_dags/example_trigger_target_dag.py took 0.425 seconds
[2025-04-13T22:32:48.918+0000] {processor.py:186} INFO - Started process (PID=213) to work on /home/airflow/.local/lib/python3.12/site-packages/airflow/example_dags/example_trigger_target_dag.py
[2025-04-13T22:32:48.955+0000] {processor.py:914} INFO - Processing file /home/airflow/.local/lib/python3.12/site-packages/airflow/example_dags/example_trigger_target_dag.py for tasks to queue
[2025-04-13T22:32:48.966+0000] {logging_mixin.py:190} INFO - [2025-04-13T22:32:48.965+0000] {dagbag.py:588} INFO - Filling up the DagBag from /home/airflow/.local/lib/python3.12/site-packages/airflow/example_dags/example_trigger_target_dag.py
[2025-04-13T22:32:49.028+0000] {processor.py:925} INFO - DAG(s) 'example_trigger_target_dag' retrieved from /home/airflow/.local/lib/python3.12/site-packages/airflow/example_dags/example_trigger_target_dag.py
[2025-04-13T22:32:49.258+0000] {logging_mixin.py:190} INFO - [2025-04-13T22:32:49.258+0000] {dag.py:3239} INFO - Sync 1 DAGs
[2025-04-13T22:32:49.458+0000] {logging_mixin.py:190} INFO - [2025-04-13T22:32:49.455+0000] {dag.py:4180} INFO - Setting next_dagrun for example_trigger_target_dag to None, run_after=None
[2025-04-13T22:32:49.615+0000] {processor.py:208} INFO - Processing /home/airflow/.local/lib/python3.12/site-packages/airflow/example_dags/example_trigger_target_dag.py took 0.770 seconds
[2025-04-13T22:33:21.761+0000] {processor.py:186} INFO - Started process (PID=277) to work on /home/airflow/.local/lib/python3.12/site-packages/airflow/example_dags/example_trigger_target_dag.py
[2025-04-13T22:33:21.764+0000] {processor.py:914} INFO - Processing file /home/airflow/.local/lib/python3.12/site-packages/airflow/example_dags/example_trigger_target_dag.py for tasks to queue
[2025-04-13T22:33:21.770+0000] {logging_mixin.py:190} INFO - [2025-04-13T22:33:21.769+0000] {dagbag.py:588} INFO - Filling up the DagBag from /home/airflow/.local/lib/python3.12/site-packages/airflow/example_dags/example_trigger_target_dag.py
[2025-04-13T22:33:21.799+0000] {processor.py:925} INFO - DAG(s) 'example_trigger_target_dag' retrieved from /home/airflow/.local/lib/python3.12/site-packages/airflow/example_dags/example_trigger_target_dag.py
[2025-04-13T22:33:21.857+0000] {logging_mixin.py:190} INFO - [2025-04-13T22:33:21.856+0000] {dag.py:3239} INFO - Sync 1 DAGs
[2025-04-13T22:33:21.900+0000] {logging_mixin.py:190} INFO - [2025-04-13T22:33:21.899+0000] {dag.py:4180} INFO - Setting next_dagrun for example_trigger_target_dag to None, run_after=None
[2025-04-13T22:33:21.960+0000] {processor.py:208} INFO - Processing /home/airflow/.local/lib/python3.12/site-packages/airflow/example_dags/example_trigger_target_dag.py took 0.214 seconds
[2025-04-13T22:33:54.556+0000] {processor.py:186} INFO - Started process (PID=341) to work on /home/airflow/.local/lib/python3.12/site-packages/airflow/example_dags/example_trigger_target_dag.py
[2025-04-13T22:33:54.558+0000] {processor.py:914} INFO - Processing file /home/airflow/.local/lib/python3.12/site-packages/airflow/example_dags/example_trigger_target_dag.py for tasks to queue
[2025-04-13T22:33:54.565+0000] {logging_mixin.py:190} INFO - [2025-04-13T22:33:54.563+0000] {dagbag.py:588} INFO - Filling up the DagBag from /home/airflow/.local/lib/python3.12/site-packages/airflow/example_dags/example_trigger_target_dag.py
[2025-04-13T22:33:54.583+0000] {processor.py:925} INFO - DAG(s) 'example_trigger_target_dag' retrieved from /home/airflow/.local/lib/python3.12/site-packages/airflow/example_dags/example_trigger_target_dag.py
[2025-04-13T22:33:54.697+0000] {logging_mixin.py:190} INFO - [2025-04-13T22:33:54.696+0000] {dag.py:3239} INFO - Sync 1 DAGs
[2025-04-13T22:33:54.745+0000] {logging_mixin.py:190} INFO - [2025-04-13T22:33:54.745+0000] {dag.py:4180} INFO - Setting next_dagrun for example_trigger_target_dag to None, run_after=None
[2025-04-13T22:33:54.826+0000] {processor.py:208} INFO - Processing /home/airflow/.local/lib/python3.12/site-packages/airflow/example_dags/example_trigger_target_dag.py took 0.283 seconds
[2025-04-13T22:34:33.780+0000] {processor.py:186} INFO - Started process (PID=411) to work on /home/airflow/.local/lib/python3.12/site-packages/airflow/example_dags/example_trigger_target_dag.py
[2025-04-13T22:34:33.787+0000] {processor.py:914} INFO - Processing file /home/airflow/.local/lib/python3.12/site-packages/airflow/example_dags/example_trigger_target_dag.py for tasks to queue
[2025-04-13T22:34:33.795+0000] {logging_mixin.py:190} INFO - [2025-04-13T22:34:33.794+0000] {dagbag.py:588} INFO - Filling up the DagBag from /home/airflow/.local/lib/python3.12/site-packages/airflow/example_dags/example_trigger_target_dag.py
[2025-04-13T22:34:33.831+0000] {processor.py:925} INFO - DAG(s) 'example_trigger_target_dag' retrieved from /home/airflow/.local/lib/python3.12/site-packages/airflow/example_dags/example_trigger_target_dag.py
[2025-04-13T22:34:33.927+0000] {logging_mixin.py:190} INFO - [2025-04-13T22:34:33.927+0000] {dag.py:3239} INFO - Sync 1 DAGs
[2025-04-13T22:34:33.998+0000] {logging_mixin.py:190} INFO - [2025-04-13T22:34:33.997+0000] {dag.py:4180} INFO - Setting next_dagrun for example_trigger_target_dag to None, run_after=None
[2025-04-13T22:34:34.080+0000] {processor.py:208} INFO - Processing /home/airflow/.local/lib/python3.12/site-packages/airflow/example_dags/example_trigger_target_dag.py took 0.314 seconds
[2025-04-13T22:35:23.488+0000] {processor.py:186} INFO - Started process (PID=487) to work on /home/airflow/.local/lib/python3.12/site-packages/airflow/example_dags/example_trigger_target_dag.py
[2025-04-13T22:35:23.492+0000] {processor.py:914} INFO - Processing file /home/airflow/.local/lib/python3.12/site-packages/airflow/example_dags/example_trigger_target_dag.py for tasks to queue
[2025-04-13T22:35:23.498+0000] {logging_mixin.py:190} INFO - [2025-04-13T22:35:23.497+0000] {dagbag.py:588} INFO - Filling up the DagBag from /home/airflow/.local/lib/python3.12/site-packages/airflow/example_dags/example_trigger_target_dag.py
[2025-04-13T22:35:23.516+0000] {processor.py:925} INFO - DAG(s) 'example_trigger_target_dag' retrieved from /home/airflow/.local/lib/python3.12/site-packages/airflow/example_dags/example_trigger_target_dag.py
[2025-04-13T22:35:23.599+0000] {logging_mixin.py:190} INFO - [2025-04-13T22:35:23.599+0000] {dag.py:3239} INFO - Sync 1 DAGs
[2025-04-13T22:35:23.667+0000] {logging_mixin.py:190} INFO - [2025-04-13T22:35:23.666+0000] {dag.py:4180} INFO - Setting next_dagrun for example_trigger_target_dag to None, run_after=None
[2025-04-13T22:35:23.845+0000] {processor.py:208} INFO - Processing /home/airflow/.local/lib/python3.12/site-packages/airflow/example_dags/example_trigger_target_dag.py took 0.387 seconds
[2025-04-13T22:36:04.278+0000] {processor.py:186} INFO - Started process (PID=564) to work on /home/airflow/.local/lib/python3.12/site-packages/airflow/example_dags/example_trigger_target_dag.py
[2025-04-13T22:36:04.280+0000] {processor.py:914} INFO - Processing file /home/airflow/.local/lib/python3.12/site-packages/airflow/example_dags/example_trigger_target_dag.py for tasks to queue
[2025-04-13T22:36:04.290+0000] {logging_mixin.py:190} INFO - [2025-04-13T22:36:04.290+0000] {dagbag.py:588} INFO - Filling up the DagBag from /home/airflow/.local/lib/python3.12/site-packages/airflow/example_dags/example_trigger_target_dag.py
[2025-04-13T22:36:04.355+0000] {processor.py:925} INFO - DAG(s) 'example_trigger_target_dag' retrieved from /home/airflow/.local/lib/python3.12/site-packages/airflow/example_dags/example_trigger_target_dag.py
[2025-04-13T22:36:04.511+0000] {logging_mixin.py:190} INFO - [2025-04-13T22:36:04.510+0000] {dag.py:3239} INFO - Sync 1 DAGs
[2025-04-13T22:36:04.584+0000] {logging_mixin.py:190} INFO - [2025-04-13T22:36:04.584+0000] {dag.py:4180} INFO - Setting next_dagrun for example_trigger_target_dag to None, run_after=None
[2025-04-13T22:36:04.665+0000] {processor.py:208} INFO - Processing /home/airflow/.local/lib/python3.12/site-packages/airflow/example_dags/example_trigger_target_dag.py took 0.405 seconds
[2025-04-13T22:36:43.161+0000] {processor.py:186} INFO - Started process (PID=628) to work on /home/airflow/.local/lib/python3.12/site-packages/airflow/example_dags/example_trigger_target_dag.py
[2025-04-13T22:36:43.163+0000] {processor.py:914} INFO - Processing file /home/airflow/.local/lib/python3.12/site-packages/airflow/example_dags/example_trigger_target_dag.py for tasks to queue
[2025-04-13T22:36:43.194+0000] {logging_mixin.py:190} INFO - [2025-04-13T22:36:43.193+0000] {dagbag.py:588} INFO - Filling up the DagBag from /home/airflow/.local/lib/python3.12/site-packages/airflow/example_dags/example_trigger_target_dag.py
[2025-04-13T22:36:43.247+0000] {processor.py:925} INFO - DAG(s) 'example_trigger_target_dag' retrieved from /home/airflow/.local/lib/python3.12/site-packages/airflow/example_dags/example_trigger_target_dag.py
[2025-04-13T22:36:43.370+0000] {logging_mixin.py:190} INFO - [2025-04-13T22:36:43.369+0000] {dag.py:3239} INFO - Sync 1 DAGs
[2025-04-13T22:36:43.510+0000] {logging_mixin.py:190} INFO - [2025-04-13T22:36:43.510+0000] {dag.py:4180} INFO - Setting next_dagrun for example_trigger_target_dag to None, run_after=None
[2025-04-13T22:36:43.611+0000] {processor.py:208} INFO - Processing /home/airflow/.local/lib/python3.12/site-packages/airflow/example_dags/example_trigger_target_dag.py took 0.485 seconds
[2025-04-13T22:37:47.894+0000] {processor.py:186} INFO - Started process (PID=707) to work on /home/airflow/.local/lib/python3.12/site-packages/airflow/example_dags/example_trigger_target_dag.py
[2025-04-13T22:37:47.925+0000] {processor.py:914} INFO - Processing file /home/airflow/.local/lib/python3.12/site-packages/airflow/example_dags/example_trigger_target_dag.py for tasks to queue
[2025-04-13T22:37:47.941+0000] {logging_mixin.py:190} INFO - [2025-04-13T22:37:47.941+0000] {dagbag.py:588} INFO - Filling up the DagBag from /home/airflow/.local/lib/python3.12/site-packages/airflow/example_dags/example_trigger_target_dag.py
[2025-04-13T22:37:48.037+0000] {processor.py:925} INFO - DAG(s) 'example_trigger_target_dag' retrieved from /home/airflow/.local/lib/python3.12/site-packages/airflow/example_dags/example_trigger_target_dag.py
[2025-04-13T22:37:48.203+0000] {logging_mixin.py:190} INFO - [2025-04-13T22:37:48.202+0000] {dag.py:3239} INFO - Sync 1 DAGs
[2025-04-13T22:37:48.289+0000] {logging_mixin.py:190} INFO - [2025-04-13T22:37:48.289+0000] {dag.py:4180} INFO - Setting next_dagrun for example_trigger_target_dag to None, run_after=None
[2025-04-13T22:37:48.503+0000] {processor.py:208} INFO - Processing /home/airflow/.local/lib/python3.12/site-packages/airflow/example_dags/example_trigger_target_dag.py took 0.654 seconds
[2025-04-13T22:38:32.362+0000] {processor.py:186} INFO - Started process (PID=778) to work on /home/airflow/.local/lib/python3.12/site-packages/airflow/example_dags/example_trigger_target_dag.py
[2025-04-13T22:38:32.365+0000] {processor.py:914} INFO - Processing file /home/airflow/.local/lib/python3.12/site-packages/airflow/example_dags/example_trigger_target_dag.py for tasks to queue
[2025-04-13T22:38:32.373+0000] {logging_mixin.py:190} INFO - [2025-04-13T22:38:32.372+0000] {dagbag.py:588} INFO - Filling up the DagBag from /home/airflow/.local/lib/python3.12/site-packages/airflow/example_dags/example_trigger_target_dag.py
[2025-04-13T22:38:32.405+0000] {processor.py:925} INFO - DAG(s) 'example_trigger_target_dag' retrieved from /home/airflow/.local/lib/python3.12/site-packages/airflow/example_dags/example_trigger_target_dag.py
[2025-04-13T22:38:32.507+0000] {logging_mixin.py:190} INFO - [2025-04-13T22:38:32.506+0000] {dag.py:3239} INFO - Sync 1 DAGs
[2025-04-13T22:38:32.607+0000] {logging_mixin.py:190} INFO - [2025-04-13T22:38:32.607+0000] {dag.py:4180} INFO - Setting next_dagrun for example_trigger_target_dag to None, run_after=None
[2025-04-13T22:38:32.817+0000] {processor.py:208} INFO - Processing /home/airflow/.local/lib/python3.12/site-packages/airflow/example_dags/example_trigger_target_dag.py took 0.500 seconds
[2025-04-13T22:39:12.856+0000] {processor.py:186} INFO - Started process (PID=852) to work on /home/airflow/.local/lib/python3.12/site-packages/airflow/example_dags/example_trigger_target_dag.py
[2025-04-13T22:39:12.861+0000] {processor.py:914} INFO - Processing file /home/airflow/.local/lib/python3.12/site-packages/airflow/example_dags/example_trigger_target_dag.py for tasks to queue
[2025-04-13T22:39:12.867+0000] {logging_mixin.py:190} INFO - [2025-04-13T22:39:12.866+0000] {dagbag.py:588} INFO - Filling up the DagBag from /home/airflow/.local/lib/python3.12/site-packages/airflow/example_dags/example_trigger_target_dag.py
[2025-04-13T22:39:12.928+0000] {processor.py:925} INFO - DAG(s) 'example_trigger_target_dag' retrieved from /home/airflow/.local/lib/python3.12/site-packages/airflow/example_dags/example_trigger_target_dag.py
[2025-04-13T22:39:13.024+0000] {logging_mixin.py:190} INFO - [2025-04-13T22:39:13.023+0000] {dag.py:3239} INFO - Sync 1 DAGs
[2025-04-13T22:39:13.089+0000] {logging_mixin.py:190} INFO - [2025-04-13T22:39:13.088+0000] {dag.py:4180} INFO - Setting next_dagrun for example_trigger_target_dag to None, run_after=None
[2025-04-13T22:39:13.191+0000] {processor.py:208} INFO - Processing /home/airflow/.local/lib/python3.12/site-packages/airflow/example_dags/example_trigger_target_dag.py took 0.375 seconds
[2025-04-13T22:41:22.822+0000] {processor.py:186} INFO - Started process (PID=968) to work on /home/airflow/.local/lib/python3.12/site-packages/airflow/example_dags/example_trigger_target_dag.py
[2025-04-13T22:41:22.872+0000] {processor.py:914} INFO - Processing file /home/airflow/.local/lib/python3.12/site-packages/airflow/example_dags/example_trigger_target_dag.py for tasks to queue
[2025-04-13T22:41:22.889+0000] {logging_mixin.py:190} INFO - [2025-04-13T22:41:22.888+0000] {dagbag.py:588} INFO - Filling up the DagBag from /home/airflow/.local/lib/python3.12/site-packages/airflow/example_dags/example_trigger_target_dag.py
[2025-04-13T22:41:22.992+0000] {processor.py:925} INFO - DAG(s) 'example_trigger_target_dag' retrieved from /home/airflow/.local/lib/python3.12/site-packages/airflow/example_dags/example_trigger_target_dag.py
[2025-04-13T22:41:23.378+0000] {logging_mixin.py:190} INFO - [2025-04-13T22:41:23.378+0000] {dag.py:3239} INFO - Sync 1 DAGs
[2025-04-13T22:41:23.570+0000] {logging_mixin.py:190} INFO - [2025-04-13T22:41:23.569+0000] {dag.py:4180} INFO - Setting next_dagrun for example_trigger_target_dag to None, run_after=None
[2025-04-13T22:41:23.866+0000] {processor.py:208} INFO - Processing /home/airflow/.local/lib/python3.12/site-packages/airflow/example_dags/example_trigger_target_dag.py took 1.105 seconds
[2025-04-13T22:42:24.778+0000] {processor.py:186} INFO - Started process (PID=1043) to work on /home/airflow/.local/lib/python3.12/site-packages/airflow/example_dags/example_trigger_target_dag.py
[2025-04-13T22:42:24.801+0000] {processor.py:914} INFO - Processing file /home/airflow/.local/lib/python3.12/site-packages/airflow/example_dags/example_trigger_target_dag.py for tasks to queue
[2025-04-13T22:42:24.807+0000] {logging_mixin.py:190} INFO - [2025-04-13T22:42:24.807+0000] {dagbag.py:588} INFO - Filling up the DagBag from /home/airflow/.local/lib/python3.12/site-packages/airflow/example_dags/example_trigger_target_dag.py
[2025-04-13T22:42:24.876+0000] {processor.py:925} INFO - DAG(s) 'example_trigger_target_dag' retrieved from /home/airflow/.local/lib/python3.12/site-packages/airflow/example_dags/example_trigger_target_dag.py
[2025-04-13T22:42:24.999+0000] {logging_mixin.py:190} INFO - [2025-04-13T22:42:24.998+0000] {dag.py:3239} INFO - Sync 1 DAGs
[2025-04-13T22:42:25.165+0000] {logging_mixin.py:190} INFO - [2025-04-13T22:42:25.164+0000] {dag.py:4180} INFO - Setting next_dagrun for example_trigger_target_dag to None, run_after=None
[2025-04-13T22:42:25.498+0000] {processor.py:208} INFO - Processing /home/airflow/.local/lib/python3.12/site-packages/airflow/example_dags/example_trigger_target_dag.py took 0.785 seconds
[2025-04-13T22:43:16.065+0000] {processor.py:186} INFO - Started process (PID=1121) to work on /home/airflow/.local/lib/python3.12/site-packages/airflow/example_dags/example_trigger_target_dag.py
[2025-04-13T22:43:16.100+0000] {processor.py:914} INFO - Processing file /home/airflow/.local/lib/python3.12/site-packages/airflow/example_dags/example_trigger_target_dag.py for tasks to queue
[2025-04-13T22:43:16.164+0000] {logging_mixin.py:190} INFO - [2025-04-13T22:43:16.152+0000] {dagbag.py:588} INFO - Filling up the DagBag from /home/airflow/.local/lib/python3.12/site-packages/airflow/example_dags/example_trigger_target_dag.py
[2025-04-13T22:43:16.446+0000] {processor.py:925} INFO - DAG(s) 'example_trigger_target_dag' retrieved from /home/airflow/.local/lib/python3.12/site-packages/airflow/example_dags/example_trigger_target_dag.py
[2025-04-13T22:43:16.724+0000] {logging_mixin.py:190} INFO - [2025-04-13T22:43:16.723+0000] {dag.py:3239} INFO - Sync 1 DAGs
[2025-04-13T22:43:16.809+0000] {logging_mixin.py:190} INFO - [2025-04-13T22:43:16.809+0000] {dag.py:4180} INFO - Setting next_dagrun for example_trigger_target_dag to None, run_after=None
[2025-04-13T22:43:16.889+0000] {processor.py:208} INFO - Processing /home/airflow/.local/lib/python3.12/site-packages/airflow/example_dags/example_trigger_target_dag.py took 0.996 seconds
[2025-04-13T22:45:00.704+0000] {processor.py:186} INFO - Started process (PID=1213) to work on /home/airflow/.local/lib/python3.12/site-packages/airflow/example_dags/example_trigger_target_dag.py
[2025-04-13T22:45:00.710+0000] {processor.py:914} INFO - Processing file /home/airflow/.local/lib/python3.12/site-packages/airflow/example_dags/example_trigger_target_dag.py for tasks to queue
[2025-04-13T22:45:00.735+0000] {logging_mixin.py:190} INFO - [2025-04-13T22:45:00.733+0000] {dagbag.py:588} INFO - Filling up the DagBag from /home/airflow/.local/lib/python3.12/site-packages/airflow/example_dags/example_trigger_target_dag.py
[2025-04-13T22:45:00.764+0000] {processor.py:925} INFO - DAG(s) 'example_trigger_target_dag' retrieved from /home/airflow/.local/lib/python3.12/site-packages/airflow/example_dags/example_trigger_target_dag.py
[2025-04-13T22:45:00.848+0000] {logging_mixin.py:190} INFO - [2025-04-13T22:45:00.848+0000] {dag.py:3239} INFO - Sync 1 DAGs
[2025-04-13T22:45:00.973+0000] {logging_mixin.py:190} INFO - [2025-04-13T22:45:00.972+0000] {dag.py:4180} INFO - Setting next_dagrun for example_trigger_target_dag to None, run_after=None
[2025-04-13T22:45:01.085+0000] {processor.py:208} INFO - Processing /home/airflow/.local/lib/python3.12/site-packages/airflow/example_dags/example_trigger_target_dag.py took 0.422 seconds
