[2025-04-13T16:49:06.357+0000] {processor.py:186} INFO - Started process (PID=120) to work on /home/airflow/.local/lib/python3.12/site-packages/airflow/example_dags/example_external_task_marker_dag.py
[2025-04-13T16:49:06.359+0000] {processor.py:914} INFO - Processing file /home/airflow/.local/lib/python3.12/site-packages/airflow/example_dags/example_external_task_marker_dag.py for tasks to queue
[2025-04-13T16:49:06.376+0000] {logging_mixin.py:190} INFO - [2025-04-13T16:49:06.375+0000] {dagbag.py:588} INFO - Filling up the DagBag from /home/airflow/.local/lib/python3.12/site-packages/airflow/example_dags/example_external_task_marker_dag.py
[2025-04-13T16:49:06.429+0000] {processor.py:925} INFO - DAG(s) 'example_external_task_marker_child', 'example_external_task_marker_parent' retrieved from /home/airflow/.local/lib/python3.12/site-packages/airflow/example_dags/example_external_task_marker_dag.py
[2025-04-13T16:49:06.947+0000] {logging_mixin.py:190} INFO - [2025-04-13T16:49:06.946+0000] {override.py:1912} INFO - Created Permission View: can read on DAG:example_external_task_marker_child
[2025-04-13T16:49:06.990+0000] {logging_mixin.py:190} INFO - [2025-04-13T16:49:06.990+0000] {override.py:1912} INFO - Created Permission View: can edit on DAG:example_external_task_marker_child
[2025-04-13T16:49:07.051+0000] {logging_mixin.py:190} INFO - [2025-04-13T16:49:07.050+0000] {override.py:1912} INFO - Created Permission View: can delete on DAG:example_external_task_marker_child
[2025-04-13T16:49:07.112+0000] {logging_mixin.py:190} INFO - [2025-04-13T16:49:07.112+0000] {override.py:1912} INFO - Created Permission View: can read on DAG Run:example_external_task_marker_child
[2025-04-13T16:49:07.137+0000] {logging_mixin.py:190} INFO - [2025-04-13T16:49:07.136+0000] {override.py:1912} INFO - Created Permission View: menu access on DAG Run:example_external_task_marker_child
[2025-04-13T16:49:07.174+0000] {logging_mixin.py:190} INFO - [2025-04-13T16:49:07.173+0000] {override.py:1912} INFO - Created Permission View: can create on DAG Run:example_external_task_marker_child
[2025-04-13T16:49:07.207+0000] {logging_mixin.py:190} INFO - [2025-04-13T16:49:07.207+0000] {override.py:1912} INFO - Created Permission View: can delete on DAG Run:example_external_task_marker_child
[2025-04-13T16:49:07.282+0000] {logging_mixin.py:190} INFO - [2025-04-13T16:49:07.282+0000] {override.py:1912} INFO - Created Permission View: can read on DAG:example_external_task_marker_parent
[2025-04-13T16:49:07.359+0000] {logging_mixin.py:190} INFO - [2025-04-13T16:49:07.359+0000] {override.py:1912} INFO - Created Permission View: can edit on DAG:example_external_task_marker_parent
[2025-04-13T16:49:07.408+0000] {logging_mixin.py:190} INFO - [2025-04-13T16:49:07.408+0000] {override.py:1912} INFO - Created Permission View: can delete on DAG:example_external_task_marker_parent
[2025-04-13T16:49:07.457+0000] {logging_mixin.py:190} INFO - [2025-04-13T16:49:07.457+0000] {override.py:1912} INFO - Created Permission View: can read on DAG Run:example_external_task_marker_parent
[2025-04-13T16:49:07.483+0000] {logging_mixin.py:190} INFO - [2025-04-13T16:49:07.482+0000] {override.py:1912} INFO - Created Permission View: menu access on DAG Run:example_external_task_marker_parent
[2025-04-13T16:49:07.560+0000] {logging_mixin.py:190} INFO - [2025-04-13T16:49:07.559+0000] {override.py:1912} INFO - Created Permission View: can create on DAG Run:example_external_task_marker_parent
[2025-04-13T16:49:07.615+0000] {logging_mixin.py:190} INFO - [2025-04-13T16:49:07.615+0000] {override.py:1912} INFO - Created Permission View: can delete on DAG Run:example_external_task_marker_parent
[2025-04-13T16:49:07.616+0000] {logging_mixin.py:190} INFO - [2025-04-13T16:49:07.616+0000] {dag.py:3239} INFO - Sync 2 DAGs
[2025-04-13T16:49:07.685+0000] {logging_mixin.py:190} INFO - [2025-04-13T16:49:07.685+0000] {dag.py:3262} INFO - Creating ORM DAG for example_external_task_marker_child
[2025-04-13T16:49:07.690+0000] {logging_mixin.py:190} INFO - [2025-04-13T16:49:07.689+0000] {dag.py:3262} INFO - Creating ORM DAG for example_external_task_marker_parent
[2025-04-13T16:49:07.698+0000] {logging_mixin.py:190} INFO - [2025-04-13T16:49:07.698+0000] {dag.py:4180} INFO - Setting next_dagrun for example_external_task_marker_child to None, run_after=None
[2025-04-13T16:49:07.700+0000] {logging_mixin.py:190} INFO - [2025-04-13T16:49:07.700+0000] {dag.py:4180} INFO - Setting next_dagrun for example_external_task_marker_parent to None, run_after=None
[2025-04-13T16:49:07.773+0000] {processor.py:208} INFO - Processing /home/airflow/.local/lib/python3.12/site-packages/airflow/example_dags/example_external_task_marker_dag.py took 1.448 seconds
[2025-04-13T16:50:48.710+0000] {processor.py:186} INFO - Started process (PID=202) to work on /home/airflow/.local/lib/python3.12/site-packages/airflow/example_dags/example_external_task_marker_dag.py
[2025-04-13T16:50:48.715+0000] {processor.py:914} INFO - Processing file /home/airflow/.local/lib/python3.12/site-packages/airflow/example_dags/example_external_task_marker_dag.py for tasks to queue
[2025-04-13T16:50:48.737+0000] {logging_mixin.py:190} INFO - [2025-04-13T16:50:48.736+0000] {dagbag.py:588} INFO - Filling up the DagBag from /home/airflow/.local/lib/python3.12/site-packages/airflow/example_dags/example_external_task_marker_dag.py
[2025-04-13T16:50:48.879+0000] {processor.py:925} INFO - DAG(s) 'example_external_task_marker_child', 'example_external_task_marker_parent' retrieved from /home/airflow/.local/lib/python3.12/site-packages/airflow/example_dags/example_external_task_marker_dag.py
[2025-04-13T16:50:48.985+0000] {logging_mixin.py:190} INFO - [2025-04-13T16:50:48.984+0000] {dag.py:3239} INFO - Sync 2 DAGs
[2025-04-13T16:50:49.062+0000] {logging_mixin.py:190} INFO - [2025-04-13T16:50:49.061+0000] {dag.py:4180} INFO - Setting next_dagrun for example_external_task_marker_child to None, run_after=None
[2025-04-13T16:50:49.075+0000] {logging_mixin.py:190} INFO - [2025-04-13T16:50:49.075+0000] {dag.py:4180} INFO - Setting next_dagrun for example_external_task_marker_parent to None, run_after=None
[2025-04-13T16:50:49.199+0000] {processor.py:208} INFO - Processing /home/airflow/.local/lib/python3.12/site-packages/airflow/example_dags/example_external_task_marker_dag.py took 0.530 seconds
[2025-04-13T16:51:28.280+0000] {processor.py:186} INFO - Started process (PID=266) to work on /home/airflow/.local/lib/python3.12/site-packages/airflow/example_dags/example_external_task_marker_dag.py
[2025-04-13T16:51:28.293+0000] {processor.py:914} INFO - Processing file /home/airflow/.local/lib/python3.12/site-packages/airflow/example_dags/example_external_task_marker_dag.py for tasks to queue
[2025-04-13T16:51:28.331+0000] {logging_mixin.py:190} INFO - [2025-04-13T16:51:28.329+0000] {dagbag.py:588} INFO - Filling up the DagBag from /home/airflow/.local/lib/python3.12/site-packages/airflow/example_dags/example_external_task_marker_dag.py
[2025-04-13T16:51:28.397+0000] {processor.py:925} INFO - DAG(s) 'example_external_task_marker_child', 'example_external_task_marker_parent' retrieved from /home/airflow/.local/lib/python3.12/site-packages/airflow/example_dags/example_external_task_marker_dag.py
[2025-04-13T16:51:28.599+0000] {logging_mixin.py:190} INFO - [2025-04-13T16:51:28.598+0000] {dag.py:3239} INFO - Sync 2 DAGs
[2025-04-13T16:51:28.757+0000] {logging_mixin.py:190} INFO - [2025-04-13T16:51:28.744+0000] {dag.py:4180} INFO - Setting next_dagrun for example_external_task_marker_child to None, run_after=None
[2025-04-13T16:51:28.774+0000] {logging_mixin.py:190} INFO - [2025-04-13T16:51:28.772+0000] {dag.py:4180} INFO - Setting next_dagrun for example_external_task_marker_parent to None, run_after=None
[2025-04-13T16:51:28.884+0000] {processor.py:208} INFO - Processing /home/airflow/.local/lib/python3.12/site-packages/airflow/example_dags/example_external_task_marker_dag.py took 0.659 seconds
[2025-04-13T16:51:59.566+0000] {processor.py:186} INFO - Started process (PID=328) to work on /home/airflow/.local/lib/python3.12/site-packages/airflow/example_dags/example_external_task_marker_dag.py
[2025-04-13T16:51:59.588+0000] {processor.py:914} INFO - Processing file /home/airflow/.local/lib/python3.12/site-packages/airflow/example_dags/example_external_task_marker_dag.py for tasks to queue
[2025-04-13T16:51:59.634+0000] {logging_mixin.py:190} INFO - [2025-04-13T16:51:59.629+0000] {dagbag.py:588} INFO - Filling up the DagBag from /home/airflow/.local/lib/python3.12/site-packages/airflow/example_dags/example_external_task_marker_dag.py
[2025-04-13T16:51:59.706+0000] {processor.py:925} INFO - DAG(s) 'example_external_task_marker_child', 'example_external_task_marker_parent' retrieved from /home/airflow/.local/lib/python3.12/site-packages/airflow/example_dags/example_external_task_marker_dag.py
[2025-04-13T16:52:00.084+0000] {logging_mixin.py:190} INFO - [2025-04-13T16:52:00.084+0000] {dag.py:3239} INFO - Sync 2 DAGs
[2025-04-13T16:52:00.305+0000] {logging_mixin.py:190} INFO - [2025-04-13T16:52:00.304+0000] {dag.py:4180} INFO - Setting next_dagrun for example_external_task_marker_child to None, run_after=None
[2025-04-13T16:52:00.441+0000] {logging_mixin.py:190} INFO - [2025-04-13T16:52:00.441+0000] {dag.py:4180} INFO - Setting next_dagrun for example_external_task_marker_parent to None, run_after=None
[2025-04-13T16:52:00.574+0000] {processor.py:208} INFO - Processing /home/airflow/.local/lib/python3.12/site-packages/airflow/example_dags/example_external_task_marker_dag.py took 1.137 seconds
[2025-04-13T16:52:30.853+0000] {processor.py:186} INFO - Started process (PID=392) to work on /home/airflow/.local/lib/python3.12/site-packages/airflow/example_dags/example_external_task_marker_dag.py
[2025-04-13T16:52:30.856+0000] {processor.py:914} INFO - Processing file /home/airflow/.local/lib/python3.12/site-packages/airflow/example_dags/example_external_task_marker_dag.py for tasks to queue
[2025-04-13T16:52:30.861+0000] {logging_mixin.py:190} INFO - [2025-04-13T16:52:30.861+0000] {dagbag.py:588} INFO - Filling up the DagBag from /home/airflow/.local/lib/python3.12/site-packages/airflow/example_dags/example_external_task_marker_dag.py
[2025-04-13T16:52:30.886+0000] {processor.py:925} INFO - DAG(s) 'example_external_task_marker_child', 'example_external_task_marker_parent' retrieved from /home/airflow/.local/lib/python3.12/site-packages/airflow/example_dags/example_external_task_marker_dag.py
[2025-04-13T16:52:31.004+0000] {logging_mixin.py:190} INFO - [2025-04-13T16:52:31.003+0000] {dag.py:3239} INFO - Sync 2 DAGs
[2025-04-13T16:52:31.128+0000] {logging_mixin.py:190} INFO - [2025-04-13T16:52:31.128+0000] {dag.py:4180} INFO - Setting next_dagrun for example_external_task_marker_child to None, run_after=None
[2025-04-13T16:52:31.136+0000] {logging_mixin.py:190} INFO - [2025-04-13T16:52:31.136+0000] {dag.py:4180} INFO - Setting next_dagrun for example_external_task_marker_parent to None, run_after=None
[2025-04-13T16:52:31.175+0000] {processor.py:208} INFO - Processing /home/airflow/.local/lib/python3.12/site-packages/airflow/example_dags/example_external_task_marker_dag.py took 0.338 seconds
[2025-04-13T16:53:28.362+0000] {processor.py:186} INFO - Started process (PID=463) to work on /home/airflow/.local/lib/python3.12/site-packages/airflow/example_dags/example_external_task_marker_dag.py
[2025-04-13T16:53:28.459+0000] {processor.py:914} INFO - Processing file /home/airflow/.local/lib/python3.12/site-packages/airflow/example_dags/example_external_task_marker_dag.py for tasks to queue
[2025-04-13T16:53:28.524+0000] {logging_mixin.py:190} INFO - [2025-04-13T16:53:28.523+0000] {dagbag.py:588} INFO - Filling up the DagBag from /home/airflow/.local/lib/python3.12/site-packages/airflow/example_dags/example_external_task_marker_dag.py
[2025-04-13T16:53:28.844+0000] {processor.py:925} INFO - DAG(s) 'example_external_task_marker_child', 'example_external_task_marker_parent' retrieved from /home/airflow/.local/lib/python3.12/site-packages/airflow/example_dags/example_external_task_marker_dag.py
[2025-04-13T16:53:29.167+0000] {logging_mixin.py:190} INFO - [2025-04-13T16:53:29.167+0000] {dag.py:3239} INFO - Sync 2 DAGs
[2025-04-13T16:53:29.320+0000] {logging_mixin.py:190} INFO - [2025-04-13T16:53:29.319+0000] {dag.py:4180} INFO - Setting next_dagrun for example_external_task_marker_child to None, run_after=None
[2025-04-13T16:53:29.365+0000] {logging_mixin.py:190} INFO - [2025-04-13T16:53:29.363+0000] {dag.py:4180} INFO - Setting next_dagrun for example_external_task_marker_parent to None, run_after=None
[2025-04-13T16:53:29.489+0000] {processor.py:208} INFO - Processing /home/airflow/.local/lib/python3.12/site-packages/airflow/example_dags/example_external_task_marker_dag.py took 1.185 seconds
[2025-04-13T16:54:00.302+0000] {processor.py:186} INFO - Started process (PID=526) to work on /home/airflow/.local/lib/python3.12/site-packages/airflow/example_dags/example_external_task_marker_dag.py
[2025-04-13T16:54:00.304+0000] {processor.py:914} INFO - Processing file /home/airflow/.local/lib/python3.12/site-packages/airflow/example_dags/example_external_task_marker_dag.py for tasks to queue
[2025-04-13T16:54:00.309+0000] {logging_mixin.py:190} INFO - [2025-04-13T16:54:00.308+0000] {dagbag.py:588} INFO - Filling up the DagBag from /home/airflow/.local/lib/python3.12/site-packages/airflow/example_dags/example_external_task_marker_dag.py
[2025-04-13T16:54:00.335+0000] {processor.py:925} INFO - DAG(s) 'example_external_task_marker_parent', 'example_external_task_marker_child' retrieved from /home/airflow/.local/lib/python3.12/site-packages/airflow/example_dags/example_external_task_marker_dag.py
[2025-04-13T16:54:00.395+0000] {logging_mixin.py:190} INFO - [2025-04-13T16:54:00.395+0000] {dag.py:3239} INFO - Sync 2 DAGs
[2025-04-13T16:54:00.474+0000] {logging_mixin.py:190} INFO - [2025-04-13T16:54:00.473+0000] {dag.py:4180} INFO - Setting next_dagrun for example_external_task_marker_child to None, run_after=None
[2025-04-13T16:54:00.504+0000] {logging_mixin.py:190} INFO - [2025-04-13T16:54:00.503+0000] {dag.py:4180} INFO - Setting next_dagrun for example_external_task_marker_parent to None, run_after=None
[2025-04-13T16:54:00.591+0000] {processor.py:208} INFO - Processing /home/airflow/.local/lib/python3.12/site-packages/airflow/example_dags/example_external_task_marker_dag.py took 0.333 seconds
[2025-04-13T16:54:55.830+0000] {processor.py:186} INFO - Started process (PID=608) to work on /home/airflow/.local/lib/python3.12/site-packages/airflow/example_dags/example_external_task_marker_dag.py
[2025-04-13T16:54:55.849+0000] {processor.py:914} INFO - Processing file /home/airflow/.local/lib/python3.12/site-packages/airflow/example_dags/example_external_task_marker_dag.py for tasks to queue
[2025-04-13T16:54:55.880+0000] {logging_mixin.py:190} INFO - [2025-04-13T16:54:55.879+0000] {dagbag.py:588} INFO - Filling up the DagBag from /home/airflow/.local/lib/python3.12/site-packages/airflow/example_dags/example_external_task_marker_dag.py
[2025-04-13T16:54:56.172+0000] {processor.py:925} INFO - DAG(s) 'example_external_task_marker_child', 'example_external_task_marker_parent' retrieved from /home/airflow/.local/lib/python3.12/site-packages/airflow/example_dags/example_external_task_marker_dag.py
[2025-04-13T16:54:57.332+0000] {logging_mixin.py:190} INFO - [2025-04-13T16:54:57.331+0000] {dag.py:3239} INFO - Sync 2 DAGs
[2025-04-13T16:54:57.843+0000] {logging_mixin.py:190} INFO - [2025-04-13T16:54:57.842+0000] {dag.py:4180} INFO - Setting next_dagrun for example_external_task_marker_child to None, run_after=None
[2025-04-13T16:54:57.966+0000] {logging_mixin.py:190} INFO - [2025-04-13T16:54:57.965+0000] {dag.py:4180} INFO - Setting next_dagrun for example_external_task_marker_parent to None, run_after=None
[2025-04-13T16:54:58.359+0000] {processor.py:208} INFO - Processing /home/airflow/.local/lib/python3.12/site-packages/airflow/example_dags/example_external_task_marker_dag.py took 2.615 seconds
[2025-04-13T17:03:41.698+0000] {processor.py:186} INFO - Started process (PID=129) to work on /home/airflow/.local/lib/python3.12/site-packages/airflow/example_dags/example_external_task_marker_dag.py
[2025-04-13T17:03:41.706+0000] {processor.py:914} INFO - Processing file /home/airflow/.local/lib/python3.12/site-packages/airflow/example_dags/example_external_task_marker_dag.py for tasks to queue
[2025-04-13T17:03:41.806+0000] {logging_mixin.py:190} INFO - [2025-04-13T17:03:41.805+0000] {dagbag.py:588} INFO - Filling up the DagBag from /home/airflow/.local/lib/python3.12/site-packages/airflow/example_dags/example_external_task_marker_dag.py
[2025-04-13T17:03:41.848+0000] {processor.py:925} INFO - DAG(s) 'example_external_task_marker_parent', 'example_external_task_marker_child' retrieved from /home/airflow/.local/lib/python3.12/site-packages/airflow/example_dags/example_external_task_marker_dag.py
[2025-04-13T17:03:42.198+0000] {logging_mixin.py:190} INFO - [2025-04-13T17:03:42.198+0000] {dag.py:3239} INFO - Sync 2 DAGs
[2025-04-13T17:03:42.390+0000] {logging_mixin.py:190} INFO - [2025-04-13T17:03:42.379+0000] {dag.py:4180} INFO - Setting next_dagrun for example_external_task_marker_child to None, run_after=None
[2025-04-13T17:03:42.464+0000] {logging_mixin.py:190} INFO - [2025-04-13T17:03:42.464+0000] {dag.py:4180} INFO - Setting next_dagrun for example_external_task_marker_parent to None, run_after=None
[2025-04-13T17:03:43.098+0000] {processor.py:208} INFO - Processing /home/airflow/.local/lib/python3.12/site-packages/airflow/example_dags/example_external_task_marker_dag.py took 1.550 seconds
[2025-04-13T17:05:54.130+0000] {processor.py:186} INFO - Started process (PID=210) to work on /home/airflow/.local/lib/python3.12/site-packages/airflow/example_dags/example_external_task_marker_dag.py
[2025-04-13T17:05:54.246+0000] {processor.py:914} INFO - Processing file /home/airflow/.local/lib/python3.12/site-packages/airflow/example_dags/example_external_task_marker_dag.py for tasks to queue
[2025-04-13T17:05:54.351+0000] {logging_mixin.py:190} INFO - [2025-04-13T17:05:54.350+0000] {dagbag.py:588} INFO - Filling up the DagBag from /home/airflow/.local/lib/python3.12/site-packages/airflow/example_dags/example_external_task_marker_dag.py
[2025-04-13T17:05:54.605+0000] {processor.py:925} INFO - DAG(s) 'example_external_task_marker_child', 'example_external_task_marker_parent' retrieved from /home/airflow/.local/lib/python3.12/site-packages/airflow/example_dags/example_external_task_marker_dag.py
[2025-04-13T17:05:55.631+0000] {logging_mixin.py:190} INFO - [2025-04-13T17:05:55.630+0000] {dag.py:3239} INFO - Sync 2 DAGs
[2025-04-13T17:05:56.678+0000] {logging_mixin.py:190} INFO - [2025-04-13T17:05:56.678+0000] {dag.py:4180} INFO - Setting next_dagrun for example_external_task_marker_child to None, run_after=None
[2025-04-13T17:05:56.836+0000] {logging_mixin.py:190} INFO - [2025-04-13T17:05:56.836+0000] {dag.py:4180} INFO - Setting next_dagrun for example_external_task_marker_parent to None, run_after=None
[2025-04-13T17:05:57.399+0000] {processor.py:208} INFO - Processing /home/airflow/.local/lib/python3.12/site-packages/airflow/example_dags/example_external_task_marker_dag.py took 3.502 seconds
[2025-04-13T17:24:53.055+0000] {processor.py:186} INFO - Started process (PID=184) to work on /home/airflow/.local/lib/python3.12/site-packages/airflow/example_dags/example_external_task_marker_dag.py
[2025-04-13T17:24:53.271+0000] {processor.py:914} INFO - Processing file /home/airflow/.local/lib/python3.12/site-packages/airflow/example_dags/example_external_task_marker_dag.py for tasks to queue
[2025-04-13T17:24:53.720+0000] {logging_mixin.py:190} INFO - [2025-04-13T17:24:53.715+0000] {dagbag.py:588} INFO - Filling up the DagBag from /home/airflow/.local/lib/python3.12/site-packages/airflow/example_dags/example_external_task_marker_dag.py
[2025-04-13T17:24:55.468+0000] {processor.py:925} INFO - DAG(s) 'example_external_task_marker_parent', 'example_external_task_marker_child' retrieved from /home/airflow/.local/lib/python3.12/site-packages/airflow/example_dags/example_external_task_marker_dag.py
[2025-04-13T17:24:59.942+0000] {logging_mixin.py:190} INFO - [2025-04-13T17:24:59.942+0000] {dag.py:3239} INFO - Sync 2 DAGs
[2025-04-13T17:25:01.932+0000] {logging_mixin.py:190} INFO - [2025-04-13T17:25:01.931+0000] {dag.py:4180} INFO - Setting next_dagrun for example_external_task_marker_child to None, run_after=None
[2025-04-13T17:25:03.242+0000] {logging_mixin.py:190} INFO - [2025-04-13T17:25:03.242+0000] {dag.py:4180} INFO - Setting next_dagrun for example_external_task_marker_parent to None, run_after=None
[2025-04-13T17:25:04.399+0000] {processor.py:208} INFO - Processing /home/airflow/.local/lib/python3.12/site-packages/airflow/example_dags/example_external_task_marker_dag.py took 12.167 seconds
[2025-04-13T18:11:31.362+0000] {processor.py:186} INFO - Started process (PID=280) to work on /home/airflow/.local/lib/python3.12/site-packages/airflow/example_dags/example_external_task_marker_dag.py
[2025-04-13T18:11:32.080+0000] {processor.py:914} INFO - Processing file /home/airflow/.local/lib/python3.12/site-packages/airflow/example_dags/example_external_task_marker_dag.py for tasks to queue
[2025-04-13T18:11:32.374+0000] {logging_mixin.py:190} INFO - [2025-04-13T18:11:32.226+0000] {dagbag.py:588} INFO - Filling up the DagBag from /home/airflow/.local/lib/python3.12/site-packages/airflow/example_dags/example_external_task_marker_dag.py
[2025-04-13T18:11:32.817+0000] {processor.py:925} INFO - DAG(s) 'example_external_task_marker_child', 'example_external_task_marker_parent' retrieved from /home/airflow/.local/lib/python3.12/site-packages/airflow/example_dags/example_external_task_marker_dag.py
[2025-04-13T18:11:34.923+0000] {logging_mixin.py:190} INFO - [2025-04-13T18:11:34.922+0000] {dag.py:3239} INFO - Sync 2 DAGs
[2025-04-13T18:11:36.715+0000] {logging_mixin.py:190} INFO - [2025-04-13T18:11:36.715+0000] {dag.py:4180} INFO - Setting next_dagrun for example_external_task_marker_child to None, run_after=None
[2025-04-13T18:11:37.302+0000] {logging_mixin.py:190} INFO - [2025-04-13T18:11:37.302+0000] {dag.py:4180} INFO - Setting next_dagrun for example_external_task_marker_parent to None, run_after=None
[2025-04-13T18:11:40.081+0000] {processor.py:208} INFO - Processing /home/airflow/.local/lib/python3.12/site-packages/airflow/example_dags/example_external_task_marker_dag.py took 9.335 seconds
[2025-04-13T18:20:06.813+0000] {processor.py:186} INFO - Started process (PID=419) to work on /home/airflow/.local/lib/python3.12/site-packages/airflow/example_dags/example_external_task_marker_dag.py
[2025-04-13T18:20:06.862+0000] {processor.py:914} INFO - Processing file /home/airflow/.local/lib/python3.12/site-packages/airflow/example_dags/example_external_task_marker_dag.py for tasks to queue
[2025-04-13T18:20:07.717+0000] {logging_mixin.py:190} INFO - [2025-04-13T18:20:07.041+0000] {dagbag.py:588} INFO - Filling up the DagBag from /home/airflow/.local/lib/python3.12/site-packages/airflow/example_dags/example_external_task_marker_dag.py
[2025-04-13T18:20:09.164+0000] {processor.py:925} INFO - DAG(s) 'example_external_task_marker_parent', 'example_external_task_marker_child' retrieved from /home/airflow/.local/lib/python3.12/site-packages/airflow/example_dags/example_external_task_marker_dag.py
[2025-04-13T18:20:10.811+0000] {logging_mixin.py:190} INFO - [2025-04-13T18:20:10.811+0000] {dag.py:3239} INFO - Sync 2 DAGs
[2025-04-13T18:20:13.281+0000] {logging_mixin.py:190} INFO - [2025-04-13T18:20:13.280+0000] {dag.py:4180} INFO - Setting next_dagrun for example_external_task_marker_child to None, run_after=None
[2025-04-13T18:20:13.933+0000] {logging_mixin.py:190} INFO - [2025-04-13T18:20:13.855+0000] {dag.py:4180} INFO - Setting next_dagrun for example_external_task_marker_parent to None, run_after=None
[2025-04-13T18:20:15.812+0000] {processor.py:208} INFO - Processing /home/airflow/.local/lib/python3.12/site-packages/airflow/example_dags/example_external_task_marker_dag.py took 9.484 seconds
[2025-04-13T20:51:57.633+0000] {processor.py:186} INFO - Started process (PID=109) to work on /home/airflow/.local/lib/python3.12/site-packages/airflow/example_dags/example_external_task_marker_dag.py
[2025-04-13T20:51:57.667+0000] {processor.py:914} INFO - Processing file /home/airflow/.local/lib/python3.12/site-packages/airflow/example_dags/example_external_task_marker_dag.py for tasks to queue
[2025-04-13T20:51:57.683+0000] {logging_mixin.py:190} INFO - [2025-04-13T20:51:57.672+0000] {dagbag.py:588} INFO - Filling up the DagBag from /home/airflow/.local/lib/python3.12/site-packages/airflow/example_dags/example_external_task_marker_dag.py
[2025-04-13T20:51:57.734+0000] {processor.py:925} INFO - DAG(s) 'example_external_task_marker_child', 'example_external_task_marker_parent' retrieved from /home/airflow/.local/lib/python3.12/site-packages/airflow/example_dags/example_external_task_marker_dag.py
[2025-04-13T20:51:57.974+0000] {logging_mixin.py:190} INFO - [2025-04-13T20:51:57.973+0000] {dag.py:3239} INFO - Sync 2 DAGs
[2025-04-13T20:51:58.369+0000] {logging_mixin.py:190} INFO - [2025-04-13T20:51:58.369+0000] {dag.py:4180} INFO - Setting next_dagrun for example_external_task_marker_child to None, run_after=None
[2025-04-13T20:51:58.406+0000] {logging_mixin.py:190} INFO - [2025-04-13T20:51:58.405+0000] {dag.py:4180} INFO - Setting next_dagrun for example_external_task_marker_parent to None, run_after=None
[2025-04-13T20:51:58.513+0000] {processor.py:208} INFO - Processing /home/airflow/.local/lib/python3.12/site-packages/airflow/example_dags/example_external_task_marker_dag.py took 0.913 seconds
[2025-04-13T20:52:29.021+0000] {processor.py:186} INFO - Started process (PID=172) to work on /home/airflow/.local/lib/python3.12/site-packages/airflow/example_dags/example_external_task_marker_dag.py
[2025-04-13T20:52:29.023+0000] {processor.py:914} INFO - Processing file /home/airflow/.local/lib/python3.12/site-packages/airflow/example_dags/example_external_task_marker_dag.py for tasks to queue
[2025-04-13T20:52:29.028+0000] {logging_mixin.py:190} INFO - [2025-04-13T20:52:29.027+0000] {dagbag.py:588} INFO - Filling up the DagBag from /home/airflow/.local/lib/python3.12/site-packages/airflow/example_dags/example_external_task_marker_dag.py
[2025-04-13T20:52:29.045+0000] {processor.py:925} INFO - DAG(s) 'example_external_task_marker_parent', 'example_external_task_marker_child' retrieved from /home/airflow/.local/lib/python3.12/site-packages/airflow/example_dags/example_external_task_marker_dag.py
[2025-04-13T20:52:29.367+0000] {logging_mixin.py:190} INFO - [2025-04-13T20:52:29.360+0000] {dag.py:3239} INFO - Sync 2 DAGs
[2025-04-13T20:52:29.527+0000] {logging_mixin.py:190} INFO - [2025-04-13T20:52:29.526+0000] {dag.py:4180} INFO - Setting next_dagrun for example_external_task_marker_child to None, run_after=None
[2025-04-13T20:52:29.575+0000] {logging_mixin.py:190} INFO - [2025-04-13T20:52:29.575+0000] {dag.py:4180} INFO - Setting next_dagrun for example_external_task_marker_parent to None, run_after=None
[2025-04-13T20:52:29.756+0000] {processor.py:208} INFO - Processing /home/airflow/.local/lib/python3.12/site-packages/airflow/example_dags/example_external_task_marker_dag.py took 0.750 seconds
[2025-04-13T20:53:08.193+0000] {processor.py:186} INFO - Started process (PID=236) to work on /home/airflow/.local/lib/python3.12/site-packages/airflow/example_dags/example_external_task_marker_dag.py
[2025-04-13T20:53:08.195+0000] {processor.py:914} INFO - Processing file /home/airflow/.local/lib/python3.12/site-packages/airflow/example_dags/example_external_task_marker_dag.py for tasks to queue
[2025-04-13T20:53:08.201+0000] {logging_mixin.py:190} INFO - [2025-04-13T20:53:08.200+0000] {dagbag.py:588} INFO - Filling up the DagBag from /home/airflow/.local/lib/python3.12/site-packages/airflow/example_dags/example_external_task_marker_dag.py
[2025-04-13T20:53:08.236+0000] {processor.py:925} INFO - DAG(s) 'example_external_task_marker_parent', 'example_external_task_marker_child' retrieved from /home/airflow/.local/lib/python3.12/site-packages/airflow/example_dags/example_external_task_marker_dag.py
[2025-04-13T20:53:08.368+0000] {logging_mixin.py:190} INFO - [2025-04-13T20:53:08.368+0000] {dag.py:3239} INFO - Sync 2 DAGs
[2025-04-13T20:53:08.408+0000] {logging_mixin.py:190} INFO - [2025-04-13T20:53:08.407+0000] {dag.py:4180} INFO - Setting next_dagrun for example_external_task_marker_child to None, run_after=None
[2025-04-13T20:53:08.423+0000] {logging_mixin.py:190} INFO - [2025-04-13T20:53:08.423+0000] {dag.py:4180} INFO - Setting next_dagrun for example_external_task_marker_parent to None, run_after=None
[2025-04-13T20:53:08.477+0000] {processor.py:208} INFO - Processing /home/airflow/.local/lib/python3.12/site-packages/airflow/example_dags/example_external_task_marker_dag.py took 0.297 seconds
[2025-04-13T20:53:39.920+0000] {processor.py:186} INFO - Started process (PID=300) to work on /home/airflow/.local/lib/python3.12/site-packages/airflow/example_dags/example_external_task_marker_dag.py
[2025-04-13T20:53:39.924+0000] {processor.py:914} INFO - Processing file /home/airflow/.local/lib/python3.12/site-packages/airflow/example_dags/example_external_task_marker_dag.py for tasks to queue
[2025-04-13T20:53:39.928+0000] {logging_mixin.py:190} INFO - [2025-04-13T20:53:39.927+0000] {dagbag.py:588} INFO - Filling up the DagBag from /home/airflow/.local/lib/python3.12/site-packages/airflow/example_dags/example_external_task_marker_dag.py
[2025-04-13T20:53:39.944+0000] {processor.py:925} INFO - DAG(s) 'example_external_task_marker_parent', 'example_external_task_marker_child' retrieved from /home/airflow/.local/lib/python3.12/site-packages/airflow/example_dags/example_external_task_marker_dag.py
[2025-04-13T20:53:40.006+0000] {logging_mixin.py:190} INFO - [2025-04-13T20:53:40.005+0000] {dag.py:3239} INFO - Sync 2 DAGs
[2025-04-13T20:53:40.038+0000] {logging_mixin.py:190} INFO - [2025-04-13T20:53:40.037+0000] {dag.py:4180} INFO - Setting next_dagrun for example_external_task_marker_child to None, run_after=None
[2025-04-13T20:53:40.056+0000] {logging_mixin.py:190} INFO - [2025-04-13T20:53:40.055+0000] {dag.py:4180} INFO - Setting next_dagrun for example_external_task_marker_parent to None, run_after=None
[2025-04-13T20:53:40.089+0000] {processor.py:208} INFO - Processing /home/airflow/.local/lib/python3.12/site-packages/airflow/example_dags/example_external_task_marker_dag.py took 0.178 seconds
[2025-04-13T20:54:13.444+0000] {processor.py:186} INFO - Started process (PID=365) to work on /home/airflow/.local/lib/python3.12/site-packages/airflow/example_dags/example_external_task_marker_dag.py
[2025-04-13T20:54:13.445+0000] {processor.py:914} INFO - Processing file /home/airflow/.local/lib/python3.12/site-packages/airflow/example_dags/example_external_task_marker_dag.py for tasks to queue
[2025-04-13T20:54:13.463+0000] {logging_mixin.py:190} INFO - [2025-04-13T20:54:13.462+0000] {dagbag.py:588} INFO - Filling up the DagBag from /home/airflow/.local/lib/python3.12/site-packages/airflow/example_dags/example_external_task_marker_dag.py
[2025-04-13T20:54:13.481+0000] {processor.py:925} INFO - DAG(s) 'example_external_task_marker_parent', 'example_external_task_marker_child' retrieved from /home/airflow/.local/lib/python3.12/site-packages/airflow/example_dags/example_external_task_marker_dag.py
[2025-04-13T20:54:13.589+0000] {logging_mixin.py:190} INFO - [2025-04-13T20:54:13.588+0000] {dag.py:3239} INFO - Sync 2 DAGs
[2025-04-13T20:54:13.643+0000] {logging_mixin.py:190} INFO - [2025-04-13T20:54:13.643+0000] {dag.py:4180} INFO - Setting next_dagrun for example_external_task_marker_child to None, run_after=None
[2025-04-13T20:54:13.652+0000] {logging_mixin.py:190} INFO - [2025-04-13T20:54:13.652+0000] {dag.py:4180} INFO - Setting next_dagrun for example_external_task_marker_parent to None, run_after=None
[2025-04-13T20:54:13.688+0000] {processor.py:208} INFO - Processing /home/airflow/.local/lib/python3.12/site-packages/airflow/example_dags/example_external_task_marker_dag.py took 0.270 seconds
[2025-04-13T20:54:44.458+0000] {processor.py:186} INFO - Started process (PID=428) to work on /home/airflow/.local/lib/python3.12/site-packages/airflow/example_dags/example_external_task_marker_dag.py
[2025-04-13T20:54:44.463+0000] {processor.py:914} INFO - Processing file /home/airflow/.local/lib/python3.12/site-packages/airflow/example_dags/example_external_task_marker_dag.py for tasks to queue
[2025-04-13T20:54:44.471+0000] {logging_mixin.py:190} INFO - [2025-04-13T20:54:44.470+0000] {dagbag.py:588} INFO - Filling up the DagBag from /home/airflow/.local/lib/python3.12/site-packages/airflow/example_dags/example_external_task_marker_dag.py
[2025-04-13T20:54:44.488+0000] {processor.py:925} INFO - DAG(s) 'example_external_task_marker_parent', 'example_external_task_marker_child' retrieved from /home/airflow/.local/lib/python3.12/site-packages/airflow/example_dags/example_external_task_marker_dag.py
[2025-04-13T20:54:44.640+0000] {logging_mixin.py:190} INFO - [2025-04-13T20:54:44.640+0000] {dag.py:3239} INFO - Sync 2 DAGs
[2025-04-13T20:54:44.691+0000] {logging_mixin.py:190} INFO - [2025-04-13T20:54:44.690+0000] {dag.py:4180} INFO - Setting next_dagrun for example_external_task_marker_child to None, run_after=None
[2025-04-13T20:54:44.699+0000] {logging_mixin.py:190} INFO - [2025-04-13T20:54:44.698+0000] {dag.py:4180} INFO - Setting next_dagrun for example_external_task_marker_parent to None, run_after=None
[2025-04-13T20:54:44.754+0000] {processor.py:208} INFO - Processing /home/airflow/.local/lib/python3.12/site-packages/airflow/example_dags/example_external_task_marker_dag.py took 0.324 seconds
[2025-04-13T20:55:17.865+0000] {processor.py:186} INFO - Started process (PID=491) to work on /home/airflow/.local/lib/python3.12/site-packages/airflow/example_dags/example_external_task_marker_dag.py
[2025-04-13T20:55:17.871+0000] {processor.py:914} INFO - Processing file /home/airflow/.local/lib/python3.12/site-packages/airflow/example_dags/example_external_task_marker_dag.py for tasks to queue
[2025-04-13T20:55:17.882+0000] {logging_mixin.py:190} INFO - [2025-04-13T20:55:17.878+0000] {dagbag.py:588} INFO - Filling up the DagBag from /home/airflow/.local/lib/python3.12/site-packages/airflow/example_dags/example_external_task_marker_dag.py
[2025-04-13T20:55:17.896+0000] {processor.py:925} INFO - DAG(s) 'example_external_task_marker_child', 'example_external_task_marker_parent' retrieved from /home/airflow/.local/lib/python3.12/site-packages/airflow/example_dags/example_external_task_marker_dag.py
[2025-04-13T20:55:18.034+0000] {logging_mixin.py:190} INFO - [2025-04-13T20:55:18.034+0000] {dag.py:3239} INFO - Sync 2 DAGs
[2025-04-13T20:55:18.071+0000] {logging_mixin.py:190} INFO - [2025-04-13T20:55:18.070+0000] {dag.py:4180} INFO - Setting next_dagrun for example_external_task_marker_child to None, run_after=None
[2025-04-13T20:55:18.087+0000] {logging_mixin.py:190} INFO - [2025-04-13T20:55:18.086+0000] {dag.py:4180} INFO - Setting next_dagrun for example_external_task_marker_parent to None, run_after=None
[2025-04-13T20:55:18.202+0000] {processor.py:208} INFO - Processing /home/airflow/.local/lib/python3.12/site-packages/airflow/example_dags/example_external_task_marker_dag.py took 0.358 seconds
[2025-04-13T20:55:50.179+0000] {processor.py:186} INFO - Started process (PID=560) to work on /home/airflow/.local/lib/python3.12/site-packages/airflow/example_dags/example_external_task_marker_dag.py
[2025-04-13T20:55:50.181+0000] {processor.py:914} INFO - Processing file /home/airflow/.local/lib/python3.12/site-packages/airflow/example_dags/example_external_task_marker_dag.py for tasks to queue
[2025-04-13T20:55:50.185+0000] {logging_mixin.py:190} INFO - [2025-04-13T20:55:50.185+0000] {dagbag.py:588} INFO - Filling up the DagBag from /home/airflow/.local/lib/python3.12/site-packages/airflow/example_dags/example_external_task_marker_dag.py
[2025-04-13T20:55:50.202+0000] {processor.py:925} INFO - DAG(s) 'example_external_task_marker_parent', 'example_external_task_marker_child' retrieved from /home/airflow/.local/lib/python3.12/site-packages/airflow/example_dags/example_external_task_marker_dag.py
[2025-04-13T20:55:50.262+0000] {logging_mixin.py:190} INFO - [2025-04-13T20:55:50.262+0000] {dag.py:3239} INFO - Sync 2 DAGs
[2025-04-13T20:55:50.328+0000] {logging_mixin.py:190} INFO - [2025-04-13T20:55:50.313+0000] {dag.py:4180} INFO - Setting next_dagrun for example_external_task_marker_child to None, run_after=None
[2025-04-13T20:55:50.435+0000] {logging_mixin.py:190} INFO - [2025-04-13T20:55:50.433+0000] {dag.py:4180} INFO - Setting next_dagrun for example_external_task_marker_parent to None, run_after=None
[2025-04-13T20:55:50.576+0000] {processor.py:208} INFO - Processing /home/airflow/.local/lib/python3.12/site-packages/airflow/example_dags/example_external_task_marker_dag.py took 0.410 seconds
[2025-04-13T20:56:23.121+0000] {processor.py:186} INFO - Started process (PID=624) to work on /home/airflow/.local/lib/python3.12/site-packages/airflow/example_dags/example_external_task_marker_dag.py
[2025-04-13T20:56:23.123+0000] {processor.py:914} INFO - Processing file /home/airflow/.local/lib/python3.12/site-packages/airflow/example_dags/example_external_task_marker_dag.py for tasks to queue
[2025-04-13T20:56:23.128+0000] {logging_mixin.py:190} INFO - [2025-04-13T20:56:23.127+0000] {dagbag.py:588} INFO - Filling up the DagBag from /home/airflow/.local/lib/python3.12/site-packages/airflow/example_dags/example_external_task_marker_dag.py
[2025-04-13T20:56:23.148+0000] {processor.py:925} INFO - DAG(s) 'example_external_task_marker_child', 'example_external_task_marker_parent' retrieved from /home/airflow/.local/lib/python3.12/site-packages/airflow/example_dags/example_external_task_marker_dag.py
[2025-04-13T20:56:23.222+0000] {logging_mixin.py:190} INFO - [2025-04-13T20:56:23.222+0000] {dag.py:3239} INFO - Sync 2 DAGs
[2025-04-13T20:56:23.257+0000] {logging_mixin.py:190} INFO - [2025-04-13T20:56:23.257+0000] {dag.py:4180} INFO - Setting next_dagrun for example_external_task_marker_child to None, run_after=None
[2025-04-13T20:56:23.266+0000] {logging_mixin.py:190} INFO - [2025-04-13T20:56:23.266+0000] {dag.py:4180} INFO - Setting next_dagrun for example_external_task_marker_parent to None, run_after=None
[2025-04-13T20:56:23.299+0000] {processor.py:208} INFO - Processing /home/airflow/.local/lib/python3.12/site-packages/airflow/example_dags/example_external_task_marker_dag.py took 0.198 seconds
[2025-04-13T20:56:53.580+0000] {processor.py:186} INFO - Started process (PID=688) to work on /home/airflow/.local/lib/python3.12/site-packages/airflow/example_dags/example_external_task_marker_dag.py
[2025-04-13T20:56:53.581+0000] {processor.py:914} INFO - Processing file /home/airflow/.local/lib/python3.12/site-packages/airflow/example_dags/example_external_task_marker_dag.py for tasks to queue
[2025-04-13T20:56:53.585+0000] {logging_mixin.py:190} INFO - [2025-04-13T20:56:53.584+0000] {dagbag.py:588} INFO - Filling up the DagBag from /home/airflow/.local/lib/python3.12/site-packages/airflow/example_dags/example_external_task_marker_dag.py
[2025-04-13T20:56:53.599+0000] {processor.py:925} INFO - DAG(s) 'example_external_task_marker_child', 'example_external_task_marker_parent' retrieved from /home/airflow/.local/lib/python3.12/site-packages/airflow/example_dags/example_external_task_marker_dag.py
[2025-04-13T20:56:53.682+0000] {logging_mixin.py:190} INFO - [2025-04-13T20:56:53.682+0000] {dag.py:3239} INFO - Sync 2 DAGs
[2025-04-13T20:56:53.721+0000] {logging_mixin.py:190} INFO - [2025-04-13T20:56:53.721+0000] {dag.py:4180} INFO - Setting next_dagrun for example_external_task_marker_child to None, run_after=None
[2025-04-13T20:56:53.731+0000] {logging_mixin.py:190} INFO - [2025-04-13T20:56:53.731+0000] {dag.py:4180} INFO - Setting next_dagrun for example_external_task_marker_parent to None, run_after=None
[2025-04-13T20:56:53.781+0000] {processor.py:208} INFO - Processing /home/airflow/.local/lib/python3.12/site-packages/airflow/example_dags/example_external_task_marker_dag.py took 0.211 seconds
[2025-04-13T20:57:24.834+0000] {processor.py:186} INFO - Started process (PID=751) to work on /home/airflow/.local/lib/python3.12/site-packages/airflow/example_dags/example_external_task_marker_dag.py
[2025-04-13T20:57:24.836+0000] {processor.py:914} INFO - Processing file /home/airflow/.local/lib/python3.12/site-packages/airflow/example_dags/example_external_task_marker_dag.py for tasks to queue
[2025-04-13T20:57:24.842+0000] {logging_mixin.py:190} INFO - [2025-04-13T20:57:24.841+0000] {dagbag.py:588} INFO - Filling up the DagBag from /home/airflow/.local/lib/python3.12/site-packages/airflow/example_dags/example_external_task_marker_dag.py
[2025-04-13T20:57:24.869+0000] {processor.py:925} INFO - DAG(s) 'example_external_task_marker_child', 'example_external_task_marker_parent' retrieved from /home/airflow/.local/lib/python3.12/site-packages/airflow/example_dags/example_external_task_marker_dag.py
[2025-04-13T20:57:24.933+0000] {logging_mixin.py:190} INFO - [2025-04-13T20:57:24.933+0000] {dag.py:3239} INFO - Sync 2 DAGs
[2025-04-13T20:57:24.977+0000] {logging_mixin.py:190} INFO - [2025-04-13T20:57:24.977+0000] {dag.py:4180} INFO - Setting next_dagrun for example_external_task_marker_child to None, run_after=None
[2025-04-13T20:57:24.990+0000] {logging_mixin.py:190} INFO - [2025-04-13T20:57:24.990+0000] {dag.py:4180} INFO - Setting next_dagrun for example_external_task_marker_parent to None, run_after=None
[2025-04-13T20:57:25.044+0000] {processor.py:208} INFO - Processing /home/airflow/.local/lib/python3.12/site-packages/airflow/example_dags/example_external_task_marker_dag.py took 0.221 seconds
[2025-04-13T20:57:57.909+0000] {processor.py:186} INFO - Started process (PID=816) to work on /home/airflow/.local/lib/python3.12/site-packages/airflow/example_dags/example_external_task_marker_dag.py
[2025-04-13T20:57:57.918+0000] {processor.py:914} INFO - Processing file /home/airflow/.local/lib/python3.12/site-packages/airflow/example_dags/example_external_task_marker_dag.py for tasks to queue
[2025-04-13T20:57:57.922+0000] {logging_mixin.py:190} INFO - [2025-04-13T20:57:57.921+0000] {dagbag.py:588} INFO - Filling up the DagBag from /home/airflow/.local/lib/python3.12/site-packages/airflow/example_dags/example_external_task_marker_dag.py
[2025-04-13T20:57:57.961+0000] {processor.py:925} INFO - DAG(s) 'example_external_task_marker_child', 'example_external_task_marker_parent' retrieved from /home/airflow/.local/lib/python3.12/site-packages/airflow/example_dags/example_external_task_marker_dag.py
[2025-04-13T20:57:58.156+0000] {logging_mixin.py:190} INFO - [2025-04-13T20:57:58.156+0000] {dag.py:3239} INFO - Sync 2 DAGs
[2025-04-13T20:57:58.239+0000] {logging_mixin.py:190} INFO - [2025-04-13T20:57:58.239+0000] {dag.py:4180} INFO - Setting next_dagrun for example_external_task_marker_child to None, run_after=None
[2025-04-13T20:57:58.249+0000] {logging_mixin.py:190} INFO - [2025-04-13T20:57:58.249+0000] {dag.py:4180} INFO - Setting next_dagrun for example_external_task_marker_parent to None, run_after=None
[2025-04-13T20:57:58.323+0000] {processor.py:208} INFO - Processing /home/airflow/.local/lib/python3.12/site-packages/airflow/example_dags/example_external_task_marker_dag.py took 0.457 seconds
[2025-04-13T20:58:28.702+0000] {processor.py:186} INFO - Started process (PID=879) to work on /home/airflow/.local/lib/python3.12/site-packages/airflow/example_dags/example_external_task_marker_dag.py
[2025-04-13T20:58:28.708+0000] {processor.py:914} INFO - Processing file /home/airflow/.local/lib/python3.12/site-packages/airflow/example_dags/example_external_task_marker_dag.py for tasks to queue
[2025-04-13T20:58:28.714+0000] {logging_mixin.py:190} INFO - [2025-04-13T20:58:28.714+0000] {dagbag.py:588} INFO - Filling up the DagBag from /home/airflow/.local/lib/python3.12/site-packages/airflow/example_dags/example_external_task_marker_dag.py
[2025-04-13T20:58:28.732+0000] {processor.py:925} INFO - DAG(s) 'example_external_task_marker_child', 'example_external_task_marker_parent' retrieved from /home/airflow/.local/lib/python3.12/site-packages/airflow/example_dags/example_external_task_marker_dag.py
[2025-04-13T20:58:28.807+0000] {logging_mixin.py:190} INFO - [2025-04-13T20:58:28.807+0000] {dag.py:3239} INFO - Sync 2 DAGs
[2025-04-13T20:58:28.863+0000] {logging_mixin.py:190} INFO - [2025-04-13T20:58:28.863+0000] {dag.py:4180} INFO - Setting next_dagrun for example_external_task_marker_child to None, run_after=None
[2025-04-13T20:58:28.884+0000] {logging_mixin.py:190} INFO - [2025-04-13T20:58:28.883+0000] {dag.py:4180} INFO - Setting next_dagrun for example_external_task_marker_parent to None, run_after=None
[2025-04-13T20:58:28.924+0000] {processor.py:208} INFO - Processing /home/airflow/.local/lib/python3.12/site-packages/airflow/example_dags/example_external_task_marker_dag.py took 0.233 seconds
[2025-04-13T20:58:59.723+0000] {processor.py:186} INFO - Started process (PID=942) to work on /home/airflow/.local/lib/python3.12/site-packages/airflow/example_dags/example_external_task_marker_dag.py
[2025-04-13T20:58:59.724+0000] {processor.py:914} INFO - Processing file /home/airflow/.local/lib/python3.12/site-packages/airflow/example_dags/example_external_task_marker_dag.py for tasks to queue
[2025-04-13T20:58:59.729+0000] {logging_mixin.py:190} INFO - [2025-04-13T20:58:59.729+0000] {dagbag.py:588} INFO - Filling up the DagBag from /home/airflow/.local/lib/python3.12/site-packages/airflow/example_dags/example_external_task_marker_dag.py
[2025-04-13T20:58:59.749+0000] {processor.py:925} INFO - DAG(s) 'example_external_task_marker_parent', 'example_external_task_marker_child' retrieved from /home/airflow/.local/lib/python3.12/site-packages/airflow/example_dags/example_external_task_marker_dag.py
[2025-04-13T20:58:59.802+0000] {logging_mixin.py:190} INFO - [2025-04-13T20:58:59.802+0000] {dag.py:3239} INFO - Sync 2 DAGs
[2025-04-13T20:58:59.832+0000] {logging_mixin.py:190} INFO - [2025-04-13T20:58:59.832+0000] {dag.py:4180} INFO - Setting next_dagrun for example_external_task_marker_child to None, run_after=None
[2025-04-13T20:58:59.838+0000] {logging_mixin.py:190} INFO - [2025-04-13T20:58:59.838+0000] {dag.py:4180} INFO - Setting next_dagrun for example_external_task_marker_parent to None, run_after=None
[2025-04-13T20:58:59.874+0000] {processor.py:208} INFO - Processing /home/airflow/.local/lib/python3.12/site-packages/airflow/example_dags/example_external_task_marker_dag.py took 0.163 seconds
[2025-04-13T20:59:30.393+0000] {processor.py:186} INFO - Started process (PID=1006) to work on /home/airflow/.local/lib/python3.12/site-packages/airflow/example_dags/example_external_task_marker_dag.py
[2025-04-13T20:59:30.399+0000] {processor.py:914} INFO - Processing file /home/airflow/.local/lib/python3.12/site-packages/airflow/example_dags/example_external_task_marker_dag.py for tasks to queue
[2025-04-13T20:59:30.403+0000] {logging_mixin.py:190} INFO - [2025-04-13T20:59:30.403+0000] {dagbag.py:588} INFO - Filling up the DagBag from /home/airflow/.local/lib/python3.12/site-packages/airflow/example_dags/example_external_task_marker_dag.py
[2025-04-13T20:59:30.443+0000] {processor.py:925} INFO - DAG(s) 'example_external_task_marker_parent', 'example_external_task_marker_child' retrieved from /home/airflow/.local/lib/python3.12/site-packages/airflow/example_dags/example_external_task_marker_dag.py
[2025-04-13T20:59:30.529+0000] {logging_mixin.py:190} INFO - [2025-04-13T20:59:30.528+0000] {dag.py:3239} INFO - Sync 2 DAGs
[2025-04-13T20:59:30.575+0000] {logging_mixin.py:190} INFO - [2025-04-13T20:59:30.575+0000] {dag.py:4180} INFO - Setting next_dagrun for example_external_task_marker_child to None, run_after=None
[2025-04-13T20:59:30.586+0000] {logging_mixin.py:190} INFO - [2025-04-13T20:59:30.586+0000] {dag.py:4180} INFO - Setting next_dagrun for example_external_task_marker_parent to None, run_after=None
[2025-04-13T20:59:30.635+0000] {processor.py:208} INFO - Processing /home/airflow/.local/lib/python3.12/site-packages/airflow/example_dags/example_external_task_marker_dag.py took 0.258 seconds
[2025-04-13T21:00:04.831+0000] {processor.py:186} INFO - Started process (PID=1070) to work on /home/airflow/.local/lib/python3.12/site-packages/airflow/example_dags/example_external_task_marker_dag.py
[2025-04-13T21:00:04.850+0000] {processor.py:914} INFO - Processing file /home/airflow/.local/lib/python3.12/site-packages/airflow/example_dags/example_external_task_marker_dag.py for tasks to queue
[2025-04-13T21:00:04.882+0000] {logging_mixin.py:190} INFO - [2025-04-13T21:00:04.871+0000] {dagbag.py:588} INFO - Filling up the DagBag from /home/airflow/.local/lib/python3.12/site-packages/airflow/example_dags/example_external_task_marker_dag.py
[2025-04-13T21:00:04.950+0000] {processor.py:925} INFO - DAG(s) 'example_external_task_marker_parent', 'example_external_task_marker_child' retrieved from /home/airflow/.local/lib/python3.12/site-packages/airflow/example_dags/example_external_task_marker_dag.py
[2025-04-13T21:00:05.095+0000] {logging_mixin.py:190} INFO - [2025-04-13T21:00:05.094+0000] {dag.py:3239} INFO - Sync 2 DAGs
[2025-04-13T21:00:05.303+0000] {logging_mixin.py:190} INFO - [2025-04-13T21:00:05.301+0000] {dag.py:4180} INFO - Setting next_dagrun for example_external_task_marker_child to None, run_after=None
[2025-04-13T21:00:05.313+0000] {logging_mixin.py:190} INFO - [2025-04-13T21:00:05.312+0000] {dag.py:4180} INFO - Setting next_dagrun for example_external_task_marker_parent to None, run_after=None
[2025-04-13T21:00:05.408+0000] {processor.py:208} INFO - Processing /home/airflow/.local/lib/python3.12/site-packages/airflow/example_dags/example_external_task_marker_dag.py took 0.625 seconds
[2025-04-13T21:00:36.520+0000] {processor.py:186} INFO - Started process (PID=1134) to work on /home/airflow/.local/lib/python3.12/site-packages/airflow/example_dags/example_external_task_marker_dag.py
[2025-04-13T21:00:36.530+0000] {processor.py:914} INFO - Processing file /home/airflow/.local/lib/python3.12/site-packages/airflow/example_dags/example_external_task_marker_dag.py for tasks to queue
[2025-04-13T21:00:36.545+0000] {logging_mixin.py:190} INFO - [2025-04-13T21:00:36.544+0000] {dagbag.py:588} INFO - Filling up the DagBag from /home/airflow/.local/lib/python3.12/site-packages/airflow/example_dags/example_external_task_marker_dag.py
[2025-04-13T21:00:36.641+0000] {processor.py:925} INFO - DAG(s) 'example_external_task_marker_child', 'example_external_task_marker_parent' retrieved from /home/airflow/.local/lib/python3.12/site-packages/airflow/example_dags/example_external_task_marker_dag.py
[2025-04-13T21:00:36.928+0000] {logging_mixin.py:190} INFO - [2025-04-13T21:00:36.927+0000] {dag.py:3239} INFO - Sync 2 DAGs
[2025-04-13T21:00:37.061+0000] {logging_mixin.py:190} INFO - [2025-04-13T21:00:37.061+0000] {dag.py:4180} INFO - Setting next_dagrun for example_external_task_marker_child to None, run_after=None
[2025-04-13T21:00:37.129+0000] {logging_mixin.py:190} INFO - [2025-04-13T21:00:37.128+0000] {dag.py:4180} INFO - Setting next_dagrun for example_external_task_marker_parent to None, run_after=None
[2025-04-13T21:00:37.241+0000] {processor.py:208} INFO - Processing /home/airflow/.local/lib/python3.12/site-packages/airflow/example_dags/example_external_task_marker_dag.py took 0.732 seconds
[2025-04-13T21:01:07.487+0000] {processor.py:186} INFO - Started process (PID=1197) to work on /home/airflow/.local/lib/python3.12/site-packages/airflow/example_dags/example_external_task_marker_dag.py
[2025-04-13T21:01:07.490+0000] {processor.py:914} INFO - Processing file /home/airflow/.local/lib/python3.12/site-packages/airflow/example_dags/example_external_task_marker_dag.py for tasks to queue
[2025-04-13T21:01:07.496+0000] {logging_mixin.py:190} INFO - [2025-04-13T21:01:07.495+0000] {dagbag.py:588} INFO - Filling up the DagBag from /home/airflow/.local/lib/python3.12/site-packages/airflow/example_dags/example_external_task_marker_dag.py
[2025-04-13T21:01:07.513+0000] {processor.py:925} INFO - DAG(s) 'example_external_task_marker_parent', 'example_external_task_marker_child' retrieved from /home/airflow/.local/lib/python3.12/site-packages/airflow/example_dags/example_external_task_marker_dag.py
[2025-04-13T21:01:07.631+0000] {logging_mixin.py:190} INFO - [2025-04-13T21:01:07.631+0000] {dag.py:3239} INFO - Sync 2 DAGs
[2025-04-13T21:01:07.692+0000] {logging_mixin.py:190} INFO - [2025-04-13T21:01:07.691+0000] {dag.py:4180} INFO - Setting next_dagrun for example_external_task_marker_child to None, run_after=None
[2025-04-13T21:01:07.701+0000] {logging_mixin.py:190} INFO - [2025-04-13T21:01:07.701+0000] {dag.py:4180} INFO - Setting next_dagrun for example_external_task_marker_parent to None, run_after=None
[2025-04-13T21:01:07.748+0000] {processor.py:208} INFO - Processing /home/airflow/.local/lib/python3.12/site-packages/airflow/example_dags/example_external_task_marker_dag.py took 0.275 seconds
[2025-04-13T21:27:54.478+0000] {processor.py:186} INFO - Started process (PID=194) to work on /home/airflow/.local/lib/python3.12/site-packages/airflow/example_dags/example_external_task_marker_dag.py
[2025-04-13T21:27:54.509+0000] {processor.py:914} INFO - Processing file /home/airflow/.local/lib/python3.12/site-packages/airflow/example_dags/example_external_task_marker_dag.py for tasks to queue
[2025-04-13T21:27:54.522+0000] {logging_mixin.py:190} INFO - [2025-04-13T21:27:54.521+0000] {dagbag.py:588} INFO - Filling up the DagBag from /home/airflow/.local/lib/python3.12/site-packages/airflow/example_dags/example_external_task_marker_dag.py
[2025-04-13T21:27:55.054+0000] {processor.py:925} INFO - DAG(s) 'example_external_task_marker_child', 'example_external_task_marker_parent' retrieved from /home/airflow/.local/lib/python3.12/site-packages/airflow/example_dags/example_external_task_marker_dag.py
[2025-04-13T21:27:56.661+0000] {logging_mixin.py:190} INFO - [2025-04-13T21:27:56.660+0000] {dag.py:3239} INFO - Sync 2 DAGs
[2025-04-13T21:27:57.258+0000] {logging_mixin.py:190} INFO - [2025-04-13T21:27:57.258+0000] {dag.py:4180} INFO - Setting next_dagrun for example_external_task_marker_child to None, run_after=None
[2025-04-13T21:27:57.541+0000] {logging_mixin.py:190} INFO - [2025-04-13T21:27:57.540+0000] {dag.py:4180} INFO - Setting next_dagrun for example_external_task_marker_parent to None, run_after=None
[2025-04-13T21:27:59.135+0000] {processor.py:208} INFO - Processing /home/airflow/.local/lib/python3.12/site-packages/airflow/example_dags/example_external_task_marker_dag.py took 4.900 seconds
[2025-04-13T21:32:36.213+0000] {processor.py:186} INFO - Started process (PID=303) to work on /home/airflow/.local/lib/python3.12/site-packages/airflow/example_dags/example_external_task_marker_dag.py
[2025-04-13T21:32:36.263+0000] {processor.py:914} INFO - Processing file /home/airflow/.local/lib/python3.12/site-packages/airflow/example_dags/example_external_task_marker_dag.py for tasks to queue
[2025-04-13T21:32:36.352+0000] {logging_mixin.py:190} INFO - [2025-04-13T21:32:36.351+0000] {dagbag.py:588} INFO - Filling up the DagBag from /home/airflow/.local/lib/python3.12/site-packages/airflow/example_dags/example_external_task_marker_dag.py
[2025-04-13T21:32:36.476+0000] {processor.py:925} INFO - DAG(s) 'example_external_task_marker_child', 'example_external_task_marker_parent' retrieved from /home/airflow/.local/lib/python3.12/site-packages/airflow/example_dags/example_external_task_marker_dag.py
[2025-04-13T21:32:37.605+0000] {logging_mixin.py:190} INFO - [2025-04-13T21:32:37.599+0000] {dag.py:3239} INFO - Sync 2 DAGs
[2025-04-13T21:32:38.219+0000] {logging_mixin.py:190} INFO - [2025-04-13T21:32:38.218+0000] {dag.py:4180} INFO - Setting next_dagrun for example_external_task_marker_child to None, run_after=None
[2025-04-13T21:32:38.367+0000] {logging_mixin.py:190} INFO - [2025-04-13T21:32:38.367+0000] {dag.py:4180} INFO - Setting next_dagrun for example_external_task_marker_parent to None, run_after=None
[2025-04-13T21:32:39.288+0000] {processor.py:208} INFO - Processing /home/airflow/.local/lib/python3.12/site-packages/airflow/example_dags/example_external_task_marker_dag.py took 3.249 seconds
[2025-04-13T21:36:22.026+0000] {processor.py:186} INFO - Started process (PID=392) to work on /home/airflow/.local/lib/python3.12/site-packages/airflow/example_dags/example_external_task_marker_dag.py
[2025-04-13T21:36:22.068+0000] {processor.py:914} INFO - Processing file /home/airflow/.local/lib/python3.12/site-packages/airflow/example_dags/example_external_task_marker_dag.py for tasks to queue
[2025-04-13T21:36:22.084+0000] {logging_mixin.py:190} INFO - [2025-04-13T21:36:22.083+0000] {dagbag.py:588} INFO - Filling up the DagBag from /home/airflow/.local/lib/python3.12/site-packages/airflow/example_dags/example_external_task_marker_dag.py
[2025-04-13T21:36:22.221+0000] {processor.py:925} INFO - DAG(s) 'example_external_task_marker_child', 'example_external_task_marker_parent' retrieved from /home/airflow/.local/lib/python3.12/site-packages/airflow/example_dags/example_external_task_marker_dag.py
[2025-04-13T21:36:22.812+0000] {logging_mixin.py:190} INFO - [2025-04-13T21:36:22.811+0000] {dag.py:3239} INFO - Sync 2 DAGs
[2025-04-13T21:36:23.185+0000] {logging_mixin.py:190} INFO - [2025-04-13T21:36:23.183+0000] {dag.py:4180} INFO - Setting next_dagrun for example_external_task_marker_child to None, run_after=None
[2025-04-13T21:36:23.721+0000] {logging_mixin.py:190} INFO - [2025-04-13T21:36:23.721+0000] {dag.py:4180} INFO - Setting next_dagrun for example_external_task_marker_parent to None, run_after=None
[2025-04-13T21:36:25.031+0000] {processor.py:208} INFO - Processing /home/airflow/.local/lib/python3.12/site-packages/airflow/example_dags/example_external_task_marker_dag.py took 3.354 seconds
[2025-04-13T21:52:45.611+0000] {processor.py:186} INFO - Started process (PID=173) to work on /home/airflow/.local/lib/python3.12/site-packages/airflow/example_dags/example_external_task_marker_dag.py
[2025-04-13T21:52:45.628+0000] {processor.py:914} INFO - Processing file /home/airflow/.local/lib/python3.12/site-packages/airflow/example_dags/example_external_task_marker_dag.py for tasks to queue
[2025-04-13T21:52:45.882+0000] {logging_mixin.py:190} INFO - [2025-04-13T21:52:45.879+0000] {dagbag.py:588} INFO - Filling up the DagBag from /home/airflow/.local/lib/python3.12/site-packages/airflow/example_dags/example_external_task_marker_dag.py
[2025-04-13T21:52:46.361+0000] {processor.py:925} INFO - DAG(s) 'example_external_task_marker_child', 'example_external_task_marker_parent' retrieved from /home/airflow/.local/lib/python3.12/site-packages/airflow/example_dags/example_external_task_marker_dag.py
[2025-04-13T21:52:47.252+0000] {logging_mixin.py:190} INFO - [2025-04-13T21:52:47.251+0000] {dag.py:3239} INFO - Sync 2 DAGs
[2025-04-13T21:52:47.891+0000] {logging_mixin.py:190} INFO - [2025-04-13T21:52:47.890+0000] {dag.py:4180} INFO - Setting next_dagrun for example_external_task_marker_child to None, run_after=None
[2025-04-13T21:52:48.851+0000] {logging_mixin.py:190} INFO - [2025-04-13T21:52:48.850+0000] {dag.py:4180} INFO - Setting next_dagrun for example_external_task_marker_parent to None, run_after=None
[2025-04-13T21:52:49.940+0000] {processor.py:208} INFO - Processing /home/airflow/.local/lib/python3.12/site-packages/airflow/example_dags/example_external_task_marker_dag.py took 5.033 seconds
[2025-04-13T22:31:53.166+0000] {processor.py:186} INFO - Started process (PID=119) to work on /home/airflow/.local/lib/python3.12/site-packages/airflow/example_dags/example_external_task_marker_dag.py
[2025-04-13T22:31:53.181+0000] {processor.py:914} INFO - Processing file /home/airflow/.local/lib/python3.12/site-packages/airflow/example_dags/example_external_task_marker_dag.py for tasks to queue
[2025-04-13T22:31:53.304+0000] {logging_mixin.py:190} INFO - [2025-04-13T22:31:53.303+0000] {dagbag.py:588} INFO - Filling up the DagBag from /home/airflow/.local/lib/python3.12/site-packages/airflow/example_dags/example_external_task_marker_dag.py
[2025-04-13T22:31:53.477+0000] {processor.py:925} INFO - DAG(s) 'example_external_task_marker_parent', 'example_external_task_marker_child' retrieved from /home/airflow/.local/lib/python3.12/site-packages/airflow/example_dags/example_external_task_marker_dag.py
[2025-04-13T22:31:53.882+0000] {logging_mixin.py:190} INFO - [2025-04-13T22:31:53.881+0000] {dag.py:3239} INFO - Sync 2 DAGs
[2025-04-13T22:31:54.096+0000] {logging_mixin.py:190} INFO - [2025-04-13T22:31:54.096+0000] {dag.py:4180} INFO - Setting next_dagrun for example_external_task_marker_child to None, run_after=None
[2025-04-13T22:31:54.203+0000] {logging_mixin.py:190} INFO - [2025-04-13T22:31:54.203+0000] {dag.py:4180} INFO - Setting next_dagrun for example_external_task_marker_parent to None, run_after=None
[2025-04-13T22:31:54.440+0000] {processor.py:208} INFO - Processing /home/airflow/.local/lib/python3.12/site-packages/airflow/example_dags/example_external_task_marker_dag.py took 1.324 seconds
[2025-04-13T22:32:35.792+0000] {processor.py:186} INFO - Started process (PID=189) to work on /home/airflow/.local/lib/python3.12/site-packages/airflow/example_dags/example_external_task_marker_dag.py
[2025-04-13T22:32:35.807+0000] {processor.py:914} INFO - Processing file /home/airflow/.local/lib/python3.12/site-packages/airflow/example_dags/example_external_task_marker_dag.py for tasks to queue
[2025-04-13T22:32:35.827+0000] {logging_mixin.py:190} INFO - [2025-04-13T22:32:35.826+0000] {dagbag.py:588} INFO - Filling up the DagBag from /home/airflow/.local/lib/python3.12/site-packages/airflow/example_dags/example_external_task_marker_dag.py
[2025-04-13T22:32:35.845+0000] {processor.py:925} INFO - DAG(s) 'example_external_task_marker_parent', 'example_external_task_marker_child' retrieved from /home/airflow/.local/lib/python3.12/site-packages/airflow/example_dags/example_external_task_marker_dag.py
[2025-04-13T22:32:35.958+0000] {logging_mixin.py:190} INFO - [2025-04-13T22:32:35.957+0000] {dag.py:3239} INFO - Sync 2 DAGs
[2025-04-13T22:32:36.037+0000] {logging_mixin.py:190} INFO - [2025-04-13T22:32:36.037+0000] {dag.py:4180} INFO - Setting next_dagrun for example_external_task_marker_child to None, run_after=None
[2025-04-13T22:32:36.052+0000] {logging_mixin.py:190} INFO - [2025-04-13T22:32:36.052+0000] {dag.py:4180} INFO - Setting next_dagrun for example_external_task_marker_parent to None, run_after=None
[2025-04-13T22:32:36.146+0000] {processor.py:208} INFO - Processing /home/airflow/.local/lib/python3.12/site-packages/airflow/example_dags/example_external_task_marker_dag.py took 0.373 seconds
[2025-04-13T22:33:11.423+0000] {processor.py:186} INFO - Started process (PID=253) to work on /home/airflow/.local/lib/python3.12/site-packages/airflow/example_dags/example_external_task_marker_dag.py
[2025-04-13T22:33:11.425+0000] {processor.py:914} INFO - Processing file /home/airflow/.local/lib/python3.12/site-packages/airflow/example_dags/example_external_task_marker_dag.py for tasks to queue
[2025-04-13T22:33:11.449+0000] {logging_mixin.py:190} INFO - [2025-04-13T22:33:11.446+0000] {dagbag.py:588} INFO - Filling up the DagBag from /home/airflow/.local/lib/python3.12/site-packages/airflow/example_dags/example_external_task_marker_dag.py
[2025-04-13T22:33:11.486+0000] {processor.py:925} INFO - DAG(s) 'example_external_task_marker_parent', 'example_external_task_marker_child' retrieved from /home/airflow/.local/lib/python3.12/site-packages/airflow/example_dags/example_external_task_marker_dag.py
[2025-04-13T22:33:11.607+0000] {logging_mixin.py:190} INFO - [2025-04-13T22:33:11.607+0000] {dag.py:3239} INFO - Sync 2 DAGs
[2025-04-13T22:33:11.669+0000] {logging_mixin.py:190} INFO - [2025-04-13T22:33:11.668+0000] {dag.py:4180} INFO - Setting next_dagrun for example_external_task_marker_child to None, run_after=None
[2025-04-13T22:33:11.694+0000] {logging_mixin.py:190} INFO - [2025-04-13T22:33:11.693+0000] {dag.py:4180} INFO - Setting next_dagrun for example_external_task_marker_parent to None, run_after=None
[2025-04-13T22:33:11.766+0000] {processor.py:208} INFO - Processing /home/airflow/.local/lib/python3.12/site-packages/airflow/example_dags/example_external_task_marker_dag.py took 0.365 seconds
[2025-04-13T22:33:44.030+0000] {processor.py:186} INFO - Started process (PID=316) to work on /home/airflow/.local/lib/python3.12/site-packages/airflow/example_dags/example_external_task_marker_dag.py
[2025-04-13T22:33:44.045+0000] {processor.py:914} INFO - Processing file /home/airflow/.local/lib/python3.12/site-packages/airflow/example_dags/example_external_task_marker_dag.py for tasks to queue
[2025-04-13T22:33:44.063+0000] {logging_mixin.py:190} INFO - [2025-04-13T22:33:44.062+0000] {dagbag.py:588} INFO - Filling up the DagBag from /home/airflow/.local/lib/python3.12/site-packages/airflow/example_dags/example_external_task_marker_dag.py
[2025-04-13T22:33:44.102+0000] {processor.py:925} INFO - DAG(s) 'example_external_task_marker_child', 'example_external_task_marker_parent' retrieved from /home/airflow/.local/lib/python3.12/site-packages/airflow/example_dags/example_external_task_marker_dag.py
[2025-04-13T22:33:44.246+0000] {logging_mixin.py:190} INFO - [2025-04-13T22:33:44.245+0000] {dag.py:3239} INFO - Sync 2 DAGs
[2025-04-13T22:33:44.326+0000] {logging_mixin.py:190} INFO - [2025-04-13T22:33:44.325+0000] {dag.py:4180} INFO - Setting next_dagrun for example_external_task_marker_child to None, run_after=None
[2025-04-13T22:33:44.350+0000] {logging_mixin.py:190} INFO - [2025-04-13T22:33:44.349+0000] {dag.py:4180} INFO - Setting next_dagrun for example_external_task_marker_parent to None, run_after=None
[2025-04-13T22:33:44.424+0000] {processor.py:208} INFO - Processing /home/airflow/.local/lib/python3.12/site-packages/airflow/example_dags/example_external_task_marker_dag.py took 0.409 seconds
[2025-04-13T22:34:22.412+0000] {processor.py:186} INFO - Started process (PID=381) to work on /home/airflow/.local/lib/python3.12/site-packages/airflow/example_dags/example_external_task_marker_dag.py
[2025-04-13T22:34:22.443+0000] {processor.py:914} INFO - Processing file /home/airflow/.local/lib/python3.12/site-packages/airflow/example_dags/example_external_task_marker_dag.py for tasks to queue
[2025-04-13T22:34:22.489+0000] {logging_mixin.py:190} INFO - [2025-04-13T22:34:22.488+0000] {dagbag.py:588} INFO - Filling up the DagBag from /home/airflow/.local/lib/python3.12/site-packages/airflow/example_dags/example_external_task_marker_dag.py
[2025-04-13T22:34:22.541+0000] {processor.py:925} INFO - DAG(s) 'example_external_task_marker_parent', 'example_external_task_marker_child' retrieved from /home/airflow/.local/lib/python3.12/site-packages/airflow/example_dags/example_external_task_marker_dag.py
[2025-04-13T22:34:22.622+0000] {logging_mixin.py:190} INFO - [2025-04-13T22:34:22.620+0000] {dag.py:3239} INFO - Sync 2 DAGs
[2025-04-13T22:34:22.708+0000] {logging_mixin.py:190} INFO - [2025-04-13T22:34:22.708+0000] {dag.py:4180} INFO - Setting next_dagrun for example_external_task_marker_child to None, run_after=None
[2025-04-13T22:34:22.742+0000] {logging_mixin.py:190} INFO - [2025-04-13T22:34:22.741+0000] {dag.py:4180} INFO - Setting next_dagrun for example_external_task_marker_parent to None, run_after=None
[2025-04-13T22:34:22.874+0000] {processor.py:208} INFO - Processing /home/airflow/.local/lib/python3.12/site-packages/airflow/example_dags/example_external_task_marker_dag.py took 0.514 seconds
[2025-04-13T22:35:01.336+0000] {processor.py:186} INFO - Started process (PID=451) to work on /home/airflow/.local/lib/python3.12/site-packages/airflow/example_dags/example_external_task_marker_dag.py
[2025-04-13T22:35:01.340+0000] {processor.py:914} INFO - Processing file /home/airflow/.local/lib/python3.12/site-packages/airflow/example_dags/example_external_task_marker_dag.py for tasks to queue
[2025-04-13T22:35:01.366+0000] {logging_mixin.py:190} INFO - [2025-04-13T22:35:01.365+0000] {dagbag.py:588} INFO - Filling up the DagBag from /home/airflow/.local/lib/python3.12/site-packages/airflow/example_dags/example_external_task_marker_dag.py
[2025-04-13T22:35:01.433+0000] {processor.py:925} INFO - DAG(s) 'example_external_task_marker_child', 'example_external_task_marker_parent' retrieved from /home/airflow/.local/lib/python3.12/site-packages/airflow/example_dags/example_external_task_marker_dag.py
[2025-04-13T22:35:01.731+0000] {logging_mixin.py:190} INFO - [2025-04-13T22:35:01.731+0000] {dag.py:3239} INFO - Sync 2 DAGs
[2025-04-13T22:35:01.832+0000] {logging_mixin.py:190} INFO - [2025-04-13T22:35:01.831+0000] {dag.py:4180} INFO - Setting next_dagrun for example_external_task_marker_child to None, run_after=None
[2025-04-13T22:35:01.862+0000] {logging_mixin.py:190} INFO - [2025-04-13T22:35:01.861+0000] {dag.py:4180} INFO - Setting next_dagrun for example_external_task_marker_parent to None, run_after=None
[2025-04-13T22:35:02.052+0000] {processor.py:208} INFO - Processing /home/airflow/.local/lib/python3.12/site-packages/airflow/example_dags/example_external_task_marker_dag.py took 0.785 seconds
[2025-04-13T22:35:42.674+0000] {processor.py:186} INFO - Started process (PID=515) to work on /home/airflow/.local/lib/python3.12/site-packages/airflow/example_dags/example_external_task_marker_dag.py
[2025-04-13T22:35:42.680+0000] {processor.py:914} INFO - Processing file /home/airflow/.local/lib/python3.12/site-packages/airflow/example_dags/example_external_task_marker_dag.py for tasks to queue
[2025-04-13T22:35:42.708+0000] {logging_mixin.py:190} INFO - [2025-04-13T22:35:42.693+0000] {dagbag.py:588} INFO - Filling up the DagBag from /home/airflow/.local/lib/python3.12/site-packages/airflow/example_dags/example_external_task_marker_dag.py
[2025-04-13T22:35:42.848+0000] {processor.py:925} INFO - DAG(s) 'example_external_task_marker_child', 'example_external_task_marker_parent' retrieved from /home/airflow/.local/lib/python3.12/site-packages/airflow/example_dags/example_external_task_marker_dag.py
[2025-04-13T22:35:43.266+0000] {logging_mixin.py:190} INFO - [2025-04-13T22:35:43.265+0000] {dag.py:3239} INFO - Sync 2 DAGs
[2025-04-13T22:35:43.488+0000] {logging_mixin.py:190} INFO - [2025-04-13T22:35:43.488+0000] {dag.py:4180} INFO - Setting next_dagrun for example_external_task_marker_child to None, run_after=None
[2025-04-13T22:35:43.532+0000] {logging_mixin.py:190} INFO - [2025-04-13T22:35:43.532+0000] {dag.py:4180} INFO - Setting next_dagrun for example_external_task_marker_parent to None, run_after=None
[2025-04-13T22:35:43.819+0000] {processor.py:208} INFO - Processing /home/airflow/.local/lib/python3.12/site-packages/airflow/example_dags/example_external_task_marker_dag.py took 1.189 seconds
[2025-04-13T22:36:21.253+0000] {processor.py:186} INFO - Started process (PID=579) to work on /home/airflow/.local/lib/python3.12/site-packages/airflow/example_dags/example_external_task_marker_dag.py
[2025-04-13T22:36:21.260+0000] {processor.py:914} INFO - Processing file /home/airflow/.local/lib/python3.12/site-packages/airflow/example_dags/example_external_task_marker_dag.py for tasks to queue
[2025-04-13T22:36:21.292+0000] {logging_mixin.py:190} INFO - [2025-04-13T22:36:21.284+0000] {dagbag.py:588} INFO - Filling up the DagBag from /home/airflow/.local/lib/python3.12/site-packages/airflow/example_dags/example_external_task_marker_dag.py
[2025-04-13T22:36:21.505+0000] {processor.py:925} INFO - DAG(s) 'example_external_task_marker_child', 'example_external_task_marker_parent' retrieved from /home/airflow/.local/lib/python3.12/site-packages/airflow/example_dags/example_external_task_marker_dag.py
[2025-04-13T22:36:21.758+0000] {logging_mixin.py:190} INFO - [2025-04-13T22:36:21.758+0000] {dag.py:3239} INFO - Sync 2 DAGs
[2025-04-13T22:36:21.893+0000] {logging_mixin.py:190} INFO - [2025-04-13T22:36:21.893+0000] {dag.py:4180} INFO - Setting next_dagrun for example_external_task_marker_child to None, run_after=None
[2025-04-13T22:36:21.959+0000] {logging_mixin.py:190} INFO - [2025-04-13T22:36:21.959+0000] {dag.py:4180} INFO - Setting next_dagrun for example_external_task_marker_parent to None, run_after=None
[2025-04-13T22:36:22.182+0000] {processor.py:208} INFO - Processing /home/airflow/.local/lib/python3.12/site-packages/airflow/example_dags/example_external_task_marker_dag.py took 1.027 seconds
[2025-04-13T22:36:54.652+0000] {processor.py:186} INFO - Started process (PID=642) to work on /home/airflow/.local/lib/python3.12/site-packages/airflow/example_dags/example_external_task_marker_dag.py
[2025-04-13T22:36:54.669+0000] {processor.py:914} INFO - Processing file /home/airflow/.local/lib/python3.12/site-packages/airflow/example_dags/example_external_task_marker_dag.py for tasks to queue
[2025-04-13T22:36:54.708+0000] {logging_mixin.py:190} INFO - [2025-04-13T22:36:54.708+0000] {dagbag.py:588} INFO - Filling up the DagBag from /home/airflow/.local/lib/python3.12/site-packages/airflow/example_dags/example_external_task_marker_dag.py
[2025-04-13T22:36:54.819+0000] {processor.py:925} INFO - DAG(s) 'example_external_task_marker_child', 'example_external_task_marker_parent' retrieved from /home/airflow/.local/lib/python3.12/site-packages/airflow/example_dags/example_external_task_marker_dag.py
[2025-04-13T22:36:55.075+0000] {logging_mixin.py:190} INFO - [2025-04-13T22:36:55.074+0000] {dag.py:3239} INFO - Sync 2 DAGs
[2025-04-13T22:36:55.285+0000] {logging_mixin.py:190} INFO - [2025-04-13T22:36:55.285+0000] {dag.py:4180} INFO - Setting next_dagrun for example_external_task_marker_child to None, run_after=None
[2025-04-13T22:36:55.351+0000] {logging_mixin.py:190} INFO - [2025-04-13T22:36:55.351+0000] {dag.py:4180} INFO - Setting next_dagrun for example_external_task_marker_parent to None, run_after=None
[2025-04-13T22:36:55.551+0000] {processor.py:208} INFO - Processing /home/airflow/.local/lib/python3.12/site-packages/airflow/example_dags/example_external_task_marker_dag.py took 0.935 seconds
[2025-04-13T22:37:40.165+0000] {processor.py:186} INFO - Started process (PID=697) to work on /home/airflow/.local/lib/python3.12/site-packages/airflow/example_dags/example_external_task_marker_dag.py
[2025-04-13T22:37:40.192+0000] {processor.py:914} INFO - Processing file /home/airflow/.local/lib/python3.12/site-packages/airflow/example_dags/example_external_task_marker_dag.py for tasks to queue
[2025-04-13T22:37:40.239+0000] {logging_mixin.py:190} INFO - [2025-04-13T22:37:40.238+0000] {dagbag.py:588} INFO - Filling up the DagBag from /home/airflow/.local/lib/python3.12/site-packages/airflow/example_dags/example_external_task_marker_dag.py
[2025-04-13T22:37:40.427+0000] {processor.py:925} INFO - DAG(s) 'example_external_task_marker_child', 'example_external_task_marker_parent' retrieved from /home/airflow/.local/lib/python3.12/site-packages/airflow/example_dags/example_external_task_marker_dag.py
[2025-04-13T22:37:40.706+0000] {logging_mixin.py:190} INFO - [2025-04-13T22:37:40.705+0000] {dag.py:3239} INFO - Sync 2 DAGs
[2025-04-13T22:37:40.840+0000] {logging_mixin.py:190} INFO - [2025-04-13T22:37:40.839+0000] {dag.py:4180} INFO - Setting next_dagrun for example_external_task_marker_child to None, run_after=None
[2025-04-13T22:37:40.879+0000] {logging_mixin.py:190} INFO - [2025-04-13T22:37:40.878+0000] {dag.py:4180} INFO - Setting next_dagrun for example_external_task_marker_parent to None, run_after=None
[2025-04-13T22:37:41.155+0000] {processor.py:208} INFO - Processing /home/airflow/.local/lib/python3.12/site-packages/airflow/example_dags/example_external_task_marker_dag.py took 1.201 seconds
[2025-04-13T22:38:19.327+0000] {processor.py:186} INFO - Started process (PID=761) to work on /home/airflow/.local/lib/python3.12/site-packages/airflow/example_dags/example_external_task_marker_dag.py
[2025-04-13T22:38:19.339+0000] {processor.py:914} INFO - Processing file /home/airflow/.local/lib/python3.12/site-packages/airflow/example_dags/example_external_task_marker_dag.py for tasks to queue
[2025-04-13T22:38:19.409+0000] {logging_mixin.py:190} INFO - [2025-04-13T22:38:19.376+0000] {dagbag.py:588} INFO - Filling up the DagBag from /home/airflow/.local/lib/python3.12/site-packages/airflow/example_dags/example_external_task_marker_dag.py
[2025-04-13T22:38:19.517+0000] {processor.py:925} INFO - DAG(s) 'example_external_task_marker_parent', 'example_external_task_marker_child' retrieved from /home/airflow/.local/lib/python3.12/site-packages/airflow/example_dags/example_external_task_marker_dag.py
[2025-04-13T22:38:19.651+0000] {logging_mixin.py:190} INFO - [2025-04-13T22:38:19.651+0000] {dag.py:3239} INFO - Sync 2 DAGs
[2025-04-13T22:38:19.945+0000] {logging_mixin.py:190} INFO - [2025-04-13T22:38:19.944+0000] {dag.py:4180} INFO - Setting next_dagrun for example_external_task_marker_child to None, run_after=None
[2025-04-13T22:38:20.005+0000] {logging_mixin.py:190} INFO - [2025-04-13T22:38:20.004+0000] {dag.py:4180} INFO - Setting next_dagrun for example_external_task_marker_parent to None, run_after=None
[2025-04-13T22:38:20.290+0000] {processor.py:208} INFO - Processing /home/airflow/.local/lib/python3.12/site-packages/airflow/example_dags/example_external_task_marker_dag.py took 0.987 seconds
[2025-04-13T22:38:58.253+0000] {processor.py:186} INFO - Started process (PID=824) to work on /home/airflow/.local/lib/python3.12/site-packages/airflow/example_dags/example_external_task_marker_dag.py
[2025-04-13T22:38:58.268+0000] {processor.py:914} INFO - Processing file /home/airflow/.local/lib/python3.12/site-packages/airflow/example_dags/example_external_task_marker_dag.py for tasks to queue
[2025-04-13T22:38:58.301+0000] {logging_mixin.py:190} INFO - [2025-04-13T22:38:58.300+0000] {dagbag.py:588} INFO - Filling up the DagBag from /home/airflow/.local/lib/python3.12/site-packages/airflow/example_dags/example_external_task_marker_dag.py
[2025-04-13T22:38:58.372+0000] {processor.py:925} INFO - DAG(s) 'example_external_task_marker_child', 'example_external_task_marker_parent' retrieved from /home/airflow/.local/lib/python3.12/site-packages/airflow/example_dags/example_external_task_marker_dag.py
[2025-04-13T22:38:58.622+0000] {logging_mixin.py:190} INFO - [2025-04-13T22:38:58.621+0000] {dag.py:3239} INFO - Sync 2 DAGs
[2025-04-13T22:38:58.808+0000] {logging_mixin.py:190} INFO - [2025-04-13T22:38:58.801+0000] {dag.py:4180} INFO - Setting next_dagrun for example_external_task_marker_child to None, run_after=None
[2025-04-13T22:38:58.870+0000] {logging_mixin.py:190} INFO - [2025-04-13T22:38:58.869+0000] {dag.py:4180} INFO - Setting next_dagrun for example_external_task_marker_parent to None, run_after=None
[2025-04-13T22:38:59.024+0000] {processor.py:208} INFO - Processing /home/airflow/.local/lib/python3.12/site-packages/airflow/example_dags/example_external_task_marker_dag.py took 0.826 seconds
[2025-04-13T22:39:36.049+0000] {processor.py:186} INFO - Started process (PID=895) to work on /home/airflow/.local/lib/python3.12/site-packages/airflow/example_dags/example_external_task_marker_dag.py
[2025-04-13T22:39:36.055+0000] {processor.py:914} INFO - Processing file /home/airflow/.local/lib/python3.12/site-packages/airflow/example_dags/example_external_task_marker_dag.py for tasks to queue
[2025-04-13T22:39:36.076+0000] {logging_mixin.py:190} INFO - [2025-04-13T22:39:36.075+0000] {dagbag.py:588} INFO - Filling up the DagBag from /home/airflow/.local/lib/python3.12/site-packages/airflow/example_dags/example_external_task_marker_dag.py
[2025-04-13T22:39:36.156+0000] {processor.py:925} INFO - DAG(s) 'example_external_task_marker_child', 'example_external_task_marker_parent' retrieved from /home/airflow/.local/lib/python3.12/site-packages/airflow/example_dags/example_external_task_marker_dag.py
[2025-04-13T22:39:36.380+0000] {logging_mixin.py:190} INFO - [2025-04-13T22:39:36.379+0000] {dag.py:3239} INFO - Sync 2 DAGs
[2025-04-13T22:39:36.502+0000] {logging_mixin.py:190} INFO - [2025-04-13T22:39:36.502+0000] {dag.py:4180} INFO - Setting next_dagrun for example_external_task_marker_child to None, run_after=None
[2025-04-13T22:39:36.560+0000] {logging_mixin.py:190} INFO - [2025-04-13T22:39:36.559+0000] {dag.py:4180} INFO - Setting next_dagrun for example_external_task_marker_parent to None, run_after=None
[2025-04-13T22:39:36.924+0000] {processor.py:208} INFO - Processing /home/airflow/.local/lib/python3.12/site-packages/airflow/example_dags/example_external_task_marker_dag.py took 1.045 seconds
[2025-04-13T22:40:43.808+0000] {processor.py:186} INFO - Started process (PID=943) to work on /home/airflow/.local/lib/python3.12/site-packages/airflow/example_dags/example_external_task_marker_dag.py
[2025-04-13T22:40:43.811+0000] {processor.py:914} INFO - Processing file /home/airflow/.local/lib/python3.12/site-packages/airflow/example_dags/example_external_task_marker_dag.py for tasks to queue
[2025-04-13T22:40:43.824+0000] {logging_mixin.py:190} INFO - [2025-04-13T22:40:43.823+0000] {dagbag.py:588} INFO - Filling up the DagBag from /home/airflow/.local/lib/python3.12/site-packages/airflow/example_dags/example_external_task_marker_dag.py
[2025-04-13T22:40:43.984+0000] {processor.py:925} INFO - DAG(s) 'example_external_task_marker_parent', 'example_external_task_marker_child' retrieved from /home/airflow/.local/lib/python3.12/site-packages/airflow/example_dags/example_external_task_marker_dag.py
[2025-04-13T22:40:44.272+0000] {logging_mixin.py:190} INFO - [2025-04-13T22:40:44.271+0000] {dag.py:3239} INFO - Sync 2 DAGs
[2025-04-13T22:40:44.374+0000] {logging_mixin.py:190} INFO - [2025-04-13T22:40:44.374+0000] {dag.py:4180} INFO - Setting next_dagrun for example_external_task_marker_child to None, run_after=None
[2025-04-13T22:40:44.407+0000] {logging_mixin.py:190} INFO - [2025-04-13T22:40:44.406+0000] {dag.py:4180} INFO - Setting next_dagrun for example_external_task_marker_parent to None, run_after=None
[2025-04-13T22:40:44.521+0000] {processor.py:208} INFO - Processing /home/airflow/.local/lib/python3.12/site-packages/airflow/example_dags/example_external_task_marker_dag.py took 0.804 seconds
[2025-04-13T22:42:03.036+0000] {processor.py:186} INFO - Started process (PID=1007) to work on /home/airflow/.local/lib/python3.12/site-packages/airflow/example_dags/example_external_task_marker_dag.py
[2025-04-13T22:42:03.049+0000] {processor.py:914} INFO - Processing file /home/airflow/.local/lib/python3.12/site-packages/airflow/example_dags/example_external_task_marker_dag.py for tasks to queue
[2025-04-13T22:42:03.085+0000] {logging_mixin.py:190} INFO - [2025-04-13T22:42:03.079+0000] {dagbag.py:588} INFO - Filling up the DagBag from /home/airflow/.local/lib/python3.12/site-packages/airflow/example_dags/example_external_task_marker_dag.py
[2025-04-13T22:42:03.194+0000] {processor.py:925} INFO - DAG(s) 'example_external_task_marker_parent', 'example_external_task_marker_child' retrieved from /home/airflow/.local/lib/python3.12/site-packages/airflow/example_dags/example_external_task_marker_dag.py
[2025-04-13T22:42:03.377+0000] {logging_mixin.py:190} INFO - [2025-04-13T22:42:03.377+0000] {dag.py:3239} INFO - Sync 2 DAGs
[2025-04-13T22:42:03.508+0000] {logging_mixin.py:190} INFO - [2025-04-13T22:42:03.508+0000] {dag.py:4180} INFO - Setting next_dagrun for example_external_task_marker_child to None, run_after=None
[2025-04-13T22:42:03.571+0000] {logging_mixin.py:190} INFO - [2025-04-13T22:42:03.570+0000] {dag.py:4180} INFO - Setting next_dagrun for example_external_task_marker_parent to None, run_after=None
[2025-04-13T22:42:03.683+0000] {processor.py:208} INFO - Processing /home/airflow/.local/lib/python3.12/site-packages/airflow/example_dags/example_external_task_marker_dag.py took 0.796 seconds
[2025-04-13T22:42:40.023+0000] {processor.py:186} INFO - Started process (PID=1070) to work on /home/airflow/.local/lib/python3.12/site-packages/airflow/example_dags/example_external_task_marker_dag.py
[2025-04-13T22:42:40.026+0000] {processor.py:914} INFO - Processing file /home/airflow/.local/lib/python3.12/site-packages/airflow/example_dags/example_external_task_marker_dag.py for tasks to queue
[2025-04-13T22:42:40.033+0000] {logging_mixin.py:190} INFO - [2025-04-13T22:42:40.032+0000] {dagbag.py:588} INFO - Filling up the DagBag from /home/airflow/.local/lib/python3.12/site-packages/airflow/example_dags/example_external_task_marker_dag.py
[2025-04-13T22:42:40.079+0000] {processor.py:925} INFO - DAG(s) 'example_external_task_marker_child', 'example_external_task_marker_parent' retrieved from /home/airflow/.local/lib/python3.12/site-packages/airflow/example_dags/example_external_task_marker_dag.py
[2025-04-13T22:42:40.250+0000] {logging_mixin.py:190} INFO - [2025-04-13T22:42:40.250+0000] {dag.py:3239} INFO - Sync 2 DAGs
[2025-04-13T22:42:40.527+0000] {logging_mixin.py:190} INFO - [2025-04-13T22:42:40.527+0000] {dag.py:4180} INFO - Setting next_dagrun for example_external_task_marker_child to None, run_after=None
[2025-04-13T22:42:40.546+0000] {logging_mixin.py:190} INFO - [2025-04-13T22:42:40.545+0000] {dag.py:4180} INFO - Setting next_dagrun for example_external_task_marker_parent to None, run_after=None
[2025-04-13T22:42:40.646+0000] {processor.py:208} INFO - Processing /home/airflow/.local/lib/python3.12/site-packages/airflow/example_dags/example_external_task_marker_dag.py took 0.640 seconds
[2025-04-13T22:43:49.421+0000] {processor.py:186} INFO - Started process (PID=1151) to work on /home/airflow/.local/lib/python3.12/site-packages/airflow/example_dags/example_external_task_marker_dag.py
[2025-04-13T22:43:49.460+0000] {processor.py:914} INFO - Processing file /home/airflow/.local/lib/python3.12/site-packages/airflow/example_dags/example_external_task_marker_dag.py for tasks to queue
[2025-04-13T22:43:49.584+0000] {logging_mixin.py:190} INFO - [2025-04-13T22:43:49.582+0000] {dagbag.py:588} INFO - Filling up the DagBag from /home/airflow/.local/lib/python3.12/site-packages/airflow/example_dags/example_external_task_marker_dag.py
[2025-04-13T22:43:49.751+0000] {processor.py:925} INFO - DAG(s) 'example_external_task_marker_parent', 'example_external_task_marker_child' retrieved from /home/airflow/.local/lib/python3.12/site-packages/airflow/example_dags/example_external_task_marker_dag.py
[2025-04-13T22:43:51.004+0000] {logging_mixin.py:190} INFO - [2025-04-13T22:43:50.998+0000] {dag.py:3239} INFO - Sync 2 DAGs
[2025-04-13T22:43:52.603+0000] {logging_mixin.py:190} INFO - [2025-04-13T22:43:52.458+0000] {dag.py:4180} INFO - Setting next_dagrun for example_external_task_marker_child to None, run_after=None
[2025-04-13T22:43:53.116+0000] {logging_mixin.py:190} INFO - [2025-04-13T22:43:53.115+0000] {dag.py:4180} INFO - Setting next_dagrun for example_external_task_marker_parent to None, run_after=None
[2025-04-13T22:43:54.477+0000] {processor.py:208} INFO - Processing /home/airflow/.local/lib/python3.12/site-packages/airflow/example_dags/example_external_task_marker_dag.py took 5.202 seconds
[2025-04-13T22:45:12.666+0000] {processor.py:186} INFO - Started process (PID=1228) to work on /home/airflow/.local/lib/python3.12/site-packages/airflow/example_dags/example_external_task_marker_dag.py
[2025-04-13T22:45:12.680+0000] {processor.py:914} INFO - Processing file /home/airflow/.local/lib/python3.12/site-packages/airflow/example_dags/example_external_task_marker_dag.py for tasks to queue
[2025-04-13T22:45:12.699+0000] {logging_mixin.py:190} INFO - [2025-04-13T22:45:12.699+0000] {dagbag.py:588} INFO - Filling up the DagBag from /home/airflow/.local/lib/python3.12/site-packages/airflow/example_dags/example_external_task_marker_dag.py
[2025-04-13T22:45:12.747+0000] {processor.py:925} INFO - DAG(s) 'example_external_task_marker_child', 'example_external_task_marker_parent' retrieved from /home/airflow/.local/lib/python3.12/site-packages/airflow/example_dags/example_external_task_marker_dag.py
[2025-04-13T22:45:12.872+0000] {logging_mixin.py:190} INFO - [2025-04-13T22:45:12.871+0000] {dag.py:3239} INFO - Sync 2 DAGs
[2025-04-13T22:45:13.087+0000] {logging_mixin.py:190} INFO - [2025-04-13T22:45:13.083+0000] {dag.py:4180} INFO - Setting next_dagrun for example_external_task_marker_child to None, run_after=None
[2025-04-13T22:45:13.192+0000] {logging_mixin.py:190} INFO - [2025-04-13T22:45:13.175+0000] {dag.py:4180} INFO - Setting next_dagrun for example_external_task_marker_parent to None, run_after=None
[2025-04-13T22:45:13.368+0000] {processor.py:208} INFO - Processing /home/airflow/.local/lib/python3.12/site-packages/airflow/example_dags/example_external_task_marker_dag.py took 0.738 seconds
