[2025-04-13T16:49:10.128+0000] {processor.py:186} INFO - Started process (PID=124) to work on /home/airflow/.local/lib/python3.12/site-packages/airflow/example_dags/example_short_circuit_decorator.py
[2025-04-13T16:49:10.130+0000] {processor.py:914} INFO - Processing file /home/airflow/.local/lib/python3.12/site-packages/airflow/example_dags/example_short_circuit_decorator.py for tasks to queue
[2025-04-13T16:49:10.139+0000] {logging_mixin.py:190} INFO - [2025-04-13T16:49:10.138+0000] {dagbag.py:588} INFO - Filling up the DagBag from /home/airflow/.local/lib/python3.12/site-packages/airflow/example_dags/example_short_circuit_decorator.py
[2025-04-13T16:49:10.171+0000] {processor.py:925} INFO - DAG(s) 'example_short_circuit_decorator' retrieved from /home/airflow/.local/lib/python3.12/site-packages/airflow/example_dags/example_short_circuit_decorator.py
[2025-04-13T16:49:10.764+0000] {logging_mixin.py:190} INFO - [2025-04-13T16:49:10.762+0000] {override.py:1912} INFO - Created Permission View: can read on DAG:example_short_circuit_decorator
[2025-04-13T16:49:10.788+0000] {logging_mixin.py:190} INFO - [2025-04-13T16:49:10.787+0000] {override.py:1912} INFO - Created Permission View: can edit on DAG:example_short_circuit_decorator
[2025-04-13T16:49:10.816+0000] {logging_mixin.py:190} INFO - [2025-04-13T16:49:10.816+0000] {override.py:1912} INFO - Created Permission View: can delete on DAG:example_short_circuit_decorator
[2025-04-13T16:49:10.828+0000] {logging_mixin.py:190} INFO - [2025-04-13T16:49:10.828+0000] {override.py:1912} INFO - Created Permission View: can read on DAG Run:example_short_circuit_decorator
[2025-04-13T16:49:10.855+0000] {logging_mixin.py:190} INFO - [2025-04-13T16:49:10.854+0000] {override.py:1912} INFO - Created Permission View: menu access on DAG Run:example_short_circuit_decorator
[2025-04-13T16:49:10.868+0000] {logging_mixin.py:190} INFO - [2025-04-13T16:49:10.868+0000] {override.py:1912} INFO - Created Permission View: can create on DAG Run:example_short_circuit_decorator
[2025-04-13T16:49:10.883+0000] {logging_mixin.py:190} INFO - [2025-04-13T16:49:10.882+0000] {override.py:1912} INFO - Created Permission View: can delete on DAG Run:example_short_circuit_decorator
[2025-04-13T16:49:10.884+0000] {logging_mixin.py:190} INFO - [2025-04-13T16:49:10.883+0000] {dag.py:3239} INFO - Sync 1 DAGs
[2025-04-13T16:49:10.979+0000] {logging_mixin.py:190} INFO - [2025-04-13T16:49:10.978+0000] {dag.py:3262} INFO - Creating ORM DAG for example_short_circuit_decorator
[2025-04-13T16:49:11.003+0000] {logging_mixin.py:190} INFO - [2025-04-13T16:49:10.994+0000] {dag.py:4180} INFO - Setting next_dagrun for example_short_circuit_decorator to None, run_after=None
[2025-04-13T16:49:11.105+0000] {processor.py:208} INFO - Processing /home/airflow/.local/lib/python3.12/site-packages/airflow/example_dags/example_short_circuit_decorator.py took 0.996 seconds
[2025-04-13T16:50:51.417+0000] {processor.py:186} INFO - Started process (PID=206) to work on /home/airflow/.local/lib/python3.12/site-packages/airflow/example_dags/example_short_circuit_decorator.py
[2025-04-13T16:50:51.432+0000] {processor.py:914} INFO - Processing file /home/airflow/.local/lib/python3.12/site-packages/airflow/example_dags/example_short_circuit_decorator.py for tasks to queue
[2025-04-13T16:50:51.465+0000] {logging_mixin.py:190} INFO - [2025-04-13T16:50:51.464+0000] {dagbag.py:588} INFO - Filling up the DagBag from /home/airflow/.local/lib/python3.12/site-packages/airflow/example_dags/example_short_circuit_decorator.py
[2025-04-13T16:50:51.606+0000] {processor.py:925} INFO - DAG(s) 'example_short_circuit_decorator' retrieved from /home/airflow/.local/lib/python3.12/site-packages/airflow/example_dags/example_short_circuit_decorator.py
[2025-04-13T16:50:51.764+0000] {logging_mixin.py:190} INFO - [2025-04-13T16:50:51.763+0000] {dag.py:3239} INFO - Sync 1 DAGs
[2025-04-13T16:50:51.970+0000] {logging_mixin.py:190} INFO - [2025-04-13T16:50:51.967+0000] {dag.py:4180} INFO - Setting next_dagrun for example_short_circuit_decorator to None, run_after=None
[2025-04-13T16:50:52.319+0000] {processor.py:208} INFO - Processing /home/airflow/.local/lib/python3.12/site-packages/airflow/example_dags/example_short_circuit_decorator.py took 0.941 seconds
[2025-04-13T16:51:30.671+0000] {processor.py:186} INFO - Started process (PID=270) to work on /home/airflow/.local/lib/python3.12/site-packages/airflow/example_dags/example_short_circuit_decorator.py
[2025-04-13T16:51:30.677+0000] {processor.py:914} INFO - Processing file /home/airflow/.local/lib/python3.12/site-packages/airflow/example_dags/example_short_circuit_decorator.py for tasks to queue
[2025-04-13T16:51:30.690+0000] {logging_mixin.py:190} INFO - [2025-04-13T16:51:30.689+0000] {dagbag.py:588} INFO - Filling up the DagBag from /home/airflow/.local/lib/python3.12/site-packages/airflow/example_dags/example_short_circuit_decorator.py
[2025-04-13T16:51:30.775+0000] {processor.py:925} INFO - DAG(s) 'example_short_circuit_decorator' retrieved from /home/airflow/.local/lib/python3.12/site-packages/airflow/example_dags/example_short_circuit_decorator.py
[2025-04-13T16:51:30.901+0000] {logging_mixin.py:190} INFO - [2025-04-13T16:51:30.900+0000] {dag.py:3239} INFO - Sync 1 DAGs
[2025-04-13T16:51:31.161+0000] {logging_mixin.py:190} INFO - [2025-04-13T16:51:31.161+0000] {dag.py:4180} INFO - Setting next_dagrun for example_short_circuit_decorator to None, run_after=None
[2025-04-13T16:51:31.378+0000] {processor.py:208} INFO - Processing /home/airflow/.local/lib/python3.12/site-packages/airflow/example_dags/example_short_circuit_decorator.py took 0.766 seconds
[2025-04-13T16:52:01.751+0000] {processor.py:186} INFO - Started process (PID=333) to work on /home/airflow/.local/lib/python3.12/site-packages/airflow/example_dags/example_short_circuit_decorator.py
[2025-04-13T16:52:01.758+0000] {processor.py:914} INFO - Processing file /home/airflow/.local/lib/python3.12/site-packages/airflow/example_dags/example_short_circuit_decorator.py for tasks to queue
[2025-04-13T16:52:01.768+0000] {logging_mixin.py:190} INFO - [2025-04-13T16:52:01.767+0000] {dagbag.py:588} INFO - Filling up the DagBag from /home/airflow/.local/lib/python3.12/site-packages/airflow/example_dags/example_short_circuit_decorator.py
[2025-04-13T16:52:01.821+0000] {processor.py:925} INFO - DAG(s) 'example_short_circuit_decorator' retrieved from /home/airflow/.local/lib/python3.12/site-packages/airflow/example_dags/example_short_circuit_decorator.py
[2025-04-13T16:52:01.914+0000] {logging_mixin.py:190} INFO - [2025-04-13T16:52:01.913+0000] {dag.py:3239} INFO - Sync 1 DAGs
[2025-04-13T16:52:01.963+0000] {logging_mixin.py:190} INFO - [2025-04-13T16:52:01.962+0000] {dag.py:4180} INFO - Setting next_dagrun for example_short_circuit_decorator to None, run_after=None
[2025-04-13T16:52:02.033+0000] {processor.py:208} INFO - Processing /home/airflow/.local/lib/python3.12/site-packages/airflow/example_dags/example_short_circuit_decorator.py took 0.321 seconds
[2025-04-13T16:52:33.481+0000] {processor.py:186} INFO - Started process (PID=397) to work on /home/airflow/.local/lib/python3.12/site-packages/airflow/example_dags/example_short_circuit_decorator.py
[2025-04-13T16:52:33.516+0000] {processor.py:914} INFO - Processing file /home/airflow/.local/lib/python3.12/site-packages/airflow/example_dags/example_short_circuit_decorator.py for tasks to queue
[2025-04-13T16:52:33.528+0000] {logging_mixin.py:190} INFO - [2025-04-13T16:52:33.526+0000] {dagbag.py:588} INFO - Filling up the DagBag from /home/airflow/.local/lib/python3.12/site-packages/airflow/example_dags/example_short_circuit_decorator.py
[2025-04-13T16:52:33.572+0000] {processor.py:925} INFO - DAG(s) 'example_short_circuit_decorator' retrieved from /home/airflow/.local/lib/python3.12/site-packages/airflow/example_dags/example_short_circuit_decorator.py
[2025-04-13T16:52:33.685+0000] {logging_mixin.py:190} INFO - [2025-04-13T16:52:33.685+0000] {dag.py:3239} INFO - Sync 1 DAGs
[2025-04-13T16:52:33.759+0000] {logging_mixin.py:190} INFO - [2025-04-13T16:52:33.758+0000] {dag.py:4180} INFO - Setting next_dagrun for example_short_circuit_decorator to None, run_after=None
[2025-04-13T16:52:33.832+0000] {processor.py:208} INFO - Processing /home/airflow/.local/lib/python3.12/site-packages/airflow/example_dags/example_short_circuit_decorator.py took 0.433 seconds
[2025-04-13T16:53:36.569+0000] {processor.py:186} INFO - Started process (PID=478) to work on /home/airflow/.local/lib/python3.12/site-packages/airflow/example_dags/example_short_circuit_decorator.py
[2025-04-13T16:53:36.592+0000] {processor.py:914} INFO - Processing file /home/airflow/.local/lib/python3.12/site-packages/airflow/example_dags/example_short_circuit_decorator.py for tasks to queue
[2025-04-13T16:53:36.670+0000] {logging_mixin.py:190} INFO - [2025-04-13T16:53:36.669+0000] {dagbag.py:588} INFO - Filling up the DagBag from /home/airflow/.local/lib/python3.12/site-packages/airflow/example_dags/example_short_circuit_decorator.py
[2025-04-13T16:53:36.884+0000] {processor.py:925} INFO - DAG(s) 'example_short_circuit_decorator' retrieved from /home/airflow/.local/lib/python3.12/site-packages/airflow/example_dags/example_short_circuit_decorator.py
[2025-04-13T16:53:37.053+0000] {logging_mixin.py:190} INFO - [2025-04-13T16:53:37.043+0000] {dag.py:3239} INFO - Sync 1 DAGs
[2025-04-13T16:53:37.116+0000] {logging_mixin.py:190} INFO - [2025-04-13T16:53:37.116+0000] {dag.py:4180} INFO - Setting next_dagrun for example_short_circuit_decorator to None, run_after=None
[2025-04-13T16:53:37.175+0000] {processor.py:208} INFO - Processing /home/airflow/.local/lib/python3.12/site-packages/airflow/example_dags/example_short_circuit_decorator.py took 0.756 seconds
[2025-04-13T16:54:07.823+0000] {processor.py:186} INFO - Started process (PID=542) to work on /home/airflow/.local/lib/python3.12/site-packages/airflow/example_dags/example_short_circuit_decorator.py
[2025-04-13T16:54:07.827+0000] {processor.py:914} INFO - Processing file /home/airflow/.local/lib/python3.12/site-packages/airflow/example_dags/example_short_circuit_decorator.py for tasks to queue
[2025-04-13T16:54:07.834+0000] {logging_mixin.py:190} INFO - [2025-04-13T16:54:07.833+0000] {dagbag.py:588} INFO - Filling up the DagBag from /home/airflow/.local/lib/python3.12/site-packages/airflow/example_dags/example_short_circuit_decorator.py
[2025-04-13T16:54:07.889+0000] {processor.py:925} INFO - DAG(s) 'example_short_circuit_decorator' retrieved from /home/airflow/.local/lib/python3.12/site-packages/airflow/example_dags/example_short_circuit_decorator.py
[2025-04-13T16:54:08.038+0000] {logging_mixin.py:190} INFO - [2025-04-13T16:54:08.037+0000] {dag.py:3239} INFO - Sync 1 DAGs
[2025-04-13T16:54:08.182+0000] {logging_mixin.py:190} INFO - [2025-04-13T16:54:08.182+0000] {dag.py:4180} INFO - Setting next_dagrun for example_short_circuit_decorator to None, run_after=None
[2025-04-13T16:54:08.307+0000] {processor.py:208} INFO - Processing /home/airflow/.local/lib/python3.12/site-packages/airflow/example_dags/example_short_circuit_decorator.py took 0.513 seconds
[2025-04-13T16:55:03.240+0000] {processor.py:186} INFO - Started process (PID=612) to work on /home/airflow/.local/lib/python3.12/site-packages/airflow/example_dags/example_short_circuit_decorator.py
[2025-04-13T16:55:03.265+0000] {processor.py:914} INFO - Processing file /home/airflow/.local/lib/python3.12/site-packages/airflow/example_dags/example_short_circuit_decorator.py for tasks to queue
[2025-04-13T16:55:03.290+0000] {logging_mixin.py:190} INFO - [2025-04-13T16:55:03.290+0000] {dagbag.py:588} INFO - Filling up the DagBag from /home/airflow/.local/lib/python3.12/site-packages/airflow/example_dags/example_short_circuit_decorator.py
[2025-04-13T16:55:03.435+0000] {processor.py:925} INFO - DAG(s) 'example_short_circuit_decorator' retrieved from /home/airflow/.local/lib/python3.12/site-packages/airflow/example_dags/example_short_circuit_decorator.py
[2025-04-13T16:55:03.942+0000] {logging_mixin.py:190} INFO - [2025-04-13T16:55:03.941+0000] {dag.py:3239} INFO - Sync 1 DAGs
[2025-04-13T16:55:04.144+0000] {logging_mixin.py:190} INFO - [2025-04-13T16:55:04.143+0000] {dag.py:4180} INFO - Setting next_dagrun for example_short_circuit_decorator to None, run_after=None
[2025-04-13T16:55:04.349+0000] {processor.py:208} INFO - Processing /home/airflow/.local/lib/python3.12/site-packages/airflow/example_dags/example_short_circuit_decorator.py took 1.167 seconds
[2025-04-13T17:03:49.870+0000] {processor.py:186} INFO - Started process (PID=133) to work on /home/airflow/.local/lib/python3.12/site-packages/airflow/example_dags/example_short_circuit_decorator.py
[2025-04-13T17:03:49.930+0000] {processor.py:914} INFO - Processing file /home/airflow/.local/lib/python3.12/site-packages/airflow/example_dags/example_short_circuit_decorator.py for tasks to queue
[2025-04-13T17:03:50.055+0000] {logging_mixin.py:190} INFO - [2025-04-13T17:03:50.054+0000] {dagbag.py:588} INFO - Filling up the DagBag from /home/airflow/.local/lib/python3.12/site-packages/airflow/example_dags/example_short_circuit_decorator.py
[2025-04-13T17:03:50.508+0000] {processor.py:925} INFO - DAG(s) 'example_short_circuit_decorator' retrieved from /home/airflow/.local/lib/python3.12/site-packages/airflow/example_dags/example_short_circuit_decorator.py
[2025-04-13T17:03:51.150+0000] {logging_mixin.py:190} INFO - [2025-04-13T17:03:51.150+0000] {dag.py:3239} INFO - Sync 1 DAGs
[2025-04-13T17:03:51.402+0000] {logging_mixin.py:190} INFO - [2025-04-13T17:03:51.391+0000] {dag.py:4180} INFO - Setting next_dagrun for example_short_circuit_decorator to None, run_after=None
[2025-04-13T17:03:52.616+0000] {processor.py:208} INFO - Processing /home/airflow/.local/lib/python3.12/site-packages/airflow/example_dags/example_short_circuit_decorator.py took 2.819 seconds
[2025-04-13T17:06:10.488+0000] {processor.py:186} INFO - Started process (PID=220) to work on /home/airflow/.local/lib/python3.12/site-packages/airflow/example_dags/example_short_circuit_decorator.py
[2025-04-13T17:06:11.017+0000] {processor.py:914} INFO - Processing file /home/airflow/.local/lib/python3.12/site-packages/airflow/example_dags/example_short_circuit_decorator.py for tasks to queue
[2025-04-13T17:06:11.292+0000] {logging_mixin.py:190} INFO - [2025-04-13T17:06:11.128+0000] {dagbag.py:588} INFO - Filling up the DagBag from /home/airflow/.local/lib/python3.12/site-packages/airflow/example_dags/example_short_circuit_decorator.py
[2025-04-13T17:06:11.624+0000] {processor.py:925} INFO - DAG(s) 'example_short_circuit_decorator' retrieved from /home/airflow/.local/lib/python3.12/site-packages/airflow/example_dags/example_short_circuit_decorator.py
[2025-04-13T17:06:12.337+0000] {logging_mixin.py:190} INFO - [2025-04-13T17:06:12.337+0000] {dag.py:3239} INFO - Sync 1 DAGs
[2025-04-13T17:06:12.852+0000] {logging_mixin.py:190} INFO - [2025-04-13T17:06:12.851+0000] {dag.py:4180} INFO - Setting next_dagrun for example_short_circuit_decorator to None, run_after=None
[2025-04-13T17:06:13.691+0000] {processor.py:208} INFO - Processing /home/airflow/.local/lib/python3.12/site-packages/airflow/example_dags/example_short_circuit_decorator.py took 4.231 seconds
[2025-04-13T17:25:24.921+0000] {processor.py:186} INFO - Started process (PID=193) to work on /home/airflow/.local/lib/python3.12/site-packages/airflow/example_dags/example_short_circuit_decorator.py
[2025-04-13T17:25:24.937+0000] {processor.py:914} INFO - Processing file /home/airflow/.local/lib/python3.12/site-packages/airflow/example_dags/example_short_circuit_decorator.py for tasks to queue
[2025-04-13T17:25:25.015+0000] {logging_mixin.py:190} INFO - [2025-04-13T17:25:25.015+0000] {dagbag.py:588} INFO - Filling up the DagBag from /home/airflow/.local/lib/python3.12/site-packages/airflow/example_dags/example_short_circuit_decorator.py
[2025-04-13T17:25:27.080+0000] {processor.py:925} INFO - DAG(s) 'example_short_circuit_decorator' retrieved from /home/airflow/.local/lib/python3.12/site-packages/airflow/example_dags/example_short_circuit_decorator.py
[2025-04-13T17:25:30.824+0000] {logging_mixin.py:190} INFO - [2025-04-13T17:25:30.824+0000] {dag.py:3239} INFO - Sync 1 DAGs
[2025-04-13T17:25:31.877+0000] {logging_mixin.py:190} INFO - [2025-04-13T17:25:31.876+0000] {dag.py:4180} INFO - Setting next_dagrun for example_short_circuit_decorator to None, run_after=None
[2025-04-13T17:25:34.228+0000] {processor.py:208} INFO - Processing /home/airflow/.local/lib/python3.12/site-packages/airflow/example_dags/example_short_circuit_decorator.py took 9.490 seconds
[2025-04-13T18:12:08.685+0000] {processor.py:186} INFO - Started process (PID=290) to work on /home/airflow/.local/lib/python3.12/site-packages/airflow/example_dags/example_short_circuit_decorator.py
[2025-04-13T18:12:08.997+0000] {processor.py:914} INFO - Processing file /home/airflow/.local/lib/python3.12/site-packages/airflow/example_dags/example_short_circuit_decorator.py for tasks to queue
[2025-04-13T18:12:09.486+0000] {logging_mixin.py:190} INFO - [2025-04-13T18:12:09.483+0000] {dagbag.py:588} INFO - Filling up the DagBag from /home/airflow/.local/lib/python3.12/site-packages/airflow/example_dags/example_short_circuit_decorator.py
[2025-04-13T18:12:09.733+0000] {processor.py:925} INFO - DAG(s) 'example_short_circuit_decorator' retrieved from /home/airflow/.local/lib/python3.12/site-packages/airflow/example_dags/example_short_circuit_decorator.py
[2025-04-13T18:12:12.634+0000] {logging_mixin.py:190} INFO - [2025-04-13T18:12:12.634+0000] {dag.py:3239} INFO - Sync 1 DAGs
[2025-04-13T18:12:13.996+0000] {logging_mixin.py:190} INFO - [2025-04-13T18:12:13.984+0000] {dag.py:4180} INFO - Setting next_dagrun for example_short_circuit_decorator to None, run_after=None
[2025-04-13T18:12:16.836+0000] {processor.py:208} INFO - Processing /home/airflow/.local/lib/python3.12/site-packages/airflow/example_dags/example_short_circuit_decorator.py took 8.792 seconds
[2025-04-13T18:20:44.656+0000] {processor.py:186} INFO - Started process (PID=429) to work on /home/airflow/.local/lib/python3.12/site-packages/airflow/example_dags/example_short_circuit_decorator.py
[2025-04-13T18:20:44.942+0000] {processor.py:914} INFO - Processing file /home/airflow/.local/lib/python3.12/site-packages/airflow/example_dags/example_short_circuit_decorator.py for tasks to queue
[2025-04-13T18:20:44.950+0000] {logging_mixin.py:190} INFO - [2025-04-13T18:20:44.949+0000] {dagbag.py:588} INFO - Filling up the DagBag from /home/airflow/.local/lib/python3.12/site-packages/airflow/example_dags/example_short_circuit_decorator.py
[2025-04-13T18:20:46.633+0000] {processor.py:925} INFO - DAG(s) 'example_short_circuit_decorator' retrieved from /home/airflow/.local/lib/python3.12/site-packages/airflow/example_dags/example_short_circuit_decorator.py
[2025-04-13T18:20:51.798+0000] {logging_mixin.py:190} INFO - [2025-04-13T18:20:51.797+0000] {dag.py:3239} INFO - Sync 1 DAGs
[2025-04-13T18:20:53.167+0000] {logging_mixin.py:190} INFO - [2025-04-13T18:20:53.166+0000] {dag.py:4180} INFO - Setting next_dagrun for example_short_circuit_decorator to None, run_after=None
[2025-04-13T18:20:58.665+0000] {processor.py:208} INFO - Processing /home/airflow/.local/lib/python3.12/site-packages/airflow/example_dags/example_short_circuit_decorator.py took 14.403 seconds
[2025-04-13T20:52:00.515+0000] {processor.py:186} INFO - Started process (PID=113) to work on /home/airflow/.local/lib/python3.12/site-packages/airflow/example_dags/example_short_circuit_decorator.py
[2025-04-13T20:52:00.525+0000] {processor.py:914} INFO - Processing file /home/airflow/.local/lib/python3.12/site-packages/airflow/example_dags/example_short_circuit_decorator.py for tasks to queue
[2025-04-13T20:52:00.541+0000] {logging_mixin.py:190} INFO - [2025-04-13T20:52:00.541+0000] {dagbag.py:588} INFO - Filling up the DagBag from /home/airflow/.local/lib/python3.12/site-packages/airflow/example_dags/example_short_circuit_decorator.py
[2025-04-13T20:52:00.563+0000] {processor.py:925} INFO - DAG(s) 'example_short_circuit_decorator' retrieved from /home/airflow/.local/lib/python3.12/site-packages/airflow/example_dags/example_short_circuit_decorator.py
[2025-04-13T20:52:00.691+0000] {logging_mixin.py:190} INFO - [2025-04-13T20:52:00.691+0000] {dag.py:3239} INFO - Sync 1 DAGs
[2025-04-13T20:52:00.765+0000] {logging_mixin.py:190} INFO - [2025-04-13T20:52:00.765+0000] {dag.py:4180} INFO - Setting next_dagrun for example_short_circuit_decorator to None, run_after=None
[2025-04-13T20:52:00.981+0000] {processor.py:208} INFO - Processing /home/airflow/.local/lib/python3.12/site-packages/airflow/example_dags/example_short_circuit_decorator.py took 0.505 seconds
[2025-04-13T20:52:31.494+0000] {processor.py:186} INFO - Started process (PID=177) to work on /home/airflow/.local/lib/python3.12/site-packages/airflow/example_dags/example_short_circuit_decorator.py
[2025-04-13T20:52:31.495+0000] {processor.py:914} INFO - Processing file /home/airflow/.local/lib/python3.12/site-packages/airflow/example_dags/example_short_circuit_decorator.py for tasks to queue
[2025-04-13T20:52:31.499+0000] {logging_mixin.py:190} INFO - [2025-04-13T20:52:31.499+0000] {dagbag.py:588} INFO - Filling up the DagBag from /home/airflow/.local/lib/python3.12/site-packages/airflow/example_dags/example_short_circuit_decorator.py
[2025-04-13T20:52:31.525+0000] {processor.py:925} INFO - DAG(s) 'example_short_circuit_decorator' retrieved from /home/airflow/.local/lib/python3.12/site-packages/airflow/example_dags/example_short_circuit_decorator.py
[2025-04-13T20:52:31.582+0000] {logging_mixin.py:190} INFO - [2025-04-13T20:52:31.581+0000] {dag.py:3239} INFO - Sync 1 DAGs
[2025-04-13T20:52:31.630+0000] {logging_mixin.py:190} INFO - [2025-04-13T20:52:31.629+0000] {dag.py:4180} INFO - Setting next_dagrun for example_short_circuit_decorator to None, run_after=None
[2025-04-13T20:52:31.689+0000] {processor.py:208} INFO - Processing /home/airflow/.local/lib/python3.12/site-packages/airflow/example_dags/example_short_circuit_decorator.py took 0.204 seconds
[2025-04-13T20:53:08.778+0000] {processor.py:186} INFO - Started process (PID=240) to work on /home/airflow/.local/lib/python3.12/site-packages/airflow/example_dags/example_short_circuit_decorator.py
[2025-04-13T20:53:08.780+0000] {processor.py:914} INFO - Processing file /home/airflow/.local/lib/python3.12/site-packages/airflow/example_dags/example_short_circuit_decorator.py for tasks to queue
[2025-04-13T20:53:08.788+0000] {logging_mixin.py:190} INFO - [2025-04-13T20:53:08.787+0000] {dagbag.py:588} INFO - Filling up the DagBag from /home/airflow/.local/lib/python3.12/site-packages/airflow/example_dags/example_short_circuit_decorator.py
[2025-04-13T20:53:08.818+0000] {processor.py:925} INFO - DAG(s) 'example_short_circuit_decorator' retrieved from /home/airflow/.local/lib/python3.12/site-packages/airflow/example_dags/example_short_circuit_decorator.py
[2025-04-13T20:53:08.881+0000] {logging_mixin.py:190} INFO - [2025-04-13T20:53:08.880+0000] {dag.py:3239} INFO - Sync 1 DAGs
[2025-04-13T20:53:08.924+0000] {logging_mixin.py:190} INFO - [2025-04-13T20:53:08.923+0000] {dag.py:4180} INFO - Setting next_dagrun for example_short_circuit_decorator to None, run_after=None
[2025-04-13T20:53:08.986+0000] {processor.py:208} INFO - Processing /home/airflow/.local/lib/python3.12/site-packages/airflow/example_dags/example_short_circuit_decorator.py took 0.220 seconds
[2025-04-13T20:53:43.037+0000] {processor.py:186} INFO - Started process (PID=304) to work on /home/airflow/.local/lib/python3.12/site-packages/airflow/example_dags/example_short_circuit_decorator.py
[2025-04-13T20:53:43.039+0000] {processor.py:914} INFO - Processing file /home/airflow/.local/lib/python3.12/site-packages/airflow/example_dags/example_short_circuit_decorator.py for tasks to queue
[2025-04-13T20:53:43.043+0000] {logging_mixin.py:190} INFO - [2025-04-13T20:53:43.042+0000] {dagbag.py:588} INFO - Filling up the DagBag from /home/airflow/.local/lib/python3.12/site-packages/airflow/example_dags/example_short_circuit_decorator.py
[2025-04-13T20:53:43.073+0000] {processor.py:925} INFO - DAG(s) 'example_short_circuit_decorator' retrieved from /home/airflow/.local/lib/python3.12/site-packages/airflow/example_dags/example_short_circuit_decorator.py
[2025-04-13T20:53:43.182+0000] {logging_mixin.py:190} INFO - [2025-04-13T20:53:43.182+0000] {dag.py:3239} INFO - Sync 1 DAGs
[2025-04-13T20:53:43.248+0000] {logging_mixin.py:190} INFO - [2025-04-13T20:53:43.248+0000] {dag.py:4180} INFO - Setting next_dagrun for example_short_circuit_decorator to None, run_after=None
[2025-04-13T20:53:43.432+0000] {processor.py:208} INFO - Processing /home/airflow/.local/lib/python3.12/site-packages/airflow/example_dags/example_short_circuit_decorator.py took 0.416 seconds
[2025-04-13T20:54:14.888+0000] {processor.py:186} INFO - Started process (PID=369) to work on /home/airflow/.local/lib/python3.12/site-packages/airflow/example_dags/example_short_circuit_decorator.py
[2025-04-13T20:54:14.892+0000] {processor.py:914} INFO - Processing file /home/airflow/.local/lib/python3.12/site-packages/airflow/example_dags/example_short_circuit_decorator.py for tasks to queue
[2025-04-13T20:54:14.911+0000] {logging_mixin.py:190} INFO - [2025-04-13T20:54:14.902+0000] {dagbag.py:588} INFO - Filling up the DagBag from /home/airflow/.local/lib/python3.12/site-packages/airflow/example_dags/example_short_circuit_decorator.py
[2025-04-13T20:54:14.984+0000] {processor.py:925} INFO - DAG(s) 'example_short_circuit_decorator' retrieved from /home/airflow/.local/lib/python3.12/site-packages/airflow/example_dags/example_short_circuit_decorator.py
[2025-04-13T20:54:15.097+0000] {logging_mixin.py:190} INFO - [2025-04-13T20:54:15.096+0000] {dag.py:3239} INFO - Sync 1 DAGs
[2025-04-13T20:54:15.165+0000] {logging_mixin.py:190} INFO - [2025-04-13T20:54:15.165+0000] {dag.py:4180} INFO - Setting next_dagrun for example_short_circuit_decorator to None, run_after=None
[2025-04-13T20:54:15.277+0000] {processor.py:208} INFO - Processing /home/airflow/.local/lib/python3.12/site-packages/airflow/example_dags/example_short_circuit_decorator.py took 0.411 seconds
[2025-04-13T20:54:46.402+0000] {processor.py:186} INFO - Started process (PID=433) to work on /home/airflow/.local/lib/python3.12/site-packages/airflow/example_dags/example_short_circuit_decorator.py
[2025-04-13T20:54:46.407+0000] {processor.py:914} INFO - Processing file /home/airflow/.local/lib/python3.12/site-packages/airflow/example_dags/example_short_circuit_decorator.py for tasks to queue
[2025-04-13T20:54:46.421+0000] {logging_mixin.py:190} INFO - [2025-04-13T20:54:46.421+0000] {dagbag.py:588} INFO - Filling up the DagBag from /home/airflow/.local/lib/python3.12/site-packages/airflow/example_dags/example_short_circuit_decorator.py
[2025-04-13T20:54:46.445+0000] {processor.py:925} INFO - DAG(s) 'example_short_circuit_decorator' retrieved from /home/airflow/.local/lib/python3.12/site-packages/airflow/example_dags/example_short_circuit_decorator.py
[2025-04-13T20:54:46.499+0000] {logging_mixin.py:190} INFO - [2025-04-13T20:54:46.498+0000] {dag.py:3239} INFO - Sync 1 DAGs
[2025-04-13T20:54:46.542+0000] {logging_mixin.py:190} INFO - [2025-04-13T20:54:46.542+0000] {dag.py:4180} INFO - Setting next_dagrun for example_short_circuit_decorator to None, run_after=None
[2025-04-13T20:54:46.639+0000] {processor.py:208} INFO - Processing /home/airflow/.local/lib/python3.12/site-packages/airflow/example_dags/example_short_circuit_decorator.py took 0.248 seconds
[2025-04-13T20:55:19.807+0000] {processor.py:186} INFO - Started process (PID=502) to work on /home/airflow/.local/lib/python3.12/site-packages/airflow/example_dags/example_short_circuit_decorator.py
[2025-04-13T20:55:19.813+0000] {processor.py:914} INFO - Processing file /home/airflow/.local/lib/python3.12/site-packages/airflow/example_dags/example_short_circuit_decorator.py for tasks to queue
[2025-04-13T20:55:19.821+0000] {logging_mixin.py:190} INFO - [2025-04-13T20:55:19.821+0000] {dagbag.py:588} INFO - Filling up the DagBag from /home/airflow/.local/lib/python3.12/site-packages/airflow/example_dags/example_short_circuit_decorator.py
[2025-04-13T20:55:19.842+0000] {processor.py:925} INFO - DAG(s) 'example_short_circuit_decorator' retrieved from /home/airflow/.local/lib/python3.12/site-packages/airflow/example_dags/example_short_circuit_decorator.py
[2025-04-13T20:55:19.917+0000] {logging_mixin.py:190} INFO - [2025-04-13T20:55:19.916+0000] {dag.py:3239} INFO - Sync 1 DAGs
[2025-04-13T20:55:19.944+0000] {logging_mixin.py:190} INFO - [2025-04-13T20:55:19.943+0000] {dag.py:4180} INFO - Setting next_dagrun for example_short_circuit_decorator to None, run_after=None
[2025-04-13T20:55:19.997+0000] {processor.py:208} INFO - Processing /home/airflow/.local/lib/python3.12/site-packages/airflow/example_dags/example_short_circuit_decorator.py took 0.202 seconds
[2025-04-13T20:55:53.854+0000] {processor.py:186} INFO - Started process (PID=566) to work on /home/airflow/.local/lib/python3.12/site-packages/airflow/example_dags/example_short_circuit_decorator.py
[2025-04-13T20:55:53.858+0000] {processor.py:914} INFO - Processing file /home/airflow/.local/lib/python3.12/site-packages/airflow/example_dags/example_short_circuit_decorator.py for tasks to queue
[2025-04-13T20:55:53.886+0000] {logging_mixin.py:190} INFO - [2025-04-13T20:55:53.872+0000] {dagbag.py:588} INFO - Filling up the DagBag from /home/airflow/.local/lib/python3.12/site-packages/airflow/example_dags/example_short_circuit_decorator.py
[2025-04-13T20:55:53.938+0000] {processor.py:925} INFO - DAG(s) 'example_short_circuit_decorator' retrieved from /home/airflow/.local/lib/python3.12/site-packages/airflow/example_dags/example_short_circuit_decorator.py
[2025-04-13T20:55:54.046+0000] {logging_mixin.py:190} INFO - [2025-04-13T20:55:54.045+0000] {dag.py:3239} INFO - Sync 1 DAGs
[2025-04-13T20:55:54.111+0000] {logging_mixin.py:190} INFO - [2025-04-13T20:55:54.111+0000] {dag.py:4180} INFO - Setting next_dagrun for example_short_circuit_decorator to None, run_after=None
[2025-04-13T20:55:54.345+0000] {processor.py:208} INFO - Processing /home/airflow/.local/lib/python3.12/site-packages/airflow/example_dags/example_short_circuit_decorator.py took 0.535 seconds
[2025-04-13T20:56:24.482+0000] {processor.py:186} INFO - Started process (PID=630) to work on /home/airflow/.local/lib/python3.12/site-packages/airflow/example_dags/example_short_circuit_decorator.py
[2025-04-13T20:56:24.484+0000] {processor.py:914} INFO - Processing file /home/airflow/.local/lib/python3.12/site-packages/airflow/example_dags/example_short_circuit_decorator.py for tasks to queue
[2025-04-13T20:56:24.496+0000] {logging_mixin.py:190} INFO - [2025-04-13T20:56:24.495+0000] {dagbag.py:588} INFO - Filling up the DagBag from /home/airflow/.local/lib/python3.12/site-packages/airflow/example_dags/example_short_circuit_decorator.py
[2025-04-13T20:56:24.534+0000] {processor.py:925} INFO - DAG(s) 'example_short_circuit_decorator' retrieved from /home/airflow/.local/lib/python3.12/site-packages/airflow/example_dags/example_short_circuit_decorator.py
[2025-04-13T20:56:24.614+0000] {logging_mixin.py:190} INFO - [2025-04-13T20:56:24.613+0000] {dag.py:3239} INFO - Sync 1 DAGs
[2025-04-13T20:56:24.650+0000] {logging_mixin.py:190} INFO - [2025-04-13T20:56:24.650+0000] {dag.py:4180} INFO - Setting next_dagrun for example_short_circuit_decorator to None, run_after=None
[2025-04-13T20:56:24.725+0000] {processor.py:208} INFO - Processing /home/airflow/.local/lib/python3.12/site-packages/airflow/example_dags/example_short_circuit_decorator.py took 0.268 seconds
[2025-04-13T20:56:55.800+0000] {processor.py:186} INFO - Started process (PID=693) to work on /home/airflow/.local/lib/python3.12/site-packages/airflow/example_dags/example_short_circuit_decorator.py
[2025-04-13T20:56:55.810+0000] {processor.py:914} INFO - Processing file /home/airflow/.local/lib/python3.12/site-packages/airflow/example_dags/example_short_circuit_decorator.py for tasks to queue
[2025-04-13T20:56:55.816+0000] {logging_mixin.py:190} INFO - [2025-04-13T20:56:55.815+0000] {dagbag.py:588} INFO - Filling up the DagBag from /home/airflow/.local/lib/python3.12/site-packages/airflow/example_dags/example_short_circuit_decorator.py
[2025-04-13T20:56:55.859+0000] {processor.py:925} INFO - DAG(s) 'example_short_circuit_decorator' retrieved from /home/airflow/.local/lib/python3.12/site-packages/airflow/example_dags/example_short_circuit_decorator.py
[2025-04-13T20:56:56.019+0000] {logging_mixin.py:190} INFO - [2025-04-13T20:56:56.008+0000] {dag.py:3239} INFO - Sync 1 DAGs
[2025-04-13T20:56:56.080+0000] {logging_mixin.py:190} INFO - [2025-04-13T20:56:56.079+0000] {dag.py:4180} INFO - Setting next_dagrun for example_short_circuit_decorator to None, run_after=None
[2025-04-13T20:56:56.289+0000] {processor.py:208} INFO - Processing /home/airflow/.local/lib/python3.12/site-packages/airflow/example_dags/example_short_circuit_decorator.py took 0.504 seconds
[2025-04-13T20:57:28.302+0000] {processor.py:186} INFO - Started process (PID=757) to work on /home/airflow/.local/lib/python3.12/site-packages/airflow/example_dags/example_short_circuit_decorator.py
[2025-04-13T20:57:28.313+0000] {processor.py:914} INFO - Processing file /home/airflow/.local/lib/python3.12/site-packages/airflow/example_dags/example_short_circuit_decorator.py for tasks to queue
[2025-04-13T20:57:28.316+0000] {logging_mixin.py:190} INFO - [2025-04-13T20:57:28.316+0000] {dagbag.py:588} INFO - Filling up the DagBag from /home/airflow/.local/lib/python3.12/site-packages/airflow/example_dags/example_short_circuit_decorator.py
[2025-04-13T20:57:28.351+0000] {processor.py:925} INFO - DAG(s) 'example_short_circuit_decorator' retrieved from /home/airflow/.local/lib/python3.12/site-packages/airflow/example_dags/example_short_circuit_decorator.py
[2025-04-13T20:57:28.425+0000] {logging_mixin.py:190} INFO - [2025-04-13T20:57:28.425+0000] {dag.py:3239} INFO - Sync 1 DAGs
[2025-04-13T20:57:28.469+0000] {logging_mixin.py:190} INFO - [2025-04-13T20:57:28.461+0000] {dag.py:4180} INFO - Setting next_dagrun for example_short_circuit_decorator to None, run_after=None
[2025-04-13T20:57:28.528+0000] {processor.py:208} INFO - Processing /home/airflow/.local/lib/python3.12/site-packages/airflow/example_dags/example_short_circuit_decorator.py took 0.244 seconds
[2025-04-13T20:58:01.845+0000] {processor.py:186} INFO - Started process (PID=821) to work on /home/airflow/.local/lib/python3.12/site-packages/airflow/example_dags/example_short_circuit_decorator.py
[2025-04-13T20:58:01.853+0000] {processor.py:914} INFO - Processing file /home/airflow/.local/lib/python3.12/site-packages/airflow/example_dags/example_short_circuit_decorator.py for tasks to queue
[2025-04-13T20:58:01.861+0000] {logging_mixin.py:190} INFO - [2025-04-13T20:58:01.859+0000] {dagbag.py:588} INFO - Filling up the DagBag from /home/airflow/.local/lib/python3.12/site-packages/airflow/example_dags/example_short_circuit_decorator.py
[2025-04-13T20:58:01.976+0000] {processor.py:925} INFO - DAG(s) 'example_short_circuit_decorator' retrieved from /home/airflow/.local/lib/python3.12/site-packages/airflow/example_dags/example_short_circuit_decorator.py
[2025-04-13T20:58:02.217+0000] {logging_mixin.py:190} INFO - [2025-04-13T20:58:02.216+0000] {dag.py:3239} INFO - Sync 1 DAGs
[2025-04-13T20:58:02.363+0000] {logging_mixin.py:190} INFO - [2025-04-13T20:58:02.362+0000] {dag.py:4180} INFO - Setting next_dagrun for example_short_circuit_decorator to None, run_after=None
[2025-04-13T20:58:02.526+0000] {processor.py:208} INFO - Processing /home/airflow/.local/lib/python3.12/site-packages/airflow/example_dags/example_short_circuit_decorator.py took 0.705 seconds
[2025-04-13T20:58:32.621+0000] {processor.py:186} INFO - Started process (PID=885) to work on /home/airflow/.local/lib/python3.12/site-packages/airflow/example_dags/example_short_circuit_decorator.py
[2025-04-13T20:58:32.625+0000] {processor.py:914} INFO - Processing file /home/airflow/.local/lib/python3.12/site-packages/airflow/example_dags/example_short_circuit_decorator.py for tasks to queue
[2025-04-13T20:58:32.633+0000] {logging_mixin.py:190} INFO - [2025-04-13T20:58:32.632+0000] {dagbag.py:588} INFO - Filling up the DagBag from /home/airflow/.local/lib/python3.12/site-packages/airflow/example_dags/example_short_circuit_decorator.py
[2025-04-13T20:58:32.663+0000] {processor.py:925} INFO - DAG(s) 'example_short_circuit_decorator' retrieved from /home/airflow/.local/lib/python3.12/site-packages/airflow/example_dags/example_short_circuit_decorator.py
[2025-04-13T20:58:32.724+0000] {logging_mixin.py:190} INFO - [2025-04-13T20:58:32.723+0000] {dag.py:3239} INFO - Sync 1 DAGs
[2025-04-13T20:58:32.769+0000] {logging_mixin.py:190} INFO - [2025-04-13T20:58:32.769+0000] {dag.py:4180} INFO - Setting next_dagrun for example_short_circuit_decorator to None, run_after=None
[2025-04-13T20:58:32.818+0000] {processor.py:208} INFO - Processing /home/airflow/.local/lib/python3.12/site-packages/airflow/example_dags/example_short_circuit_decorator.py took 0.216 seconds
[2025-04-13T20:59:03.806+0000] {processor.py:186} INFO - Started process (PID=948) to work on /home/airflow/.local/lib/python3.12/site-packages/airflow/example_dags/example_short_circuit_decorator.py
[2025-04-13T20:59:03.807+0000] {processor.py:914} INFO - Processing file /home/airflow/.local/lib/python3.12/site-packages/airflow/example_dags/example_short_circuit_decorator.py for tasks to queue
[2025-04-13T20:59:03.812+0000] {logging_mixin.py:190} INFO - [2025-04-13T20:59:03.812+0000] {dagbag.py:588} INFO - Filling up the DagBag from /home/airflow/.local/lib/python3.12/site-packages/airflow/example_dags/example_short_circuit_decorator.py
[2025-04-13T20:59:03.845+0000] {processor.py:925} INFO - DAG(s) 'example_short_circuit_decorator' retrieved from /home/airflow/.local/lib/python3.12/site-packages/airflow/example_dags/example_short_circuit_decorator.py
[2025-04-13T20:59:04.041+0000] {logging_mixin.py:190} INFO - [2025-04-13T20:59:04.040+0000] {dag.py:3239} INFO - Sync 1 DAGs
[2025-04-13T20:59:04.106+0000] {logging_mixin.py:190} INFO - [2025-04-13T20:59:04.105+0000] {dag.py:4180} INFO - Setting next_dagrun for example_short_circuit_decorator to None, run_after=None
[2025-04-13T20:59:04.194+0000] {processor.py:208} INFO - Processing /home/airflow/.local/lib/python3.12/site-packages/airflow/example_dags/example_short_circuit_decorator.py took 0.401 seconds
[2025-04-13T20:59:34.555+0000] {processor.py:186} INFO - Started process (PID=1011) to work on /home/airflow/.local/lib/python3.12/site-packages/airflow/example_dags/example_short_circuit_decorator.py
[2025-04-13T20:59:34.584+0000] {processor.py:914} INFO - Processing file /home/airflow/.local/lib/python3.12/site-packages/airflow/example_dags/example_short_circuit_decorator.py for tasks to queue
[2025-04-13T20:59:34.596+0000] {logging_mixin.py:190} INFO - [2025-04-13T20:59:34.596+0000] {dagbag.py:588} INFO - Filling up the DagBag from /home/airflow/.local/lib/python3.12/site-packages/airflow/example_dags/example_short_circuit_decorator.py
[2025-04-13T20:59:34.651+0000] {processor.py:925} INFO - DAG(s) 'example_short_circuit_decorator' retrieved from /home/airflow/.local/lib/python3.12/site-packages/airflow/example_dags/example_short_circuit_decorator.py
[2025-04-13T20:59:34.716+0000] {logging_mixin.py:190} INFO - [2025-04-13T20:59:34.715+0000] {dag.py:3239} INFO - Sync 1 DAGs
[2025-04-13T20:59:34.753+0000] {logging_mixin.py:190} INFO - [2025-04-13T20:59:34.752+0000] {dag.py:4180} INFO - Setting next_dagrun for example_short_circuit_decorator to None, run_after=None
[2025-04-13T20:59:34.837+0000] {processor.py:208} INFO - Processing /home/airflow/.local/lib/python3.12/site-packages/airflow/example_dags/example_short_circuit_decorator.py took 0.299 seconds
[2025-04-13T21:00:07.283+0000] {processor.py:186} INFO - Started process (PID=1075) to work on /home/airflow/.local/lib/python3.12/site-packages/airflow/example_dags/example_short_circuit_decorator.py
[2025-04-13T21:00:07.285+0000] {processor.py:914} INFO - Processing file /home/airflow/.local/lib/python3.12/site-packages/airflow/example_dags/example_short_circuit_decorator.py for tasks to queue
[2025-04-13T21:00:07.290+0000] {logging_mixin.py:190} INFO - [2025-04-13T21:00:07.289+0000] {dagbag.py:588} INFO - Filling up the DagBag from /home/airflow/.local/lib/python3.12/site-packages/airflow/example_dags/example_short_circuit_decorator.py
[2025-04-13T21:00:07.339+0000] {processor.py:925} INFO - DAG(s) 'example_short_circuit_decorator' retrieved from /home/airflow/.local/lib/python3.12/site-packages/airflow/example_dags/example_short_circuit_decorator.py
[2025-04-13T21:00:07.541+0000] {logging_mixin.py:190} INFO - [2025-04-13T21:00:07.540+0000] {dag.py:3239} INFO - Sync 1 DAGs
[2025-04-13T21:00:07.605+0000] {logging_mixin.py:190} INFO - [2025-04-13T21:00:07.604+0000] {dag.py:4180} INFO - Setting next_dagrun for example_short_circuit_decorator to None, run_after=None
[2025-04-13T21:00:07.698+0000] {processor.py:208} INFO - Processing /home/airflow/.local/lib/python3.12/site-packages/airflow/example_dags/example_short_circuit_decorator.py took 0.426 seconds
[2025-04-13T21:00:38.247+0000] {processor.py:186} INFO - Started process (PID=1139) to work on /home/airflow/.local/lib/python3.12/site-packages/airflow/example_dags/example_short_circuit_decorator.py
[2025-04-13T21:00:38.249+0000] {processor.py:914} INFO - Processing file /home/airflow/.local/lib/python3.12/site-packages/airflow/example_dags/example_short_circuit_decorator.py for tasks to queue
[2025-04-13T21:00:38.257+0000] {logging_mixin.py:190} INFO - [2025-04-13T21:00:38.256+0000] {dagbag.py:588} INFO - Filling up the DagBag from /home/airflow/.local/lib/python3.12/site-packages/airflow/example_dags/example_short_circuit_decorator.py
[2025-04-13T21:00:38.284+0000] {processor.py:925} INFO - DAG(s) 'example_short_circuit_decorator' retrieved from /home/airflow/.local/lib/python3.12/site-packages/airflow/example_dags/example_short_circuit_decorator.py
[2025-04-13T21:00:38.381+0000] {logging_mixin.py:190} INFO - [2025-04-13T21:00:38.381+0000] {dag.py:3239} INFO - Sync 1 DAGs
[2025-04-13T21:00:38.446+0000] {logging_mixin.py:190} INFO - [2025-04-13T21:00:38.445+0000] {dag.py:4180} INFO - Setting next_dagrun for example_short_circuit_decorator to None, run_after=None
[2025-04-13T21:00:38.718+0000] {processor.py:208} INFO - Processing /home/airflow/.local/lib/python3.12/site-packages/airflow/example_dags/example_short_circuit_decorator.py took 0.487 seconds
[2025-04-13T21:01:09.487+0000] {processor.py:186} INFO - Started process (PID=1202) to work on /home/airflow/.local/lib/python3.12/site-packages/airflow/example_dags/example_short_circuit_decorator.py
[2025-04-13T21:01:09.489+0000] {processor.py:914} INFO - Processing file /home/airflow/.local/lib/python3.12/site-packages/airflow/example_dags/example_short_circuit_decorator.py for tasks to queue
[2025-04-13T21:01:09.498+0000] {logging_mixin.py:190} INFO - [2025-04-13T21:01:09.497+0000] {dagbag.py:588} INFO - Filling up the DagBag from /home/airflow/.local/lib/python3.12/site-packages/airflow/example_dags/example_short_circuit_decorator.py
[2025-04-13T21:01:09.528+0000] {processor.py:925} INFO - DAG(s) 'example_short_circuit_decorator' retrieved from /home/airflow/.local/lib/python3.12/site-packages/airflow/example_dags/example_short_circuit_decorator.py
[2025-04-13T21:01:09.648+0000] {logging_mixin.py:190} INFO - [2025-04-13T21:01:09.647+0000] {dag.py:3239} INFO - Sync 1 DAGs
[2025-04-13T21:01:09.715+0000] {logging_mixin.py:190} INFO - [2025-04-13T21:01:09.705+0000] {dag.py:4180} INFO - Setting next_dagrun for example_short_circuit_decorator to None, run_after=None
[2025-04-13T21:01:09.804+0000] {processor.py:208} INFO - Processing /home/airflow/.local/lib/python3.12/site-packages/airflow/example_dags/example_short_circuit_decorator.py took 0.333 seconds
[2025-04-13T21:28:26.789+0000] {processor.py:186} INFO - Started process (PID=204) to work on /home/airflow/.local/lib/python3.12/site-packages/airflow/example_dags/example_short_circuit_decorator.py
[2025-04-13T21:28:26.852+0000] {processor.py:914} INFO - Processing file /home/airflow/.local/lib/python3.12/site-packages/airflow/example_dags/example_short_circuit_decorator.py for tasks to queue
[2025-04-13T21:28:26.858+0000] {logging_mixin.py:190} INFO - [2025-04-13T21:28:26.857+0000] {dagbag.py:588} INFO - Filling up the DagBag from /home/airflow/.local/lib/python3.12/site-packages/airflow/example_dags/example_short_circuit_decorator.py
[2025-04-13T21:28:28.096+0000] {processor.py:925} INFO - DAG(s) 'example_short_circuit_decorator' retrieved from /home/airflow/.local/lib/python3.12/site-packages/airflow/example_dags/example_short_circuit_decorator.py
[2025-04-13T21:28:32.977+0000] {logging_mixin.py:190} INFO - [2025-04-13T21:28:32.976+0000] {dag.py:3239} INFO - Sync 1 DAGs
[2025-04-13T21:28:35.634+0000] {logging_mixin.py:190} INFO - [2025-04-13T21:28:35.634+0000] {dag.py:4180} INFO - Setting next_dagrun for example_short_circuit_decorator to None, run_after=None
[2025-04-13T21:28:38.035+0000] {processor.py:208} INFO - Processing /home/airflow/.local/lib/python3.12/site-packages/airflow/example_dags/example_short_circuit_decorator.py took 11.833 seconds
[2025-04-13T21:33:08.835+0000] {processor.py:186} INFO - Started process (PID=313) to work on /home/airflow/.local/lib/python3.12/site-packages/airflow/example_dags/example_short_circuit_decorator.py
[2025-04-13T21:33:09.045+0000] {processor.py:914} INFO - Processing file /home/airflow/.local/lib/python3.12/site-packages/airflow/example_dags/example_short_circuit_decorator.py for tasks to queue
[2025-04-13T21:33:09.058+0000] {logging_mixin.py:190} INFO - [2025-04-13T21:33:09.058+0000] {dagbag.py:588} INFO - Filling up the DagBag from /home/airflow/.local/lib/python3.12/site-packages/airflow/example_dags/example_short_circuit_decorator.py
[2025-04-13T21:33:09.447+0000] {processor.py:925} INFO - DAG(s) 'example_short_circuit_decorator' retrieved from /home/airflow/.local/lib/python3.12/site-packages/airflow/example_dags/example_short_circuit_decorator.py
[2025-04-13T21:33:11.127+0000] {logging_mixin.py:190} INFO - [2025-04-13T21:33:11.126+0000] {dag.py:3239} INFO - Sync 1 DAGs
[2025-04-13T21:33:11.615+0000] {logging_mixin.py:190} INFO - [2025-04-13T21:33:11.614+0000] {dag.py:4180} INFO - Setting next_dagrun for example_short_circuit_decorator to None, run_after=None
[2025-04-13T21:33:12.398+0000] {processor.py:208} INFO - Processing /home/airflow/.local/lib/python3.12/site-packages/airflow/example_dags/example_short_circuit_decorator.py took 3.871 seconds
[2025-04-13T21:36:36.801+0000] {processor.py:186} INFO - Started process (PID=396) to work on /home/airflow/.local/lib/python3.12/site-packages/airflow/example_dags/example_short_circuit_decorator.py
[2025-04-13T21:36:36.837+0000] {processor.py:914} INFO - Processing file /home/airflow/.local/lib/python3.12/site-packages/airflow/example_dags/example_short_circuit_decorator.py for tasks to queue
[2025-04-13T21:36:36.866+0000] {logging_mixin.py:190} INFO - [2025-04-13T21:36:36.865+0000] {dagbag.py:588} INFO - Filling up the DagBag from /home/airflow/.local/lib/python3.12/site-packages/airflow/example_dags/example_short_circuit_decorator.py
[2025-04-13T21:36:37.566+0000] {processor.py:925} INFO - DAG(s) 'example_short_circuit_decorator' retrieved from /home/airflow/.local/lib/python3.12/site-packages/airflow/example_dags/example_short_circuit_decorator.py
[2025-04-13T21:36:38.245+0000] {logging_mixin.py:190} INFO - [2025-04-13T21:36:38.245+0000] {dag.py:3239} INFO - Sync 1 DAGs
[2025-04-13T21:36:38.700+0000] {logging_mixin.py:190} INFO - [2025-04-13T21:36:38.700+0000] {dag.py:4180} INFO - Setting next_dagrun for example_short_circuit_decorator to None, run_after=None
[2025-04-13T21:36:39.796+0000] {processor.py:208} INFO - Processing /home/airflow/.local/lib/python3.12/site-packages/airflow/example_dags/example_short_circuit_decorator.py took 3.156 seconds
[2025-04-13T21:53:03.014+0000] {processor.py:186} INFO - Started process (PID=182) to work on /home/airflow/.local/lib/python3.12/site-packages/airflow/example_dags/example_short_circuit_decorator.py
[2025-04-13T21:53:03.297+0000] {processor.py:914} INFO - Processing file /home/airflow/.local/lib/python3.12/site-packages/airflow/example_dags/example_short_circuit_decorator.py for tasks to queue
[2025-04-13T21:53:03.456+0000] {logging_mixin.py:190} INFO - [2025-04-13T21:53:03.453+0000] {dagbag.py:588} INFO - Filling up the DagBag from /home/airflow/.local/lib/python3.12/site-packages/airflow/example_dags/example_short_circuit_decorator.py
[2025-04-13T21:53:04.026+0000] {processor.py:925} INFO - DAG(s) 'example_short_circuit_decorator' retrieved from /home/airflow/.local/lib/python3.12/site-packages/airflow/example_dags/example_short_circuit_decorator.py
[2025-04-13T21:53:06.528+0000] {logging_mixin.py:190} INFO - [2025-04-13T21:53:06.494+0000] {dag.py:3239} INFO - Sync 1 DAGs
[2025-04-13T21:53:07.562+0000] {logging_mixin.py:190} INFO - [2025-04-13T21:53:07.562+0000] {dag.py:4180} INFO - Setting next_dagrun for example_short_circuit_decorator to None, run_after=None
[2025-04-13T21:53:08.806+0000] {processor.py:208} INFO - Processing /home/airflow/.local/lib/python3.12/site-packages/airflow/example_dags/example_short_circuit_decorator.py took 6.061 seconds
[2025-04-13T22:31:56.891+0000] {processor.py:186} INFO - Started process (PID=123) to work on /home/airflow/.local/lib/python3.12/site-packages/airflow/example_dags/example_short_circuit_decorator.py
[2025-04-13T22:31:56.895+0000] {processor.py:914} INFO - Processing file /home/airflow/.local/lib/python3.12/site-packages/airflow/example_dags/example_short_circuit_decorator.py for tasks to queue
[2025-04-13T22:31:56.927+0000] {logging_mixin.py:190} INFO - [2025-04-13T22:31:56.926+0000] {dagbag.py:588} INFO - Filling up the DagBag from /home/airflow/.local/lib/python3.12/site-packages/airflow/example_dags/example_short_circuit_decorator.py
[2025-04-13T22:31:56.985+0000] {processor.py:925} INFO - DAG(s) 'example_short_circuit_decorator' retrieved from /home/airflow/.local/lib/python3.12/site-packages/airflow/example_dags/example_short_circuit_decorator.py
[2025-04-13T22:31:57.385+0000] {logging_mixin.py:190} INFO - [2025-04-13T22:31:57.385+0000] {dag.py:3239} INFO - Sync 1 DAGs
[2025-04-13T22:31:57.520+0000] {logging_mixin.py:190} INFO - [2025-04-13T22:31:57.519+0000] {dag.py:4180} INFO - Setting next_dagrun for example_short_circuit_decorator to None, run_after=None
[2025-04-13T22:31:57.668+0000] {processor.py:208} INFO - Processing /home/airflow/.local/lib/python3.12/site-packages/airflow/example_dags/example_short_circuit_decorator.py took 0.800 seconds
[2025-04-13T22:32:37.782+0000] {processor.py:186} INFO - Started process (PID=193) to work on /home/airflow/.local/lib/python3.12/site-packages/airflow/example_dags/example_short_circuit_decorator.py
[2025-04-13T22:32:37.792+0000] {processor.py:914} INFO - Processing file /home/airflow/.local/lib/python3.12/site-packages/airflow/example_dags/example_short_circuit_decorator.py for tasks to queue
[2025-04-13T22:32:37.808+0000] {logging_mixin.py:190} INFO - [2025-04-13T22:32:37.805+0000] {dagbag.py:588} INFO - Filling up the DagBag from /home/airflow/.local/lib/python3.12/site-packages/airflow/example_dags/example_short_circuit_decorator.py
[2025-04-13T22:32:37.849+0000] {processor.py:925} INFO - DAG(s) 'example_short_circuit_decorator' retrieved from /home/airflow/.local/lib/python3.12/site-packages/airflow/example_dags/example_short_circuit_decorator.py
[2025-04-13T22:32:37.950+0000] {logging_mixin.py:190} INFO - [2025-04-13T22:32:37.949+0000] {dag.py:3239} INFO - Sync 1 DAGs
[2025-04-13T22:32:38.024+0000] {logging_mixin.py:190} INFO - [2025-04-13T22:32:38.020+0000] {dag.py:4180} INFO - Setting next_dagrun for example_short_circuit_decorator to None, run_after=None
[2025-04-13T22:32:38.127+0000] {processor.py:208} INFO - Processing /home/airflow/.local/lib/python3.12/site-packages/airflow/example_dags/example_short_circuit_decorator.py took 0.367 seconds
[2025-04-13T22:33:12.992+0000] {processor.py:186} INFO - Started process (PID=257) to work on /home/airflow/.local/lib/python3.12/site-packages/airflow/example_dags/example_short_circuit_decorator.py
[2025-04-13T22:33:12.995+0000] {processor.py:914} INFO - Processing file /home/airflow/.local/lib/python3.12/site-packages/airflow/example_dags/example_short_circuit_decorator.py for tasks to queue
[2025-04-13T22:33:13.003+0000] {logging_mixin.py:190} INFO - [2025-04-13T22:33:13.002+0000] {dagbag.py:588} INFO - Filling up the DagBag from /home/airflow/.local/lib/python3.12/site-packages/airflow/example_dags/example_short_circuit_decorator.py
[2025-04-13T22:33:13.032+0000] {processor.py:925} INFO - DAG(s) 'example_short_circuit_decorator' retrieved from /home/airflow/.local/lib/python3.12/site-packages/airflow/example_dags/example_short_circuit_decorator.py
[2025-04-13T22:33:13.182+0000] {logging_mixin.py:190} INFO - [2025-04-13T22:33:13.181+0000] {dag.py:3239} INFO - Sync 1 DAGs
[2025-04-13T22:33:13.318+0000] {logging_mixin.py:190} INFO - [2025-04-13T22:33:13.317+0000] {dag.py:4180} INFO - Setting next_dagrun for example_short_circuit_decorator to None, run_after=None
[2025-04-13T22:33:13.457+0000] {processor.py:208} INFO - Processing /home/airflow/.local/lib/python3.12/site-packages/airflow/example_dags/example_short_circuit_decorator.py took 0.496 seconds
[2025-04-13T22:33:46.325+0000] {processor.py:186} INFO - Started process (PID=321) to work on /home/airflow/.local/lib/python3.12/site-packages/airflow/example_dags/example_short_circuit_decorator.py
[2025-04-13T22:33:46.327+0000] {processor.py:914} INFO - Processing file /home/airflow/.local/lib/python3.12/site-packages/airflow/example_dags/example_short_circuit_decorator.py for tasks to queue
[2025-04-13T22:33:46.343+0000] {logging_mixin.py:190} INFO - [2025-04-13T22:33:46.342+0000] {dagbag.py:588} INFO - Filling up the DagBag from /home/airflow/.local/lib/python3.12/site-packages/airflow/example_dags/example_short_circuit_decorator.py
[2025-04-13T22:33:46.364+0000] {processor.py:925} INFO - DAG(s) 'example_short_circuit_decorator' retrieved from /home/airflow/.local/lib/python3.12/site-packages/airflow/example_dags/example_short_circuit_decorator.py
[2025-04-13T22:33:46.427+0000] {logging_mixin.py:190} INFO - [2025-04-13T22:33:46.427+0000] {dag.py:3239} INFO - Sync 1 DAGs
[2025-04-13T22:33:46.467+0000] {logging_mixin.py:190} INFO - [2025-04-13T22:33:46.467+0000] {dag.py:4180} INFO - Setting next_dagrun for example_short_circuit_decorator to None, run_after=None
[2025-04-13T22:33:46.523+0000] {processor.py:208} INFO - Processing /home/airflow/.local/lib/python3.12/site-packages/airflow/example_dags/example_short_circuit_decorator.py took 0.211 seconds
[2025-04-13T22:34:24.652+0000] {processor.py:186} INFO - Started process (PID=385) to work on /home/airflow/.local/lib/python3.12/site-packages/airflow/example_dags/example_short_circuit_decorator.py
[2025-04-13T22:34:24.669+0000] {processor.py:914} INFO - Processing file /home/airflow/.local/lib/python3.12/site-packages/airflow/example_dags/example_short_circuit_decorator.py for tasks to queue
[2025-04-13T22:34:24.675+0000] {logging_mixin.py:190} INFO - [2025-04-13T22:34:24.674+0000] {dagbag.py:588} INFO - Filling up the DagBag from /home/airflow/.local/lib/python3.12/site-packages/airflow/example_dags/example_short_circuit_decorator.py
[2025-04-13T22:34:24.765+0000] {processor.py:925} INFO - DAG(s) 'example_short_circuit_decorator' retrieved from /home/airflow/.local/lib/python3.12/site-packages/airflow/example_dags/example_short_circuit_decorator.py
[2025-04-13T22:34:25.008+0000] {logging_mixin.py:190} INFO - [2025-04-13T22:34:25.007+0000] {dag.py:3239} INFO - Sync 1 DAGs
[2025-04-13T22:34:25.114+0000] {logging_mixin.py:190} INFO - [2025-04-13T22:34:25.114+0000] {dag.py:4180} INFO - Setting next_dagrun for example_short_circuit_decorator to None, run_after=None
[2025-04-13T22:34:25.258+0000] {processor.py:208} INFO - Processing /home/airflow/.local/lib/python3.12/site-packages/airflow/example_dags/example_short_circuit_decorator.py took 0.668 seconds
[2025-04-13T22:35:05.385+0000] {processor.py:186} INFO - Started process (PID=455) to work on /home/airflow/.local/lib/python3.12/site-packages/airflow/example_dags/example_short_circuit_decorator.py
[2025-04-13T22:35:05.397+0000] {processor.py:914} INFO - Processing file /home/airflow/.local/lib/python3.12/site-packages/airflow/example_dags/example_short_circuit_decorator.py for tasks to queue
[2025-04-13T22:35:05.464+0000] {logging_mixin.py:190} INFO - [2025-04-13T22:35:05.463+0000] {dagbag.py:588} INFO - Filling up the DagBag from /home/airflow/.local/lib/python3.12/site-packages/airflow/example_dags/example_short_circuit_decorator.py
[2025-04-13T22:35:05.698+0000] {processor.py:925} INFO - DAG(s) 'example_short_circuit_decorator' retrieved from /home/airflow/.local/lib/python3.12/site-packages/airflow/example_dags/example_short_circuit_decorator.py
[2025-04-13T22:35:05.913+0000] {logging_mixin.py:190} INFO - [2025-04-13T22:35:05.913+0000] {dag.py:3239} INFO - Sync 1 DAGs
[2025-04-13T22:35:06.060+0000] {logging_mixin.py:190} INFO - [2025-04-13T22:35:06.060+0000] {dag.py:4180} INFO - Setting next_dagrun for example_short_circuit_decorator to None, run_after=None
[2025-04-13T22:35:06.262+0000] {processor.py:208} INFO - Processing /home/airflow/.local/lib/python3.12/site-packages/airflow/example_dags/example_short_circuit_decorator.py took 0.895 seconds
[2025-04-13T22:35:48.834+0000] {processor.py:186} INFO - Started process (PID=525) to work on /home/airflow/.local/lib/python3.12/site-packages/airflow/example_dags/example_short_circuit_decorator.py
[2025-04-13T22:35:48.841+0000] {processor.py:914} INFO - Processing file /home/airflow/.local/lib/python3.12/site-packages/airflow/example_dags/example_short_circuit_decorator.py for tasks to queue
[2025-04-13T22:35:48.849+0000] {logging_mixin.py:190} INFO - [2025-04-13T22:35:48.848+0000] {dagbag.py:588} INFO - Filling up the DagBag from /home/airflow/.local/lib/python3.12/site-packages/airflow/example_dags/example_short_circuit_decorator.py
[2025-04-13T22:35:48.885+0000] {processor.py:925} INFO - DAG(s) 'example_short_circuit_decorator' retrieved from /home/airflow/.local/lib/python3.12/site-packages/airflow/example_dags/example_short_circuit_decorator.py
[2025-04-13T22:35:49.018+0000] {logging_mixin.py:190} INFO - [2025-04-13T22:35:49.017+0000] {dag.py:3239} INFO - Sync 1 DAGs
[2025-04-13T22:35:49.100+0000] {logging_mixin.py:190} INFO - [2025-04-13T22:35:49.100+0000] {dag.py:4180} INFO - Setting next_dagrun for example_short_circuit_decorator to None, run_after=None
[2025-04-13T22:35:49.228+0000] {processor.py:208} INFO - Processing /home/airflow/.local/lib/python3.12/site-packages/airflow/example_dags/example_short_circuit_decorator.py took 0.422 seconds
[2025-04-13T22:36:29.397+0000] {processor.py:186} INFO - Started process (PID=595) to work on /home/airflow/.local/lib/python3.12/site-packages/airflow/example_dags/example_short_circuit_decorator.py
[2025-04-13T22:36:29.403+0000] {processor.py:914} INFO - Processing file /home/airflow/.local/lib/python3.12/site-packages/airflow/example_dags/example_short_circuit_decorator.py for tasks to queue
[2025-04-13T22:36:29.415+0000] {logging_mixin.py:190} INFO - [2025-04-13T22:36:29.412+0000] {dagbag.py:588} INFO - Filling up the DagBag from /home/airflow/.local/lib/python3.12/site-packages/airflow/example_dags/example_short_circuit_decorator.py
[2025-04-13T22:36:29.504+0000] {processor.py:925} INFO - DAG(s) 'example_short_circuit_decorator' retrieved from /home/airflow/.local/lib/python3.12/site-packages/airflow/example_dags/example_short_circuit_decorator.py
[2025-04-13T22:36:29.665+0000] {logging_mixin.py:190} INFO - [2025-04-13T22:36:29.664+0000] {dag.py:3239} INFO - Sync 1 DAGs
[2025-04-13T22:36:29.775+0000] {logging_mixin.py:190} INFO - [2025-04-13T22:36:29.775+0000] {dag.py:4180} INFO - Setting next_dagrun for example_short_circuit_decorator to None, run_after=None
[2025-04-13T22:36:29.876+0000] {processor.py:208} INFO - Processing /home/airflow/.local/lib/python3.12/site-packages/airflow/example_dags/example_short_circuit_decorator.py took 0.513 seconds
[2025-04-13T22:37:16.236+0000] {processor.py:186} INFO - Started process (PID=669) to work on /home/airflow/.local/lib/python3.12/site-packages/airflow/example_dags/example_short_circuit_decorator.py
[2025-04-13T22:37:16.253+0000] {processor.py:914} INFO - Processing file /home/airflow/.local/lib/python3.12/site-packages/airflow/example_dags/example_short_circuit_decorator.py for tasks to queue
[2025-04-13T22:37:16.260+0000] {logging_mixin.py:190} INFO - [2025-04-13T22:37:16.259+0000] {dagbag.py:588} INFO - Filling up the DagBag from /home/airflow/.local/lib/python3.12/site-packages/airflow/example_dags/example_short_circuit_decorator.py
[2025-04-13T22:37:16.342+0000] {processor.py:925} INFO - DAG(s) 'example_short_circuit_decorator' retrieved from /home/airflow/.local/lib/python3.12/site-packages/airflow/example_dags/example_short_circuit_decorator.py
[2025-04-13T22:37:16.528+0000] {logging_mixin.py:190} INFO - [2025-04-13T22:37:16.527+0000] {dag.py:3239} INFO - Sync 1 DAGs
[2025-04-13T22:37:16.628+0000] {logging_mixin.py:190} INFO - [2025-04-13T22:37:16.624+0000] {dag.py:4180} INFO - Setting next_dagrun for example_short_circuit_decorator to None, run_after=None
[2025-04-13T22:37:16.817+0000] {processor.py:208} INFO - Processing /home/airflow/.local/lib/python3.12/site-packages/airflow/example_dags/example_short_circuit_decorator.py took 0.610 seconds
[2025-04-13T22:38:00.156+0000] {processor.py:186} INFO - Started process (PID=733) to work on /home/airflow/.local/lib/python3.12/site-packages/airflow/example_dags/example_short_circuit_decorator.py
[2025-04-13T22:38:00.169+0000] {processor.py:914} INFO - Processing file /home/airflow/.local/lib/python3.12/site-packages/airflow/example_dags/example_short_circuit_decorator.py for tasks to queue
[2025-04-13T22:38:00.210+0000] {logging_mixin.py:190} INFO - [2025-04-13T22:38:00.210+0000] {dagbag.py:588} INFO - Filling up the DagBag from /home/airflow/.local/lib/python3.12/site-packages/airflow/example_dags/example_short_circuit_decorator.py
[2025-04-13T22:38:00.291+0000] {processor.py:925} INFO - DAG(s) 'example_short_circuit_decorator' retrieved from /home/airflow/.local/lib/python3.12/site-packages/airflow/example_dags/example_short_circuit_decorator.py
[2025-04-13T22:38:00.477+0000] {logging_mixin.py:190} INFO - [2025-04-13T22:38:00.477+0000] {dag.py:3239} INFO - Sync 1 DAGs
[2025-04-13T22:38:00.571+0000] {logging_mixin.py:190} INFO - [2025-04-13T22:38:00.570+0000] {dag.py:4180} INFO - Setting next_dagrun for example_short_circuit_decorator to None, run_after=None
[2025-04-13T22:38:00.747+0000] {processor.py:208} INFO - Processing /home/airflow/.local/lib/python3.12/site-packages/airflow/example_dags/example_short_circuit_decorator.py took 0.605 seconds
[2025-04-13T22:38:40.569+0000] {processor.py:186} INFO - Started process (PID=803) to work on /home/airflow/.local/lib/python3.12/site-packages/airflow/example_dags/example_short_circuit_decorator.py
[2025-04-13T22:38:40.572+0000] {processor.py:914} INFO - Processing file /home/airflow/.local/lib/python3.12/site-packages/airflow/example_dags/example_short_circuit_decorator.py for tasks to queue
[2025-04-13T22:38:40.620+0000] {logging_mixin.py:190} INFO - [2025-04-13T22:38:40.619+0000] {dagbag.py:588} INFO - Filling up the DagBag from /home/airflow/.local/lib/python3.12/site-packages/airflow/example_dags/example_short_circuit_decorator.py
[2025-04-13T22:38:40.718+0000] {processor.py:925} INFO - DAG(s) 'example_short_circuit_decorator' retrieved from /home/airflow/.local/lib/python3.12/site-packages/airflow/example_dags/example_short_circuit_decorator.py
[2025-04-13T22:38:40.849+0000] {logging_mixin.py:190} INFO - [2025-04-13T22:38:40.848+0000] {dag.py:3239} INFO - Sync 1 DAGs
[2025-04-13T22:38:40.891+0000] {logging_mixin.py:190} INFO - [2025-04-13T22:38:40.890+0000] {dag.py:4180} INFO - Setting next_dagrun for example_short_circuit_decorator to None, run_after=None
[2025-04-13T22:38:40.957+0000] {processor.py:208} INFO - Processing /home/airflow/.local/lib/python3.12/site-packages/airflow/example_dags/example_short_circuit_decorator.py took 0.401 seconds
[2025-04-13T22:39:19.960+0000] {processor.py:186} INFO - Started process (PID=868) to work on /home/airflow/.local/lib/python3.12/site-packages/airflow/example_dags/example_short_circuit_decorator.py
[2025-04-13T22:39:19.966+0000] {processor.py:914} INFO - Processing file /home/airflow/.local/lib/python3.12/site-packages/airflow/example_dags/example_short_circuit_decorator.py for tasks to queue
[2025-04-13T22:39:19.989+0000] {logging_mixin.py:190} INFO - [2025-04-13T22:39:19.977+0000] {dagbag.py:588} INFO - Filling up the DagBag from /home/airflow/.local/lib/python3.12/site-packages/airflow/example_dags/example_short_circuit_decorator.py
[2025-04-13T22:39:20.124+0000] {processor.py:925} INFO - DAG(s) 'example_short_circuit_decorator' retrieved from /home/airflow/.local/lib/python3.12/site-packages/airflow/example_dags/example_short_circuit_decorator.py
[2025-04-13T22:39:20.351+0000] {logging_mixin.py:190} INFO - [2025-04-13T22:39:20.351+0000] {dag.py:3239} INFO - Sync 1 DAGs
[2025-04-13T22:39:20.624+0000] {logging_mixin.py:190} INFO - [2025-04-13T22:39:20.624+0000] {dag.py:4180} INFO - Setting next_dagrun for example_short_circuit_decorator to None, run_after=None
[2025-04-13T22:39:20.740+0000] {processor.py:208} INFO - Processing /home/airflow/.local/lib/python3.12/site-packages/airflow/example_dags/example_short_circuit_decorator.py took 0.826 seconds
[2025-04-13T22:40:47.770+0000] {processor.py:186} INFO - Started process (PID=947) to work on /home/airflow/.local/lib/python3.12/site-packages/airflow/example_dags/example_short_circuit_decorator.py
[2025-04-13T22:40:47.782+0000] {processor.py:914} INFO - Processing file /home/airflow/.local/lib/python3.12/site-packages/airflow/example_dags/example_short_circuit_decorator.py for tasks to queue
[2025-04-13T22:40:47.830+0000] {logging_mixin.py:190} INFO - [2025-04-13T22:40:47.819+0000] {dagbag.py:588} INFO - Filling up the DagBag from /home/airflow/.local/lib/python3.12/site-packages/airflow/example_dags/example_short_circuit_decorator.py
[2025-04-13T22:40:47.886+0000] {processor.py:925} INFO - DAG(s) 'example_short_circuit_decorator' retrieved from /home/airflow/.local/lib/python3.12/site-packages/airflow/example_dags/example_short_circuit_decorator.py
[2025-04-13T22:40:48.058+0000] {logging_mixin.py:190} INFO - [2025-04-13T22:40:48.057+0000] {dag.py:3239} INFO - Sync 1 DAGs
[2025-04-13T22:40:48.136+0000] {logging_mixin.py:190} INFO - [2025-04-13T22:40:48.123+0000] {dag.py:4180} INFO - Setting next_dagrun for example_short_circuit_decorator to None, run_after=None
[2025-04-13T22:40:48.940+0000] {processor.py:208} INFO - Processing /home/airflow/.local/lib/python3.12/site-packages/airflow/example_dags/example_short_circuit_decorator.py took 1.239 seconds
[2025-04-13T22:42:05.883+0000] {processor.py:186} INFO - Started process (PID=1011) to work on /home/airflow/.local/lib/python3.12/site-packages/airflow/example_dags/example_short_circuit_decorator.py
[2025-04-13T22:42:05.928+0000] {processor.py:914} INFO - Processing file /home/airflow/.local/lib/python3.12/site-packages/airflow/example_dags/example_short_circuit_decorator.py for tasks to queue
[2025-04-13T22:42:06.013+0000] {logging_mixin.py:190} INFO - [2025-04-13T22:42:06.012+0000] {dagbag.py:588} INFO - Filling up the DagBag from /home/airflow/.local/lib/python3.12/site-packages/airflow/example_dags/example_short_circuit_decorator.py
[2025-04-13T22:42:06.068+0000] {processor.py:925} INFO - DAG(s) 'example_short_circuit_decorator' retrieved from /home/airflow/.local/lib/python3.12/site-packages/airflow/example_dags/example_short_circuit_decorator.py
[2025-04-13T22:42:06.422+0000] {logging_mixin.py:190} INFO - [2025-04-13T22:42:06.419+0000] {dag.py:3239} INFO - Sync 1 DAGs
[2025-04-13T22:42:06.514+0000] {logging_mixin.py:190} INFO - [2025-04-13T22:42:06.513+0000] {dag.py:4180} INFO - Setting next_dagrun for example_short_circuit_decorator to None, run_after=None
[2025-04-13T22:42:06.602+0000] {processor.py:208} INFO - Processing /home/airflow/.local/lib/python3.12/site-packages/airflow/example_dags/example_short_circuit_decorator.py took 0.784 seconds
[2025-04-13T22:42:42.673+0000] {processor.py:186} INFO - Started process (PID=1081) to work on /home/airflow/.local/lib/python3.12/site-packages/airflow/example_dags/example_short_circuit_decorator.py
[2025-04-13T22:42:42.676+0000] {processor.py:914} INFO - Processing file /home/airflow/.local/lib/python3.12/site-packages/airflow/example_dags/example_short_circuit_decorator.py for tasks to queue
[2025-04-13T22:42:42.698+0000] {logging_mixin.py:190} INFO - [2025-04-13T22:42:42.695+0000] {dagbag.py:588} INFO - Filling up the DagBag from /home/airflow/.local/lib/python3.12/site-packages/airflow/example_dags/example_short_circuit_decorator.py
[2025-04-13T22:42:42.794+0000] {processor.py:925} INFO - DAG(s) 'example_short_circuit_decorator' retrieved from /home/airflow/.local/lib/python3.12/site-packages/airflow/example_dags/example_short_circuit_decorator.py
[2025-04-13T22:42:42.901+0000] {logging_mixin.py:190} INFO - [2025-04-13T22:42:42.900+0000] {dag.py:3239} INFO - Sync 1 DAGs
[2025-04-13T22:42:42.962+0000] {logging_mixin.py:190} INFO - [2025-04-13T22:42:42.961+0000] {dag.py:4180} INFO - Setting next_dagrun for example_short_circuit_decorator to None, run_after=None
[2025-04-13T22:42:43.030+0000] {processor.py:208} INFO - Processing /home/airflow/.local/lib/python3.12/site-packages/airflow/example_dags/example_short_circuit_decorator.py took 0.373 seconds
[2025-04-13T22:44:03.946+0000] {processor.py:186} INFO - Started process (PID=1155) to work on /home/airflow/.local/lib/python3.12/site-packages/airflow/example_dags/example_short_circuit_decorator.py
[2025-04-13T22:44:03.969+0000] {processor.py:914} INFO - Processing file /home/airflow/.local/lib/python3.12/site-packages/airflow/example_dags/example_short_circuit_decorator.py for tasks to queue
[2025-04-13T22:44:03.999+0000] {logging_mixin.py:190} INFO - [2025-04-13T22:44:03.998+0000] {dagbag.py:588} INFO - Filling up the DagBag from /home/airflow/.local/lib/python3.12/site-packages/airflow/example_dags/example_short_circuit_decorator.py
[2025-04-13T22:44:04.187+0000] {processor.py:925} INFO - DAG(s) 'example_short_circuit_decorator' retrieved from /home/airflow/.local/lib/python3.12/site-packages/airflow/example_dags/example_short_circuit_decorator.py
[2025-04-13T22:44:04.580+0000] {logging_mixin.py:190} INFO - [2025-04-13T22:44:04.576+0000] {dag.py:3239} INFO - Sync 1 DAGs
[2025-04-13T22:44:04.789+0000] {logging_mixin.py:190} INFO - [2025-04-13T22:44:04.788+0000] {dag.py:4180} INFO - Setting next_dagrun for example_short_circuit_decorator to None, run_after=None
[2025-04-13T22:44:05.509+0000] {processor.py:208} INFO - Processing /home/airflow/.local/lib/python3.12/site-packages/airflow/example_dags/example_short_circuit_decorator.py took 1.598 seconds
[2025-04-13T22:45:16.330+0000] {processor.py:186} INFO - Started process (PID=1232) to work on /home/airflow/.local/lib/python3.12/site-packages/airflow/example_dags/example_short_circuit_decorator.py
[2025-04-13T22:45:16.343+0000] {processor.py:914} INFO - Processing file /home/airflow/.local/lib/python3.12/site-packages/airflow/example_dags/example_short_circuit_decorator.py for tasks to queue
[2025-04-13T22:45:16.357+0000] {logging_mixin.py:190} INFO - [2025-04-13T22:45:16.356+0000] {dagbag.py:588} INFO - Filling up the DagBag from /home/airflow/.local/lib/python3.12/site-packages/airflow/example_dags/example_short_circuit_decorator.py
[2025-04-13T22:45:16.439+0000] {processor.py:925} INFO - DAG(s) 'example_short_circuit_decorator' retrieved from /home/airflow/.local/lib/python3.12/site-packages/airflow/example_dags/example_short_circuit_decorator.py
[2025-04-13T22:45:16.640+0000] {logging_mixin.py:190} INFO - [2025-04-13T22:45:16.639+0000] {dag.py:3239} INFO - Sync 1 DAGs
[2025-04-13T22:45:16.756+0000] {logging_mixin.py:190} INFO - [2025-04-13T22:45:16.755+0000] {dag.py:4180} INFO - Setting next_dagrun for example_short_circuit_decorator to None, run_after=None
[2025-04-13T22:45:17.156+0000] {processor.py:208} INFO - Processing /home/airflow/.local/lib/python3.12/site-packages/airflow/example_dags/example_short_circuit_decorator.py took 0.859 seconds
