[2025-04-13T16:49:05.110+0000] {processor.py:186} INFO - Started process (PID=119) to work on /home/airflow/.local/lib/python3.12/site-packages/airflow/example_dags/example_dag_decorator.py
[2025-04-13T16:49:05.112+0000] {processor.py:914} INFO - Processing file /home/airflow/.local/lib/python3.12/site-packages/airflow/example_dags/example_dag_decorator.py for tasks to queue
[2025-04-13T16:49:05.119+0000] {logging_mixin.py:190} INFO - [2025-04-13T16:49:05.118+0000] {dagbag.py:588} INFO - Filling up the DagBag from /home/airflow/.local/lib/python3.12/site-packages/airflow/example_dags/example_dag_decorator.py
[2025-04-13T16:49:07.513+0000] {processor.py:925} INFO - DAG(s) 'example_dag_decorator' retrieved from /home/airflow/.local/lib/python3.12/site-packages/airflow/example_dags/example_dag_decorator.py
[2025-04-13T16:49:07.970+0000] {logging_mixin.py:190} INFO - [2025-04-13T16:49:07.968+0000] {override.py:1912} INFO - Created Permission View: can read on DAG:example_dag_decorator
[2025-04-13T16:49:08.038+0000] {logging_mixin.py:190} INFO - [2025-04-13T16:49:08.032+0000] {override.py:1912} INFO - Created Permission View: can edit on DAG:example_dag_decorator
[2025-04-13T16:49:08.070+0000] {logging_mixin.py:190} INFO - [2025-04-13T16:49:08.069+0000] {override.py:1912} INFO - Created Permission View: can delete on DAG:example_dag_decorator
[2025-04-13T16:49:08.090+0000] {logging_mixin.py:190} INFO - [2025-04-13T16:49:08.089+0000] {override.py:1912} INFO - Created Permission View: can read on DAG Run:example_dag_decorator
[2025-04-13T16:49:08.111+0000] {logging_mixin.py:190} INFO - [2025-04-13T16:49:08.111+0000] {override.py:1912} INFO - Created Permission View: menu access on DAG Run:example_dag_decorator
[2025-04-13T16:49:08.125+0000] {logging_mixin.py:190} INFO - [2025-04-13T16:49:08.124+0000] {override.py:1912} INFO - Created Permission View: can create on DAG Run:example_dag_decorator
[2025-04-13T16:49:08.137+0000] {logging_mixin.py:190} INFO - [2025-04-13T16:49:08.137+0000] {override.py:1912} INFO - Created Permission View: can delete on DAG Run:example_dag_decorator
[2025-04-13T16:49:08.138+0000] {logging_mixin.py:190} INFO - [2025-04-13T16:49:08.138+0000] {dag.py:3239} INFO - Sync 1 DAGs
[2025-04-13T16:49:08.207+0000] {logging_mixin.py:190} INFO - [2025-04-13T16:49:08.207+0000] {dag.py:3262} INFO - Creating ORM DAG for example_dag_decorator
[2025-04-13T16:49:08.210+0000] {logging_mixin.py:190} INFO - [2025-04-13T16:49:08.209+0000] {dag.py:4180} INFO - Setting next_dagrun for example_dag_decorator to None, run_after=None
[2025-04-13T16:49:08.269+0000] {processor.py:208} INFO - Processing /home/airflow/.local/lib/python3.12/site-packages/airflow/example_dags/example_dag_decorator.py took 3.201 seconds
[2025-04-13T16:50:48.393+0000] {processor.py:186} INFO - Started process (PID=201) to work on /home/airflow/.local/lib/python3.12/site-packages/airflow/example_dags/example_dag_decorator.py
[2025-04-13T16:50:48.403+0000] {processor.py:914} INFO - Processing file /home/airflow/.local/lib/python3.12/site-packages/airflow/example_dags/example_dag_decorator.py for tasks to queue
[2025-04-13T16:50:48.438+0000] {logging_mixin.py:190} INFO - [2025-04-13T16:50:48.438+0000] {dagbag.py:588} INFO - Filling up the DagBag from /home/airflow/.local/lib/python3.12/site-packages/airflow/example_dags/example_dag_decorator.py
[2025-04-13T16:50:49.716+0000] {processor.py:925} INFO - DAG(s) 'example_dag_decorator' retrieved from /home/airflow/.local/lib/python3.12/site-packages/airflow/example_dags/example_dag_decorator.py
[2025-04-13T16:50:50.502+0000] {logging_mixin.py:190} INFO - [2025-04-13T16:50:50.501+0000] {dag.py:3239} INFO - Sync 1 DAGs
[2025-04-13T16:50:50.646+0000] {logging_mixin.py:190} INFO - [2025-04-13T16:50:50.644+0000] {dag.py:4180} INFO - Setting next_dagrun for example_dag_decorator to None, run_after=None
[2025-04-13T16:50:50.768+0000] {processor.py:208} INFO - Processing /home/airflow/.local/lib/python3.12/site-packages/airflow/example_dags/example_dag_decorator.py took 2.424 seconds
[2025-04-13T16:51:27.738+0000] {processor.py:186} INFO - Started process (PID=265) to work on /home/airflow/.local/lib/python3.12/site-packages/airflow/example_dags/example_dag_decorator.py
[2025-04-13T16:51:27.744+0000] {processor.py:914} INFO - Processing file /home/airflow/.local/lib/python3.12/site-packages/airflow/example_dags/example_dag_decorator.py for tasks to queue
[2025-04-13T16:51:27.766+0000] {logging_mixin.py:190} INFO - [2025-04-13T16:51:27.766+0000] {dagbag.py:588} INFO - Filling up the DagBag from /home/airflow/.local/lib/python3.12/site-packages/airflow/example_dags/example_dag_decorator.py
[2025-04-13T16:51:28.427+0000] {processor.py:925} INFO - DAG(s) 'example_dag_decorator' retrieved from /home/airflow/.local/lib/python3.12/site-packages/airflow/example_dags/example_dag_decorator.py
[2025-04-13T16:51:29.172+0000] {logging_mixin.py:190} INFO - [2025-04-13T16:51:29.171+0000] {dag.py:3239} INFO - Sync 1 DAGs
[2025-04-13T16:51:29.341+0000] {logging_mixin.py:190} INFO - [2025-04-13T16:51:29.340+0000] {dag.py:4180} INFO - Setting next_dagrun for example_dag_decorator to None, run_after=None
[2025-04-13T16:51:29.450+0000] {processor.py:208} INFO - Processing /home/airflow/.local/lib/python3.12/site-packages/airflow/example_dags/example_dag_decorator.py took 1.815 seconds
[2025-04-13T16:52:00.373+0000] {processor.py:186} INFO - Started process (PID=329) to work on /home/airflow/.local/lib/python3.12/site-packages/airflow/example_dags/example_dag_decorator.py
[2025-04-13T16:52:00.396+0000] {processor.py:914} INFO - Processing file /home/airflow/.local/lib/python3.12/site-packages/airflow/example_dags/example_dag_decorator.py for tasks to queue
[2025-04-13T16:52:00.441+0000] {logging_mixin.py:190} INFO - [2025-04-13T16:52:00.439+0000] {dagbag.py:588} INFO - Filling up the DagBag from /home/airflow/.local/lib/python3.12/site-packages/airflow/example_dags/example_dag_decorator.py
[2025-04-13T16:52:00.859+0000] {processor.py:925} INFO - DAG(s) 'example_dag_decorator' retrieved from /home/airflow/.local/lib/python3.12/site-packages/airflow/example_dags/example_dag_decorator.py
[2025-04-13T16:52:01.482+0000] {logging_mixin.py:190} INFO - [2025-04-13T16:52:01.481+0000] {dag.py:3239} INFO - Sync 1 DAGs
[2025-04-13T16:52:01.543+0000] {logging_mixin.py:190} INFO - [2025-04-13T16:52:01.543+0000] {dag.py:4180} INFO - Setting next_dagrun for example_dag_decorator to None, run_after=None
[2025-04-13T16:52:01.632+0000] {processor.py:208} INFO - Processing /home/airflow/.local/lib/python3.12/site-packages/airflow/example_dags/example_dag_decorator.py took 1.349 seconds
[2025-04-13T16:52:32.275+0000] {processor.py:186} INFO - Started process (PID=394) to work on /home/airflow/.local/lib/python3.12/site-packages/airflow/example_dags/example_dag_decorator.py
[2025-04-13T16:52:32.279+0000] {processor.py:914} INFO - Processing file /home/airflow/.local/lib/python3.12/site-packages/airflow/example_dags/example_dag_decorator.py for tasks to queue
[2025-04-13T16:52:32.286+0000] {logging_mixin.py:190} INFO - [2025-04-13T16:52:32.285+0000] {dagbag.py:588} INFO - Filling up the DagBag from /home/airflow/.local/lib/python3.12/site-packages/airflow/example_dags/example_dag_decorator.py
[2025-04-13T16:52:32.661+0000] {processor.py:925} INFO - DAG(s) 'example_dag_decorator' retrieved from /home/airflow/.local/lib/python3.12/site-packages/airflow/example_dags/example_dag_decorator.py
[2025-04-13T16:52:32.975+0000] {logging_mixin.py:190} INFO - [2025-04-13T16:52:32.975+0000] {dag.py:3239} INFO - Sync 1 DAGs
[2025-04-13T16:52:33.017+0000] {logging_mixin.py:190} INFO - [2025-04-13T16:52:33.017+0000] {dag.py:4180} INFO - Setting next_dagrun for example_dag_decorator to None, run_after=None
[2025-04-13T16:52:33.098+0000] {processor.py:208} INFO - Processing /home/airflow/.local/lib/python3.12/site-packages/airflow/example_dags/example_dag_decorator.py took 0.837 seconds
[2025-04-13T16:53:28.165+0000] {processor.py:186} INFO - Started process (PID=462) to work on /home/airflow/.local/lib/python3.12/site-packages/airflow/example_dags/example_dag_decorator.py
[2025-04-13T16:53:28.192+0000] {processor.py:914} INFO - Processing file /home/airflow/.local/lib/python3.12/site-packages/airflow/example_dags/example_dag_decorator.py for tasks to queue
[2025-04-13T16:53:28.224+0000] {logging_mixin.py:190} INFO - [2025-04-13T16:53:28.223+0000] {dagbag.py:588} INFO - Filling up the DagBag from /home/airflow/.local/lib/python3.12/site-packages/airflow/example_dags/example_dag_decorator.py
[2025-04-13T16:53:29.539+0000] {processor.py:925} INFO - DAG(s) 'example_dag_decorator' retrieved from /home/airflow/.local/lib/python3.12/site-packages/airflow/example_dags/example_dag_decorator.py
[2025-04-13T16:53:30.492+0000] {logging_mixin.py:190} INFO - [2025-04-13T16:53:30.491+0000] {dag.py:3239} INFO - Sync 1 DAGs
[2025-04-13T16:53:30.666+0000] {logging_mixin.py:190} INFO - [2025-04-13T16:53:30.665+0000] {dag.py:4180} INFO - Setting next_dagrun for example_dag_decorator to None, run_after=None
[2025-04-13T16:53:31.024+0000] {processor.py:208} INFO - Processing /home/airflow/.local/lib/python3.12/site-packages/airflow/example_dags/example_dag_decorator.py took 2.907 seconds
[2025-04-13T16:54:01.328+0000] {processor.py:186} INFO - Started process (PID=527) to work on /home/airflow/.local/lib/python3.12/site-packages/airflow/example_dags/example_dag_decorator.py
[2025-04-13T16:54:01.330+0000] {processor.py:914} INFO - Processing file /home/airflow/.local/lib/python3.12/site-packages/airflow/example_dags/example_dag_decorator.py for tasks to queue
[2025-04-13T16:54:01.337+0000] {logging_mixin.py:190} INFO - [2025-04-13T16:54:01.336+0000] {dagbag.py:588} INFO - Filling up the DagBag from /home/airflow/.local/lib/python3.12/site-packages/airflow/example_dags/example_dag_decorator.py
[2025-04-13T16:54:01.653+0000] {processor.py:925} INFO - DAG(s) 'example_dag_decorator' retrieved from /home/airflow/.local/lib/python3.12/site-packages/airflow/example_dags/example_dag_decorator.py
[2025-04-13T16:54:02.020+0000] {logging_mixin.py:190} INFO - [2025-04-13T16:54:02.019+0000] {dag.py:3239} INFO - Sync 1 DAGs
[2025-04-13T16:54:02.047+0000] {logging_mixin.py:190} INFO - [2025-04-13T16:54:02.047+0000] {dag.py:4180} INFO - Setting next_dagrun for example_dag_decorator to None, run_after=None
[2025-04-13T16:54:02.095+0000] {processor.py:208} INFO - Processing /home/airflow/.local/lib/python3.12/site-packages/airflow/example_dags/example_dag_decorator.py took 0.780 seconds
[2025-04-13T16:54:55.601+0000] {processor.py:186} INFO - Started process (PID=607) to work on /home/airflow/.local/lib/python3.12/site-packages/airflow/example_dags/example_dag_decorator.py
[2025-04-13T16:54:55.608+0000] {processor.py:914} INFO - Processing file /home/airflow/.local/lib/python3.12/site-packages/airflow/example_dags/example_dag_decorator.py for tasks to queue
[2025-04-13T16:54:55.625+0000] {logging_mixin.py:190} INFO - [2025-04-13T16:54:55.624+0000] {dagbag.py:588} INFO - Filling up the DagBag from /home/airflow/.local/lib/python3.12/site-packages/airflow/example_dags/example_dag_decorator.py
[2025-04-13T16:54:58.205+0000] {processor.py:925} INFO - DAG(s) 'example_dag_decorator' retrieved from /home/airflow/.local/lib/python3.12/site-packages/airflow/example_dags/example_dag_decorator.py
[2025-04-13T16:55:01.948+0000] {logging_mixin.py:190} INFO - [2025-04-13T16:55:01.947+0000] {dag.py:3239} INFO - Sync 1 DAGs
[2025-04-13T16:55:02.077+0000] {logging_mixin.py:190} INFO - [2025-04-13T16:55:02.076+0000] {dag.py:4180} INFO - Setting next_dagrun for example_dag_decorator to None, run_after=None
[2025-04-13T16:55:02.339+0000] {processor.py:208} INFO - Processing /home/airflow/.local/lib/python3.12/site-packages/airflow/example_dags/example_dag_decorator.py took 6.774 seconds
[2025-04-13T17:03:40.827+0000] {processor.py:186} INFO - Started process (PID=128) to work on /home/airflow/.local/lib/python3.12/site-packages/airflow/example_dags/example_dag_decorator.py
[2025-04-13T17:03:40.837+0000] {processor.py:914} INFO - Processing file /home/airflow/.local/lib/python3.12/site-packages/airflow/example_dags/example_dag_decorator.py for tasks to queue
[2025-04-13T17:03:40.880+0000] {logging_mixin.py:190} INFO - [2025-04-13T17:03:40.879+0000] {dagbag.py:588} INFO - Filling up the DagBag from /home/airflow/.local/lib/python3.12/site-packages/airflow/example_dags/example_dag_decorator.py
[2025-04-13T17:03:43.205+0000] {processor.py:925} INFO - DAG(s) 'example_dag_decorator' retrieved from /home/airflow/.local/lib/python3.12/site-packages/airflow/example_dags/example_dag_decorator.py
[2025-04-13T17:03:46.710+0000] {logging_mixin.py:190} INFO - [2025-04-13T17:03:46.709+0000] {dag.py:3239} INFO - Sync 1 DAGs
[2025-04-13T17:03:46.789+0000] {logging_mixin.py:190} INFO - [2025-04-13T17:03:46.789+0000] {dag.py:4180} INFO - Setting next_dagrun for example_dag_decorator to None, run_after=None
[2025-04-13T17:03:47.484+0000] {processor.py:208} INFO - Processing /home/airflow/.local/lib/python3.12/site-packages/airflow/example_dags/example_dag_decorator.py took 6.932 seconds
[2025-04-13T17:05:54.180+0000] {processor.py:186} INFO - Started process (PID=209) to work on /home/airflow/.local/lib/python3.12/site-packages/airflow/example_dags/example_dag_decorator.py
[2025-04-13T17:05:54.254+0000] {processor.py:914} INFO - Processing file /home/airflow/.local/lib/python3.12/site-packages/airflow/example_dags/example_dag_decorator.py for tasks to queue
[2025-04-13T17:05:54.371+0000] {logging_mixin.py:190} INFO - [2025-04-13T17:05:54.362+0000] {dagbag.py:588} INFO - Filling up the DagBag from /home/airflow/.local/lib/python3.12/site-packages/airflow/example_dags/example_dag_decorator.py
[2025-04-13T17:05:57.819+0000] {processor.py:925} INFO - DAG(s) 'example_dag_decorator' retrieved from /home/airflow/.local/lib/python3.12/site-packages/airflow/example_dags/example_dag_decorator.py
[2025-04-13T17:06:04.170+0000] {logging_mixin.py:190} INFO - [2025-04-13T17:06:04.109+0000] {dag.py:3239} INFO - Sync 1 DAGs
[2025-04-13T17:06:04.753+0000] {logging_mixin.py:190} INFO - [2025-04-13T17:06:04.709+0000] {dag.py:4180} INFO - Setting next_dagrun for example_dag_decorator to None, run_after=None
[2025-04-13T17:06:06.639+0000] {processor.py:208} INFO - Processing /home/airflow/.local/lib/python3.12/site-packages/airflow/example_dags/example_dag_decorator.py took 13.078 seconds
[2025-04-13T17:24:43.745+0000] {processor.py:186} INFO - Started process (PID=183) to work on /home/airflow/.local/lib/python3.12/site-packages/airflow/example_dags/example_dag_decorator.py
[2025-04-13T17:24:43.814+0000] {processor.py:914} INFO - Processing file /home/airflow/.local/lib/python3.12/site-packages/airflow/example_dags/example_dag_decorator.py for tasks to queue
[2025-04-13T17:24:43.841+0000] {logging_mixin.py:190} INFO - [2025-04-13T17:24:43.840+0000] {dagbag.py:588} INFO - Filling up the DagBag from /home/airflow/.local/lib/python3.12/site-packages/airflow/example_dags/example_dag_decorator.py
[2025-04-13T17:24:53.074+0000] {processor.py:925} INFO - DAG(s) 'example_dag_decorator' retrieved from /home/airflow/.local/lib/python3.12/site-packages/airflow/example_dags/example_dag_decorator.py
[2025-04-13T17:25:03.815+0000] {logging_mixin.py:190} INFO - [2025-04-13T17:25:03.815+0000] {dag.py:3239} INFO - Sync 1 DAGs
[2025-04-13T17:25:06.127+0000] {logging_mixin.py:190} INFO - [2025-04-13T17:25:06.126+0000] {dag.py:4180} INFO - Setting next_dagrun for example_dag_decorator to None, run_after=None
[2025-04-13T17:25:10.581+0000] {processor.py:208} INFO - Processing /home/airflow/.local/lib/python3.12/site-packages/airflow/example_dags/example_dag_decorator.py took 26.910 seconds
[2025-04-13T18:11:27.437+0000] {processor.py:186} INFO - Started process (PID=279) to work on /home/airflow/.local/lib/python3.12/site-packages/airflow/example_dags/example_dag_decorator.py
[2025-04-13T18:11:27.830+0000] {processor.py:914} INFO - Processing file /home/airflow/.local/lib/python3.12/site-packages/airflow/example_dags/example_dag_decorator.py for tasks to queue
[2025-04-13T18:11:28.065+0000] {logging_mixin.py:190} INFO - [2025-04-13T18:11:28.064+0000] {dagbag.py:588} INFO - Filling up the DagBag from /home/airflow/.local/lib/python3.12/site-packages/airflow/example_dags/example_dag_decorator.py
[2025-04-13T18:11:47.702+0000] {processor.py:925} INFO - DAG(s) 'example_dag_decorator' retrieved from /home/airflow/.local/lib/python3.12/site-packages/airflow/example_dags/example_dag_decorator.py
[2025-04-13T18:11:56.478+0000] {logging_mixin.py:190} INFO - [2025-04-13T18:11:56.476+0000] {dag.py:3239} INFO - Sync 1 DAGs
[2025-04-13T18:11:57.233+0000] {logging_mixin.py:190} INFO - [2025-04-13T18:11:57.233+0000] {dag.py:4180} INFO - Setting next_dagrun for example_dag_decorator to None, run_after=None
[2025-04-13T18:11:59.247+0000] {processor.py:208} INFO - Processing /home/airflow/.local/lib/python3.12/site-packages/airflow/example_dags/example_dag_decorator.py took 32.359 seconds
[2025-04-13T18:20:05.724+0000] {processor.py:186} INFO - Started process (PID=418) to work on /home/airflow/.local/lib/python3.12/site-packages/airflow/example_dags/example_dag_decorator.py
[2025-04-13T18:20:06.001+0000] {processor.py:914} INFO - Processing file /home/airflow/.local/lib/python3.12/site-packages/airflow/example_dags/example_dag_decorator.py for tasks to queue
[2025-04-13T18:20:06.025+0000] {logging_mixin.py:190} INFO - [2025-04-13T18:20:06.019+0000] {dagbag.py:588} INFO - Filling up the DagBag from /home/airflow/.local/lib/python3.12/site-packages/airflow/example_dags/example_dag_decorator.py
[2025-04-13T18:20:16.473+0000] {processor.py:925} INFO - DAG(s) 'example_dag_decorator' retrieved from /home/airflow/.local/lib/python3.12/site-packages/airflow/example_dags/example_dag_decorator.py
[2025-04-13T18:20:30.222+0000] {logging_mixin.py:190} INFO - [2025-04-13T18:20:30.222+0000] {dag.py:3239} INFO - Sync 1 DAGs
[2025-04-13T18:20:31.652+0000] {logging_mixin.py:190} INFO - [2025-04-13T18:20:31.651+0000] {dag.py:4180} INFO - Setting next_dagrun for example_dag_decorator to None, run_after=None
[2025-04-13T18:20:33.052+0000] {processor.py:208} INFO - Processing /home/airflow/.local/lib/python3.12/site-packages/airflow/example_dags/example_dag_decorator.py took 27.979 seconds
[2025-04-13T20:51:55.985+0000] {processor.py:186} INFO - Started process (PID=108) to work on /home/airflow/.local/lib/python3.12/site-packages/airflow/example_dags/example_dag_decorator.py
[2025-04-13T20:51:55.987+0000] {processor.py:914} INFO - Processing file /home/airflow/.local/lib/python3.12/site-packages/airflow/example_dags/example_dag_decorator.py for tasks to queue
[2025-04-13T20:51:56.035+0000] {logging_mixin.py:190} INFO - [2025-04-13T20:51:56.032+0000] {dagbag.py:588} INFO - Filling up the DagBag from /home/airflow/.local/lib/python3.12/site-packages/airflow/example_dags/example_dag_decorator.py
[2025-04-13T20:51:58.894+0000] {processor.py:925} INFO - DAG(s) 'example_dag_decorator' retrieved from /home/airflow/.local/lib/python3.12/site-packages/airflow/example_dags/example_dag_decorator.py
[2025-04-13T20:51:59.832+0000] {logging_mixin.py:190} INFO - [2025-04-13T20:51:59.831+0000] {dag.py:3239} INFO - Sync 1 DAGs
[2025-04-13T20:51:59.936+0000] {logging_mixin.py:190} INFO - [2025-04-13T20:51:59.935+0000] {dag.py:4180} INFO - Setting next_dagrun for example_dag_decorator to None, run_after=None
[2025-04-13T20:52:00.190+0000] {processor.py:208} INFO - Processing /home/airflow/.local/lib/python3.12/site-packages/airflow/example_dags/example_dag_decorator.py took 4.243 seconds
[2025-04-13T20:52:30.698+0000] {processor.py:186} INFO - Started process (PID=174) to work on /home/airflow/.local/lib/python3.12/site-packages/airflow/example_dags/example_dag_decorator.py
[2025-04-13T20:52:30.716+0000] {processor.py:914} INFO - Processing file /home/airflow/.local/lib/python3.12/site-packages/airflow/example_dags/example_dag_decorator.py for tasks to queue
[2025-04-13T20:52:30.721+0000] {logging_mixin.py:190} INFO - [2025-04-13T20:52:30.720+0000] {dagbag.py:588} INFO - Filling up the DagBag from /home/airflow/.local/lib/python3.12/site-packages/airflow/example_dags/example_dag_decorator.py
[2025-04-13T20:52:31.191+0000] {processor.py:925} INFO - DAG(s) 'example_dag_decorator' retrieved from /home/airflow/.local/lib/python3.12/site-packages/airflow/example_dags/example_dag_decorator.py
[2025-04-13T20:52:31.571+0000] {logging_mixin.py:190} INFO - [2025-04-13T20:52:31.570+0000] {dag.py:3239} INFO - Sync 1 DAGs
[2025-04-13T20:52:31.599+0000] {logging_mixin.py:190} INFO - [2025-04-13T20:52:31.599+0000] {dag.py:4180} INFO - Setting next_dagrun for example_dag_decorator to None, run_after=None
[2025-04-13T20:52:31.669+0000] {processor.py:208} INFO - Processing /home/airflow/.local/lib/python3.12/site-packages/airflow/example_dags/example_dag_decorator.py took 0.987 seconds
[2025-04-13T20:53:07.585+0000] {processor.py:186} INFO - Started process (PID=235) to work on /home/airflow/.local/lib/python3.12/site-packages/airflow/example_dags/example_dag_decorator.py
[2025-04-13T20:53:07.586+0000] {processor.py:914} INFO - Processing file /home/airflow/.local/lib/python3.12/site-packages/airflow/example_dags/example_dag_decorator.py for tasks to queue
[2025-04-13T20:53:07.591+0000] {logging_mixin.py:190} INFO - [2025-04-13T20:53:07.590+0000] {dagbag.py:588} INFO - Filling up the DagBag from /home/airflow/.local/lib/python3.12/site-packages/airflow/example_dags/example_dag_decorator.py
[2025-04-13T20:53:07.795+0000] {processor.py:925} INFO - DAG(s) 'example_dag_decorator' retrieved from /home/airflow/.local/lib/python3.12/site-packages/airflow/example_dags/example_dag_decorator.py
[2025-04-13T20:53:08.046+0000] {logging_mixin.py:190} INFO - [2025-04-13T20:53:08.046+0000] {dag.py:3239} INFO - Sync 1 DAGs
[2025-04-13T20:53:08.070+0000] {logging_mixin.py:190} INFO - [2025-04-13T20:53:08.069+0000] {dag.py:4180} INFO - Setting next_dagrun for example_dag_decorator to None, run_after=None
[2025-04-13T20:53:08.129+0000] {processor.py:208} INFO - Processing /home/airflow/.local/lib/python3.12/site-packages/airflow/example_dags/example_dag_decorator.py took 0.554 seconds
[2025-04-13T20:53:39.886+0000] {processor.py:186} INFO - Started process (PID=299) to work on /home/airflow/.local/lib/python3.12/site-packages/airflow/example_dags/example_dag_decorator.py
[2025-04-13T20:53:39.888+0000] {processor.py:914} INFO - Processing file /home/airflow/.local/lib/python3.12/site-packages/airflow/example_dags/example_dag_decorator.py for tasks to queue
[2025-04-13T20:53:39.904+0000] {logging_mixin.py:190} INFO - [2025-04-13T20:53:39.904+0000] {dagbag.py:588} INFO - Filling up the DagBag from /home/airflow/.local/lib/python3.12/site-packages/airflow/example_dags/example_dag_decorator.py
[2025-04-13T20:53:40.107+0000] {processor.py:925} INFO - DAG(s) 'example_dag_decorator' retrieved from /home/airflow/.local/lib/python3.12/site-packages/airflow/example_dags/example_dag_decorator.py
[2025-04-13T20:53:40.970+0000] {logging_mixin.py:190} INFO - [2025-04-13T20:53:40.968+0000] {dag.py:3239} INFO - Sync 1 DAGs
[2025-04-13T20:53:41.855+0000] {logging_mixin.py:190} INFO - [2025-04-13T20:53:41.843+0000] {dag.py:4180} INFO - Setting next_dagrun for example_dag_decorator to None, run_after=None
[2025-04-13T20:53:42.114+0000] {processor.py:208} INFO - Processing /home/airflow/.local/lib/python3.12/site-packages/airflow/example_dags/example_dag_decorator.py took 2.239 seconds
[2025-04-13T20:54:12.866+0000] {processor.py:186} INFO - Started process (PID=364) to work on /home/airflow/.local/lib/python3.12/site-packages/airflow/example_dags/example_dag_decorator.py
[2025-04-13T20:54:12.870+0000] {processor.py:914} INFO - Processing file /home/airflow/.local/lib/python3.12/site-packages/airflow/example_dags/example_dag_decorator.py for tasks to queue
[2025-04-13T20:54:12.897+0000] {logging_mixin.py:190} INFO - [2025-04-13T20:54:12.895+0000] {dagbag.py:588} INFO - Filling up the DagBag from /home/airflow/.local/lib/python3.12/site-packages/airflow/example_dags/example_dag_decorator.py
[2025-04-13T20:54:13.418+0000] {processor.py:925} INFO - DAG(s) 'example_dag_decorator' retrieved from /home/airflow/.local/lib/python3.12/site-packages/airflow/example_dags/example_dag_decorator.py
[2025-04-13T20:54:13.853+0000] {logging_mixin.py:190} INFO - [2025-04-13T20:54:13.853+0000] {dag.py:3239} INFO - Sync 1 DAGs
[2025-04-13T20:54:13.956+0000] {logging_mixin.py:190} INFO - [2025-04-13T20:54:13.956+0000] {dag.py:4180} INFO - Setting next_dagrun for example_dag_decorator to None, run_after=None
[2025-04-13T20:54:14.240+0000] {processor.py:208} INFO - Processing /home/airflow/.local/lib/python3.12/site-packages/airflow/example_dags/example_dag_decorator.py took 1.402 seconds
[2025-04-13T20:54:44.846+0000] {processor.py:186} INFO - Started process (PID=429) to work on /home/airflow/.local/lib/python3.12/site-packages/airflow/example_dags/example_dag_decorator.py
[2025-04-13T20:54:44.849+0000] {processor.py:914} INFO - Processing file /home/airflow/.local/lib/python3.12/site-packages/airflow/example_dags/example_dag_decorator.py for tasks to queue
[2025-04-13T20:54:44.856+0000] {logging_mixin.py:190} INFO - [2025-04-13T20:54:44.855+0000] {dagbag.py:588} INFO - Filling up the DagBag from /home/airflow/.local/lib/python3.12/site-packages/airflow/example_dags/example_dag_decorator.py
[2025-04-13T20:54:45.206+0000] {processor.py:925} INFO - DAG(s) 'example_dag_decorator' retrieved from /home/airflow/.local/lib/python3.12/site-packages/airflow/example_dags/example_dag_decorator.py
[2025-04-13T20:54:45.732+0000] {logging_mixin.py:190} INFO - [2025-04-13T20:54:45.731+0000] {dag.py:3239} INFO - Sync 1 DAGs
[2025-04-13T20:54:45.788+0000] {logging_mixin.py:190} INFO - [2025-04-13T20:54:45.788+0000] {dag.py:4180} INFO - Setting next_dagrun for example_dag_decorator to None, run_after=None
[2025-04-13T20:54:45.904+0000] {processor.py:208} INFO - Processing /home/airflow/.local/lib/python3.12/site-packages/airflow/example_dags/example_dag_decorator.py took 1.087 seconds
[2025-04-13T20:55:18.847+0000] {processor.py:186} INFO - Started process (PID=493) to work on /home/airflow/.local/lib/python3.12/site-packages/airflow/example_dags/example_dag_decorator.py
[2025-04-13T20:55:18.849+0000] {processor.py:914} INFO - Processing file /home/airflow/.local/lib/python3.12/site-packages/airflow/example_dags/example_dag_decorator.py for tasks to queue
[2025-04-13T20:55:18.870+0000] {logging_mixin.py:190} INFO - [2025-04-13T20:55:18.870+0000] {dagbag.py:588} INFO - Filling up the DagBag from /home/airflow/.local/lib/python3.12/site-packages/airflow/example_dags/example_dag_decorator.py
[2025-04-13T20:55:19.123+0000] {processor.py:925} INFO - DAG(s) 'example_dag_decorator' retrieved from /home/airflow/.local/lib/python3.12/site-packages/airflow/example_dags/example_dag_decorator.py
[2025-04-13T20:55:19.522+0000] {logging_mixin.py:190} INFO - [2025-04-13T20:55:19.521+0000] {dag.py:3239} INFO - Sync 1 DAGs
[2025-04-13T20:55:19.561+0000] {logging_mixin.py:190} INFO - [2025-04-13T20:55:19.560+0000] {dag.py:4180} INFO - Setting next_dagrun for example_dag_decorator to None, run_after=None
[2025-04-13T20:55:19.611+0000] {processor.py:208} INFO - Processing /home/airflow/.local/lib/python3.12/site-packages/airflow/example_dags/example_dag_decorator.py took 0.783 seconds
[2025-04-13T20:55:50.795+0000] {processor.py:186} INFO - Started process (PID=562) to work on /home/airflow/.local/lib/python3.12/site-packages/airflow/example_dags/example_dag_decorator.py
[2025-04-13T20:55:50.799+0000] {processor.py:914} INFO - Processing file /home/airflow/.local/lib/python3.12/site-packages/airflow/example_dags/example_dag_decorator.py for tasks to queue
[2025-04-13T20:55:50.807+0000] {logging_mixin.py:190} INFO - [2025-04-13T20:55:50.807+0000] {dagbag.py:588} INFO - Filling up the DagBag from /home/airflow/.local/lib/python3.12/site-packages/airflow/example_dags/example_dag_decorator.py
[2025-04-13T20:55:51.141+0000] {processor.py:925} INFO - DAG(s) 'example_dag_decorator' retrieved from /home/airflow/.local/lib/python3.12/site-packages/airflow/example_dags/example_dag_decorator.py
[2025-04-13T20:55:51.650+0000] {logging_mixin.py:190} INFO - [2025-04-13T20:55:51.650+0000] {dag.py:3239} INFO - Sync 1 DAGs
[2025-04-13T20:55:51.680+0000] {logging_mixin.py:190} INFO - [2025-04-13T20:55:51.680+0000] {dag.py:4180} INFO - Setting next_dagrun for example_dag_decorator to None, run_after=None
[2025-04-13T20:55:51.724+0000] {processor.py:208} INFO - Processing /home/airflow/.local/lib/python3.12/site-packages/airflow/example_dags/example_dag_decorator.py took 0.982 seconds
[2025-04-13T20:56:23.229+0000] {processor.py:186} INFO - Started process (PID=625) to work on /home/airflow/.local/lib/python3.12/site-packages/airflow/example_dags/example_dag_decorator.py
[2025-04-13T20:56:23.231+0000] {processor.py:914} INFO - Processing file /home/airflow/.local/lib/python3.12/site-packages/airflow/example_dags/example_dag_decorator.py for tasks to queue
[2025-04-13T20:56:23.235+0000] {logging_mixin.py:190} INFO - [2025-04-13T20:56:23.235+0000] {dagbag.py:588} INFO - Filling up the DagBag from /home/airflow/.local/lib/python3.12/site-packages/airflow/example_dags/example_dag_decorator.py
[2025-04-13T20:56:23.534+0000] {processor.py:925} INFO - DAG(s) 'example_dag_decorator' retrieved from /home/airflow/.local/lib/python3.12/site-packages/airflow/example_dags/example_dag_decorator.py
[2025-04-13T20:56:23.983+0000] {logging_mixin.py:190} INFO - [2025-04-13T20:56:23.983+0000] {dag.py:3239} INFO - Sync 1 DAGs
[2025-04-13T20:56:24.026+0000] {logging_mixin.py:190} INFO - [2025-04-13T20:56:24.026+0000] {dag.py:4180} INFO - Setting next_dagrun for example_dag_decorator to None, run_after=None
[2025-04-13T20:56:24.084+0000] {processor.py:208} INFO - Processing /home/airflow/.local/lib/python3.12/site-packages/airflow/example_dags/example_dag_decorator.py took 0.864 seconds
[2025-04-13T20:56:54.398+0000] {processor.py:186} INFO - Started process (PID=690) to work on /home/airflow/.local/lib/python3.12/site-packages/airflow/example_dags/example_dag_decorator.py
[2025-04-13T20:56:54.402+0000] {processor.py:914} INFO - Processing file /home/airflow/.local/lib/python3.12/site-packages/airflow/example_dags/example_dag_decorator.py for tasks to queue
[2025-04-13T20:56:54.421+0000] {logging_mixin.py:190} INFO - [2025-04-13T20:56:54.420+0000] {dagbag.py:588} INFO - Filling up the DagBag from /home/airflow/.local/lib/python3.12/site-packages/airflow/example_dags/example_dag_decorator.py
[2025-04-13T20:56:54.754+0000] {processor.py:925} INFO - DAG(s) 'example_dag_decorator' retrieved from /home/airflow/.local/lib/python3.12/site-packages/airflow/example_dags/example_dag_decorator.py
[2025-04-13T20:56:55.180+0000] {logging_mixin.py:190} INFO - [2025-04-13T20:56:55.179+0000] {dag.py:3239} INFO - Sync 1 DAGs
[2025-04-13T20:56:55.233+0000] {logging_mixin.py:190} INFO - [2025-04-13T20:56:55.233+0000] {dag.py:4180} INFO - Setting next_dagrun for example_dag_decorator to None, run_after=None
[2025-04-13T20:56:55.295+0000] {processor.py:208} INFO - Processing /home/airflow/.local/lib/python3.12/site-packages/airflow/example_dags/example_dag_decorator.py took 0.915 seconds
[2025-04-13T20:57:26.309+0000] {processor.py:186} INFO - Started process (PID=754) to work on /home/airflow/.local/lib/python3.12/site-packages/airflow/example_dags/example_dag_decorator.py
[2025-04-13T20:57:26.311+0000] {processor.py:914} INFO - Processing file /home/airflow/.local/lib/python3.12/site-packages/airflow/example_dags/example_dag_decorator.py for tasks to queue
[2025-04-13T20:57:26.329+0000] {logging_mixin.py:190} INFO - [2025-04-13T20:57:26.328+0000] {dagbag.py:588} INFO - Filling up the DagBag from /home/airflow/.local/lib/python3.12/site-packages/airflow/example_dags/example_dag_decorator.py
[2025-04-13T20:57:26.764+0000] {processor.py:925} INFO - DAG(s) 'example_dag_decorator' retrieved from /home/airflow/.local/lib/python3.12/site-packages/airflow/example_dags/example_dag_decorator.py
[2025-04-13T20:57:27.250+0000] {logging_mixin.py:190} INFO - [2025-04-13T20:57:27.249+0000] {dag.py:3239} INFO - Sync 1 DAGs
[2025-04-13T20:57:27.325+0000] {logging_mixin.py:190} INFO - [2025-04-13T20:57:27.325+0000] {dag.py:4180} INFO - Setting next_dagrun for example_dag_decorator to None, run_after=None
[2025-04-13T20:57:27.381+0000] {processor.py:208} INFO - Processing /home/airflow/.local/lib/python3.12/site-packages/airflow/example_dags/example_dag_decorator.py took 1.089 seconds
[2025-04-13T20:57:59.171+0000] {processor.py:186} INFO - Started process (PID=818) to work on /home/airflow/.local/lib/python3.12/site-packages/airflow/example_dags/example_dag_decorator.py
[2025-04-13T20:57:59.176+0000] {processor.py:914} INFO - Processing file /home/airflow/.local/lib/python3.12/site-packages/airflow/example_dags/example_dag_decorator.py for tasks to queue
[2025-04-13T20:57:59.192+0000] {logging_mixin.py:190} INFO - [2025-04-13T20:57:59.191+0000] {dagbag.py:588} INFO - Filling up the DagBag from /home/airflow/.local/lib/python3.12/site-packages/airflow/example_dags/example_dag_decorator.py
[2025-04-13T20:57:59.814+0000] {processor.py:925} INFO - DAG(s) 'example_dag_decorator' retrieved from /home/airflow/.local/lib/python3.12/site-packages/airflow/example_dags/example_dag_decorator.py
[2025-04-13T20:58:00.769+0000] {logging_mixin.py:190} INFO - [2025-04-13T20:58:00.769+0000] {dag.py:3239} INFO - Sync 1 DAGs
[2025-04-13T20:58:00.869+0000] {logging_mixin.py:190} INFO - [2025-04-13T20:58:00.868+0000] {dag.py:4180} INFO - Setting next_dagrun for example_dag_decorator to None, run_after=None
[2025-04-13T20:58:01.025+0000] {processor.py:208} INFO - Processing /home/airflow/.local/lib/python3.12/site-packages/airflow/example_dags/example_dag_decorator.py took 1.899 seconds
[2025-04-13T20:58:31.151+0000] {processor.py:186} INFO - Started process (PID=882) to work on /home/airflow/.local/lib/python3.12/site-packages/airflow/example_dags/example_dag_decorator.py
[2025-04-13T20:58:31.155+0000] {processor.py:914} INFO - Processing file /home/airflow/.local/lib/python3.12/site-packages/airflow/example_dags/example_dag_decorator.py for tasks to queue
[2025-04-13T20:58:31.162+0000] {logging_mixin.py:190} INFO - [2025-04-13T20:58:31.159+0000] {dagbag.py:588} INFO - Filling up the DagBag from /home/airflow/.local/lib/python3.12/site-packages/airflow/example_dags/example_dag_decorator.py
[2025-04-13T20:58:31.400+0000] {processor.py:925} INFO - DAG(s) 'example_dag_decorator' retrieved from /home/airflow/.local/lib/python3.12/site-packages/airflow/example_dags/example_dag_decorator.py
[2025-04-13T20:58:31.782+0000] {logging_mixin.py:190} INFO - [2025-04-13T20:58:31.782+0000] {dag.py:3239} INFO - Sync 1 DAGs
[2025-04-13T20:58:31.804+0000] {logging_mixin.py:190} INFO - [2025-04-13T20:58:31.804+0000] {dag.py:4180} INFO - Setting next_dagrun for example_dag_decorator to None, run_after=None
[2025-04-13T20:58:31.843+0000] {processor.py:208} INFO - Processing /home/airflow/.local/lib/python3.12/site-packages/airflow/example_dags/example_dag_decorator.py took 0.708 seconds
[2025-04-13T20:59:01.962+0000] {processor.py:186} INFO - Started process (PID=944) to work on /home/airflow/.local/lib/python3.12/site-packages/airflow/example_dags/example_dag_decorator.py
[2025-04-13T20:59:01.972+0000] {processor.py:914} INFO - Processing file /home/airflow/.local/lib/python3.12/site-packages/airflow/example_dags/example_dag_decorator.py for tasks to queue
[2025-04-13T20:59:01.980+0000] {logging_mixin.py:190} INFO - [2025-04-13T20:59:01.976+0000] {dagbag.py:588} INFO - Filling up the DagBag from /home/airflow/.local/lib/python3.12/site-packages/airflow/example_dags/example_dag_decorator.py
[2025-04-13T20:59:02.355+0000] {processor.py:925} INFO - DAG(s) 'example_dag_decorator' retrieved from /home/airflow/.local/lib/python3.12/site-packages/airflow/example_dags/example_dag_decorator.py
[2025-04-13T20:59:02.676+0000] {logging_mixin.py:190} INFO - [2025-04-13T20:59:02.675+0000] {dag.py:3239} INFO - Sync 1 DAGs
[2025-04-13T20:59:02.693+0000] {logging_mixin.py:190} INFO - [2025-04-13T20:59:02.693+0000] {dag.py:4180} INFO - Setting next_dagrun for example_dag_decorator to None, run_after=None
[2025-04-13T20:59:02.732+0000] {processor.py:208} INFO - Processing /home/airflow/.local/lib/python3.12/site-packages/airflow/example_dags/example_dag_decorator.py took 0.793 seconds
[2025-04-13T20:59:32.998+0000] {processor.py:186} INFO - Started process (PID=1009) to work on /home/airflow/.local/lib/python3.12/site-packages/airflow/example_dags/example_dag_decorator.py
[2025-04-13T20:59:33.001+0000] {processor.py:914} INFO - Processing file /home/airflow/.local/lib/python3.12/site-packages/airflow/example_dags/example_dag_decorator.py for tasks to queue
[2025-04-13T20:59:33.008+0000] {logging_mixin.py:190} INFO - [2025-04-13T20:59:33.007+0000] {dagbag.py:588} INFO - Filling up the DagBag from /home/airflow/.local/lib/python3.12/site-packages/airflow/example_dags/example_dag_decorator.py
[2025-04-13T20:59:33.321+0000] {processor.py:925} INFO - DAG(s) 'example_dag_decorator' retrieved from /home/airflow/.local/lib/python3.12/site-packages/airflow/example_dags/example_dag_decorator.py
[2025-04-13T20:59:33.745+0000] {logging_mixin.py:190} INFO - [2025-04-13T20:59:33.744+0000] {dag.py:3239} INFO - Sync 1 DAGs
[2025-04-13T20:59:33.782+0000] {logging_mixin.py:190} INFO - [2025-04-13T20:59:33.782+0000] {dag.py:4180} INFO - Setting next_dagrun for example_dag_decorator to None, run_after=None
[2025-04-13T20:59:33.879+0000] {processor.py:208} INFO - Processing /home/airflow/.local/lib/python3.12/site-packages/airflow/example_dags/example_dag_decorator.py took 0.902 seconds
[2025-04-13T21:00:05.015+0000] {processor.py:186} INFO - Started process (PID=1071) to work on /home/airflow/.local/lib/python3.12/site-packages/airflow/example_dags/example_dag_decorator.py
[2025-04-13T21:00:05.070+0000] {processor.py:914} INFO - Processing file /home/airflow/.local/lib/python3.12/site-packages/airflow/example_dags/example_dag_decorator.py for tasks to queue
[2025-04-13T21:00:05.106+0000] {logging_mixin.py:190} INFO - [2025-04-13T21:00:05.101+0000] {dagbag.py:588} INFO - Filling up the DagBag from /home/airflow/.local/lib/python3.12/site-packages/airflow/example_dags/example_dag_decorator.py
[2025-04-13T21:00:06.081+0000] {processor.py:925} INFO - DAG(s) 'example_dag_decorator' retrieved from /home/airflow/.local/lib/python3.12/site-packages/airflow/example_dags/example_dag_decorator.py
[2025-04-13T21:00:06.842+0000] {logging_mixin.py:190} INFO - [2025-04-13T21:00:06.842+0000] {dag.py:3239} INFO - Sync 1 DAGs
[2025-04-13T21:00:06.895+0000] {logging_mixin.py:190} INFO - [2025-04-13T21:00:06.893+0000] {dag.py:4180} INFO - Setting next_dagrun for example_dag_decorator to None, run_after=None
[2025-04-13T21:00:06.969+0000] {processor.py:208} INFO - Processing /home/airflow/.local/lib/python3.12/site-packages/airflow/example_dags/example_dag_decorator.py took 2.002 seconds
[2025-04-13T21:00:37.304+0000] {processor.py:186} INFO - Started process (PID=1136) to work on /home/airflow/.local/lib/python3.12/site-packages/airflow/example_dags/example_dag_decorator.py
[2025-04-13T21:00:37.324+0000] {processor.py:914} INFO - Processing file /home/airflow/.local/lib/python3.12/site-packages/airflow/example_dags/example_dag_decorator.py for tasks to queue
[2025-04-13T21:00:37.338+0000] {logging_mixin.py:190} INFO - [2025-04-13T21:00:37.337+0000] {dagbag.py:588} INFO - Filling up the DagBag from /home/airflow/.local/lib/python3.12/site-packages/airflow/example_dags/example_dag_decorator.py
[2025-04-13T21:00:37.727+0000] {processor.py:925} INFO - DAG(s) 'example_dag_decorator' retrieved from /home/airflow/.local/lib/python3.12/site-packages/airflow/example_dags/example_dag_decorator.py
[2025-04-13T21:00:38.298+0000] {logging_mixin.py:190} INFO - [2025-04-13T21:00:38.297+0000] {dag.py:3239} INFO - Sync 1 DAGs
[2025-04-13T21:00:38.379+0000] {logging_mixin.py:190} INFO - [2025-04-13T21:00:38.379+0000] {dag.py:4180} INFO - Setting next_dagrun for example_dag_decorator to None, run_after=None
[2025-04-13T21:00:38.656+0000] {processor.py:208} INFO - Processing /home/airflow/.local/lib/python3.12/site-packages/airflow/example_dags/example_dag_decorator.py took 1.376 seconds
[2025-04-13T21:01:09.458+0000] {processor.py:186} INFO - Started process (PID=1201) to work on /home/airflow/.local/lib/python3.12/site-packages/airflow/example_dags/example_dag_decorator.py
[2025-04-13T21:01:09.466+0000] {processor.py:914} INFO - Processing file /home/airflow/.local/lib/python3.12/site-packages/airflow/example_dags/example_dag_decorator.py for tasks to queue
[2025-04-13T21:01:09.473+0000] {logging_mixin.py:190} INFO - [2025-04-13T21:01:09.472+0000] {dagbag.py:588} INFO - Filling up the DagBag from /home/airflow/.local/lib/python3.12/site-packages/airflow/example_dags/example_dag_decorator.py
[2025-04-13T21:01:09.763+0000] {processor.py:925} INFO - DAG(s) 'example_dag_decorator' retrieved from /home/airflow/.local/lib/python3.12/site-packages/airflow/example_dags/example_dag_decorator.py
[2025-04-13T21:01:10.255+0000] {logging_mixin.py:190} INFO - [2025-04-13T21:01:10.255+0000] {dag.py:3239} INFO - Sync 1 DAGs
[2025-04-13T21:01:10.300+0000] {logging_mixin.py:190} INFO - [2025-04-13T21:01:10.300+0000] {dag.py:4180} INFO - Setting next_dagrun for example_dag_decorator to None, run_after=None
[2025-04-13T21:01:10.362+0000] {processor.py:208} INFO - Processing /home/airflow/.local/lib/python3.12/site-packages/airflow/example_dags/example_dag_decorator.py took 0.915 seconds
[2025-04-13T21:27:53.520+0000] {processor.py:186} INFO - Started process (PID=193) to work on /home/airflow/.local/lib/python3.12/site-packages/airflow/example_dags/example_dag_decorator.py
[2025-04-13T21:27:53.527+0000] {processor.py:914} INFO - Processing file /home/airflow/.local/lib/python3.12/site-packages/airflow/example_dags/example_dag_decorator.py for tasks to queue
[2025-04-13T21:27:53.571+0000] {logging_mixin.py:190} INFO - [2025-04-13T21:27:53.570+0000] {dagbag.py:588} INFO - Filling up the DagBag from /home/airflow/.local/lib/python3.12/site-packages/airflow/example_dags/example_dag_decorator.py
[2025-04-13T21:28:24.038+0000] {logging_mixin.py:190} INFO - [2025-04-13T21:28:23.856+0000] {timeout.py:68} ERROR - Process timed out, PID: 193
[2025-04-13T21:28:24.597+0000] {logging_mixin.py:190} INFO - [2025-04-13T21:28:24.309+0000] {dagbag.py:387} ERROR - Failed to import: /home/airflow/.local/lib/python3.12/site-packages/airflow/example_dags/example_dag_decorator.py
Traceback (most recent call last):
  File "/home/airflow/.local/lib/python3.12/site-packages/airflow/models/dagbag.py", line 383, in parse
    loader.exec_module(new_module)
  File "<frozen importlib._bootstrap_external>", line 999, in exec_module
  File "<frozen importlib._bootstrap>", line 488, in _call_with_frames_removed
  File "/home/airflow/.local/lib/python3.12/site-packages/airflow/example_dags/example_dag_decorator.py", line 22, in <module>
    import httpx
  File "/home/airflow/.local/lib/python3.12/site-packages/httpx/__init__.py", line 2, in <module>
    from ._api import delete, get, head, options, patch, post, put, request, stream
  File "/home/airflow/.local/lib/python3.12/site-packages/httpx/_api.py", line 6, in <module>
    from ._client import Client
  File "/home/airflow/.local/lib/python3.12/site-packages/httpx/_client.py", line 32, in <module>
    from ._transports.default import AsyncHTTPTransport, HTTPTransport
  File "/home/airflow/.local/lib/python3.12/site-packages/httpx/_transports/default.py", line 32, in <module>
    import httpcore
  File "/home/airflow/.local/lib/python3.12/site-packages/httpcore/__init__.py", line 1, in <module>
    from ._api import request, stream
  File "/home/airflow/.local/lib/python3.12/site-packages/httpcore/_api.py", line 7, in <module>
    from ._sync.connection_pool import ConnectionPool
  File "/home/airflow/.local/lib/python3.12/site-packages/httpcore/_sync/__init__.py", line 8, in <module>
    from .http2 import HTTP2Connection
  File "/home/airflow/.local/lib/python3.12/site-packages/httpcore/_sync/http2.py", line 10, in <module>
    import h2.connection
  File "/home/airflow/.local/lib/python3.12/site-packages/h2/connection.py", line 13, in <module>
    from hpack.exceptions import HPACKError, OversizedHeaderListError
  File "/home/airflow/.local/lib/python3.12/site-packages/hpack/__init__.py", line 7, in <module>
    from .hpack import Decoder, Encoder
  File "/home/airflow/.local/lib/python3.12/site-packages/hpack/hpack.py", line 12, in <module>
    from .huffman_table import decode_huffman
  File "/home/airflow/.local/lib/python3.12/site-packages/airflow/utils/timeout.py", line 69, in handle_timeout
    raise AirflowTaskTimeout(self.error_message)
airflow.exceptions.AirflowTaskTimeout: DagBag import timeout for /home/airflow/.local/lib/python3.12/site-packages/airflow/example_dags/example_dag_decorator.py after 30.0s.
Please take a look at these docs to improve your DAG import time:
* https://airflow.apache.org/docs/apache-airflow/2.10.5/best-practices.html#top-level-python-code
* https://airflow.apache.org/docs/apache-airflow/2.10.5/best-practices.html#reducing-dag-complexity, PID: 193
[2025-04-13T21:28:24.704+0000] {processor.py:927} WARNING - No viable dags retrieved from /home/airflow/.local/lib/python3.12/site-packages/airflow/example_dags/example_dag_decorator.py
[2025-04-13T21:28:25.283+0000] {processor.py:208} INFO - Processing /home/airflow/.local/lib/python3.12/site-packages/airflow/example_dags/example_dag_decorator.py took 32.019 seconds
[2025-04-13T21:32:35.619+0000] {processor.py:186} INFO - Started process (PID=302) to work on /home/airflow/.local/lib/python3.12/site-packages/airflow/example_dags/example_dag_decorator.py
[2025-04-13T21:32:35.700+0000] {processor.py:914} INFO - Processing file /home/airflow/.local/lib/python3.12/site-packages/airflow/example_dags/example_dag_decorator.py for tasks to queue
[2025-04-13T21:32:35.875+0000] {logging_mixin.py:190} INFO - [2025-04-13T21:32:35.819+0000] {dagbag.py:588} INFO - Filling up the DagBag from /home/airflow/.local/lib/python3.12/site-packages/airflow/example_dags/example_dag_decorator.py
[2025-04-13T21:32:54.874+0000] {processor.py:925} INFO - DAG(s) 'example_dag_decorator' retrieved from /home/airflow/.local/lib/python3.12/site-packages/airflow/example_dags/example_dag_decorator.py
[2025-04-13T21:33:05.777+0000] {logging_mixin.py:190} INFO - [2025-04-13T21:33:05.777+0000] {dag.py:3239} INFO - Sync 1 DAGs
[2025-04-13T21:33:06.165+0000] {logging_mixin.py:190} INFO - [2025-04-13T21:33:06.164+0000] {dag.py:4180} INFO - Setting next_dagrun for example_dag_decorator to None, run_after=None
[2025-04-13T21:33:07.409+0000] {processor.py:208} INFO - Processing /home/airflow/.local/lib/python3.12/site-packages/airflow/example_dags/example_dag_decorator.py took 32.129 seconds
[2025-04-13T21:36:20.680+0000] {processor.py:186} INFO - Started process (PID=391) to work on /home/airflow/.local/lib/python3.12/site-packages/airflow/example_dags/example_dag_decorator.py
[2025-04-13T21:36:20.756+0000] {processor.py:914} INFO - Processing file /home/airflow/.local/lib/python3.12/site-packages/airflow/example_dags/example_dag_decorator.py for tasks to queue
[2025-04-13T21:36:20.795+0000] {logging_mixin.py:190} INFO - [2025-04-13T21:36:20.795+0000] {dagbag.py:588} INFO - Filling up the DagBag from /home/airflow/.local/lib/python3.12/site-packages/airflow/example_dags/example_dag_decorator.py
[2025-04-13T21:36:23.611+0000] {processor.py:925} INFO - DAG(s) 'example_dag_decorator' retrieved from /home/airflow/.local/lib/python3.12/site-packages/airflow/example_dags/example_dag_decorator.py
[2025-04-13T21:36:29.296+0000] {logging_mixin.py:190} INFO - [2025-04-13T21:36:29.296+0000] {dag.py:3239} INFO - Sync 1 DAGs
[2025-04-13T21:36:31.248+0000] {logging_mixin.py:190} INFO - [2025-04-13T21:36:31.248+0000] {dag.py:4180} INFO - Setting next_dagrun for example_dag_decorator to None, run_after=None
[2025-04-13T21:36:31.932+0000] {processor.py:208} INFO - Processing /home/airflow/.local/lib/python3.12/site-packages/airflow/example_dags/example_dag_decorator.py took 11.359 seconds
[2025-04-13T21:52:40.232+0000] {processor.py:186} INFO - Started process (PID=172) to work on /home/airflow/.local/lib/python3.12/site-packages/airflow/example_dags/example_dag_decorator.py
[2025-04-13T21:52:40.350+0000] {processor.py:914} INFO - Processing file /home/airflow/.local/lib/python3.12/site-packages/airflow/example_dags/example_dag_decorator.py for tasks to queue
[2025-04-13T21:52:40.371+0000] {logging_mixin.py:190} INFO - [2025-04-13T21:52:40.371+0000] {dagbag.py:588} INFO - Filling up the DagBag from /home/airflow/.local/lib/python3.12/site-packages/airflow/example_dags/example_dag_decorator.py
[2025-04-13T21:52:44.139+0000] {processor.py:925} INFO - DAG(s) 'example_dag_decorator' retrieved from /home/airflow/.local/lib/python3.12/site-packages/airflow/example_dags/example_dag_decorator.py
[2025-04-13T21:52:50.544+0000] {logging_mixin.py:190} INFO - [2025-04-13T21:52:50.543+0000] {dag.py:3239} INFO - Sync 1 DAGs
[2025-04-13T21:52:50.918+0000] {logging_mixin.py:190} INFO - [2025-04-13T21:52:50.918+0000] {dag.py:4180} INFO - Setting next_dagrun for example_dag_decorator to None, run_after=None
[2025-04-13T21:52:51.370+0000] {processor.py:208} INFO - Processing /home/airflow/.local/lib/python3.12/site-packages/airflow/example_dags/example_dag_decorator.py took 10.966 seconds
[2025-04-13T22:31:52.205+0000] {processor.py:186} INFO - Started process (PID=118) to work on /home/airflow/.local/lib/python3.12/site-packages/airflow/example_dags/example_dag_decorator.py
[2025-04-13T22:31:52.212+0000] {processor.py:914} INFO - Processing file /home/airflow/.local/lib/python3.12/site-packages/airflow/example_dags/example_dag_decorator.py for tasks to queue
[2025-04-13T22:31:52.225+0000] {logging_mixin.py:190} INFO - [2025-04-13T22:31:52.224+0000] {dagbag.py:588} INFO - Filling up the DagBag from /home/airflow/.local/lib/python3.12/site-packages/airflow/example_dags/example_dag_decorator.py
[2025-04-13T22:31:55.775+0000] {processor.py:925} INFO - DAG(s) 'example_dag_decorator' retrieved from /home/airflow/.local/lib/python3.12/site-packages/airflow/example_dags/example_dag_decorator.py
[2025-04-13T22:31:56.625+0000] {logging_mixin.py:190} INFO - [2025-04-13T22:31:56.624+0000] {dag.py:3239} INFO - Sync 1 DAGs
[2025-04-13T22:31:56.670+0000] {logging_mixin.py:190} INFO - [2025-04-13T22:31:56.670+0000] {dag.py:4180} INFO - Setting next_dagrun for example_dag_decorator to None, run_after=None
[2025-04-13T22:31:56.772+0000] {processor.py:208} INFO - Processing /home/airflow/.local/lib/python3.12/site-packages/airflow/example_dags/example_dag_decorator.py took 4.657 seconds
[2025-04-13T22:32:35.279+0000] {processor.py:186} INFO - Started process (PID=188) to work on /home/airflow/.local/lib/python3.12/site-packages/airflow/example_dags/example_dag_decorator.py
[2025-04-13T22:32:35.284+0000] {processor.py:914} INFO - Processing file /home/airflow/.local/lib/python3.12/site-packages/airflow/example_dags/example_dag_decorator.py for tasks to queue
[2025-04-13T22:32:35.298+0000] {logging_mixin.py:190} INFO - [2025-04-13T22:32:35.296+0000] {dagbag.py:588} INFO - Filling up the DagBag from /home/airflow/.local/lib/python3.12/site-packages/airflow/example_dags/example_dag_decorator.py
[2025-04-13T22:32:35.916+0000] {processor.py:925} INFO - DAG(s) 'example_dag_decorator' retrieved from /home/airflow/.local/lib/python3.12/site-packages/airflow/example_dags/example_dag_decorator.py
[2025-04-13T22:32:36.620+0000] {logging_mixin.py:190} INFO - [2025-04-13T22:32:36.613+0000] {dag.py:3239} INFO - Sync 1 DAGs
[2025-04-13T22:32:36.697+0000] {logging_mixin.py:190} INFO - [2025-04-13T22:32:36.697+0000] {dag.py:4180} INFO - Setting next_dagrun for example_dag_decorator to None, run_after=None
[2025-04-13T22:32:36.798+0000] {processor.py:208} INFO - Processing /home/airflow/.local/lib/python3.12/site-packages/airflow/example_dags/example_dag_decorator.py took 1.537 seconds
[2025-04-13T22:33:11.176+0000] {processor.py:186} INFO - Started process (PID=252) to work on /home/airflow/.local/lib/python3.12/site-packages/airflow/example_dags/example_dag_decorator.py
[2025-04-13T22:33:11.193+0000] {processor.py:914} INFO - Processing file /home/airflow/.local/lib/python3.12/site-packages/airflow/example_dags/example_dag_decorator.py for tasks to queue
[2025-04-13T22:33:11.202+0000] {logging_mixin.py:190} INFO - [2025-04-13T22:33:11.201+0000] {dagbag.py:588} INFO - Filling up the DagBag from /home/airflow/.local/lib/python3.12/site-packages/airflow/example_dags/example_dag_decorator.py
[2025-04-13T22:33:11.616+0000] {processor.py:925} INFO - DAG(s) 'example_dag_decorator' retrieved from /home/airflow/.local/lib/python3.12/site-packages/airflow/example_dags/example_dag_decorator.py
[2025-04-13T22:33:12.210+0000] {logging_mixin.py:190} INFO - [2025-04-13T22:33:12.210+0000] {dag.py:3239} INFO - Sync 1 DAGs
[2025-04-13T22:33:12.265+0000] {logging_mixin.py:190} INFO - [2025-04-13T22:33:12.264+0000] {dag.py:4180} INFO - Setting next_dagrun for example_dag_decorator to None, run_after=None
[2025-04-13T22:33:12.365+0000] {processor.py:208} INFO - Processing /home/airflow/.local/lib/python3.12/site-packages/airflow/example_dags/example_dag_decorator.py took 1.213 seconds
[2025-04-13T22:33:44.539+0000] {processor.py:186} INFO - Started process (PID=317) to work on /home/airflow/.local/lib/python3.12/site-packages/airflow/example_dags/example_dag_decorator.py
[2025-04-13T22:33:44.557+0000] {processor.py:914} INFO - Processing file /home/airflow/.local/lib/python3.12/site-packages/airflow/example_dags/example_dag_decorator.py for tasks to queue
[2025-04-13T22:33:44.568+0000] {logging_mixin.py:190} INFO - [2025-04-13T22:33:44.567+0000] {dagbag.py:588} INFO - Filling up the DagBag from /home/airflow/.local/lib/python3.12/site-packages/airflow/example_dags/example_dag_decorator.py
[2025-04-13T22:33:45.182+0000] {processor.py:925} INFO - DAG(s) 'example_dag_decorator' retrieved from /home/airflow/.local/lib/python3.12/site-packages/airflow/example_dags/example_dag_decorator.py
[2025-04-13T22:33:45.973+0000] {logging_mixin.py:190} INFO - [2025-04-13T22:33:45.972+0000] {dag.py:3239} INFO - Sync 1 DAGs
[2025-04-13T22:33:46.048+0000] {logging_mixin.py:190} INFO - [2025-04-13T22:33:46.048+0000] {dag.py:4180} INFO - Setting next_dagrun for example_dag_decorator to None, run_after=None
[2025-04-13T22:33:46.212+0000] {processor.py:208} INFO - Processing /home/airflow/.local/lib/python3.12/site-packages/airflow/example_dags/example_dag_decorator.py took 1.695 seconds
[2025-04-13T22:34:21.834+0000] {processor.py:186} INFO - Started process (PID=380) to work on /home/airflow/.local/lib/python3.12/site-packages/airflow/example_dags/example_dag_decorator.py
[2025-04-13T22:34:21.846+0000] {processor.py:914} INFO - Processing file /home/airflow/.local/lib/python3.12/site-packages/airflow/example_dags/example_dag_decorator.py for tasks to queue
[2025-04-13T22:34:21.879+0000] {logging_mixin.py:190} INFO - [2025-04-13T22:34:21.867+0000] {dagbag.py:588} INFO - Filling up the DagBag from /home/airflow/.local/lib/python3.12/site-packages/airflow/example_dags/example_dag_decorator.py
[2025-04-13T22:34:22.643+0000] {processor.py:925} INFO - DAG(s) 'example_dag_decorator' retrieved from /home/airflow/.local/lib/python3.12/site-packages/airflow/example_dags/example_dag_decorator.py
[2025-04-13T22:34:23.365+0000] {logging_mixin.py:190} INFO - [2025-04-13T22:34:23.364+0000] {dag.py:3239} INFO - Sync 1 DAGs
[2025-04-13T22:34:23.494+0000] {logging_mixin.py:190} INFO - [2025-04-13T22:34:23.494+0000] {dag.py:4180} INFO - Setting next_dagrun for example_dag_decorator to None, run_after=None
[2025-04-13T22:34:23.633+0000] {processor.py:208} INFO - Processing /home/airflow/.local/lib/python3.12/site-packages/airflow/example_dags/example_dag_decorator.py took 1.822 seconds
[2025-04-13T22:35:01.036+0000] {processor.py:186} INFO - Started process (PID=450) to work on /home/airflow/.local/lib/python3.12/site-packages/airflow/example_dags/example_dag_decorator.py
[2025-04-13T22:35:01.053+0000] {processor.py:914} INFO - Processing file /home/airflow/.local/lib/python3.12/site-packages/airflow/example_dags/example_dag_decorator.py for tasks to queue
[2025-04-13T22:35:01.101+0000] {logging_mixin.py:190} INFO - [2025-04-13T22:35:01.078+0000] {dagbag.py:588} INFO - Filling up the DagBag from /home/airflow/.local/lib/python3.12/site-packages/airflow/example_dags/example_dag_decorator.py
[2025-04-13T22:35:02.125+0000] {processor.py:925} INFO - DAG(s) 'example_dag_decorator' retrieved from /home/airflow/.local/lib/python3.12/site-packages/airflow/example_dags/example_dag_decorator.py
[2025-04-13T22:35:03.483+0000] {logging_mixin.py:190} INFO - [2025-04-13T22:35:03.471+0000] {dag.py:3239} INFO - Sync 1 DAGs
[2025-04-13T22:35:03.685+0000] {logging_mixin.py:190} INFO - [2025-04-13T22:35:03.685+0000] {dag.py:4180} INFO - Setting next_dagrun for example_dag_decorator to None, run_after=None
[2025-04-13T22:35:04.234+0000] {processor.py:208} INFO - Processing /home/airflow/.local/lib/python3.12/site-packages/airflow/example_dags/example_dag_decorator.py took 3.264 seconds
[2025-04-13T22:35:40.762+0000] {processor.py:186} INFO - Started process (PID=514) to work on /home/airflow/.local/lib/python3.12/site-packages/airflow/example_dags/example_dag_decorator.py
[2025-04-13T22:35:40.770+0000] {processor.py:914} INFO - Processing file /home/airflow/.local/lib/python3.12/site-packages/airflow/example_dags/example_dag_decorator.py for tasks to queue
[2025-04-13T22:35:40.786+0000] {logging_mixin.py:190} INFO - [2025-04-13T22:35:40.784+0000] {dagbag.py:588} INFO - Filling up the DagBag from /home/airflow/.local/lib/python3.12/site-packages/airflow/example_dags/example_dag_decorator.py
[2025-04-13T22:35:41.948+0000] {processor.py:925} INFO - DAG(s) 'example_dag_decorator' retrieved from /home/airflow/.local/lib/python3.12/site-packages/airflow/example_dags/example_dag_decorator.py
[2025-04-13T22:35:43.172+0000] {logging_mixin.py:190} INFO - [2025-04-13T22:35:43.172+0000] {dag.py:3239} INFO - Sync 1 DAGs
[2025-04-13T22:35:43.433+0000] {logging_mixin.py:190} INFO - [2025-04-13T22:35:43.420+0000] {dag.py:4180} INFO - Setting next_dagrun for example_dag_decorator to None, run_after=None
[2025-04-13T22:35:43.915+0000] {processor.py:208} INFO - Processing /home/airflow/.local/lib/python3.12/site-packages/airflow/example_dags/example_dag_decorator.py took 3.208 seconds
[2025-04-13T22:36:17.582+0000] {processor.py:186} INFO - Started process (PID=578) to work on /home/airflow/.local/lib/python3.12/site-packages/airflow/example_dags/example_dag_decorator.py
[2025-04-13T22:36:17.603+0000] {processor.py:914} INFO - Processing file /home/airflow/.local/lib/python3.12/site-packages/airflow/example_dags/example_dag_decorator.py for tasks to queue
[2025-04-13T22:36:17.661+0000] {logging_mixin.py:190} INFO - [2025-04-13T22:36:17.654+0000] {dagbag.py:588} INFO - Filling up the DagBag from /home/airflow/.local/lib/python3.12/site-packages/airflow/example_dags/example_dag_decorator.py
[2025-04-13T22:36:18.941+0000] {processor.py:925} INFO - DAG(s) 'example_dag_decorator' retrieved from /home/airflow/.local/lib/python3.12/site-packages/airflow/example_dags/example_dag_decorator.py
[2025-04-13T22:36:20.630+0000] {logging_mixin.py:190} INFO - [2025-04-13T22:36:20.630+0000] {dag.py:3239} INFO - Sync 1 DAGs
[2025-04-13T22:36:20.763+0000] {logging_mixin.py:190} INFO - [2025-04-13T22:36:20.762+0000] {dag.py:4180} INFO - Setting next_dagrun for example_dag_decorator to None, run_after=None
[2025-04-13T22:36:20.929+0000] {processor.py:208} INFO - Processing /home/airflow/.local/lib/python3.12/site-packages/airflow/example_dags/example_dag_decorator.py took 3.418 seconds
[2025-04-13T22:36:51.670+0000] {processor.py:186} INFO - Started process (PID=641) to work on /home/airflow/.local/lib/python3.12/site-packages/airflow/example_dags/example_dag_decorator.py
[2025-04-13T22:36:51.678+0000] {processor.py:914} INFO - Processing file /home/airflow/.local/lib/python3.12/site-packages/airflow/example_dags/example_dag_decorator.py for tasks to queue
[2025-04-13T22:36:51.735+0000] {logging_mixin.py:190} INFO - [2025-04-13T22:36:51.720+0000] {dagbag.py:588} INFO - Filling up the DagBag from /home/airflow/.local/lib/python3.12/site-packages/airflow/example_dags/example_dag_decorator.py
[2025-04-13T22:36:52.846+0000] {processor.py:925} INFO - DAG(s) 'example_dag_decorator' retrieved from /home/airflow/.local/lib/python3.12/site-packages/airflow/example_dags/example_dag_decorator.py
[2025-04-13T22:36:54.172+0000] {logging_mixin.py:190} INFO - [2025-04-13T22:36:54.171+0000] {dag.py:3239} INFO - Sync 1 DAGs
[2025-04-13T22:36:54.244+0000] {logging_mixin.py:190} INFO - [2025-04-13T22:36:54.243+0000] {dag.py:4180} INFO - Setting next_dagrun for example_dag_decorator to None, run_after=None
[2025-04-13T22:36:54.519+0000] {processor.py:208} INFO - Processing /home/airflow/.local/lib/python3.12/site-packages/airflow/example_dags/example_dag_decorator.py took 2.905 seconds
[2025-04-13T22:37:39.437+0000] {processor.py:186} INFO - Started process (PID=696) to work on /home/airflow/.local/lib/python3.12/site-packages/airflow/example_dags/example_dag_decorator.py
[2025-04-13T22:37:39.475+0000] {processor.py:914} INFO - Processing file /home/airflow/.local/lib/python3.12/site-packages/airflow/example_dags/example_dag_decorator.py for tasks to queue
[2025-04-13T22:37:39.496+0000] {logging_mixin.py:190} INFO - [2025-04-13T22:37:39.495+0000] {dagbag.py:588} INFO - Filling up the DagBag from /home/airflow/.local/lib/python3.12/site-packages/airflow/example_dags/example_dag_decorator.py
[2025-04-13T22:37:40.549+0000] {processor.py:925} INFO - DAG(s) 'example_dag_decorator' retrieved from /home/airflow/.local/lib/python3.12/site-packages/airflow/example_dags/example_dag_decorator.py
[2025-04-13T22:37:41.933+0000] {logging_mixin.py:190} INFO - [2025-04-13T22:37:41.924+0000] {dag.py:3239} INFO - Sync 1 DAGs
[2025-04-13T22:37:42.062+0000] {logging_mixin.py:190} INFO - [2025-04-13T22:37:42.062+0000] {dag.py:4180} INFO - Setting next_dagrun for example_dag_decorator to None, run_after=None
[2025-04-13T22:37:42.352+0000] {processor.py:208} INFO - Processing /home/airflow/.local/lib/python3.12/site-packages/airflow/example_dags/example_dag_decorator.py took 3.055 seconds
[2025-04-13T22:38:18.854+0000] {processor.py:186} INFO - Started process (PID=760) to work on /home/airflow/.local/lib/python3.12/site-packages/airflow/example_dags/example_dag_decorator.py
[2025-04-13T22:38:18.877+0000] {processor.py:914} INFO - Processing file /home/airflow/.local/lib/python3.12/site-packages/airflow/example_dags/example_dag_decorator.py for tasks to queue
[2025-04-13T22:38:18.912+0000] {logging_mixin.py:190} INFO - [2025-04-13T22:38:18.911+0000] {dagbag.py:588} INFO - Filling up the DagBag from /home/airflow/.local/lib/python3.12/site-packages/airflow/example_dags/example_dag_decorator.py
[2025-04-13T22:38:19.899+0000] {processor.py:925} INFO - DAG(s) 'example_dag_decorator' retrieved from /home/airflow/.local/lib/python3.12/site-packages/airflow/example_dags/example_dag_decorator.py
[2025-04-13T22:38:21.042+0000] {logging_mixin.py:190} INFO - [2025-04-13T22:38:21.042+0000] {dag.py:3239} INFO - Sync 1 DAGs
[2025-04-13T22:38:21.168+0000] {logging_mixin.py:190} INFO - [2025-04-13T22:38:21.167+0000] {dag.py:4180} INFO - Setting next_dagrun for example_dag_decorator to None, run_after=None
[2025-04-13T22:38:21.379+0000] {processor.py:208} INFO - Processing /home/airflow/.local/lib/python3.12/site-packages/airflow/example_dags/example_dag_decorator.py took 2.574 seconds
[2025-04-13T22:39:00.292+0000] {processor.py:186} INFO - Started process (PID=828) to work on /home/airflow/.local/lib/python3.12/site-packages/airflow/example_dags/example_dag_decorator.py
[2025-04-13T22:39:00.320+0000] {processor.py:914} INFO - Processing file /home/airflow/.local/lib/python3.12/site-packages/airflow/example_dags/example_dag_decorator.py for tasks to queue
[2025-04-13T22:39:00.399+0000] {logging_mixin.py:190} INFO - [2025-04-13T22:39:00.374+0000] {dagbag.py:588} INFO - Filling up the DagBag from /home/airflow/.local/lib/python3.12/site-packages/airflow/example_dags/example_dag_decorator.py
[2025-04-13T22:39:01.340+0000] {processor.py:925} INFO - DAG(s) 'example_dag_decorator' retrieved from /home/airflow/.local/lib/python3.12/site-packages/airflow/example_dags/example_dag_decorator.py
[2025-04-13T22:39:02.846+0000] {logging_mixin.py:190} INFO - [2025-04-13T22:39:02.845+0000] {dag.py:3239} INFO - Sync 1 DAGs
[2025-04-13T22:39:02.953+0000] {logging_mixin.py:190} INFO - [2025-04-13T22:39:02.953+0000] {dag.py:4180} INFO - Setting next_dagrun for example_dag_decorator to None, run_after=None
[2025-04-13T22:39:03.307+0000] {processor.py:208} INFO - Processing /home/airflow/.local/lib/python3.12/site-packages/airflow/example_dags/example_dag_decorator.py took 3.111 seconds
[2025-04-13T22:39:38.071+0000] {processor.py:186} INFO - Started process (PID=897) to work on /home/airflow/.local/lib/python3.12/site-packages/airflow/example_dags/example_dag_decorator.py
[2025-04-13T22:39:38.085+0000] {processor.py:914} INFO - Processing file /home/airflow/.local/lib/python3.12/site-packages/airflow/example_dags/example_dag_decorator.py for tasks to queue
[2025-04-13T22:39:38.093+0000] {logging_mixin.py:190} INFO - [2025-04-13T22:39:38.092+0000] {dagbag.py:588} INFO - Filling up the DagBag from /home/airflow/.local/lib/python3.12/site-packages/airflow/example_dags/example_dag_decorator.py
[2025-04-13T22:39:39.401+0000] {processor.py:925} INFO - DAG(s) 'example_dag_decorator' retrieved from /home/airflow/.local/lib/python3.12/site-packages/airflow/example_dags/example_dag_decorator.py
[2025-04-13T22:39:41.081+0000] {logging_mixin.py:190} INFO - [2025-04-13T22:39:41.081+0000] {dag.py:3239} INFO - Sync 1 DAGs
[2025-04-13T22:39:41.415+0000] {logging_mixin.py:190} INFO - [2025-04-13T22:39:41.414+0000] {dag.py:4180} INFO - Setting next_dagrun for example_dag_decorator to None, run_after=None
[2025-04-13T22:39:41.647+0000] {processor.py:208} INFO - Processing /home/airflow/.local/lib/python3.12/site-packages/airflow/example_dags/example_dag_decorator.py took 3.627 seconds
[2025-04-13T22:40:43.372+0000] {processor.py:186} INFO - Started process (PID=942) to work on /home/airflow/.local/lib/python3.12/site-packages/airflow/example_dags/example_dag_decorator.py
[2025-04-13T22:40:43.402+0000] {processor.py:914} INFO - Processing file /home/airflow/.local/lib/python3.12/site-packages/airflow/example_dags/example_dag_decorator.py for tasks to queue
[2025-04-13T22:40:43.475+0000] {logging_mixin.py:190} INFO - [2025-04-13T22:40:43.475+0000] {dagbag.py:588} INFO - Filling up the DagBag from /home/airflow/.local/lib/python3.12/site-packages/airflow/example_dags/example_dag_decorator.py
[2025-04-13T22:40:44.467+0000] {processor.py:925} INFO - DAG(s) 'example_dag_decorator' retrieved from /home/airflow/.local/lib/python3.12/site-packages/airflow/example_dags/example_dag_decorator.py
[2025-04-13T22:40:46.244+0000] {logging_mixin.py:190} INFO - [2025-04-13T22:40:46.207+0000] {dag.py:3239} INFO - Sync 1 DAGs
[2025-04-13T22:40:46.562+0000] {logging_mixin.py:190} INFO - [2025-04-13T22:40:46.552+0000] {dag.py:4180} INFO - Setting next_dagrun for example_dag_decorator to None, run_after=None
[2025-04-13T22:40:46.855+0000] {processor.py:208} INFO - Processing /home/airflow/.local/lib/python3.12/site-packages/airflow/example_dags/example_dag_decorator.py took 3.520 seconds
[2025-04-13T22:42:02.371+0000] {processor.py:186} INFO - Started process (PID=1006) to work on /home/airflow/.local/lib/python3.12/site-packages/airflow/example_dags/example_dag_decorator.py
[2025-04-13T22:42:02.398+0000] {processor.py:914} INFO - Processing file /home/airflow/.local/lib/python3.12/site-packages/airflow/example_dags/example_dag_decorator.py for tasks to queue
[2025-04-13T22:42:02.407+0000] {logging_mixin.py:190} INFO - [2025-04-13T22:42:02.406+0000] {dagbag.py:588} INFO - Filling up the DagBag from /home/airflow/.local/lib/python3.12/site-packages/airflow/example_dags/example_dag_decorator.py
[2025-04-13T22:42:03.073+0000] {processor.py:925} INFO - DAG(s) 'example_dag_decorator' retrieved from /home/airflow/.local/lib/python3.12/site-packages/airflow/example_dags/example_dag_decorator.py
[2025-04-13T22:42:03.779+0000] {logging_mixin.py:190} INFO - [2025-04-13T22:42:03.778+0000] {dag.py:3239} INFO - Sync 1 DAGs
[2025-04-13T22:42:03.912+0000] {logging_mixin.py:190} INFO - [2025-04-13T22:42:03.912+0000] {dag.py:4180} INFO - Setting next_dagrun for example_dag_decorator to None, run_after=None
[2025-04-13T22:42:04.056+0000] {processor.py:208} INFO - Processing /home/airflow/.local/lib/python3.12/site-packages/airflow/example_dags/example_dag_decorator.py took 1.767 seconds
[2025-04-13T22:42:40.383+0000] {processor.py:186} INFO - Started process (PID=1071) to work on /home/airflow/.local/lib/python3.12/site-packages/airflow/example_dags/example_dag_decorator.py
[2025-04-13T22:42:40.394+0000] {processor.py:914} INFO - Processing file /home/airflow/.local/lib/python3.12/site-packages/airflow/example_dags/example_dag_decorator.py for tasks to queue
[2025-04-13T22:42:40.403+0000] {logging_mixin.py:190} INFO - [2025-04-13T22:42:40.402+0000] {dagbag.py:588} INFO - Filling up the DagBag from /home/airflow/.local/lib/python3.12/site-packages/airflow/example_dags/example_dag_decorator.py
[2025-04-13T22:42:41.311+0000] {processor.py:925} INFO - DAG(s) 'example_dag_decorator' retrieved from /home/airflow/.local/lib/python3.12/site-packages/airflow/example_dags/example_dag_decorator.py
[2025-04-13T22:42:42.203+0000] {logging_mixin.py:190} INFO - [2025-04-13T22:42:42.202+0000] {dag.py:3239} INFO - Sync 1 DAGs
[2025-04-13T22:42:42.349+0000] {logging_mixin.py:190} INFO - [2025-04-13T22:42:42.348+0000] {dag.py:4180} INFO - Setting next_dagrun for example_dag_decorator to None, run_after=None
[2025-04-13T22:42:42.565+0000] {processor.py:208} INFO - Processing /home/airflow/.local/lib/python3.12/site-packages/airflow/example_dags/example_dag_decorator.py took 2.268 seconds
[2025-04-13T22:43:48.271+0000] {processor.py:186} INFO - Started process (PID=1150) to work on /home/airflow/.local/lib/python3.12/site-packages/airflow/example_dags/example_dag_decorator.py
[2025-04-13T22:43:48.279+0000] {processor.py:914} INFO - Processing file /home/airflow/.local/lib/python3.12/site-packages/airflow/example_dags/example_dag_decorator.py for tasks to queue
[2025-04-13T22:43:48.286+0000] {logging_mixin.py:190} INFO - [2025-04-13T22:43:48.285+0000] {dagbag.py:588} INFO - Filling up the DagBag from /home/airflow/.local/lib/python3.12/site-packages/airflow/example_dags/example_dag_decorator.py
[2025-04-13T22:43:51.264+0000] {processor.py:925} INFO - DAG(s) 'example_dag_decorator' retrieved from /home/airflow/.local/lib/python3.12/site-packages/airflow/example_dags/example_dag_decorator.py
[2025-04-13T22:43:56.914+0000] {logging_mixin.py:190} INFO - [2025-04-13T22:43:56.913+0000] {dag.py:3239} INFO - Sync 1 DAGs
[2025-04-13T22:43:57.471+0000] {logging_mixin.py:190} INFO - [2025-04-13T22:43:57.407+0000] {dag.py:4180} INFO - Setting next_dagrun for example_dag_decorator to None, run_after=None
[2025-04-13T22:43:59.058+0000] {processor.py:208} INFO - Processing /home/airflow/.local/lib/python3.12/site-packages/airflow/example_dags/example_dag_decorator.py took 10.883 seconds
[2025-04-13T22:45:12.643+0000] {processor.py:186} INFO - Started process (PID=1227) to work on /home/airflow/.local/lib/python3.12/site-packages/airflow/example_dags/example_dag_decorator.py
[2025-04-13T22:45:12.653+0000] {processor.py:914} INFO - Processing file /home/airflow/.local/lib/python3.12/site-packages/airflow/example_dags/example_dag_decorator.py for tasks to queue
[2025-04-13T22:45:12.663+0000] {logging_mixin.py:190} INFO - [2025-04-13T22:45:12.662+0000] {dagbag.py:588} INFO - Filling up the DagBag from /home/airflow/.local/lib/python3.12/site-packages/airflow/example_dags/example_dag_decorator.py
[2025-04-13T22:45:13.461+0000] {processor.py:925} INFO - DAG(s) 'example_dag_decorator' retrieved from /home/airflow/.local/lib/python3.12/site-packages/airflow/example_dags/example_dag_decorator.py
[2025-04-13T22:45:14.760+0000] {logging_mixin.py:190} INFO - [2025-04-13T22:45:14.759+0000] {dag.py:3239} INFO - Sync 1 DAGs
[2025-04-13T22:45:14.861+0000] {logging_mixin.py:190} INFO - [2025-04-13T22:45:14.860+0000] {dag.py:4180} INFO - Setting next_dagrun for example_dag_decorator to None, run_after=None
[2025-04-13T22:45:14.980+0000] {processor.py:208} INFO - Processing /home/airflow/.local/lib/python3.12/site-packages/airflow/example_dags/example_dag_decorator.py took 2.761 seconds
