[2025-04-13T16:48:26.144+0000] {processor.py:186} INFO - Started process (PID=95) to work on /home/airflow/.local/lib/python3.12/site-packages/airflow/example_dags/example_setup_teardown.py
[2025-04-13T16:48:26.188+0000] {processor.py:914} INFO - Processing file /home/airflow/.local/lib/python3.12/site-packages/airflow/example_dags/example_setup_teardown.py for tasks to queue
[2025-04-13T16:48:26.220+0000] {logging_mixin.py:190} INFO - [2025-04-13T16:48:26.205+0000] {dagbag.py:588} INFO - Filling up the DagBag from /home/airflow/.local/lib/python3.12/site-packages/airflow/example_dags/example_setup_teardown.py
[2025-04-13T16:48:26.316+0000] {processor.py:925} INFO - DAG(s) 'example_setup_teardown' retrieved from /home/airflow/.local/lib/python3.12/site-packages/airflow/example_dags/example_setup_teardown.py
[2025-04-13T16:48:27.364+0000] {logging_mixin.py:190} INFO - [2025-04-13T16:48:27.363+0000] {override.py:1912} INFO - Created Permission View: can read on DAG:example_setup_teardown
[2025-04-13T16:48:27.430+0000] {logging_mixin.py:190} INFO - [2025-04-13T16:48:27.423+0000] {override.py:1912} INFO - Created Permission View: can edit on DAG:example_setup_teardown
[2025-04-13T16:48:27.485+0000] {logging_mixin.py:190} INFO - [2025-04-13T16:48:27.485+0000] {override.py:1912} INFO - Created Permission View: can delete on DAG:example_setup_teardown
[2025-04-13T16:48:27.576+0000] {logging_mixin.py:190} INFO - [2025-04-13T16:48:27.574+0000] {override.py:1912} INFO - Created Permission View: can read on DAG Run:example_setup_teardown
[2025-04-13T16:48:27.639+0000] {logging_mixin.py:190} INFO - [2025-04-13T16:48:27.637+0000] {override.py:1912} INFO - Created Permission View: menu access on DAG Run:example_setup_teardown
[2025-04-13T16:48:27.691+0000] {logging_mixin.py:190} INFO - [2025-04-13T16:48:27.690+0000] {override.py:1912} INFO - Created Permission View: can create on DAG Run:example_setup_teardown
[2025-04-13T16:48:27.840+0000] {logging_mixin.py:190} INFO - [2025-04-13T16:48:27.839+0000] {override.py:1912} INFO - Created Permission View: can delete on DAG Run:example_setup_teardown
[2025-04-13T16:48:27.841+0000] {logging_mixin.py:190} INFO - [2025-04-13T16:48:27.841+0000] {dag.py:3239} INFO - Sync 1 DAGs
[2025-04-13T16:48:28.069+0000] {logging_mixin.py:190} INFO - [2025-04-13T16:48:28.069+0000] {dag.py:3262} INFO - Creating ORM DAG for example_setup_teardown
[2025-04-13T16:48:28.096+0000] {logging_mixin.py:190} INFO - [2025-04-13T16:48:28.076+0000] {dag.py:4180} INFO - Setting next_dagrun for example_setup_teardown to None, run_after=None
[2025-04-13T16:48:28.217+0000] {processor.py:208} INFO - Processing /home/airflow/.local/lib/python3.12/site-packages/airflow/example_dags/example_setup_teardown.py took 2.162 seconds
[2025-04-13T16:50:34.302+0000] {processor.py:186} INFO - Started process (PID=176) to work on /home/airflow/.local/lib/python3.12/site-packages/airflow/example_dags/example_setup_teardown.py
[2025-04-13T16:50:34.325+0000] {processor.py:914} INFO - Processing file /home/airflow/.local/lib/python3.12/site-packages/airflow/example_dags/example_setup_teardown.py for tasks to queue
[2025-04-13T16:50:34.353+0000] {logging_mixin.py:190} INFO - [2025-04-13T16:50:34.339+0000] {dagbag.py:588} INFO - Filling up the DagBag from /home/airflow/.local/lib/python3.12/site-packages/airflow/example_dags/example_setup_teardown.py
[2025-04-13T16:50:34.405+0000] {processor.py:925} INFO - DAG(s) 'example_setup_teardown' retrieved from /home/airflow/.local/lib/python3.12/site-packages/airflow/example_dags/example_setup_teardown.py
[2025-04-13T16:50:34.570+0000] {logging_mixin.py:190} INFO - [2025-04-13T16:50:34.570+0000] {dag.py:3239} INFO - Sync 1 DAGs
[2025-04-13T16:50:34.637+0000] {logging_mixin.py:190} INFO - [2025-04-13T16:50:34.637+0000] {dag.py:4180} INFO - Setting next_dagrun for example_setup_teardown to None, run_after=None
[2025-04-13T16:50:34.891+0000] {processor.py:208} INFO - Processing /home/airflow/.local/lib/python3.12/site-packages/airflow/example_dags/example_setup_teardown.py took 0.653 seconds
[2025-04-13T16:51:08.734+0000] {processor.py:186} INFO - Started process (PID=225) to work on /home/airflow/.local/lib/python3.12/site-packages/airflow/example_dags/example_setup_teardown.py
[2025-04-13T16:51:08.753+0000] {processor.py:914} INFO - Processing file /home/airflow/.local/lib/python3.12/site-packages/airflow/example_dags/example_setup_teardown.py for tasks to queue
[2025-04-13T16:51:08.766+0000] {logging_mixin.py:190} INFO - [2025-04-13T16:51:08.765+0000] {dagbag.py:588} INFO - Filling up the DagBag from /home/airflow/.local/lib/python3.12/site-packages/airflow/example_dags/example_setup_teardown.py
[2025-04-13T16:51:08.787+0000] {processor.py:925} INFO - DAG(s) 'example_setup_teardown' retrieved from /home/airflow/.local/lib/python3.12/site-packages/airflow/example_dags/example_setup_teardown.py
[2025-04-13T16:51:08.922+0000] {logging_mixin.py:190} INFO - [2025-04-13T16:51:08.922+0000] {dag.py:3239} INFO - Sync 1 DAGs
[2025-04-13T16:51:08.972+0000] {logging_mixin.py:190} INFO - [2025-04-13T16:51:08.970+0000] {dag.py:4180} INFO - Setting next_dagrun for example_setup_teardown to None, run_after=None
[2025-04-13T16:51:09.070+0000] {processor.py:208} INFO - Processing /home/airflow/.local/lib/python3.12/site-packages/airflow/example_dags/example_setup_teardown.py took 0.350 seconds
[2025-04-13T16:51:42.252+0000] {processor.py:186} INFO - Started process (PID=286) to work on /home/airflow/.local/lib/python3.12/site-packages/airflow/example_dags/example_setup_teardown.py
[2025-04-13T16:51:42.268+0000] {processor.py:914} INFO - Processing file /home/airflow/.local/lib/python3.12/site-packages/airflow/example_dags/example_setup_teardown.py for tasks to queue
[2025-04-13T16:51:42.285+0000] {logging_mixin.py:190} INFO - [2025-04-13T16:51:42.284+0000] {dagbag.py:588} INFO - Filling up the DagBag from /home/airflow/.local/lib/python3.12/site-packages/airflow/example_dags/example_setup_teardown.py
[2025-04-13T16:51:42.330+0000] {processor.py:925} INFO - DAG(s) 'example_setup_teardown' retrieved from /home/airflow/.local/lib/python3.12/site-packages/airflow/example_dags/example_setup_teardown.py
[2025-04-13T16:51:42.415+0000] {logging_mixin.py:190} INFO - [2025-04-13T16:51:42.415+0000] {dag.py:3239} INFO - Sync 1 DAGs
[2025-04-13T16:51:42.460+0000] {logging_mixin.py:190} INFO - [2025-04-13T16:51:42.459+0000] {dag.py:4180} INFO - Setting next_dagrun for example_setup_teardown to None, run_after=None
[2025-04-13T16:51:42.521+0000] {processor.py:208} INFO - Processing /home/airflow/.local/lib/python3.12/site-packages/airflow/example_dags/example_setup_teardown.py took 0.282 seconds
[2025-04-13T16:52:16.169+0000] {processor.py:186} INFO - Started process (PID=349) to work on /home/airflow/.local/lib/python3.12/site-packages/airflow/example_dags/example_setup_teardown.py
[2025-04-13T16:52:16.172+0000] {processor.py:914} INFO - Processing file /home/airflow/.local/lib/python3.12/site-packages/airflow/example_dags/example_setup_teardown.py for tasks to queue
[2025-04-13T16:52:16.177+0000] {logging_mixin.py:190} INFO - [2025-04-13T16:52:16.177+0000] {dagbag.py:588} INFO - Filling up the DagBag from /home/airflow/.local/lib/python3.12/site-packages/airflow/example_dags/example_setup_teardown.py
[2025-04-13T16:52:16.213+0000] {processor.py:925} INFO - DAG(s) 'example_setup_teardown' retrieved from /home/airflow/.local/lib/python3.12/site-packages/airflow/example_dags/example_setup_teardown.py
[2025-04-13T16:52:16.317+0000] {logging_mixin.py:190} INFO - [2025-04-13T16:52:16.317+0000] {dag.py:3239} INFO - Sync 1 DAGs
[2025-04-13T16:52:16.393+0000] {logging_mixin.py:190} INFO - [2025-04-13T16:52:16.392+0000] {dag.py:4180} INFO - Setting next_dagrun for example_setup_teardown to None, run_after=None
[2025-04-13T16:52:16.474+0000] {processor.py:208} INFO - Processing /home/airflow/.local/lib/python3.12/site-packages/airflow/example_dags/example_setup_teardown.py took 0.328 seconds
[2025-04-13T16:52:48.123+0000] {processor.py:186} INFO - Started process (PID=412) to work on /home/airflow/.local/lib/python3.12/site-packages/airflow/example_dags/example_setup_teardown.py
[2025-04-13T16:52:48.127+0000] {processor.py:914} INFO - Processing file /home/airflow/.local/lib/python3.12/site-packages/airflow/example_dags/example_setup_teardown.py for tasks to queue
[2025-04-13T16:52:48.135+0000] {logging_mixin.py:190} INFO - [2025-04-13T16:52:48.134+0000] {dagbag.py:588} INFO - Filling up the DagBag from /home/airflow/.local/lib/python3.12/site-packages/airflow/example_dags/example_setup_teardown.py
[2025-04-13T16:52:48.184+0000] {processor.py:925} INFO - DAG(s) 'example_setup_teardown' retrieved from /home/airflow/.local/lib/python3.12/site-packages/airflow/example_dags/example_setup_teardown.py
[2025-04-13T16:52:48.270+0000] {logging_mixin.py:190} INFO - [2025-04-13T16:52:48.270+0000] {dag.py:3239} INFO - Sync 1 DAGs
[2025-04-13T16:52:48.339+0000] {logging_mixin.py:190} INFO - [2025-04-13T16:52:48.334+0000] {dag.py:4180} INFO - Setting next_dagrun for example_setup_teardown to None, run_after=None
[2025-04-13T16:52:48.484+0000] {processor.py:208} INFO - Processing /home/airflow/.local/lib/python3.12/site-packages/airflow/example_dags/example_setup_teardown.py took 0.398 seconds
[2025-04-13T16:53:33.660+0000] {processor.py:186} INFO - Started process (PID=471) to work on /home/airflow/.local/lib/python3.12/site-packages/airflow/example_dags/example_setup_teardown.py
[2025-04-13T16:53:33.674+0000] {processor.py:914} INFO - Processing file /home/airflow/.local/lib/python3.12/site-packages/airflow/example_dags/example_setup_teardown.py for tasks to queue
[2025-04-13T16:53:33.682+0000] {logging_mixin.py:190} INFO - [2025-04-13T16:53:33.681+0000] {dagbag.py:588} INFO - Filling up the DagBag from /home/airflow/.local/lib/python3.12/site-packages/airflow/example_dags/example_setup_teardown.py
[2025-04-13T16:53:33.750+0000] {processor.py:925} INFO - DAG(s) 'example_setup_teardown' retrieved from /home/airflow/.local/lib/python3.12/site-packages/airflow/example_dags/example_setup_teardown.py
[2025-04-13T16:53:33.895+0000] {logging_mixin.py:190} INFO - [2025-04-13T16:53:33.895+0000] {dag.py:3239} INFO - Sync 1 DAGs
[2025-04-13T16:53:33.993+0000] {logging_mixin.py:190} INFO - [2025-04-13T16:53:33.991+0000] {dag.py:4180} INFO - Setting next_dagrun for example_setup_teardown to None, run_after=None
[2025-04-13T16:53:34.115+0000] {processor.py:208} INFO - Processing /home/airflow/.local/lib/python3.12/site-packages/airflow/example_dags/example_setup_teardown.py took 0.520 seconds
[2025-04-13T16:54:04.544+0000] {processor.py:186} INFO - Started process (PID=535) to work on /home/airflow/.local/lib/python3.12/site-packages/airflow/example_dags/example_setup_teardown.py
[2025-04-13T16:54:04.549+0000] {processor.py:914} INFO - Processing file /home/airflow/.local/lib/python3.12/site-packages/airflow/example_dags/example_setup_teardown.py for tasks to queue
[2025-04-13T16:54:04.564+0000] {logging_mixin.py:190} INFO - [2025-04-13T16:54:04.563+0000] {dagbag.py:588} INFO - Filling up the DagBag from /home/airflow/.local/lib/python3.12/site-packages/airflow/example_dags/example_setup_teardown.py
[2025-04-13T16:54:04.584+0000] {processor.py:925} INFO - DAG(s) 'example_setup_teardown' retrieved from /home/airflow/.local/lib/python3.12/site-packages/airflow/example_dags/example_setup_teardown.py
[2025-04-13T16:54:04.669+0000] {logging_mixin.py:190} INFO - [2025-04-13T16:54:04.669+0000] {dag.py:3239} INFO - Sync 1 DAGs
[2025-04-13T16:54:04.750+0000] {logging_mixin.py:190} INFO - [2025-04-13T16:54:04.747+0000] {dag.py:4180} INFO - Setting next_dagrun for example_setup_teardown to None, run_after=None
[2025-04-13T16:54:04.815+0000] {processor.py:208} INFO - Processing /home/airflow/.local/lib/python3.12/site-packages/airflow/example_dags/example_setup_teardown.py took 0.287 seconds
[2025-04-13T16:54:49.248+0000] {processor.py:186} INFO - Started process (PID=593) to work on /home/airflow/.local/lib/python3.12/site-packages/airflow/example_dags/example_setup_teardown.py
[2025-04-13T16:54:49.265+0000] {processor.py:914} INFO - Processing file /home/airflow/.local/lib/python3.12/site-packages/airflow/example_dags/example_setup_teardown.py for tasks to queue
[2025-04-13T16:54:49.275+0000] {logging_mixin.py:190} INFO - [2025-04-13T16:54:49.273+0000] {dagbag.py:588} INFO - Filling up the DagBag from /home/airflow/.local/lib/python3.12/site-packages/airflow/example_dags/example_setup_teardown.py
[2025-04-13T16:54:49.325+0000] {processor.py:925} INFO - DAG(s) 'example_setup_teardown' retrieved from /home/airflow/.local/lib/python3.12/site-packages/airflow/example_dags/example_setup_teardown.py
[2025-04-13T16:54:49.482+0000] {logging_mixin.py:190} INFO - [2025-04-13T16:54:49.481+0000] {dag.py:3239} INFO - Sync 1 DAGs
[2025-04-13T16:54:49.750+0000] {logging_mixin.py:190} INFO - [2025-04-13T16:54:49.749+0000] {dag.py:4180} INFO - Setting next_dagrun for example_setup_teardown to None, run_after=None
[2025-04-13T16:54:50.099+0000] {processor.py:208} INFO - Processing /home/airflow/.local/lib/python3.12/site-packages/airflow/example_dags/example_setup_teardown.py took 0.875 seconds
[2025-04-13T17:02:44.815+0000] {processor.py:186} INFO - Started process (PID=97) to work on /home/airflow/.local/lib/python3.12/site-packages/airflow/example_dags/example_setup_teardown.py
[2025-04-13T17:02:44.857+0000] {processor.py:914} INFO - Processing file /home/airflow/.local/lib/python3.12/site-packages/airflow/example_dags/example_setup_teardown.py for tasks to queue
[2025-04-13T17:02:44.889+0000] {logging_mixin.py:190} INFO - [2025-04-13T17:02:44.889+0000] {dagbag.py:588} INFO - Filling up the DagBag from /home/airflow/.local/lib/python3.12/site-packages/airflow/example_dags/example_setup_teardown.py
[2025-04-13T17:02:45.162+0000] {processor.py:925} INFO - DAG(s) 'example_setup_teardown' retrieved from /home/airflow/.local/lib/python3.12/site-packages/airflow/example_dags/example_setup_teardown.py
[2025-04-13T17:02:50.467+0000] {logging_mixin.py:190} INFO - [2025-04-13T17:02:50.452+0000] {dag.py:3239} INFO - Sync 1 DAGs
[2025-04-13T17:02:51.084+0000] {logging_mixin.py:190} INFO - [2025-04-13T17:02:51.083+0000] {dag.py:4180} INFO - Setting next_dagrun for example_setup_teardown to None, run_after=None
[2025-04-13T17:02:51.690+0000] {processor.py:208} INFO - Processing /home/airflow/.local/lib/python3.12/site-packages/airflow/example_dags/example_setup_teardown.py took 6.981 seconds
[2025-04-13T17:05:15.166+0000] {processor.py:186} INFO - Started process (PID=184) to work on /home/airflow/.local/lib/python3.12/site-packages/airflow/example_dags/example_setup_teardown.py
[2025-04-13T17:05:15.251+0000] {processor.py:914} INFO - Processing file /home/airflow/.local/lib/python3.12/site-packages/airflow/example_dags/example_setup_teardown.py for tasks to queue
[2025-04-13T17:05:15.276+0000] {logging_mixin.py:190} INFO - [2025-04-13T17:05:15.275+0000] {dagbag.py:588} INFO - Filling up the DagBag from /home/airflow/.local/lib/python3.12/site-packages/airflow/example_dags/example_setup_teardown.py
[2025-04-13T17:05:15.436+0000] {processor.py:925} INFO - DAG(s) 'example_setup_teardown' retrieved from /home/airflow/.local/lib/python3.12/site-packages/airflow/example_dags/example_setup_teardown.py
[2025-04-13T17:05:15.921+0000] {logging_mixin.py:190} INFO - [2025-04-13T17:05:15.920+0000] {dag.py:3239} INFO - Sync 1 DAGs
[2025-04-13T17:05:16.454+0000] {logging_mixin.py:190} INFO - [2025-04-13T17:05:16.453+0000] {dag.py:4180} INFO - Setting next_dagrun for example_setup_teardown to None, run_after=None
[2025-04-13T17:05:17.472+0000] {processor.py:208} INFO - Processing /home/airflow/.local/lib/python3.12/site-packages/airflow/example_dags/example_setup_teardown.py took 2.416 seconds
[2025-04-13T17:22:29.454+0000] {processor.py:186} INFO - Started process (PID=140) to work on /home/airflow/.local/lib/python3.12/site-packages/airflow/example_dags/example_setup_teardown.py
[2025-04-13T17:22:29.483+0000] {processor.py:914} INFO - Processing file /home/airflow/.local/lib/python3.12/site-packages/airflow/example_dags/example_setup_teardown.py for tasks to queue
[2025-04-13T17:22:29.656+0000] {logging_mixin.py:190} INFO - [2025-04-13T17:22:29.654+0000] {dagbag.py:588} INFO - Filling up the DagBag from /home/airflow/.local/lib/python3.12/site-packages/airflow/example_dags/example_setup_teardown.py
[2025-04-13T17:22:30.011+0000] {processor.py:925} INFO - DAG(s) 'example_setup_teardown' retrieved from /home/airflow/.local/lib/python3.12/site-packages/airflow/example_dags/example_setup_teardown.py
[2025-04-13T17:22:33.928+0000] {logging_mixin.py:190} INFO - [2025-04-13T17:22:33.928+0000] {dag.py:3239} INFO - Sync 1 DAGs
[2025-04-13T17:22:34.927+0000] {logging_mixin.py:190} INFO - [2025-04-13T17:22:34.926+0000] {dag.py:4180} INFO - Setting next_dagrun for example_setup_teardown to None, run_after=None
[2025-04-13T17:22:37.339+0000] {processor.py:208} INFO - Processing /home/airflow/.local/lib/python3.12/site-packages/airflow/example_dags/example_setup_teardown.py took 8.588 seconds
[2025-04-13T18:08:46.726+0000] {processor.py:186} INFO - Started process (PID=236) to work on /home/airflow/.local/lib/python3.12/site-packages/airflow/example_dags/example_setup_teardown.py
[2025-04-13T18:08:47.159+0000] {processor.py:914} INFO - Processing file /home/airflow/.local/lib/python3.12/site-packages/airflow/example_dags/example_setup_teardown.py for tasks to queue
[2025-04-13T18:08:47.776+0000] {logging_mixin.py:190} INFO - [2025-04-13T18:08:47.775+0000] {dagbag.py:588} INFO - Filling up the DagBag from /home/airflow/.local/lib/python3.12/site-packages/airflow/example_dags/example_setup_teardown.py
[2025-04-13T18:08:48.828+0000] {processor.py:925} INFO - DAG(s) 'example_setup_teardown' retrieved from /home/airflow/.local/lib/python3.12/site-packages/airflow/example_dags/example_setup_teardown.py
[2025-04-13T18:08:54.979+0000] {logging_mixin.py:190} INFO - [2025-04-13T18:08:54.978+0000] {dag.py:3239} INFO - Sync 1 DAGs
[2025-04-13T18:08:56.949+0000] {logging_mixin.py:190} INFO - [2025-04-13T18:08:56.948+0000] {dag.py:4180} INFO - Setting next_dagrun for example_setup_teardown to None, run_after=None
[2025-04-13T18:08:58.130+0000] {processor.py:208} INFO - Processing /home/airflow/.local/lib/python3.12/site-packages/airflow/example_dags/example_setup_teardown.py took 11.666 seconds
[2025-04-13T18:17:36.302+0000] {processor.py:186} INFO - Started process (PID=376) to work on /home/airflow/.local/lib/python3.12/site-packages/airflow/example_dags/example_setup_teardown.py
[2025-04-13T18:17:36.601+0000] {processor.py:914} INFO - Processing file /home/airflow/.local/lib/python3.12/site-packages/airflow/example_dags/example_setup_teardown.py for tasks to queue
[2025-04-13T18:17:37.009+0000] {logging_mixin.py:190} INFO - [2025-04-13T18:17:37.008+0000] {dagbag.py:588} INFO - Filling up the DagBag from /home/airflow/.local/lib/python3.12/site-packages/airflow/example_dags/example_setup_teardown.py
[2025-04-13T18:17:39.199+0000] {processor.py:925} INFO - DAG(s) 'example_setup_teardown' retrieved from /home/airflow/.local/lib/python3.12/site-packages/airflow/example_dags/example_setup_teardown.py
[2025-04-13T18:17:42.100+0000] {logging_mixin.py:190} INFO - [2025-04-13T18:17:42.099+0000] {dag.py:3239} INFO - Sync 1 DAGs
[2025-04-13T18:17:43.869+0000] {logging_mixin.py:190} INFO - [2025-04-13T18:17:43.865+0000] {dag.py:4180} INFO - Setting next_dagrun for example_setup_teardown to None, run_after=None
[2025-04-13T18:17:45.860+0000] {processor.py:208} INFO - Processing /home/airflow/.local/lib/python3.12/site-packages/airflow/example_dags/example_setup_teardown.py took 10.603 seconds
[2025-04-13T18:24:37.975+0000] {processor.py:186} INFO - Started process (PID=498) to work on /home/airflow/.local/lib/python3.12/site-packages/airflow/example_dags/example_setup_teardown.py
[2025-04-13T18:24:38.594+0000] {processor.py:914} INFO - Processing file /home/airflow/.local/lib/python3.12/site-packages/airflow/example_dags/example_setup_teardown.py for tasks to queue
[2025-04-13T18:24:38.742+0000] {logging_mixin.py:190} INFO - [2025-04-13T18:24:38.741+0000] {dagbag.py:588} INFO - Filling up the DagBag from /home/airflow/.local/lib/python3.12/site-packages/airflow/example_dags/example_setup_teardown.py
[2025-04-13T18:24:40.739+0000] {processor.py:925} INFO - DAG(s) 'example_setup_teardown' retrieved from /home/airflow/.local/lib/python3.12/site-packages/airflow/example_dags/example_setup_teardown.py
[2025-04-13T18:24:42.996+0000] {logging_mixin.py:190} INFO - [2025-04-13T18:24:42.996+0000] {dag.py:3239} INFO - Sync 1 DAGs
[2025-04-13T18:24:46.211+0000] {logging_mixin.py:190} INFO - [2025-04-13T18:24:45.585+0000] {dag.py:4180} INFO - Setting next_dagrun for example_setup_teardown to None, run_after=None
[2025-04-13T18:24:49.922+0000] {processor.py:208} INFO - Processing /home/airflow/.local/lib/python3.12/site-packages/airflow/example_dags/example_setup_teardown.py took 12.718 seconds
[2025-04-13T20:51:40.297+0000] {processor.py:186} INFO - Started process (PID=82) to work on /home/airflow/.local/lib/python3.12/site-packages/airflow/example_dags/example_setup_teardown.py
[2025-04-13T20:51:40.300+0000] {processor.py:914} INFO - Processing file /home/airflow/.local/lib/python3.12/site-packages/airflow/example_dags/example_setup_teardown.py for tasks to queue
[2025-04-13T20:51:40.304+0000] {logging_mixin.py:190} INFO - [2025-04-13T20:51:40.304+0000] {dagbag.py:588} INFO - Filling up the DagBag from /home/airflow/.local/lib/python3.12/site-packages/airflow/example_dags/example_setup_teardown.py
[2025-04-13T20:51:40.374+0000] {processor.py:925} INFO - DAG(s) 'example_setup_teardown' retrieved from /home/airflow/.local/lib/python3.12/site-packages/airflow/example_dags/example_setup_teardown.py
[2025-04-13T20:51:40.534+0000] {logging_mixin.py:190} INFO - [2025-04-13T20:51:40.534+0000] {dag.py:3239} INFO - Sync 1 DAGs
[2025-04-13T20:51:40.650+0000] {logging_mixin.py:190} INFO - [2025-04-13T20:51:40.649+0000] {dag.py:4180} INFO - Setting next_dagrun for example_setup_teardown to None, run_after=None
[2025-04-13T20:51:40.727+0000] {processor.py:208} INFO - Processing /home/airflow/.local/lib/python3.12/site-packages/airflow/example_dags/example_setup_teardown.py took 0.480 seconds
[2025-04-13T20:52:18.055+0000] {processor.py:186} INFO - Started process (PID=152) to work on /home/airflow/.local/lib/python3.12/site-packages/airflow/example_dags/example_setup_teardown.py
[2025-04-13T20:52:18.073+0000] {processor.py:914} INFO - Processing file /home/airflow/.local/lib/python3.12/site-packages/airflow/example_dags/example_setup_teardown.py for tasks to queue
[2025-04-13T20:52:18.113+0000] {logging_mixin.py:190} INFO - [2025-04-13T20:52:18.112+0000] {dagbag.py:588} INFO - Filling up the DagBag from /home/airflow/.local/lib/python3.12/site-packages/airflow/example_dags/example_setup_teardown.py
[2025-04-13T20:52:18.161+0000] {processor.py:925} INFO - DAG(s) 'example_setup_teardown' retrieved from /home/airflow/.local/lib/python3.12/site-packages/airflow/example_dags/example_setup_teardown.py
[2025-04-13T20:52:18.273+0000] {logging_mixin.py:190} INFO - [2025-04-13T20:52:18.273+0000] {dag.py:3239} INFO - Sync 1 DAGs
[2025-04-13T20:52:18.319+0000] {logging_mixin.py:190} INFO - [2025-04-13T20:52:18.318+0000] {dag.py:4180} INFO - Setting next_dagrun for example_setup_teardown to None, run_after=None
[2025-04-13T20:52:18.456+0000] {processor.py:208} INFO - Processing /home/airflow/.local/lib/python3.12/site-packages/airflow/example_dags/example_setup_teardown.py took 0.432 seconds
[2025-04-13T20:52:59.199+0000] {processor.py:186} INFO - Started process (PID=216) to work on /home/airflow/.local/lib/python3.12/site-packages/airflow/example_dags/example_setup_teardown.py
[2025-04-13T20:52:59.213+0000] {processor.py:914} INFO - Processing file /home/airflow/.local/lib/python3.12/site-packages/airflow/example_dags/example_setup_teardown.py for tasks to queue
[2025-04-13T20:52:59.222+0000] {logging_mixin.py:190} INFO - [2025-04-13T20:52:59.222+0000] {dagbag.py:588} INFO - Filling up the DagBag from /home/airflow/.local/lib/python3.12/site-packages/airflow/example_dags/example_setup_teardown.py
[2025-04-13T20:52:59.253+0000] {processor.py:925} INFO - DAG(s) 'example_setup_teardown' retrieved from /home/airflow/.local/lib/python3.12/site-packages/airflow/example_dags/example_setup_teardown.py
[2025-04-13T20:52:59.494+0000] {logging_mixin.py:190} INFO - [2025-04-13T20:52:59.494+0000] {dag.py:3239} INFO - Sync 1 DAGs
[2025-04-13T20:52:59.560+0000] {logging_mixin.py:190} INFO - [2025-04-13T20:52:59.560+0000] {dag.py:4180} INFO - Setting next_dagrun for example_setup_teardown to None, run_after=None
[2025-04-13T20:52:59.691+0000] {processor.py:208} INFO - Processing /home/airflow/.local/lib/python3.12/site-packages/airflow/example_dags/example_setup_teardown.py took 0.562 seconds
[2025-04-13T20:53:32.504+0000] {processor.py:186} INFO - Started process (PID=280) to work on /home/airflow/.local/lib/python3.12/site-packages/airflow/example_dags/example_setup_teardown.py
[2025-04-13T20:53:32.525+0000] {processor.py:914} INFO - Processing file /home/airflow/.local/lib/python3.12/site-packages/airflow/example_dags/example_setup_teardown.py for tasks to queue
[2025-04-13T20:53:32.529+0000] {logging_mixin.py:190} INFO - [2025-04-13T20:53:32.529+0000] {dagbag.py:588} INFO - Filling up the DagBag from /home/airflow/.local/lib/python3.12/site-packages/airflow/example_dags/example_setup_teardown.py
[2025-04-13T20:53:32.565+0000] {processor.py:925} INFO - DAG(s) 'example_setup_teardown' retrieved from /home/airflow/.local/lib/python3.12/site-packages/airflow/example_dags/example_setup_teardown.py
[2025-04-13T20:53:32.788+0000] {logging_mixin.py:190} INFO - [2025-04-13T20:53:32.788+0000] {dag.py:3239} INFO - Sync 1 DAGs
[2025-04-13T20:53:32.932+0000] {logging_mixin.py:190} INFO - [2025-04-13T20:53:32.932+0000] {dag.py:4180} INFO - Setting next_dagrun for example_setup_teardown to None, run_after=None
[2025-04-13T20:53:33.024+0000] {processor.py:208} INFO - Processing /home/airflow/.local/lib/python3.12/site-packages/airflow/example_dags/example_setup_teardown.py took 0.533 seconds
[2025-04-13T20:54:03.985+0000] {processor.py:186} INFO - Started process (PID=345) to work on /home/airflow/.local/lib/python3.12/site-packages/airflow/example_dags/example_setup_teardown.py
[2025-04-13T20:54:03.986+0000] {processor.py:914} INFO - Processing file /home/airflow/.local/lib/python3.12/site-packages/airflow/example_dags/example_setup_teardown.py for tasks to queue
[2025-04-13T20:54:03.990+0000] {logging_mixin.py:190} INFO - [2025-04-13T20:54:03.990+0000] {dagbag.py:588} INFO - Filling up the DagBag from /home/airflow/.local/lib/python3.12/site-packages/airflow/example_dags/example_setup_teardown.py
[2025-04-13T20:54:04.025+0000] {processor.py:925} INFO - DAG(s) 'example_setup_teardown' retrieved from /home/airflow/.local/lib/python3.12/site-packages/airflow/example_dags/example_setup_teardown.py
[2025-04-13T20:54:04.153+0000] {logging_mixin.py:190} INFO - [2025-04-13T20:54:04.125+0000] {dag.py:3239} INFO - Sync 1 DAGs
[2025-04-13T20:54:04.219+0000] {logging_mixin.py:190} INFO - [2025-04-13T20:54:04.219+0000] {dag.py:4180} INFO - Setting next_dagrun for example_setup_teardown to None, run_after=None
[2025-04-13T20:54:04.287+0000] {processor.py:208} INFO - Processing /home/airflow/.local/lib/python3.12/site-packages/airflow/example_dags/example_setup_teardown.py took 0.315 seconds
[2025-04-13T20:54:35.790+0000] {processor.py:186} INFO - Started process (PID=408) to work on /home/airflow/.local/lib/python3.12/site-packages/airflow/example_dags/example_setup_teardown.py
[2025-04-13T20:54:35.795+0000] {processor.py:914} INFO - Processing file /home/airflow/.local/lib/python3.12/site-packages/airflow/example_dags/example_setup_teardown.py for tasks to queue
[2025-04-13T20:54:35.839+0000] {logging_mixin.py:190} INFO - [2025-04-13T20:54:35.839+0000] {dagbag.py:588} INFO - Filling up the DagBag from /home/airflow/.local/lib/python3.12/site-packages/airflow/example_dags/example_setup_teardown.py
[2025-04-13T20:54:35.963+0000] {processor.py:925} INFO - DAG(s) 'example_setup_teardown' retrieved from /home/airflow/.local/lib/python3.12/site-packages/airflow/example_dags/example_setup_teardown.py
[2025-04-13T20:54:36.208+0000] {logging_mixin.py:190} INFO - [2025-04-13T20:54:36.208+0000] {dag.py:3239} INFO - Sync 1 DAGs
[2025-04-13T20:54:36.263+0000] {logging_mixin.py:190} INFO - [2025-04-13T20:54:36.263+0000] {dag.py:4180} INFO - Setting next_dagrun for example_setup_teardown to None, run_after=None
[2025-04-13T20:54:36.463+0000] {processor.py:208} INFO - Processing /home/airflow/.local/lib/python3.12/site-packages/airflow/example_dags/example_setup_teardown.py took 0.819 seconds
[2025-04-13T20:55:06.851+0000] {processor.py:186} INFO - Started process (PID=470) to work on /home/airflow/.local/lib/python3.12/site-packages/airflow/example_dags/example_setup_teardown.py
[2025-04-13T20:55:06.919+0000] {processor.py:914} INFO - Processing file /home/airflow/.local/lib/python3.12/site-packages/airflow/example_dags/example_setup_teardown.py for tasks to queue
[2025-04-13T20:55:07.133+0000] {logging_mixin.py:190} INFO - [2025-04-13T20:55:07.132+0000] {dagbag.py:588} INFO - Filling up the DagBag from /home/airflow/.local/lib/python3.12/site-packages/airflow/example_dags/example_setup_teardown.py
[2025-04-13T20:55:07.279+0000] {processor.py:925} INFO - DAG(s) 'example_setup_teardown' retrieved from /home/airflow/.local/lib/python3.12/site-packages/airflow/example_dags/example_setup_teardown.py
[2025-04-13T20:55:07.381+0000] {logging_mixin.py:190} INFO - [2025-04-13T20:55:07.381+0000] {dag.py:3239} INFO - Sync 1 DAGs
[2025-04-13T20:55:07.498+0000] {logging_mixin.py:190} INFO - [2025-04-13T20:55:07.498+0000] {dag.py:4180} INFO - Setting next_dagrun for example_setup_teardown to None, run_after=None
[2025-04-13T20:55:07.670+0000] {processor.py:208} INFO - Processing /home/airflow/.local/lib/python3.12/site-packages/airflow/example_dags/example_setup_teardown.py took 0.835 seconds
[2025-04-13T20:55:37.962+0000] {processor.py:186} INFO - Started process (PID=534) to work on /home/airflow/.local/lib/python3.12/site-packages/airflow/example_dags/example_setup_teardown.py
[2025-04-13T20:55:37.965+0000] {processor.py:914} INFO - Processing file /home/airflow/.local/lib/python3.12/site-packages/airflow/example_dags/example_setup_teardown.py for tasks to queue
[2025-04-13T20:55:37.971+0000] {logging_mixin.py:190} INFO - [2025-04-13T20:55:37.970+0000] {dagbag.py:588} INFO - Filling up the DagBag from /home/airflow/.local/lib/python3.12/site-packages/airflow/example_dags/example_setup_teardown.py
[2025-04-13T20:55:37.997+0000] {processor.py:925} INFO - DAG(s) 'example_setup_teardown' retrieved from /home/airflow/.local/lib/python3.12/site-packages/airflow/example_dags/example_setup_teardown.py
[2025-04-13T20:55:38.063+0000] {logging_mixin.py:190} INFO - [2025-04-13T20:55:38.062+0000] {dag.py:3239} INFO - Sync 1 DAGs
[2025-04-13T20:55:38.095+0000] {logging_mixin.py:190} INFO - [2025-04-13T20:55:38.091+0000] {dag.py:4180} INFO - Setting next_dagrun for example_setup_teardown to None, run_after=None
[2025-04-13T20:55:38.144+0000] {processor.py:208} INFO - Processing /home/airflow/.local/lib/python3.12/site-packages/airflow/example_dags/example_setup_teardown.py took 0.205 seconds
[2025-04-13T20:56:08.971+0000] {processor.py:186} INFO - Started process (PID=598) to work on /home/airflow/.local/lib/python3.12/site-packages/airflow/example_dags/example_setup_teardown.py
[2025-04-13T20:56:08.973+0000] {processor.py:914} INFO - Processing file /home/airflow/.local/lib/python3.12/site-packages/airflow/example_dags/example_setup_teardown.py for tasks to queue
[2025-04-13T20:56:08.978+0000] {logging_mixin.py:190} INFO - [2025-04-13T20:56:08.978+0000] {dagbag.py:588} INFO - Filling up the DagBag from /home/airflow/.local/lib/python3.12/site-packages/airflow/example_dags/example_setup_teardown.py
[2025-04-13T20:56:09.000+0000] {processor.py:925} INFO - DAG(s) 'example_setup_teardown' retrieved from /home/airflow/.local/lib/python3.12/site-packages/airflow/example_dags/example_setup_teardown.py
[2025-04-13T20:56:09.064+0000] {logging_mixin.py:190} INFO - [2025-04-13T20:56:09.064+0000] {dag.py:3239} INFO - Sync 1 DAGs
[2025-04-13T20:56:09.139+0000] {logging_mixin.py:190} INFO - [2025-04-13T20:56:09.139+0000] {dag.py:4180} INFO - Setting next_dagrun for example_setup_teardown to None, run_after=None
[2025-04-13T20:56:09.215+0000] {processor.py:208} INFO - Processing /home/airflow/.local/lib/python3.12/site-packages/airflow/example_dags/example_setup_teardown.py took 0.255 seconds
[2025-04-13T20:56:40.019+0000] {processor.py:186} INFO - Started process (PID=662) to work on /home/airflow/.local/lib/python3.12/site-packages/airflow/example_dags/example_setup_teardown.py
[2025-04-13T20:56:40.024+0000] {processor.py:914} INFO - Processing file /home/airflow/.local/lib/python3.12/site-packages/airflow/example_dags/example_setup_teardown.py for tasks to queue
[2025-04-13T20:56:40.037+0000] {logging_mixin.py:190} INFO - [2025-04-13T20:56:40.037+0000] {dagbag.py:588} INFO - Filling up the DagBag from /home/airflow/.local/lib/python3.12/site-packages/airflow/example_dags/example_setup_teardown.py
[2025-04-13T20:56:40.087+0000] {processor.py:925} INFO - DAG(s) 'example_setup_teardown' retrieved from /home/airflow/.local/lib/python3.12/site-packages/airflow/example_dags/example_setup_teardown.py
[2025-04-13T20:56:40.160+0000] {logging_mixin.py:190} INFO - [2025-04-13T20:56:40.160+0000] {dag.py:3239} INFO - Sync 1 DAGs
[2025-04-13T20:56:40.244+0000] {logging_mixin.py:190} INFO - [2025-04-13T20:56:40.243+0000] {dag.py:4180} INFO - Setting next_dagrun for example_setup_teardown to None, run_after=None
[2025-04-13T20:56:40.305+0000] {processor.py:208} INFO - Processing /home/airflow/.local/lib/python3.12/site-packages/airflow/example_dags/example_setup_teardown.py took 0.364 seconds
[2025-04-13T20:57:10.617+0000] {processor.py:186} INFO - Started process (PID=725) to work on /home/airflow/.local/lib/python3.12/site-packages/airflow/example_dags/example_setup_teardown.py
[2025-04-13T20:57:10.624+0000] {processor.py:914} INFO - Processing file /home/airflow/.local/lib/python3.12/site-packages/airflow/example_dags/example_setup_teardown.py for tasks to queue
[2025-04-13T20:57:10.629+0000] {logging_mixin.py:190} INFO - [2025-04-13T20:57:10.628+0000] {dagbag.py:588} INFO - Filling up the DagBag from /home/airflow/.local/lib/python3.12/site-packages/airflow/example_dags/example_setup_teardown.py
[2025-04-13T20:57:10.658+0000] {processor.py:925} INFO - DAG(s) 'example_setup_teardown' retrieved from /home/airflow/.local/lib/python3.12/site-packages/airflow/example_dags/example_setup_teardown.py
[2025-04-13T20:57:10.730+0000] {logging_mixin.py:190} INFO - [2025-04-13T20:57:10.729+0000] {dag.py:3239} INFO - Sync 1 DAGs
[2025-04-13T20:57:10.760+0000] {logging_mixin.py:190} INFO - [2025-04-13T20:57:10.760+0000] {dag.py:4180} INFO - Setting next_dagrun for example_setup_teardown to None, run_after=None
[2025-04-13T20:57:10.810+0000] {processor.py:208} INFO - Processing /home/airflow/.local/lib/python3.12/site-packages/airflow/example_dags/example_setup_teardown.py took 0.208 seconds
[2025-04-13T20:57:41.020+0000] {processor.py:186} INFO - Started process (PID=789) to work on /home/airflow/.local/lib/python3.12/site-packages/airflow/example_dags/example_setup_teardown.py
[2025-04-13T20:57:41.023+0000] {processor.py:914} INFO - Processing file /home/airflow/.local/lib/python3.12/site-packages/airflow/example_dags/example_setup_teardown.py for tasks to queue
[2025-04-13T20:57:41.027+0000] {logging_mixin.py:190} INFO - [2025-04-13T20:57:41.027+0000] {dagbag.py:588} INFO - Filling up the DagBag from /home/airflow/.local/lib/python3.12/site-packages/airflow/example_dags/example_setup_teardown.py
[2025-04-13T20:57:41.055+0000] {processor.py:925} INFO - DAG(s) 'example_setup_teardown' retrieved from /home/airflow/.local/lib/python3.12/site-packages/airflow/example_dags/example_setup_teardown.py
[2025-04-13T20:57:41.115+0000] {logging_mixin.py:190} INFO - [2025-04-13T20:57:41.114+0000] {dag.py:3239} INFO - Sync 1 DAGs
[2025-04-13T20:57:41.216+0000] {logging_mixin.py:190} INFO - [2025-04-13T20:57:41.216+0000] {dag.py:4180} INFO - Setting next_dagrun for example_setup_teardown to None, run_after=None
[2025-04-13T20:57:41.319+0000] {processor.py:208} INFO - Processing /home/airflow/.local/lib/python3.12/site-packages/airflow/example_dags/example_setup_teardown.py took 0.314 seconds
[2025-04-13T20:58:15.705+0000] {processor.py:186} INFO - Started process (PID=853) to work on /home/airflow/.local/lib/python3.12/site-packages/airflow/example_dags/example_setup_teardown.py
[2025-04-13T20:58:15.712+0000] {processor.py:914} INFO - Processing file /home/airflow/.local/lib/python3.12/site-packages/airflow/example_dags/example_setup_teardown.py for tasks to queue
[2025-04-13T20:58:15.724+0000] {logging_mixin.py:190} INFO - [2025-04-13T20:58:15.724+0000] {dagbag.py:588} INFO - Filling up the DagBag from /home/airflow/.local/lib/python3.12/site-packages/airflow/example_dags/example_setup_teardown.py
[2025-04-13T20:58:15.745+0000] {processor.py:925} INFO - DAG(s) 'example_setup_teardown' retrieved from /home/airflow/.local/lib/python3.12/site-packages/airflow/example_dags/example_setup_teardown.py
[2025-04-13T20:58:15.823+0000] {logging_mixin.py:190} INFO - [2025-04-13T20:58:15.822+0000] {dag.py:3239} INFO - Sync 1 DAGs
[2025-04-13T20:58:15.884+0000] {logging_mixin.py:190} INFO - [2025-04-13T20:58:15.884+0000] {dag.py:4180} INFO - Setting next_dagrun for example_setup_teardown to None, run_after=None
[2025-04-13T20:58:15.940+0000] {processor.py:208} INFO - Processing /home/airflow/.local/lib/python3.12/site-packages/airflow/example_dags/example_setup_teardown.py took 0.256 seconds
[2025-04-13T20:58:47.547+0000] {processor.py:186} INFO - Started process (PID=916) to work on /home/airflow/.local/lib/python3.12/site-packages/airflow/example_dags/example_setup_teardown.py
[2025-04-13T20:58:47.550+0000] {processor.py:914} INFO - Processing file /home/airflow/.local/lib/python3.12/site-packages/airflow/example_dags/example_setup_teardown.py for tasks to queue
[2025-04-13T20:58:47.553+0000] {logging_mixin.py:190} INFO - [2025-04-13T20:58:47.553+0000] {dagbag.py:588} INFO - Filling up the DagBag from /home/airflow/.local/lib/python3.12/site-packages/airflow/example_dags/example_setup_teardown.py
[2025-04-13T20:58:47.598+0000] {processor.py:925} INFO - DAG(s) 'example_setup_teardown' retrieved from /home/airflow/.local/lib/python3.12/site-packages/airflow/example_dags/example_setup_teardown.py
[2025-04-13T20:58:47.723+0000] {logging_mixin.py:190} INFO - [2025-04-13T20:58:47.722+0000] {dag.py:3239} INFO - Sync 1 DAGs
[2025-04-13T20:58:47.904+0000] {logging_mixin.py:190} INFO - [2025-04-13T20:58:47.904+0000] {dag.py:4180} INFO - Setting next_dagrun for example_setup_teardown to None, run_after=None
[2025-04-13T20:58:48.008+0000] {processor.py:208} INFO - Processing /home/airflow/.local/lib/python3.12/site-packages/airflow/example_dags/example_setup_teardown.py took 0.485 seconds
[2025-04-13T20:59:18.162+0000] {processor.py:186} INFO - Started process (PID=978) to work on /home/airflow/.local/lib/python3.12/site-packages/airflow/example_dags/example_setup_teardown.py
[2025-04-13T20:59:18.163+0000] {processor.py:914} INFO - Processing file /home/airflow/.local/lib/python3.12/site-packages/airflow/example_dags/example_setup_teardown.py for tasks to queue
[2025-04-13T20:59:18.169+0000] {logging_mixin.py:190} INFO - [2025-04-13T20:59:18.169+0000] {dagbag.py:588} INFO - Filling up the DagBag from /home/airflow/.local/lib/python3.12/site-packages/airflow/example_dags/example_setup_teardown.py
[2025-04-13T20:59:18.194+0000] {processor.py:925} INFO - DAG(s) 'example_setup_teardown' retrieved from /home/airflow/.local/lib/python3.12/site-packages/airflow/example_dags/example_setup_teardown.py
[2025-04-13T20:59:18.253+0000] {logging_mixin.py:190} INFO - [2025-04-13T20:59:18.253+0000] {dag.py:3239} INFO - Sync 1 DAGs
[2025-04-13T20:59:18.369+0000] {logging_mixin.py:190} INFO - [2025-04-13T20:59:18.368+0000] {dag.py:4180} INFO - Setting next_dagrun for example_setup_teardown to None, run_after=None
[2025-04-13T20:59:18.476+0000] {processor.py:208} INFO - Processing /home/airflow/.local/lib/python3.12/site-packages/airflow/example_dags/example_setup_teardown.py took 0.329 seconds
[2025-04-13T20:59:48.875+0000] {processor.py:186} INFO - Started process (PID=1042) to work on /home/airflow/.local/lib/python3.12/site-packages/airflow/example_dags/example_setup_teardown.py
[2025-04-13T20:59:48.877+0000] {processor.py:914} INFO - Processing file /home/airflow/.local/lib/python3.12/site-packages/airflow/example_dags/example_setup_teardown.py for tasks to queue
[2025-04-13T20:59:48.883+0000] {logging_mixin.py:190} INFO - [2025-04-13T20:59:48.882+0000] {dagbag.py:588} INFO - Filling up the DagBag from /home/airflow/.local/lib/python3.12/site-packages/airflow/example_dags/example_setup_teardown.py
[2025-04-13T20:59:48.898+0000] {processor.py:925} INFO - DAG(s) 'example_setup_teardown' retrieved from /home/airflow/.local/lib/python3.12/site-packages/airflow/example_dags/example_setup_teardown.py
[2025-04-13T20:59:48.946+0000] {logging_mixin.py:190} INFO - [2025-04-13T20:59:48.946+0000] {dag.py:3239} INFO - Sync 1 DAGs
[2025-04-13T20:59:48.972+0000] {logging_mixin.py:190} INFO - [2025-04-13T20:59:48.972+0000] {dag.py:4180} INFO - Setting next_dagrun for example_setup_teardown to None, run_after=None
[2025-04-13T20:59:49.015+0000] {processor.py:208} INFO - Processing /home/airflow/.local/lib/python3.12/site-packages/airflow/example_dags/example_setup_teardown.py took 0.151 seconds
[2025-04-13T21:00:19.851+0000] {processor.py:186} INFO - Started process (PID=1100) to work on /home/airflow/.local/lib/python3.12/site-packages/airflow/example_dags/example_setup_teardown.py
[2025-04-13T21:00:19.860+0000] {processor.py:914} INFO - Processing file /home/airflow/.local/lib/python3.12/site-packages/airflow/example_dags/example_setup_teardown.py for tasks to queue
[2025-04-13T21:00:19.881+0000] {logging_mixin.py:190} INFO - [2025-04-13T21:00:19.880+0000] {dagbag.py:588} INFO - Filling up the DagBag from /home/airflow/.local/lib/python3.12/site-packages/airflow/example_dags/example_setup_teardown.py
[2025-04-13T21:00:19.928+0000] {processor.py:925} INFO - DAG(s) 'example_setup_teardown' retrieved from /home/airflow/.local/lib/python3.12/site-packages/airflow/example_dags/example_setup_teardown.py
[2025-04-13T21:00:20.203+0000] {logging_mixin.py:190} INFO - [2025-04-13T21:00:20.203+0000] {dag.py:3239} INFO - Sync 1 DAGs
[2025-04-13T21:00:20.281+0000] {logging_mixin.py:190} INFO - [2025-04-13T21:00:20.281+0000] {dag.py:4180} INFO - Setting next_dagrun for example_setup_teardown to None, run_after=None
[2025-04-13T21:00:20.612+0000] {processor.py:208} INFO - Processing /home/airflow/.local/lib/python3.12/site-packages/airflow/example_dags/example_setup_teardown.py took 0.806 seconds
[2025-04-13T21:00:53.162+0000] {processor.py:186} INFO - Started process (PID=1168) to work on /home/airflow/.local/lib/python3.12/site-packages/airflow/example_dags/example_setup_teardown.py
[2025-04-13T21:00:53.175+0000] {processor.py:914} INFO - Processing file /home/airflow/.local/lib/python3.12/site-packages/airflow/example_dags/example_setup_teardown.py for tasks to queue
[2025-04-13T21:00:53.180+0000] {logging_mixin.py:190} INFO - [2025-04-13T21:00:53.180+0000] {dagbag.py:588} INFO - Filling up the DagBag from /home/airflow/.local/lib/python3.12/site-packages/airflow/example_dags/example_setup_teardown.py
[2025-04-13T21:00:53.201+0000] {processor.py:925} INFO - DAG(s) 'example_setup_teardown' retrieved from /home/airflow/.local/lib/python3.12/site-packages/airflow/example_dags/example_setup_teardown.py
[2025-04-13T21:00:53.273+0000] {logging_mixin.py:190} INFO - [2025-04-13T21:00:53.273+0000] {dag.py:3239} INFO - Sync 1 DAGs
[2025-04-13T21:00:53.334+0000] {logging_mixin.py:190} INFO - [2025-04-13T21:00:53.332+0000] {dag.py:4180} INFO - Setting next_dagrun for example_setup_teardown to None, run_after=None
[2025-04-13T21:00:53.453+0000] {processor.py:208} INFO - Processing /home/airflow/.local/lib/python3.12/site-packages/airflow/example_dags/example_setup_teardown.py took 0.330 seconds
[2025-04-13T21:26:04.935+0000] {processor.py:186} INFO - Started process (PID=156) to work on /home/airflow/.local/lib/python3.12/site-packages/airflow/example_dags/example_setup_teardown.py
[2025-04-13T21:26:04.980+0000] {processor.py:914} INFO - Processing file /home/airflow/.local/lib/python3.12/site-packages/airflow/example_dags/example_setup_teardown.py for tasks to queue
[2025-04-13T21:26:05.070+0000] {logging_mixin.py:190} INFO - [2025-04-13T21:26:05.069+0000] {dagbag.py:588} INFO - Filling up the DagBag from /home/airflow/.local/lib/python3.12/site-packages/airflow/example_dags/example_setup_teardown.py
[2025-04-13T21:26:05.486+0000] {processor.py:925} INFO - DAG(s) 'example_setup_teardown' retrieved from /home/airflow/.local/lib/python3.12/site-packages/airflow/example_dags/example_setup_teardown.py
[2025-04-13T21:26:06.685+0000] {logging_mixin.py:190} INFO - [2025-04-13T21:26:06.684+0000] {dag.py:3239} INFO - Sync 1 DAGs
[2025-04-13T21:26:07.218+0000] {logging_mixin.py:190} INFO - [2025-04-13T21:26:07.217+0000] {dag.py:4180} INFO - Setting next_dagrun for example_setup_teardown to None, run_after=None
[2025-04-13T21:26:08.443+0000] {processor.py:208} INFO - Processing /home/airflow/.local/lib/python3.12/site-packages/airflow/example_dags/example_setup_teardown.py took 3.602 seconds
[2025-04-13T21:31:10.261+0000] {processor.py:186} INFO - Started process (PID=267) to work on /home/airflow/.local/lib/python3.12/site-packages/airflow/example_dags/example_setup_teardown.py
[2025-04-13T21:31:10.332+0000] {processor.py:914} INFO - Processing file /home/airflow/.local/lib/python3.12/site-packages/airflow/example_dags/example_setup_teardown.py for tasks to queue
[2025-04-13T21:31:10.490+0000] {logging_mixin.py:190} INFO - [2025-04-13T21:31:10.489+0000] {dagbag.py:588} INFO - Filling up the DagBag from /home/airflow/.local/lib/python3.12/site-packages/airflow/example_dags/example_setup_teardown.py
[2025-04-13T21:31:11.252+0000] {processor.py:925} INFO - DAG(s) 'example_setup_teardown' retrieved from /home/airflow/.local/lib/python3.12/site-packages/airflow/example_dags/example_setup_teardown.py
[2025-04-13T21:31:12.072+0000] {logging_mixin.py:190} INFO - [2025-04-13T21:31:12.071+0000] {dag.py:3239} INFO - Sync 1 DAGs
[2025-04-13T21:31:12.857+0000] {logging_mixin.py:190} INFO - [2025-04-13T21:31:12.856+0000] {dag.py:4180} INFO - Setting next_dagrun for example_setup_teardown to None, run_after=None
[2025-04-13T21:31:14.167+0000] {processor.py:208} INFO - Processing /home/airflow/.local/lib/python3.12/site-packages/airflow/example_dags/example_setup_teardown.py took 4.103 seconds
[2025-04-13T21:35:10.979+0000] {processor.py:186} INFO - Started process (PID=354) to work on /home/airflow/.local/lib/python3.12/site-packages/airflow/example_dags/example_setup_teardown.py
[2025-04-13T21:35:10.988+0000] {processor.py:914} INFO - Processing file /home/airflow/.local/lib/python3.12/site-packages/airflow/example_dags/example_setup_teardown.py for tasks to queue
[2025-04-13T21:35:11.287+0000] {logging_mixin.py:190} INFO - [2025-04-13T21:35:11.276+0000] {dagbag.py:588} INFO - Filling up the DagBag from /home/airflow/.local/lib/python3.12/site-packages/airflow/example_dags/example_setup_teardown.py
[2025-04-13T21:35:11.720+0000] {processor.py:925} INFO - DAG(s) 'example_setup_teardown' retrieved from /home/airflow/.local/lib/python3.12/site-packages/airflow/example_dags/example_setup_teardown.py
[2025-04-13T21:35:14.229+0000] {logging_mixin.py:190} INFO - [2025-04-13T21:35:14.228+0000] {dag.py:3239} INFO - Sync 1 DAGs
[2025-04-13T21:35:15.580+0000] {logging_mixin.py:190} INFO - [2025-04-13T21:35:15.470+0000] {dag.py:4180} INFO - Setting next_dagrun for example_setup_teardown to None, run_after=None
[2025-04-13T21:35:16.662+0000] {processor.py:208} INFO - Processing /home/airflow/.local/lib/python3.12/site-packages/airflow/example_dags/example_setup_teardown.py took 5.901 seconds
[2025-04-13T21:38:04.159+0000] {processor.py:186} INFO - Started process (PID=438) to work on /home/airflow/.local/lib/python3.12/site-packages/airflow/example_dags/example_setup_teardown.py
[2025-04-13T21:38:04.218+0000] {processor.py:914} INFO - Processing file /home/airflow/.local/lib/python3.12/site-packages/airflow/example_dags/example_setup_teardown.py for tasks to queue
[2025-04-13T21:38:04.456+0000] {logging_mixin.py:190} INFO - [2025-04-13T21:38:04.455+0000] {dagbag.py:588} INFO - Filling up the DagBag from /home/airflow/.local/lib/python3.12/site-packages/airflow/example_dags/example_setup_teardown.py
[2025-04-13T21:38:04.677+0000] {processor.py:925} INFO - DAG(s) 'example_setup_teardown' retrieved from /home/airflow/.local/lib/python3.12/site-packages/airflow/example_dags/example_setup_teardown.py
[2025-04-13T21:38:05.270+0000] {logging_mixin.py:190} INFO - [2025-04-13T21:38:05.269+0000] {dag.py:3239} INFO - Sync 1 DAGs
[2025-04-13T21:38:05.618+0000] {logging_mixin.py:190} INFO - [2025-04-13T21:38:05.604+0000] {dag.py:4180} INFO - Setting next_dagrun for example_setup_teardown to None, run_after=None
[2025-04-13T21:38:06.607+0000] {processor.py:208} INFO - Processing /home/airflow/.local/lib/python3.12/site-packages/airflow/example_dags/example_setup_teardown.py took 2.578 seconds
[2025-04-13T21:50:49.376+0000] {processor.py:186} INFO - Started process (PID=136) to work on /home/airflow/.local/lib/python3.12/site-packages/airflow/example_dags/example_setup_teardown.py
[2025-04-13T21:50:49.393+0000] {processor.py:914} INFO - Processing file /home/airflow/.local/lib/python3.12/site-packages/airflow/example_dags/example_setup_teardown.py for tasks to queue
[2025-04-13T21:50:49.520+0000] {logging_mixin.py:190} INFO - [2025-04-13T21:50:49.520+0000] {dagbag.py:588} INFO - Filling up the DagBag from /home/airflow/.local/lib/python3.12/site-packages/airflow/example_dags/example_setup_teardown.py
[2025-04-13T21:50:50.344+0000] {processor.py:925} INFO - DAG(s) 'example_setup_teardown' retrieved from /home/airflow/.local/lib/python3.12/site-packages/airflow/example_dags/example_setup_teardown.py
[2025-04-13T21:50:54.142+0000] {logging_mixin.py:190} INFO - [2025-04-13T21:50:54.141+0000] {dag.py:3239} INFO - Sync 1 DAGs
[2025-04-13T21:50:56.348+0000] {logging_mixin.py:190} INFO - [2025-04-13T21:50:56.347+0000] {dag.py:4180} INFO - Setting next_dagrun for example_setup_teardown to None, run_after=None
[2025-04-13T21:50:57.561+0000] {processor.py:208} INFO - Processing /home/airflow/.local/lib/python3.12/site-packages/airflow/example_dags/example_setup_teardown.py took 8.402 seconds
[2025-04-13T22:12:59.983+0000] {processor.py:186} INFO - Started process (PID=153) to work on /home/airflow/.local/lib/python3.12/site-packages/airflow/example_dags/example_setup_teardown.py
[2025-04-13T22:13:00.009+0000] {processor.py:914} INFO - Processing file /home/airflow/.local/lib/python3.12/site-packages/airflow/example_dags/example_setup_teardown.py for tasks to queue
[2025-04-13T22:13:00.344+0000] {logging_mixin.py:190} INFO - [2025-04-13T22:13:00.343+0000] {dagbag.py:588} INFO - Filling up the DagBag from /home/airflow/.local/lib/python3.12/site-packages/airflow/example_dags/example_setup_teardown.py
[2025-04-13T22:13:00.391+0000] {processor.py:925} INFO - DAG(s) 'example_setup_teardown' retrieved from /home/airflow/.local/lib/python3.12/site-packages/airflow/example_dags/example_setup_teardown.py
[2025-04-13T22:13:03.381+0000] {logging_mixin.py:190} INFO - [2025-04-13T22:13:03.380+0000] {dag.py:3239} INFO - Sync 1 DAGs
[2025-04-13T22:13:05.868+0000] {logging_mixin.py:190} INFO - [2025-04-13T22:13:05.867+0000] {dag.py:4180} INFO - Setting next_dagrun for example_setup_teardown to None, run_after=None
[2025-04-13T22:13:08.100+0000] {processor.py:208} INFO - Processing /home/airflow/.local/lib/python3.12/site-packages/airflow/example_dags/example_setup_teardown.py took 8.564 seconds
[2025-04-13T22:31:17.768+0000] {processor.py:186} INFO - Started process (PID=94) to work on /home/airflow/.local/lib/python3.12/site-packages/airflow/example_dags/example_setup_teardown.py
[2025-04-13T22:31:17.785+0000] {processor.py:914} INFO - Processing file /home/airflow/.local/lib/python3.12/site-packages/airflow/example_dags/example_setup_teardown.py for tasks to queue
[2025-04-13T22:31:17.838+0000] {logging_mixin.py:190} INFO - [2025-04-13T22:31:17.837+0000] {dagbag.py:588} INFO - Filling up the DagBag from /home/airflow/.local/lib/python3.12/site-packages/airflow/example_dags/example_setup_teardown.py
[2025-04-13T22:31:17.874+0000] {processor.py:925} INFO - DAG(s) 'example_setup_teardown' retrieved from /home/airflow/.local/lib/python3.12/site-packages/airflow/example_dags/example_setup_teardown.py
[2025-04-13T22:31:18.020+0000] {logging_mixin.py:190} INFO - [2025-04-13T22:31:18.019+0000] {dag.py:3239} INFO - Sync 1 DAGs
[2025-04-13T22:31:18.104+0000] {logging_mixin.py:190} INFO - [2025-04-13T22:31:18.104+0000] {dag.py:4180} INFO - Setting next_dagrun for example_setup_teardown to None, run_after=None
[2025-04-13T22:31:18.203+0000] {processor.py:208} INFO - Processing /home/airflow/.local/lib/python3.12/site-packages/airflow/example_dags/example_setup_teardown.py took 0.472 seconds
[2025-04-13T22:32:25.277+0000] {processor.py:186} INFO - Started process (PID=163) to work on /home/airflow/.local/lib/python3.12/site-packages/airflow/example_dags/example_setup_teardown.py
[2025-04-13T22:32:25.280+0000] {processor.py:914} INFO - Processing file /home/airflow/.local/lib/python3.12/site-packages/airflow/example_dags/example_setup_teardown.py for tasks to queue
[2025-04-13T22:32:25.293+0000] {logging_mixin.py:190} INFO - [2025-04-13T22:32:25.292+0000] {dagbag.py:588} INFO - Filling up the DagBag from /home/airflow/.local/lib/python3.12/site-packages/airflow/example_dags/example_setup_teardown.py
[2025-04-13T22:32:25.339+0000] {processor.py:925} INFO - DAG(s) 'example_setup_teardown' retrieved from /home/airflow/.local/lib/python3.12/site-packages/airflow/example_dags/example_setup_teardown.py
[2025-04-13T22:32:25.393+0000] {logging_mixin.py:190} INFO - [2025-04-13T22:32:25.393+0000] {dag.py:3239} INFO - Sync 1 DAGs
[2025-04-13T22:32:25.458+0000] {logging_mixin.py:190} INFO - [2025-04-13T22:32:25.457+0000] {dag.py:4180} INFO - Setting next_dagrun for example_setup_teardown to None, run_after=None
[2025-04-13T22:32:25.612+0000] {processor.py:208} INFO - Processing /home/airflow/.local/lib/python3.12/site-packages/airflow/example_dags/example_setup_teardown.py took 0.352 seconds
[2025-04-13T22:32:58.285+0000] {processor.py:186} INFO - Started process (PID=232) to work on /home/airflow/.local/lib/python3.12/site-packages/airflow/example_dags/example_setup_teardown.py
[2025-04-13T22:32:58.287+0000] {processor.py:914} INFO - Processing file /home/airflow/.local/lib/python3.12/site-packages/airflow/example_dags/example_setup_teardown.py for tasks to queue
[2025-04-13T22:32:58.337+0000] {logging_mixin.py:190} INFO - [2025-04-13T22:32:58.336+0000] {dagbag.py:588} INFO - Filling up the DagBag from /home/airflow/.local/lib/python3.12/site-packages/airflow/example_dags/example_setup_teardown.py
[2025-04-13T22:32:58.456+0000] {processor.py:925} INFO - DAG(s) 'example_setup_teardown' retrieved from /home/airflow/.local/lib/python3.12/site-packages/airflow/example_dags/example_setup_teardown.py
[2025-04-13T22:32:58.641+0000] {logging_mixin.py:190} INFO - [2025-04-13T22:32:58.640+0000] {dag.py:3239} INFO - Sync 1 DAGs
[2025-04-13T22:32:58.688+0000] {logging_mixin.py:190} INFO - [2025-04-13T22:32:58.688+0000] {dag.py:4180} INFO - Setting next_dagrun for example_setup_teardown to None, run_after=None
[2025-04-13T22:32:58.819+0000] {processor.py:208} INFO - Processing /home/airflow/.local/lib/python3.12/site-packages/airflow/example_dags/example_setup_teardown.py took 0.570 seconds
[2025-04-13T22:33:30.658+0000] {processor.py:186} INFO - Started process (PID=296) to work on /home/airflow/.local/lib/python3.12/site-packages/airflow/example_dags/example_setup_teardown.py
[2025-04-13T22:33:30.673+0000] {processor.py:914} INFO - Processing file /home/airflow/.local/lib/python3.12/site-packages/airflow/example_dags/example_setup_teardown.py for tasks to queue
[2025-04-13T22:33:30.696+0000] {logging_mixin.py:190} INFO - [2025-04-13T22:33:30.695+0000] {dagbag.py:588} INFO - Filling up the DagBag from /home/airflow/.local/lib/python3.12/site-packages/airflow/example_dags/example_setup_teardown.py
[2025-04-13T22:33:30.725+0000] {processor.py:925} INFO - DAG(s) 'example_setup_teardown' retrieved from /home/airflow/.local/lib/python3.12/site-packages/airflow/example_dags/example_setup_teardown.py
[2025-04-13T22:33:31.133+0000] {logging_mixin.py:190} INFO - [2025-04-13T22:33:31.130+0000] {dag.py:3239} INFO - Sync 1 DAGs
[2025-04-13T22:33:31.266+0000] {logging_mixin.py:190} INFO - [2025-04-13T22:33:31.266+0000] {dag.py:4180} INFO - Setting next_dagrun for example_setup_teardown to None, run_after=None
[2025-04-13T22:33:31.379+0000] {processor.py:208} INFO - Processing /home/airflow/.local/lib/python3.12/site-packages/airflow/example_dags/example_setup_teardown.py took 0.751 seconds
[2025-04-13T22:34:01.907+0000] {processor.py:186} INFO - Started process (PID=360) to work on /home/airflow/.local/lib/python3.12/site-packages/airflow/example_dags/example_setup_teardown.py
[2025-04-13T22:34:01.910+0000] {processor.py:914} INFO - Processing file /home/airflow/.local/lib/python3.12/site-packages/airflow/example_dags/example_setup_teardown.py for tasks to queue
[2025-04-13T22:34:01.924+0000] {logging_mixin.py:190} INFO - [2025-04-13T22:34:01.924+0000] {dagbag.py:588} INFO - Filling up the DagBag from /home/airflow/.local/lib/python3.12/site-packages/airflow/example_dags/example_setup_teardown.py
[2025-04-13T22:34:01.976+0000] {processor.py:925} INFO - DAG(s) 'example_setup_teardown' retrieved from /home/airflow/.local/lib/python3.12/site-packages/airflow/example_dags/example_setup_teardown.py
[2025-04-13T22:34:02.062+0000] {logging_mixin.py:190} INFO - [2025-04-13T22:34:02.061+0000] {dag.py:3239} INFO - Sync 1 DAGs
[2025-04-13T22:34:02.099+0000] {logging_mixin.py:190} INFO - [2025-04-13T22:34:02.098+0000] {dag.py:4180} INFO - Setting next_dagrun for example_setup_teardown to None, run_after=None
[2025-04-13T22:34:02.161+0000] {processor.py:208} INFO - Processing /home/airflow/.local/lib/python3.12/site-packages/airflow/example_dags/example_setup_teardown.py took 0.269 seconds
[2025-04-13T22:34:36.123+0000] {processor.py:186} INFO - Started process (PID=423) to work on /home/airflow/.local/lib/python3.12/site-packages/airflow/example_dags/example_setup_teardown.py
[2025-04-13T22:34:36.126+0000] {processor.py:914} INFO - Processing file /home/airflow/.local/lib/python3.12/site-packages/airflow/example_dags/example_setup_teardown.py for tasks to queue
[2025-04-13T22:34:36.132+0000] {logging_mixin.py:190} INFO - [2025-04-13T22:34:36.131+0000] {dagbag.py:588} INFO - Filling up the DagBag from /home/airflow/.local/lib/python3.12/site-packages/airflow/example_dags/example_setup_teardown.py
[2025-04-13T22:34:36.152+0000] {processor.py:925} INFO - DAG(s) 'example_setup_teardown' retrieved from /home/airflow/.local/lib/python3.12/site-packages/airflow/example_dags/example_setup_teardown.py
[2025-04-13T22:34:36.230+0000] {logging_mixin.py:190} INFO - [2025-04-13T22:34:36.230+0000] {dag.py:3239} INFO - Sync 1 DAGs
[2025-04-13T22:34:36.275+0000] {logging_mixin.py:190} INFO - [2025-04-13T22:34:36.275+0000] {dag.py:4180} INFO - Setting next_dagrun for example_setup_teardown to None, run_after=None
[2025-04-13T22:34:36.341+0000] {processor.py:208} INFO - Processing /home/airflow/.local/lib/python3.12/site-packages/airflow/example_dags/example_setup_teardown.py took 0.232 seconds
[2025-04-13T22:35:14.126+0000] {processor.py:186} INFO - Started process (PID=467) to work on /home/airflow/.local/lib/python3.12/site-packages/airflow/example_dags/example_setup_teardown.py
[2025-04-13T22:35:14.156+0000] {processor.py:914} INFO - Processing file /home/airflow/.local/lib/python3.12/site-packages/airflow/example_dags/example_setup_teardown.py for tasks to queue
[2025-04-13T22:35:14.240+0000] {logging_mixin.py:190} INFO - [2025-04-13T22:35:14.239+0000] {dagbag.py:588} INFO - Filling up the DagBag from /home/airflow/.local/lib/python3.12/site-packages/airflow/example_dags/example_setup_teardown.py
[2025-04-13T22:35:14.349+0000] {processor.py:925} INFO - DAG(s) 'example_setup_teardown' retrieved from /home/airflow/.local/lib/python3.12/site-packages/airflow/example_dags/example_setup_teardown.py
[2025-04-13T22:35:14.493+0000] {logging_mixin.py:190} INFO - [2025-04-13T22:35:14.492+0000] {dag.py:3239} INFO - Sync 1 DAGs
[2025-04-13T22:35:14.645+0000] {logging_mixin.py:190} INFO - [2025-04-13T22:35:14.644+0000] {dag.py:4180} INFO - Setting next_dagrun for example_setup_teardown to None, run_after=None
[2025-04-13T22:35:14.762+0000] {processor.py:208} INFO - Processing /home/airflow/.local/lib/python3.12/site-packages/airflow/example_dags/example_setup_teardown.py took 0.661 seconds
[2025-04-13T22:35:48.764+0000] {processor.py:186} INFO - Started process (PID=524) to work on /home/airflow/.local/lib/python3.12/site-packages/airflow/example_dags/example_setup_teardown.py
[2025-04-13T22:35:48.766+0000] {processor.py:914} INFO - Processing file /home/airflow/.local/lib/python3.12/site-packages/airflow/example_dags/example_setup_teardown.py for tasks to queue
[2025-04-13T22:35:48.786+0000] {logging_mixin.py:190} INFO - [2025-04-13T22:35:48.785+0000] {dagbag.py:588} INFO - Filling up the DagBag from /home/airflow/.local/lib/python3.12/site-packages/airflow/example_dags/example_setup_teardown.py
[2025-04-13T22:35:48.818+0000] {processor.py:925} INFO - DAG(s) 'example_setup_teardown' retrieved from /home/airflow/.local/lib/python3.12/site-packages/airflow/example_dags/example_setup_teardown.py
[2025-04-13T22:35:48.942+0000] {logging_mixin.py:190} INFO - [2025-04-13T22:35:48.941+0000] {dag.py:3239} INFO - Sync 1 DAGs
[2025-04-13T22:35:49.005+0000] {logging_mixin.py:190} INFO - [2025-04-13T22:35:49.004+0000] {dag.py:4180} INFO - Setting next_dagrun for example_setup_teardown to None, run_after=None
[2025-04-13T22:35:49.112+0000] {processor.py:208} INFO - Processing /home/airflow/.local/lib/python3.12/site-packages/airflow/example_dags/example_setup_teardown.py took 0.366 seconds
[2025-04-13T22:36:27.029+0000] {processor.py:186} INFO - Started process (PID=588) to work on /home/airflow/.local/lib/python3.12/site-packages/airflow/example_dags/example_setup_teardown.py
[2025-04-13T22:36:27.033+0000] {processor.py:914} INFO - Processing file /home/airflow/.local/lib/python3.12/site-packages/airflow/example_dags/example_setup_teardown.py for tasks to queue
[2025-04-13T22:36:27.058+0000] {logging_mixin.py:190} INFO - [2025-04-13T22:36:27.057+0000] {dagbag.py:588} INFO - Filling up the DagBag from /home/airflow/.local/lib/python3.12/site-packages/airflow/example_dags/example_setup_teardown.py
[2025-04-13T22:36:27.123+0000] {processor.py:925} INFO - DAG(s) 'example_setup_teardown' retrieved from /home/airflow/.local/lib/python3.12/site-packages/airflow/example_dags/example_setup_teardown.py
[2025-04-13T22:36:27.557+0000] {logging_mixin.py:190} INFO - [2025-04-13T22:36:27.556+0000] {dag.py:3239} INFO - Sync 1 DAGs
[2025-04-13T22:36:27.641+0000] {logging_mixin.py:190} INFO - [2025-04-13T22:36:27.641+0000] {dag.py:4180} INFO - Setting next_dagrun for example_setup_teardown to None, run_after=None
[2025-04-13T22:36:27.744+0000] {processor.py:208} INFO - Processing /home/airflow/.local/lib/python3.12/site-packages/airflow/example_dags/example_setup_teardown.py took 0.764 seconds
[2025-04-13T22:37:05.466+0000] {processor.py:186} INFO - Started process (PID=658) to work on /home/airflow/.local/lib/python3.12/site-packages/airflow/example_dags/example_setup_teardown.py
[2025-04-13T22:37:05.483+0000] {processor.py:914} INFO - Processing file /home/airflow/.local/lib/python3.12/site-packages/airflow/example_dags/example_setup_teardown.py for tasks to queue
[2025-04-13T22:37:05.513+0000] {logging_mixin.py:190} INFO - [2025-04-13T22:37:05.513+0000] {dagbag.py:588} INFO - Filling up the DagBag from /home/airflow/.local/lib/python3.12/site-packages/airflow/example_dags/example_setup_teardown.py
[2025-04-13T22:37:05.594+0000] {processor.py:925} INFO - DAG(s) 'example_setup_teardown' retrieved from /home/airflow/.local/lib/python3.12/site-packages/airflow/example_dags/example_setup_teardown.py
[2025-04-13T22:37:06.428+0000] {logging_mixin.py:190} INFO - [2025-04-13T22:37:06.425+0000] {dag.py:3239} INFO - Sync 1 DAGs
[2025-04-13T22:37:06.730+0000] {logging_mixin.py:190} INFO - [2025-04-13T22:37:06.729+0000] {dag.py:4180} INFO - Setting next_dagrun for example_setup_teardown to None, run_after=None
[2025-04-13T22:37:07.075+0000] {processor.py:208} INFO - Processing /home/airflow/.local/lib/python3.12/site-packages/airflow/example_dags/example_setup_teardown.py took 1.670 seconds
[2025-04-13T22:37:53.951+0000] {processor.py:186} INFO - Started process (PID=719) to work on /home/airflow/.local/lib/python3.12/site-packages/airflow/example_dags/example_setup_teardown.py
[2025-04-13T22:37:53.954+0000] {processor.py:914} INFO - Processing file /home/airflow/.local/lib/python3.12/site-packages/airflow/example_dags/example_setup_teardown.py for tasks to queue
[2025-04-13T22:37:53.959+0000] {logging_mixin.py:190} INFO - [2025-04-13T22:37:53.959+0000] {dagbag.py:588} INFO - Filling up the DagBag from /home/airflow/.local/lib/python3.12/site-packages/airflow/example_dags/example_setup_teardown.py
[2025-04-13T22:37:53.990+0000] {processor.py:925} INFO - DAG(s) 'example_setup_teardown' retrieved from /home/airflow/.local/lib/python3.12/site-packages/airflow/example_dags/example_setup_teardown.py
[2025-04-13T22:37:54.117+0000] {logging_mixin.py:190} INFO - [2025-04-13T22:37:54.117+0000] {dag.py:3239} INFO - Sync 1 DAGs
[2025-04-13T22:37:54.215+0000] {logging_mixin.py:190} INFO - [2025-04-13T22:37:54.215+0000] {dag.py:4180} INFO - Setting next_dagrun for example_setup_teardown to None, run_after=None
[2025-04-13T22:37:54.354+0000] {processor.py:208} INFO - Processing /home/airflow/.local/lib/python3.12/site-packages/airflow/example_dags/example_setup_teardown.py took 0.417 seconds
[2025-04-13T22:38:30.332+0000] {processor.py:186} INFO - Started process (PID=774) to work on /home/airflow/.local/lib/python3.12/site-packages/airflow/example_dags/example_setup_teardown.py
[2025-04-13T22:38:30.358+0000] {processor.py:914} INFO - Processing file /home/airflow/.local/lib/python3.12/site-packages/airflow/example_dags/example_setup_teardown.py for tasks to queue
[2025-04-13T22:38:30.381+0000] {logging_mixin.py:190} INFO - [2025-04-13T22:38:30.380+0000] {dagbag.py:588} INFO - Filling up the DagBag from /home/airflow/.local/lib/python3.12/site-packages/airflow/example_dags/example_setup_teardown.py
[2025-04-13T22:38:30.492+0000] {processor.py:925} INFO - DAG(s) 'example_setup_teardown' retrieved from /home/airflow/.local/lib/python3.12/site-packages/airflow/example_dags/example_setup_teardown.py
[2025-04-13T22:38:30.884+0000] {logging_mixin.py:190} INFO - [2025-04-13T22:38:30.882+0000] {dag.py:3239} INFO - Sync 1 DAGs
[2025-04-13T22:38:31.204+0000] {logging_mixin.py:190} INFO - [2025-04-13T22:38:31.203+0000] {dag.py:4180} INFO - Setting next_dagrun for example_setup_teardown to None, run_after=None
[2025-04-13T22:38:31.352+0000] {processor.py:208} INFO - Processing /home/airflow/.local/lib/python3.12/site-packages/airflow/example_dags/example_setup_teardown.py took 1.033 seconds
[2025-04-13T22:39:08.962+0000] {processor.py:186} INFO - Started process (PID=844) to work on /home/airflow/.local/lib/python3.12/site-packages/airflow/example_dags/example_setup_teardown.py
[2025-04-13T22:39:08.979+0000] {processor.py:914} INFO - Processing file /home/airflow/.local/lib/python3.12/site-packages/airflow/example_dags/example_setup_teardown.py for tasks to queue
[2025-04-13T22:39:09.015+0000] {logging_mixin.py:190} INFO - [2025-04-13T22:39:09.014+0000] {dagbag.py:588} INFO - Filling up the DagBag from /home/airflow/.local/lib/python3.12/site-packages/airflow/example_dags/example_setup_teardown.py
[2025-04-13T22:39:09.084+0000] {processor.py:925} INFO - DAG(s) 'example_setup_teardown' retrieved from /home/airflow/.local/lib/python3.12/site-packages/airflow/example_dags/example_setup_teardown.py
[2025-04-13T22:39:09.460+0000] {logging_mixin.py:190} INFO - [2025-04-13T22:39:09.459+0000] {dag.py:3239} INFO - Sync 1 DAGs
[2025-04-13T22:39:09.652+0000] {logging_mixin.py:190} INFO - [2025-04-13T22:39:09.652+0000] {dag.py:4180} INFO - Setting next_dagrun for example_setup_teardown to None, run_after=None
[2025-04-13T22:39:09.860+0000] {processor.py:208} INFO - Processing /home/airflow/.local/lib/python3.12/site-packages/airflow/example_dags/example_setup_teardown.py took 0.947 seconds
[2025-04-13T22:39:50.746+0000] {processor.py:186} INFO - Started process (PID=903) to work on /home/airflow/.local/lib/python3.12/site-packages/airflow/example_dags/example_setup_teardown.py
[2025-04-13T22:39:50.757+0000] {processor.py:914} INFO - Processing file /home/airflow/.local/lib/python3.12/site-packages/airflow/example_dags/example_setup_teardown.py for tasks to queue
[2025-04-13T22:39:51.077+0000] {logging_mixin.py:190} INFO - [2025-04-13T22:39:51.032+0000] {dagbag.py:588} INFO - Filling up the DagBag from /home/airflow/.local/lib/python3.12/site-packages/airflow/example_dags/example_setup_teardown.py
[2025-04-13T22:39:51.144+0000] {processor.py:925} INFO - DAG(s) 'example_setup_teardown' retrieved from /home/airflow/.local/lib/python3.12/site-packages/airflow/example_dags/example_setup_teardown.py
[2025-04-13T22:39:51.994+0000] {logging_mixin.py:190} INFO - [2025-04-13T22:39:51.993+0000] {dag.py:3239} INFO - Sync 1 DAGs
[2025-04-13T22:39:52.644+0000] {logging_mixin.py:190} INFO - [2025-04-13T22:39:52.643+0000] {dag.py:4180} INFO - Setting next_dagrun for example_setup_teardown to None, run_after=None
[2025-04-13T22:39:53.284+0000] {processor.py:208} INFO - Processing /home/airflow/.local/lib/python3.12/site-packages/airflow/example_dags/example_setup_teardown.py took 2.649 seconds
[2025-04-13T22:41:39.751+0000] {processor.py:186} INFO - Started process (PID=981) to work on /home/airflow/.local/lib/python3.12/site-packages/airflow/example_dags/example_setup_teardown.py
[2025-04-13T22:41:39.795+0000] {processor.py:914} INFO - Processing file /home/airflow/.local/lib/python3.12/site-packages/airflow/example_dags/example_setup_teardown.py for tasks to queue
[2025-04-13T22:41:40.018+0000] {logging_mixin.py:190} INFO - [2025-04-13T22:41:40.013+0000] {dagbag.py:588} INFO - Filling up the DagBag from /home/airflow/.local/lib/python3.12/site-packages/airflow/example_dags/example_setup_teardown.py
[2025-04-13T22:41:40.535+0000] {processor.py:925} INFO - DAG(s) 'example_setup_teardown' retrieved from /home/airflow/.local/lib/python3.12/site-packages/airflow/example_dags/example_setup_teardown.py
[2025-04-13T22:41:41.595+0000] {logging_mixin.py:190} INFO - [2025-04-13T22:41:41.594+0000] {dag.py:3239} INFO - Sync 1 DAGs
[2025-04-13T22:41:42.435+0000] {logging_mixin.py:190} INFO - [2025-04-13T22:41:42.405+0000] {dag.py:4180} INFO - Setting next_dagrun for example_setup_teardown to None, run_after=None
[2025-04-13T22:41:43.278+0000] {processor.py:208} INFO - Processing /home/airflow/.local/lib/python3.12/site-packages/airflow/example_dags/example_setup_teardown.py took 3.751 seconds
[2025-04-13T22:42:29.046+0000] {processor.py:186} INFO - Started process (PID=1051) to work on /home/airflow/.local/lib/python3.12/site-packages/airflow/example_dags/example_setup_teardown.py
[2025-04-13T22:42:29.056+0000] {processor.py:914} INFO - Processing file /home/airflow/.local/lib/python3.12/site-packages/airflow/example_dags/example_setup_teardown.py for tasks to queue
[2025-04-13T22:42:29.069+0000] {logging_mixin.py:190} INFO - [2025-04-13T22:42:29.064+0000] {dagbag.py:588} INFO - Filling up the DagBag from /home/airflow/.local/lib/python3.12/site-packages/airflow/example_dags/example_setup_teardown.py
[2025-04-13T22:42:29.121+0000] {processor.py:925} INFO - DAG(s) 'example_setup_teardown' retrieved from /home/airflow/.local/lib/python3.12/site-packages/airflow/example_dags/example_setup_teardown.py
[2025-04-13T22:42:29.309+0000] {logging_mixin.py:190} INFO - [2025-04-13T22:42:29.309+0000] {dag.py:3239} INFO - Sync 1 DAGs
[2025-04-13T22:42:29.419+0000] {logging_mixin.py:190} INFO - [2025-04-13T22:42:29.418+0000] {dag.py:4180} INFO - Setting next_dagrun for example_setup_teardown to None, run_after=None
[2025-04-13T22:42:29.484+0000] {processor.py:208} INFO - Processing /home/airflow/.local/lib/python3.12/site-packages/airflow/example_dags/example_setup_teardown.py took 0.472 seconds
[2025-04-13T22:43:06.375+0000] {processor.py:186} INFO - Started process (PID=1107) to work on /home/airflow/.local/lib/python3.12/site-packages/airflow/example_dags/example_setup_teardown.py
[2025-04-13T22:43:06.395+0000] {processor.py:914} INFO - Processing file /home/airflow/.local/lib/python3.12/site-packages/airflow/example_dags/example_setup_teardown.py for tasks to queue
[2025-04-13T22:43:06.438+0000] {logging_mixin.py:190} INFO - [2025-04-13T22:43:06.438+0000] {dagbag.py:588} INFO - Filling up the DagBag from /home/airflow/.local/lib/python3.12/site-packages/airflow/example_dags/example_setup_teardown.py
[2025-04-13T22:43:06.665+0000] {processor.py:925} INFO - DAG(s) 'example_setup_teardown' retrieved from /home/airflow/.local/lib/python3.12/site-packages/airflow/example_dags/example_setup_teardown.py
[2025-04-13T22:43:06.880+0000] {logging_mixin.py:190} INFO - [2025-04-13T22:43:06.879+0000] {dag.py:3239} INFO - Sync 1 DAGs
[2025-04-13T22:43:07.051+0000] {logging_mixin.py:190} INFO - [2025-04-13T22:43:07.051+0000] {dag.py:4180} INFO - Setting next_dagrun for example_setup_teardown to None, run_after=None
[2025-04-13T22:43:07.175+0000] {processor.py:208} INFO - Processing /home/airflow/.local/lib/python3.12/site-packages/airflow/example_dags/example_setup_teardown.py took 0.873 seconds
[2025-04-13T22:44:29.023+0000] {processor.py:186} INFO - Started process (PID=1180) to work on /home/airflow/.local/lib/python3.12/site-packages/airflow/example_dags/example_setup_teardown.py
[2025-04-13T22:44:29.057+0000] {processor.py:914} INFO - Processing file /home/airflow/.local/lib/python3.12/site-packages/airflow/example_dags/example_setup_teardown.py for tasks to queue
[2025-04-13T22:44:29.064+0000] {logging_mixin.py:190} INFO - [2025-04-13T22:44:29.064+0000] {dagbag.py:588} INFO - Filling up the DagBag from /home/airflow/.local/lib/python3.12/site-packages/airflow/example_dags/example_setup_teardown.py
[2025-04-13T22:44:29.481+0000] {processor.py:925} INFO - DAG(s) 'example_setup_teardown' retrieved from /home/airflow/.local/lib/python3.12/site-packages/airflow/example_dags/example_setup_teardown.py
[2025-04-13T22:44:30.164+0000] {logging_mixin.py:190} INFO - [2025-04-13T22:44:30.153+0000] {dag.py:3239} INFO - Sync 1 DAGs
[2025-04-13T22:44:30.320+0000] {logging_mixin.py:190} INFO - [2025-04-13T22:44:30.320+0000] {dag.py:4180} INFO - Setting next_dagrun for example_setup_teardown to None, run_after=None
[2025-04-13T22:44:30.729+0000] {processor.py:208} INFO - Processing /home/airflow/.local/lib/python3.12/site-packages/airflow/example_dags/example_setup_teardown.py took 1.876 seconds
[2025-04-13T22:45:11.223+0000] {processor.py:186} INFO - Started process (PID=1225) to work on /home/airflow/.local/lib/python3.12/site-packages/airflow/example_dags/example_setup_teardown.py
[2025-04-13T22:45:11.228+0000] {processor.py:914} INFO - Processing file /home/airflow/.local/lib/python3.12/site-packages/airflow/example_dags/example_setup_teardown.py for tasks to queue
[2025-04-13T22:45:11.263+0000] {logging_mixin.py:190} INFO - [2025-04-13T22:45:11.262+0000] {dagbag.py:588} INFO - Filling up the DagBag from /home/airflow/.local/lib/python3.12/site-packages/airflow/example_dags/example_setup_teardown.py
[2025-04-13T22:45:11.369+0000] {processor.py:925} INFO - DAG(s) 'example_setup_teardown' retrieved from /home/airflow/.local/lib/python3.12/site-packages/airflow/example_dags/example_setup_teardown.py
[2025-04-13T22:45:11.634+0000] {logging_mixin.py:190} INFO - [2025-04-13T22:45:11.634+0000] {dag.py:3239} INFO - Sync 1 DAGs
[2025-04-13T22:45:11.768+0000] {logging_mixin.py:190} INFO - [2025-04-13T22:45:11.768+0000] {dag.py:4180} INFO - Setting next_dagrun for example_setup_teardown to None, run_after=None
[2025-04-13T22:45:11.958+0000] {processor.py:208} INFO - Processing /home/airflow/.local/lib/python3.12/site-packages/airflow/example_dags/example_setup_teardown.py took 0.762 seconds
