[2025-04-13T16:49:08.901+0000] {processor.py:186} INFO - Started process (PID=122) to work on /home/airflow/.local/lib/python3.12/site-packages/airflow/example_dags/example_skip_dag.py
[2025-04-13T16:49:08.903+0000] {processor.py:914} INFO - Processing file /home/airflow/.local/lib/python3.12/site-packages/airflow/example_dags/example_skip_dag.py for tasks to queue
[2025-04-13T16:49:08.913+0000] {logging_mixin.py:190} INFO - [2025-04-13T16:49:08.913+0000] {dagbag.py:588} INFO - Filling up the DagBag from /home/airflow/.local/lib/python3.12/site-packages/airflow/example_dags/example_skip_dag.py
[2025-04-13T16:49:08.937+0000] {processor.py:925} INFO - DAG(s) 'example_skip_dag' retrieved from /home/airflow/.local/lib/python3.12/site-packages/airflow/example_dags/example_skip_dag.py
[2025-04-13T16:49:09.541+0000] {logging_mixin.py:190} INFO - [2025-04-13T16:49:09.536+0000] {override.py:1912} INFO - Created Permission View: can read on DAG:example_skip_dag
[2025-04-13T16:49:09.658+0000] {logging_mixin.py:190} INFO - [2025-04-13T16:49:09.657+0000] {override.py:1912} INFO - Created Permission View: can edit on DAG:example_skip_dag
[2025-04-13T16:49:09.731+0000] {logging_mixin.py:190} INFO - [2025-04-13T16:49:09.730+0000] {override.py:1912} INFO - Created Permission View: can delete on DAG:example_skip_dag
[2025-04-13T16:49:09.787+0000] {logging_mixin.py:190} INFO - [2025-04-13T16:49:09.786+0000] {override.py:1912} INFO - Created Permission View: can read on DAG Run:example_skip_dag
[2025-04-13T16:49:09.821+0000] {logging_mixin.py:190} INFO - [2025-04-13T16:49:09.821+0000] {override.py:1912} INFO - Created Permission View: menu access on DAG Run:example_skip_dag
[2025-04-13T16:49:09.861+0000] {logging_mixin.py:190} INFO - [2025-04-13T16:49:09.861+0000] {override.py:1912} INFO - Created Permission View: can create on DAG Run:example_skip_dag
[2025-04-13T16:49:09.883+0000] {logging_mixin.py:190} INFO - [2025-04-13T16:49:09.883+0000] {override.py:1912} INFO - Created Permission View: can delete on DAG Run:example_skip_dag
[2025-04-13T16:49:09.884+0000] {logging_mixin.py:190} INFO - [2025-04-13T16:49:09.884+0000] {dag.py:3239} INFO - Sync 1 DAGs
[2025-04-13T16:49:09.940+0000] {logging_mixin.py:190} INFO - [2025-04-13T16:49:09.939+0000] {dag.py:3262} INFO - Creating ORM DAG for example_skip_dag
[2025-04-13T16:49:09.979+0000] {logging_mixin.py:190} INFO - [2025-04-13T16:49:09.978+0000] {dag.py:4180} INFO - Setting next_dagrun for example_skip_dag to 2025-04-12 00:00:00+00:00, run_after=2025-04-13 00:00:00+00:00
[2025-04-13T16:49:10.032+0000] {processor.py:208} INFO - Processing /home/airflow/.local/lib/python3.12/site-packages/airflow/example_dags/example_skip_dag.py took 1.157 seconds
[2025-04-13T16:50:50.525+0000] {processor.py:186} INFO - Started process (PID=204) to work on /home/airflow/.local/lib/python3.12/site-packages/airflow/example_dags/example_skip_dag.py
[2025-04-13T16:50:50.534+0000] {processor.py:914} INFO - Processing file /home/airflow/.local/lib/python3.12/site-packages/airflow/example_dags/example_skip_dag.py for tasks to queue
[2025-04-13T16:50:50.581+0000] {logging_mixin.py:190} INFO - [2025-04-13T16:50:50.571+0000] {dagbag.py:588} INFO - Filling up the DagBag from /home/airflow/.local/lib/python3.12/site-packages/airflow/example_dags/example_skip_dag.py
[2025-04-13T16:50:50.629+0000] {processor.py:925} INFO - DAG(s) 'example_skip_dag' retrieved from /home/airflow/.local/lib/python3.12/site-packages/airflow/example_dags/example_skip_dag.py
[2025-04-13T16:50:50.804+0000] {logging_mixin.py:190} INFO - [2025-04-13T16:50:50.803+0000] {dag.py:3239} INFO - Sync 1 DAGs
[2025-04-13T16:50:51.102+0000] {logging_mixin.py:190} INFO - [2025-04-13T16:50:51.101+0000] {dag.py:4180} INFO - Setting next_dagrun for example_skip_dag to 2025-04-12 00:00:00+00:00, run_after=2025-04-13 00:00:00+00:00
[2025-04-13T16:50:51.267+0000] {processor.py:208} INFO - Processing /home/airflow/.local/lib/python3.12/site-packages/airflow/example_dags/example_skip_dag.py took 0.775 seconds
[2025-04-13T16:51:29.676+0000] {processor.py:186} INFO - Started process (PID=268) to work on /home/airflow/.local/lib/python3.12/site-packages/airflow/example_dags/example_skip_dag.py
[2025-04-13T16:51:29.681+0000] {processor.py:914} INFO - Processing file /home/airflow/.local/lib/python3.12/site-packages/airflow/example_dags/example_skip_dag.py for tasks to queue
[2025-04-13T16:51:29.691+0000] {logging_mixin.py:190} INFO - [2025-04-13T16:51:29.690+0000] {dagbag.py:588} INFO - Filling up the DagBag from /home/airflow/.local/lib/python3.12/site-packages/airflow/example_dags/example_skip_dag.py
[2025-04-13T16:51:29.731+0000] {processor.py:925} INFO - DAG(s) 'example_skip_dag' retrieved from /home/airflow/.local/lib/python3.12/site-packages/airflow/example_dags/example_skip_dag.py
[2025-04-13T16:51:29.927+0000] {logging_mixin.py:190} INFO - [2025-04-13T16:51:29.897+0000] {dag.py:3239} INFO - Sync 1 DAGs
[2025-04-13T16:51:30.239+0000] {logging_mixin.py:190} INFO - [2025-04-13T16:51:30.239+0000] {dag.py:4180} INFO - Setting next_dagrun for example_skip_dag to 2025-04-12 00:00:00+00:00, run_after=2025-04-13 00:00:00+00:00
[2025-04-13T16:51:30.426+0000] {processor.py:208} INFO - Processing /home/airflow/.local/lib/python3.12/site-packages/airflow/example_dags/example_skip_dag.py took 0.785 seconds
[2025-04-13T16:52:01.204+0000] {processor.py:186} INFO - Started process (PID=331) to work on /home/airflow/.local/lib/python3.12/site-packages/airflow/example_dags/example_skip_dag.py
[2025-04-13T16:52:01.206+0000] {processor.py:914} INFO - Processing file /home/airflow/.local/lib/python3.12/site-packages/airflow/example_dags/example_skip_dag.py for tasks to queue
[2025-04-13T16:52:01.217+0000] {logging_mixin.py:190} INFO - [2025-04-13T16:52:01.216+0000] {dagbag.py:588} INFO - Filling up the DagBag from /home/airflow/.local/lib/python3.12/site-packages/airflow/example_dags/example_skip_dag.py
[2025-04-13T16:52:01.239+0000] {processor.py:925} INFO - DAG(s) 'example_skip_dag' retrieved from /home/airflow/.local/lib/python3.12/site-packages/airflow/example_dags/example_skip_dag.py
[2025-04-13T16:52:01.379+0000] {logging_mixin.py:190} INFO - [2025-04-13T16:52:01.378+0000] {dag.py:3239} INFO - Sync 1 DAGs
[2025-04-13T16:52:01.467+0000] {logging_mixin.py:190} INFO - [2025-04-13T16:52:01.466+0000] {dag.py:4180} INFO - Setting next_dagrun for example_skip_dag to 2025-04-12 00:00:00+00:00, run_after=2025-04-13 00:00:00+00:00
[2025-04-13T16:52:01.529+0000] {processor.py:208} INFO - Processing /home/airflow/.local/lib/python3.12/site-packages/airflow/example_dags/example_skip_dag.py took 0.339 seconds
[2025-04-13T16:52:32.275+0000] {processor.py:186} INFO - Started process (PID=395) to work on /home/airflow/.local/lib/python3.12/site-packages/airflow/example_dags/example_skip_dag.py
[2025-04-13T16:52:32.277+0000] {processor.py:914} INFO - Processing file /home/airflow/.local/lib/python3.12/site-packages/airflow/example_dags/example_skip_dag.py for tasks to queue
[2025-04-13T16:52:32.284+0000] {logging_mixin.py:190} INFO - [2025-04-13T16:52:32.283+0000] {dagbag.py:588} INFO - Filling up the DagBag from /home/airflow/.local/lib/python3.12/site-packages/airflow/example_dags/example_skip_dag.py
[2025-04-13T16:52:32.308+0000] {processor.py:925} INFO - DAG(s) 'example_skip_dag' retrieved from /home/airflow/.local/lib/python3.12/site-packages/airflow/example_dags/example_skip_dag.py
[2025-04-13T16:52:32.428+0000] {logging_mixin.py:190} INFO - [2025-04-13T16:52:32.427+0000] {dag.py:3239} INFO - Sync 1 DAGs
[2025-04-13T16:52:32.512+0000] {logging_mixin.py:190} INFO - [2025-04-13T16:52:32.512+0000] {dag.py:4180} INFO - Setting next_dagrun for example_skip_dag to 2025-04-12 00:00:00+00:00, run_after=2025-04-13 00:00:00+00:00
[2025-04-13T16:52:32.561+0000] {processor.py:208} INFO - Processing /home/airflow/.local/lib/python3.12/site-packages/airflow/example_dags/example_skip_dag.py took 0.300 seconds
[2025-04-13T16:53:30.959+0000] {processor.py:186} INFO - Started process (PID=465) to work on /home/airflow/.local/lib/python3.12/site-packages/airflow/example_dags/example_skip_dag.py
[2025-04-13T16:53:30.971+0000] {processor.py:914} INFO - Processing file /home/airflow/.local/lib/python3.12/site-packages/airflow/example_dags/example_skip_dag.py for tasks to queue
[2025-04-13T16:53:31.000+0000] {logging_mixin.py:190} INFO - [2025-04-13T16:53:30.999+0000] {dagbag.py:588} INFO - Filling up the DagBag from /home/airflow/.local/lib/python3.12/site-packages/airflow/example_dags/example_skip_dag.py
[2025-04-13T16:53:31.054+0000] {processor.py:925} INFO - DAG(s) 'example_skip_dag' retrieved from /home/airflow/.local/lib/python3.12/site-packages/airflow/example_dags/example_skip_dag.py
[2025-04-13T16:53:31.535+0000] {logging_mixin.py:190} INFO - [2025-04-13T16:53:31.534+0000] {dag.py:3239} INFO - Sync 1 DAGs
[2025-04-13T16:53:31.771+0000] {logging_mixin.py:190} INFO - [2025-04-13T16:53:31.770+0000] {dag.py:4180} INFO - Setting next_dagrun for example_skip_dag to 2025-04-12 00:00:00+00:00, run_after=2025-04-13 00:00:00+00:00
[2025-04-13T16:53:31.980+0000] {processor.py:208} INFO - Processing /home/airflow/.local/lib/python3.12/site-packages/airflow/example_dags/example_skip_dag.py took 1.067 seconds
[2025-04-13T16:54:02.171+0000] {processor.py:186} INFO - Started process (PID=529) to work on /home/airflow/.local/lib/python3.12/site-packages/airflow/example_dags/example_skip_dag.py
[2025-04-13T16:54:02.173+0000] {processor.py:914} INFO - Processing file /home/airflow/.local/lib/python3.12/site-packages/airflow/example_dags/example_skip_dag.py for tasks to queue
[2025-04-13T16:54:02.178+0000] {logging_mixin.py:190} INFO - [2025-04-13T16:54:02.178+0000] {dagbag.py:588} INFO - Filling up the DagBag from /home/airflow/.local/lib/python3.12/site-packages/airflow/example_dags/example_skip_dag.py
[2025-04-13T16:54:02.194+0000] {processor.py:925} INFO - DAG(s) 'example_skip_dag' retrieved from /home/airflow/.local/lib/python3.12/site-packages/airflow/example_dags/example_skip_dag.py
[2025-04-13T16:54:02.260+0000] {logging_mixin.py:190} INFO - [2025-04-13T16:54:02.259+0000] {dag.py:3239} INFO - Sync 1 DAGs
[2025-04-13T16:54:02.322+0000] {logging_mixin.py:190} INFO - [2025-04-13T16:54:02.321+0000] {dag.py:4180} INFO - Setting next_dagrun for example_skip_dag to 2025-04-12 00:00:00+00:00, run_after=2025-04-13 00:00:00+00:00
[2025-04-13T16:54:02.392+0000] {processor.py:208} INFO - Processing /home/airflow/.local/lib/python3.12/site-packages/airflow/example_dags/example_skip_dag.py took 0.234 seconds
[2025-04-13T16:55:02.080+0000] {processor.py:186} INFO - Started process (PID=610) to work on /home/airflow/.local/lib/python3.12/site-packages/airflow/example_dags/example_skip_dag.py
[2025-04-13T16:55:02.100+0000] {processor.py:914} INFO - Processing file /home/airflow/.local/lib/python3.12/site-packages/airflow/example_dags/example_skip_dag.py for tasks to queue
[2025-04-13T16:55:02.143+0000] {logging_mixin.py:190} INFO - [2025-04-13T16:55:02.127+0000] {dagbag.py:588} INFO - Filling up the DagBag from /home/airflow/.local/lib/python3.12/site-packages/airflow/example_dags/example_skip_dag.py
[2025-04-13T16:55:02.190+0000] {processor.py:925} INFO - DAG(s) 'example_skip_dag' retrieved from /home/airflow/.local/lib/python3.12/site-packages/airflow/example_dags/example_skip_dag.py
[2025-04-13T16:55:02.406+0000] {logging_mixin.py:190} INFO - [2025-04-13T16:55:02.405+0000] {dag.py:3239} INFO - Sync 1 DAGs
[2025-04-13T16:55:02.816+0000] {logging_mixin.py:190} INFO - [2025-04-13T16:55:02.804+0000] {dag.py:4180} INFO - Setting next_dagrun for example_skip_dag to 2025-04-12 00:00:00+00:00, run_after=2025-04-13 00:00:00+00:00
[2025-04-13T16:55:02.939+0000] {processor.py:208} INFO - Processing /home/airflow/.local/lib/python3.12/site-packages/airflow/example_dags/example_skip_dag.py took 0.957 seconds
[2025-04-13T17:03:46.780+0000] {processor.py:186} INFO - Started process (PID=131) to work on /home/airflow/.local/lib/python3.12/site-packages/airflow/example_dags/example_skip_dag.py
[2025-04-13T17:03:46.785+0000] {processor.py:914} INFO - Processing file /home/airflow/.local/lib/python3.12/site-packages/airflow/example_dags/example_skip_dag.py for tasks to queue
[2025-04-13T17:03:46.821+0000] {logging_mixin.py:190} INFO - [2025-04-13T17:03:46.820+0000] {dagbag.py:588} INFO - Filling up the DagBag from /home/airflow/.local/lib/python3.12/site-packages/airflow/example_dags/example_skip_dag.py
[2025-04-13T17:03:46.942+0000] {processor.py:925} INFO - DAG(s) 'example_skip_dag' retrieved from /home/airflow/.local/lib/python3.12/site-packages/airflow/example_dags/example_skip_dag.py
[2025-04-13T17:03:47.916+0000] {logging_mixin.py:190} INFO - [2025-04-13T17:03:47.915+0000] {dag.py:3239} INFO - Sync 1 DAGs
[2025-04-13T17:03:48.618+0000] {logging_mixin.py:190} INFO - [2025-04-13T17:03:48.562+0000] {dag.py:4180} INFO - Setting next_dagrun for example_skip_dag to 2025-04-12 00:00:00+00:00, run_after=2025-04-13 00:00:00+00:00
[2025-04-13T17:03:49.154+0000] {processor.py:208} INFO - Processing /home/airflow/.local/lib/python3.12/site-packages/airflow/example_dags/example_skip_dag.py took 2.423 seconds
[2025-04-13T17:06:02.338+0000] {processor.py:186} INFO - Started process (PID=217) to work on /home/airflow/.local/lib/python3.12/site-packages/airflow/example_dags/example_skip_dag.py
[2025-04-13T17:06:02.367+0000] {processor.py:914} INFO - Processing file /home/airflow/.local/lib/python3.12/site-packages/airflow/example_dags/example_skip_dag.py for tasks to queue
[2025-04-13T17:06:02.648+0000] {logging_mixin.py:190} INFO - [2025-04-13T17:06:02.645+0000] {dagbag.py:588} INFO - Filling up the DagBag from /home/airflow/.local/lib/python3.12/site-packages/airflow/example_dags/example_skip_dag.py
[2025-04-13T17:06:03.022+0000] {processor.py:925} INFO - DAG(s) 'example_skip_dag' retrieved from /home/airflow/.local/lib/python3.12/site-packages/airflow/example_dags/example_skip_dag.py
[2025-04-13T17:06:04.044+0000] {logging_mixin.py:190} INFO - [2025-04-13T17:06:04.040+0000] {dag.py:3239} INFO - Sync 1 DAGs
[2025-04-13T17:06:05.788+0000] {logging_mixin.py:190} INFO - [2025-04-13T17:06:05.787+0000] {dag.py:4180} INFO - Setting next_dagrun for example_skip_dag to 2025-04-12 00:00:00+00:00, run_after=2025-04-13 00:00:00+00:00
[2025-04-13T17:06:08.013+0000] {processor.py:208} INFO - Processing /home/airflow/.local/lib/python3.12/site-packages/airflow/example_dags/example_skip_dag.py took 5.830 seconds
[2025-04-13T17:25:12.621+0000] {processor.py:186} INFO - Started process (PID=191) to work on /home/airflow/.local/lib/python3.12/site-packages/airflow/example_dags/example_skip_dag.py
[2025-04-13T17:25:12.758+0000] {processor.py:914} INFO - Processing file /home/airflow/.local/lib/python3.12/site-packages/airflow/example_dags/example_skip_dag.py for tasks to queue
[2025-04-13T17:25:12.772+0000] {logging_mixin.py:190} INFO - [2025-04-13T17:25:12.771+0000] {dagbag.py:588} INFO - Filling up the DagBag from /home/airflow/.local/lib/python3.12/site-packages/airflow/example_dags/example_skip_dag.py
[2025-04-13T17:25:13.917+0000] {processor.py:925} INFO - DAG(s) 'example_skip_dag' retrieved from /home/airflow/.local/lib/python3.12/site-packages/airflow/example_dags/example_skip_dag.py
[2025-04-13T17:25:17.422+0000] {logging_mixin.py:190} INFO - [2025-04-13T17:25:17.420+0000] {dag.py:3239} INFO - Sync 1 DAGs
[2025-04-13T17:25:20.503+0000] {logging_mixin.py:190} INFO - [2025-04-13T17:25:20.502+0000] {dag.py:4180} INFO - Setting next_dagrun for example_skip_dag to 2025-04-12 00:00:00+00:00, run_after=2025-04-13 00:00:00+00:00
[2025-04-13T17:25:22.817+0000] {processor.py:208} INFO - Processing /home/airflow/.local/lib/python3.12/site-packages/airflow/example_dags/example_skip_dag.py took 10.496 seconds
[2025-04-13T18:11:58.049+0000] {processor.py:186} INFO - Started process (PID=288) to work on /home/airflow/.local/lib/python3.12/site-packages/airflow/example_dags/example_skip_dag.py
[2025-04-13T18:11:58.163+0000] {processor.py:914} INFO - Processing file /home/airflow/.local/lib/python3.12/site-packages/airflow/example_dags/example_skip_dag.py for tasks to queue
[2025-04-13T18:11:58.705+0000] {logging_mixin.py:190} INFO - [2025-04-13T18:11:58.704+0000] {dagbag.py:588} INFO - Filling up the DagBag from /home/airflow/.local/lib/python3.12/site-packages/airflow/example_dags/example_skip_dag.py
[2025-04-13T18:11:59.720+0000] {processor.py:925} INFO - DAG(s) 'example_skip_dag' retrieved from /home/airflow/.local/lib/python3.12/site-packages/airflow/example_dags/example_skip_dag.py
[2025-04-13T18:12:01.174+0000] {logging_mixin.py:190} INFO - [2025-04-13T18:12:01.174+0000] {dag.py:3239} INFO - Sync 1 DAGs
[2025-04-13T18:12:04.086+0000] {logging_mixin.py:190} INFO - [2025-04-13T18:12:04.085+0000] {dag.py:4180} INFO - Setting next_dagrun for example_skip_dag to 2025-04-12 00:00:00+00:00, run_after=2025-04-13 00:00:00+00:00
[2025-04-13T18:12:06.255+0000] {processor.py:208} INFO - Processing /home/airflow/.local/lib/python3.12/site-packages/airflow/example_dags/example_skip_dag.py took 8.413 seconds
[2025-04-13T18:20:32.467+0000] {processor.py:186} INFO - Started process (PID=427) to work on /home/airflow/.local/lib/python3.12/site-packages/airflow/example_dags/example_skip_dag.py
[2025-04-13T18:20:32.669+0000] {processor.py:914} INFO - Processing file /home/airflow/.local/lib/python3.12/site-packages/airflow/example_dags/example_skip_dag.py for tasks to queue
[2025-04-13T18:20:33.009+0000] {logging_mixin.py:190} INFO - [2025-04-13T18:20:33.008+0000] {dagbag.py:588} INFO - Filling up the DagBag from /home/airflow/.local/lib/python3.12/site-packages/airflow/example_dags/example_skip_dag.py
[2025-04-13T18:20:33.869+0000] {processor.py:925} INFO - DAG(s) 'example_skip_dag' retrieved from /home/airflow/.local/lib/python3.12/site-packages/airflow/example_dags/example_skip_dag.py
[2025-04-13T18:20:36.147+0000] {logging_mixin.py:190} INFO - [2025-04-13T18:20:36.146+0000] {dag.py:3239} INFO - Sync 1 DAGs
[2025-04-13T18:20:40.555+0000] {logging_mixin.py:190} INFO - [2025-04-13T18:20:40.552+0000] {dag.py:4180} INFO - Setting next_dagrun for example_skip_dag to 2025-04-12 00:00:00+00:00, run_after=2025-04-13 00:00:00+00:00
[2025-04-13T18:20:42.437+0000] {processor.py:208} INFO - Processing /home/airflow/.local/lib/python3.12/site-packages/airflow/example_dags/example_skip_dag.py took 10.417 seconds
[2025-04-13T20:51:59.771+0000] {processor.py:186} INFO - Started process (PID=111) to work on /home/airflow/.local/lib/python3.12/site-packages/airflow/example_dags/example_skip_dag.py
[2025-04-13T20:51:59.775+0000] {processor.py:914} INFO - Processing file /home/airflow/.local/lib/python3.12/site-packages/airflow/example_dags/example_skip_dag.py for tasks to queue
[2025-04-13T20:51:59.801+0000] {logging_mixin.py:190} INFO - [2025-04-13T20:51:59.788+0000] {dagbag.py:588} INFO - Filling up the DagBag from /home/airflow/.local/lib/python3.12/site-packages/airflow/example_dags/example_skip_dag.py
[2025-04-13T20:51:59.867+0000] {processor.py:925} INFO - DAG(s) 'example_skip_dag' retrieved from /home/airflow/.local/lib/python3.12/site-packages/airflow/example_dags/example_skip_dag.py
[2025-04-13T20:51:59.990+0000] {logging_mixin.py:190} INFO - [2025-04-13T20:51:59.990+0000] {dag.py:3239} INFO - Sync 1 DAGs
[2025-04-13T20:52:00.189+0000] {logging_mixin.py:190} INFO - [2025-04-13T20:52:00.189+0000] {dag.py:4180} INFO - Setting next_dagrun for example_skip_dag to 2025-04-12 00:00:00+00:00, run_after=2025-04-13 00:00:00+00:00
[2025-04-13T20:52:00.366+0000] {processor.py:208} INFO - Processing /home/airflow/.local/lib/python3.12/site-packages/airflow/example_dags/example_skip_dag.py took 0.617 seconds
[2025-04-13T20:52:30.731+0000] {processor.py:186} INFO - Started process (PID=175) to work on /home/airflow/.local/lib/python3.12/site-packages/airflow/example_dags/example_skip_dag.py
[2025-04-13T20:52:30.734+0000] {processor.py:914} INFO - Processing file /home/airflow/.local/lib/python3.12/site-packages/airflow/example_dags/example_skip_dag.py for tasks to queue
[2025-04-13T20:52:30.739+0000] {logging_mixin.py:190} INFO - [2025-04-13T20:52:30.739+0000] {dagbag.py:588} INFO - Filling up the DagBag from /home/airflow/.local/lib/python3.12/site-packages/airflow/example_dags/example_skip_dag.py
[2025-04-13T20:52:30.756+0000] {processor.py:925} INFO - DAG(s) 'example_skip_dag' retrieved from /home/airflow/.local/lib/python3.12/site-packages/airflow/example_dags/example_skip_dag.py
[2025-04-13T20:52:30.874+0000] {logging_mixin.py:190} INFO - [2025-04-13T20:52:30.873+0000] {dag.py:3239} INFO - Sync 1 DAGs
[2025-04-13T20:52:30.994+0000] {logging_mixin.py:190} INFO - [2025-04-13T20:52:30.994+0000] {dag.py:4180} INFO - Setting next_dagrun for example_skip_dag to 2025-04-12 00:00:00+00:00, run_after=2025-04-13 00:00:00+00:00
[2025-04-13T20:52:31.094+0000] {processor.py:208} INFO - Processing /home/airflow/.local/lib/python3.12/site-packages/airflow/example_dags/example_skip_dag.py took 0.395 seconds
[2025-04-13T20:53:08.548+0000] {processor.py:186} INFO - Started process (PID=238) to work on /home/airflow/.local/lib/python3.12/site-packages/airflow/example_dags/example_skip_dag.py
[2025-04-13T20:53:08.550+0000] {processor.py:914} INFO - Processing file /home/airflow/.local/lib/python3.12/site-packages/airflow/example_dags/example_skip_dag.py for tasks to queue
[2025-04-13T20:53:08.554+0000] {logging_mixin.py:190} INFO - [2025-04-13T20:53:08.554+0000] {dagbag.py:588} INFO - Filling up the DagBag from /home/airflow/.local/lib/python3.12/site-packages/airflow/example_dags/example_skip_dag.py
[2025-04-13T20:53:08.568+0000] {processor.py:925} INFO - DAG(s) 'example_skip_dag' retrieved from /home/airflow/.local/lib/python3.12/site-packages/airflow/example_dags/example_skip_dag.py
[2025-04-13T20:53:08.606+0000] {logging_mixin.py:190} INFO - [2025-04-13T20:53:08.606+0000] {dag.py:3239} INFO - Sync 1 DAGs
[2025-04-13T20:53:08.652+0000] {logging_mixin.py:190} INFO - [2025-04-13T20:53:08.652+0000] {dag.py:4180} INFO - Setting next_dagrun for example_skip_dag to 2025-04-12 00:00:00+00:00, run_after=2025-04-13 00:00:00+00:00
[2025-04-13T20:53:08.699+0000] {processor.py:208} INFO - Processing /home/airflow/.local/lib/python3.12/site-packages/airflow/example_dags/example_skip_dag.py took 0.160 seconds
[2025-04-13T20:53:42.142+0000] {processor.py:186} INFO - Started process (PID=302) to work on /home/airflow/.local/lib/python3.12/site-packages/airflow/example_dags/example_skip_dag.py
[2025-04-13T20:53:42.145+0000] {processor.py:914} INFO - Processing file /home/airflow/.local/lib/python3.12/site-packages/airflow/example_dags/example_skip_dag.py for tasks to queue
[2025-04-13T20:53:42.149+0000] {logging_mixin.py:190} INFO - [2025-04-13T20:53:42.149+0000] {dagbag.py:588} INFO - Filling up the DagBag from /home/airflow/.local/lib/python3.12/site-packages/airflow/example_dags/example_skip_dag.py
[2025-04-13T20:53:42.164+0000] {processor.py:925} INFO - DAG(s) 'example_skip_dag' retrieved from /home/airflow/.local/lib/python3.12/site-packages/airflow/example_dags/example_skip_dag.py
[2025-04-13T20:53:42.541+0000] {logging_mixin.py:190} INFO - [2025-04-13T20:53:42.540+0000] {dag.py:3239} INFO - Sync 1 DAGs
[2025-04-13T20:53:42.709+0000] {logging_mixin.py:190} INFO - [2025-04-13T20:53:42.706+0000] {dag.py:4180} INFO - Setting next_dagrun for example_skip_dag to 2025-04-12 00:00:00+00:00, run_after=2025-04-13 00:00:00+00:00
[2025-04-13T20:53:42.853+0000] {processor.py:208} INFO - Processing /home/airflow/.local/lib/python3.12/site-packages/airflow/example_dags/example_skip_dag.py took 0.748 seconds
[2025-04-13T20:54:14.340+0000] {processor.py:186} INFO - Started process (PID=367) to work on /home/airflow/.local/lib/python3.12/site-packages/airflow/example_dags/example_skip_dag.py
[2025-04-13T20:54:14.345+0000] {processor.py:914} INFO - Processing file /home/airflow/.local/lib/python3.12/site-packages/airflow/example_dags/example_skip_dag.py for tasks to queue
[2025-04-13T20:54:14.352+0000] {logging_mixin.py:190} INFO - [2025-04-13T20:54:14.352+0000] {dagbag.py:588} INFO - Filling up the DagBag from /home/airflow/.local/lib/python3.12/site-packages/airflow/example_dags/example_skip_dag.py
[2025-04-13T20:54:14.387+0000] {processor.py:925} INFO - DAG(s) 'example_skip_dag' retrieved from /home/airflow/.local/lib/python3.12/site-packages/airflow/example_dags/example_skip_dag.py
[2025-04-13T20:54:14.549+0000] {logging_mixin.py:190} INFO - [2025-04-13T20:54:14.549+0000] {dag.py:3239} INFO - Sync 1 DAGs
[2025-04-13T20:54:14.659+0000] {logging_mixin.py:190} INFO - [2025-04-13T20:54:14.659+0000] {dag.py:4180} INFO - Setting next_dagrun for example_skip_dag to 2025-04-12 00:00:00+00:00, run_after=2025-04-13 00:00:00+00:00
[2025-04-13T20:54:14.765+0000] {processor.py:208} INFO - Processing /home/airflow/.local/lib/python3.12/site-packages/airflow/example_dags/example_skip_dag.py took 0.440 seconds
[2025-04-13T20:54:45.732+0000] {processor.py:186} INFO - Started process (PID=431) to work on /home/airflow/.local/lib/python3.12/site-packages/airflow/example_dags/example_skip_dag.py
[2025-04-13T20:54:45.735+0000] {processor.py:914} INFO - Processing file /home/airflow/.local/lib/python3.12/site-packages/airflow/example_dags/example_skip_dag.py for tasks to queue
[2025-04-13T20:54:45.762+0000] {logging_mixin.py:190} INFO - [2025-04-13T20:54:45.761+0000] {dagbag.py:588} INFO - Filling up the DagBag from /home/airflow/.local/lib/python3.12/site-packages/airflow/example_dags/example_skip_dag.py
[2025-04-13T20:54:45.807+0000] {processor.py:925} INFO - DAG(s) 'example_skip_dag' retrieved from /home/airflow/.local/lib/python3.12/site-packages/airflow/example_dags/example_skip_dag.py
[2025-04-13T20:54:45.925+0000] {logging_mixin.py:190} INFO - [2025-04-13T20:54:45.924+0000] {dag.py:3239} INFO - Sync 1 DAGs
[2025-04-13T20:54:46.015+0000] {logging_mixin.py:190} INFO - [2025-04-13T20:54:46.014+0000] {dag.py:4180} INFO - Setting next_dagrun for example_skip_dag to 2025-04-12 00:00:00+00:00, run_after=2025-04-13 00:00:00+00:00
[2025-04-13T20:54:46.237+0000] {processor.py:208} INFO - Processing /home/airflow/.local/lib/python3.12/site-packages/airflow/example_dags/example_skip_dag.py took 0.522 seconds
[2025-04-13T20:55:19.437+0000] {processor.py:186} INFO - Started process (PID=500) to work on /home/airflow/.local/lib/python3.12/site-packages/airflow/example_dags/example_skip_dag.py
[2025-04-13T20:55:19.439+0000] {processor.py:914} INFO - Processing file /home/airflow/.local/lib/python3.12/site-packages/airflow/example_dags/example_skip_dag.py for tasks to queue
[2025-04-13T20:55:19.444+0000] {logging_mixin.py:190} INFO - [2025-04-13T20:55:19.444+0000] {dagbag.py:588} INFO - Filling up the DagBag from /home/airflow/.local/lib/python3.12/site-packages/airflow/example_dags/example_skip_dag.py
[2025-04-13T20:55:19.471+0000] {processor.py:925} INFO - DAG(s) 'example_skip_dag' retrieved from /home/airflow/.local/lib/python3.12/site-packages/airflow/example_dags/example_skip_dag.py
[2025-04-13T20:55:19.547+0000] {logging_mixin.py:190} INFO - [2025-04-13T20:55:19.546+0000] {dag.py:3239} INFO - Sync 1 DAGs
[2025-04-13T20:55:19.617+0000] {logging_mixin.py:190} INFO - [2025-04-13T20:55:19.617+0000] {dag.py:4180} INFO - Setting next_dagrun for example_skip_dag to 2025-04-12 00:00:00+00:00, run_after=2025-04-13 00:00:00+00:00
[2025-04-13T20:55:19.727+0000] {processor.py:208} INFO - Processing /home/airflow/.local/lib/python3.12/site-packages/airflow/example_dags/example_skip_dag.py took 0.301 seconds
[2025-04-13T20:55:52.234+0000] {processor.py:186} INFO - Started process (PID=564) to work on /home/airflow/.local/lib/python3.12/site-packages/airflow/example_dags/example_skip_dag.py
[2025-04-13T20:55:52.237+0000] {processor.py:914} INFO - Processing file /home/airflow/.local/lib/python3.12/site-packages/airflow/example_dags/example_skip_dag.py for tasks to queue
[2025-04-13T20:55:52.242+0000] {logging_mixin.py:190} INFO - [2025-04-13T20:55:52.241+0000] {dagbag.py:588} INFO - Filling up the DagBag from /home/airflow/.local/lib/python3.12/site-packages/airflow/example_dags/example_skip_dag.py
[2025-04-13T20:55:52.260+0000] {processor.py:925} INFO - DAG(s) 'example_skip_dag' retrieved from /home/airflow/.local/lib/python3.12/site-packages/airflow/example_dags/example_skip_dag.py
[2025-04-13T20:55:52.412+0000] {logging_mixin.py:190} INFO - [2025-04-13T20:55:52.409+0000] {dag.py:3239} INFO - Sync 1 DAGs
[2025-04-13T20:55:52.553+0000] {logging_mixin.py:190} INFO - [2025-04-13T20:55:52.552+0000] {dag.py:4180} INFO - Setting next_dagrun for example_skip_dag to 2025-04-12 00:00:00+00:00, run_after=2025-04-13 00:00:00+00:00
[2025-04-13T20:55:52.616+0000] {processor.py:208} INFO - Processing /home/airflow/.local/lib/python3.12/site-packages/airflow/example_dags/example_skip_dag.py took 0.408 seconds
[2025-04-13T20:56:23.714+0000] {processor.py:186} INFO - Started process (PID=627) to work on /home/airflow/.local/lib/python3.12/site-packages/airflow/example_dags/example_skip_dag.py
[2025-04-13T20:56:23.719+0000] {processor.py:914} INFO - Processing file /home/airflow/.local/lib/python3.12/site-packages/airflow/example_dags/example_skip_dag.py for tasks to queue
[2025-04-13T20:56:23.724+0000] {logging_mixin.py:190} INFO - [2025-04-13T20:56:23.723+0000] {dagbag.py:588} INFO - Filling up the DagBag from /home/airflow/.local/lib/python3.12/site-packages/airflow/example_dags/example_skip_dag.py
[2025-04-13T20:56:23.740+0000] {processor.py:925} INFO - DAG(s) 'example_skip_dag' retrieved from /home/airflow/.local/lib/python3.12/site-packages/airflow/example_dags/example_skip_dag.py
[2025-04-13T20:56:23.823+0000] {logging_mixin.py:190} INFO - [2025-04-13T20:56:23.823+0000] {dag.py:3239} INFO - Sync 1 DAGs
[2025-04-13T20:56:23.954+0000] {logging_mixin.py:190} INFO - [2025-04-13T20:56:23.952+0000] {dag.py:4180} INFO - Setting next_dagrun for example_skip_dag to 2025-04-12 00:00:00+00:00, run_after=2025-04-13 00:00:00+00:00
[2025-04-13T20:56:24.006+0000] {processor.py:208} INFO - Processing /home/airflow/.local/lib/python3.12/site-packages/airflow/example_dags/example_skip_dag.py took 0.313 seconds
[2025-04-13T20:56:55.361+0000] {processor.py:186} INFO - Started process (PID=691) to work on /home/airflow/.local/lib/python3.12/site-packages/airflow/example_dags/example_skip_dag.py
[2025-04-13T20:56:55.364+0000] {processor.py:914} INFO - Processing file /home/airflow/.local/lib/python3.12/site-packages/airflow/example_dags/example_skip_dag.py for tasks to queue
[2025-04-13T20:56:55.368+0000] {logging_mixin.py:190} INFO - [2025-04-13T20:56:55.368+0000] {dagbag.py:588} INFO - Filling up the DagBag from /home/airflow/.local/lib/python3.12/site-packages/airflow/example_dags/example_skip_dag.py
[2025-04-13T20:56:55.388+0000] {processor.py:925} INFO - DAG(s) 'example_skip_dag' retrieved from /home/airflow/.local/lib/python3.12/site-packages/airflow/example_dags/example_skip_dag.py
[2025-04-13T20:56:55.451+0000] {logging_mixin.py:190} INFO - [2025-04-13T20:56:55.450+0000] {dag.py:3239} INFO - Sync 1 DAGs
[2025-04-13T20:56:55.532+0000] {logging_mixin.py:190} INFO - [2025-04-13T20:56:55.532+0000] {dag.py:4180} INFO - Setting next_dagrun for example_skip_dag to 2025-04-12 00:00:00+00:00, run_after=2025-04-13 00:00:00+00:00
[2025-04-13T20:56:55.636+0000] {processor.py:208} INFO - Processing /home/airflow/.local/lib/python3.12/site-packages/airflow/example_dags/example_skip_dag.py took 0.287 seconds
[2025-04-13T20:57:27.462+0000] {processor.py:186} INFO - Started process (PID=755) to work on /home/airflow/.local/lib/python3.12/site-packages/airflow/example_dags/example_skip_dag.py
[2025-04-13T20:57:27.470+0000] {processor.py:914} INFO - Processing file /home/airflow/.local/lib/python3.12/site-packages/airflow/example_dags/example_skip_dag.py for tasks to queue
[2025-04-13T20:57:27.477+0000] {logging_mixin.py:190} INFO - [2025-04-13T20:57:27.476+0000] {dagbag.py:588} INFO - Filling up the DagBag from /home/airflow/.local/lib/python3.12/site-packages/airflow/example_dags/example_skip_dag.py
[2025-04-13T20:57:27.497+0000] {processor.py:925} INFO - DAG(s) 'example_skip_dag' retrieved from /home/airflow/.local/lib/python3.12/site-packages/airflow/example_dags/example_skip_dag.py
[2025-04-13T20:57:27.550+0000] {logging_mixin.py:190} INFO - [2025-04-13T20:57:27.549+0000] {dag.py:3239} INFO - Sync 1 DAGs
[2025-04-13T20:57:27.653+0000] {logging_mixin.py:190} INFO - [2025-04-13T20:57:27.653+0000] {dag.py:4180} INFO - Setting next_dagrun for example_skip_dag to 2025-04-12 00:00:00+00:00, run_after=2025-04-13 00:00:00+00:00
[2025-04-13T20:57:27.723+0000] {processor.py:208} INFO - Processing /home/airflow/.local/lib/python3.12/site-packages/airflow/example_dags/example_skip_dag.py took 0.271 seconds
[2025-04-13T20:58:00.743+0000] {processor.py:186} INFO - Started process (PID=819) to work on /home/airflow/.local/lib/python3.12/site-packages/airflow/example_dags/example_skip_dag.py
[2025-04-13T20:58:00.745+0000] {processor.py:914} INFO - Processing file /home/airflow/.local/lib/python3.12/site-packages/airflow/example_dags/example_skip_dag.py for tasks to queue
[2025-04-13T20:58:00.765+0000] {logging_mixin.py:190} INFO - [2025-04-13T20:58:00.764+0000] {dagbag.py:588} INFO - Filling up the DagBag from /home/airflow/.local/lib/python3.12/site-packages/airflow/example_dags/example_skip_dag.py
[2025-04-13T20:58:00.806+0000] {processor.py:925} INFO - DAG(s) 'example_skip_dag' retrieved from /home/airflow/.local/lib/python3.12/site-packages/airflow/example_dags/example_skip_dag.py
[2025-04-13T20:58:01.076+0000] {logging_mixin.py:190} INFO - [2025-04-13T20:58:01.076+0000] {dag.py:3239} INFO - Sync 1 DAGs
[2025-04-13T20:58:01.391+0000] {logging_mixin.py:190} INFO - [2025-04-13T20:58:01.390+0000] {dag.py:4180} INFO - Setting next_dagrun for example_skip_dag to 2025-04-12 00:00:00+00:00, run_after=2025-04-13 00:00:00+00:00
[2025-04-13T20:58:01.639+0000] {processor.py:208} INFO - Processing /home/airflow/.local/lib/python3.12/site-packages/airflow/example_dags/example_skip_dag.py took 0.922 seconds
[2025-04-13T20:58:31.889+0000] {processor.py:186} INFO - Started process (PID=883) to work on /home/airflow/.local/lib/python3.12/site-packages/airflow/example_dags/example_skip_dag.py
[2025-04-13T20:58:31.891+0000] {processor.py:914} INFO - Processing file /home/airflow/.local/lib/python3.12/site-packages/airflow/example_dags/example_skip_dag.py for tasks to queue
[2025-04-13T20:58:31.895+0000] {logging_mixin.py:190} INFO - [2025-04-13T20:58:31.894+0000] {dagbag.py:588} INFO - Filling up the DagBag from /home/airflow/.local/lib/python3.12/site-packages/airflow/example_dags/example_skip_dag.py
[2025-04-13T20:58:31.913+0000] {processor.py:925} INFO - DAG(s) 'example_skip_dag' retrieved from /home/airflow/.local/lib/python3.12/site-packages/airflow/example_dags/example_skip_dag.py
[2025-04-13T20:58:31.965+0000] {logging_mixin.py:190} INFO - [2025-04-13T20:58:31.964+0000] {dag.py:3239} INFO - Sync 1 DAGs
[2025-04-13T20:58:32.019+0000] {logging_mixin.py:190} INFO - [2025-04-13T20:58:32.018+0000] {dag.py:4180} INFO - Setting next_dagrun for example_skip_dag to 2025-04-12 00:00:00+00:00, run_after=2025-04-13 00:00:00+00:00
[2025-04-13T20:58:32.056+0000] {processor.py:208} INFO - Processing /home/airflow/.local/lib/python3.12/site-packages/airflow/example_dags/example_skip_dag.py took 0.176 seconds
[2025-04-13T20:59:02.189+0000] {processor.py:186} INFO - Started process (PID=945) to work on /home/airflow/.local/lib/python3.12/site-packages/airflow/example_dags/example_skip_dag.py
[2025-04-13T20:59:02.192+0000] {processor.py:914} INFO - Processing file /home/airflow/.local/lib/python3.12/site-packages/airflow/example_dags/example_skip_dag.py for tasks to queue
[2025-04-13T20:59:02.209+0000] {logging_mixin.py:190} INFO - [2025-04-13T20:59:02.208+0000] {dagbag.py:588} INFO - Filling up the DagBag from /home/airflow/.local/lib/python3.12/site-packages/airflow/example_dags/example_skip_dag.py
[2025-04-13T20:59:02.233+0000] {processor.py:925} INFO - DAG(s) 'example_skip_dag' retrieved from /home/airflow/.local/lib/python3.12/site-packages/airflow/example_dags/example_skip_dag.py
[2025-04-13T20:59:02.315+0000] {logging_mixin.py:190} INFO - [2025-04-13T20:59:02.315+0000] {dag.py:3239} INFO - Sync 1 DAGs
[2025-04-13T20:59:02.366+0000] {logging_mixin.py:190} INFO - [2025-04-13T20:59:02.366+0000] {dag.py:4180} INFO - Setting next_dagrun for example_skip_dag to 2025-04-12 00:00:00+00:00, run_after=2025-04-13 00:00:00+00:00
[2025-04-13T20:59:02.422+0000] {processor.py:208} INFO - Processing /home/airflow/.local/lib/python3.12/site-packages/airflow/example_dags/example_skip_dag.py took 0.264 seconds
[2025-04-13T20:59:32.733+0000] {processor.py:186} INFO - Started process (PID=1008) to work on /home/airflow/.local/lib/python3.12/site-packages/airflow/example_dags/example_skip_dag.py
[2025-04-13T20:59:32.735+0000] {processor.py:914} INFO - Processing file /home/airflow/.local/lib/python3.12/site-packages/airflow/example_dags/example_skip_dag.py for tasks to queue
[2025-04-13T20:59:32.741+0000] {logging_mixin.py:190} INFO - [2025-04-13T20:59:32.740+0000] {dagbag.py:588} INFO - Filling up the DagBag from /home/airflow/.local/lib/python3.12/site-packages/airflow/example_dags/example_skip_dag.py
[2025-04-13T20:59:32.758+0000] {processor.py:925} INFO - DAG(s) 'example_skip_dag' retrieved from /home/airflow/.local/lib/python3.12/site-packages/airflow/example_dags/example_skip_dag.py
[2025-04-13T20:59:32.800+0000] {logging_mixin.py:190} INFO - [2025-04-13T20:59:32.799+0000] {dag.py:3239} INFO - Sync 1 DAGs
[2025-04-13T20:59:32.838+0000] {logging_mixin.py:190} INFO - [2025-04-13T20:59:32.838+0000] {dag.py:4180} INFO - Setting next_dagrun for example_skip_dag to 2025-04-12 00:00:00+00:00, run_after=2025-04-13 00:00:00+00:00
[2025-04-13T20:59:32.876+0000] {processor.py:208} INFO - Processing /home/airflow/.local/lib/python3.12/site-packages/airflow/example_dags/example_skip_dag.py took 0.153 seconds
[2025-04-13T21:00:06.513+0000] {processor.py:186} INFO - Started process (PID=1073) to work on /home/airflow/.local/lib/python3.12/site-packages/airflow/example_dags/example_skip_dag.py
[2025-04-13T21:00:06.519+0000] {processor.py:914} INFO - Processing file /home/airflow/.local/lib/python3.12/site-packages/airflow/example_dags/example_skip_dag.py for tasks to queue
[2025-04-13T21:00:06.524+0000] {logging_mixin.py:190} INFO - [2025-04-13T21:00:06.523+0000] {dagbag.py:588} INFO - Filling up the DagBag from /home/airflow/.local/lib/python3.12/site-packages/airflow/example_dags/example_skip_dag.py
[2025-04-13T21:00:06.582+0000] {processor.py:925} INFO - DAG(s) 'example_skip_dag' retrieved from /home/airflow/.local/lib/python3.12/site-packages/airflow/example_dags/example_skip_dag.py
[2025-04-13T21:00:06.885+0000] {logging_mixin.py:190} INFO - [2025-04-13T21:00:06.884+0000] {dag.py:3239} INFO - Sync 1 DAGs
[2025-04-13T21:00:07.036+0000] {logging_mixin.py:190} INFO - [2025-04-13T21:00:07.036+0000] {dag.py:4180} INFO - Setting next_dagrun for example_skip_dag to 2025-04-12 00:00:00+00:00, run_after=2025-04-13 00:00:00+00:00
[2025-04-13T21:00:07.183+0000] {processor.py:208} INFO - Processing /home/airflow/.local/lib/python3.12/site-packages/airflow/example_dags/example_skip_dag.py took 0.760 seconds
[2025-04-13T21:00:37.395+0000] {processor.py:186} INFO - Started process (PID=1137) to work on /home/airflow/.local/lib/python3.12/site-packages/airflow/example_dags/example_skip_dag.py
[2025-04-13T21:00:37.398+0000] {processor.py:914} INFO - Processing file /home/airflow/.local/lib/python3.12/site-packages/airflow/example_dags/example_skip_dag.py for tasks to queue
[2025-04-13T21:00:37.403+0000] {logging_mixin.py:190} INFO - [2025-04-13T21:00:37.402+0000] {dagbag.py:588} INFO - Filling up the DagBag from /home/airflow/.local/lib/python3.12/site-packages/airflow/example_dags/example_skip_dag.py
[2025-04-13T21:00:37.431+0000] {processor.py:925} INFO - DAG(s) 'example_skip_dag' retrieved from /home/airflow/.local/lib/python3.12/site-packages/airflow/example_dags/example_skip_dag.py
[2025-04-13T21:00:37.531+0000] {logging_mixin.py:190} INFO - [2025-04-13T21:00:37.530+0000] {dag.py:3239} INFO - Sync 1 DAGs
[2025-04-13T21:00:37.602+0000] {logging_mixin.py:190} INFO - [2025-04-13T21:00:37.601+0000] {dag.py:4180} INFO - Setting next_dagrun for example_skip_dag to 2025-04-12 00:00:00+00:00, run_after=2025-04-13 00:00:00+00:00
[2025-04-13T21:00:37.690+0000] {processor.py:208} INFO - Processing /home/airflow/.local/lib/python3.12/site-packages/airflow/example_dags/example_skip_dag.py took 0.313 seconds
[2025-04-13T21:01:08.102+0000] {processor.py:186} INFO - Started process (PID=1199) to work on /home/airflow/.local/lib/python3.12/site-packages/airflow/example_dags/example_skip_dag.py
[2025-04-13T21:01:08.104+0000] {processor.py:914} INFO - Processing file /home/airflow/.local/lib/python3.12/site-packages/airflow/example_dags/example_skip_dag.py for tasks to queue
[2025-04-13T21:01:08.117+0000] {logging_mixin.py:190} INFO - [2025-04-13T21:01:08.117+0000] {dagbag.py:588} INFO - Filling up the DagBag from /home/airflow/.local/lib/python3.12/site-packages/airflow/example_dags/example_skip_dag.py
[2025-04-13T21:01:08.134+0000] {processor.py:925} INFO - DAG(s) 'example_skip_dag' retrieved from /home/airflow/.local/lib/python3.12/site-packages/airflow/example_dags/example_skip_dag.py
[2025-04-13T21:01:08.203+0000] {logging_mixin.py:190} INFO - [2025-04-13T21:01:08.202+0000] {dag.py:3239} INFO - Sync 1 DAGs
[2025-04-13T21:01:08.272+0000] {logging_mixin.py:190} INFO - [2025-04-13T21:01:08.271+0000] {dag.py:4180} INFO - Setting next_dagrun for example_skip_dag to 2025-04-12 00:00:00+00:00, run_after=2025-04-13 00:00:00+00:00
[2025-04-13T21:01:08.326+0000] {processor.py:208} INFO - Processing /home/airflow/.local/lib/python3.12/site-packages/airflow/example_dags/example_skip_dag.py took 0.249 seconds
[2025-04-13T21:28:16.049+0000] {processor.py:186} INFO - Started process (PID=202) to work on /home/airflow/.local/lib/python3.12/site-packages/airflow/example_dags/example_skip_dag.py
[2025-04-13T21:28:16.070+0000] {processor.py:914} INFO - Processing file /home/airflow/.local/lib/python3.12/site-packages/airflow/example_dags/example_skip_dag.py for tasks to queue
[2025-04-13T21:28:16.307+0000] {logging_mixin.py:190} INFO - [2025-04-13T21:28:16.306+0000] {dagbag.py:588} INFO - Filling up the DagBag from /home/airflow/.local/lib/python3.12/site-packages/airflow/example_dags/example_skip_dag.py
[2025-04-13T21:28:16.416+0000] {processor.py:925} INFO - DAG(s) 'example_skip_dag' retrieved from /home/airflow/.local/lib/python3.12/site-packages/airflow/example_dags/example_skip_dag.py
[2025-04-13T21:28:20.143+0000] {logging_mixin.py:190} INFO - [2025-04-13T21:28:20.141+0000] {dag.py:3239} INFO - Sync 1 DAGs
[2025-04-13T21:28:21.599+0000] {logging_mixin.py:190} INFO - [2025-04-13T21:28:21.599+0000] {dag.py:4180} INFO - Setting next_dagrun for example_skip_dag to 2025-04-12 00:00:00+00:00, run_after=2025-04-13 00:00:00+00:00
[2025-04-13T21:28:24.463+0000] {processor.py:208} INFO - Processing /home/airflow/.local/lib/python3.12/site-packages/airflow/example_dags/example_skip_dag.py took 8.803 seconds
[2025-04-13T21:32:53.227+0000] {processor.py:186} INFO - Started process (PID=305) to work on /home/airflow/.local/lib/python3.12/site-packages/airflow/example_dags/example_skip_dag.py
[2025-04-13T21:32:53.370+0000] {processor.py:914} INFO - Processing file /home/airflow/.local/lib/python3.12/site-packages/airflow/example_dags/example_skip_dag.py for tasks to queue
[2025-04-13T21:32:53.700+0000] {logging_mixin.py:190} INFO - [2025-04-13T21:32:53.699+0000] {dagbag.py:588} INFO - Filling up the DagBag from /home/airflow/.local/lib/python3.12/site-packages/airflow/example_dags/example_skip_dag.py
[2025-04-13T21:32:54.333+0000] {processor.py:925} INFO - DAG(s) 'example_skip_dag' retrieved from /home/airflow/.local/lib/python3.12/site-packages/airflow/example_dags/example_skip_dag.py
[2025-04-13T21:32:56.530+0000] {logging_mixin.py:190} INFO - [2025-04-13T21:32:56.474+0000] {dag.py:3239} INFO - Sync 1 DAGs
[2025-04-13T21:32:58.212+0000] {logging_mixin.py:190} INFO - [2025-04-13T21:32:58.211+0000] {dag.py:4180} INFO - Setting next_dagrun for example_skip_dag to 2025-04-12 00:00:00+00:00, run_after=2025-04-13 00:00:00+00:00
[2025-04-13T21:32:58.917+0000] {processor.py:208} INFO - Processing /home/airflow/.local/lib/python3.12/site-packages/airflow/example_dags/example_skip_dag.py took 8.154 seconds
[2025-04-13T21:36:33.028+0000] {processor.py:186} INFO - Started process (PID=394) to work on /home/airflow/.local/lib/python3.12/site-packages/airflow/example_dags/example_skip_dag.py
[2025-04-13T21:36:33.063+0000] {processor.py:914} INFO - Processing file /home/airflow/.local/lib/python3.12/site-packages/airflow/example_dags/example_skip_dag.py for tasks to queue
[2025-04-13T21:36:33.087+0000] {logging_mixin.py:190} INFO - [2025-04-13T21:36:33.086+0000] {dagbag.py:588} INFO - Filling up the DagBag from /home/airflow/.local/lib/python3.12/site-packages/airflow/example_dags/example_skip_dag.py
[2025-04-13T21:36:33.289+0000] {processor.py:925} INFO - DAG(s) 'example_skip_dag' retrieved from /home/airflow/.local/lib/python3.12/site-packages/airflow/example_dags/example_skip_dag.py
[2025-04-13T21:36:34.088+0000] {logging_mixin.py:190} INFO - [2025-04-13T21:36:34.088+0000] {dag.py:3239} INFO - Sync 1 DAGs
[2025-04-13T21:36:35.501+0000] {logging_mixin.py:190} INFO - [2025-04-13T21:36:35.501+0000] {dag.py:4180} INFO - Setting next_dagrun for example_skip_dag to 2025-04-12 00:00:00+00:00, run_after=2025-04-13 00:00:00+00:00
[2025-04-13T21:36:35.931+0000] {processor.py:208} INFO - Processing /home/airflow/.local/lib/python3.12/site-packages/airflow/example_dags/example_skip_dag.py took 3.128 seconds
[2025-04-13T21:52:52.892+0000] {processor.py:186} INFO - Started process (PID=180) to work on /home/airflow/.local/lib/python3.12/site-packages/airflow/example_dags/example_skip_dag.py
[2025-04-13T21:52:52.956+0000] {processor.py:914} INFO - Processing file /home/airflow/.local/lib/python3.12/site-packages/airflow/example_dags/example_skip_dag.py for tasks to queue
[2025-04-13T21:52:53.044+0000] {logging_mixin.py:190} INFO - [2025-04-13T21:52:53.043+0000] {dagbag.py:588} INFO - Filling up the DagBag from /home/airflow/.local/lib/python3.12/site-packages/airflow/example_dags/example_skip_dag.py
[2025-04-13T21:52:53.476+0000] {processor.py:925} INFO - DAG(s) 'example_skip_dag' retrieved from /home/airflow/.local/lib/python3.12/site-packages/airflow/example_dags/example_skip_dag.py
[2025-04-13T21:52:57.970+0000] {logging_mixin.py:190} INFO - [2025-04-13T21:52:57.969+0000] {dag.py:3239} INFO - Sync 1 DAGs
[2025-04-13T21:53:00.210+0000] {logging_mixin.py:190} INFO - [2025-04-13T21:53:00.210+0000] {dag.py:4180} INFO - Setting next_dagrun for example_skip_dag to 2025-04-12 00:00:00+00:00, run_after=2025-04-13 00:00:00+00:00
[2025-04-13T21:53:01.411+0000] {processor.py:208} INFO - Processing /home/airflow/.local/lib/python3.12/site-packages/airflow/example_dags/example_skip_dag.py took 8.697 seconds
[2025-04-13T22:31:55.938+0000] {processor.py:186} INFO - Started process (PID=121) to work on /home/airflow/.local/lib/python3.12/site-packages/airflow/example_dags/example_skip_dag.py
[2025-04-13T22:31:55.957+0000] {processor.py:914} INFO - Processing file /home/airflow/.local/lib/python3.12/site-packages/airflow/example_dags/example_skip_dag.py for tasks to queue
[2025-04-13T22:31:56.002+0000] {logging_mixin.py:190} INFO - [2025-04-13T22:31:56.001+0000] {dagbag.py:588} INFO - Filling up the DagBag from /home/airflow/.local/lib/python3.12/site-packages/airflow/example_dags/example_skip_dag.py
[2025-04-13T22:31:56.060+0000] {processor.py:925} INFO - DAG(s) 'example_skip_dag' retrieved from /home/airflow/.local/lib/python3.12/site-packages/airflow/example_dags/example_skip_dag.py
[2025-04-13T22:31:56.243+0000] {logging_mixin.py:190} INFO - [2025-04-13T22:31:56.242+0000] {dag.py:3239} INFO - Sync 1 DAGs
[2025-04-13T22:31:56.367+0000] {logging_mixin.py:190} INFO - [2025-04-13T22:31:56.361+0000] {dag.py:4180} INFO - Setting next_dagrun for example_skip_dag to 2025-04-12 00:00:00+00:00, run_after=2025-04-13 00:00:00+00:00
[2025-04-13T22:31:56.560+0000] {processor.py:208} INFO - Processing /home/airflow/.local/lib/python3.12/site-packages/airflow/example_dags/example_skip_dag.py took 0.650 seconds
[2025-04-13T22:32:36.923+0000] {processor.py:186} INFO - Started process (PID=191) to work on /home/airflow/.local/lib/python3.12/site-packages/airflow/example_dags/example_skip_dag.py
[2025-04-13T22:32:36.946+0000] {processor.py:914} INFO - Processing file /home/airflow/.local/lib/python3.12/site-packages/airflow/example_dags/example_skip_dag.py for tasks to queue
[2025-04-13T22:32:36.964+0000] {logging_mixin.py:190} INFO - [2025-04-13T22:32:36.963+0000] {dagbag.py:588} INFO - Filling up the DagBag from /home/airflow/.local/lib/python3.12/site-packages/airflow/example_dags/example_skip_dag.py
[2025-04-13T22:32:37.016+0000] {processor.py:925} INFO - DAG(s) 'example_skip_dag' retrieved from /home/airflow/.local/lib/python3.12/site-packages/airflow/example_dags/example_skip_dag.py
[2025-04-13T22:32:37.361+0000] {logging_mixin.py:190} INFO - [2025-04-13T22:32:37.361+0000] {dag.py:3239} INFO - Sync 1 DAGs
[2025-04-13T22:32:37.568+0000] {logging_mixin.py:190} INFO - [2025-04-13T22:32:37.568+0000] {dag.py:4180} INFO - Setting next_dagrun for example_skip_dag to 2025-04-12 00:00:00+00:00, run_after=2025-04-13 00:00:00+00:00
[2025-04-13T22:32:37.689+0000] {processor.py:208} INFO - Processing /home/airflow/.local/lib/python3.12/site-packages/airflow/example_dags/example_skip_dag.py took 0.793 seconds
[2025-04-13T22:33:12.432+0000] {processor.py:186} INFO - Started process (PID=255) to work on /home/airflow/.local/lib/python3.12/site-packages/airflow/example_dags/example_skip_dag.py
[2025-04-13T22:33:12.444+0000] {processor.py:914} INFO - Processing file /home/airflow/.local/lib/python3.12/site-packages/airflow/example_dags/example_skip_dag.py for tasks to queue
[2025-04-13T22:33:12.451+0000] {logging_mixin.py:190} INFO - [2025-04-13T22:33:12.450+0000] {dagbag.py:588} INFO - Filling up the DagBag from /home/airflow/.local/lib/python3.12/site-packages/airflow/example_dags/example_skip_dag.py
[2025-04-13T22:33:12.477+0000] {processor.py:925} INFO - DAG(s) 'example_skip_dag' retrieved from /home/airflow/.local/lib/python3.12/site-packages/airflow/example_dags/example_skip_dag.py
[2025-04-13T22:33:12.586+0000] {logging_mixin.py:190} INFO - [2025-04-13T22:33:12.572+0000] {dag.py:3239} INFO - Sync 1 DAGs
[2025-04-13T22:33:12.719+0000] {logging_mixin.py:190} INFO - [2025-04-13T22:33:12.719+0000] {dag.py:4180} INFO - Setting next_dagrun for example_skip_dag to 2025-04-12 00:00:00+00:00, run_after=2025-04-13 00:00:00+00:00
[2025-04-13T22:33:12.807+0000] {processor.py:208} INFO - Processing /home/airflow/.local/lib/python3.12/site-packages/airflow/example_dags/example_skip_dag.py took 0.398 seconds
[2025-04-13T22:33:45.219+0000] {processor.py:186} INFO - Started process (PID=319) to work on /home/airflow/.local/lib/python3.12/site-packages/airflow/example_dags/example_skip_dag.py
[2025-04-13T22:33:45.221+0000] {processor.py:914} INFO - Processing file /home/airflow/.local/lib/python3.12/site-packages/airflow/example_dags/example_skip_dag.py for tasks to queue
[2025-04-13T22:33:45.260+0000] {logging_mixin.py:190} INFO - [2025-04-13T22:33:45.259+0000] {dagbag.py:588} INFO - Filling up the DagBag from /home/airflow/.local/lib/python3.12/site-packages/airflow/example_dags/example_skip_dag.py
[2025-04-13T22:33:45.287+0000] {processor.py:925} INFO - DAG(s) 'example_skip_dag' retrieved from /home/airflow/.local/lib/python3.12/site-packages/airflow/example_dags/example_skip_dag.py
[2025-04-13T22:33:45.444+0000] {logging_mixin.py:190} INFO - [2025-04-13T22:33:45.443+0000] {dag.py:3239} INFO - Sync 1 DAGs
[2025-04-13T22:33:45.636+0000] {logging_mixin.py:190} INFO - [2025-04-13T22:33:45.634+0000] {dag.py:4180} INFO - Setting next_dagrun for example_skip_dag to 2025-04-12 00:00:00+00:00, run_after=2025-04-13 00:00:00+00:00
[2025-04-13T22:33:45.825+0000] {processor.py:208} INFO - Processing /home/airflow/.local/lib/python3.12/site-packages/airflow/example_dags/example_skip_dag.py took 0.650 seconds
[2025-04-13T22:34:23.845+0000] {processor.py:186} INFO - Started process (PID=383) to work on /home/airflow/.local/lib/python3.12/site-packages/airflow/example_dags/example_skip_dag.py
[2025-04-13T22:34:23.852+0000] {processor.py:914} INFO - Processing file /home/airflow/.local/lib/python3.12/site-packages/airflow/example_dags/example_skip_dag.py for tasks to queue
[2025-04-13T22:34:23.900+0000] {logging_mixin.py:190} INFO - [2025-04-13T22:34:23.899+0000] {dagbag.py:588} INFO - Filling up the DagBag from /home/airflow/.local/lib/python3.12/site-packages/airflow/example_dags/example_skip_dag.py
[2025-04-13T22:34:23.948+0000] {processor.py:925} INFO - DAG(s) 'example_skip_dag' retrieved from /home/airflow/.local/lib/python3.12/site-packages/airflow/example_dags/example_skip_dag.py
[2025-04-13T22:34:24.144+0000] {logging_mixin.py:190} INFO - [2025-04-13T22:34:24.123+0000] {dag.py:3239} INFO - Sync 1 DAGs
[2025-04-13T22:34:24.310+0000] {logging_mixin.py:190} INFO - [2025-04-13T22:34:24.310+0000] {dag.py:4180} INFO - Setting next_dagrun for example_skip_dag to 2025-04-12 00:00:00+00:00, run_after=2025-04-13 00:00:00+00:00
[2025-04-13T22:34:24.480+0000] {processor.py:208} INFO - Processing /home/airflow/.local/lib/python3.12/site-packages/airflow/example_dags/example_skip_dag.py took 0.707 seconds
[2025-04-13T22:35:03.881+0000] {processor.py:186} INFO - Started process (PID=453) to work on /home/airflow/.local/lib/python3.12/site-packages/airflow/example_dags/example_skip_dag.py
[2025-04-13T22:35:03.920+0000] {processor.py:914} INFO - Processing file /home/airflow/.local/lib/python3.12/site-packages/airflow/example_dags/example_skip_dag.py for tasks to queue
[2025-04-13T22:35:04.009+0000] {logging_mixin.py:190} INFO - [2025-04-13T22:35:04.009+0000] {dagbag.py:588} INFO - Filling up the DagBag from /home/airflow/.local/lib/python3.12/site-packages/airflow/example_dags/example_skip_dag.py
[2025-04-13T22:35:04.131+0000] {processor.py:925} INFO - DAG(s) 'example_skip_dag' retrieved from /home/airflow/.local/lib/python3.12/site-packages/airflow/example_dags/example_skip_dag.py
[2025-04-13T22:35:04.368+0000] {logging_mixin.py:190} INFO - [2025-04-13T22:35:04.368+0000] {dag.py:3239} INFO - Sync 1 DAGs
[2025-04-13T22:35:04.608+0000] {logging_mixin.py:190} INFO - [2025-04-13T22:35:04.608+0000] {dag.py:4180} INFO - Setting next_dagrun for example_skip_dag to 2025-04-12 00:00:00+00:00, run_after=2025-04-13 00:00:00+00:00
[2025-04-13T22:35:04.874+0000] {processor.py:208} INFO - Processing /home/airflow/.local/lib/python3.12/site-packages/airflow/example_dags/example_skip_dag.py took 1.080 seconds
[2025-04-13T22:35:44.801+0000] {processor.py:186} INFO - Started process (PID=517) to work on /home/airflow/.local/lib/python3.12/site-packages/airflow/example_dags/example_skip_dag.py
[2025-04-13T22:35:44.810+0000] {processor.py:914} INFO - Processing file /home/airflow/.local/lib/python3.12/site-packages/airflow/example_dags/example_skip_dag.py for tasks to queue
[2025-04-13T22:35:44.821+0000] {logging_mixin.py:190} INFO - [2025-04-13T22:35:44.820+0000] {dagbag.py:588} INFO - Filling up the DagBag from /home/airflow/.local/lib/python3.12/site-packages/airflow/example_dags/example_skip_dag.py
[2025-04-13T22:35:44.851+0000] {processor.py:925} INFO - DAG(s) 'example_skip_dag' retrieved from /home/airflow/.local/lib/python3.12/site-packages/airflow/example_dags/example_skip_dag.py
[2025-04-13T22:35:44.972+0000] {logging_mixin.py:190} INFO - [2025-04-13T22:35:44.972+0000] {dag.py:3239} INFO - Sync 1 DAGs
[2025-04-13T22:35:45.306+0000] {logging_mixin.py:190} INFO - [2025-04-13T22:35:45.305+0000] {dag.py:4180} INFO - Setting next_dagrun for example_skip_dag to 2025-04-12 00:00:00+00:00, run_after=2025-04-13 00:00:00+00:00
[2025-04-13T22:35:45.579+0000] {processor.py:208} INFO - Processing /home/airflow/.local/lib/python3.12/site-packages/airflow/example_dags/example_skip_dag.py took 0.845 seconds
[2025-04-13T22:36:23.432+0000] {processor.py:186} INFO - Started process (PID=581) to work on /home/airflow/.local/lib/python3.12/site-packages/airflow/example_dags/example_skip_dag.py
[2025-04-13T22:36:23.492+0000] {processor.py:914} INFO - Processing file /home/airflow/.local/lib/python3.12/site-packages/airflow/example_dags/example_skip_dag.py for tasks to queue
[2025-04-13T22:36:23.560+0000] {logging_mixin.py:190} INFO - [2025-04-13T22:36:23.545+0000] {dagbag.py:588} INFO - Filling up the DagBag from /home/airflow/.local/lib/python3.12/site-packages/airflow/example_dags/example_skip_dag.py
[2025-04-13T22:36:23.657+0000] {processor.py:925} INFO - DAG(s) 'example_skip_dag' retrieved from /home/airflow/.local/lib/python3.12/site-packages/airflow/example_dags/example_skip_dag.py
[2025-04-13T22:36:23.776+0000] {logging_mixin.py:190} INFO - [2025-04-13T22:36:23.775+0000] {dag.py:3239} INFO - Sync 1 DAGs
[2025-04-13T22:36:24.031+0000] {logging_mixin.py:190} INFO - [2025-04-13T22:36:24.030+0000] {dag.py:4180} INFO - Setting next_dagrun for example_skip_dag to 2025-04-12 00:00:00+00:00, run_after=2025-04-13 00:00:00+00:00
[2025-04-13T22:36:24.223+0000] {processor.py:208} INFO - Processing /home/airflow/.local/lib/python3.12/site-packages/airflow/example_dags/example_skip_dag.py took 0.966 seconds
[2025-04-13T22:36:57.220+0000] {processor.py:186} INFO - Started process (PID=645) to work on /home/airflow/.local/lib/python3.12/site-packages/airflow/example_dags/example_skip_dag.py
[2025-04-13T22:36:57.226+0000] {processor.py:914} INFO - Processing file /home/airflow/.local/lib/python3.12/site-packages/airflow/example_dags/example_skip_dag.py for tasks to queue
[2025-04-13T22:36:57.262+0000] {logging_mixin.py:190} INFO - [2025-04-13T22:36:57.261+0000] {dagbag.py:588} INFO - Filling up the DagBag from /home/airflow/.local/lib/python3.12/site-packages/airflow/example_dags/example_skip_dag.py
[2025-04-13T22:36:57.293+0000] {processor.py:925} INFO - DAG(s) 'example_skip_dag' retrieved from /home/airflow/.local/lib/python3.12/site-packages/airflow/example_dags/example_skip_dag.py
[2025-04-13T22:36:57.737+0000] {logging_mixin.py:190} INFO - [2025-04-13T22:36:57.737+0000] {dag.py:3239} INFO - Sync 1 DAGs
[2025-04-13T22:36:58.276+0000] {logging_mixin.py:190} INFO - [2025-04-13T22:36:58.276+0000] {dag.py:4180} INFO - Setting next_dagrun for example_skip_dag to 2025-04-12 00:00:00+00:00, run_after=2025-04-13 00:00:00+00:00
[2025-04-13T22:36:58.562+0000] {processor.py:208} INFO - Processing /home/airflow/.local/lib/python3.12/site-packages/airflow/example_dags/example_skip_dag.py took 1.446 seconds
[2025-04-13T22:37:59.048+0000] {processor.py:186} INFO - Started process (PID=731) to work on /home/airflow/.local/lib/python3.12/site-packages/airflow/example_dags/example_skip_dag.py
[2025-04-13T22:37:59.053+0000] {processor.py:914} INFO - Processing file /home/airflow/.local/lib/python3.12/site-packages/airflow/example_dags/example_skip_dag.py for tasks to queue
[2025-04-13T22:37:59.063+0000] {logging_mixin.py:190} INFO - [2025-04-13T22:37:59.062+0000] {dagbag.py:588} INFO - Filling up the DagBag from /home/airflow/.local/lib/python3.12/site-packages/airflow/example_dags/example_skip_dag.py
[2025-04-13T22:37:59.103+0000] {processor.py:925} INFO - DAG(s) 'example_skip_dag' retrieved from /home/airflow/.local/lib/python3.12/site-packages/airflow/example_dags/example_skip_dag.py
[2025-04-13T22:37:59.239+0000] {logging_mixin.py:190} INFO - [2025-04-13T22:37:59.239+0000] {dag.py:3239} INFO - Sync 1 DAGs
[2025-04-13T22:37:59.490+0000] {logging_mixin.py:190} INFO - [2025-04-13T22:37:59.489+0000] {dag.py:4180} INFO - Setting next_dagrun for example_skip_dag to 2025-04-12 00:00:00+00:00, run_after=2025-04-13 00:00:00+00:00
[2025-04-13T22:37:59.614+0000] {processor.py:208} INFO - Processing /home/airflow/.local/lib/python3.12/site-packages/airflow/example_dags/example_skip_dag.py took 0.584 seconds
[2025-04-13T22:38:39.800+0000] {processor.py:186} INFO - Started process (PID=801) to work on /home/airflow/.local/lib/python3.12/site-packages/airflow/example_dags/example_skip_dag.py
[2025-04-13T22:38:39.807+0000] {processor.py:914} INFO - Processing file /home/airflow/.local/lib/python3.12/site-packages/airflow/example_dags/example_skip_dag.py for tasks to queue
[2025-04-13T22:38:39.816+0000] {logging_mixin.py:190} INFO - [2025-04-13T22:38:39.815+0000] {dagbag.py:588} INFO - Filling up the DagBag from /home/airflow/.local/lib/python3.12/site-packages/airflow/example_dags/example_skip_dag.py
[2025-04-13T22:38:39.866+0000] {processor.py:925} INFO - DAG(s) 'example_skip_dag' retrieved from /home/airflow/.local/lib/python3.12/site-packages/airflow/example_dags/example_skip_dag.py
[2025-04-13T22:38:40.011+0000] {logging_mixin.py:190} INFO - [2025-04-13T22:38:40.010+0000] {dag.py:3239} INFO - Sync 1 DAGs
[2025-04-13T22:38:40.242+0000] {logging_mixin.py:190} INFO - [2025-04-13T22:38:40.241+0000] {dag.py:4180} INFO - Setting next_dagrun for example_skip_dag to 2025-04-12 00:00:00+00:00, run_after=2025-04-13 00:00:00+00:00
[2025-04-13T22:38:40.441+0000] {processor.py:208} INFO - Processing /home/airflow/.local/lib/python3.12/site-packages/airflow/example_dags/example_skip_dag.py took 0.686 seconds
[2025-04-13T22:39:19.246+0000] {processor.py:186} INFO - Started process (PID=866) to work on /home/airflow/.local/lib/python3.12/site-packages/airflow/example_dags/example_skip_dag.py
[2025-04-13T22:39:19.251+0000] {processor.py:914} INFO - Processing file /home/airflow/.local/lib/python3.12/site-packages/airflow/example_dags/example_skip_dag.py for tasks to queue
[2025-04-13T22:39:19.259+0000] {logging_mixin.py:190} INFO - [2025-04-13T22:39:19.259+0000] {dagbag.py:588} INFO - Filling up the DagBag from /home/airflow/.local/lib/python3.12/site-packages/airflow/example_dags/example_skip_dag.py
[2025-04-13T22:39:19.314+0000] {processor.py:925} INFO - DAG(s) 'example_skip_dag' retrieved from /home/airflow/.local/lib/python3.12/site-packages/airflow/example_dags/example_skip_dag.py
[2025-04-13T22:39:19.447+0000] {logging_mixin.py:190} INFO - [2025-04-13T22:39:19.447+0000] {dag.py:3239} INFO - Sync 1 DAGs
[2025-04-13T22:39:19.611+0000] {logging_mixin.py:190} INFO - [2025-04-13T22:39:19.611+0000] {dag.py:4180} INFO - Setting next_dagrun for example_skip_dag to 2025-04-12 00:00:00+00:00, run_after=2025-04-13 00:00:00+00:00
[2025-04-13T22:39:19.765+0000] {processor.py:208} INFO - Processing /home/airflow/.local/lib/python3.12/site-packages/airflow/example_dags/example_skip_dag.py took 0.554 seconds
[2025-04-13T22:40:46.329+0000] {processor.py:186} INFO - Started process (PID=945) to work on /home/airflow/.local/lib/python3.12/site-packages/airflow/example_dags/example_skip_dag.py
[2025-04-13T22:40:46.342+0000] {processor.py:914} INFO - Processing file /home/airflow/.local/lib/python3.12/site-packages/airflow/example_dags/example_skip_dag.py for tasks to queue
[2025-04-13T22:40:46.395+0000] {logging_mixin.py:190} INFO - [2025-04-13T22:40:46.373+0000] {dagbag.py:588} INFO - Filling up the DagBag from /home/airflow/.local/lib/python3.12/site-packages/airflow/example_dags/example_skip_dag.py
[2025-04-13T22:40:46.481+0000] {processor.py:925} INFO - DAG(s) 'example_skip_dag' retrieved from /home/airflow/.local/lib/python3.12/site-packages/airflow/example_dags/example_skip_dag.py
[2025-04-13T22:40:46.906+0000] {logging_mixin.py:190} INFO - [2025-04-13T22:40:46.906+0000] {dag.py:3239} INFO - Sync 1 DAGs
[2025-04-13T22:40:47.096+0000] {logging_mixin.py:190} INFO - [2025-04-13T22:40:47.095+0000] {dag.py:4180} INFO - Setting next_dagrun for example_skip_dag to 2025-04-12 00:00:00+00:00, run_after=2025-04-13 00:00:00+00:00
[2025-04-13T22:40:47.198+0000] {processor.py:208} INFO - Processing /home/airflow/.local/lib/python3.12/site-packages/airflow/example_dags/example_skip_dag.py took 0.976 seconds
[2025-04-13T22:42:04.406+0000] {processor.py:186} INFO - Started process (PID=1009) to work on /home/airflow/.local/lib/python3.12/site-packages/airflow/example_dags/example_skip_dag.py
[2025-04-13T22:42:04.433+0000] {processor.py:914} INFO - Processing file /home/airflow/.local/lib/python3.12/site-packages/airflow/example_dags/example_skip_dag.py for tasks to queue
[2025-04-13T22:42:04.460+0000] {logging_mixin.py:190} INFO - [2025-04-13T22:42:04.459+0000] {dagbag.py:588} INFO - Filling up the DagBag from /home/airflow/.local/lib/python3.12/site-packages/airflow/example_dags/example_skip_dag.py
[2025-04-13T22:42:04.498+0000] {processor.py:925} INFO - DAG(s) 'example_skip_dag' retrieved from /home/airflow/.local/lib/python3.12/site-packages/airflow/example_dags/example_skip_dag.py
[2025-04-13T22:42:04.778+0000] {logging_mixin.py:190} INFO - [2025-04-13T22:42:04.778+0000] {dag.py:3239} INFO - Sync 1 DAGs
[2025-04-13T22:42:04.923+0000] {logging_mixin.py:190} INFO - [2025-04-13T22:42:04.923+0000] {dag.py:4180} INFO - Setting next_dagrun for example_skip_dag to 2025-04-12 00:00:00+00:00, run_after=2025-04-13 00:00:00+00:00
[2025-04-13T22:42:05.027+0000] {processor.py:208} INFO - Processing /home/airflow/.local/lib/python3.12/site-packages/airflow/example_dags/example_skip_dag.py took 0.703 seconds
[2025-04-13T22:42:41.697+0000] {processor.py:186} INFO - Started process (PID=1079) to work on /home/airflow/.local/lib/python3.12/site-packages/airflow/example_dags/example_skip_dag.py
[2025-04-13T22:42:41.700+0000] {processor.py:914} INFO - Processing file /home/airflow/.local/lib/python3.12/site-packages/airflow/example_dags/example_skip_dag.py for tasks to queue
[2025-04-13T22:42:41.715+0000] {logging_mixin.py:190} INFO - [2025-04-13T22:42:41.714+0000] {dagbag.py:588} INFO - Filling up the DagBag from /home/airflow/.local/lib/python3.12/site-packages/airflow/example_dags/example_skip_dag.py
[2025-04-13T22:42:41.747+0000] {processor.py:925} INFO - DAG(s) 'example_skip_dag' retrieved from /home/airflow/.local/lib/python3.12/site-packages/airflow/example_dags/example_skip_dag.py
[2025-04-13T22:42:41.864+0000] {logging_mixin.py:190} INFO - [2025-04-13T22:42:41.863+0000] {dag.py:3239} INFO - Sync 1 DAGs
[2025-04-13T22:42:41.994+0000] {logging_mixin.py:190} INFO - [2025-04-13T22:42:41.994+0000] {dag.py:4180} INFO - Setting next_dagrun for example_skip_dag to 2025-04-12 00:00:00+00:00, run_after=2025-04-13 00:00:00+00:00
[2025-04-13T22:42:42.157+0000] {processor.py:208} INFO - Processing /home/airflow/.local/lib/python3.12/site-packages/airflow/example_dags/example_skip_dag.py took 0.491 seconds
[2025-04-13T22:43:59.847+0000] {processor.py:186} INFO - Started process (PID=1153) to work on /home/airflow/.local/lib/python3.12/site-packages/airflow/example_dags/example_skip_dag.py
[2025-04-13T22:44:00.141+0000] {processor.py:914} INFO - Processing file /home/airflow/.local/lib/python3.12/site-packages/airflow/example_dags/example_skip_dag.py for tasks to queue
[2025-04-13T22:44:00.353+0000] {logging_mixin.py:190} INFO - [2025-04-13T22:44:00.185+0000] {dagbag.py:588} INFO - Filling up the DagBag from /home/airflow/.local/lib/python3.12/site-packages/airflow/example_dags/example_skip_dag.py
[2025-04-13T22:44:00.407+0000] {processor.py:925} INFO - DAG(s) 'example_skip_dag' retrieved from /home/airflow/.local/lib/python3.12/site-packages/airflow/example_dags/example_skip_dag.py
[2025-04-13T22:44:01.293+0000] {logging_mixin.py:190} INFO - [2025-04-13T22:44:01.292+0000] {dag.py:3239} INFO - Sync 1 DAGs
[2025-04-13T22:44:02.645+0000] {logging_mixin.py:190} INFO - [2025-04-13T22:44:02.588+0000] {dag.py:4180} INFO - Setting next_dagrun for example_skip_dag to 2025-04-12 00:00:00+00:00, run_after=2025-04-13 00:00:00+00:00
[2025-04-13T22:44:03.619+0000] {processor.py:208} INFO - Processing /home/airflow/.local/lib/python3.12/site-packages/airflow/example_dags/example_skip_dag.py took 3.951 seconds
[2025-04-13T22:45:15.112+0000] {processor.py:186} INFO - Started process (PID=1230) to work on /home/airflow/.local/lib/python3.12/site-packages/airflow/example_dags/example_skip_dag.py
[2025-04-13T22:45:15.120+0000] {processor.py:914} INFO - Processing file /home/airflow/.local/lib/python3.12/site-packages/airflow/example_dags/example_skip_dag.py for tasks to queue
[2025-04-13T22:45:15.127+0000] {logging_mixin.py:190} INFO - [2025-04-13T22:45:15.127+0000] {dagbag.py:588} INFO - Filling up the DagBag from /home/airflow/.local/lib/python3.12/site-packages/airflow/example_dags/example_skip_dag.py
[2025-04-13T22:45:15.170+0000] {processor.py:925} INFO - DAG(s) 'example_skip_dag' retrieved from /home/airflow/.local/lib/python3.12/site-packages/airflow/example_dags/example_skip_dag.py
[2025-04-13T22:45:15.294+0000] {logging_mixin.py:190} INFO - [2025-04-13T22:45:15.294+0000] {dag.py:3239} INFO - Sync 1 DAGs
[2025-04-13T22:45:15.429+0000] {logging_mixin.py:190} INFO - [2025-04-13T22:45:15.429+0000] {dag.py:4180} INFO - Setting next_dagrun for example_skip_dag to 2025-04-12 00:00:00+00:00, run_after=2025-04-13 00:00:00+00:00
[2025-04-13T22:45:15.848+0000] {processor.py:208} INFO - Processing /home/airflow/.local/lib/python3.12/site-packages/airflow/example_dags/example_skip_dag.py took 0.793 seconds
