[2025-04-13T16:47:59.149+0000] {processor.py:186} INFO - Started process (PID=84) to work on /home/airflow/.local/lib/python3.12/site-packages/airflow/example_dags/example_bash_decorator.py
[2025-04-13T16:47:59.154+0000] {processor.py:914} INFO - Processing file /home/airflow/.local/lib/python3.12/site-packages/airflow/example_dags/example_bash_decorator.py for tasks to queue
[2025-04-13T16:47:59.230+0000] {logging_mixin.py:190} INFO - [2025-04-13T16:47:59.210+0000] {dagbag.py:588} INFO - Filling up the DagBag from /home/airflow/.local/lib/python3.12/site-packages/airflow/example_dags/example_bash_decorator.py
[2025-04-13T16:47:59.420+0000] {processor.py:925} INFO - DAG(s) 'example_bash_decorator' retrieved from /home/airflow/.local/lib/python3.12/site-packages/airflow/example_dags/example_bash_decorator.py
[2025-04-13T16:48:01.505+0000] {logging_mixin.py:190} INFO - [2025-04-13T16:48:01.504+0000] {override.py:1912} INFO - Created Permission View: can read on DAG:example_bash_decorator
[2025-04-13T16:48:01.589+0000] {logging_mixin.py:190} INFO - [2025-04-13T16:48:01.584+0000] {override.py:1912} INFO - Created Permission View: can edit on DAG:example_bash_decorator
[2025-04-13T16:48:01.630+0000] {logging_mixin.py:190} INFO - [2025-04-13T16:48:01.629+0000] {override.py:1912} INFO - Created Permission View: can delete on DAG:example_bash_decorator
[2025-04-13T16:48:01.666+0000] {logging_mixin.py:190} INFO - [2025-04-13T16:48:01.665+0000] {override.py:1912} INFO - Created Permission View: can read on DAG Run:example_bash_decorator
[2025-04-13T16:48:01.701+0000] {logging_mixin.py:190} INFO - [2025-04-13T16:48:01.700+0000] {override.py:1912} INFO - Created Permission View: menu access on DAG Run:example_bash_decorator
[2025-04-13T16:48:01.740+0000] {logging_mixin.py:190} INFO - [2025-04-13T16:48:01.739+0000] {override.py:1912} INFO - Created Permission View: can create on DAG Run:example_bash_decorator
[2025-04-13T16:48:01.791+0000] {logging_mixin.py:190} INFO - [2025-04-13T16:48:01.787+0000] {override.py:1912} INFO - Created Permission View: can delete on DAG Run:example_bash_decorator
[2025-04-13T16:48:01.800+0000] {logging_mixin.py:190} INFO - [2025-04-13T16:48:01.799+0000] {dag.py:3239} INFO - Sync 1 DAGs
[2025-04-13T16:48:01.931+0000] {logging_mixin.py:190} INFO - [2025-04-13T16:48:01.930+0000] {dag.py:3262} INFO - Creating ORM DAG for example_bash_decorator
[2025-04-13T16:48:01.939+0000] {logging_mixin.py:190} INFO - [2025-04-13T16:48:01.939+0000] {dag.py:4180} INFO - Setting next_dagrun for example_bash_decorator to None, run_after=None
[2025-04-13T16:48:02.911+0000] {processor.py:208} INFO - Processing /home/airflow/.local/lib/python3.12/site-packages/airflow/example_dags/example_bash_decorator.py took 3.795 seconds
[2025-04-13T16:50:30.476+0000] {processor.py:186} INFO - Started process (PID=171) to work on /home/airflow/.local/lib/python3.12/site-packages/airflow/example_dags/example_bash_decorator.py
[2025-04-13T16:50:30.480+0000] {processor.py:914} INFO - Processing file /home/airflow/.local/lib/python3.12/site-packages/airflow/example_dags/example_bash_decorator.py for tasks to queue
[2025-04-13T16:50:30.488+0000] {logging_mixin.py:190} INFO - [2025-04-13T16:50:30.487+0000] {dagbag.py:588} INFO - Filling up the DagBag from /home/airflow/.local/lib/python3.12/site-packages/airflow/example_dags/example_bash_decorator.py
[2025-04-13T16:50:30.545+0000] {processor.py:925} INFO - DAG(s) 'example_bash_decorator' retrieved from /home/airflow/.local/lib/python3.12/site-packages/airflow/example_dags/example_bash_decorator.py
[2025-04-13T16:50:30.670+0000] {logging_mixin.py:190} INFO - [2025-04-13T16:50:30.669+0000] {dag.py:3239} INFO - Sync 1 DAGs
[2025-04-13T16:50:30.848+0000] {logging_mixin.py:190} INFO - [2025-04-13T16:50:30.848+0000] {dag.py:4180} INFO - Setting next_dagrun for example_bash_decorator to None, run_after=None
[2025-04-13T16:50:31.162+0000] {processor.py:208} INFO - Processing /home/airflow/.local/lib/python3.12/site-packages/airflow/example_dags/example_bash_decorator.py took 0.754 seconds
[2025-04-13T16:51:06.931+0000] {processor.py:186} INFO - Started process (PID=221) to work on /home/airflow/.local/lib/python3.12/site-packages/airflow/example_dags/example_bash_decorator.py
[2025-04-13T16:51:06.936+0000] {processor.py:914} INFO - Processing file /home/airflow/.local/lib/python3.12/site-packages/airflow/example_dags/example_bash_decorator.py for tasks to queue
[2025-04-13T16:51:06.948+0000] {logging_mixin.py:190} INFO - [2025-04-13T16:51:06.947+0000] {dagbag.py:588} INFO - Filling up the DagBag from /home/airflow/.local/lib/python3.12/site-packages/airflow/example_dags/example_bash_decorator.py
[2025-04-13T16:51:07.027+0000] {processor.py:925} INFO - DAG(s) 'example_bash_decorator' retrieved from /home/airflow/.local/lib/python3.12/site-packages/airflow/example_dags/example_bash_decorator.py
[2025-04-13T16:51:07.156+0000] {logging_mixin.py:190} INFO - [2025-04-13T16:51:07.146+0000] {dag.py:3239} INFO - Sync 1 DAGs
[2025-04-13T16:51:07.374+0000] {logging_mixin.py:190} INFO - [2025-04-13T16:51:07.359+0000] {dag.py:4180} INFO - Setting next_dagrun for example_bash_decorator to None, run_after=None
[2025-04-13T16:51:07.595+0000] {processor.py:208} INFO - Processing /home/airflow/.local/lib/python3.12/site-packages/airflow/example_dags/example_bash_decorator.py took 0.682 seconds
[2025-04-13T16:51:41.364+0000] {processor.py:186} INFO - Started process (PID=282) to work on /home/airflow/.local/lib/python3.12/site-packages/airflow/example_dags/example_bash_decorator.py
[2025-04-13T16:51:41.367+0000] {processor.py:914} INFO - Processing file /home/airflow/.local/lib/python3.12/site-packages/airflow/example_dags/example_bash_decorator.py for tasks to queue
[2025-04-13T16:51:41.377+0000] {logging_mixin.py:190} INFO - [2025-04-13T16:51:41.377+0000] {dagbag.py:588} INFO - Filling up the DagBag from /home/airflow/.local/lib/python3.12/site-packages/airflow/example_dags/example_bash_decorator.py
[2025-04-13T16:51:41.426+0000] {processor.py:925} INFO - DAG(s) 'example_bash_decorator' retrieved from /home/airflow/.local/lib/python3.12/site-packages/airflow/example_dags/example_bash_decorator.py
[2025-04-13T16:51:41.519+0000] {logging_mixin.py:190} INFO - [2025-04-13T16:51:41.519+0000] {dag.py:3239} INFO - Sync 1 DAGs
[2025-04-13T16:51:41.573+0000] {logging_mixin.py:190} INFO - [2025-04-13T16:51:41.572+0000] {dag.py:4180} INFO - Setting next_dagrun for example_bash_decorator to None, run_after=None
[2025-04-13T16:51:41.669+0000] {processor.py:208} INFO - Processing /home/airflow/.local/lib/python3.12/site-packages/airflow/example_dags/example_bash_decorator.py took 0.330 seconds
[2025-04-13T16:52:14.272+0000] {processor.py:186} INFO - Started process (PID=345) to work on /home/airflow/.local/lib/python3.12/site-packages/airflow/example_dags/example_bash_decorator.py
[2025-04-13T16:52:14.274+0000] {processor.py:914} INFO - Processing file /home/airflow/.local/lib/python3.12/site-packages/airflow/example_dags/example_bash_decorator.py for tasks to queue
[2025-04-13T16:52:14.284+0000] {logging_mixin.py:190} INFO - [2025-04-13T16:52:14.283+0000] {dagbag.py:588} INFO - Filling up the DagBag from /home/airflow/.local/lib/python3.12/site-packages/airflow/example_dags/example_bash_decorator.py
[2025-04-13T16:52:14.382+0000] {processor.py:925} INFO - DAG(s) 'example_bash_decorator' retrieved from /home/airflow/.local/lib/python3.12/site-packages/airflow/example_dags/example_bash_decorator.py
[2025-04-13T16:52:14.548+0000] {logging_mixin.py:190} INFO - [2025-04-13T16:52:14.547+0000] {dag.py:3239} INFO - Sync 1 DAGs
[2025-04-13T16:52:14.591+0000] {logging_mixin.py:190} INFO - [2025-04-13T16:52:14.589+0000] {dag.py:4180} INFO - Setting next_dagrun for example_bash_decorator to None, run_after=None
[2025-04-13T16:52:14.723+0000] {processor.py:208} INFO - Processing /home/airflow/.local/lib/python3.12/site-packages/airflow/example_dags/example_bash_decorator.py took 0.493 seconds
[2025-04-13T16:52:45.431+0000] {processor.py:186} INFO - Started process (PID=408) to work on /home/airflow/.local/lib/python3.12/site-packages/airflow/example_dags/example_bash_decorator.py
[2025-04-13T16:52:45.460+0000] {processor.py:914} INFO - Processing file /home/airflow/.local/lib/python3.12/site-packages/airflow/example_dags/example_bash_decorator.py for tasks to queue
[2025-04-13T16:52:45.466+0000] {logging_mixin.py:190} INFO - [2025-04-13T16:52:45.465+0000] {dagbag.py:588} INFO - Filling up the DagBag from /home/airflow/.local/lib/python3.12/site-packages/airflow/example_dags/example_bash_decorator.py
[2025-04-13T16:52:45.521+0000] {processor.py:925} INFO - DAG(s) 'example_bash_decorator' retrieved from /home/airflow/.local/lib/python3.12/site-packages/airflow/example_dags/example_bash_decorator.py
[2025-04-13T16:52:45.744+0000] {logging_mixin.py:190} INFO - [2025-04-13T16:52:45.733+0000] {dag.py:3239} INFO - Sync 1 DAGs
[2025-04-13T16:52:45.873+0000] {logging_mixin.py:190} INFO - [2025-04-13T16:52:45.870+0000] {dag.py:4180} INFO - Setting next_dagrun for example_bash_decorator to None, run_after=None
[2025-04-13T16:52:46.092+0000] {processor.py:208} INFO - Processing /home/airflow/.local/lib/python3.12/site-packages/airflow/example_dags/example_bash_decorator.py took 0.679 seconds
[2025-04-13T16:53:32.093+0000] {processor.py:186} INFO - Started process (PID=467) to work on /home/airflow/.local/lib/python3.12/site-packages/airflow/example_dags/example_bash_decorator.py
[2025-04-13T16:53:32.112+0000] {processor.py:914} INFO - Processing file /home/airflow/.local/lib/python3.12/site-packages/airflow/example_dags/example_bash_decorator.py for tasks to queue
[2025-04-13T16:53:32.135+0000] {logging_mixin.py:190} INFO - [2025-04-13T16:53:32.134+0000] {dagbag.py:588} INFO - Filling up the DagBag from /home/airflow/.local/lib/python3.12/site-packages/airflow/example_dags/example_bash_decorator.py
[2025-04-13T16:53:32.246+0000] {processor.py:925} INFO - DAG(s) 'example_bash_decorator' retrieved from /home/airflow/.local/lib/python3.12/site-packages/airflow/example_dags/example_bash_decorator.py
[2025-04-13T16:53:32.466+0000] {logging_mixin.py:190} INFO - [2025-04-13T16:53:32.465+0000] {dag.py:3239} INFO - Sync 1 DAGs
[2025-04-13T16:53:32.544+0000] {logging_mixin.py:190} INFO - [2025-04-13T16:53:32.544+0000] {dag.py:4180} INFO - Setting next_dagrun for example_bash_decorator to None, run_after=None
[2025-04-13T16:53:32.851+0000] {processor.py:208} INFO - Processing /home/airflow/.local/lib/python3.12/site-packages/airflow/example_dags/example_bash_decorator.py took 0.785 seconds
[2025-04-13T16:54:03.510+0000] {processor.py:186} INFO - Started process (PID=531) to work on /home/airflow/.local/lib/python3.12/site-packages/airflow/example_dags/example_bash_decorator.py
[2025-04-13T16:54:03.513+0000] {processor.py:914} INFO - Processing file /home/airflow/.local/lib/python3.12/site-packages/airflow/example_dags/example_bash_decorator.py for tasks to queue
[2025-04-13T16:54:03.522+0000] {logging_mixin.py:190} INFO - [2025-04-13T16:54:03.521+0000] {dagbag.py:588} INFO - Filling up the DagBag from /home/airflow/.local/lib/python3.12/site-packages/airflow/example_dags/example_bash_decorator.py
[2025-04-13T16:54:03.579+0000] {processor.py:925} INFO - DAG(s) 'example_bash_decorator' retrieved from /home/airflow/.local/lib/python3.12/site-packages/airflow/example_dags/example_bash_decorator.py
[2025-04-13T16:54:03.681+0000] {logging_mixin.py:190} INFO - [2025-04-13T16:54:03.678+0000] {dag.py:3239} INFO - Sync 1 DAGs
[2025-04-13T16:54:03.755+0000] {logging_mixin.py:190} INFO - [2025-04-13T16:54:03.755+0000] {dag.py:4180} INFO - Setting next_dagrun for example_bash_decorator to None, run_after=None
[2025-04-13T16:54:03.857+0000] {processor.py:208} INFO - Processing /home/airflow/.local/lib/python3.12/site-packages/airflow/example_dags/example_bash_decorator.py took 0.370 seconds
[2025-04-13T16:54:47.080+0000] {processor.py:186} INFO - Started process (PID=589) to work on /home/airflow/.local/lib/python3.12/site-packages/airflow/example_dags/example_bash_decorator.py
[2025-04-13T16:54:47.086+0000] {processor.py:914} INFO - Processing file /home/airflow/.local/lib/python3.12/site-packages/airflow/example_dags/example_bash_decorator.py for tasks to queue
[2025-04-13T16:54:47.099+0000] {logging_mixin.py:190} INFO - [2025-04-13T16:54:47.096+0000] {dagbag.py:588} INFO - Filling up the DagBag from /home/airflow/.local/lib/python3.12/site-packages/airflow/example_dags/example_bash_decorator.py
[2025-04-13T16:54:47.179+0000] {processor.py:925} INFO - DAG(s) 'example_bash_decorator' retrieved from /home/airflow/.local/lib/python3.12/site-packages/airflow/example_dags/example_bash_decorator.py
[2025-04-13T16:54:47.398+0000] {logging_mixin.py:190} INFO - [2025-04-13T16:54:47.397+0000] {dag.py:3239} INFO - Sync 1 DAGs
[2025-04-13T16:54:47.536+0000] {logging_mixin.py:190} INFO - [2025-04-13T16:54:47.527+0000] {dag.py:4180} INFO - Setting next_dagrun for example_bash_decorator to None, run_after=None
[2025-04-13T16:54:47.711+0000] {processor.py:208} INFO - Processing /home/airflow/.local/lib/python3.12/site-packages/airflow/example_dags/example_bash_decorator.py took 0.677 seconds
[2025-04-13T17:02:34.314+0000] {processor.py:186} INFO - Started process (PID=92) to work on /home/airflow/.local/lib/python3.12/site-packages/airflow/example_dags/example_bash_decorator.py
[2025-04-13T17:02:34.365+0000] {processor.py:914} INFO - Processing file /home/airflow/.local/lib/python3.12/site-packages/airflow/example_dags/example_bash_decorator.py for tasks to queue
[2025-04-13T17:02:34.524+0000] {logging_mixin.py:190} INFO - [2025-04-13T17:02:34.524+0000] {dagbag.py:588} INFO - Filling up the DagBag from /home/airflow/.local/lib/python3.12/site-packages/airflow/example_dags/example_bash_decorator.py
[2025-04-13T17:02:35.155+0000] {processor.py:925} INFO - DAG(s) 'example_bash_decorator' retrieved from /home/airflow/.local/lib/python3.12/site-packages/airflow/example_dags/example_bash_decorator.py
[2025-04-13T17:02:37.308+0000] {logging_mixin.py:190} INFO - [2025-04-13T17:02:37.308+0000] {dag.py:3239} INFO - Sync 1 DAGs
[2025-04-13T17:02:37.717+0000] {logging_mixin.py:190} INFO - [2025-04-13T17:02:37.707+0000] {dag.py:4180} INFO - Setting next_dagrun for example_bash_decorator to None, run_after=None
[2025-04-13T17:02:38.453+0000] {processor.py:208} INFO - Processing /home/airflow/.local/lib/python3.12/site-packages/airflow/example_dags/example_bash_decorator.py took 4.201 seconds
[2025-04-13T17:05:05.591+0000] {processor.py:186} INFO - Started process (PID=179) to work on /home/airflow/.local/lib/python3.12/site-packages/airflow/example_dags/example_bash_decorator.py
[2025-04-13T17:05:05.639+0000] {processor.py:914} INFO - Processing file /home/airflow/.local/lib/python3.12/site-packages/airflow/example_dags/example_bash_decorator.py for tasks to queue
[2025-04-13T17:05:05.679+0000] {logging_mixin.py:190} INFO - [2025-04-13T17:05:05.678+0000] {dagbag.py:588} INFO - Filling up the DagBag from /home/airflow/.local/lib/python3.12/site-packages/airflow/example_dags/example_bash_decorator.py
[2025-04-13T17:05:05.846+0000] {processor.py:925} INFO - DAG(s) 'example_bash_decorator' retrieved from /home/airflow/.local/lib/python3.12/site-packages/airflow/example_dags/example_bash_decorator.py
[2025-04-13T17:05:06.501+0000] {logging_mixin.py:190} INFO - [2025-04-13T17:05:06.501+0000] {dag.py:3239} INFO - Sync 1 DAGs
[2025-04-13T17:05:06.828+0000] {logging_mixin.py:190} INFO - [2025-04-13T17:05:06.828+0000] {dag.py:4180} INFO - Setting next_dagrun for example_bash_decorator to None, run_after=None
[2025-04-13T17:05:07.443+0000] {processor.py:208} INFO - Processing /home/airflow/.local/lib/python3.12/site-packages/airflow/example_dags/example_bash_decorator.py took 1.918 seconds
[2025-04-13T17:21:49.531+0000] {processor.py:186} INFO - Started process (PID=129) to work on /home/airflow/.local/lib/python3.12/site-packages/airflow/example_dags/example_bash_decorator.py
[2025-04-13T17:21:49.928+0000] {processor.py:914} INFO - Processing file /home/airflow/.local/lib/python3.12/site-packages/airflow/example_dags/example_bash_decorator.py for tasks to queue
[2025-04-13T17:21:50.131+0000] {logging_mixin.py:190} INFO - [2025-04-13T17:21:50.124+0000] {dagbag.py:588} INFO - Filling up the DagBag from /home/airflow/.local/lib/python3.12/site-packages/airflow/example_dags/example_bash_decorator.py
[2025-04-13T17:21:52.187+0000] {processor.py:925} INFO - DAG(s) 'example_bash_decorator' retrieved from /home/airflow/.local/lib/python3.12/site-packages/airflow/example_dags/example_bash_decorator.py
[2025-04-13T17:22:02.233+0000] {logging_mixin.py:190} INFO - [2025-04-13T17:22:02.233+0000] {dag.py:3239} INFO - Sync 1 DAGs
[2025-04-13T17:22:03.325+0000] {logging_mixin.py:190} INFO - [2025-04-13T17:22:03.324+0000] {dag.py:4180} INFO - Setting next_dagrun for example_bash_decorator to None, run_after=None
[2025-04-13T17:22:06.014+0000] {processor.py:208} INFO - Processing /home/airflow/.local/lib/python3.12/site-packages/airflow/example_dags/example_bash_decorator.py took 16.880 seconds
[2025-04-13T18:07:30.753+0000] {processor.py:186} INFO - Started process (PID=212) to work on /home/airflow/.local/lib/python3.12/site-packages/airflow/example_dags/example_bash_decorator.py
[2025-04-13T18:07:30.791+0000] {processor.py:914} INFO - Processing file /home/airflow/.local/lib/python3.12/site-packages/airflow/example_dags/example_bash_decorator.py for tasks to queue
[2025-04-13T18:07:31.020+0000] {logging_mixin.py:190} INFO - [2025-04-13T18:07:31.018+0000] {dagbag.py:588} INFO - Filling up the DagBag from /home/airflow/.local/lib/python3.12/site-packages/airflow/example_dags/example_bash_decorator.py
[2025-04-13T18:07:32.603+0000] {processor.py:925} INFO - DAG(s) 'example_bash_decorator' retrieved from /home/airflow/.local/lib/python3.12/site-packages/airflow/example_dags/example_bash_decorator.py
[2025-04-13T18:08:10.222+0000] {logging_mixin.py:190} INFO - [2025-04-13T18:08:10.222+0000] {dag.py:3239} INFO - Sync 1 DAGs
[2025-04-13T18:08:11.712+0000] {logging_mixin.py:190} INFO - [2025-04-13T18:08:11.712+0000] {dag.py:4180} INFO - Setting next_dagrun for example_bash_decorator to None, run_after=None
[2025-04-13T18:08:17.081+0000] {processor.py:208} INFO - Processing /home/airflow/.local/lib/python3.12/site-packages/airflow/example_dags/example_bash_decorator.py took 47.685 seconds
[2025-04-13T18:16:40.310+0000] {processor.py:186} INFO - Started process (PID=365) to work on /home/airflow/.local/lib/python3.12/site-packages/airflow/example_dags/example_bash_decorator.py
[2025-04-13T18:16:40.685+0000] {processor.py:914} INFO - Processing file /home/airflow/.local/lib/python3.12/site-packages/airflow/example_dags/example_bash_decorator.py for tasks to queue
[2025-04-13T18:16:40.732+0000] {logging_mixin.py:190} INFO - [2025-04-13T18:16:40.728+0000] {dagbag.py:588} INFO - Filling up the DagBag from /home/airflow/.local/lib/python3.12/site-packages/airflow/example_dags/example_bash_decorator.py
[2025-04-13T18:16:42.748+0000] {processor.py:925} INFO - DAG(s) 'example_bash_decorator' retrieved from /home/airflow/.local/lib/python3.12/site-packages/airflow/example_dags/example_bash_decorator.py
[2025-04-13T18:16:50.356+0000] {logging_mixin.py:190} INFO - [2025-04-13T18:16:50.356+0000] {dag.py:3239} INFO - Sync 1 DAGs
[2025-04-13T18:16:52.367+0000] {logging_mixin.py:190} INFO - [2025-04-13T18:16:52.367+0000] {dag.py:4180} INFO - Setting next_dagrun for example_bash_decorator to None, run_after=None
[2025-04-13T18:16:56.244+0000] {processor.py:208} INFO - Processing /home/airflow/.local/lib/python3.12/site-packages/airflow/example_dags/example_bash_decorator.py took 16.203 seconds
[2025-04-13T18:23:47.315+0000] {processor.py:186} INFO - Started process (PID=482) to work on /home/airflow/.local/lib/python3.12/site-packages/airflow/example_dags/example_bash_decorator.py
[2025-04-13T18:23:47.398+0000] {processor.py:914} INFO - Processing file /home/airflow/.local/lib/python3.12/site-packages/airflow/example_dags/example_bash_decorator.py for tasks to queue
[2025-04-13T18:23:47.657+0000] {logging_mixin.py:190} INFO - [2025-04-13T18:23:47.656+0000] {dagbag.py:588} INFO - Filling up the DagBag from /home/airflow/.local/lib/python3.12/site-packages/airflow/example_dags/example_bash_decorator.py
[2025-04-13T18:23:49.723+0000] {processor.py:925} INFO - DAG(s) 'example_bash_decorator' retrieved from /home/airflow/.local/lib/python3.12/site-packages/airflow/example_dags/example_bash_decorator.py
[2025-04-13T18:23:54.587+0000] {logging_mixin.py:190} INFO - [2025-04-13T18:23:54.586+0000] {dag.py:3239} INFO - Sync 1 DAGs
[2025-04-13T18:23:57.473+0000] {logging_mixin.py:190} INFO - [2025-04-13T18:23:57.472+0000] {dag.py:4180} INFO - Setting next_dagrun for example_bash_decorator to None, run_after=None
[2025-04-13T18:24:00.339+0000] {processor.py:208} INFO - Processing /home/airflow/.local/lib/python3.12/site-packages/airflow/example_dags/example_bash_decorator.py took 13.292 seconds
[2025-04-13T20:51:34.933+0000] {processor.py:186} INFO - Started process (PID=77) to work on /home/airflow/.local/lib/python3.12/site-packages/airflow/example_dags/example_bash_decorator.py
[2025-04-13T20:51:34.937+0000] {processor.py:914} INFO - Processing file /home/airflow/.local/lib/python3.12/site-packages/airflow/example_dags/example_bash_decorator.py for tasks to queue
[2025-04-13T20:51:34.974+0000] {logging_mixin.py:190} INFO - [2025-04-13T20:51:34.973+0000] {dagbag.py:588} INFO - Filling up the DagBag from /home/airflow/.local/lib/python3.12/site-packages/airflow/example_dags/example_bash_decorator.py
[2025-04-13T20:51:35.084+0000] {processor.py:925} INFO - DAG(s) 'example_bash_decorator' retrieved from /home/airflow/.local/lib/python3.12/site-packages/airflow/example_dags/example_bash_decorator.py
[2025-04-13T20:51:36.997+0000] {logging_mixin.py:190} INFO - [2025-04-13T20:51:36.997+0000] {dag.py:3239} INFO - Sync 1 DAGs
[2025-04-13T20:51:37.143+0000] {logging_mixin.py:190} INFO - [2025-04-13T20:51:37.123+0000] {dag.py:4180} INFO - Setting next_dagrun for example_bash_decorator to None, run_after=None
[2025-04-13T20:51:37.340+0000] {processor.py:208} INFO - Processing /home/airflow/.local/lib/python3.12/site-packages/airflow/example_dags/example_bash_decorator.py took 2.513 seconds
[2025-04-13T20:52:16.379+0000] {processor.py:186} INFO - Started process (PID=142) to work on /home/airflow/.local/lib/python3.12/site-packages/airflow/example_dags/example_bash_decorator.py
[2025-04-13T20:52:16.410+0000] {processor.py:914} INFO - Processing file /home/airflow/.local/lib/python3.12/site-packages/airflow/example_dags/example_bash_decorator.py for tasks to queue
[2025-04-13T20:52:16.420+0000] {logging_mixin.py:190} INFO - [2025-04-13T20:52:16.420+0000] {dagbag.py:588} INFO - Filling up the DagBag from /home/airflow/.local/lib/python3.12/site-packages/airflow/example_dags/example_bash_decorator.py
[2025-04-13T20:52:16.885+0000] {processor.py:925} INFO - DAG(s) 'example_bash_decorator' retrieved from /home/airflow/.local/lib/python3.12/site-packages/airflow/example_dags/example_bash_decorator.py
[2025-04-13T20:52:17.104+0000] {logging_mixin.py:190} INFO - [2025-04-13T20:52:17.104+0000] {dag.py:3239} INFO - Sync 1 DAGs
[2025-04-13T20:52:17.213+0000] {logging_mixin.py:190} INFO - [2025-04-13T20:52:17.213+0000] {dag.py:4180} INFO - Setting next_dagrun for example_bash_decorator to None, run_after=None
[2025-04-13T20:52:17.438+0000] {processor.py:208} INFO - Processing /home/airflow/.local/lib/python3.12/site-packages/airflow/example_dags/example_bash_decorator.py took 1.184 seconds
[2025-04-13T20:52:48.262+0000] {processor.py:186} INFO - Started process (PID=208) to work on /home/airflow/.local/lib/python3.12/site-packages/airflow/example_dags/example_bash_decorator.py
[2025-04-13T20:52:48.267+0000] {processor.py:914} INFO - Processing file /home/airflow/.local/lib/python3.12/site-packages/airflow/example_dags/example_bash_decorator.py for tasks to queue
[2025-04-13T20:52:48.331+0000] {logging_mixin.py:190} INFO - [2025-04-13T20:52:48.321+0000] {dagbag.py:588} INFO - Filling up the DagBag from /home/airflow/.local/lib/python3.12/site-packages/airflow/example_dags/example_bash_decorator.py
[2025-04-13T20:52:48.666+0000] {processor.py:925} INFO - DAG(s) 'example_bash_decorator' retrieved from /home/airflow/.local/lib/python3.12/site-packages/airflow/example_dags/example_bash_decorator.py
[2025-04-13T20:52:49.188+0000] {logging_mixin.py:190} INFO - [2025-04-13T20:52:49.177+0000] {dag.py:3239} INFO - Sync 1 DAGs
[2025-04-13T20:52:49.393+0000] {logging_mixin.py:190} INFO - [2025-04-13T20:52:49.390+0000] {dag.py:4180} INFO - Setting next_dagrun for example_bash_decorator to None, run_after=None
[2025-04-13T20:52:49.805+0000] {processor.py:208} INFO - Processing /home/airflow/.local/lib/python3.12/site-packages/airflow/example_dags/example_bash_decorator.py took 1.582 seconds
[2025-04-13T20:53:20.393+0000] {processor.py:186} INFO - Started process (PID=272) to work on /home/airflow/.local/lib/python3.12/site-packages/airflow/example_dags/example_bash_decorator.py
[2025-04-13T20:53:20.396+0000] {processor.py:914} INFO - Processing file /home/airflow/.local/lib/python3.12/site-packages/airflow/example_dags/example_bash_decorator.py for tasks to queue
[2025-04-13T20:53:20.403+0000] {logging_mixin.py:190} INFO - [2025-04-13T20:53:20.402+0000] {dagbag.py:588} INFO - Filling up the DagBag from /home/airflow/.local/lib/python3.12/site-packages/airflow/example_dags/example_bash_decorator.py
[2025-04-13T20:53:20.438+0000] {processor.py:925} INFO - DAG(s) 'example_bash_decorator' retrieved from /home/airflow/.local/lib/python3.12/site-packages/airflow/example_dags/example_bash_decorator.py
[2025-04-13T20:53:20.524+0000] {logging_mixin.py:190} INFO - [2025-04-13T20:53:20.524+0000] {dag.py:3239} INFO - Sync 1 DAGs
[2025-04-13T20:53:20.586+0000] {logging_mixin.py:190} INFO - [2025-04-13T20:53:20.585+0000] {dag.py:4180} INFO - Setting next_dagrun for example_bash_decorator to None, run_after=None
[2025-04-13T20:53:20.662+0000] {processor.py:208} INFO - Processing /home/airflow/.local/lib/python3.12/site-packages/airflow/example_dags/example_bash_decorator.py took 0.280 seconds
[2025-04-13T20:53:53.650+0000] {processor.py:186} INFO - Started process (PID=334) to work on /home/airflow/.local/lib/python3.12/site-packages/airflow/example_dags/example_bash_decorator.py
[2025-04-13T20:53:53.653+0000] {processor.py:914} INFO - Processing file /home/airflow/.local/lib/python3.12/site-packages/airflow/example_dags/example_bash_decorator.py for tasks to queue
[2025-04-13T20:53:53.656+0000] {logging_mixin.py:190} INFO - [2025-04-13T20:53:53.656+0000] {dagbag.py:588} INFO - Filling up the DagBag from /home/airflow/.local/lib/python3.12/site-packages/airflow/example_dags/example_bash_decorator.py
[2025-04-13T20:53:53.738+0000] {processor.py:925} INFO - DAG(s) 'example_bash_decorator' retrieved from /home/airflow/.local/lib/python3.12/site-packages/airflow/example_dags/example_bash_decorator.py
[2025-04-13T20:53:53.890+0000] {logging_mixin.py:190} INFO - [2025-04-13T20:53:53.890+0000] {dag.py:3239} INFO - Sync 1 DAGs
[2025-04-13T20:53:53.989+0000] {logging_mixin.py:190} INFO - [2025-04-13T20:53:53.988+0000] {dag.py:4180} INFO - Setting next_dagrun for example_bash_decorator to None, run_after=None
[2025-04-13T20:53:54.146+0000] {processor.py:208} INFO - Processing /home/airflow/.local/lib/python3.12/site-packages/airflow/example_dags/example_bash_decorator.py took 0.575 seconds
[2025-04-13T20:54:26.609+0000] {processor.py:186} INFO - Started process (PID=392) to work on /home/airflow/.local/lib/python3.12/site-packages/airflow/example_dags/example_bash_decorator.py
[2025-04-13T20:54:26.613+0000] {processor.py:914} INFO - Processing file /home/airflow/.local/lib/python3.12/site-packages/airflow/example_dags/example_bash_decorator.py for tasks to queue
[2025-04-13T20:54:26.631+0000] {logging_mixin.py:190} INFO - [2025-04-13T20:54:26.630+0000] {dagbag.py:588} INFO - Filling up the DagBag from /home/airflow/.local/lib/python3.12/site-packages/airflow/example_dags/example_bash_decorator.py
[2025-04-13T20:54:26.733+0000] {processor.py:925} INFO - DAG(s) 'example_bash_decorator' retrieved from /home/airflow/.local/lib/python3.12/site-packages/airflow/example_dags/example_bash_decorator.py
[2025-04-13T20:54:26.824+0000] {logging_mixin.py:190} INFO - [2025-04-13T20:54:26.823+0000] {dag.py:3239} INFO - Sync 1 DAGs
[2025-04-13T20:54:26.925+0000] {logging_mixin.py:190} INFO - [2025-04-13T20:54:26.923+0000] {dag.py:4180} INFO - Setting next_dagrun for example_bash_decorator to None, run_after=None
[2025-04-13T20:54:27.068+0000] {processor.py:208} INFO - Processing /home/airflow/.local/lib/python3.12/site-packages/airflow/example_dags/example_bash_decorator.py took 0.470 seconds
[2025-04-13T20:54:57.563+0000] {processor.py:186} INFO - Started process (PID=455) to work on /home/airflow/.local/lib/python3.12/site-packages/airflow/example_dags/example_bash_decorator.py
[2025-04-13T20:54:57.565+0000] {processor.py:914} INFO - Processing file /home/airflow/.local/lib/python3.12/site-packages/airflow/example_dags/example_bash_decorator.py for tasks to queue
[2025-04-13T20:54:57.570+0000] {logging_mixin.py:190} INFO - [2025-04-13T20:54:57.569+0000] {dagbag.py:588} INFO - Filling up the DagBag from /home/airflow/.local/lib/python3.12/site-packages/airflow/example_dags/example_bash_decorator.py
[2025-04-13T20:54:57.603+0000] {processor.py:925} INFO - DAG(s) 'example_bash_decorator' retrieved from /home/airflow/.local/lib/python3.12/site-packages/airflow/example_dags/example_bash_decorator.py
[2025-04-13T20:54:57.705+0000] {logging_mixin.py:190} INFO - [2025-04-13T20:54:57.705+0000] {dag.py:3239} INFO - Sync 1 DAGs
[2025-04-13T20:54:57.740+0000] {logging_mixin.py:190} INFO - [2025-04-13T20:54:57.739+0000] {dag.py:4180} INFO - Setting next_dagrun for example_bash_decorator to None, run_after=None
[2025-04-13T20:54:57.787+0000] {processor.py:208} INFO - Processing /home/airflow/.local/lib/python3.12/site-packages/airflow/example_dags/example_bash_decorator.py took 0.237 seconds
[2025-04-13T20:55:28.010+0000] {processor.py:186} INFO - Started process (PID=518) to work on /home/airflow/.local/lib/python3.12/site-packages/airflow/example_dags/example_bash_decorator.py
[2025-04-13T20:55:28.024+0000] {processor.py:914} INFO - Processing file /home/airflow/.local/lib/python3.12/site-packages/airflow/example_dags/example_bash_decorator.py for tasks to queue
[2025-04-13T20:55:28.037+0000] {logging_mixin.py:190} INFO - [2025-04-13T20:55:28.036+0000] {dagbag.py:588} INFO - Filling up the DagBag from /home/airflow/.local/lib/python3.12/site-packages/airflow/example_dags/example_bash_decorator.py
[2025-04-13T20:55:28.118+0000] {processor.py:925} INFO - DAG(s) 'example_bash_decorator' retrieved from /home/airflow/.local/lib/python3.12/site-packages/airflow/example_dags/example_bash_decorator.py
[2025-04-13T20:55:28.202+0000] {logging_mixin.py:190} INFO - [2025-04-13T20:55:28.202+0000] {dag.py:3239} INFO - Sync 1 DAGs
[2025-04-13T20:55:28.241+0000] {logging_mixin.py:190} INFO - [2025-04-13T20:55:28.240+0000] {dag.py:4180} INFO - Setting next_dagrun for example_bash_decorator to None, run_after=None
[2025-04-13T20:55:28.290+0000] {processor.py:208} INFO - Processing /home/airflow/.local/lib/python3.12/site-packages/airflow/example_dags/example_bash_decorator.py took 0.307 seconds
[2025-04-13T20:55:58.427+0000] {processor.py:186} INFO - Started process (PID=582) to work on /home/airflow/.local/lib/python3.12/site-packages/airflow/example_dags/example_bash_decorator.py
[2025-04-13T20:55:58.429+0000] {processor.py:914} INFO - Processing file /home/airflow/.local/lib/python3.12/site-packages/airflow/example_dags/example_bash_decorator.py for tasks to queue
[2025-04-13T20:55:58.433+0000] {logging_mixin.py:190} INFO - [2025-04-13T20:55:58.433+0000] {dagbag.py:588} INFO - Filling up the DagBag from /home/airflow/.local/lib/python3.12/site-packages/airflow/example_dags/example_bash_decorator.py
[2025-04-13T20:55:58.461+0000] {processor.py:925} INFO - DAG(s) 'example_bash_decorator' retrieved from /home/airflow/.local/lib/python3.12/site-packages/airflow/example_dags/example_bash_decorator.py
[2025-04-13T20:55:58.577+0000] {logging_mixin.py:190} INFO - [2025-04-13T20:55:58.577+0000] {dag.py:3239} INFO - Sync 1 DAGs
[2025-04-13T20:55:58.673+0000] {logging_mixin.py:190} INFO - [2025-04-13T20:55:58.673+0000] {dag.py:4180} INFO - Setting next_dagrun for example_bash_decorator to None, run_after=None
[2025-04-13T20:55:58.805+0000] {processor.py:208} INFO - Processing /home/airflow/.local/lib/python3.12/site-packages/airflow/example_dags/example_bash_decorator.py took 0.390 seconds
[2025-04-13T20:56:28.927+0000] {processor.py:186} INFO - Started process (PID=646) to work on /home/airflow/.local/lib/python3.12/site-packages/airflow/example_dags/example_bash_decorator.py
[2025-04-13T20:56:28.929+0000] {processor.py:914} INFO - Processing file /home/airflow/.local/lib/python3.12/site-packages/airflow/example_dags/example_bash_decorator.py for tasks to queue
[2025-04-13T20:56:28.934+0000] {logging_mixin.py:190} INFO - [2025-04-13T20:56:28.933+0000] {dagbag.py:588} INFO - Filling up the DagBag from /home/airflow/.local/lib/python3.12/site-packages/airflow/example_dags/example_bash_decorator.py
[2025-04-13T20:56:28.985+0000] {processor.py:925} INFO - DAG(s) 'example_bash_decorator' retrieved from /home/airflow/.local/lib/python3.12/site-packages/airflow/example_dags/example_bash_decorator.py
[2025-04-13T20:56:29.042+0000] {logging_mixin.py:190} INFO - [2025-04-13T20:56:29.042+0000] {dag.py:3239} INFO - Sync 1 DAGs
[2025-04-13T20:56:29.089+0000] {logging_mixin.py:190} INFO - [2025-04-13T20:56:29.089+0000] {dag.py:4180} INFO - Setting next_dagrun for example_bash_decorator to None, run_after=None
[2025-04-13T20:56:29.164+0000] {processor.py:208} INFO - Processing /home/airflow/.local/lib/python3.12/site-packages/airflow/example_dags/example_bash_decorator.py took 0.262 seconds
[2025-04-13T20:56:59.650+0000] {processor.py:186} INFO - Started process (PID=703) to work on /home/airflow/.local/lib/python3.12/site-packages/airflow/example_dags/example_bash_decorator.py
[2025-04-13T20:56:59.652+0000] {processor.py:914} INFO - Processing file /home/airflow/.local/lib/python3.12/site-packages/airflow/example_dags/example_bash_decorator.py for tasks to queue
[2025-04-13T20:56:59.656+0000] {logging_mixin.py:190} INFO - [2025-04-13T20:56:59.655+0000] {dagbag.py:588} INFO - Filling up the DagBag from /home/airflow/.local/lib/python3.12/site-packages/airflow/example_dags/example_bash_decorator.py
[2025-04-13T20:56:59.691+0000] {processor.py:925} INFO - DAG(s) 'example_bash_decorator' retrieved from /home/airflow/.local/lib/python3.12/site-packages/airflow/example_dags/example_bash_decorator.py
[2025-04-13T20:56:59.790+0000] {logging_mixin.py:190} INFO - [2025-04-13T20:56:59.789+0000] {dag.py:3239} INFO - Sync 1 DAGs
[2025-04-13T20:56:59.833+0000] {logging_mixin.py:190} INFO - [2025-04-13T20:56:59.832+0000] {dag.py:4180} INFO - Setting next_dagrun for example_bash_decorator to None, run_after=None
[2025-04-13T20:56:59.906+0000] {processor.py:208} INFO - Processing /home/airflow/.local/lib/python3.12/site-packages/airflow/example_dags/example_bash_decorator.py took 0.273 seconds
[2025-04-13T20:57:32.750+0000] {processor.py:186} INFO - Started process (PID=767) to work on /home/airflow/.local/lib/python3.12/site-packages/airflow/example_dags/example_bash_decorator.py
[2025-04-13T20:57:32.752+0000] {processor.py:914} INFO - Processing file /home/airflow/.local/lib/python3.12/site-packages/airflow/example_dags/example_bash_decorator.py for tasks to queue
[2025-04-13T20:57:32.775+0000] {logging_mixin.py:190} INFO - [2025-04-13T20:57:32.770+0000] {dagbag.py:588} INFO - Filling up the DagBag from /home/airflow/.local/lib/python3.12/site-packages/airflow/example_dags/example_bash_decorator.py
[2025-04-13T20:57:32.825+0000] {processor.py:925} INFO - DAG(s) 'example_bash_decorator' retrieved from /home/airflow/.local/lib/python3.12/site-packages/airflow/example_dags/example_bash_decorator.py
[2025-04-13T20:57:32.910+0000] {logging_mixin.py:190} INFO - [2025-04-13T20:57:32.909+0000] {dag.py:3239} INFO - Sync 1 DAGs
[2025-04-13T20:57:32.940+0000] {logging_mixin.py:190} INFO - [2025-04-13T20:57:32.940+0000] {dag.py:4180} INFO - Setting next_dagrun for example_bash_decorator to None, run_after=None
[2025-04-13T20:57:33.022+0000] {processor.py:208} INFO - Processing /home/airflow/.local/lib/python3.12/site-packages/airflow/example_dags/example_bash_decorator.py took 0.290 seconds
[2025-04-13T20:58:05.769+0000] {processor.py:186} INFO - Started process (PID=829) to work on /home/airflow/.local/lib/python3.12/site-packages/airflow/example_dags/example_bash_decorator.py
[2025-04-13T20:58:05.777+0000] {processor.py:914} INFO - Processing file /home/airflow/.local/lib/python3.12/site-packages/airflow/example_dags/example_bash_decorator.py for tasks to queue
[2025-04-13T20:58:05.786+0000] {logging_mixin.py:190} INFO - [2025-04-13T20:58:05.785+0000] {dagbag.py:588} INFO - Filling up the DagBag from /home/airflow/.local/lib/python3.12/site-packages/airflow/example_dags/example_bash_decorator.py
[2025-04-13T20:58:05.853+0000] {processor.py:925} INFO - DAG(s) 'example_bash_decorator' retrieved from /home/airflow/.local/lib/python3.12/site-packages/airflow/example_dags/example_bash_decorator.py
[2025-04-13T20:58:05.950+0000] {logging_mixin.py:190} INFO - [2025-04-13T20:58:05.949+0000] {dag.py:3239} INFO - Sync 1 DAGs
[2025-04-13T20:58:05.988+0000] {logging_mixin.py:190} INFO - [2025-04-13T20:58:05.988+0000] {dag.py:4180} INFO - Setting next_dagrun for example_bash_decorator to None, run_after=None
[2025-04-13T20:58:06.052+0000] {processor.py:208} INFO - Processing /home/airflow/.local/lib/python3.12/site-packages/airflow/example_dags/example_bash_decorator.py took 0.304 seconds
[2025-04-13T20:58:36.423+0000] {processor.py:186} INFO - Started process (PID=891) to work on /home/airflow/.local/lib/python3.12/site-packages/airflow/example_dags/example_bash_decorator.py
[2025-04-13T20:58:36.426+0000] {processor.py:914} INFO - Processing file /home/airflow/.local/lib/python3.12/site-packages/airflow/example_dags/example_bash_decorator.py for tasks to queue
[2025-04-13T20:58:36.434+0000] {logging_mixin.py:190} INFO - [2025-04-13T20:58:36.434+0000] {dagbag.py:588} INFO - Filling up the DagBag from /home/airflow/.local/lib/python3.12/site-packages/airflow/example_dags/example_bash_decorator.py
[2025-04-13T20:58:36.486+0000] {processor.py:925} INFO - DAG(s) 'example_bash_decorator' retrieved from /home/airflow/.local/lib/python3.12/site-packages/airflow/example_dags/example_bash_decorator.py
[2025-04-13T20:58:36.541+0000] {logging_mixin.py:190} INFO - [2025-04-13T20:58:36.541+0000] {dag.py:3239} INFO - Sync 1 DAGs
[2025-04-13T20:58:36.578+0000] {logging_mixin.py:190} INFO - [2025-04-13T20:58:36.577+0000] {dag.py:4180} INFO - Setting next_dagrun for example_bash_decorator to None, run_after=None
[2025-04-13T20:58:36.612+0000] {processor.py:208} INFO - Processing /home/airflow/.local/lib/python3.12/site-packages/airflow/example_dags/example_bash_decorator.py took 0.216 seconds
[2025-04-13T20:59:07.047+0000] {processor.py:186} INFO - Started process (PID=954) to work on /home/airflow/.local/lib/python3.12/site-packages/airflow/example_dags/example_bash_decorator.py
[2025-04-13T20:59:07.049+0000] {processor.py:914} INFO - Processing file /home/airflow/.local/lib/python3.12/site-packages/airflow/example_dags/example_bash_decorator.py for tasks to queue
[2025-04-13T20:59:07.054+0000] {logging_mixin.py:190} INFO - [2025-04-13T20:59:07.053+0000] {dagbag.py:588} INFO - Filling up the DagBag from /home/airflow/.local/lib/python3.12/site-packages/airflow/example_dags/example_bash_decorator.py
[2025-04-13T20:59:07.088+0000] {processor.py:925} INFO - DAG(s) 'example_bash_decorator' retrieved from /home/airflow/.local/lib/python3.12/site-packages/airflow/example_dags/example_bash_decorator.py
[2025-04-13T20:59:07.135+0000] {logging_mixin.py:190} INFO - [2025-04-13T20:59:07.134+0000] {dag.py:3239} INFO - Sync 1 DAGs
[2025-04-13T20:59:07.165+0000] {logging_mixin.py:190} INFO - [2025-04-13T20:59:07.165+0000] {dag.py:4180} INFO - Setting next_dagrun for example_bash_decorator to None, run_after=None
[2025-04-13T20:59:07.210+0000] {processor.py:208} INFO - Processing /home/airflow/.local/lib/python3.12/site-packages/airflow/example_dags/example_bash_decorator.py took 0.174 seconds
[2025-04-13T20:59:37.696+0000] {processor.py:186} INFO - Started process (PID=1018) to work on /home/airflow/.local/lib/python3.12/site-packages/airflow/example_dags/example_bash_decorator.py
[2025-04-13T20:59:37.698+0000] {processor.py:914} INFO - Processing file /home/airflow/.local/lib/python3.12/site-packages/airflow/example_dags/example_bash_decorator.py for tasks to queue
[2025-04-13T20:59:37.702+0000] {logging_mixin.py:190} INFO - [2025-04-13T20:59:37.702+0000] {dagbag.py:588} INFO - Filling up the DagBag from /home/airflow/.local/lib/python3.12/site-packages/airflow/example_dags/example_bash_decorator.py
[2025-04-13T20:59:37.740+0000] {processor.py:925} INFO - DAG(s) 'example_bash_decorator' retrieved from /home/airflow/.local/lib/python3.12/site-packages/airflow/example_dags/example_bash_decorator.py
[2025-04-13T20:59:37.806+0000] {logging_mixin.py:190} INFO - [2025-04-13T20:59:37.805+0000] {dag.py:3239} INFO - Sync 1 DAGs
[2025-04-13T20:59:37.835+0000] {logging_mixin.py:190} INFO - [2025-04-13T20:59:37.835+0000] {dag.py:4180} INFO - Setting next_dagrun for example_bash_decorator to None, run_after=None
[2025-04-13T20:59:37.897+0000] {processor.py:208} INFO - Processing /home/airflow/.local/lib/python3.12/site-packages/airflow/example_dags/example_bash_decorator.py took 0.212 seconds
[2025-04-13T21:00:08.519+0000] {processor.py:186} INFO - Started process (PID=1080) to work on /home/airflow/.local/lib/python3.12/site-packages/airflow/example_dags/example_bash_decorator.py
[2025-04-13T21:00:08.520+0000] {processor.py:914} INFO - Processing file /home/airflow/.local/lib/python3.12/site-packages/airflow/example_dags/example_bash_decorator.py for tasks to queue
[2025-04-13T21:00:08.525+0000] {logging_mixin.py:190} INFO - [2025-04-13T21:00:08.525+0000] {dagbag.py:588} INFO - Filling up the DagBag from /home/airflow/.local/lib/python3.12/site-packages/airflow/example_dags/example_bash_decorator.py
[2025-04-13T21:00:08.571+0000] {processor.py:925} INFO - DAG(s) 'example_bash_decorator' retrieved from /home/airflow/.local/lib/python3.12/site-packages/airflow/example_dags/example_bash_decorator.py
[2025-04-13T21:00:08.631+0000] {logging_mixin.py:190} INFO - [2025-04-13T21:00:08.631+0000] {dag.py:3239} INFO - Sync 1 DAGs
[2025-04-13T21:00:08.720+0000] {logging_mixin.py:190} INFO - [2025-04-13T21:00:08.720+0000] {dag.py:4180} INFO - Setting next_dagrun for example_bash_decorator to None, run_after=None
[2025-04-13T21:00:08.790+0000] {processor.py:208} INFO - Processing /home/airflow/.local/lib/python3.12/site-packages/airflow/example_dags/example_bash_decorator.py took 0.298 seconds
[2025-04-13T21:00:40.094+0000] {processor.py:186} INFO - Started process (PID=1144) to work on /home/airflow/.local/lib/python3.12/site-packages/airflow/example_dags/example_bash_decorator.py
[2025-04-13T21:00:40.095+0000] {processor.py:914} INFO - Processing file /home/airflow/.local/lib/python3.12/site-packages/airflow/example_dags/example_bash_decorator.py for tasks to queue
[2025-04-13T21:00:40.104+0000] {logging_mixin.py:190} INFO - [2025-04-13T21:00:40.103+0000] {dagbag.py:588} INFO - Filling up the DagBag from /home/airflow/.local/lib/python3.12/site-packages/airflow/example_dags/example_bash_decorator.py
[2025-04-13T21:00:40.153+0000] {processor.py:925} INFO - DAG(s) 'example_bash_decorator' retrieved from /home/airflow/.local/lib/python3.12/site-packages/airflow/example_dags/example_bash_decorator.py
[2025-04-13T21:00:40.248+0000] {logging_mixin.py:190} INFO - [2025-04-13T21:00:40.247+0000] {dag.py:3239} INFO - Sync 1 DAGs
[2025-04-13T21:00:40.383+0000] {logging_mixin.py:190} INFO - [2025-04-13T21:00:40.381+0000] {dag.py:4180} INFO - Setting next_dagrun for example_bash_decorator to None, run_after=None
[2025-04-13T21:00:40.649+0000] {processor.py:208} INFO - Processing /home/airflow/.local/lib/python3.12/site-packages/airflow/example_dags/example_bash_decorator.py took 0.571 seconds
[2025-04-13T21:01:10.731+0000] {processor.py:186} INFO - Started process (PID=1206) to work on /home/airflow/.local/lib/python3.12/site-packages/airflow/example_dags/example_bash_decorator.py
[2025-04-13T21:01:10.734+0000] {processor.py:914} INFO - Processing file /home/airflow/.local/lib/python3.12/site-packages/airflow/example_dags/example_bash_decorator.py for tasks to queue
[2025-04-13T21:01:10.740+0000] {logging_mixin.py:190} INFO - [2025-04-13T21:01:10.738+0000] {dagbag.py:588} INFO - Filling up the DagBag from /home/airflow/.local/lib/python3.12/site-packages/airflow/example_dags/example_bash_decorator.py
[2025-04-13T21:01:10.787+0000] {processor.py:925} INFO - DAG(s) 'example_bash_decorator' retrieved from /home/airflow/.local/lib/python3.12/site-packages/airflow/example_dags/example_bash_decorator.py
[2025-04-13T21:01:10.864+0000] {logging_mixin.py:190} INFO - [2025-04-13T21:01:10.863+0000] {dag.py:3239} INFO - Sync 1 DAGs
[2025-04-13T21:01:10.900+0000] {logging_mixin.py:190} INFO - [2025-04-13T21:01:10.899+0000] {dag.py:4180} INFO - Setting next_dagrun for example_bash_decorator to None, run_after=None
[2025-04-13T21:01:10.955+0000] {processor.py:208} INFO - Processing /home/airflow/.local/lib/python3.12/site-packages/airflow/example_dags/example_bash_decorator.py took 0.236 seconds
[2025-04-13T21:25:27.326+0000] {processor.py:186} INFO - Started process (PID=146) to work on /home/airflow/.local/lib/python3.12/site-packages/airflow/example_dags/example_bash_decorator.py
[2025-04-13T21:25:27.568+0000] {processor.py:914} INFO - Processing file /home/airflow/.local/lib/python3.12/site-packages/airflow/example_dags/example_bash_decorator.py for tasks to queue
[2025-04-13T21:25:27.606+0000] {logging_mixin.py:190} INFO - [2025-04-13T21:25:27.605+0000] {dagbag.py:588} INFO - Filling up the DagBag from /home/airflow/.local/lib/python3.12/site-packages/airflow/example_dags/example_bash_decorator.py
[2025-04-13T21:25:30.073+0000] {processor.py:925} INFO - DAG(s) 'example_bash_decorator' retrieved from /home/airflow/.local/lib/python3.12/site-packages/airflow/example_dags/example_bash_decorator.py
[2025-04-13T21:25:40.776+0000] {logging_mixin.py:190} INFO - [2025-04-13T21:25:40.775+0000] {dag.py:3239} INFO - Sync 1 DAGs
[2025-04-13T21:25:41.209+0000] {logging_mixin.py:190} INFO - [2025-04-13T21:25:41.209+0000] {dag.py:4180} INFO - Setting next_dagrun for example_bash_decorator to None, run_after=None
[2025-04-13T21:25:42.250+0000] {processor.py:208} INFO - Processing /home/airflow/.local/lib/python3.12/site-packages/airflow/example_dags/example_bash_decorator.py took 15.253 seconds
[2025-04-13T21:30:43.757+0000] {processor.py:186} INFO - Started process (PID=256) to work on /home/airflow/.local/lib/python3.12/site-packages/airflow/example_dags/example_bash_decorator.py
[2025-04-13T21:30:44.130+0000] {processor.py:914} INFO - Processing file /home/airflow/.local/lib/python3.12/site-packages/airflow/example_dags/example_bash_decorator.py for tasks to queue
[2025-04-13T21:30:44.222+0000] {logging_mixin.py:190} INFO - [2025-04-13T21:30:44.134+0000] {dagbag.py:588} INFO - Filling up the DagBag from /home/airflow/.local/lib/python3.12/site-packages/airflow/example_dags/example_bash_decorator.py
[2025-04-13T21:30:44.980+0000] {processor.py:925} INFO - DAG(s) 'example_bash_decorator' retrieved from /home/airflow/.local/lib/python3.12/site-packages/airflow/example_dags/example_bash_decorator.py
[2025-04-13T21:30:46.411+0000] {logging_mixin.py:190} INFO - [2025-04-13T21:30:46.410+0000] {dag.py:3239} INFO - Sync 1 DAGs
[2025-04-13T21:30:47.879+0000] {logging_mixin.py:190} INFO - [2025-04-13T21:30:47.755+0000] {dag.py:4180} INFO - Setting next_dagrun for example_bash_decorator to None, run_after=None
[2025-04-13T21:30:49.628+0000] {processor.py:208} INFO - Processing /home/airflow/.local/lib/python3.12/site-packages/airflow/example_dags/example_bash_decorator.py took 5.913 seconds
[2025-04-13T21:34:49.525+0000] {processor.py:186} INFO - Started process (PID=349) to work on /home/airflow/.local/lib/python3.12/site-packages/airflow/example_dags/example_bash_decorator.py
[2025-04-13T21:34:49.723+0000] {processor.py:914} INFO - Processing file /home/airflow/.local/lib/python3.12/site-packages/airflow/example_dags/example_bash_decorator.py for tasks to queue
[2025-04-13T21:34:49.744+0000] {logging_mixin.py:190} INFO - [2025-04-13T21:34:49.743+0000] {dagbag.py:588} INFO - Filling up the DagBag from /home/airflow/.local/lib/python3.12/site-packages/airflow/example_dags/example_bash_decorator.py
[2025-04-13T21:34:50.685+0000] {processor.py:925} INFO - DAG(s) 'example_bash_decorator' retrieved from /home/airflow/.local/lib/python3.12/site-packages/airflow/example_dags/example_bash_decorator.py
[2025-04-13T21:34:52.789+0000] {logging_mixin.py:190} INFO - [2025-04-13T21:34:52.788+0000] {dag.py:3239} INFO - Sync 1 DAGs
[2025-04-13T21:34:53.656+0000] {logging_mixin.py:190} INFO - [2025-04-13T21:34:53.607+0000] {dag.py:4180} INFO - Setting next_dagrun for example_bash_decorator to None, run_after=None
[2025-04-13T21:34:54.457+0000] {processor.py:208} INFO - Processing /home/airflow/.local/lib/python3.12/site-packages/airflow/example_dags/example_bash_decorator.py took 5.112 seconds
[2025-04-13T21:37:50.446+0000] {processor.py:186} INFO - Started process (PID=427) to work on /home/airflow/.local/lib/python3.12/site-packages/airflow/example_dags/example_bash_decorator.py
[2025-04-13T21:37:50.503+0000] {processor.py:914} INFO - Processing file /home/airflow/.local/lib/python3.12/site-packages/airflow/example_dags/example_bash_decorator.py for tasks to queue
[2025-04-13T21:37:50.624+0000] {logging_mixin.py:190} INFO - [2025-04-13T21:37:50.549+0000] {dagbag.py:588} INFO - Filling up the DagBag from /home/airflow/.local/lib/python3.12/site-packages/airflow/example_dags/example_bash_decorator.py
[2025-04-13T21:37:51.099+0000] {processor.py:925} INFO - DAG(s) 'example_bash_decorator' retrieved from /home/airflow/.local/lib/python3.12/site-packages/airflow/example_dags/example_bash_decorator.py
[2025-04-13T21:37:51.811+0000] {logging_mixin.py:190} INFO - [2025-04-13T21:37:51.809+0000] {dag.py:3239} INFO - Sync 1 DAGs
[2025-04-13T21:37:52.995+0000] {logging_mixin.py:190} INFO - [2025-04-13T21:37:52.995+0000] {dag.py:4180} INFO - Setting next_dagrun for example_bash_decorator to None, run_after=None
[2025-04-13T21:37:54.762+0000] {processor.py:208} INFO - Processing /home/airflow/.local/lib/python3.12/site-packages/airflow/example_dags/example_bash_decorator.py took 4.517 seconds
[2025-04-13T21:50:17.620+0000] {processor.py:186} INFO - Started process (PID=125) to work on /home/airflow/.local/lib/python3.12/site-packages/airflow/example_dags/example_bash_decorator.py
[2025-04-13T21:50:17.677+0000] {processor.py:914} INFO - Processing file /home/airflow/.local/lib/python3.12/site-packages/airflow/example_dags/example_bash_decorator.py for tasks to queue
[2025-04-13T21:50:17.694+0000] {logging_mixin.py:190} INFO - [2025-04-13T21:50:17.693+0000] {dagbag.py:588} INFO - Filling up the DagBag from /home/airflow/.local/lib/python3.12/site-packages/airflow/example_dags/example_bash_decorator.py
[2025-04-13T21:50:18.857+0000] {processor.py:925} INFO - DAG(s) 'example_bash_decorator' retrieved from /home/airflow/.local/lib/python3.12/site-packages/airflow/example_dags/example_bash_decorator.py
[2025-04-13T21:50:27.857+0000] {logging_mixin.py:190} INFO - [2025-04-13T21:50:27.856+0000] {dag.py:3239} INFO - Sync 1 DAGs
[2025-04-13T21:50:28.943+0000] {logging_mixin.py:190} INFO - [2025-04-13T21:50:28.941+0000] {dag.py:4180} INFO - Setting next_dagrun for example_bash_decorator to None, run_after=None
[2025-04-13T21:50:30.331+0000] {processor.py:208} INFO - Processing /home/airflow/.local/lib/python3.12/site-packages/airflow/example_dags/example_bash_decorator.py took 13.069 seconds
[2025-04-13T22:12:13.331+0000] {processor.py:186} INFO - Started process (PID=143) to work on /home/airflow/.local/lib/python3.12/site-packages/airflow/example_dags/example_bash_decorator.py
[2025-04-13T22:12:13.522+0000] {processor.py:914} INFO - Processing file /home/airflow/.local/lib/python3.12/site-packages/airflow/example_dags/example_bash_decorator.py for tasks to queue
[2025-04-13T22:12:13.846+0000] {logging_mixin.py:190} INFO - [2025-04-13T22:12:13.695+0000] {dagbag.py:588} INFO - Filling up the DagBag from /home/airflow/.local/lib/python3.12/site-packages/airflow/example_dags/example_bash_decorator.py
[2025-04-13T22:12:14.588+0000] {processor.py:925} INFO - DAG(s) 'example_bash_decorator' retrieved from /home/airflow/.local/lib/python3.12/site-packages/airflow/example_dags/example_bash_decorator.py
[2025-04-13T22:12:25.413+0000] {logging_mixin.py:190} INFO - [2025-04-13T22:12:25.413+0000] {dag.py:3239} INFO - Sync 1 DAGs
[2025-04-13T22:12:25.815+0000] {logging_mixin.py:190} INFO - [2025-04-13T22:12:25.815+0000] {dag.py:4180} INFO - Setting next_dagrun for example_bash_decorator to None, run_after=None
[2025-04-13T22:12:27.613+0000] {processor.py:208} INFO - Processing /home/airflow/.local/lib/python3.12/site-packages/airflow/example_dags/example_bash_decorator.py took 14.445 seconds
[2025-04-13T22:31:11.815+0000] {processor.py:186} INFO - Started process (PID=89) to work on /home/airflow/.local/lib/python3.12/site-packages/airflow/example_dags/example_bash_decorator.py
[2025-04-13T22:31:11.866+0000] {processor.py:914} INFO - Processing file /home/airflow/.local/lib/python3.12/site-packages/airflow/example_dags/example_bash_decorator.py for tasks to queue
[2025-04-13T22:31:11.999+0000] {logging_mixin.py:190} INFO - [2025-04-13T22:31:11.975+0000] {dagbag.py:588} INFO - Filling up the DagBag from /home/airflow/.local/lib/python3.12/site-packages/airflow/example_dags/example_bash_decorator.py
[2025-04-13T22:31:12.696+0000] {processor.py:925} INFO - DAG(s) 'example_bash_decorator' retrieved from /home/airflow/.local/lib/python3.12/site-packages/airflow/example_dags/example_bash_decorator.py
[2025-04-13T22:31:14.310+0000] {logging_mixin.py:190} INFO - [2025-04-13T22:31:14.310+0000] {dag.py:3239} INFO - Sync 1 DAGs
[2025-04-13T22:31:14.486+0000] {logging_mixin.py:190} INFO - [2025-04-13T22:31:14.486+0000] {dag.py:4180} INFO - Setting next_dagrun for example_bash_decorator to None, run_after=None
[2025-04-13T22:31:14.649+0000] {processor.py:208} INFO - Processing /home/airflow/.local/lib/python3.12/site-packages/airflow/example_dags/example_bash_decorator.py took 3.207 seconds
[2025-04-13T22:32:20.909+0000] {processor.py:186} INFO - Started process (PID=158) to work on /home/airflow/.local/lib/python3.12/site-packages/airflow/example_dags/example_bash_decorator.py
[2025-04-13T22:32:20.941+0000] {processor.py:914} INFO - Processing file /home/airflow/.local/lib/python3.12/site-packages/airflow/example_dags/example_bash_decorator.py for tasks to queue
[2025-04-13T22:32:20.954+0000] {logging_mixin.py:190} INFO - [2025-04-13T22:32:20.951+0000] {dagbag.py:588} INFO - Filling up the DagBag from /home/airflow/.local/lib/python3.12/site-packages/airflow/example_dags/example_bash_decorator.py
[2025-04-13T22:32:21.060+0000] {processor.py:925} INFO - DAG(s) 'example_bash_decorator' retrieved from /home/airflow/.local/lib/python3.12/site-packages/airflow/example_dags/example_bash_decorator.py
[2025-04-13T22:32:21.292+0000] {logging_mixin.py:190} INFO - [2025-04-13T22:32:21.291+0000] {dag.py:3239} INFO - Sync 1 DAGs
[2025-04-13T22:32:21.507+0000] {logging_mixin.py:190} INFO - [2025-04-13T22:32:21.497+0000] {dag.py:4180} INFO - Setting next_dagrun for example_bash_decorator to None, run_after=None
[2025-04-13T22:32:21.734+0000] {processor.py:208} INFO - Processing /home/airflow/.local/lib/python3.12/site-packages/airflow/example_dags/example_bash_decorator.py took 0.895 seconds
[2025-04-13T22:32:54.896+0000] {processor.py:186} INFO - Started process (PID=222) to work on /home/airflow/.local/lib/python3.12/site-packages/airflow/example_dags/example_bash_decorator.py
[2025-04-13T22:32:54.898+0000] {processor.py:914} INFO - Processing file /home/airflow/.local/lib/python3.12/site-packages/airflow/example_dags/example_bash_decorator.py for tasks to queue
[2025-04-13T22:32:54.917+0000] {logging_mixin.py:190} INFO - [2025-04-13T22:32:54.917+0000] {dagbag.py:588} INFO - Filling up the DagBag from /home/airflow/.local/lib/python3.12/site-packages/airflow/example_dags/example_bash_decorator.py
[2025-04-13T22:32:55.052+0000] {processor.py:925} INFO - DAG(s) 'example_bash_decorator' retrieved from /home/airflow/.local/lib/python3.12/site-packages/airflow/example_dags/example_bash_decorator.py
[2025-04-13T22:32:55.346+0000] {logging_mixin.py:190} INFO - [2025-04-13T22:32:55.345+0000] {dag.py:3239} INFO - Sync 1 DAGs
[2025-04-13T22:32:55.516+0000] {logging_mixin.py:190} INFO - [2025-04-13T22:32:55.516+0000] {dag.py:4180} INFO - Setting next_dagrun for example_bash_decorator to None, run_after=None
[2025-04-13T22:32:55.828+0000] {processor.py:208} INFO - Processing /home/airflow/.local/lib/python3.12/site-packages/airflow/example_dags/example_bash_decorator.py took 1.018 seconds
[2025-04-13T22:33:26.265+0000] {processor.py:186} INFO - Started process (PID=285) to work on /home/airflow/.local/lib/python3.12/site-packages/airflow/example_dags/example_bash_decorator.py
[2025-04-13T22:33:26.273+0000] {processor.py:914} INFO - Processing file /home/airflow/.local/lib/python3.12/site-packages/airflow/example_dags/example_bash_decorator.py for tasks to queue
[2025-04-13T22:33:26.295+0000] {logging_mixin.py:190} INFO - [2025-04-13T22:33:26.283+0000] {dagbag.py:588} INFO - Filling up the DagBag from /home/airflow/.local/lib/python3.12/site-packages/airflow/example_dags/example_bash_decorator.py
[2025-04-13T22:33:26.396+0000] {processor.py:925} INFO - DAG(s) 'example_bash_decorator' retrieved from /home/airflow/.local/lib/python3.12/site-packages/airflow/example_dags/example_bash_decorator.py
[2025-04-13T22:33:26.584+0000] {logging_mixin.py:190} INFO - [2025-04-13T22:33:26.584+0000] {dag.py:3239} INFO - Sync 1 DAGs
[2025-04-13T22:33:26.695+0000] {logging_mixin.py:190} INFO - [2025-04-13T22:33:26.695+0000] {dag.py:4180} INFO - Setting next_dagrun for example_bash_decorator to None, run_after=None
[2025-04-13T22:33:26.787+0000] {processor.py:208} INFO - Processing /home/airflow/.local/lib/python3.12/site-packages/airflow/example_dags/example_bash_decorator.py took 0.567 seconds
[2025-04-13T22:33:57.068+0000] {processor.py:186} INFO - Started process (PID=349) to work on /home/airflow/.local/lib/python3.12/site-packages/airflow/example_dags/example_bash_decorator.py
[2025-04-13T22:33:57.070+0000] {processor.py:914} INFO - Processing file /home/airflow/.local/lib/python3.12/site-packages/airflow/example_dags/example_bash_decorator.py for tasks to queue
[2025-04-13T22:33:57.076+0000] {logging_mixin.py:190} INFO - [2025-04-13T22:33:57.075+0000] {dagbag.py:588} INFO - Filling up the DagBag from /home/airflow/.local/lib/python3.12/site-packages/airflow/example_dags/example_bash_decorator.py
[2025-04-13T22:33:57.115+0000] {processor.py:925} INFO - DAG(s) 'example_bash_decorator' retrieved from /home/airflow/.local/lib/python3.12/site-packages/airflow/example_dags/example_bash_decorator.py
[2025-04-13T22:33:57.284+0000] {logging_mixin.py:190} INFO - [2025-04-13T22:33:57.283+0000] {dag.py:3239} INFO - Sync 1 DAGs
[2025-04-13T22:33:57.397+0000] {logging_mixin.py:190} INFO - [2025-04-13T22:33:57.397+0000] {dag.py:4180} INFO - Setting next_dagrun for example_bash_decorator to None, run_after=None
[2025-04-13T22:33:57.450+0000] {processor.py:208} INFO - Processing /home/airflow/.local/lib/python3.12/site-packages/airflow/example_dags/example_bash_decorator.py took 0.397 seconds
[2025-04-13T22:34:34.877+0000] {processor.py:186} INFO - Started process (PID=419) to work on /home/airflow/.local/lib/python3.12/site-packages/airflow/example_dags/example_bash_decorator.py
[2025-04-13T22:34:34.880+0000] {processor.py:914} INFO - Processing file /home/airflow/.local/lib/python3.12/site-packages/airflow/example_dags/example_bash_decorator.py for tasks to queue
[2025-04-13T22:34:34.886+0000] {logging_mixin.py:190} INFO - [2025-04-13T22:34:34.885+0000] {dagbag.py:588} INFO - Filling up the DagBag from /home/airflow/.local/lib/python3.12/site-packages/airflow/example_dags/example_bash_decorator.py
[2025-04-13T22:34:34.929+0000] {processor.py:925} INFO - DAG(s) 'example_bash_decorator' retrieved from /home/airflow/.local/lib/python3.12/site-packages/airflow/example_dags/example_bash_decorator.py
[2025-04-13T22:34:35.111+0000] {logging_mixin.py:190} INFO - [2025-04-13T22:34:35.110+0000] {dag.py:3239} INFO - Sync 1 DAGs
[2025-04-13T22:34:35.171+0000] {logging_mixin.py:190} INFO - [2025-04-13T22:34:35.171+0000] {dag.py:4180} INFO - Setting next_dagrun for example_bash_decorator to None, run_after=None
[2025-04-13T22:34:35.260+0000] {processor.py:208} INFO - Processing /home/airflow/.local/lib/python3.12/site-packages/airflow/example_dags/example_bash_decorator.py took 0.395 seconds
[2025-04-13T22:35:11.397+0000] {processor.py:186} INFO - Started process (PID=463) to work on /home/airflow/.local/lib/python3.12/site-packages/airflow/example_dags/example_bash_decorator.py
[2025-04-13T22:35:11.410+0000] {processor.py:914} INFO - Processing file /home/airflow/.local/lib/python3.12/site-packages/airflow/example_dags/example_bash_decorator.py for tasks to queue
[2025-04-13T22:35:11.447+0000] {logging_mixin.py:190} INFO - [2025-04-13T22:35:11.447+0000] {dagbag.py:588} INFO - Filling up the DagBag from /home/airflow/.local/lib/python3.12/site-packages/airflow/example_dags/example_bash_decorator.py
[2025-04-13T22:35:11.584+0000] {processor.py:925} INFO - DAG(s) 'example_bash_decorator' retrieved from /home/airflow/.local/lib/python3.12/site-packages/airflow/example_dags/example_bash_decorator.py
[2025-04-13T22:35:11.816+0000] {logging_mixin.py:190} INFO - [2025-04-13T22:35:11.815+0000] {dag.py:3239} INFO - Sync 1 DAGs
[2025-04-13T22:35:12.014+0000] {logging_mixin.py:190} INFO - [2025-04-13T22:35:12.014+0000] {dag.py:4180} INFO - Setting next_dagrun for example_bash_decorator to None, run_after=None
[2025-04-13T22:35:12.253+0000] {processor.py:208} INFO - Processing /home/airflow/.local/lib/python3.12/site-packages/airflow/example_dags/example_bash_decorator.py took 0.925 seconds
[2025-04-13T22:35:46.967+0000] {processor.py:186} INFO - Started process (PID=520) to work on /home/airflow/.local/lib/python3.12/site-packages/airflow/example_dags/example_bash_decorator.py
[2025-04-13T22:35:46.969+0000] {processor.py:914} INFO - Processing file /home/airflow/.local/lib/python3.12/site-packages/airflow/example_dags/example_bash_decorator.py for tasks to queue
[2025-04-13T22:35:47.001+0000] {logging_mixin.py:190} INFO - [2025-04-13T22:35:46.997+0000] {dagbag.py:588} INFO - Filling up the DagBag from /home/airflow/.local/lib/python3.12/site-packages/airflow/example_dags/example_bash_decorator.py
[2025-04-13T22:35:47.088+0000] {processor.py:925} INFO - DAG(s) 'example_bash_decorator' retrieved from /home/airflow/.local/lib/python3.12/site-packages/airflow/example_dags/example_bash_decorator.py
[2025-04-13T22:35:47.385+0000] {logging_mixin.py:190} INFO - [2025-04-13T22:35:47.384+0000] {dag.py:3239} INFO - Sync 1 DAGs
[2025-04-13T22:35:47.566+0000] {logging_mixin.py:190} INFO - [2025-04-13T22:35:47.566+0000] {dag.py:4180} INFO - Setting next_dagrun for example_bash_decorator to None, run_after=None
[2025-04-13T22:35:47.759+0000] {processor.py:208} INFO - Processing /home/airflow/.local/lib/python3.12/site-packages/airflow/example_dags/example_bash_decorator.py took 0.827 seconds
[2025-04-13T22:36:24.824+0000] {processor.py:186} INFO - Started process (PID=584) to work on /home/airflow/.local/lib/python3.12/site-packages/airflow/example_dags/example_bash_decorator.py
[2025-04-13T22:36:24.837+0000] {processor.py:914} INFO - Processing file /home/airflow/.local/lib/python3.12/site-packages/airflow/example_dags/example_bash_decorator.py for tasks to queue
[2025-04-13T22:36:24.846+0000] {logging_mixin.py:190} INFO - [2025-04-13T22:36:24.845+0000] {dagbag.py:588} INFO - Filling up the DagBag from /home/airflow/.local/lib/python3.12/site-packages/airflow/example_dags/example_bash_decorator.py
[2025-04-13T22:36:25.110+0000] {processor.py:925} INFO - DAG(s) 'example_bash_decorator' retrieved from /home/airflow/.local/lib/python3.12/site-packages/airflow/example_dags/example_bash_decorator.py
[2025-04-13T22:36:25.245+0000] {logging_mixin.py:190} INFO - [2025-04-13T22:36:25.245+0000] {dag.py:3239} INFO - Sync 1 DAGs
[2025-04-13T22:36:25.408+0000] {logging_mixin.py:190} INFO - [2025-04-13T22:36:25.408+0000] {dag.py:4180} INFO - Setting next_dagrun for example_bash_decorator to None, run_after=None
[2025-04-13T22:36:25.539+0000] {processor.py:208} INFO - Processing /home/airflow/.local/lib/python3.12/site-packages/airflow/example_dags/example_bash_decorator.py took 0.776 seconds
[2025-04-13T22:37:02.455+0000] {processor.py:186} INFO - Started process (PID=654) to work on /home/airflow/.local/lib/python3.12/site-packages/airflow/example_dags/example_bash_decorator.py
[2025-04-13T22:37:02.544+0000] {processor.py:914} INFO - Processing file /home/airflow/.local/lib/python3.12/site-packages/airflow/example_dags/example_bash_decorator.py for tasks to queue
[2025-04-13T22:37:02.562+0000] {logging_mixin.py:190} INFO - [2025-04-13T22:37:02.561+0000] {dagbag.py:588} INFO - Filling up the DagBag from /home/airflow/.local/lib/python3.12/site-packages/airflow/example_dags/example_bash_decorator.py
[2025-04-13T22:37:02.936+0000] {processor.py:925} INFO - DAG(s) 'example_bash_decorator' retrieved from /home/airflow/.local/lib/python3.12/site-packages/airflow/example_dags/example_bash_decorator.py
[2025-04-13T22:37:03.130+0000] {logging_mixin.py:190} INFO - [2025-04-13T22:37:03.130+0000] {dag.py:3239} INFO - Sync 1 DAGs
[2025-04-13T22:37:03.278+0000] {logging_mixin.py:190} INFO - [2025-04-13T22:37:03.272+0000] {dag.py:4180} INFO - Setting next_dagrun for example_bash_decorator to None, run_after=None
[2025-04-13T22:37:03.673+0000] {processor.py:208} INFO - Processing /home/airflow/.local/lib/python3.12/site-packages/airflow/example_dags/example_bash_decorator.py took 1.369 seconds
[2025-04-13T22:37:52.399+0000] {processor.py:186} INFO - Started process (PID=715) to work on /home/airflow/.local/lib/python3.12/site-packages/airflow/example_dags/example_bash_decorator.py
[2025-04-13T22:37:52.403+0000] {processor.py:914} INFO - Processing file /home/airflow/.local/lib/python3.12/site-packages/airflow/example_dags/example_bash_decorator.py for tasks to queue
[2025-04-13T22:37:52.418+0000] {logging_mixin.py:190} INFO - [2025-04-13T22:37:52.417+0000] {dagbag.py:588} INFO - Filling up the DagBag from /home/airflow/.local/lib/python3.12/site-packages/airflow/example_dags/example_bash_decorator.py
[2025-04-13T22:37:52.488+0000] {processor.py:925} INFO - DAG(s) 'example_bash_decorator' retrieved from /home/airflow/.local/lib/python3.12/site-packages/airflow/example_dags/example_bash_decorator.py
[2025-04-13T22:37:52.668+0000] {logging_mixin.py:190} INFO - [2025-04-13T22:37:52.667+0000] {dag.py:3239} INFO - Sync 1 DAGs
[2025-04-13T22:37:52.763+0000] {logging_mixin.py:190} INFO - [2025-04-13T22:37:52.762+0000] {dag.py:4180} INFO - Setting next_dagrun for example_bash_decorator to None, run_after=None
[2025-04-13T22:37:52.874+0000] {processor.py:208} INFO - Processing /home/airflow/.local/lib/python3.12/site-packages/airflow/example_dags/example_bash_decorator.py took 0.492 seconds
[2025-04-13T22:38:26.017+0000] {processor.py:186} INFO - Started process (PID=770) to work on /home/airflow/.local/lib/python3.12/site-packages/airflow/example_dags/example_bash_decorator.py
[2025-04-13T22:38:26.021+0000] {processor.py:914} INFO - Processing file /home/airflow/.local/lib/python3.12/site-packages/airflow/example_dags/example_bash_decorator.py for tasks to queue
[2025-04-13T22:38:26.048+0000] {logging_mixin.py:190} INFO - [2025-04-13T22:38:26.027+0000] {dagbag.py:588} INFO - Filling up the DagBag from /home/airflow/.local/lib/python3.12/site-packages/airflow/example_dags/example_bash_decorator.py
[2025-04-13T22:38:26.160+0000] {processor.py:925} INFO - DAG(s) 'example_bash_decorator' retrieved from /home/airflow/.local/lib/python3.12/site-packages/airflow/example_dags/example_bash_decorator.py
[2025-04-13T22:38:26.343+0000] {logging_mixin.py:190} INFO - [2025-04-13T22:38:26.342+0000] {dag.py:3239} INFO - Sync 1 DAGs
[2025-04-13T22:38:26.513+0000] {logging_mixin.py:190} INFO - [2025-04-13T22:38:26.512+0000] {dag.py:4180} INFO - Setting next_dagrun for example_bash_decorator to None, run_after=None
[2025-04-13T22:38:26.788+0000] {processor.py:208} INFO - Processing /home/airflow/.local/lib/python3.12/site-packages/airflow/example_dags/example_bash_decorator.py took 0.796 seconds
[2025-04-13T22:38:59.246+0000] {processor.py:186} INFO - Started process (PID=826) to work on /home/airflow/.local/lib/python3.12/site-packages/airflow/example_dags/example_bash_decorator.py
[2025-04-13T22:38:59.254+0000] {processor.py:914} INFO - Processing file /home/airflow/.local/lib/python3.12/site-packages/airflow/example_dags/example_bash_decorator.py for tasks to queue
[2025-04-13T22:38:59.269+0000] {logging_mixin.py:190} INFO - [2025-04-13T22:38:59.269+0000] {dagbag.py:588} INFO - Filling up the DagBag from /home/airflow/.local/lib/python3.12/site-packages/airflow/example_dags/example_bash_decorator.py
[2025-04-13T22:38:59.405+0000] {processor.py:925} INFO - DAG(s) 'example_bash_decorator' retrieved from /home/airflow/.local/lib/python3.12/site-packages/airflow/example_dags/example_bash_decorator.py
[2025-04-13T22:38:59.626+0000] {logging_mixin.py:190} INFO - [2025-04-13T22:38:59.626+0000] {dag.py:3239} INFO - Sync 1 DAGs
[2025-04-13T22:38:59.753+0000] {logging_mixin.py:190} INFO - [2025-04-13T22:38:59.750+0000] {dag.py:4180} INFO - Setting next_dagrun for example_bash_decorator to None, run_after=None
[2025-04-13T22:38:59.855+0000] {processor.py:208} INFO - Processing /home/airflow/.local/lib/python3.12/site-packages/airflow/example_dags/example_bash_decorator.py took 0.639 seconds
[2025-04-13T22:39:34.336+0000] {processor.py:186} INFO - Started process (PID=889) to work on /home/airflow/.local/lib/python3.12/site-packages/airflow/example_dags/example_bash_decorator.py
[2025-04-13T22:39:34.345+0000] {processor.py:914} INFO - Processing file /home/airflow/.local/lib/python3.12/site-packages/airflow/example_dags/example_bash_decorator.py for tasks to queue
[2025-04-13T22:39:34.361+0000] {logging_mixin.py:190} INFO - [2025-04-13T22:39:34.356+0000] {dagbag.py:588} INFO - Filling up the DagBag from /home/airflow/.local/lib/python3.12/site-packages/airflow/example_dags/example_bash_decorator.py
[2025-04-13T22:39:34.464+0000] {processor.py:925} INFO - DAG(s) 'example_bash_decorator' retrieved from /home/airflow/.local/lib/python3.12/site-packages/airflow/example_dags/example_bash_decorator.py
[2025-04-13T22:39:34.686+0000] {logging_mixin.py:190} INFO - [2025-04-13T22:39:34.684+0000] {dag.py:3239} INFO - Sync 1 DAGs
[2025-04-13T22:39:34.912+0000] {logging_mixin.py:190} INFO - [2025-04-13T22:39:34.898+0000] {dag.py:4180} INFO - Setting next_dagrun for example_bash_decorator to None, run_after=None
[2025-04-13T22:39:35.517+0000] {processor.py:208} INFO - Processing /home/airflow/.local/lib/python3.12/site-packages/airflow/example_dags/example_bash_decorator.py took 1.200 seconds
[2025-04-13T22:40:15.891+0000] {processor.py:186} INFO - Started process (PID=921) to work on /home/airflow/.local/lib/python3.12/site-packages/airflow/example_dags/example_bash_decorator.py
[2025-04-13T22:40:15.906+0000] {processor.py:914} INFO - Processing file /home/airflow/.local/lib/python3.12/site-packages/airflow/example_dags/example_bash_decorator.py for tasks to queue
[2025-04-13T22:40:15.934+0000] {logging_mixin.py:190} INFO - [2025-04-13T22:40:15.933+0000] {dagbag.py:588} INFO - Filling up the DagBag from /home/airflow/.local/lib/python3.12/site-packages/airflow/example_dags/example_bash_decorator.py
[2025-04-13T22:40:16.221+0000] {processor.py:925} INFO - DAG(s) 'example_bash_decorator' retrieved from /home/airflow/.local/lib/python3.12/site-packages/airflow/example_dags/example_bash_decorator.py
[2025-04-13T22:40:16.869+0000] {logging_mixin.py:190} INFO - [2025-04-13T22:40:16.869+0000] {dag.py:3239} INFO - Sync 1 DAGs
[2025-04-13T22:40:17.149+0000] {logging_mixin.py:190} INFO - [2025-04-13T22:40:17.148+0000] {dag.py:4180} INFO - Setting next_dagrun for example_bash_decorator to None, run_after=None
[2025-04-13T22:40:17.853+0000] {processor.py:208} INFO - Processing /home/airflow/.local/lib/python3.12/site-packages/airflow/example_dags/example_bash_decorator.py took 2.004 seconds
[2025-04-13T22:41:29.392+0000] {processor.py:186} INFO - Started process (PID=976) to work on /home/airflow/.local/lib/python3.12/site-packages/airflow/example_dags/example_bash_decorator.py
[2025-04-13T22:41:29.400+0000] {processor.py:914} INFO - Processing file /home/airflow/.local/lib/python3.12/site-packages/airflow/example_dags/example_bash_decorator.py for tasks to queue
[2025-04-13T22:41:29.428+0000] {logging_mixin.py:190} INFO - [2025-04-13T22:41:29.428+0000] {dagbag.py:588} INFO - Filling up the DagBag from /home/airflow/.local/lib/python3.12/site-packages/airflow/example_dags/example_bash_decorator.py
[2025-04-13T22:41:29.529+0000] {processor.py:925} INFO - DAG(s) 'example_bash_decorator' retrieved from /home/airflow/.local/lib/python3.12/site-packages/airflow/example_dags/example_bash_decorator.py
[2025-04-13T22:41:29.962+0000] {logging_mixin.py:190} INFO - [2025-04-13T22:41:29.961+0000] {dag.py:3239} INFO - Sync 1 DAGs
[2025-04-13T22:41:30.333+0000] {logging_mixin.py:190} INFO - [2025-04-13T22:41:30.333+0000] {dag.py:4180} INFO - Setting next_dagrun for example_bash_decorator to None, run_after=None
[2025-04-13T22:41:31.006+0000] {processor.py:208} INFO - Processing /home/airflow/.local/lib/python3.12/site-packages/airflow/example_dags/example_bash_decorator.py took 1.655 seconds
[2025-04-13T22:42:10.205+0000] {processor.py:186} INFO - Started process (PID=1024) to work on /home/airflow/.local/lib/python3.12/site-packages/airflow/example_dags/example_bash_decorator.py
[2025-04-13T22:42:10.208+0000] {processor.py:914} INFO - Processing file /home/airflow/.local/lib/python3.12/site-packages/airflow/example_dags/example_bash_decorator.py for tasks to queue
[2025-04-13T22:42:10.221+0000] {logging_mixin.py:190} INFO - [2025-04-13T22:42:10.220+0000] {dagbag.py:588} INFO - Filling up the DagBag from /home/airflow/.local/lib/python3.12/site-packages/airflow/example_dags/example_bash_decorator.py
[2025-04-13T22:42:10.278+0000] {processor.py:925} INFO - DAG(s) 'example_bash_decorator' retrieved from /home/airflow/.local/lib/python3.12/site-packages/airflow/example_dags/example_bash_decorator.py
[2025-04-13T22:42:10.389+0000] {logging_mixin.py:190} INFO - [2025-04-13T22:42:10.389+0000] {dag.py:3239} INFO - Sync 1 DAGs
[2025-04-13T22:42:10.447+0000] {logging_mixin.py:190} INFO - [2025-04-13T22:42:10.446+0000] {dag.py:4180} INFO - Setting next_dagrun for example_bash_decorator to None, run_after=None
[2025-04-13T22:42:10.518+0000] {processor.py:208} INFO - Processing /home/airflow/.local/lib/python3.12/site-packages/airflow/example_dags/example_bash_decorator.py took 0.366 seconds
[2025-04-13T22:42:47.674+0000] {processor.py:186} INFO - Started process (PID=1094) to work on /home/airflow/.local/lib/python3.12/site-packages/airflow/example_dags/example_bash_decorator.py
[2025-04-13T22:42:47.683+0000] {processor.py:914} INFO - Processing file /home/airflow/.local/lib/python3.12/site-packages/airflow/example_dags/example_bash_decorator.py for tasks to queue
[2025-04-13T22:42:47.702+0000] {logging_mixin.py:190} INFO - [2025-04-13T22:42:47.701+0000] {dagbag.py:588} INFO - Filling up the DagBag from /home/airflow/.local/lib/python3.12/site-packages/airflow/example_dags/example_bash_decorator.py
[2025-04-13T22:42:47.772+0000] {processor.py:925} INFO - DAG(s) 'example_bash_decorator' retrieved from /home/airflow/.local/lib/python3.12/site-packages/airflow/example_dags/example_bash_decorator.py
[2025-04-13T22:42:47.874+0000] {logging_mixin.py:190} INFO - [2025-04-13T22:42:47.873+0000] {dag.py:3239} INFO - Sync 1 DAGs
[2025-04-13T22:42:47.948+0000] {logging_mixin.py:190} INFO - [2025-04-13T22:42:47.948+0000] {dag.py:4180} INFO - Setting next_dagrun for example_bash_decorator to None, run_after=None
[2025-04-13T22:42:48.057+0000] {processor.py:208} INFO - Processing /home/airflow/.local/lib/python3.12/site-packages/airflow/example_dags/example_bash_decorator.py took 0.428 seconds
[2025-04-13T22:43:22.821+0000] {processor.py:186} INFO - Started process (PID=1129) to work on /home/airflow/.local/lib/python3.12/site-packages/airflow/example_dags/example_bash_decorator.py
[2025-04-13T22:43:22.825+0000] {processor.py:914} INFO - Processing file /home/airflow/.local/lib/python3.12/site-packages/airflow/example_dags/example_bash_decorator.py for tasks to queue
[2025-04-13T22:43:22.869+0000] {logging_mixin.py:190} INFO - [2025-04-13T22:43:22.868+0000] {dagbag.py:588} INFO - Filling up the DagBag from /home/airflow/.local/lib/python3.12/site-packages/airflow/example_dags/example_bash_decorator.py
[2025-04-13T22:43:23.054+0000] {processor.py:925} INFO - DAG(s) 'example_bash_decorator' retrieved from /home/airflow/.local/lib/python3.12/site-packages/airflow/example_dags/example_bash_decorator.py
[2025-04-13T22:43:23.255+0000] {logging_mixin.py:190} INFO - [2025-04-13T22:43:23.255+0000] {dag.py:3239} INFO - Sync 1 DAGs
[2025-04-13T22:43:23.377+0000] {logging_mixin.py:190} INFO - [2025-04-13T22:43:23.376+0000] {dag.py:4180} INFO - Setting next_dagrun for example_bash_decorator to None, run_after=None
[2025-04-13T22:43:23.520+0000] {processor.py:208} INFO - Processing /home/airflow/.local/lib/python3.12/site-packages/airflow/example_dags/example_bash_decorator.py took 0.755 seconds
[2025-04-13T22:44:20.388+0000] {processor.py:186} INFO - Started process (PID=1175) to work on /home/airflow/.local/lib/python3.12/site-packages/airflow/example_dags/example_bash_decorator.py
[2025-04-13T22:44:20.401+0000] {processor.py:914} INFO - Processing file /home/airflow/.local/lib/python3.12/site-packages/airflow/example_dags/example_bash_decorator.py for tasks to queue
[2025-04-13T22:44:20.419+0000] {logging_mixin.py:190} INFO - [2025-04-13T22:44:20.418+0000] {dagbag.py:588} INFO - Filling up the DagBag from /home/airflow/.local/lib/python3.12/site-packages/airflow/example_dags/example_bash_decorator.py
[2025-04-13T22:44:20.732+0000] {processor.py:925} INFO - DAG(s) 'example_bash_decorator' retrieved from /home/airflow/.local/lib/python3.12/site-packages/airflow/example_dags/example_bash_decorator.py
[2025-04-13T22:44:21.227+0000] {logging_mixin.py:190} INFO - [2025-04-13T22:44:21.226+0000] {dag.py:3239} INFO - Sync 1 DAGs
[2025-04-13T22:44:21.576+0000] {logging_mixin.py:190} INFO - [2025-04-13T22:44:21.576+0000] {dag.py:4180} INFO - Setting next_dagrun for example_bash_decorator to None, run_after=None
[2025-04-13T22:44:21.804+0000] {processor.py:208} INFO - Processing /home/airflow/.local/lib/python3.12/site-packages/airflow/example_dags/example_bash_decorator.py took 1.487 seconds
[2025-04-13T22:45:08.390+0000] {processor.py:186} INFO - Started process (PID=1221) to work on /home/airflow/.local/lib/python3.12/site-packages/airflow/example_dags/example_bash_decorator.py
[2025-04-13T22:45:08.395+0000] {processor.py:914} INFO - Processing file /home/airflow/.local/lib/python3.12/site-packages/airflow/example_dags/example_bash_decorator.py for tasks to queue
[2025-04-13T22:45:08.455+0000] {logging_mixin.py:190} INFO - [2025-04-13T22:45:08.454+0000] {dagbag.py:588} INFO - Filling up the DagBag from /home/airflow/.local/lib/python3.12/site-packages/airflow/example_dags/example_bash_decorator.py
[2025-04-13T22:45:08.605+0000] {processor.py:925} INFO - DAG(s) 'example_bash_decorator' retrieved from /home/airflow/.local/lib/python3.12/site-packages/airflow/example_dags/example_bash_decorator.py
[2025-04-13T22:45:09.167+0000] {logging_mixin.py:190} INFO - [2025-04-13T22:45:09.167+0000] {dag.py:3239} INFO - Sync 1 DAGs
[2025-04-13T22:45:09.333+0000] {logging_mixin.py:190} INFO - [2025-04-13T22:45:09.333+0000] {dag.py:4180} INFO - Setting next_dagrun for example_bash_decorator to None, run_after=None
[2025-04-13T22:45:09.795+0000] {processor.py:208} INFO - Processing /home/airflow/.local/lib/python3.12/site-packages/airflow/example_dags/example_bash_decorator.py took 1.460 seconds
