[2025-04-13T16:49:14.922+0000] {processor.py:186} INFO - Started process (PID=134) to work on /home/airflow/.local/lib/python3.12/site-packages/airflow/example_dags/example_python_operator.py
[2025-04-13T16:49:14.926+0000] {processor.py:914} INFO - Processing file /home/airflow/.local/lib/python3.12/site-packages/airflow/example_dags/example_python_operator.py for tasks to queue
[2025-04-13T16:49:14.934+0000] {logging_mixin.py:190} INFO - [2025-04-13T16:49:14.933+0000] {dagbag.py:588} INFO - Filling up the DagBag from /home/airflow/.local/lib/python3.12/site-packages/airflow/example_dags/example_python_operator.py
[2025-04-13T16:49:15.009+0000] {processor.py:925} INFO - DAG(s) 'example_python_operator' retrieved from /home/airflow/.local/lib/python3.12/site-packages/airflow/example_dags/example_python_operator.py
[2025-04-13T16:49:16.136+0000] {logging_mixin.py:190} INFO - [2025-04-13T16:49:16.135+0000] {override.py:1912} INFO - Created Permission View: can read on DAG:example_python_operator
[2025-04-13T16:49:16.260+0000] {logging_mixin.py:190} INFO - [2025-04-13T16:49:16.259+0000] {override.py:1912} INFO - Created Permission View: can edit on DAG:example_python_operator
[2025-04-13T16:49:16.287+0000] {logging_mixin.py:190} INFO - [2025-04-13T16:49:16.286+0000] {override.py:1912} INFO - Created Permission View: can delete on DAG:example_python_operator
[2025-04-13T16:49:16.425+0000] {logging_mixin.py:190} INFO - [2025-04-13T16:49:16.424+0000] {override.py:1912} INFO - Created Permission View: can read on DAG Run:example_python_operator
[2025-04-13T16:49:16.449+0000] {logging_mixin.py:190} INFO - [2025-04-13T16:49:16.448+0000] {override.py:1912} INFO - Created Permission View: menu access on DAG Run:example_python_operator
[2025-04-13T16:49:16.481+0000] {logging_mixin.py:190} INFO - [2025-04-13T16:49:16.477+0000] {override.py:1912} INFO - Created Permission View: can create on DAG Run:example_python_operator
[2025-04-13T16:49:16.722+0000] {logging_mixin.py:190} INFO - [2025-04-13T16:49:16.678+0000] {override.py:1912} INFO - Created Permission View: can delete on DAG Run:example_python_operator
[2025-04-13T16:49:16.739+0000] {logging_mixin.py:190} INFO - [2025-04-13T16:49:16.723+0000] {dag.py:3239} INFO - Sync 1 DAGs
[2025-04-13T16:49:17.052+0000] {logging_mixin.py:190} INFO - [2025-04-13T16:49:17.051+0000] {dag.py:3262} INFO - Creating ORM DAG for example_python_operator
[2025-04-13T16:49:17.057+0000] {logging_mixin.py:190} INFO - [2025-04-13T16:49:17.054+0000] {dag.py:4180} INFO - Setting next_dagrun for example_python_operator to None, run_after=None
[2025-04-13T16:49:17.162+0000] {processor.py:208} INFO - Processing /home/airflow/.local/lib/python3.12/site-packages/airflow/example_dags/example_python_operator.py took 2.288 seconds
[2025-04-13T16:50:54.025+0000] {processor.py:186} INFO - Started process (PID=210) to work on /home/airflow/.local/lib/python3.12/site-packages/airflow/example_dags/example_python_operator.py
[2025-04-13T16:50:54.059+0000] {processor.py:914} INFO - Processing file /home/airflow/.local/lib/python3.12/site-packages/airflow/example_dags/example_python_operator.py for tasks to queue
[2025-04-13T16:50:54.125+0000] {logging_mixin.py:190} INFO - [2025-04-13T16:50:54.124+0000] {dagbag.py:588} INFO - Filling up the DagBag from /home/airflow/.local/lib/python3.12/site-packages/airflow/example_dags/example_python_operator.py
[2025-04-13T16:50:54.366+0000] {processor.py:925} INFO - DAG(s) 'example_python_operator' retrieved from /home/airflow/.local/lib/python3.12/site-packages/airflow/example_dags/example_python_operator.py
[2025-04-13T16:50:54.746+0000] {logging_mixin.py:190} INFO - [2025-04-13T16:50:54.746+0000] {dag.py:3239} INFO - Sync 1 DAGs
[2025-04-13T16:50:55.044+0000] {logging_mixin.py:190} INFO - [2025-04-13T16:50:55.025+0000] {dag.py:4180} INFO - Setting next_dagrun for example_python_operator to None, run_after=None
[2025-04-13T16:50:55.387+0000] {processor.py:208} INFO - Processing /home/airflow/.local/lib/python3.12/site-packages/airflow/example_dags/example_python_operator.py took 1.447 seconds
[2025-04-13T16:51:32.489+0000] {processor.py:186} INFO - Started process (PID=274) to work on /home/airflow/.local/lib/python3.12/site-packages/airflow/example_dags/example_python_operator.py
[2025-04-13T16:51:32.492+0000] {processor.py:914} INFO - Processing file /home/airflow/.local/lib/python3.12/site-packages/airflow/example_dags/example_python_operator.py for tasks to queue
[2025-04-13T16:51:32.518+0000] {logging_mixin.py:190} INFO - [2025-04-13T16:51:32.515+0000] {dagbag.py:588} INFO - Filling up the DagBag from /home/airflow/.local/lib/python3.12/site-packages/airflow/example_dags/example_python_operator.py
[2025-04-13T16:51:32.554+0000] {processor.py:925} INFO - DAG(s) 'example_python_operator' retrieved from /home/airflow/.local/lib/python3.12/site-packages/airflow/example_dags/example_python_operator.py
[2025-04-13T16:51:32.677+0000] {logging_mixin.py:190} INFO - [2025-04-13T16:51:32.676+0000] {dag.py:3239} INFO - Sync 1 DAGs
[2025-04-13T16:51:32.809+0000] {logging_mixin.py:190} INFO - [2025-04-13T16:51:32.808+0000] {dag.py:4180} INFO - Setting next_dagrun for example_python_operator to None, run_after=None
[2025-04-13T16:51:32.984+0000] {processor.py:208} INFO - Processing /home/airflow/.local/lib/python3.12/site-packages/airflow/example_dags/example_python_operator.py took 0.554 seconds
[2025-04-13T16:52:03.583+0000] {processor.py:186} INFO - Started process (PID=337) to work on /home/airflow/.local/lib/python3.12/site-packages/airflow/example_dags/example_python_operator.py
[2025-04-13T16:52:03.585+0000] {processor.py:914} INFO - Processing file /home/airflow/.local/lib/python3.12/site-packages/airflow/example_dags/example_python_operator.py for tasks to queue
[2025-04-13T16:52:03.591+0000] {logging_mixin.py:190} INFO - [2025-04-13T16:52:03.590+0000] {dagbag.py:588} INFO - Filling up the DagBag from /home/airflow/.local/lib/python3.12/site-packages/airflow/example_dags/example_python_operator.py
[2025-04-13T16:52:03.635+0000] {processor.py:925} INFO - DAG(s) 'example_python_operator' retrieved from /home/airflow/.local/lib/python3.12/site-packages/airflow/example_dags/example_python_operator.py
[2025-04-13T16:52:03.730+0000] {logging_mixin.py:190} INFO - [2025-04-13T16:52:03.729+0000] {dag.py:3239} INFO - Sync 1 DAGs
[2025-04-13T16:52:04.023+0000] {logging_mixin.py:190} INFO - [2025-04-13T16:52:04.023+0000] {dag.py:4180} INFO - Setting next_dagrun for example_python_operator to None, run_after=None
[2025-04-13T16:52:04.283+0000] {processor.py:208} INFO - Processing /home/airflow/.local/lib/python3.12/site-packages/airflow/example_dags/example_python_operator.py took 0.714 seconds
[2025-04-13T16:52:35.784+0000] {processor.py:186} INFO - Started process (PID=401) to work on /home/airflow/.local/lib/python3.12/site-packages/airflow/example_dags/example_python_operator.py
[2025-04-13T16:52:35.787+0000] {processor.py:914} INFO - Processing file /home/airflow/.local/lib/python3.12/site-packages/airflow/example_dags/example_python_operator.py for tasks to queue
[2025-04-13T16:52:35.810+0000] {logging_mixin.py:190} INFO - [2025-04-13T16:52:35.810+0000] {dagbag.py:588} INFO - Filling up the DagBag from /home/airflow/.local/lib/python3.12/site-packages/airflow/example_dags/example_python_operator.py
[2025-04-13T16:52:35.872+0000] {processor.py:925} INFO - DAG(s) 'example_python_operator' retrieved from /home/airflow/.local/lib/python3.12/site-packages/airflow/example_dags/example_python_operator.py
[2025-04-13T16:52:36.236+0000] {logging_mixin.py:190} INFO - [2025-04-13T16:52:36.234+0000] {dag.py:3239} INFO - Sync 1 DAGs
[2025-04-13T16:52:36.571+0000] {logging_mixin.py:190} INFO - [2025-04-13T16:52:36.570+0000] {dag.py:4180} INFO - Setting next_dagrun for example_python_operator to None, run_after=None
[2025-04-13T16:52:37.108+0000] {processor.py:208} INFO - Processing /home/airflow/.local/lib/python3.12/site-packages/airflow/example_dags/example_python_operator.py took 1.336 seconds
[2025-04-13T16:53:38.264+0000] {processor.py:186} INFO - Started process (PID=482) to work on /home/airflow/.local/lib/python3.12/site-packages/airflow/example_dags/example_python_operator.py
[2025-04-13T16:53:38.267+0000] {processor.py:914} INFO - Processing file /home/airflow/.local/lib/python3.12/site-packages/airflow/example_dags/example_python_operator.py for tasks to queue
[2025-04-13T16:53:38.278+0000] {logging_mixin.py:190} INFO - [2025-04-13T16:53:38.273+0000] {dagbag.py:588} INFO - Filling up the DagBag from /home/airflow/.local/lib/python3.12/site-packages/airflow/example_dags/example_python_operator.py
[2025-04-13T16:53:38.327+0000] {processor.py:925} INFO - DAG(s) 'example_python_operator' retrieved from /home/airflow/.local/lib/python3.12/site-packages/airflow/example_dags/example_python_operator.py
[2025-04-13T16:53:38.479+0000] {logging_mixin.py:190} INFO - [2025-04-13T16:53:38.478+0000] {dag.py:3239} INFO - Sync 1 DAGs
[2025-04-13T16:53:38.532+0000] {logging_mixin.py:190} INFO - [2025-04-13T16:53:38.531+0000] {dag.py:4180} INFO - Setting next_dagrun for example_python_operator to None, run_after=None
[2025-04-13T16:53:38.593+0000] {processor.py:208} INFO - Processing /home/airflow/.local/lib/python3.12/site-packages/airflow/example_dags/example_python_operator.py took 0.363 seconds
[2025-04-13T16:54:10.243+0000] {processor.py:186} INFO - Started process (PID=546) to work on /home/airflow/.local/lib/python3.12/site-packages/airflow/example_dags/example_python_operator.py
[2025-04-13T16:54:10.263+0000] {processor.py:914} INFO - Processing file /home/airflow/.local/lib/python3.12/site-packages/airflow/example_dags/example_python_operator.py for tasks to queue
[2025-04-13T16:54:10.273+0000] {logging_mixin.py:190} INFO - [2025-04-13T16:54:10.273+0000] {dagbag.py:588} INFO - Filling up the DagBag from /home/airflow/.local/lib/python3.12/site-packages/airflow/example_dags/example_python_operator.py
[2025-04-13T16:54:10.398+0000] {processor.py:925} INFO - DAG(s) 'example_python_operator' retrieved from /home/airflow/.local/lib/python3.12/site-packages/airflow/example_dags/example_python_operator.py
[2025-04-13T16:54:10.553+0000] {logging_mixin.py:190} INFO - [2025-04-13T16:54:10.552+0000] {dag.py:3239} INFO - Sync 1 DAGs
[2025-04-13T16:54:10.620+0000] {logging_mixin.py:190} INFO - [2025-04-13T16:54:10.620+0000] {dag.py:4180} INFO - Setting next_dagrun for example_python_operator to None, run_after=None
[2025-04-13T16:54:10.794+0000] {processor.py:208} INFO - Processing /home/airflow/.local/lib/python3.12/site-packages/airflow/example_dags/example_python_operator.py took 0.579 seconds
[2025-04-13T16:55:05.455+0000] {processor.py:186} INFO - Started process (PID=616) to work on /home/airflow/.local/lib/python3.12/site-packages/airflow/example_dags/example_python_operator.py
[2025-04-13T16:55:05.472+0000] {processor.py:914} INFO - Processing file /home/airflow/.local/lib/python3.12/site-packages/airflow/example_dags/example_python_operator.py for tasks to queue
[2025-04-13T16:55:05.508+0000] {logging_mixin.py:190} INFO - [2025-04-13T16:55:05.496+0000] {dagbag.py:588} INFO - Filling up the DagBag from /home/airflow/.local/lib/python3.12/site-packages/airflow/example_dags/example_python_operator.py
[2025-04-13T16:55:05.630+0000] {processor.py:925} INFO - DAG(s) 'example_python_operator' retrieved from /home/airflow/.local/lib/python3.12/site-packages/airflow/example_dags/example_python_operator.py
[2025-04-13T16:55:05.753+0000] {logging_mixin.py:190} INFO - [2025-04-13T16:55:05.753+0000] {dag.py:3239} INFO - Sync 1 DAGs
[2025-04-13T16:55:05.838+0000] {logging_mixin.py:190} INFO - [2025-04-13T16:55:05.838+0000] {dag.py:4180} INFO - Setting next_dagrun for example_python_operator to None, run_after=None
[2025-04-13T16:55:05.971+0000] {processor.py:208} INFO - Processing /home/airflow/.local/lib/python3.12/site-packages/airflow/example_dags/example_python_operator.py took 0.551 seconds
[2025-04-13T17:03:57.918+0000] {processor.py:186} INFO - Started process (PID=143) to work on /home/airflow/.local/lib/python3.12/site-packages/airflow/example_dags/example_python_operator.py
[2025-04-13T17:03:57.990+0000] {processor.py:914} INFO - Processing file /home/airflow/.local/lib/python3.12/site-packages/airflow/example_dags/example_python_operator.py for tasks to queue
[2025-04-13T17:03:58.062+0000] {logging_mixin.py:190} INFO - [2025-04-13T17:03:58.061+0000] {dagbag.py:588} INFO - Filling up the DagBag from /home/airflow/.local/lib/python3.12/site-packages/airflow/example_dags/example_python_operator.py
[2025-04-13T17:03:58.277+0000] {processor.py:925} INFO - DAG(s) 'example_python_operator' retrieved from /home/airflow/.local/lib/python3.12/site-packages/airflow/example_dags/example_python_operator.py
[2025-04-13T17:04:01.357+0000] {logging_mixin.py:190} INFO - [2025-04-13T17:04:01.357+0000] {dag.py:3239} INFO - Sync 1 DAGs
[2025-04-13T17:04:01.615+0000] {logging_mixin.py:190} INFO - [2025-04-13T17:04:01.615+0000] {dag.py:4180} INFO - Setting next_dagrun for example_python_operator to None, run_after=None
[2025-04-13T17:04:03.589+0000] {processor.py:208} INFO - Processing /home/airflow/.local/lib/python3.12/site-packages/airflow/example_dags/example_python_operator.py took 5.791 seconds
[2025-04-13T17:06:21.631+0000] {processor.py:186} INFO - Started process (PID=224) to work on /home/airflow/.local/lib/python3.12/site-packages/airflow/example_dags/example_python_operator.py
[2025-04-13T17:06:21.863+0000] {processor.py:914} INFO - Processing file /home/airflow/.local/lib/python3.12/site-packages/airflow/example_dags/example_python_operator.py for tasks to queue
[2025-04-13T17:06:22.091+0000] {logging_mixin.py:190} INFO - [2025-04-13T17:06:22.090+0000] {dagbag.py:588} INFO - Filling up the DagBag from /home/airflow/.local/lib/python3.12/site-packages/airflow/example_dags/example_python_operator.py
[2025-04-13T17:06:22.573+0000] {processor.py:925} INFO - DAG(s) 'example_python_operator' retrieved from /home/airflow/.local/lib/python3.12/site-packages/airflow/example_dags/example_python_operator.py
[2025-04-13T17:06:25.779+0000] {logging_mixin.py:190} INFO - [2025-04-13T17:06:25.778+0000] {dag.py:3239} INFO - Sync 1 DAGs
[2025-04-13T17:06:26.356+0000] {logging_mixin.py:190} INFO - [2025-04-13T17:06:26.328+0000] {dag.py:4180} INFO - Setting next_dagrun for example_python_operator to None, run_after=None
[2025-04-13T17:06:28.300+0000] {processor.py:208} INFO - Processing /home/airflow/.local/lib/python3.12/site-packages/airflow/example_dags/example_python_operator.py took 6.771 seconds
[2025-04-13T17:25:47.437+0000] {processor.py:186} INFO - Started process (PID=203) to work on /home/airflow/.local/lib/python3.12/site-packages/airflow/example_dags/example_python_operator.py
[2025-04-13T17:25:47.686+0000] {processor.py:914} INFO - Processing file /home/airflow/.local/lib/python3.12/site-packages/airflow/example_dags/example_python_operator.py for tasks to queue
[2025-04-13T17:25:47.964+0000] {logging_mixin.py:190} INFO - [2025-04-13T17:25:47.963+0000] {dagbag.py:588} INFO - Filling up the DagBag from /home/airflow/.local/lib/python3.12/site-packages/airflow/example_dags/example_python_operator.py
[2025-04-13T17:25:48.809+0000] {processor.py:925} INFO - DAG(s) 'example_python_operator' retrieved from /home/airflow/.local/lib/python3.12/site-packages/airflow/example_dags/example_python_operator.py
[2025-04-13T17:25:58.362+0000] {logging_mixin.py:190} INFO - [2025-04-13T17:25:58.361+0000] {dag.py:3239} INFO - Sync 1 DAGs
[2025-04-13T17:25:59.161+0000] {logging_mixin.py:190} INFO - [2025-04-13T17:25:59.161+0000] {dag.py:4180} INFO - Setting next_dagrun for example_python_operator to None, run_after=None
[2025-04-13T17:26:01.180+0000] {processor.py:208} INFO - Processing /home/airflow/.local/lib/python3.12/site-packages/airflow/example_dags/example_python_operator.py took 14.634 seconds
[2025-04-13T18:12:39.193+0000] {processor.py:186} INFO - Started process (PID=300) to work on /home/airflow/.local/lib/python3.12/site-packages/airflow/example_dags/example_python_operator.py
[2025-04-13T18:12:39.280+0000] {processor.py:914} INFO - Processing file /home/airflow/.local/lib/python3.12/site-packages/airflow/example_dags/example_python_operator.py for tasks to queue
[2025-04-13T18:12:39.738+0000] {logging_mixin.py:190} INFO - [2025-04-13T18:12:39.737+0000] {dagbag.py:588} INFO - Filling up the DagBag from /home/airflow/.local/lib/python3.12/site-packages/airflow/example_dags/example_python_operator.py
[2025-04-13T18:12:40.968+0000] {processor.py:925} INFO - DAG(s) 'example_python_operator' retrieved from /home/airflow/.local/lib/python3.12/site-packages/airflow/example_dags/example_python_operator.py
[2025-04-13T18:12:59.302+0000] {logging_mixin.py:190} INFO - [2025-04-13T18:12:59.302+0000] {dag.py:3239} INFO - Sync 1 DAGs
[2025-04-13T18:13:04.478+0000] {logging_mixin.py:190} INFO - [2025-04-13T18:13:04.395+0000] {dag.py:4180} INFO - Setting next_dagrun for example_python_operator to None, run_after=None
[2025-04-13T18:13:07.197+0000] {processor.py:208} INFO - Processing /home/airflow/.local/lib/python3.12/site-packages/airflow/example_dags/example_python_operator.py took 29.679 seconds
[2025-04-13T18:21:12.933+0000] {processor.py:186} INFO - Started process (PID=439) to work on /home/airflow/.local/lib/python3.12/site-packages/airflow/example_dags/example_python_operator.py
[2025-04-13T18:21:13.138+0000] {processor.py:914} INFO - Processing file /home/airflow/.local/lib/python3.12/site-packages/airflow/example_dags/example_python_operator.py for tasks to queue
[2025-04-13T18:21:13.160+0000] {logging_mixin.py:190} INFO - [2025-04-13T18:21:13.160+0000] {dagbag.py:588} INFO - Filling up the DagBag from /home/airflow/.local/lib/python3.12/site-packages/airflow/example_dags/example_python_operator.py
[2025-04-13T18:21:14.495+0000] {processor.py:925} INFO - DAG(s) 'example_python_operator' retrieved from /home/airflow/.local/lib/python3.12/site-packages/airflow/example_dags/example_python_operator.py
[2025-04-13T18:21:16.817+0000] {logging_mixin.py:190} INFO - [2025-04-13T18:21:16.817+0000] {dag.py:3239} INFO - Sync 1 DAGs
[2025-04-13T18:21:18.854+0000] {logging_mixin.py:190} INFO - [2025-04-13T18:21:18.852+0000] {dag.py:4180} INFO - Setting next_dagrun for example_python_operator to None, run_after=None
[2025-04-13T18:21:21.699+0000] {processor.py:208} INFO - Processing /home/airflow/.local/lib/python3.12/site-packages/airflow/example_dags/example_python_operator.py took 9.222 seconds
[2025-04-13T20:52:02.117+0000] {processor.py:186} INFO - Started process (PID=117) to work on /home/airflow/.local/lib/python3.12/site-packages/airflow/example_dags/example_python_operator.py
[2025-04-13T20:52:02.130+0000] {processor.py:914} INFO - Processing file /home/airflow/.local/lib/python3.12/site-packages/airflow/example_dags/example_python_operator.py for tasks to queue
[2025-04-13T20:52:02.155+0000] {logging_mixin.py:190} INFO - [2025-04-13T20:52:02.145+0000] {dagbag.py:588} INFO - Filling up the DagBag from /home/airflow/.local/lib/python3.12/site-packages/airflow/example_dags/example_python_operator.py
[2025-04-13T20:52:02.203+0000] {processor.py:925} INFO - DAG(s) 'example_python_operator' retrieved from /home/airflow/.local/lib/python3.12/site-packages/airflow/example_dags/example_python_operator.py
[2025-04-13T20:52:02.734+0000] {logging_mixin.py:190} INFO - [2025-04-13T20:52:02.734+0000] {dag.py:3239} INFO - Sync 1 DAGs
[2025-04-13T20:52:02.804+0000] {logging_mixin.py:190} INFO - [2025-04-13T20:52:02.804+0000] {dag.py:4180} INFO - Setting next_dagrun for example_python_operator to None, run_after=None
[2025-04-13T20:52:02.935+0000] {processor.py:208} INFO - Processing /home/airflow/.local/lib/python3.12/site-packages/airflow/example_dags/example_python_operator.py took 0.844 seconds
[2025-04-13T20:52:33.548+0000] {processor.py:186} INFO - Started process (PID=181) to work on /home/airflow/.local/lib/python3.12/site-packages/airflow/example_dags/example_python_operator.py
[2025-04-13T20:52:33.549+0000] {processor.py:914} INFO - Processing file /home/airflow/.local/lib/python3.12/site-packages/airflow/example_dags/example_python_operator.py for tasks to queue
[2025-04-13T20:52:33.565+0000] {logging_mixin.py:190} INFO - [2025-04-13T20:52:33.564+0000] {dagbag.py:588} INFO - Filling up the DagBag from /home/airflow/.local/lib/python3.12/site-packages/airflow/example_dags/example_python_operator.py
[2025-04-13T20:52:33.680+0000] {processor.py:925} INFO - DAG(s) 'example_python_operator' retrieved from /home/airflow/.local/lib/python3.12/site-packages/airflow/example_dags/example_python_operator.py
[2025-04-13T20:52:33.776+0000] {logging_mixin.py:190} INFO - [2025-04-13T20:52:33.776+0000] {dag.py:3239} INFO - Sync 1 DAGs
[2025-04-13T20:52:33.809+0000] {logging_mixin.py:190} INFO - [2025-04-13T20:52:33.805+0000] {dag.py:4180} INFO - Setting next_dagrun for example_python_operator to None, run_after=None
[2025-04-13T20:52:33.869+0000] {processor.py:208} INFO - Processing /home/airflow/.local/lib/python3.12/site-packages/airflow/example_dags/example_python_operator.py took 0.392 seconds
[2025-04-13T20:53:09.470+0000] {processor.py:186} INFO - Started process (PID=244) to work on /home/airflow/.local/lib/python3.12/site-packages/airflow/example_dags/example_python_operator.py
[2025-04-13T20:53:09.472+0000] {processor.py:914} INFO - Processing file /home/airflow/.local/lib/python3.12/site-packages/airflow/example_dags/example_python_operator.py for tasks to queue
[2025-04-13T20:53:09.477+0000] {logging_mixin.py:190} INFO - [2025-04-13T20:53:09.476+0000] {dagbag.py:588} INFO - Filling up the DagBag from /home/airflow/.local/lib/python3.12/site-packages/airflow/example_dags/example_python_operator.py
[2025-04-13T20:53:09.503+0000] {processor.py:925} INFO - DAG(s) 'example_python_operator' retrieved from /home/airflow/.local/lib/python3.12/site-packages/airflow/example_dags/example_python_operator.py
[2025-04-13T20:53:09.585+0000] {logging_mixin.py:190} INFO - [2025-04-13T20:53:09.584+0000] {dag.py:3239} INFO - Sync 1 DAGs
[2025-04-13T20:53:09.625+0000] {logging_mixin.py:190} INFO - [2025-04-13T20:53:09.625+0000] {dag.py:4180} INFO - Setting next_dagrun for example_python_operator to None, run_after=None
[2025-04-13T20:53:09.674+0000] {processor.py:208} INFO - Processing /home/airflow/.local/lib/python3.12/site-packages/airflow/example_dags/example_python_operator.py took 0.223 seconds
[2025-04-13T20:53:43.880+0000] {processor.py:186} INFO - Started process (PID=308) to work on /home/airflow/.local/lib/python3.12/site-packages/airflow/example_dags/example_python_operator.py
[2025-04-13T20:53:43.882+0000] {processor.py:914} INFO - Processing file /home/airflow/.local/lib/python3.12/site-packages/airflow/example_dags/example_python_operator.py for tasks to queue
[2025-04-13T20:53:43.889+0000] {logging_mixin.py:190} INFO - [2025-04-13T20:53:43.889+0000] {dagbag.py:588} INFO - Filling up the DagBag from /home/airflow/.local/lib/python3.12/site-packages/airflow/example_dags/example_python_operator.py
[2025-04-13T20:53:43.959+0000] {processor.py:925} INFO - DAG(s) 'example_python_operator' retrieved from /home/airflow/.local/lib/python3.12/site-packages/airflow/example_dags/example_python_operator.py
[2025-04-13T20:53:44.116+0000] {logging_mixin.py:190} INFO - [2025-04-13T20:53:44.115+0000] {dag.py:3239} INFO - Sync 1 DAGs
[2025-04-13T20:53:44.311+0000] {logging_mixin.py:190} INFO - [2025-04-13T20:53:44.294+0000] {dag.py:4180} INFO - Setting next_dagrun for example_python_operator to None, run_after=None
[2025-04-13T20:53:44.378+0000] {processor.py:208} INFO - Processing /home/airflow/.local/lib/python3.12/site-packages/airflow/example_dags/example_python_operator.py took 0.510 seconds
[2025-04-13T20:54:16.023+0000] {processor.py:186} INFO - Started process (PID=373) to work on /home/airflow/.local/lib/python3.12/site-packages/airflow/example_dags/example_python_operator.py
[2025-04-13T20:54:16.031+0000] {processor.py:914} INFO - Processing file /home/airflow/.local/lib/python3.12/site-packages/airflow/example_dags/example_python_operator.py for tasks to queue
[2025-04-13T20:54:16.038+0000] {logging_mixin.py:190} INFO - [2025-04-13T20:54:16.037+0000] {dagbag.py:588} INFO - Filling up the DagBag from /home/airflow/.local/lib/python3.12/site-packages/airflow/example_dags/example_python_operator.py
[2025-04-13T20:54:16.100+0000] {processor.py:925} INFO - DAG(s) 'example_python_operator' retrieved from /home/airflow/.local/lib/python3.12/site-packages/airflow/example_dags/example_python_operator.py
[2025-04-13T20:54:17.015+0000] {logging_mixin.py:190} INFO - [2025-04-13T20:54:17.015+0000] {dag.py:3239} INFO - Sync 1 DAGs
[2025-04-13T20:54:17.103+0000] {logging_mixin.py:190} INFO - [2025-04-13T20:54:17.091+0000] {dag.py:4180} INFO - Setting next_dagrun for example_python_operator to None, run_after=None
[2025-04-13T20:54:17.246+0000] {processor.py:208} INFO - Processing /home/airflow/.local/lib/python3.12/site-packages/airflow/example_dags/example_python_operator.py took 1.246 seconds
[2025-04-13T20:54:48.103+0000] {processor.py:186} INFO - Started process (PID=437) to work on /home/airflow/.local/lib/python3.12/site-packages/airflow/example_dags/example_python_operator.py
[2025-04-13T20:54:48.106+0000] {processor.py:914} INFO - Processing file /home/airflow/.local/lib/python3.12/site-packages/airflow/example_dags/example_python_operator.py for tasks to queue
[2025-04-13T20:54:48.112+0000] {logging_mixin.py:190} INFO - [2025-04-13T20:54:48.111+0000] {dagbag.py:588} INFO - Filling up the DagBag from /home/airflow/.local/lib/python3.12/site-packages/airflow/example_dags/example_python_operator.py
[2025-04-13T20:54:48.161+0000] {processor.py:925} INFO - DAG(s) 'example_python_operator' retrieved from /home/airflow/.local/lib/python3.12/site-packages/airflow/example_dags/example_python_operator.py
[2025-04-13T20:54:48.215+0000] {logging_mixin.py:190} INFO - [2025-04-13T20:54:48.215+0000] {dag.py:3239} INFO - Sync 1 DAGs
[2025-04-13T20:54:48.249+0000] {logging_mixin.py:190} INFO - [2025-04-13T20:54:48.248+0000] {dag.py:4180} INFO - Setting next_dagrun for example_python_operator to None, run_after=None
[2025-04-13T20:54:48.296+0000] {processor.py:208} INFO - Processing /home/airflow/.local/lib/python3.12/site-packages/airflow/example_dags/example_python_operator.py took 0.206 seconds
[2025-04-13T20:55:20.594+0000] {processor.py:186} INFO - Started process (PID=506) to work on /home/airflow/.local/lib/python3.12/site-packages/airflow/example_dags/example_python_operator.py
[2025-04-13T20:55:20.599+0000] {processor.py:914} INFO - Processing file /home/airflow/.local/lib/python3.12/site-packages/airflow/example_dags/example_python_operator.py for tasks to queue
[2025-04-13T20:55:20.614+0000] {logging_mixin.py:190} INFO - [2025-04-13T20:55:20.614+0000] {dagbag.py:588} INFO - Filling up the DagBag from /home/airflow/.local/lib/python3.12/site-packages/airflow/example_dags/example_python_operator.py
[2025-04-13T20:55:20.813+0000] {processor.py:925} INFO - DAG(s) 'example_python_operator' retrieved from /home/airflow/.local/lib/python3.12/site-packages/airflow/example_dags/example_python_operator.py
[2025-04-13T20:55:20.903+0000] {logging_mixin.py:190} INFO - [2025-04-13T20:55:20.902+0000] {dag.py:3239} INFO - Sync 1 DAGs
[2025-04-13T20:55:21.005+0000] {logging_mixin.py:190} INFO - [2025-04-13T20:55:20.995+0000] {dag.py:4180} INFO - Setting next_dagrun for example_python_operator to None, run_after=None
[2025-04-13T20:55:21.092+0000] {processor.py:208} INFO - Processing /home/airflow/.local/lib/python3.12/site-packages/airflow/example_dags/example_python_operator.py took 0.511 seconds
[2025-04-13T20:55:55.200+0000] {processor.py:186} INFO - Started process (PID=570) to work on /home/airflow/.local/lib/python3.12/site-packages/airflow/example_dags/example_python_operator.py
[2025-04-13T20:55:55.206+0000] {processor.py:914} INFO - Processing file /home/airflow/.local/lib/python3.12/site-packages/airflow/example_dags/example_python_operator.py for tasks to queue
[2025-04-13T20:55:55.212+0000] {logging_mixin.py:190} INFO - [2025-04-13T20:55:55.211+0000] {dagbag.py:588} INFO - Filling up the DagBag from /home/airflow/.local/lib/python3.12/site-packages/airflow/example_dags/example_python_operator.py
[2025-04-13T20:55:55.251+0000] {processor.py:925} INFO - DAG(s) 'example_python_operator' retrieved from /home/airflow/.local/lib/python3.12/site-packages/airflow/example_dags/example_python_operator.py
[2025-04-13T20:55:55.365+0000] {logging_mixin.py:190} INFO - [2025-04-13T20:55:55.365+0000] {dag.py:3239} INFO - Sync 1 DAGs
[2025-04-13T20:55:55.433+0000] {logging_mixin.py:190} INFO - [2025-04-13T20:55:55.433+0000] {dag.py:4180} INFO - Setting next_dagrun for example_python_operator to None, run_after=None
[2025-04-13T20:55:55.591+0000] {processor.py:208} INFO - Processing /home/airflow/.local/lib/python3.12/site-packages/airflow/example_dags/example_python_operator.py took 0.402 seconds
[2025-04-13T20:56:26.050+0000] {processor.py:186} INFO - Started process (PID=634) to work on /home/airflow/.local/lib/python3.12/site-packages/airflow/example_dags/example_python_operator.py
[2025-04-13T20:56:26.052+0000] {processor.py:914} INFO - Processing file /home/airflow/.local/lib/python3.12/site-packages/airflow/example_dags/example_python_operator.py for tasks to queue
[2025-04-13T20:56:26.067+0000] {logging_mixin.py:190} INFO - [2025-04-13T20:56:26.067+0000] {dagbag.py:588} INFO - Filling up the DagBag from /home/airflow/.local/lib/python3.12/site-packages/airflow/example_dags/example_python_operator.py
[2025-04-13T20:56:26.102+0000] {processor.py:925} INFO - DAG(s) 'example_python_operator' retrieved from /home/airflow/.local/lib/python3.12/site-packages/airflow/example_dags/example_python_operator.py
[2025-04-13T20:56:26.344+0000] {logging_mixin.py:190} INFO - [2025-04-13T20:56:26.344+0000] {dag.py:3239} INFO - Sync 1 DAGs
[2025-04-13T20:56:26.427+0000] {logging_mixin.py:190} INFO - [2025-04-13T20:56:26.426+0000] {dag.py:4180} INFO - Setting next_dagrun for example_python_operator to None, run_after=None
[2025-04-13T20:56:26.594+0000] {processor.py:208} INFO - Processing /home/airflow/.local/lib/python3.12/site-packages/airflow/example_dags/example_python_operator.py took 0.553 seconds
[2025-04-13T20:56:57.095+0000] {processor.py:186} INFO - Started process (PID=697) to work on /home/airflow/.local/lib/python3.12/site-packages/airflow/example_dags/example_python_operator.py
[2025-04-13T20:56:57.108+0000] {processor.py:914} INFO - Processing file /home/airflow/.local/lib/python3.12/site-packages/airflow/example_dags/example_python_operator.py for tasks to queue
[2025-04-13T20:56:57.123+0000] {logging_mixin.py:190} INFO - [2025-04-13T20:56:57.123+0000] {dagbag.py:588} INFO - Filling up the DagBag from /home/airflow/.local/lib/python3.12/site-packages/airflow/example_dags/example_python_operator.py
[2025-04-13T20:56:57.270+0000] {processor.py:925} INFO - DAG(s) 'example_python_operator' retrieved from /home/airflow/.local/lib/python3.12/site-packages/airflow/example_dags/example_python_operator.py
[2025-04-13T20:56:57.475+0000] {logging_mixin.py:190} INFO - [2025-04-13T20:56:57.475+0000] {dag.py:3239} INFO - Sync 1 DAGs
[2025-04-13T20:56:57.551+0000] {logging_mixin.py:190} INFO - [2025-04-13T20:56:57.550+0000] {dag.py:4180} INFO - Setting next_dagrun for example_python_operator to None, run_after=None
[2025-04-13T20:56:57.629+0000] {processor.py:208} INFO - Processing /home/airflow/.local/lib/python3.12/site-packages/airflow/example_dags/example_python_operator.py took 0.554 seconds
[2025-04-13T20:57:29.512+0000] {processor.py:186} INFO - Started process (PID=761) to work on /home/airflow/.local/lib/python3.12/site-packages/airflow/example_dags/example_python_operator.py
[2025-04-13T20:57:29.538+0000] {processor.py:914} INFO - Processing file /home/airflow/.local/lib/python3.12/site-packages/airflow/example_dags/example_python_operator.py for tasks to queue
[2025-04-13T20:57:29.550+0000] {logging_mixin.py:190} INFO - [2025-04-13T20:57:29.550+0000] {dagbag.py:588} INFO - Filling up the DagBag from /home/airflow/.local/lib/python3.12/site-packages/airflow/example_dags/example_python_operator.py
[2025-04-13T20:57:29.611+0000] {processor.py:925} INFO - DAG(s) 'example_python_operator' retrieved from /home/airflow/.local/lib/python3.12/site-packages/airflow/example_dags/example_python_operator.py
[2025-04-13T20:57:29.723+0000] {logging_mixin.py:190} INFO - [2025-04-13T20:57:29.722+0000] {dag.py:3239} INFO - Sync 1 DAGs
[2025-04-13T20:57:29.784+0000] {logging_mixin.py:190} INFO - [2025-04-13T20:57:29.784+0000] {dag.py:4180} INFO - Setting next_dagrun for example_python_operator to None, run_after=None
[2025-04-13T20:57:29.856+0000] {processor.py:208} INFO - Processing /home/airflow/.local/lib/python3.12/site-packages/airflow/example_dags/example_python_operator.py took 0.354 seconds
[2025-04-13T20:58:03.986+0000] {processor.py:186} INFO - Started process (PID=826) to work on /home/airflow/.local/lib/python3.12/site-packages/airflow/example_dags/example_python_operator.py
[2025-04-13T20:58:03.989+0000] {processor.py:914} INFO - Processing file /home/airflow/.local/lib/python3.12/site-packages/airflow/example_dags/example_python_operator.py for tasks to queue
[2025-04-13T20:58:03.993+0000] {logging_mixin.py:190} INFO - [2025-04-13T20:58:03.992+0000] {dagbag.py:588} INFO - Filling up the DagBag from /home/airflow/.local/lib/python3.12/site-packages/airflow/example_dags/example_python_operator.py
[2025-04-13T20:58:04.029+0000] {processor.py:925} INFO - DAG(s) 'example_python_operator' retrieved from /home/airflow/.local/lib/python3.12/site-packages/airflow/example_dags/example_python_operator.py
[2025-04-13T20:58:04.285+0000] {logging_mixin.py:190} INFO - [2025-04-13T20:58:04.283+0000] {dag.py:3239} INFO - Sync 1 DAGs
[2025-04-13T20:58:04.338+0000] {logging_mixin.py:190} INFO - [2025-04-13T20:58:04.338+0000] {dag.py:4180} INFO - Setting next_dagrun for example_python_operator to None, run_after=None
[2025-04-13T20:58:04.456+0000] {processor.py:208} INFO - Processing /home/airflow/.local/lib/python3.12/site-packages/airflow/example_dags/example_python_operator.py took 0.481 seconds
[2025-04-13T20:58:35.144+0000] {processor.py:186} INFO - Started process (PID=889) to work on /home/airflow/.local/lib/python3.12/site-packages/airflow/example_dags/example_python_operator.py
[2025-04-13T20:58:35.147+0000] {processor.py:914} INFO - Processing file /home/airflow/.local/lib/python3.12/site-packages/airflow/example_dags/example_python_operator.py for tasks to queue
[2025-04-13T20:58:35.152+0000] {logging_mixin.py:190} INFO - [2025-04-13T20:58:35.151+0000] {dagbag.py:588} INFO - Filling up the DagBag from /home/airflow/.local/lib/python3.12/site-packages/airflow/example_dags/example_python_operator.py
[2025-04-13T20:58:35.184+0000] {processor.py:925} INFO - DAG(s) 'example_python_operator' retrieved from /home/airflow/.local/lib/python3.12/site-packages/airflow/example_dags/example_python_operator.py
[2025-04-13T20:58:35.254+0000] {logging_mixin.py:190} INFO - [2025-04-13T20:58:35.253+0000] {dag.py:3239} INFO - Sync 1 DAGs
[2025-04-13T20:58:35.285+0000] {logging_mixin.py:190} INFO - [2025-04-13T20:58:35.285+0000] {dag.py:4180} INFO - Setting next_dagrun for example_python_operator to None, run_after=None
[2025-04-13T20:58:35.320+0000] {processor.py:208} INFO - Processing /home/airflow/.local/lib/python3.12/site-packages/airflow/example_dags/example_python_operator.py took 0.190 seconds
[2025-04-13T20:59:05.843+0000] {processor.py:186} INFO - Started process (PID=952) to work on /home/airflow/.local/lib/python3.12/site-packages/airflow/example_dags/example_python_operator.py
[2025-04-13T20:59:05.845+0000] {processor.py:914} INFO - Processing file /home/airflow/.local/lib/python3.12/site-packages/airflow/example_dags/example_python_operator.py for tasks to queue
[2025-04-13T20:59:05.849+0000] {logging_mixin.py:190} INFO - [2025-04-13T20:59:05.848+0000] {dagbag.py:588} INFO - Filling up the DagBag from /home/airflow/.local/lib/python3.12/site-packages/airflow/example_dags/example_python_operator.py
[2025-04-13T20:59:05.872+0000] {processor.py:925} INFO - DAG(s) 'example_python_operator' retrieved from /home/airflow/.local/lib/python3.12/site-packages/airflow/example_dags/example_python_operator.py
[2025-04-13T20:59:05.925+0000] {logging_mixin.py:190} INFO - [2025-04-13T20:59:05.925+0000] {dag.py:3239} INFO - Sync 1 DAGs
[2025-04-13T20:59:05.954+0000] {logging_mixin.py:190} INFO - [2025-04-13T20:59:05.953+0000] {dag.py:4180} INFO - Setting next_dagrun for example_python_operator to None, run_after=None
[2025-04-13T20:59:05.992+0000] {processor.py:208} INFO - Processing /home/airflow/.local/lib/python3.12/site-packages/airflow/example_dags/example_python_operator.py took 0.159 seconds
[2025-04-13T20:59:36.316+0000] {processor.py:186} INFO - Started process (PID=1016) to work on /home/airflow/.local/lib/python3.12/site-packages/airflow/example_dags/example_python_operator.py
[2025-04-13T20:59:36.331+0000] {processor.py:914} INFO - Processing file /home/airflow/.local/lib/python3.12/site-packages/airflow/example_dags/example_python_operator.py for tasks to queue
[2025-04-13T20:59:36.337+0000] {logging_mixin.py:190} INFO - [2025-04-13T20:59:36.337+0000] {dagbag.py:588} INFO - Filling up the DagBag from /home/airflow/.local/lib/python3.12/site-packages/airflow/example_dags/example_python_operator.py
[2025-04-13T20:59:36.817+0000] {processor.py:925} INFO - DAG(s) 'example_python_operator' retrieved from /home/airflow/.local/lib/python3.12/site-packages/airflow/example_dags/example_python_operator.py
[2025-04-13T20:59:37.046+0000] {logging_mixin.py:190} INFO - [2025-04-13T20:59:37.046+0000] {dag.py:3239} INFO - Sync 1 DAGs
[2025-04-13T20:59:37.094+0000] {logging_mixin.py:190} INFO - [2025-04-13T20:59:37.093+0000] {dag.py:4180} INFO - Setting next_dagrun for example_python_operator to None, run_after=None
[2025-04-13T20:59:37.147+0000] {processor.py:208} INFO - Processing /home/airflow/.local/lib/python3.12/site-packages/airflow/example_dags/example_python_operator.py took 0.853 seconds
[2025-04-13T21:00:08.272+0000] {processor.py:186} INFO - Started process (PID=1079) to work on /home/airflow/.local/lib/python3.12/site-packages/airflow/example_dags/example_python_operator.py
[2025-04-13T21:00:08.274+0000] {processor.py:914} INFO - Processing file /home/airflow/.local/lib/python3.12/site-packages/airflow/example_dags/example_python_operator.py for tasks to queue
[2025-04-13T21:00:08.278+0000] {logging_mixin.py:190} INFO - [2025-04-13T21:00:08.278+0000] {dagbag.py:588} INFO - Filling up the DagBag from /home/airflow/.local/lib/python3.12/site-packages/airflow/example_dags/example_python_operator.py
[2025-04-13T21:00:08.317+0000] {processor.py:925} INFO - DAG(s) 'example_python_operator' retrieved from /home/airflow/.local/lib/python3.12/site-packages/airflow/example_dags/example_python_operator.py
[2025-04-13T21:00:08.437+0000] {logging_mixin.py:190} INFO - [2025-04-13T21:00:08.437+0000] {dag.py:3239} INFO - Sync 1 DAGs
[2025-04-13T21:00:08.484+0000] {logging_mixin.py:190} INFO - [2025-04-13T21:00:08.484+0000] {dag.py:4180} INFO - Setting next_dagrun for example_python_operator to None, run_after=None
[2025-04-13T21:00:08.543+0000] {processor.py:208} INFO - Processing /home/airflow/.local/lib/python3.12/site-packages/airflow/example_dags/example_python_operator.py took 0.300 seconds
[2025-04-13T21:00:40.004+0000] {processor.py:186} INFO - Started process (PID=1143) to work on /home/airflow/.local/lib/python3.12/site-packages/airflow/example_dags/example_python_operator.py
[2025-04-13T21:00:40.017+0000] {processor.py:914} INFO - Processing file /home/airflow/.local/lib/python3.12/site-packages/airflow/example_dags/example_python_operator.py for tasks to queue
[2025-04-13T21:00:40.048+0000] {logging_mixin.py:190} INFO - [2025-04-13T21:00:40.047+0000] {dagbag.py:588} INFO - Filling up the DagBag from /home/airflow/.local/lib/python3.12/site-packages/airflow/example_dags/example_python_operator.py
[2025-04-13T21:00:40.100+0000] {processor.py:925} INFO - DAG(s) 'example_python_operator' retrieved from /home/airflow/.local/lib/python3.12/site-packages/airflow/example_dags/example_python_operator.py
[2025-04-13T21:00:40.182+0000] {logging_mixin.py:190} INFO - [2025-04-13T21:00:40.181+0000] {dag.py:3239} INFO - Sync 1 DAGs
[2025-04-13T21:00:40.233+0000] {logging_mixin.py:190} INFO - [2025-04-13T21:00:40.232+0000] {dag.py:4180} INFO - Setting next_dagrun for example_python_operator to None, run_after=None
[2025-04-13T21:00:40.349+0000] {processor.py:208} INFO - Processing /home/airflow/.local/lib/python3.12/site-packages/airflow/example_dags/example_python_operator.py took 0.369 seconds
[2025-04-13T21:01:10.900+0000] {processor.py:186} INFO - Started process (PID=1207) to work on /home/airflow/.local/lib/python3.12/site-packages/airflow/example_dags/example_python_operator.py
[2025-04-13T21:01:10.903+0000] {processor.py:914} INFO - Processing file /home/airflow/.local/lib/python3.12/site-packages/airflow/example_dags/example_python_operator.py for tasks to queue
[2025-04-13T21:01:10.926+0000] {logging_mixin.py:190} INFO - [2025-04-13T21:01:10.925+0000] {dagbag.py:588} INFO - Filling up the DagBag from /home/airflow/.local/lib/python3.12/site-packages/airflow/example_dags/example_python_operator.py
[2025-04-13T21:01:10.956+0000] {processor.py:925} INFO - DAG(s) 'example_python_operator' retrieved from /home/airflow/.local/lib/python3.12/site-packages/airflow/example_dags/example_python_operator.py
[2025-04-13T21:01:11.048+0000] {logging_mixin.py:190} INFO - [2025-04-13T21:01:11.048+0000] {dag.py:3239} INFO - Sync 1 DAGs
[2025-04-13T21:01:11.107+0000] {logging_mixin.py:190} INFO - [2025-04-13T21:01:11.106+0000] {dag.py:4180} INFO - Setting next_dagrun for example_python_operator to None, run_after=None
[2025-04-13T21:01:11.183+0000] {processor.py:208} INFO - Processing /home/airflow/.local/lib/python3.12/site-packages/airflow/example_dags/example_python_operator.py took 0.300 seconds
[2025-04-13T21:28:48.122+0000] {processor.py:186} INFO - Started process (PID=213) to work on /home/airflow/.local/lib/python3.12/site-packages/airflow/example_dags/example_python_operator.py
[2025-04-13T21:28:48.166+0000] {processor.py:914} INFO - Processing file /home/airflow/.local/lib/python3.12/site-packages/airflow/example_dags/example_python_operator.py for tasks to queue
[2025-04-13T21:28:48.320+0000] {logging_mixin.py:190} INFO - [2025-04-13T21:28:48.319+0000] {dagbag.py:588} INFO - Filling up the DagBag from /home/airflow/.local/lib/python3.12/site-packages/airflow/example_dags/example_python_operator.py
[2025-04-13T21:28:48.796+0000] {processor.py:925} INFO - DAG(s) 'example_python_operator' retrieved from /home/airflow/.local/lib/python3.12/site-packages/airflow/example_dags/example_python_operator.py
[2025-04-13T21:28:52.758+0000] {logging_mixin.py:190} INFO - [2025-04-13T21:28:52.757+0000] {dag.py:3239} INFO - Sync 1 DAGs
[2025-04-13T21:28:53.293+0000] {logging_mixin.py:190} INFO - [2025-04-13T21:28:53.293+0000] {dag.py:4180} INFO - Setting next_dagrun for example_python_operator to None, run_after=None
[2025-04-13T21:28:55.103+0000] {processor.py:208} INFO - Processing /home/airflow/.local/lib/python3.12/site-packages/airflow/example_dags/example_python_operator.py took 7.552 seconds
[2025-04-13T21:33:16.357+0000] {processor.py:186} INFO - Started process (PID=317) to work on /home/airflow/.local/lib/python3.12/site-packages/airflow/example_dags/example_python_operator.py
[2025-04-13T21:33:16.384+0000] {processor.py:914} INFO - Processing file /home/airflow/.local/lib/python3.12/site-packages/airflow/example_dags/example_python_operator.py for tasks to queue
[2025-04-13T21:33:16.489+0000] {logging_mixin.py:190} INFO - [2025-04-13T21:33:16.488+0000] {dagbag.py:588} INFO - Filling up the DagBag from /home/airflow/.local/lib/python3.12/site-packages/airflow/example_dags/example_python_operator.py
[2025-04-13T21:33:17.183+0000] {processor.py:925} INFO - DAG(s) 'example_python_operator' retrieved from /home/airflow/.local/lib/python3.12/site-packages/airflow/example_dags/example_python_operator.py
[2025-04-13T21:33:18.104+0000] {logging_mixin.py:190} INFO - [2025-04-13T21:33:18.104+0000] {dag.py:3239} INFO - Sync 1 DAGs
[2025-04-13T21:33:18.538+0000] {logging_mixin.py:190} INFO - [2025-04-13T21:33:18.537+0000] {dag.py:4180} INFO - Setting next_dagrun for example_python_operator to None, run_after=None
[2025-04-13T21:33:19.901+0000] {processor.py:208} INFO - Processing /home/airflow/.local/lib/python3.12/site-packages/airflow/example_dags/example_python_operator.py took 3.723 seconds
[2025-04-13T21:36:44.756+0000] {processor.py:186} INFO - Started process (PID=400) to work on /home/airflow/.local/lib/python3.12/site-packages/airflow/example_dags/example_python_operator.py
[2025-04-13T21:36:44.783+0000] {processor.py:914} INFO - Processing file /home/airflow/.local/lib/python3.12/site-packages/airflow/example_dags/example_python_operator.py for tasks to queue
[2025-04-13T21:36:44.787+0000] {logging_mixin.py:190} INFO - [2025-04-13T21:36:44.786+0000] {dagbag.py:588} INFO - Filling up the DagBag from /home/airflow/.local/lib/python3.12/site-packages/airflow/example_dags/example_python_operator.py
[2025-04-13T21:36:45.803+0000] {processor.py:925} INFO - DAG(s) 'example_python_operator' retrieved from /home/airflow/.local/lib/python3.12/site-packages/airflow/example_dags/example_python_operator.py
[2025-04-13T21:36:47.408+0000] {logging_mixin.py:190} INFO - [2025-04-13T21:36:47.408+0000] {dag.py:3239} INFO - Sync 1 DAGs
[2025-04-13T21:36:48.795+0000] {logging_mixin.py:190} INFO - [2025-04-13T21:36:48.727+0000] {dag.py:4180} INFO - Setting next_dagrun for example_python_operator to None, run_after=None
[2025-04-13T21:36:50.204+0000] {processor.py:208} INFO - Processing /home/airflow/.local/lib/python3.12/site-packages/airflow/example_dags/example_python_operator.py took 5.647 seconds
[2025-04-13T21:53:15.972+0000] {processor.py:186} INFO - Started process (PID=186) to work on /home/airflow/.local/lib/python3.12/site-packages/airflow/example_dags/example_python_operator.py
[2025-04-13T21:53:16.040+0000] {processor.py:914} INFO - Processing file /home/airflow/.local/lib/python3.12/site-packages/airflow/example_dags/example_python_operator.py for tasks to queue
[2025-04-13T21:53:16.124+0000] {logging_mixin.py:190} INFO - [2025-04-13T21:53:16.123+0000] {dagbag.py:588} INFO - Filling up the DagBag from /home/airflow/.local/lib/python3.12/site-packages/airflow/example_dags/example_python_operator.py
[2025-04-13T21:53:16.261+0000] {processor.py:925} INFO - DAG(s) 'example_python_operator' retrieved from /home/airflow/.local/lib/python3.12/site-packages/airflow/example_dags/example_python_operator.py
[2025-04-13T21:53:24.155+0000] {logging_mixin.py:190} INFO - [2025-04-13T21:53:24.155+0000] {dag.py:3239} INFO - Sync 1 DAGs
[2025-04-13T21:53:25.074+0000] {logging_mixin.py:190} INFO - [2025-04-13T21:53:24.952+0000] {dag.py:4180} INFO - Setting next_dagrun for example_python_operator to None, run_after=None
[2025-04-13T21:53:26.619+0000] {processor.py:208} INFO - Processing /home/airflow/.local/lib/python3.12/site-packages/airflow/example_dags/example_python_operator.py took 10.772 seconds
[2025-04-13T22:31:58.336+0000] {processor.py:186} INFO - Started process (PID=133) to work on /home/airflow/.local/lib/python3.12/site-packages/airflow/example_dags/example_python_operator.py
[2025-04-13T22:31:58.346+0000] {processor.py:914} INFO - Processing file /home/airflow/.local/lib/python3.12/site-packages/airflow/example_dags/example_python_operator.py for tasks to queue
[2025-04-13T22:31:58.362+0000] {logging_mixin.py:190} INFO - [2025-04-13T22:31:58.362+0000] {dagbag.py:588} INFO - Filling up the DagBag from /home/airflow/.local/lib/python3.12/site-packages/airflow/example_dags/example_python_operator.py
[2025-04-13T22:31:58.450+0000] {processor.py:925} INFO - DAG(s) 'example_python_operator' retrieved from /home/airflow/.local/lib/python3.12/site-packages/airflow/example_dags/example_python_operator.py
[2025-04-13T22:31:59.019+0000] {logging_mixin.py:190} INFO - [2025-04-13T22:31:59.019+0000] {dag.py:3239} INFO - Sync 1 DAGs
[2025-04-13T22:31:59.087+0000] {logging_mixin.py:190} INFO - [2025-04-13T22:31:59.087+0000] {dag.py:4180} INFO - Setting next_dagrun for example_python_operator to None, run_after=None
[2025-04-13T22:31:59.174+0000] {processor.py:208} INFO - Processing /home/airflow/.local/lib/python3.12/site-packages/airflow/example_dags/example_python_operator.py took 0.873 seconds
[2025-04-13T22:32:38.852+0000] {processor.py:186} INFO - Started process (PID=197) to work on /home/airflow/.local/lib/python3.12/site-packages/airflow/example_dags/example_python_operator.py
[2025-04-13T22:32:38.856+0000] {processor.py:914} INFO - Processing file /home/airflow/.local/lib/python3.12/site-packages/airflow/example_dags/example_python_operator.py for tasks to queue
[2025-04-13T22:32:38.862+0000] {logging_mixin.py:190} INFO - [2025-04-13T22:32:38.862+0000] {dagbag.py:588} INFO - Filling up the DagBag from /home/airflow/.local/lib/python3.12/site-packages/airflow/example_dags/example_python_operator.py
[2025-04-13T22:32:38.920+0000] {processor.py:925} INFO - DAG(s) 'example_python_operator' retrieved from /home/airflow/.local/lib/python3.12/site-packages/airflow/example_dags/example_python_operator.py
[2025-04-13T22:32:39.024+0000] {logging_mixin.py:190} INFO - [2025-04-13T22:32:39.024+0000] {dag.py:3239} INFO - Sync 1 DAGs
[2025-04-13T22:32:39.108+0000] {logging_mixin.py:190} INFO - [2025-04-13T22:32:39.108+0000] {dag.py:4180} INFO - Setting next_dagrun for example_python_operator to None, run_after=None
[2025-04-13T22:32:39.204+0000] {processor.py:208} INFO - Processing /home/airflow/.local/lib/python3.12/site-packages/airflow/example_dags/example_python_operator.py took 0.383 seconds
[2025-04-13T22:33:14.196+0000] {processor.py:186} INFO - Started process (PID=261) to work on /home/airflow/.local/lib/python3.12/site-packages/airflow/example_dags/example_python_operator.py
[2025-04-13T22:33:14.217+0000] {processor.py:914} INFO - Processing file /home/airflow/.local/lib/python3.12/site-packages/airflow/example_dags/example_python_operator.py for tasks to queue
[2025-04-13T22:33:14.258+0000] {logging_mixin.py:190} INFO - [2025-04-13T22:33:14.257+0000] {dagbag.py:588} INFO - Filling up the DagBag from /home/airflow/.local/lib/python3.12/site-packages/airflow/example_dags/example_python_operator.py
[2025-04-13T22:33:14.313+0000] {processor.py:925} INFO - DAG(s) 'example_python_operator' retrieved from /home/airflow/.local/lib/python3.12/site-packages/airflow/example_dags/example_python_operator.py
[2025-04-13T22:33:14.415+0000] {logging_mixin.py:190} INFO - [2025-04-13T22:33:14.414+0000] {dag.py:3239} INFO - Sync 1 DAGs
[2025-04-13T22:33:14.517+0000] {logging_mixin.py:190} INFO - [2025-04-13T22:33:14.517+0000] {dag.py:4180} INFO - Setting next_dagrun for example_python_operator to None, run_after=None
[2025-04-13T22:33:14.728+0000] {processor.py:208} INFO - Processing /home/airflow/.local/lib/python3.12/site-packages/airflow/example_dags/example_python_operator.py took 0.570 seconds
[2025-04-13T22:33:47.501+0000] {processor.py:186} INFO - Started process (PID=325) to work on /home/airflow/.local/lib/python3.12/site-packages/airflow/example_dags/example_python_operator.py
[2025-04-13T22:33:47.511+0000] {processor.py:914} INFO - Processing file /home/airflow/.local/lib/python3.12/site-packages/airflow/example_dags/example_python_operator.py for tasks to queue
[2025-04-13T22:33:47.526+0000] {logging_mixin.py:190} INFO - [2025-04-13T22:33:47.525+0000] {dagbag.py:588} INFO - Filling up the DagBag from /home/airflow/.local/lib/python3.12/site-packages/airflow/example_dags/example_python_operator.py
[2025-04-13T22:33:47.590+0000] {processor.py:925} INFO - DAG(s) 'example_python_operator' retrieved from /home/airflow/.local/lib/python3.12/site-packages/airflow/example_dags/example_python_operator.py
[2025-04-13T22:33:47.760+0000] {logging_mixin.py:190} INFO - [2025-04-13T22:33:47.759+0000] {dag.py:3239} INFO - Sync 1 DAGs
[2025-04-13T22:33:47.824+0000] {logging_mixin.py:190} INFO - [2025-04-13T22:33:47.824+0000] {dag.py:4180} INFO - Setting next_dagrun for example_python_operator to None, run_after=None
[2025-04-13T22:33:47.956+0000] {processor.py:208} INFO - Processing /home/airflow/.local/lib/python3.12/site-packages/airflow/example_dags/example_python_operator.py took 0.477 seconds
[2025-04-13T22:34:26.295+0000] {processor.py:186} INFO - Started process (PID=389) to work on /home/airflow/.local/lib/python3.12/site-packages/airflow/example_dags/example_python_operator.py
[2025-04-13T22:34:26.306+0000] {processor.py:914} INFO - Processing file /home/airflow/.local/lib/python3.12/site-packages/airflow/example_dags/example_python_operator.py for tasks to queue
[2025-04-13T22:34:26.349+0000] {logging_mixin.py:190} INFO - [2025-04-13T22:34:26.348+0000] {dagbag.py:588} INFO - Filling up the DagBag from /home/airflow/.local/lib/python3.12/site-packages/airflow/example_dags/example_python_operator.py
[2025-04-13T22:34:26.408+0000] {processor.py:925} INFO - DAG(s) 'example_python_operator' retrieved from /home/airflow/.local/lib/python3.12/site-packages/airflow/example_dags/example_python_operator.py
[2025-04-13T22:34:26.586+0000] {logging_mixin.py:190} INFO - [2025-04-13T22:34:26.586+0000] {dag.py:3239} INFO - Sync 1 DAGs
[2025-04-13T22:34:26.654+0000] {logging_mixin.py:190} INFO - [2025-04-13T22:34:26.653+0000] {dag.py:4180} INFO - Setting next_dagrun for example_python_operator to None, run_after=None
[2025-04-13T22:34:26.766+0000] {processor.py:208} INFO - Processing /home/airflow/.local/lib/python3.12/site-packages/airflow/example_dags/example_python_operator.py took 0.485 seconds
[2025-04-13T22:35:08.361+0000] {processor.py:186} INFO - Started process (PID=459) to work on /home/airflow/.local/lib/python3.12/site-packages/airflow/example_dags/example_python_operator.py
[2025-04-13T22:35:08.444+0000] {processor.py:914} INFO - Processing file /home/airflow/.local/lib/python3.12/site-packages/airflow/example_dags/example_python_operator.py for tasks to queue
[2025-04-13T22:35:08.537+0000] {logging_mixin.py:190} INFO - [2025-04-13T22:35:08.473+0000] {dagbag.py:588} INFO - Filling up the DagBag from /home/airflow/.local/lib/python3.12/site-packages/airflow/example_dags/example_python_operator.py
[2025-04-13T22:35:08.735+0000] {processor.py:925} INFO - DAG(s) 'example_python_operator' retrieved from /home/airflow/.local/lib/python3.12/site-packages/airflow/example_dags/example_python_operator.py
[2025-04-13T22:35:08.977+0000] {logging_mixin.py:190} INFO - [2025-04-13T22:35:08.976+0000] {dag.py:3239} INFO - Sync 1 DAGs
[2025-04-13T22:35:09.063+0000] {logging_mixin.py:190} INFO - [2025-04-13T22:35:09.062+0000] {dag.py:4180} INFO - Setting next_dagrun for example_python_operator to None, run_after=None
[2025-04-13T22:35:09.263+0000] {processor.py:208} INFO - Processing /home/airflow/.local/lib/python3.12/site-packages/airflow/example_dags/example_python_operator.py took 1.025 seconds
[2025-04-13T22:35:50.586+0000] {processor.py:186} INFO - Started process (PID=529) to work on /home/airflow/.local/lib/python3.12/site-packages/airflow/example_dags/example_python_operator.py
[2025-04-13T22:35:50.594+0000] {processor.py:914} INFO - Processing file /home/airflow/.local/lib/python3.12/site-packages/airflow/example_dags/example_python_operator.py for tasks to queue
[2025-04-13T22:35:50.617+0000] {logging_mixin.py:190} INFO - [2025-04-13T22:35:50.606+0000] {dagbag.py:588} INFO - Filling up the DagBag from /home/airflow/.local/lib/python3.12/site-packages/airflow/example_dags/example_python_operator.py
[2025-04-13T22:35:50.680+0000] {processor.py:925} INFO - DAG(s) 'example_python_operator' retrieved from /home/airflow/.local/lib/python3.12/site-packages/airflow/example_dags/example_python_operator.py
[2025-04-13T22:35:50.896+0000] {logging_mixin.py:190} INFO - [2025-04-13T22:35:50.895+0000] {dag.py:3239} INFO - Sync 1 DAGs
[2025-04-13T22:35:50.981+0000] {logging_mixin.py:190} INFO - [2025-04-13T22:35:50.981+0000] {dag.py:4180} INFO - Setting next_dagrun for example_python_operator to None, run_after=None
[2025-04-13T22:35:51.125+0000] {processor.py:208} INFO - Processing /home/airflow/.local/lib/python3.12/site-packages/airflow/example_dags/example_python_operator.py took 0.552 seconds
[2025-04-13T22:36:30.881+0000] {processor.py:186} INFO - Started process (PID=599) to work on /home/airflow/.local/lib/python3.12/site-packages/airflow/example_dags/example_python_operator.py
[2025-04-13T22:36:30.884+0000] {processor.py:914} INFO - Processing file /home/airflow/.local/lib/python3.12/site-packages/airflow/example_dags/example_python_operator.py for tasks to queue
[2025-04-13T22:36:30.891+0000] {logging_mixin.py:190} INFO - [2025-04-13T22:36:30.890+0000] {dagbag.py:588} INFO - Filling up the DagBag from /home/airflow/.local/lib/python3.12/site-packages/airflow/example_dags/example_python_operator.py
[2025-04-13T22:36:30.930+0000] {processor.py:925} INFO - DAG(s) 'example_python_operator' retrieved from /home/airflow/.local/lib/python3.12/site-packages/airflow/example_dags/example_python_operator.py
[2025-04-13T22:36:31.048+0000] {logging_mixin.py:190} INFO - [2025-04-13T22:36:31.048+0000] {dag.py:3239} INFO - Sync 1 DAGs
[2025-04-13T22:36:31.155+0000] {logging_mixin.py:190} INFO - [2025-04-13T22:36:31.155+0000] {dag.py:4180} INFO - Setting next_dagrun for example_python_operator to None, run_after=None
[2025-04-13T22:36:31.358+0000] {processor.py:208} INFO - Processing /home/airflow/.local/lib/python3.12/site-packages/airflow/example_dags/example_python_operator.py took 0.507 seconds
[2025-04-13T22:37:20.280+0000] {processor.py:186} INFO - Started process (PID=673) to work on /home/airflow/.local/lib/python3.12/site-packages/airflow/example_dags/example_python_operator.py
[2025-04-13T22:37:20.283+0000] {processor.py:914} INFO - Processing file /home/airflow/.local/lib/python3.12/site-packages/airflow/example_dags/example_python_operator.py for tasks to queue
[2025-04-13T22:37:20.299+0000] {logging_mixin.py:190} INFO - [2025-04-13T22:37:20.299+0000] {dagbag.py:588} INFO - Filling up the DagBag from /home/airflow/.local/lib/python3.12/site-packages/airflow/example_dags/example_python_operator.py
[2025-04-13T22:37:20.419+0000] {processor.py:925} INFO - DAG(s) 'example_python_operator' retrieved from /home/airflow/.local/lib/python3.12/site-packages/airflow/example_dags/example_python_operator.py
[2025-04-13T22:37:20.751+0000] {logging_mixin.py:190} INFO - [2025-04-13T22:37:20.745+0000] {dag.py:3239} INFO - Sync 1 DAGs
[2025-04-13T22:37:21.118+0000] {logging_mixin.py:190} INFO - [2025-04-13T22:37:21.116+0000] {dag.py:4180} INFO - Setting next_dagrun for example_python_operator to None, run_after=None
[2025-04-13T22:37:21.350+0000] {processor.py:208} INFO - Processing /home/airflow/.local/lib/python3.12/site-packages/airflow/example_dags/example_python_operator.py took 1.103 seconds
[2025-04-13T22:38:01.435+0000] {processor.py:186} INFO - Started process (PID=737) to work on /home/airflow/.local/lib/python3.12/site-packages/airflow/example_dags/example_python_operator.py
[2025-04-13T22:38:01.440+0000] {processor.py:914} INFO - Processing file /home/airflow/.local/lib/python3.12/site-packages/airflow/example_dags/example_python_operator.py for tasks to queue
[2025-04-13T22:38:01.448+0000] {logging_mixin.py:190} INFO - [2025-04-13T22:38:01.447+0000] {dagbag.py:588} INFO - Filling up the DagBag from /home/airflow/.local/lib/python3.12/site-packages/airflow/example_dags/example_python_operator.py
[2025-04-13T22:38:01.495+0000] {processor.py:925} INFO - DAG(s) 'example_python_operator' retrieved from /home/airflow/.local/lib/python3.12/site-packages/airflow/example_dags/example_python_operator.py
[2025-04-13T22:38:01.753+0000] {logging_mixin.py:190} INFO - [2025-04-13T22:38:01.748+0000] {dag.py:3239} INFO - Sync 1 DAGs
[2025-04-13T22:38:01.860+0000] {logging_mixin.py:190} INFO - [2025-04-13T22:38:01.860+0000] {dag.py:4180} INFO - Setting next_dagrun for example_python_operator to None, run_after=None
[2025-04-13T22:38:01.980+0000] {processor.py:208} INFO - Processing /home/airflow/.local/lib/python3.12/site-packages/airflow/example_dags/example_python_operator.py took 0.592 seconds
[2025-04-13T22:38:42.179+0000] {processor.py:186} INFO - Started process (PID=807) to work on /home/airflow/.local/lib/python3.12/site-packages/airflow/example_dags/example_python_operator.py
[2025-04-13T22:38:42.191+0000] {processor.py:914} INFO - Processing file /home/airflow/.local/lib/python3.12/site-packages/airflow/example_dags/example_python_operator.py for tasks to queue
[2025-04-13T22:38:42.200+0000] {logging_mixin.py:190} INFO - [2025-04-13T22:38:42.199+0000] {dagbag.py:588} INFO - Filling up the DagBag from /home/airflow/.local/lib/python3.12/site-packages/airflow/example_dags/example_python_operator.py
[2025-04-13T22:38:42.245+0000] {processor.py:925} INFO - DAG(s) 'example_python_operator' retrieved from /home/airflow/.local/lib/python3.12/site-packages/airflow/example_dags/example_python_operator.py
[2025-04-13T22:38:42.371+0000] {logging_mixin.py:190} INFO - [2025-04-13T22:38:42.370+0000] {dag.py:3239} INFO - Sync 1 DAGs
[2025-04-13T22:38:42.430+0000] {logging_mixin.py:190} INFO - [2025-04-13T22:38:42.429+0000] {dag.py:4180} INFO - Setting next_dagrun for example_python_operator to None, run_after=None
[2025-04-13T22:38:42.564+0000] {processor.py:208} INFO - Processing /home/airflow/.local/lib/python3.12/site-packages/airflow/example_dags/example_python_operator.py took 0.407 seconds
[2025-04-13T22:39:21.380+0000] {processor.py:186} INFO - Started process (PID=872) to work on /home/airflow/.local/lib/python3.12/site-packages/airflow/example_dags/example_python_operator.py
[2025-04-13T22:39:21.399+0000] {processor.py:914} INFO - Processing file /home/airflow/.local/lib/python3.12/site-packages/airflow/example_dags/example_python_operator.py for tasks to queue
[2025-04-13T22:39:21.410+0000] {logging_mixin.py:190} INFO - [2025-04-13T22:39:21.405+0000] {dagbag.py:588} INFO - Filling up the DagBag from /home/airflow/.local/lib/python3.12/site-packages/airflow/example_dags/example_python_operator.py
[2025-04-13T22:39:21.466+0000] {processor.py:925} INFO - DAG(s) 'example_python_operator' retrieved from /home/airflow/.local/lib/python3.12/site-packages/airflow/example_dags/example_python_operator.py
[2025-04-13T22:39:21.597+0000] {logging_mixin.py:190} INFO - [2025-04-13T22:39:21.597+0000] {dag.py:3239} INFO - Sync 1 DAGs
[2025-04-13T22:39:21.678+0000] {logging_mixin.py:190} INFO - [2025-04-13T22:39:21.677+0000] {dag.py:4180} INFO - Setting next_dagrun for example_python_operator to None, run_after=None
[2025-04-13T22:39:21.828+0000] {processor.py:208} INFO - Processing /home/airflow/.local/lib/python3.12/site-packages/airflow/example_dags/example_python_operator.py took 0.470 seconds
[2025-04-13T22:40:54.060+0000] {processor.py:186} INFO - Started process (PID=951) to work on /home/airflow/.local/lib/python3.12/site-packages/airflow/example_dags/example_python_operator.py
[2025-04-13T22:40:54.090+0000] {processor.py:914} INFO - Processing file /home/airflow/.local/lib/python3.12/site-packages/airflow/example_dags/example_python_operator.py for tasks to queue
[2025-04-13T22:40:54.145+0000] {logging_mixin.py:190} INFO - [2025-04-13T22:40:54.142+0000] {dagbag.py:588} INFO - Filling up the DagBag from /home/airflow/.local/lib/python3.12/site-packages/airflow/example_dags/example_python_operator.py
[2025-04-13T22:40:54.318+0000] {processor.py:925} INFO - DAG(s) 'example_python_operator' retrieved from /home/airflow/.local/lib/python3.12/site-packages/airflow/example_dags/example_python_operator.py
[2025-04-13T22:40:54.476+0000] {logging_mixin.py:190} INFO - [2025-04-13T22:40:54.475+0000] {dag.py:3239} INFO - Sync 1 DAGs
[2025-04-13T22:40:54.593+0000] {logging_mixin.py:190} INFO - [2025-04-13T22:40:54.593+0000] {dag.py:4180} INFO - Setting next_dagrun for example_python_operator to None, run_after=None
[2025-04-13T22:40:55.113+0000] {processor.py:208} INFO - Processing /home/airflow/.local/lib/python3.12/site-packages/airflow/example_dags/example_python_operator.py took 1.146 seconds
[2025-04-13T22:42:07.571+0000] {processor.py:186} INFO - Started process (PID=1015) to work on /home/airflow/.local/lib/python3.12/site-packages/airflow/example_dags/example_python_operator.py
[2025-04-13T22:42:07.575+0000] {processor.py:914} INFO - Processing file /home/airflow/.local/lib/python3.12/site-packages/airflow/example_dags/example_python_operator.py for tasks to queue
[2025-04-13T22:42:07.602+0000] {logging_mixin.py:190} INFO - [2025-04-13T22:42:07.601+0000] {dagbag.py:588} INFO - Filling up the DagBag from /home/airflow/.local/lib/python3.12/site-packages/airflow/example_dags/example_python_operator.py
[2025-04-13T22:42:07.670+0000] {processor.py:925} INFO - DAG(s) 'example_python_operator' retrieved from /home/airflow/.local/lib/python3.12/site-packages/airflow/example_dags/example_python_operator.py
[2025-04-13T22:42:07.782+0000] {logging_mixin.py:190} INFO - [2025-04-13T22:42:07.782+0000] {dag.py:3239} INFO - Sync 1 DAGs
[2025-04-13T22:42:07.882+0000] {logging_mixin.py:190} INFO - [2025-04-13T22:42:07.881+0000] {dag.py:4180} INFO - Setting next_dagrun for example_python_operator to None, run_after=None
[2025-04-13T22:42:07.989+0000] {processor.py:208} INFO - Processing /home/airflow/.local/lib/python3.12/site-packages/airflow/example_dags/example_python_operator.py took 0.435 seconds
[2025-04-13T22:42:43.732+0000] {processor.py:186} INFO - Started process (PID=1085) to work on /home/airflow/.local/lib/python3.12/site-packages/airflow/example_dags/example_python_operator.py
[2025-04-13T22:42:43.735+0000] {processor.py:914} INFO - Processing file /home/airflow/.local/lib/python3.12/site-packages/airflow/example_dags/example_python_operator.py for tasks to queue
[2025-04-13T22:42:43.753+0000] {logging_mixin.py:190} INFO - [2025-04-13T22:42:43.752+0000] {dagbag.py:588} INFO - Filling up the DagBag from /home/airflow/.local/lib/python3.12/site-packages/airflow/example_dags/example_python_operator.py
[2025-04-13T22:42:43.807+0000] {processor.py:925} INFO - DAG(s) 'example_python_operator' retrieved from /home/airflow/.local/lib/python3.12/site-packages/airflow/example_dags/example_python_operator.py
[2025-04-13T22:42:43.901+0000] {logging_mixin.py:190} INFO - [2025-04-13T22:42:43.900+0000] {dag.py:3239} INFO - Sync 1 DAGs
[2025-04-13T22:42:43.968+0000] {logging_mixin.py:190} INFO - [2025-04-13T22:42:43.968+0000] {dag.py:4180} INFO - Setting next_dagrun for example_python_operator to None, run_after=None
[2025-04-13T22:42:44.038+0000] {processor.py:208} INFO - Processing /home/airflow/.local/lib/python3.12/site-packages/airflow/example_dags/example_python_operator.py took 0.339 seconds
[2025-04-13T22:44:08.031+0000] {processor.py:186} INFO - Started process (PID=1159) to work on /home/airflow/.local/lib/python3.12/site-packages/airflow/example_dags/example_python_operator.py
[2025-04-13T22:44:08.051+0000] {processor.py:914} INFO - Processing file /home/airflow/.local/lib/python3.12/site-packages/airflow/example_dags/example_python_operator.py for tasks to queue
[2025-04-13T22:44:08.072+0000] {logging_mixin.py:190} INFO - [2025-04-13T22:44:08.069+0000] {dagbag.py:588} INFO - Filling up the DagBag from /home/airflow/.local/lib/python3.12/site-packages/airflow/example_dags/example_python_operator.py
[2025-04-13T22:44:08.258+0000] {processor.py:925} INFO - DAG(s) 'example_python_operator' retrieved from /home/airflow/.local/lib/python3.12/site-packages/airflow/example_dags/example_python_operator.py
[2025-04-13T22:44:08.951+0000] {logging_mixin.py:190} INFO - [2025-04-13T22:44:08.951+0000] {dag.py:3239} INFO - Sync 1 DAGs
[2025-04-13T22:44:09.139+0000] {logging_mixin.py:190} INFO - [2025-04-13T22:44:09.138+0000] {dag.py:4180} INFO - Setting next_dagrun for example_python_operator to None, run_after=None
[2025-04-13T22:44:09.455+0000] {processor.py:208} INFO - Processing /home/airflow/.local/lib/python3.12/site-packages/airflow/example_dags/example_python_operator.py took 1.498 seconds
[2025-04-13T22:45:18.812+0000] {processor.py:186} INFO - Started process (PID=1242) to work on /home/airflow/.local/lib/python3.12/site-packages/airflow/example_dags/example_python_operator.py
[2025-04-13T22:45:18.833+0000] {processor.py:914} INFO - Processing file /home/airflow/.local/lib/python3.12/site-packages/airflow/example_dags/example_python_operator.py for tasks to queue
[2025-04-13T22:45:18.901+0000] {logging_mixin.py:190} INFO - [2025-04-13T22:45:18.899+0000] {dagbag.py:588} INFO - Filling up the DagBag from /home/airflow/.local/lib/python3.12/site-packages/airflow/example_dags/example_python_operator.py
[2025-04-13T22:45:18.980+0000] {processor.py:925} INFO - DAG(s) 'example_python_operator' retrieved from /home/airflow/.local/lib/python3.12/site-packages/airflow/example_dags/example_python_operator.py
[2025-04-13T22:45:19.300+0000] {logging_mixin.py:190} INFO - [2025-04-13T22:45:19.299+0000] {dag.py:3239} INFO - Sync 1 DAGs
[2025-04-13T22:45:19.537+0000] {logging_mixin.py:190} INFO - [2025-04-13T22:45:19.537+0000] {dag.py:4180} INFO - Setting next_dagrun for example_python_operator to None, run_after=None
[2025-04-13T22:45:21.755+0000] {processor.py:208} INFO - Processing /home/airflow/.local/lib/python3.12/site-packages/airflow/example_dags/example_python_operator.py took 3.124 seconds
