[2025-04-13T16:50:05.381+0000] {processor.py:186} INFO - Started process (PID=153) to work on /home/airflow/.local/lib/python3.12/site-packages/airflow/example_dags/example_branch_operator.py
[2025-04-13T16:50:05.383+0000] {processor.py:914} INFO - Processing file /home/airflow/.local/lib/python3.12/site-packages/airflow/example_dags/example_branch_operator.py for tasks to queue
[2025-04-13T16:50:05.450+0000] {logging_mixin.py:190} INFO - [2025-04-13T16:50:05.430+0000] {dagbag.py:588} INFO - Filling up the DagBag from /home/airflow/.local/lib/python3.12/site-packages/airflow/example_dags/example_branch_operator.py
[2025-04-13T16:50:05.679+0000] {processor.py:925} INFO - DAG(s) 'example_branch_operator' retrieved from /home/airflow/.local/lib/python3.12/site-packages/airflow/example_dags/example_branch_operator.py
[2025-04-13T16:50:07.287+0000] {logging_mixin.py:190} INFO - [2025-04-13T16:50:07.285+0000] {override.py:1912} INFO - Created Permission View: can read on DAG:example_branch_operator
[2025-04-13T16:50:07.355+0000] {logging_mixin.py:190} INFO - [2025-04-13T16:50:07.354+0000] {override.py:1912} INFO - Created Permission View: can edit on DAG:example_branch_operator
[2025-04-13T16:50:07.387+0000] {logging_mixin.py:190} INFO - [2025-04-13T16:50:07.385+0000] {override.py:1912} INFO - Created Permission View: can delete on DAG:example_branch_operator
[2025-04-13T16:50:07.494+0000] {logging_mixin.py:190} INFO - [2025-04-13T16:50:07.493+0000] {override.py:1912} INFO - Created Permission View: can read on DAG Run:example_branch_operator
[2025-04-13T16:50:07.577+0000] {logging_mixin.py:190} INFO - [2025-04-13T16:50:07.575+0000] {override.py:1912} INFO - Created Permission View: menu access on DAG Run:example_branch_operator
[2025-04-13T16:50:07.641+0000] {logging_mixin.py:190} INFO - [2025-04-13T16:50:07.640+0000] {override.py:1912} INFO - Created Permission View: can create on DAG Run:example_branch_operator
[2025-04-13T16:50:07.869+0000] {logging_mixin.py:190} INFO - [2025-04-13T16:50:07.869+0000] {override.py:1912} INFO - Created Permission View: can delete on DAG Run:example_branch_operator
[2025-04-13T16:50:07.872+0000] {logging_mixin.py:190} INFO - [2025-04-13T16:50:07.871+0000] {dag.py:3239} INFO - Sync 1 DAGs
[2025-04-13T16:50:08.028+0000] {logging_mixin.py:190} INFO - [2025-04-13T16:50:08.020+0000] {dag.py:3262} INFO - Creating ORM DAG for example_branch_operator
[2025-04-13T16:50:08.176+0000] {logging_mixin.py:190} INFO - [2025-04-13T16:50:08.175+0000] {dag.py:4180} INFO - Setting next_dagrun for example_branch_operator to 2025-04-12 00:00:00+00:00, run_after=2025-04-13 00:00:00+00:00
[2025-04-13T16:50:08.464+0000] {processor.py:208} INFO - Processing /home/airflow/.local/lib/python3.12/site-packages/airflow/example_dags/example_branch_operator.py took 3.112 seconds
[2025-04-13T16:51:09.976+0000] {processor.py:186} INFO - Started process (PID=229) to work on /home/airflow/.local/lib/python3.12/site-packages/airflow/example_dags/example_branch_operator.py
[2025-04-13T16:51:09.979+0000] {processor.py:914} INFO - Processing file /home/airflow/.local/lib/python3.12/site-packages/airflow/example_dags/example_branch_operator.py for tasks to queue
[2025-04-13T16:51:09.991+0000] {logging_mixin.py:190} INFO - [2025-04-13T16:51:09.990+0000] {dagbag.py:588} INFO - Filling up the DagBag from /home/airflow/.local/lib/python3.12/site-packages/airflow/example_dags/example_branch_operator.py
[2025-04-13T16:51:10.113+0000] {processor.py:925} INFO - DAG(s) 'example_branch_operator' retrieved from /home/airflow/.local/lib/python3.12/site-packages/airflow/example_dags/example_branch_operator.py
[2025-04-13T16:51:10.335+0000] {logging_mixin.py:190} INFO - [2025-04-13T16:51:10.334+0000] {dag.py:3239} INFO - Sync 1 DAGs
[2025-04-13T16:51:10.468+0000] {logging_mixin.py:190} INFO - [2025-04-13T16:51:10.467+0000] {dag.py:4180} INFO - Setting next_dagrun for example_branch_operator to 2025-04-12 00:00:00+00:00, run_after=2025-04-13 00:00:00+00:00
[2025-04-13T16:51:10.597+0000] {processor.py:208} INFO - Processing /home/airflow/.local/lib/python3.12/site-packages/airflow/example_dags/example_branch_operator.py took 0.667 seconds
[2025-04-13T16:51:44.743+0000] {processor.py:186} INFO - Started process (PID=294) to work on /home/airflow/.local/lib/python3.12/site-packages/airflow/example_dags/example_branch_operator.py
[2025-04-13T16:51:44.759+0000] {processor.py:914} INFO - Processing file /home/airflow/.local/lib/python3.12/site-packages/airflow/example_dags/example_branch_operator.py for tasks to queue
[2025-04-13T16:51:44.772+0000] {logging_mixin.py:190} INFO - [2025-04-13T16:51:44.771+0000] {dagbag.py:588} INFO - Filling up the DagBag from /home/airflow/.local/lib/python3.12/site-packages/airflow/example_dags/example_branch_operator.py
[2025-04-13T16:51:44.874+0000] {processor.py:925} INFO - DAG(s) 'example_branch_operator' retrieved from /home/airflow/.local/lib/python3.12/site-packages/airflow/example_dags/example_branch_operator.py
[2025-04-13T16:51:45.045+0000] {logging_mixin.py:190} INFO - [2025-04-13T16:51:45.043+0000] {dag.py:3239} INFO - Sync 1 DAGs
[2025-04-13T16:51:45.187+0000] {logging_mixin.py:190} INFO - [2025-04-13T16:51:45.186+0000] {dag.py:4180} INFO - Setting next_dagrun for example_branch_operator to 2025-04-12 00:00:00+00:00, run_after=2025-04-13 00:00:00+00:00
[2025-04-13T16:51:45.448+0000] {processor.py:208} INFO - Processing /home/airflow/.local/lib/python3.12/site-packages/airflow/example_dags/example_branch_operator.py took 0.725 seconds
[2025-04-13T16:52:17.612+0000] {processor.py:186} INFO - Started process (PID=356) to work on /home/airflow/.local/lib/python3.12/site-packages/airflow/example_dags/example_branch_operator.py
[2025-04-13T16:52:17.614+0000] {processor.py:914} INFO - Processing file /home/airflow/.local/lib/python3.12/site-packages/airflow/example_dags/example_branch_operator.py for tasks to queue
[2025-04-13T16:52:17.619+0000] {logging_mixin.py:190} INFO - [2025-04-13T16:52:17.618+0000] {dagbag.py:588} INFO - Filling up the DagBag from /home/airflow/.local/lib/python3.12/site-packages/airflow/example_dags/example_branch_operator.py
[2025-04-13T16:52:17.681+0000] {processor.py:925} INFO - DAG(s) 'example_branch_operator' retrieved from /home/airflow/.local/lib/python3.12/site-packages/airflow/example_dags/example_branch_operator.py
[2025-04-13T16:52:17.780+0000] {logging_mixin.py:190} INFO - [2025-04-13T16:52:17.780+0000] {dag.py:3239} INFO - Sync 1 DAGs
[2025-04-13T16:52:17.872+0000] {logging_mixin.py:190} INFO - [2025-04-13T16:52:17.872+0000] {dag.py:4180} INFO - Setting next_dagrun for example_branch_operator to 2025-04-12 00:00:00+00:00, run_after=2025-04-13 00:00:00+00:00
[2025-04-13T16:52:17.937+0000] {processor.py:208} INFO - Processing /home/airflow/.local/lib/python3.12/site-packages/airflow/example_dags/example_branch_operator.py took 0.339 seconds
[2025-04-13T16:52:52.302+0000] {processor.py:186} INFO - Started process (PID=426) to work on /home/airflow/.local/lib/python3.12/site-packages/airflow/example_dags/example_branch_operator.py
[2025-04-13T16:52:52.318+0000] {processor.py:914} INFO - Processing file /home/airflow/.local/lib/python3.12/site-packages/airflow/example_dags/example_branch_operator.py for tasks to queue
[2025-04-13T16:52:52.343+0000] {logging_mixin.py:190} INFO - [2025-04-13T16:52:52.343+0000] {dagbag.py:588} INFO - Filling up the DagBag from /home/airflow/.local/lib/python3.12/site-packages/airflow/example_dags/example_branch_operator.py
[2025-04-13T16:52:52.680+0000] {processor.py:925} INFO - DAG(s) 'example_branch_operator' retrieved from /home/airflow/.local/lib/python3.12/site-packages/airflow/example_dags/example_branch_operator.py
[2025-04-13T16:52:52.927+0000] {logging_mixin.py:190} INFO - [2025-04-13T16:52:52.926+0000] {dag.py:3239} INFO - Sync 1 DAGs
[2025-04-13T16:52:53.045+0000] {logging_mixin.py:190} INFO - [2025-04-13T16:52:53.044+0000] {dag.py:4180} INFO - Setting next_dagrun for example_branch_operator to 2025-04-12 00:00:00+00:00, run_after=2025-04-13 00:00:00+00:00
[2025-04-13T16:52:53.270+0000] {processor.py:208} INFO - Processing /home/airflow/.local/lib/python3.12/site-packages/airflow/example_dags/example_branch_operator.py took 0.987 seconds
[2025-04-13T16:53:46.918+0000] {processor.py:186} INFO - Started process (PID=495) to work on /home/airflow/.local/lib/python3.12/site-packages/airflow/example_dags/example_branch_operator.py
[2025-04-13T16:53:46.921+0000] {processor.py:914} INFO - Processing file /home/airflow/.local/lib/python3.12/site-packages/airflow/example_dags/example_branch_operator.py for tasks to queue
[2025-04-13T16:53:46.934+0000] {logging_mixin.py:190} INFO - [2025-04-13T16:53:46.934+0000] {dagbag.py:588} INFO - Filling up the DagBag from /home/airflow/.local/lib/python3.12/site-packages/airflow/example_dags/example_branch_operator.py
[2025-04-13T16:53:47.014+0000] {processor.py:925} INFO - DAG(s) 'example_branch_operator' retrieved from /home/airflow/.local/lib/python3.12/site-packages/airflow/example_dags/example_branch_operator.py
[2025-04-13T16:53:47.148+0000] {logging_mixin.py:190} INFO - [2025-04-13T16:53:47.147+0000] {dag.py:3239} INFO - Sync 1 DAGs
[2025-04-13T16:53:47.277+0000] {logging_mixin.py:190} INFO - [2025-04-13T16:53:47.276+0000] {dag.py:4180} INFO - Setting next_dagrun for example_branch_operator to 2025-04-12 00:00:00+00:00, run_after=2025-04-13 00:00:00+00:00
[2025-04-13T16:53:47.381+0000] {processor.py:208} INFO - Processing /home/airflow/.local/lib/python3.12/site-packages/airflow/example_dags/example_branch_operator.py took 0.522 seconds
[2025-04-13T16:54:40.624+0000] {processor.py:186} INFO - Started process (PID=577) to work on /home/airflow/.local/lib/python3.12/site-packages/airflow/example_dags/example_branch_operator.py
[2025-04-13T16:54:40.665+0000] {processor.py:914} INFO - Processing file /home/airflow/.local/lib/python3.12/site-packages/airflow/example_dags/example_branch_operator.py for tasks to queue
[2025-04-13T16:54:40.687+0000] {logging_mixin.py:190} INFO - [2025-04-13T16:54:40.686+0000] {dagbag.py:588} INFO - Filling up the DagBag from /home/airflow/.local/lib/python3.12/site-packages/airflow/example_dags/example_branch_operator.py
[2025-04-13T16:54:40.964+0000] {processor.py:925} INFO - DAG(s) 'example_branch_operator' retrieved from /home/airflow/.local/lib/python3.12/site-packages/airflow/example_dags/example_branch_operator.py
[2025-04-13T16:54:41.610+0000] {logging_mixin.py:190} INFO - [2025-04-13T16:54:41.609+0000] {dag.py:3239} INFO - Sync 1 DAGs
[2025-04-13T16:54:42.318+0000] {logging_mixin.py:190} INFO - [2025-04-13T16:54:42.318+0000] {dag.py:4180} INFO - Setting next_dagrun for example_branch_operator to 2025-04-12 00:00:00+00:00, run_after=2025-04-13 00:00:00+00:00
[2025-04-13T16:54:42.527+0000] {processor.py:208} INFO - Processing /home/airflow/.local/lib/python3.12/site-packages/airflow/example_dags/example_branch_operator.py took 1.987 seconds
[2025-04-13T17:04:42.417+0000] {processor.py:186} INFO - Started process (PID=161) to work on /home/airflow/.local/lib/python3.12/site-packages/airflow/example_dags/example_branch_operator.py
[2025-04-13T17:04:42.486+0000] {processor.py:914} INFO - Processing file /home/airflow/.local/lib/python3.12/site-packages/airflow/example_dags/example_branch_operator.py for tasks to queue
[2025-04-13T17:04:42.593+0000] {logging_mixin.py:190} INFO - [2025-04-13T17:04:42.592+0000] {dagbag.py:588} INFO - Filling up the DagBag from /home/airflow/.local/lib/python3.12/site-packages/airflow/example_dags/example_branch_operator.py
[2025-04-13T17:04:43.525+0000] {processor.py:925} INFO - DAG(s) 'example_branch_operator' retrieved from /home/airflow/.local/lib/python3.12/site-packages/airflow/example_dags/example_branch_operator.py
[2025-04-13T17:04:47.262+0000] {logging_mixin.py:190} INFO - [2025-04-13T17:04:47.185+0000] {dag.py:3239} INFO - Sync 1 DAGs
[2025-04-13T17:04:48.233+0000] {logging_mixin.py:190} INFO - [2025-04-13T17:04:48.233+0000] {dag.py:4180} INFO - Setting next_dagrun for example_branch_operator to 2025-04-12 00:00:00+00:00, run_after=2025-04-13 00:00:00+00:00
[2025-04-13T17:04:48.909+0000] {processor.py:208} INFO - Processing /home/airflow/.local/lib/python3.12/site-packages/airflow/example_dags/example_branch_operator.py took 6.566 seconds
[2025-04-13T17:27:39.727+0000] {processor.py:186} INFO - Started process (PID=233) to work on /home/airflow/.local/lib/python3.12/site-packages/airflow/example_dags/example_branch_operator.py
[2025-04-13T17:27:39.794+0000] {processor.py:914} INFO - Processing file /home/airflow/.local/lib/python3.12/site-packages/airflow/example_dags/example_branch_operator.py for tasks to queue
[2025-04-13T17:27:39.945+0000] {logging_mixin.py:190} INFO - [2025-04-13T17:27:39.927+0000] {dagbag.py:588} INFO - Filling up the DagBag from /home/airflow/.local/lib/python3.12/site-packages/airflow/example_dags/example_branch_operator.py
[2025-04-13T17:27:43.035+0000] {processor.py:925} INFO - DAG(s) 'example_branch_operator' retrieved from /home/airflow/.local/lib/python3.12/site-packages/airflow/example_dags/example_branch_operator.py
[2025-04-13T17:27:59.780+0000] {logging_mixin.py:190} INFO - [2025-04-13T17:27:59.780+0000] {dag.py:3239} INFO - Sync 1 DAGs
[2025-04-13T17:28:01.557+0000] {logging_mixin.py:190} INFO - [2025-04-13T17:28:01.556+0000] {dag.py:4180} INFO - Setting next_dagrun for example_branch_operator to 2025-04-12 00:00:00+00:00, run_after=2025-04-13 00:00:00+00:00
[2025-04-13T18:14:54.530+0000] {processor.py:186} INFO - Started process (PID=336) to work on /home/airflow/.local/lib/python3.12/site-packages/airflow/example_dags/example_branch_operator.py
[2025-04-13T18:14:54.554+0000] {processor.py:914} INFO - Processing file /home/airflow/.local/lib/python3.12/site-packages/airflow/example_dags/example_branch_operator.py for tasks to queue
[2025-04-13T18:14:54.754+0000] {logging_mixin.py:190} INFO - [2025-04-13T18:14:54.753+0000] {dagbag.py:588} INFO - Filling up the DagBag from /home/airflow/.local/lib/python3.12/site-packages/airflow/example_dags/example_branch_operator.py
[2025-04-13T18:14:57.824+0000] {processor.py:925} INFO - DAG(s) 'example_branch_operator' retrieved from /home/airflow/.local/lib/python3.12/site-packages/airflow/example_dags/example_branch_operator.py
[2025-04-13T18:15:07.854+0000] {logging_mixin.py:190} INFO - [2025-04-13T18:15:07.853+0000] {dag.py:3239} INFO - Sync 1 DAGs
[2025-04-13T18:15:10.343+0000] {logging_mixin.py:190} INFO - [2025-04-13T18:15:10.342+0000] {dag.py:4180} INFO - Setting next_dagrun for example_branch_operator to 2025-04-12 00:00:00+00:00, run_after=2025-04-13 00:00:00+00:00
[2025-04-13T18:15:14.293+0000] {processor.py:208} INFO - Processing /home/airflow/.local/lib/python3.12/site-packages/airflow/example_dags/example_branch_operator.py took 20.162 seconds
[2025-04-13T18:23:15.575+0000] {processor.py:186} INFO - Started process (PID=470) to work on /home/airflow/.local/lib/python3.12/site-packages/airflow/example_dags/example_branch_operator.py
[2025-04-13T18:23:15.717+0000] {processor.py:914} INFO - Processing file /home/airflow/.local/lib/python3.12/site-packages/airflow/example_dags/example_branch_operator.py for tasks to queue
[2025-04-13T18:23:15.947+0000] {logging_mixin.py:190} INFO - [2025-04-13T18:23:15.944+0000] {dagbag.py:588} INFO - Filling up the DagBag from /home/airflow/.local/lib/python3.12/site-packages/airflow/example_dags/example_branch_operator.py
[2025-04-13T18:23:18.990+0000] {processor.py:925} INFO - DAG(s) 'example_branch_operator' retrieved from /home/airflow/.local/lib/python3.12/site-packages/airflow/example_dags/example_branch_operator.py
[2025-04-13T18:23:22.854+0000] {logging_mixin.py:190} INFO - [2025-04-13T18:23:22.852+0000] {dag.py:3239} INFO - Sync 1 DAGs
[2025-04-13T18:23:27.057+0000] {logging_mixin.py:190} INFO - [2025-04-13T18:23:27.056+0000] {dag.py:4180} INFO - Setting next_dagrun for example_branch_operator to 2025-04-12 00:00:00+00:00, run_after=2025-04-13 00:00:00+00:00
[2025-04-13T18:23:29.143+0000] {processor.py:208} INFO - Processing /home/airflow/.local/lib/python3.12/site-packages/airflow/example_dags/example_branch_operator.py took 14.073 seconds
[2025-04-13T20:52:12.390+0000] {processor.py:186} INFO - Started process (PID=130) to work on /home/airflow/.local/lib/python3.12/site-packages/airflow/example_dags/example_branch_operator.py
[2025-04-13T20:52:12.393+0000] {processor.py:914} INFO - Processing file /home/airflow/.local/lib/python3.12/site-packages/airflow/example_dags/example_branch_operator.py for tasks to queue
[2025-04-13T20:52:12.420+0000] {logging_mixin.py:190} INFO - [2025-04-13T20:52:12.419+0000] {dagbag.py:588} INFO - Filling up the DagBag from /home/airflow/.local/lib/python3.12/site-packages/airflow/example_dags/example_branch_operator.py
[2025-04-13T20:52:12.494+0000] {processor.py:925} INFO - DAG(s) 'example_branch_operator' retrieved from /home/airflow/.local/lib/python3.12/site-packages/airflow/example_dags/example_branch_operator.py
[2025-04-13T20:52:12.909+0000] {logging_mixin.py:190} INFO - [2025-04-13T20:52:12.909+0000] {dag.py:3239} INFO - Sync 1 DAGs
[2025-04-13T20:52:12.979+0000] {logging_mixin.py:190} INFO - [2025-04-13T20:52:12.979+0000] {dag.py:4180} INFO - Setting next_dagrun for example_branch_operator to 2025-04-12 00:00:00+00:00, run_after=2025-04-13 00:00:00+00:00
[2025-04-13T20:52:13.223+0000] {processor.py:208} INFO - Processing /home/airflow/.local/lib/python3.12/site-packages/airflow/example_dags/example_branch_operator.py took 0.850 seconds
[2025-04-13T20:52:44.151+0000] {processor.py:186} INFO - Started process (PID=195) to work on /home/airflow/.local/lib/python3.12/site-packages/airflow/example_dags/example_branch_operator.py
[2025-04-13T20:52:44.167+0000] {processor.py:914} INFO - Processing file /home/airflow/.local/lib/python3.12/site-packages/airflow/example_dags/example_branch_operator.py for tasks to queue
[2025-04-13T20:52:44.174+0000] {logging_mixin.py:190} INFO - [2025-04-13T20:52:44.174+0000] {dagbag.py:588} INFO - Filling up the DagBag from /home/airflow/.local/lib/python3.12/site-packages/airflow/example_dags/example_branch_operator.py
[2025-04-13T20:52:44.259+0000] {processor.py:925} INFO - DAG(s) 'example_branch_operator' retrieved from /home/airflow/.local/lib/python3.12/site-packages/airflow/example_dags/example_branch_operator.py
[2025-04-13T20:52:44.347+0000] {logging_mixin.py:190} INFO - [2025-04-13T20:52:44.345+0000] {dag.py:3239} INFO - Sync 1 DAGs
[2025-04-13T20:52:44.516+0000] {logging_mixin.py:190} INFO - [2025-04-13T20:52:44.516+0000] {dag.py:4180} INFO - Setting next_dagrun for example_branch_operator to 2025-04-12 00:00:00+00:00, run_after=2025-04-13 00:00:00+00:00
[2025-04-13T20:52:44.822+0000] {processor.py:208} INFO - Processing /home/airflow/.local/lib/python3.12/site-packages/airflow/example_dags/example_branch_operator.py took 0.708 seconds
[2025-04-13T20:53:15.309+0000] {processor.py:186} INFO - Started process (PID=258) to work on /home/airflow/.local/lib/python3.12/site-packages/airflow/example_dags/example_branch_operator.py
[2025-04-13T20:53:15.322+0000] {processor.py:914} INFO - Processing file /home/airflow/.local/lib/python3.12/site-packages/airflow/example_dags/example_branch_operator.py for tasks to queue
[2025-04-13T20:53:15.347+0000] {logging_mixin.py:190} INFO - [2025-04-13T20:53:15.346+0000] {dagbag.py:588} INFO - Filling up the DagBag from /home/airflow/.local/lib/python3.12/site-packages/airflow/example_dags/example_branch_operator.py
[2025-04-13T20:53:15.393+0000] {processor.py:925} INFO - DAG(s) 'example_branch_operator' retrieved from /home/airflow/.local/lib/python3.12/site-packages/airflow/example_dags/example_branch_operator.py
[2025-04-13T20:53:15.499+0000] {logging_mixin.py:190} INFO - [2025-04-13T20:53:15.498+0000] {dag.py:3239} INFO - Sync 1 DAGs
[2025-04-13T20:53:15.583+0000] {logging_mixin.py:190} INFO - [2025-04-13T20:53:15.583+0000] {dag.py:4180} INFO - Setting next_dagrun for example_branch_operator to 2025-04-12 00:00:00+00:00, run_after=2025-04-13 00:00:00+00:00
[2025-04-13T20:53:15.657+0000] {processor.py:208} INFO - Processing /home/airflow/.local/lib/python3.12/site-packages/airflow/example_dags/example_branch_operator.py took 0.368 seconds
[2025-04-13T20:53:49.759+0000] {processor.py:186} INFO - Started process (PID=328) to work on /home/airflow/.local/lib/python3.12/site-packages/airflow/example_dags/example_branch_operator.py
[2025-04-13T20:53:49.786+0000] {processor.py:914} INFO - Processing file /home/airflow/.local/lib/python3.12/site-packages/airflow/example_dags/example_branch_operator.py for tasks to queue
[2025-04-13T20:53:49.801+0000] {logging_mixin.py:190} INFO - [2025-04-13T20:53:49.800+0000] {dagbag.py:588} INFO - Filling up the DagBag from /home/airflow/.local/lib/python3.12/site-packages/airflow/example_dags/example_branch_operator.py
[2025-04-13T20:53:50.002+0000] {processor.py:925} INFO - DAG(s) 'example_branch_operator' retrieved from /home/airflow/.local/lib/python3.12/site-packages/airflow/example_dags/example_branch_operator.py
[2025-04-13T20:53:50.343+0000] {logging_mixin.py:190} INFO - [2025-04-13T20:53:50.342+0000] {dag.py:3239} INFO - Sync 1 DAGs
[2025-04-13T20:53:50.736+0000] {logging_mixin.py:190} INFO - [2025-04-13T20:53:50.735+0000] {dag.py:4180} INFO - Setting next_dagrun for example_branch_operator to 2025-04-12 00:00:00+00:00, run_after=2025-04-13 00:00:00+00:00
[2025-04-13T20:53:50.921+0000] {processor.py:208} INFO - Processing /home/airflow/.local/lib/python3.12/site-packages/airflow/example_dags/example_branch_operator.py took 1.190 seconds
[2025-04-13T20:54:28.088+0000] {processor.py:186} INFO - Started process (PID=395) to work on /home/airflow/.local/lib/python3.12/site-packages/airflow/example_dags/example_branch_operator.py
[2025-04-13T20:54:28.094+0000] {processor.py:914} INFO - Processing file /home/airflow/.local/lib/python3.12/site-packages/airflow/example_dags/example_branch_operator.py for tasks to queue
[2025-04-13T20:54:28.099+0000] {logging_mixin.py:190} INFO - [2025-04-13T20:54:28.099+0000] {dagbag.py:588} INFO - Filling up the DagBag from /home/airflow/.local/lib/python3.12/site-packages/airflow/example_dags/example_branch_operator.py
[2025-04-13T20:54:28.155+0000] {processor.py:925} INFO - DAG(s) 'example_branch_operator' retrieved from /home/airflow/.local/lib/python3.12/site-packages/airflow/example_dags/example_branch_operator.py
[2025-04-13T20:54:28.280+0000] {logging_mixin.py:190} INFO - [2025-04-13T20:54:28.280+0000] {dag.py:3239} INFO - Sync 1 DAGs
[2025-04-13T20:54:28.365+0000] {logging_mixin.py:190} INFO - [2025-04-13T20:54:28.365+0000] {dag.py:4180} INFO - Setting next_dagrun for example_branch_operator to 2025-04-12 00:00:00+00:00, run_after=2025-04-13 00:00:00+00:00
[2025-04-13T20:54:28.431+0000] {processor.py:208} INFO - Processing /home/airflow/.local/lib/python3.12/site-packages/airflow/example_dags/example_branch_operator.py took 0.360 seconds
[2025-04-13T20:54:58.656+0000] {processor.py:186} INFO - Started process (PID=457) to work on /home/airflow/.local/lib/python3.12/site-packages/airflow/example_dags/example_branch_operator.py
[2025-04-13T20:54:58.660+0000] {processor.py:914} INFO - Processing file /home/airflow/.local/lib/python3.12/site-packages/airflow/example_dags/example_branch_operator.py for tasks to queue
[2025-04-13T20:54:58.669+0000] {logging_mixin.py:190} INFO - [2025-04-13T20:54:58.668+0000] {dagbag.py:588} INFO - Filling up the DagBag from /home/airflow/.local/lib/python3.12/site-packages/airflow/example_dags/example_branch_operator.py
[2025-04-13T20:54:58.723+0000] {processor.py:925} INFO - DAG(s) 'example_branch_operator' retrieved from /home/airflow/.local/lib/python3.12/site-packages/airflow/example_dags/example_branch_operator.py
[2025-04-13T20:54:58.834+0000] {logging_mixin.py:190} INFO - [2025-04-13T20:54:58.833+0000] {dag.py:3239} INFO - Sync 1 DAGs
[2025-04-13T20:54:58.913+0000] {logging_mixin.py:190} INFO - [2025-04-13T20:54:58.912+0000] {dag.py:4180} INFO - Setting next_dagrun for example_branch_operator to 2025-04-12 00:00:00+00:00, run_after=2025-04-13 00:00:00+00:00
[2025-04-13T20:54:58.953+0000] {processor.py:208} INFO - Processing /home/airflow/.local/lib/python3.12/site-packages/airflow/example_dags/example_branch_operator.py took 0.329 seconds
[2025-04-13T20:55:29.394+0000] {processor.py:186} INFO - Started process (PID=521) to work on /home/airflow/.local/lib/python3.12/site-packages/airflow/example_dags/example_branch_operator.py
[2025-04-13T20:55:29.398+0000] {processor.py:914} INFO - Processing file /home/airflow/.local/lib/python3.12/site-packages/airflow/example_dags/example_branch_operator.py for tasks to queue
[2025-04-13T20:55:29.407+0000] {logging_mixin.py:190} INFO - [2025-04-13T20:55:29.406+0000] {dagbag.py:588} INFO - Filling up the DagBag from /home/airflow/.local/lib/python3.12/site-packages/airflow/example_dags/example_branch_operator.py
[2025-04-13T20:55:29.446+0000] {processor.py:925} INFO - DAG(s) 'example_branch_operator' retrieved from /home/airflow/.local/lib/python3.12/site-packages/airflow/example_dags/example_branch_operator.py
[2025-04-13T20:55:29.513+0000] {logging_mixin.py:190} INFO - [2025-04-13T20:55:29.512+0000] {dag.py:3239} INFO - Sync 1 DAGs
[2025-04-13T20:55:29.589+0000] {logging_mixin.py:190} INFO - [2025-04-13T20:55:29.588+0000] {dag.py:4180} INFO - Setting next_dagrun for example_branch_operator to 2025-04-12 00:00:00+00:00, run_after=2025-04-13 00:00:00+00:00
[2025-04-13T20:55:29.649+0000] {processor.py:208} INFO - Processing /home/airflow/.local/lib/python3.12/site-packages/airflow/example_dags/example_branch_operator.py took 0.265 seconds
[2025-04-13T20:55:59.987+0000] {processor.py:186} INFO - Started process (PID=584) to work on /home/airflow/.local/lib/python3.12/site-packages/airflow/example_dags/example_branch_operator.py
[2025-04-13T20:55:59.989+0000] {processor.py:914} INFO - Processing file /home/airflow/.local/lib/python3.12/site-packages/airflow/example_dags/example_branch_operator.py for tasks to queue
[2025-04-13T20:55:59.994+0000] {logging_mixin.py:190} INFO - [2025-04-13T20:55:59.993+0000] {dagbag.py:588} INFO - Filling up the DagBag from /home/airflow/.local/lib/python3.12/site-packages/airflow/example_dags/example_branch_operator.py
[2025-04-13T20:56:00.022+0000] {processor.py:925} INFO - DAG(s) 'example_branch_operator' retrieved from /home/airflow/.local/lib/python3.12/site-packages/airflow/example_dags/example_branch_operator.py
[2025-04-13T20:56:00.080+0000] {logging_mixin.py:190} INFO - [2025-04-13T20:56:00.079+0000] {dag.py:3239} INFO - Sync 1 DAGs
[2025-04-13T20:56:00.132+0000] {logging_mixin.py:190} INFO - [2025-04-13T20:56:00.132+0000] {dag.py:4180} INFO - Setting next_dagrun for example_branch_operator to 2025-04-12 00:00:00+00:00, run_after=2025-04-13 00:00:00+00:00
[2025-04-13T20:56:00.186+0000] {processor.py:208} INFO - Processing /home/airflow/.local/lib/python3.12/site-packages/airflow/example_dags/example_branch_operator.py took 0.208 seconds
[2025-04-13T20:56:30.246+0000] {processor.py:186} INFO - Started process (PID=648) to work on /home/airflow/.local/lib/python3.12/site-packages/airflow/example_dags/example_branch_operator.py
[2025-04-13T20:56:30.248+0000] {processor.py:914} INFO - Processing file /home/airflow/.local/lib/python3.12/site-packages/airflow/example_dags/example_branch_operator.py for tasks to queue
[2025-04-13T20:56:30.252+0000] {logging_mixin.py:190} INFO - [2025-04-13T20:56:30.251+0000] {dagbag.py:588} INFO - Filling up the DagBag from /home/airflow/.local/lib/python3.12/site-packages/airflow/example_dags/example_branch_operator.py
[2025-04-13T20:56:30.326+0000] {processor.py:925} INFO - DAG(s) 'example_branch_operator' retrieved from /home/airflow/.local/lib/python3.12/site-packages/airflow/example_dags/example_branch_operator.py
[2025-04-13T20:56:30.424+0000] {logging_mixin.py:190} INFO - [2025-04-13T20:56:30.424+0000] {dag.py:3239} INFO - Sync 1 DAGs
[2025-04-13T20:56:30.474+0000] {logging_mixin.py:190} INFO - [2025-04-13T20:56:30.474+0000] {dag.py:4180} INFO - Setting next_dagrun for example_branch_operator to 2025-04-12 00:00:00+00:00, run_after=2025-04-13 00:00:00+00:00
[2025-04-13T20:56:30.502+0000] {processor.py:208} INFO - Processing /home/airflow/.local/lib/python3.12/site-packages/airflow/example_dags/example_branch_operator.py took 0.267 seconds
[2025-04-13T20:57:01.113+0000] {processor.py:186} INFO - Started process (PID=712) to work on /home/airflow/.local/lib/python3.12/site-packages/airflow/example_dags/example_branch_operator.py
[2025-04-13T20:57:01.121+0000] {processor.py:914} INFO - Processing file /home/airflow/.local/lib/python3.12/site-packages/airflow/example_dags/example_branch_operator.py for tasks to queue
[2025-04-13T20:57:01.126+0000] {logging_mixin.py:190} INFO - [2025-04-13T20:57:01.125+0000] {dagbag.py:588} INFO - Filling up the DagBag from /home/airflow/.local/lib/python3.12/site-packages/airflow/example_dags/example_branch_operator.py
[2025-04-13T20:57:01.221+0000] {processor.py:925} INFO - DAG(s) 'example_branch_operator' retrieved from /home/airflow/.local/lib/python3.12/site-packages/airflow/example_dags/example_branch_operator.py
[2025-04-13T20:57:01.289+0000] {logging_mixin.py:190} INFO - [2025-04-13T20:57:01.289+0000] {dag.py:3239} INFO - Sync 1 DAGs
[2025-04-13T20:57:01.349+0000] {logging_mixin.py:190} INFO - [2025-04-13T20:57:01.348+0000] {dag.py:4180} INFO - Setting next_dagrun for example_branch_operator to 2025-04-12 00:00:00+00:00, run_after=2025-04-13 00:00:00+00:00
[2025-04-13T20:57:01.391+0000] {processor.py:208} INFO - Processing /home/airflow/.local/lib/python3.12/site-packages/airflow/example_dags/example_branch_operator.py took 0.299 seconds
[2025-04-13T20:57:35.540+0000] {processor.py:186} INFO - Started process (PID=776) to work on /home/airflow/.local/lib/python3.12/site-packages/airflow/example_dags/example_branch_operator.py
[2025-04-13T20:57:35.541+0000] {processor.py:914} INFO - Processing file /home/airflow/.local/lib/python3.12/site-packages/airflow/example_dags/example_branch_operator.py for tasks to queue
[2025-04-13T20:57:35.549+0000] {logging_mixin.py:190} INFO - [2025-04-13T20:57:35.548+0000] {dagbag.py:588} INFO - Filling up the DagBag from /home/airflow/.local/lib/python3.12/site-packages/airflow/example_dags/example_branch_operator.py
[2025-04-13T20:57:35.651+0000] {processor.py:925} INFO - DAG(s) 'example_branch_operator' retrieved from /home/airflow/.local/lib/python3.12/site-packages/airflow/example_dags/example_branch_operator.py
[2025-04-13T20:57:35.788+0000] {logging_mixin.py:190} INFO - [2025-04-13T20:57:35.787+0000] {dag.py:3239} INFO - Sync 1 DAGs
[2025-04-13T20:57:35.861+0000] {logging_mixin.py:190} INFO - [2025-04-13T20:57:35.861+0000] {dag.py:4180} INFO - Setting next_dagrun for example_branch_operator to 2025-04-12 00:00:00+00:00, run_after=2025-04-13 00:00:00+00:00
[2025-04-13T20:57:35.916+0000] {processor.py:208} INFO - Processing /home/airflow/.local/lib/python3.12/site-packages/airflow/example_dags/example_branch_operator.py took 0.399 seconds
[2025-04-13T20:58:12.959+0000] {processor.py:186} INFO - Started process (PID=842) to work on /home/airflow/.local/lib/python3.12/site-packages/airflow/example_dags/example_branch_operator.py
[2025-04-13T20:58:12.971+0000] {processor.py:914} INFO - Processing file /home/airflow/.local/lib/python3.12/site-packages/airflow/example_dags/example_branch_operator.py for tasks to queue
[2025-04-13T20:58:12.988+0000] {logging_mixin.py:190} INFO - [2025-04-13T20:58:12.988+0000] {dagbag.py:588} INFO - Filling up the DagBag from /home/airflow/.local/lib/python3.12/site-packages/airflow/example_dags/example_branch_operator.py
[2025-04-13T20:58:13.082+0000] {processor.py:925} INFO - DAG(s) 'example_branch_operator' retrieved from /home/airflow/.local/lib/python3.12/site-packages/airflow/example_dags/example_branch_operator.py
[2025-04-13T20:58:13.238+0000] {logging_mixin.py:190} INFO - [2025-04-13T20:58:13.238+0000] {dag.py:3239} INFO - Sync 1 DAGs
[2025-04-13T20:58:13.326+0000] {logging_mixin.py:190} INFO - [2025-04-13T20:58:13.325+0000] {dag.py:4180} INFO - Setting next_dagrun for example_branch_operator to 2025-04-12 00:00:00+00:00, run_after=2025-04-13 00:00:00+00:00
[2025-04-13T20:58:13.485+0000] {processor.py:208} INFO - Processing /home/airflow/.local/lib/python3.12/site-packages/airflow/example_dags/example_branch_operator.py took 0.567 seconds
[2025-04-13T20:58:43.979+0000] {processor.py:186} INFO - Started process (PID=905) to work on /home/airflow/.local/lib/python3.12/site-packages/airflow/example_dags/example_branch_operator.py
[2025-04-13T20:58:43.981+0000] {processor.py:914} INFO - Processing file /home/airflow/.local/lib/python3.12/site-packages/airflow/example_dags/example_branch_operator.py for tasks to queue
[2025-04-13T20:58:43.985+0000] {logging_mixin.py:190} INFO - [2025-04-13T20:58:43.985+0000] {dagbag.py:588} INFO - Filling up the DagBag from /home/airflow/.local/lib/python3.12/site-packages/airflow/example_dags/example_branch_operator.py
[2025-04-13T20:58:44.020+0000] {processor.py:925} INFO - DAG(s) 'example_branch_operator' retrieved from /home/airflow/.local/lib/python3.12/site-packages/airflow/example_dags/example_branch_operator.py
[2025-04-13T20:58:44.073+0000] {logging_mixin.py:190} INFO - [2025-04-13T20:58:44.073+0000] {dag.py:3239} INFO - Sync 1 DAGs
[2025-04-13T20:58:44.131+0000] {logging_mixin.py:190} INFO - [2025-04-13T20:58:44.131+0000] {dag.py:4180} INFO - Setting next_dagrun for example_branch_operator to 2025-04-12 00:00:00+00:00, run_after=2025-04-13 00:00:00+00:00
[2025-04-13T20:58:44.243+0000] {processor.py:208} INFO - Processing /home/airflow/.local/lib/python3.12/site-packages/airflow/example_dags/example_branch_operator.py took 0.277 seconds
[2025-04-13T20:59:14.508+0000] {processor.py:186} INFO - Started process (PID=968) to work on /home/airflow/.local/lib/python3.12/site-packages/airflow/example_dags/example_branch_operator.py
[2025-04-13T20:59:14.511+0000] {processor.py:914} INFO - Processing file /home/airflow/.local/lib/python3.12/site-packages/airflow/example_dags/example_branch_operator.py for tasks to queue
[2025-04-13T20:59:14.515+0000] {logging_mixin.py:190} INFO - [2025-04-13T20:59:14.515+0000] {dagbag.py:588} INFO - Filling up the DagBag from /home/airflow/.local/lib/python3.12/site-packages/airflow/example_dags/example_branch_operator.py
[2025-04-13T20:59:14.548+0000] {processor.py:925} INFO - DAG(s) 'example_branch_operator' retrieved from /home/airflow/.local/lib/python3.12/site-packages/airflow/example_dags/example_branch_operator.py
[2025-04-13T20:59:14.610+0000] {logging_mixin.py:190} INFO - [2025-04-13T20:59:14.609+0000] {dag.py:3239} INFO - Sync 1 DAGs
[2025-04-13T20:59:14.656+0000] {logging_mixin.py:190} INFO - [2025-04-13T20:59:14.655+0000] {dag.py:4180} INFO - Setting next_dagrun for example_branch_operator to 2025-04-12 00:00:00+00:00, run_after=2025-04-13 00:00:00+00:00
[2025-04-13T20:59:14.686+0000] {processor.py:208} INFO - Processing /home/airflow/.local/lib/python3.12/site-packages/airflow/example_dags/example_branch_operator.py took 0.198 seconds
[2025-04-13T20:59:44.895+0000] {processor.py:186} INFO - Started process (PID=1033) to work on /home/airflow/.local/lib/python3.12/site-packages/airflow/example_dags/example_branch_operator.py
[2025-04-13T20:59:44.896+0000] {processor.py:914} INFO - Processing file /home/airflow/.local/lib/python3.12/site-packages/airflow/example_dags/example_branch_operator.py for tasks to queue
[2025-04-13T20:59:44.900+0000] {logging_mixin.py:190} INFO - [2025-04-13T20:59:44.899+0000] {dagbag.py:588} INFO - Filling up the DagBag from /home/airflow/.local/lib/python3.12/site-packages/airflow/example_dags/example_branch_operator.py
[2025-04-13T20:59:44.928+0000] {processor.py:925} INFO - DAG(s) 'example_branch_operator' retrieved from /home/airflow/.local/lib/python3.12/site-packages/airflow/example_dags/example_branch_operator.py
[2025-04-13T20:59:44.972+0000] {logging_mixin.py:190} INFO - [2025-04-13T20:59:44.972+0000] {dag.py:3239} INFO - Sync 1 DAGs
[2025-04-13T20:59:45.009+0000] {logging_mixin.py:190} INFO - [2025-04-13T20:59:45.009+0000] {dag.py:4180} INFO - Setting next_dagrun for example_branch_operator to 2025-04-12 00:00:00+00:00, run_after=2025-04-13 00:00:00+00:00
[2025-04-13T20:59:45.046+0000] {processor.py:208} INFO - Processing /home/airflow/.local/lib/python3.12/site-packages/airflow/example_dags/example_branch_operator.py took 0.160 seconds
[2025-04-13T21:00:16.629+0000] {processor.py:186} INFO - Started process (PID=1096) to work on /home/airflow/.local/lib/python3.12/site-packages/airflow/example_dags/example_branch_operator.py
[2025-04-13T21:00:16.658+0000] {processor.py:914} INFO - Processing file /home/airflow/.local/lib/python3.12/site-packages/airflow/example_dags/example_branch_operator.py for tasks to queue
[2025-04-13T21:00:17.072+0000] {logging_mixin.py:190} INFO - [2025-04-13T21:00:17.054+0000] {dagbag.py:588} INFO - Filling up the DagBag from /home/airflow/.local/lib/python3.12/site-packages/airflow/example_dags/example_branch_operator.py
[2025-04-13T21:00:17.690+0000] {processor.py:925} INFO - DAG(s) 'example_branch_operator' retrieved from /home/airflow/.local/lib/python3.12/site-packages/airflow/example_dags/example_branch_operator.py
[2025-04-13T21:00:18.158+0000] {logging_mixin.py:190} INFO - [2025-04-13T21:00:18.157+0000] {dag.py:3239} INFO - Sync 1 DAGs
[2025-04-13T21:00:18.349+0000] {logging_mixin.py:190} INFO - [2025-04-13T21:00:18.349+0000] {dag.py:4180} INFO - Setting next_dagrun for example_branch_operator to 2025-04-12 00:00:00+00:00, run_after=2025-04-13 00:00:00+00:00
[2025-04-13T21:00:18.634+0000] {processor.py:208} INFO - Processing /home/airflow/.local/lib/python3.12/site-packages/airflow/example_dags/example_branch_operator.py took 2.164 seconds
[2025-04-13T21:00:51.472+0000] {processor.py:186} INFO - Started process (PID=1160) to work on /home/airflow/.local/lib/python3.12/site-packages/airflow/example_dags/example_branch_operator.py
[2025-04-13T21:00:51.479+0000] {processor.py:914} INFO - Processing file /home/airflow/.local/lib/python3.12/site-packages/airflow/example_dags/example_branch_operator.py for tasks to queue
[2025-04-13T21:00:51.497+0000] {logging_mixin.py:190} INFO - [2025-04-13T21:00:51.496+0000] {dagbag.py:588} INFO - Filling up the DagBag from /home/airflow/.local/lib/python3.12/site-packages/airflow/example_dags/example_branch_operator.py
[2025-04-13T21:00:51.622+0000] {processor.py:925} INFO - DAG(s) 'example_branch_operator' retrieved from /home/airflow/.local/lib/python3.12/site-packages/airflow/example_dags/example_branch_operator.py
[2025-04-13T21:00:51.785+0000] {logging_mixin.py:190} INFO - [2025-04-13T21:00:51.785+0000] {dag.py:3239} INFO - Sync 1 DAGs
[2025-04-13T21:00:51.885+0000] {logging_mixin.py:190} INFO - [2025-04-13T21:00:51.885+0000] {dag.py:4180} INFO - Setting next_dagrun for example_branch_operator to 2025-04-12 00:00:00+00:00, run_after=2025-04-13 00:00:00+00:00
[2025-04-13T21:00:51.944+0000] {processor.py:208} INFO - Processing /home/airflow/.local/lib/python3.12/site-packages/airflow/example_dags/example_branch_operator.py took 0.511 seconds
[2025-04-13T21:30:01.170+0000] {processor.py:186} INFO - Started process (PID=238) to work on /home/airflow/.local/lib/python3.12/site-packages/airflow/example_dags/example_branch_operator.py
[2025-04-13T21:30:01.188+0000] {processor.py:914} INFO - Processing file /home/airflow/.local/lib/python3.12/site-packages/airflow/example_dags/example_branch_operator.py for tasks to queue
[2025-04-13T21:30:01.195+0000] {logging_mixin.py:190} INFO - [2025-04-13T21:30:01.195+0000] {dagbag.py:588} INFO - Filling up the DagBag from /home/airflow/.local/lib/python3.12/site-packages/airflow/example_dags/example_branch_operator.py
[2025-04-13T21:30:01.487+0000] {processor.py:925} INFO - DAG(s) 'example_branch_operator' retrieved from /home/airflow/.local/lib/python3.12/site-packages/airflow/example_dags/example_branch_operator.py
[2025-04-13T21:30:07.073+0000] {logging_mixin.py:190} INFO - [2025-04-13T21:30:07.073+0000] {dag.py:3239} INFO - Sync 1 DAGs
[2025-04-13T21:30:08.604+0000] {logging_mixin.py:190} INFO - [2025-04-13T21:30:08.604+0000] {dag.py:4180} INFO - Setting next_dagrun for example_branch_operator to 2025-04-12 00:00:00+00:00, run_after=2025-04-13 00:00:00+00:00
[2025-04-13T21:30:09.755+0000] {processor.py:208} INFO - Processing /home/airflow/.local/lib/python3.12/site-packages/airflow/example_dags/example_branch_operator.py took 8.671 seconds
[2025-04-13T21:34:43.904+0000] {processor.py:186} INFO - Started process (PID=346) to work on /home/airflow/.local/lib/python3.12/site-packages/airflow/example_dags/example_branch_operator.py
[2025-04-13T21:34:44.066+0000] {processor.py:914} INFO - Processing file /home/airflow/.local/lib/python3.12/site-packages/airflow/example_dags/example_branch_operator.py for tasks to queue
[2025-04-13T21:34:44.151+0000] {logging_mixin.py:190} INFO - [2025-04-13T21:34:44.150+0000] {dagbag.py:588} INFO - Filling up the DagBag from /home/airflow/.local/lib/python3.12/site-packages/airflow/example_dags/example_branch_operator.py
[2025-04-13T21:34:45.007+0000] {processor.py:925} INFO - DAG(s) 'example_branch_operator' retrieved from /home/airflow/.local/lib/python3.12/site-packages/airflow/example_dags/example_branch_operator.py
[2025-04-13T21:34:46.001+0000] {logging_mixin.py:190} INFO - [2025-04-13T21:34:45.973+0000] {dag.py:3239} INFO - Sync 1 DAGs
[2025-04-13T21:34:46.771+0000] {logging_mixin.py:190} INFO - [2025-04-13T21:34:46.770+0000] {dag.py:4180} INFO - Setting next_dagrun for example_branch_operator to 2025-04-12 00:00:00+00:00, run_after=2025-04-13 00:00:00+00:00
[2025-04-13T21:34:47.978+0000] {processor.py:208} INFO - Processing /home/airflow/.local/lib/python3.12/site-packages/airflow/example_dags/example_branch_operator.py took 4.330 seconds
[2025-04-13T21:54:59.985+0000] {processor.py:186} INFO - Started process (PID=217) to work on /home/airflow/.local/lib/python3.12/site-packages/airflow/example_dags/example_branch_operator.py
[2025-04-13T21:55:00.384+0000] {processor.py:914} INFO - Processing file /home/airflow/.local/lib/python3.12/site-packages/airflow/example_dags/example_branch_operator.py for tasks to queue
[2025-04-13T21:55:00.430+0000] {logging_mixin.py:190} INFO - [2025-04-13T21:55:00.405+0000] {dagbag.py:588} INFO - Filling up the DagBag from /home/airflow/.local/lib/python3.12/site-packages/airflow/example_dags/example_branch_operator.py
[2025-04-13T22:32:11.395+0000] {processor.py:186} INFO - Started process (PID=146) to work on /home/airflow/.local/lib/python3.12/site-packages/airflow/example_dags/example_branch_operator.py
[2025-04-13T22:32:11.407+0000] {processor.py:914} INFO - Processing file /home/airflow/.local/lib/python3.12/site-packages/airflow/example_dags/example_branch_operator.py for tasks to queue
[2025-04-13T22:32:11.416+0000] {logging_mixin.py:190} INFO - [2025-04-13T22:32:11.415+0000] {dagbag.py:588} INFO - Filling up the DagBag from /home/airflow/.local/lib/python3.12/site-packages/airflow/example_dags/example_branch_operator.py
[2025-04-13T22:32:11.615+0000] {processor.py:925} INFO - DAG(s) 'example_branch_operator' retrieved from /home/airflow/.local/lib/python3.12/site-packages/airflow/example_dags/example_branch_operator.py
[2025-04-13T22:32:12.636+0000] {logging_mixin.py:190} INFO - [2025-04-13T22:32:12.635+0000] {dag.py:3239} INFO - Sync 1 DAGs
[2025-04-13T22:32:12.819+0000] {logging_mixin.py:190} INFO - [2025-04-13T22:32:12.818+0000] {dag.py:4180} INFO - Setting next_dagrun for example_branch_operator to 2025-04-12 00:00:00+00:00, run_after=2025-04-13 00:00:00+00:00
[2025-04-13T22:32:13.139+0000] {processor.py:208} INFO - Processing /home/airflow/.local/lib/python3.12/site-packages/airflow/example_dags/example_branch_operator.py took 1.829 seconds
[2025-04-13T22:32:46.655+0000] {processor.py:186} INFO - Started process (PID=210) to work on /home/airflow/.local/lib/python3.12/site-packages/airflow/example_dags/example_branch_operator.py
[2025-04-13T22:32:46.664+0000] {processor.py:914} INFO - Processing file /home/airflow/.local/lib/python3.12/site-packages/airflow/example_dags/example_branch_operator.py for tasks to queue
[2025-04-13T22:32:46.719+0000] {logging_mixin.py:190} INFO - [2025-04-13T22:32:46.718+0000] {dagbag.py:588} INFO - Filling up the DagBag from /home/airflow/.local/lib/python3.12/site-packages/airflow/example_dags/example_branch_operator.py
[2025-04-13T22:32:47.073+0000] {processor.py:925} INFO - DAG(s) 'example_branch_operator' retrieved from /home/airflow/.local/lib/python3.12/site-packages/airflow/example_dags/example_branch_operator.py
[2025-04-13T22:32:47.524+0000] {logging_mixin.py:190} INFO - [2025-04-13T22:32:47.523+0000] {dag.py:3239} INFO - Sync 1 DAGs
[2025-04-13T22:32:47.861+0000] {logging_mixin.py:190} INFO - [2025-04-13T22:32:47.860+0000] {dag.py:4180} INFO - Setting next_dagrun for example_branch_operator to 2025-04-12 00:00:00+00:00, run_after=2025-04-13 00:00:00+00:00
[2025-04-13T22:32:48.135+0000] {processor.py:208} INFO - Processing /home/airflow/.local/lib/python3.12/site-packages/airflow/example_dags/example_branch_operator.py took 1.528 seconds
[2025-04-13T22:33:20.915+0000] {processor.py:186} INFO - Started process (PID=274) to work on /home/airflow/.local/lib/python3.12/site-packages/airflow/example_dags/example_branch_operator.py
[2025-04-13T22:33:20.917+0000] {processor.py:914} INFO - Processing file /home/airflow/.local/lib/python3.12/site-packages/airflow/example_dags/example_branch_operator.py for tasks to queue
[2025-04-13T22:33:20.923+0000] {logging_mixin.py:190} INFO - [2025-04-13T22:33:20.922+0000] {dagbag.py:588} INFO - Filling up the DagBag from /home/airflow/.local/lib/python3.12/site-packages/airflow/example_dags/example_branch_operator.py
[2025-04-13T22:33:21.003+0000] {processor.py:925} INFO - DAG(s) 'example_branch_operator' retrieved from /home/airflow/.local/lib/python3.12/site-packages/airflow/example_dags/example_branch_operator.py
[2025-04-13T22:33:21.096+0000] {logging_mixin.py:190} INFO - [2025-04-13T22:33:21.096+0000] {dag.py:3239} INFO - Sync 1 DAGs
[2025-04-13T22:33:21.195+0000] {logging_mixin.py:190} INFO - [2025-04-13T22:33:21.186+0000] {dag.py:4180} INFO - Setting next_dagrun for example_branch_operator to 2025-04-12 00:00:00+00:00, run_after=2025-04-13 00:00:00+00:00
[2025-04-13T22:33:21.283+0000] {processor.py:208} INFO - Processing /home/airflow/.local/lib/python3.12/site-packages/airflow/example_dags/example_branch_operator.py took 0.382 seconds
[2025-04-13T22:33:54.053+0000] {processor.py:186} INFO - Started process (PID=338) to work on /home/airflow/.local/lib/python3.12/site-packages/airflow/example_dags/example_branch_operator.py
[2025-04-13T22:33:54.056+0000] {processor.py:914} INFO - Processing file /home/airflow/.local/lib/python3.12/site-packages/airflow/example_dags/example_branch_operator.py for tasks to queue
[2025-04-13T22:33:54.067+0000] {logging_mixin.py:190} INFO - [2025-04-13T22:33:54.065+0000] {dagbag.py:588} INFO - Filling up the DagBag from /home/airflow/.local/lib/python3.12/site-packages/airflow/example_dags/example_branch_operator.py
[2025-04-13T22:33:54.165+0000] {processor.py:925} INFO - DAG(s) 'example_branch_operator' retrieved from /home/airflow/.local/lib/python3.12/site-packages/airflow/example_dags/example_branch_operator.py
[2025-04-13T22:33:54.296+0000] {logging_mixin.py:190} INFO - [2025-04-13T22:33:54.295+0000] {dag.py:3239} INFO - Sync 1 DAGs
[2025-04-13T22:33:54.374+0000] {logging_mixin.py:190} INFO - [2025-04-13T22:33:54.373+0000] {dag.py:4180} INFO - Setting next_dagrun for example_branch_operator to 2025-04-12 00:00:00+00:00, run_after=2025-04-13 00:00:00+00:00
[2025-04-13T22:33:54.452+0000] {processor.py:208} INFO - Processing /home/airflow/.local/lib/python3.12/site-packages/airflow/example_dags/example_branch_operator.py took 0.429 seconds
[2025-04-13T22:34:33.085+0000] {processor.py:186} INFO - Started process (PID=408) to work on /home/airflow/.local/lib/python3.12/site-packages/airflow/example_dags/example_branch_operator.py
[2025-04-13T22:34:33.089+0000] {processor.py:914} INFO - Processing file /home/airflow/.local/lib/python3.12/site-packages/airflow/example_dags/example_branch_operator.py for tasks to queue
[2025-04-13T22:34:33.107+0000] {logging_mixin.py:190} INFO - [2025-04-13T22:34:33.105+0000] {dagbag.py:588} INFO - Filling up the DagBag from /home/airflow/.local/lib/python3.12/site-packages/airflow/example_dags/example_branch_operator.py
[2025-04-13T22:34:33.193+0000] {processor.py:925} INFO - DAG(s) 'example_branch_operator' retrieved from /home/airflow/.local/lib/python3.12/site-packages/airflow/example_dags/example_branch_operator.py
[2025-04-13T22:34:33.327+0000] {logging_mixin.py:190} INFO - [2025-04-13T22:34:33.323+0000] {dag.py:3239} INFO - Sync 1 DAGs
[2025-04-13T22:34:33.427+0000] {logging_mixin.py:190} INFO - [2025-04-13T22:34:33.427+0000] {dag.py:4180} INFO - Setting next_dagrun for example_branch_operator to 2025-04-12 00:00:00+00:00, run_after=2025-04-13 00:00:00+00:00
[2025-04-13T22:34:33.551+0000] {processor.py:208} INFO - Processing /home/airflow/.local/lib/python3.12/site-packages/airflow/example_dags/example_branch_operator.py took 0.487 seconds
[2025-04-13T22:35:22.507+0000] {processor.py:186} INFO - Started process (PID=484) to work on /home/airflow/.local/lib/python3.12/site-packages/airflow/example_dags/example_branch_operator.py
[2025-04-13T22:35:22.511+0000] {processor.py:914} INFO - Processing file /home/airflow/.local/lib/python3.12/site-packages/airflow/example_dags/example_branch_operator.py for tasks to queue
[2025-04-13T22:35:22.521+0000] {logging_mixin.py:190} INFO - [2025-04-13T22:35:22.521+0000] {dagbag.py:588} INFO - Filling up the DagBag from /home/airflow/.local/lib/python3.12/site-packages/airflow/example_dags/example_branch_operator.py
[2025-04-13T22:35:22.583+0000] {processor.py:925} INFO - DAG(s) 'example_branch_operator' retrieved from /home/airflow/.local/lib/python3.12/site-packages/airflow/example_dags/example_branch_operator.py
[2025-04-13T22:35:22.728+0000] {logging_mixin.py:190} INFO - [2025-04-13T22:35:22.728+0000] {dag.py:3239} INFO - Sync 1 DAGs
[2025-04-13T22:35:22.859+0000] {logging_mixin.py:190} INFO - [2025-04-13T22:35:22.859+0000] {dag.py:4180} INFO - Setting next_dagrun for example_branch_operator to 2025-04-12 00:00:00+00:00, run_after=2025-04-13 00:00:00+00:00
[2025-04-13T22:35:22.958+0000] {processor.py:208} INFO - Processing /home/airflow/.local/lib/python3.12/site-packages/airflow/example_dags/example_branch_operator.py took 0.475 seconds
[2025-04-13T22:36:03.666+0000] {processor.py:186} INFO - Started process (PID=561) to work on /home/airflow/.local/lib/python3.12/site-packages/airflow/example_dags/example_branch_operator.py
[2025-04-13T22:36:03.670+0000] {processor.py:914} INFO - Processing file /home/airflow/.local/lib/python3.12/site-packages/airflow/example_dags/example_branch_operator.py for tasks to queue
[2025-04-13T22:36:03.692+0000] {logging_mixin.py:190} INFO - [2025-04-13T22:36:03.692+0000] {dagbag.py:588} INFO - Filling up the DagBag from /home/airflow/.local/lib/python3.12/site-packages/airflow/example_dags/example_branch_operator.py
[2025-04-13T22:36:03.748+0000] {processor.py:925} INFO - DAG(s) 'example_branch_operator' retrieved from /home/airflow/.local/lib/python3.12/site-packages/airflow/example_dags/example_branch_operator.py
[2025-04-13T22:36:03.891+0000] {logging_mixin.py:190} INFO - [2025-04-13T22:36:03.891+0000] {dag.py:3239} INFO - Sync 1 DAGs
[2025-04-13T22:36:04.015+0000] {logging_mixin.py:190} INFO - [2025-04-13T22:36:04.013+0000] {dag.py:4180} INFO - Setting next_dagrun for example_branch_operator to 2025-04-12 00:00:00+00:00, run_after=2025-04-13 00:00:00+00:00
[2025-04-13T22:36:04.090+0000] {processor.py:208} INFO - Processing /home/airflow/.local/lib/python3.12/site-packages/airflow/example_dags/example_branch_operator.py took 0.449 seconds
[2025-04-13T22:36:42.298+0000] {processor.py:186} INFO - Started process (PID=625) to work on /home/airflow/.local/lib/python3.12/site-packages/airflow/example_dags/example_branch_operator.py
[2025-04-13T22:36:42.300+0000] {processor.py:914} INFO - Processing file /home/airflow/.local/lib/python3.12/site-packages/airflow/example_dags/example_branch_operator.py for tasks to queue
[2025-04-13T22:36:42.306+0000] {logging_mixin.py:190} INFO - [2025-04-13T22:36:42.306+0000] {dagbag.py:588} INFO - Filling up the DagBag from /home/airflow/.local/lib/python3.12/site-packages/airflow/example_dags/example_branch_operator.py
[2025-04-13T22:36:42.390+0000] {processor.py:925} INFO - DAG(s) 'example_branch_operator' retrieved from /home/airflow/.local/lib/python3.12/site-packages/airflow/example_dags/example_branch_operator.py
[2025-04-13T22:36:42.555+0000] {logging_mixin.py:190} INFO - [2025-04-13T22:36:42.554+0000] {dag.py:3239} INFO - Sync 1 DAGs
[2025-04-13T22:36:42.665+0000] {logging_mixin.py:190} INFO - [2025-04-13T22:36:42.665+0000] {dag.py:4180} INFO - Setting next_dagrun for example_branch_operator to 2025-04-12 00:00:00+00:00, run_after=2025-04-13 00:00:00+00:00
[2025-04-13T22:36:42.793+0000] {processor.py:208} INFO - Processing /home/airflow/.local/lib/python3.12/site-packages/airflow/example_dags/example_branch_operator.py took 0.521 seconds
[2025-04-13T22:37:44.602+0000] {processor.py:186} INFO - Started process (PID=703) to work on /home/airflow/.local/lib/python3.12/site-packages/airflow/example_dags/example_branch_operator.py
[2025-04-13T22:37:44.605+0000] {processor.py:914} INFO - Processing file /home/airflow/.local/lib/python3.12/site-packages/airflow/example_dags/example_branch_operator.py for tasks to queue
[2025-04-13T22:37:44.647+0000] {logging_mixin.py:190} INFO - [2025-04-13T22:37:44.645+0000] {dagbag.py:588} INFO - Filling up the DagBag from /home/airflow/.local/lib/python3.12/site-packages/airflow/example_dags/example_branch_operator.py
[2025-04-13T22:37:44.852+0000] {processor.py:925} INFO - DAG(s) 'example_branch_operator' retrieved from /home/airflow/.local/lib/python3.12/site-packages/airflow/example_dags/example_branch_operator.py
[2025-04-13T22:37:45.259+0000] {logging_mixin.py:190} INFO - [2025-04-13T22:37:45.258+0000] {dag.py:3239} INFO - Sync 1 DAGs
[2025-04-13T22:37:45.500+0000] {logging_mixin.py:190} INFO - [2025-04-13T22:37:45.499+0000] {dag.py:4180} INFO - Setting next_dagrun for example_branch_operator to 2025-04-12 00:00:00+00:00, run_after=2025-04-13 00:00:00+00:00
[2025-04-13T22:37:45.656+0000] {processor.py:208} INFO - Processing /home/airflow/.local/lib/python3.12/site-packages/airflow/example_dags/example_branch_operator.py took 1.137 seconds
[2025-04-13T22:38:23.780+0000] {processor.py:186} INFO - Started process (PID=767) to work on /home/airflow/.local/lib/python3.12/site-packages/airflow/example_dags/example_branch_operator.py
[2025-04-13T22:38:23.804+0000] {processor.py:914} INFO - Processing file /home/airflow/.local/lib/python3.12/site-packages/airflow/example_dags/example_branch_operator.py for tasks to queue
[2025-04-13T22:38:23.853+0000] {logging_mixin.py:190} INFO - [2025-04-13T22:38:23.852+0000] {dagbag.py:588} INFO - Filling up the DagBag from /home/airflow/.local/lib/python3.12/site-packages/airflow/example_dags/example_branch_operator.py
[2025-04-13T22:38:24.076+0000] {processor.py:925} INFO - DAG(s) 'example_branch_operator' retrieved from /home/airflow/.local/lib/python3.12/site-packages/airflow/example_dags/example_branch_operator.py
[2025-04-13T22:38:24.376+0000] {logging_mixin.py:190} INFO - [2025-04-13T22:38:24.376+0000] {dag.py:3239} INFO - Sync 1 DAGs
[2025-04-13T22:38:24.757+0000] {logging_mixin.py:190} INFO - [2025-04-13T22:38:24.713+0000] {dag.py:4180} INFO - Setting next_dagrun for example_branch_operator to 2025-04-12 00:00:00+00:00, run_after=2025-04-13 00:00:00+00:00
[2025-04-13T22:38:25.048+0000] {processor.py:208} INFO - Processing /home/airflow/.local/lib/python3.12/site-packages/airflow/example_dags/example_branch_operator.py took 1.298 seconds
[2025-04-13T22:39:06.516+0000] {processor.py:186} INFO - Started process (PID=840) to work on /home/airflow/.local/lib/python3.12/site-packages/airflow/example_dags/example_branch_operator.py
[2025-04-13T22:39:06.549+0000] {processor.py:914} INFO - Processing file /home/airflow/.local/lib/python3.12/site-packages/airflow/example_dags/example_branch_operator.py for tasks to queue
[2025-04-13T22:39:06.559+0000] {logging_mixin.py:190} INFO - [2025-04-13T22:39:06.559+0000] {dagbag.py:588} INFO - Filling up the DagBag from /home/airflow/.local/lib/python3.12/site-packages/airflow/example_dags/example_branch_operator.py
[2025-04-13T22:39:06.677+0000] {processor.py:925} INFO - DAG(s) 'example_branch_operator' retrieved from /home/airflow/.local/lib/python3.12/site-packages/airflow/example_dags/example_branch_operator.py
[2025-04-13T22:39:06.966+0000] {logging_mixin.py:190} INFO - [2025-04-13T22:39:06.966+0000] {dag.py:3239} INFO - Sync 1 DAGs
[2025-04-13T22:39:07.319+0000] {logging_mixin.py:190} INFO - [2025-04-13T22:39:07.319+0000] {dag.py:4180} INFO - Setting next_dagrun for example_branch_operator to 2025-04-12 00:00:00+00:00, run_after=2025-04-13 00:00:00+00:00
[2025-04-13T22:39:07.595+0000] {processor.py:208} INFO - Processing /home/airflow/.local/lib/python3.12/site-packages/airflow/example_dags/example_branch_operator.py took 1.145 seconds
[2025-04-13T22:40:11.179+0000] {processor.py:186} INFO - Started process (PID=917) to work on /home/airflow/.local/lib/python3.12/site-packages/airflow/example_dags/example_branch_operator.py
[2025-04-13T22:40:11.205+0000] {processor.py:914} INFO - Processing file /home/airflow/.local/lib/python3.12/site-packages/airflow/example_dags/example_branch_operator.py for tasks to queue
[2025-04-13T22:40:11.280+0000] {logging_mixin.py:190} INFO - [2025-04-13T22:40:11.279+0000] {dagbag.py:588} INFO - Filling up the DagBag from /home/airflow/.local/lib/python3.12/site-packages/airflow/example_dags/example_branch_operator.py
[2025-04-13T22:40:11.841+0000] {processor.py:925} INFO - DAG(s) 'example_branch_operator' retrieved from /home/airflow/.local/lib/python3.12/site-packages/airflow/example_dags/example_branch_operator.py
[2025-04-13T22:40:12.454+0000] {logging_mixin.py:190} INFO - [2025-04-13T22:40:12.453+0000] {dag.py:3239} INFO - Sync 1 DAGs
[2025-04-13T22:40:13.039+0000] {logging_mixin.py:190} INFO - [2025-04-13T22:40:13.039+0000] {dag.py:4180} INFO - Setting next_dagrun for example_branch_operator to 2025-04-12 00:00:00+00:00, run_after=2025-04-13 00:00:00+00:00
[2025-04-13T22:40:13.664+0000] {processor.py:208} INFO - Processing /home/airflow/.local/lib/python3.12/site-packages/airflow/example_dags/example_branch_operator.py took 2.615 seconds
[2025-04-13T22:42:09.251+0000] {processor.py:186} INFO - Started process (PID=1020) to work on /home/airflow/.local/lib/python3.12/site-packages/airflow/example_dags/example_branch_operator.py
[2025-04-13T22:42:09.256+0000] {processor.py:914} INFO - Processing file /home/airflow/.local/lib/python3.12/site-packages/airflow/example_dags/example_branch_operator.py for tasks to queue
[2025-04-13T22:42:09.272+0000] {logging_mixin.py:190} INFO - [2025-04-13T22:42:09.271+0000] {dagbag.py:588} INFO - Filling up the DagBag from /home/airflow/.local/lib/python3.12/site-packages/airflow/example_dags/example_branch_operator.py
[2025-04-13T22:42:09.329+0000] {processor.py:925} INFO - DAG(s) 'example_branch_operator' retrieved from /home/airflow/.local/lib/python3.12/site-packages/airflow/example_dags/example_branch_operator.py
[2025-04-13T22:42:09.474+0000] {logging_mixin.py:190} INFO - [2025-04-13T22:42:09.473+0000] {dag.py:3239} INFO - Sync 1 DAGs
[2025-04-13T22:42:09.597+0000] {logging_mixin.py:190} INFO - [2025-04-13T22:42:09.597+0000] {dag.py:4180} INFO - Setting next_dagrun for example_branch_operator to 2025-04-12 00:00:00+00:00, run_after=2025-04-13 00:00:00+00:00
[2025-04-13T22:42:09.675+0000] {processor.py:208} INFO - Processing /home/airflow/.local/lib/python3.12/site-packages/airflow/example_dags/example_branch_operator.py took 0.458 seconds
[2025-04-13T22:42:46.099+0000] {processor.py:186} INFO - Started process (PID=1090) to work on /home/airflow/.local/lib/python3.12/site-packages/airflow/example_dags/example_branch_operator.py
[2025-04-13T22:42:46.102+0000] {processor.py:914} INFO - Processing file /home/airflow/.local/lib/python3.12/site-packages/airflow/example_dags/example_branch_operator.py for tasks to queue
[2025-04-13T22:42:46.110+0000] {logging_mixin.py:190} INFO - [2025-04-13T22:42:46.108+0000] {dagbag.py:588} INFO - Filling up the DagBag from /home/airflow/.local/lib/python3.12/site-packages/airflow/example_dags/example_branch_operator.py
[2025-04-13T22:42:46.408+0000] {processor.py:925} INFO - DAG(s) 'example_branch_operator' retrieved from /home/airflow/.local/lib/python3.12/site-packages/airflow/example_dags/example_branch_operator.py
[2025-04-13T22:42:46.523+0000] {logging_mixin.py:190} INFO - [2025-04-13T22:42:46.522+0000] {dag.py:3239} INFO - Sync 1 DAGs
[2025-04-13T22:42:46.608+0000] {logging_mixin.py:190} INFO - [2025-04-13T22:42:46.608+0000] {dag.py:4180} INFO - Setting next_dagrun for example_branch_operator to 2025-04-12 00:00:00+00:00, run_after=2025-04-13 00:00:00+00:00
[2025-04-13T22:42:46.722+0000] {processor.py:208} INFO - Processing /home/airflow/.local/lib/python3.12/site-packages/airflow/example_dags/example_branch_operator.py took 0.721 seconds
[2025-04-13T22:44:15.843+0000] {processor.py:186} INFO - Started process (PID=1171) to work on /home/airflow/.local/lib/python3.12/site-packages/airflow/example_dags/example_branch_operator.py
[2025-04-13T22:44:15.873+0000] {processor.py:914} INFO - Processing file /home/airflow/.local/lib/python3.12/site-packages/airflow/example_dags/example_branch_operator.py for tasks to queue
[2025-04-13T22:44:15.879+0000] {logging_mixin.py:190} INFO - [2025-04-13T22:44:15.878+0000] {dagbag.py:588} INFO - Filling up the DagBag from /home/airflow/.local/lib/python3.12/site-packages/airflow/example_dags/example_branch_operator.py
[2025-04-13T22:44:16.204+0000] {processor.py:925} INFO - DAG(s) 'example_branch_operator' retrieved from /home/airflow/.local/lib/python3.12/site-packages/airflow/example_dags/example_branch_operator.py
[2025-04-13T22:44:16.813+0000] {logging_mixin.py:190} INFO - [2025-04-13T22:44:16.813+0000] {dag.py:3239} INFO - Sync 1 DAGs
[2025-04-13T22:44:17.333+0000] {logging_mixin.py:190} INFO - [2025-04-13T22:44:17.332+0000] {dag.py:4180} INFO - Setting next_dagrun for example_branch_operator to 2025-04-12 00:00:00+00:00, run_after=2025-04-13 00:00:00+00:00
[2025-04-13T22:44:17.546+0000] {processor.py:208} INFO - Processing /home/airflow/.local/lib/python3.12/site-packages/airflow/example_dags/example_branch_operator.py took 1.886 seconds
[2025-04-13T22:45:29.405+0000] {processor.py:186} INFO - Started process (PID=1248) to work on /home/airflow/.local/lib/python3.12/site-packages/airflow/example_dags/example_branch_operator.py
[2025-04-13T22:45:29.409+0000] {processor.py:914} INFO - Processing file /home/airflow/.local/lib/python3.12/site-packages/airflow/example_dags/example_branch_operator.py for tasks to queue
[2025-04-13T22:45:29.419+0000] {logging_mixin.py:190} INFO - [2025-04-13T22:45:29.418+0000] {dagbag.py:588} INFO - Filling up the DagBag from /home/airflow/.local/lib/python3.12/site-packages/airflow/example_dags/example_branch_operator.py
[2025-04-13T22:45:29.668+0000] {processor.py:925} INFO - DAG(s) 'example_branch_operator' retrieved from /home/airflow/.local/lib/python3.12/site-packages/airflow/example_dags/example_branch_operator.py
[2025-04-13T22:45:30.106+0000] {logging_mixin.py:190} INFO - [2025-04-13T22:45:30.105+0000] {dag.py:3239} INFO - Sync 1 DAGs
[2025-04-13T22:45:30.781+0000] {logging_mixin.py:190} INFO - [2025-04-13T22:45:30.780+0000] {dag.py:4180} INFO - Setting next_dagrun for example_branch_operator to 2025-04-12 00:00:00+00:00, run_after=2025-04-13 00:00:00+00:00
[2025-04-13T22:45:32.613+0000] {processor.py:208} INFO - Processing /home/airflow/.local/lib/python3.12/site-packages/airflow/example_dags/example_branch_operator.py took 3.242 seconds
