[2025-04-13T16:48:53.455+0000] {processor.py:186} INFO - Started process (PID=110) to work on /home/airflow/.local/lib/python3.12/site-packages/airflow/example_dags/example_complex.py
[2025-04-13T16:48:53.462+0000] {processor.py:914} INFO - Processing file /home/airflow/.local/lib/python3.12/site-packages/airflow/example_dags/example_complex.py for tasks to queue
[2025-04-13T16:48:53.473+0000] {logging_mixin.py:190} INFO - [2025-04-13T16:48:53.472+0000] {dagbag.py:588} INFO - Filling up the DagBag from /home/airflow/.local/lib/python3.12/site-packages/airflow/example_dags/example_complex.py
[2025-04-13T16:48:53.704+0000] {processor.py:925} INFO - DAG(s) 'example_complex' retrieved from /home/airflow/.local/lib/python3.12/site-packages/airflow/example_dags/example_complex.py
[2025-04-13T16:48:55.085+0000] {logging_mixin.py:190} INFO - [2025-04-13T16:48:55.082+0000] {override.py:1912} INFO - Created Permission View: can read on DAG:example_complex
[2025-04-13T16:48:55.205+0000] {logging_mixin.py:190} INFO - [2025-04-13T16:48:55.190+0000] {override.py:1912} INFO - Created Permission View: can edit on DAG:example_complex
[2025-04-13T16:48:55.782+0000] {logging_mixin.py:190} INFO - [2025-04-13T16:48:55.781+0000] {override.py:1912} INFO - Created Permission View: can delete on DAG:example_complex
[2025-04-13T16:48:55.936+0000] {logging_mixin.py:190} INFO - [2025-04-13T16:48:55.936+0000] {override.py:1912} INFO - Created Permission View: can read on DAG Run:example_complex
[2025-04-13T16:48:56.020+0000] {logging_mixin.py:190} INFO - [2025-04-13T16:48:56.019+0000] {override.py:1912} INFO - Created Permission View: menu access on DAG Run:example_complex
[2025-04-13T16:48:56.176+0000] {logging_mixin.py:190} INFO - [2025-04-13T16:48:56.175+0000] {override.py:1912} INFO - Created Permission View: can create on DAG Run:example_complex
[2025-04-13T16:48:56.320+0000] {logging_mixin.py:190} INFO - [2025-04-13T16:48:56.319+0000] {override.py:1912} INFO - Created Permission View: can delete on DAG Run:example_complex
[2025-04-13T16:48:56.321+0000] {logging_mixin.py:190} INFO - [2025-04-13T16:48:56.321+0000] {dag.py:3239} INFO - Sync 1 DAGs
[2025-04-13T16:48:56.635+0000] {logging_mixin.py:190} INFO - [2025-04-13T16:48:56.635+0000] {dag.py:3262} INFO - Creating ORM DAG for example_complex
[2025-04-13T16:48:56.648+0000] {logging_mixin.py:190} INFO - [2025-04-13T16:48:56.648+0000] {dag.py:4180} INFO - Setting next_dagrun for example_complex to None, run_after=None
[2025-04-13T16:48:56.931+0000] {processor.py:208} INFO - Processing /home/airflow/.local/lib/python3.12/site-packages/airflow/example_dags/example_complex.py took 3.598 seconds
[2025-04-13T16:50:43.507+0000] {processor.py:186} INFO - Started process (PID=186) to work on /home/airflow/.local/lib/python3.12/site-packages/airflow/example_dags/example_complex.py
[2025-04-13T16:50:43.509+0000] {processor.py:914} INFO - Processing file /home/airflow/.local/lib/python3.12/site-packages/airflow/example_dags/example_complex.py for tasks to queue
[2025-04-13T16:50:43.515+0000] {logging_mixin.py:190} INFO - [2025-04-13T16:50:43.515+0000] {dagbag.py:588} INFO - Filling up the DagBag from /home/airflow/.local/lib/python3.12/site-packages/airflow/example_dags/example_complex.py
[2025-04-13T16:50:43.580+0000] {processor.py:925} INFO - DAG(s) 'example_complex' retrieved from /home/airflow/.local/lib/python3.12/site-packages/airflow/example_dags/example_complex.py
[2025-04-13T16:50:44.258+0000] {logging_mixin.py:190} INFO - [2025-04-13T16:50:44.252+0000] {dag.py:3239} INFO - Sync 1 DAGs
[2025-04-13T16:50:44.372+0000] {logging_mixin.py:190} INFO - [2025-04-13T16:50:44.372+0000] {dag.py:4180} INFO - Setting next_dagrun for example_complex to None, run_after=None
[2025-04-13T16:50:44.544+0000] {processor.py:208} INFO - Processing /home/airflow/.local/lib/python3.12/site-packages/airflow/example_dags/example_complex.py took 1.063 seconds
[2025-04-13T16:51:22.664+0000] {processor.py:186} INFO - Started process (PID=256) to work on /home/airflow/.local/lib/python3.12/site-packages/airflow/example_dags/example_complex.py
[2025-04-13T16:51:22.677+0000] {processor.py:914} INFO - Processing file /home/airflow/.local/lib/python3.12/site-packages/airflow/example_dags/example_complex.py for tasks to queue
[2025-04-13T16:51:22.694+0000] {logging_mixin.py:190} INFO - [2025-04-13T16:51:22.693+0000] {dagbag.py:588} INFO - Filling up the DagBag from /home/airflow/.local/lib/python3.12/site-packages/airflow/example_dags/example_complex.py
[2025-04-13T16:51:22.885+0000] {processor.py:925} INFO - DAG(s) 'example_complex' retrieved from /home/airflow/.local/lib/python3.12/site-packages/airflow/example_dags/example_complex.py
[2025-04-13T16:51:23.345+0000] {logging_mixin.py:190} INFO - [2025-04-13T16:51:23.344+0000] {dag.py:3239} INFO - Sync 1 DAGs
[2025-04-13T16:51:23.413+0000] {logging_mixin.py:190} INFO - [2025-04-13T16:51:23.399+0000] {dag.py:4180} INFO - Setting next_dagrun for example_complex to None, run_after=None
[2025-04-13T16:51:23.457+0000] {processor.py:208} INFO - Processing /home/airflow/.local/lib/python3.12/site-packages/airflow/example_dags/example_complex.py took 0.917 seconds
[2025-04-13T16:51:54.631+0000] {processor.py:186} INFO - Started process (PID=319) to work on /home/airflow/.local/lib/python3.12/site-packages/airflow/example_dags/example_complex.py
[2025-04-13T16:51:54.640+0000] {processor.py:914} INFO - Processing file /home/airflow/.local/lib/python3.12/site-packages/airflow/example_dags/example_complex.py for tasks to queue
[2025-04-13T16:51:54.663+0000] {logging_mixin.py:190} INFO - [2025-04-13T16:51:54.662+0000] {dagbag.py:588} INFO - Filling up the DagBag from /home/airflow/.local/lib/python3.12/site-packages/airflow/example_dags/example_complex.py
[2025-04-13T16:51:54.696+0000] {processor.py:925} INFO - DAG(s) 'example_complex' retrieved from /home/airflow/.local/lib/python3.12/site-packages/airflow/example_dags/example_complex.py
[2025-04-13T16:51:54.811+0000] {logging_mixin.py:190} INFO - [2025-04-13T16:51:54.810+0000] {dag.py:3239} INFO - Sync 1 DAGs
[2025-04-13T16:51:54.873+0000] {logging_mixin.py:190} INFO - [2025-04-13T16:51:54.873+0000] {dag.py:4180} INFO - Setting next_dagrun for example_complex to None, run_after=None
[2025-04-13T16:51:54.946+0000] {processor.py:208} INFO - Processing /home/airflow/.local/lib/python3.12/site-packages/airflow/example_dags/example_complex.py took 0.335 seconds
[2025-04-13T16:52:26.389+0000] {processor.py:186} INFO - Started process (PID=382) to work on /home/airflow/.local/lib/python3.12/site-packages/airflow/example_dags/example_complex.py
[2025-04-13T16:52:26.396+0000] {processor.py:914} INFO - Processing file /home/airflow/.local/lib/python3.12/site-packages/airflow/example_dags/example_complex.py for tasks to queue
[2025-04-13T16:52:26.435+0000] {logging_mixin.py:190} INFO - [2025-04-13T16:52:26.430+0000] {dagbag.py:588} INFO - Filling up the DagBag from /home/airflow/.local/lib/python3.12/site-packages/airflow/example_dags/example_complex.py
[2025-04-13T16:52:26.524+0000] {processor.py:925} INFO - DAG(s) 'example_complex' retrieved from /home/airflow/.local/lib/python3.12/site-packages/airflow/example_dags/example_complex.py
[2025-04-13T16:52:26.835+0000] {logging_mixin.py:190} INFO - [2025-04-13T16:52:26.835+0000] {dag.py:3239} INFO - Sync 1 DAGs
[2025-04-13T16:52:26.921+0000] {logging_mixin.py:190} INFO - [2025-04-13T16:52:26.920+0000] {dag.py:4180} INFO - Setting next_dagrun for example_complex to None, run_after=None
[2025-04-13T16:52:27.075+0000] {processor.py:208} INFO - Processing /home/airflow/.local/lib/python3.12/site-packages/airflow/example_dags/example_complex.py took 0.761 seconds
[2025-04-13T16:53:08.156+0000] {processor.py:186} INFO - Started process (PID=447) to work on /home/airflow/.local/lib/python3.12/site-packages/airflow/example_dags/example_complex.py
[2025-04-13T16:53:08.165+0000] {processor.py:914} INFO - Processing file /home/airflow/.local/lib/python3.12/site-packages/airflow/example_dags/example_complex.py for tasks to queue
[2025-04-13T16:53:08.291+0000] {logging_mixin.py:190} INFO - [2025-04-13T16:53:08.289+0000] {dagbag.py:588} INFO - Filling up the DagBag from /home/airflow/.local/lib/python3.12/site-packages/airflow/example_dags/example_complex.py
[2025-04-13T16:53:08.699+0000] {processor.py:925} INFO - DAG(s) 'example_complex' retrieved from /home/airflow/.local/lib/python3.12/site-packages/airflow/example_dags/example_complex.py
[2025-04-13T16:53:09.563+0000] {logging_mixin.py:190} INFO - [2025-04-13T16:53:09.562+0000] {dag.py:3239} INFO - Sync 1 DAGs
[2025-04-13T16:53:10.066+0000] {logging_mixin.py:190} INFO - [2025-04-13T16:53:10.066+0000] {dag.py:4180} INFO - Setting next_dagrun for example_complex to None, run_after=None
[2025-04-13T16:53:10.893+0000] {processor.py:208} INFO - Processing /home/airflow/.local/lib/python3.12/site-packages/airflow/example_dags/example_complex.py took 2.784 seconds
[2025-04-13T16:53:52.289+0000] {processor.py:186} INFO - Started process (PID=514) to work on /home/airflow/.local/lib/python3.12/site-packages/airflow/example_dags/example_complex.py
[2025-04-13T16:53:52.300+0000] {processor.py:914} INFO - Processing file /home/airflow/.local/lib/python3.12/site-packages/airflow/example_dags/example_complex.py for tasks to queue
[2025-04-13T16:53:52.312+0000] {logging_mixin.py:190} INFO - [2025-04-13T16:53:52.311+0000] {dagbag.py:588} INFO - Filling up the DagBag from /home/airflow/.local/lib/python3.12/site-packages/airflow/example_dags/example_complex.py
[2025-04-13T16:53:52.368+0000] {processor.py:925} INFO - DAG(s) 'example_complex' retrieved from /home/airflow/.local/lib/python3.12/site-packages/airflow/example_dags/example_complex.py
[2025-04-13T16:53:52.535+0000] {logging_mixin.py:190} INFO - [2025-04-13T16:53:52.534+0000] {dag.py:3239} INFO - Sync 1 DAGs
[2025-04-13T16:53:52.590+0000] {logging_mixin.py:190} INFO - [2025-04-13T16:53:52.589+0000] {dag.py:4180} INFO - Setting next_dagrun for example_complex to None, run_after=None
[2025-04-13T16:53:52.685+0000] {processor.py:208} INFO - Processing /home/airflow/.local/lib/python3.12/site-packages/airflow/example_dags/example_complex.py took 0.420 seconds
[2025-04-13T16:54:33.963+0000] {processor.py:186} INFO - Started process (PID=564) to work on /home/airflow/.local/lib/python3.12/site-packages/airflow/example_dags/example_complex.py
[2025-04-13T16:54:33.972+0000] {processor.py:914} INFO - Processing file /home/airflow/.local/lib/python3.12/site-packages/airflow/example_dags/example_complex.py for tasks to queue
[2025-04-13T16:54:34.004+0000] {logging_mixin.py:190} INFO - [2025-04-13T16:54:34.003+0000] {dagbag.py:588} INFO - Filling up the DagBag from /home/airflow/.local/lib/python3.12/site-packages/airflow/example_dags/example_complex.py
[2025-04-13T16:54:34.050+0000] {processor.py:925} INFO - DAG(s) 'example_complex' retrieved from /home/airflow/.local/lib/python3.12/site-packages/airflow/example_dags/example_complex.py
[2025-04-13T16:54:34.272+0000] {logging_mixin.py:190} INFO - [2025-04-13T16:54:34.271+0000] {dag.py:3239} INFO - Sync 1 DAGs
[2025-04-13T16:54:34.354+0000] {logging_mixin.py:190} INFO - [2025-04-13T16:54:34.353+0000] {dag.py:4180} INFO - Setting next_dagrun for example_complex to None, run_after=None
[2025-04-13T16:54:34.480+0000] {processor.py:208} INFO - Processing /home/airflow/.local/lib/python3.12/site-packages/airflow/example_dags/example_complex.py took 0.556 seconds
[2025-04-13T16:55:19.599+0000] {processor.py:186} INFO - Started process (PID=624) to work on /home/airflow/.local/lib/python3.12/site-packages/airflow/example_dags/example_complex.py
[2025-04-13T16:55:19.737+0000] {processor.py:914} INFO - Processing file /home/airflow/.local/lib/python3.12/site-packages/airflow/example_dags/example_complex.py for tasks to queue
[2025-04-13T16:55:19.782+0000] {logging_mixin.py:190} INFO - [2025-04-13T16:55:19.781+0000] {dagbag.py:588} INFO - Filling up the DagBag from /home/airflow/.local/lib/python3.12/site-packages/airflow/example_dags/example_complex.py
[2025-04-13T16:55:20.284+0000] {processor.py:925} INFO - DAG(s) 'example_complex' retrieved from /home/airflow/.local/lib/python3.12/site-packages/airflow/example_dags/example_complex.py
[2025-04-13T16:55:22.493+0000] {logging_mixin.py:190} INFO - [2025-04-13T16:55:22.493+0000] {dag.py:3239} INFO - Sync 1 DAGs
[2025-04-13T16:55:22.736+0000] {logging_mixin.py:190} INFO - [2025-04-13T16:55:22.731+0000] {dag.py:4180} INFO - Setting next_dagrun for example_complex to None, run_after=None
[2025-04-13T16:55:23.191+0000] {processor.py:208} INFO - Processing /home/airflow/.local/lib/python3.12/site-packages/airflow/example_dags/example_complex.py took 3.709 seconds
[2025-04-13T17:03:24.274+0000] {processor.py:186} INFO - Started process (PID=113) to work on /home/airflow/.local/lib/python3.12/site-packages/airflow/example_dags/example_complex.py
[2025-04-13T17:03:24.460+0000] {processor.py:914} INFO - Processing file /home/airflow/.local/lib/python3.12/site-packages/airflow/example_dags/example_complex.py for tasks to queue
[2025-04-13T17:03:24.473+0000] {logging_mixin.py:190} INFO - [2025-04-13T17:03:24.472+0000] {dagbag.py:588} INFO - Filling up the DagBag from /home/airflow/.local/lib/python3.12/site-packages/airflow/example_dags/example_complex.py
[2025-04-13T17:03:25.634+0000] {processor.py:925} INFO - DAG(s) 'example_complex' retrieved from /home/airflow/.local/lib/python3.12/site-packages/airflow/example_dags/example_complex.py
[2025-04-13T17:03:26.988+0000] {logging_mixin.py:190} INFO - [2025-04-13T17:03:26.987+0000] {dag.py:3239} INFO - Sync 1 DAGs
[2025-04-13T17:03:27.190+0000] {logging_mixin.py:190} INFO - [2025-04-13T17:03:27.190+0000] {dag.py:4180} INFO - Setting next_dagrun for example_complex to None, run_after=None
[2025-04-13T17:03:28.202+0000] {processor.py:208} INFO - Processing /home/airflow/.local/lib/python3.12/site-packages/airflow/example_dags/example_complex.py took 4.190 seconds
[2025-04-13T17:05:39.021+0000] {processor.py:186} INFO - Started process (PID=200) to work on /home/airflow/.local/lib/python3.12/site-packages/airflow/example_dags/example_complex.py
[2025-04-13T17:05:39.033+0000] {processor.py:914} INFO - Processing file /home/airflow/.local/lib/python3.12/site-packages/airflow/example_dags/example_complex.py for tasks to queue
[2025-04-13T17:05:39.293+0000] {logging_mixin.py:190} INFO - [2025-04-13T17:05:39.283+0000] {dagbag.py:588} INFO - Filling up the DagBag from /home/airflow/.local/lib/python3.12/site-packages/airflow/example_dags/example_complex.py
[2025-04-13T17:05:39.876+0000] {processor.py:925} INFO - DAG(s) 'example_complex' retrieved from /home/airflow/.local/lib/python3.12/site-packages/airflow/example_dags/example_complex.py
[2025-04-13T17:05:40.592+0000] {logging_mixin.py:190} INFO - [2025-04-13T17:05:40.587+0000] {dag.py:3239} INFO - Sync 1 DAGs
[2025-04-13T17:05:40.763+0000] {logging_mixin.py:190} INFO - [2025-04-13T17:05:40.762+0000] {dag.py:4180} INFO - Setting next_dagrun for example_complex to None, run_after=None
[2025-04-13T17:05:41.597+0000] {processor.py:208} INFO - Processing /home/airflow/.local/lib/python3.12/site-packages/airflow/example_dags/example_complex.py took 2.604 seconds
[2025-04-13T17:23:54.768+0000] {processor.py:186} INFO - Started process (PID=168) to work on /home/airflow/.local/lib/python3.12/site-packages/airflow/example_dags/example_complex.py
[2025-04-13T17:23:54.923+0000] {processor.py:914} INFO - Processing file /home/airflow/.local/lib/python3.12/site-packages/airflow/example_dags/example_complex.py for tasks to queue
[2025-04-13T17:23:54.996+0000] {logging_mixin.py:190} INFO - [2025-04-13T17:23:54.944+0000] {dagbag.py:588} INFO - Filling up the DagBag from /home/airflow/.local/lib/python3.12/site-packages/airflow/example_dags/example_complex.py
[2025-04-13T17:23:55.806+0000] {processor.py:925} INFO - DAG(s) 'example_complex' retrieved from /home/airflow/.local/lib/python3.12/site-packages/airflow/example_dags/example_complex.py
[2025-04-13T17:23:58.517+0000] {logging_mixin.py:190} INFO - [2025-04-13T17:23:58.517+0000] {dag.py:3239} INFO - Sync 1 DAGs
[2025-04-13T17:24:00.577+0000] {logging_mixin.py:190} INFO - [2025-04-13T17:24:00.562+0000] {dag.py:4180} INFO - Setting next_dagrun for example_complex to None, run_after=None
[2025-04-13T17:24:02.936+0000] {processor.py:208} INFO - Processing /home/airflow/.local/lib/python3.12/site-packages/airflow/example_dags/example_complex.py took 8.636 seconds
[2025-04-13T18:10:15.488+0000] {processor.py:186} INFO - Started process (PID=258) to work on /home/airflow/.local/lib/python3.12/site-packages/airflow/example_dags/example_complex.py
[2025-04-13T18:10:15.642+0000] {processor.py:914} INFO - Processing file /home/airflow/.local/lib/python3.12/site-packages/airflow/example_dags/example_complex.py for tasks to queue
[2025-04-13T18:10:16.183+0000] {logging_mixin.py:190} INFO - [2025-04-13T18:10:16.183+0000] {dagbag.py:588} INFO - Filling up the DagBag from /home/airflow/.local/lib/python3.12/site-packages/airflow/example_dags/example_complex.py
[2025-04-13T18:10:17.375+0000] {processor.py:925} INFO - DAG(s) 'example_complex' retrieved from /home/airflow/.local/lib/python3.12/site-packages/airflow/example_dags/example_complex.py
[2025-04-13T18:10:20.793+0000] {logging_mixin.py:190} INFO - [2025-04-13T18:10:20.435+0000] {dag.py:3239} INFO - Sync 1 DAGs
[2025-04-13T18:10:22.376+0000] {logging_mixin.py:190} INFO - [2025-04-13T18:10:22.374+0000] {dag.py:4180} INFO - Setting next_dagrun for example_complex to None, run_after=None
[2025-04-13T18:10:26.817+0000] {processor.py:208} INFO - Processing /home/airflow/.local/lib/python3.12/site-packages/airflow/example_dags/example_complex.py took 12.069 seconds
[2025-04-13T18:18:55.000+0000] {processor.py:186} INFO - Started process (PID=397) to work on /home/airflow/.local/lib/python3.12/site-packages/airflow/example_dags/example_complex.py
[2025-04-13T18:18:55.551+0000] {processor.py:914} INFO - Processing file /home/airflow/.local/lib/python3.12/site-packages/airflow/example_dags/example_complex.py for tasks to queue
[2025-04-13T18:18:55.749+0000] {logging_mixin.py:190} INFO - [2025-04-13T18:18:55.748+0000] {dagbag.py:588} INFO - Filling up the DagBag from /home/airflow/.local/lib/python3.12/site-packages/airflow/example_dags/example_complex.py
[2025-04-13T18:18:57.772+0000] {processor.py:925} INFO - DAG(s) 'example_complex' retrieved from /home/airflow/.local/lib/python3.12/site-packages/airflow/example_dags/example_complex.py
[2025-04-13T18:19:02.680+0000] {logging_mixin.py:190} INFO - [2025-04-13T18:19:02.679+0000] {dag.py:3239} INFO - Sync 1 DAGs
[2025-04-13T18:19:04.403+0000] {logging_mixin.py:190} INFO - [2025-04-13T18:19:04.403+0000] {dag.py:4180} INFO - Setting next_dagrun for example_complex to None, run_after=None
[2025-04-13T18:19:06.330+0000] {processor.py:208} INFO - Processing /home/airflow/.local/lib/python3.12/site-packages/airflow/example_dags/example_complex.py took 12.367 seconds
[2025-04-13T20:51:50.984+0000] {processor.py:186} INFO - Started process (PID=99) to work on /home/airflow/.local/lib/python3.12/site-packages/airflow/example_dags/example_complex.py
[2025-04-13T20:51:50.990+0000] {processor.py:914} INFO - Processing file /home/airflow/.local/lib/python3.12/site-packages/airflow/example_dags/example_complex.py for tasks to queue
[2025-04-13T20:51:50.994+0000] {logging_mixin.py:190} INFO - [2025-04-13T20:51:50.993+0000] {dagbag.py:588} INFO - Filling up the DagBag from /home/airflow/.local/lib/python3.12/site-packages/airflow/example_dags/example_complex.py
[2025-04-13T20:51:51.025+0000] {processor.py:925} INFO - DAG(s) 'example_complex' retrieved from /home/airflow/.local/lib/python3.12/site-packages/airflow/example_dags/example_complex.py
[2025-04-13T20:51:51.219+0000] {logging_mixin.py:190} INFO - [2025-04-13T20:51:51.218+0000] {dag.py:3239} INFO - Sync 1 DAGs
[2025-04-13T20:51:51.323+0000] {logging_mixin.py:190} INFO - [2025-04-13T20:51:51.323+0000] {dag.py:4180} INFO - Setting next_dagrun for example_complex to None, run_after=None
[2025-04-13T20:51:51.425+0000] {processor.py:208} INFO - Processing /home/airflow/.local/lib/python3.12/site-packages/airflow/example_dags/example_complex.py took 0.451 seconds
[2025-04-13T20:52:21.626+0000] {processor.py:186} INFO - Started process (PID=162) to work on /home/airflow/.local/lib/python3.12/site-packages/airflow/example_dags/example_complex.py
[2025-04-13T20:52:21.627+0000] {processor.py:914} INFO - Processing file /home/airflow/.local/lib/python3.12/site-packages/airflow/example_dags/example_complex.py for tasks to queue
[2025-04-13T20:52:21.631+0000] {logging_mixin.py:190} INFO - [2025-04-13T20:52:21.631+0000] {dagbag.py:588} INFO - Filling up the DagBag from /home/airflow/.local/lib/python3.12/site-packages/airflow/example_dags/example_complex.py
[2025-04-13T20:52:21.652+0000] {processor.py:925} INFO - DAG(s) 'example_complex' retrieved from /home/airflow/.local/lib/python3.12/site-packages/airflow/example_dags/example_complex.py
[2025-04-13T20:52:21.714+0000] {logging_mixin.py:190} INFO - [2025-04-13T20:52:21.712+0000] {dag.py:3239} INFO - Sync 1 DAGs
[2025-04-13T20:52:21.738+0000] {logging_mixin.py:190} INFO - [2025-04-13T20:52:21.737+0000] {dag.py:4180} INFO - Setting next_dagrun for example_complex to None, run_after=None
[2025-04-13T20:52:21.767+0000] {processor.py:208} INFO - Processing /home/airflow/.local/lib/python3.12/site-packages/airflow/example_dags/example_complex.py took 0.149 seconds
[2025-04-13T20:53:05.364+0000] {processor.py:186} INFO - Started process (PID=226) to work on /home/airflow/.local/lib/python3.12/site-packages/airflow/example_dags/example_complex.py
[2025-04-13T20:53:05.369+0000] {processor.py:914} INFO - Processing file /home/airflow/.local/lib/python3.12/site-packages/airflow/example_dags/example_complex.py for tasks to queue
[2025-04-13T20:53:05.391+0000] {logging_mixin.py:190} INFO - [2025-04-13T20:53:05.386+0000] {dagbag.py:588} INFO - Filling up the DagBag from /home/airflow/.local/lib/python3.12/site-packages/airflow/example_dags/example_complex.py
[2025-04-13T20:53:05.490+0000] {processor.py:925} INFO - DAG(s) 'example_complex' retrieved from /home/airflow/.local/lib/python3.12/site-packages/airflow/example_dags/example_complex.py
[2025-04-13T20:53:05.693+0000] {logging_mixin.py:190} INFO - [2025-04-13T20:53:05.692+0000] {dag.py:3239} INFO - Sync 1 DAGs
[2025-04-13T20:53:05.776+0000] {logging_mixin.py:190} INFO - [2025-04-13T20:53:05.775+0000] {dag.py:4180} INFO - Setting next_dagrun for example_complex to None, run_after=None
[2025-04-13T20:53:05.823+0000] {processor.py:208} INFO - Processing /home/airflow/.local/lib/python3.12/site-packages/airflow/example_dags/example_complex.py took 0.480 seconds
[2025-04-13T20:53:36.931+0000] {processor.py:186} INFO - Started process (PID=289) to work on /home/airflow/.local/lib/python3.12/site-packages/airflow/example_dags/example_complex.py
[2025-04-13T20:53:36.935+0000] {processor.py:914} INFO - Processing file /home/airflow/.local/lib/python3.12/site-packages/airflow/example_dags/example_complex.py for tasks to queue
[2025-04-13T20:53:36.974+0000] {logging_mixin.py:190} INFO - [2025-04-13T20:53:36.973+0000] {dagbag.py:588} INFO - Filling up the DagBag from /home/airflow/.local/lib/python3.12/site-packages/airflow/example_dags/example_complex.py
[2025-04-13T20:53:37.061+0000] {processor.py:925} INFO - DAG(s) 'example_complex' retrieved from /home/airflow/.local/lib/python3.12/site-packages/airflow/example_dags/example_complex.py
[2025-04-13T20:53:37.173+0000] {logging_mixin.py:190} INFO - [2025-04-13T20:53:37.172+0000] {dag.py:3239} INFO - Sync 1 DAGs
[2025-04-13T20:53:37.232+0000] {logging_mixin.py:190} INFO - [2025-04-13T20:53:37.232+0000] {dag.py:4180} INFO - Setting next_dagrun for example_complex to None, run_after=None
[2025-04-13T20:53:37.330+0000] {processor.py:208} INFO - Processing /home/airflow/.local/lib/python3.12/site-packages/airflow/example_dags/example_complex.py took 0.410 seconds
[2025-04-13T20:54:08.052+0000] {processor.py:186} INFO - Started process (PID=354) to work on /home/airflow/.local/lib/python3.12/site-packages/airflow/example_dags/example_complex.py
[2025-04-13T20:54:08.054+0000] {processor.py:914} INFO - Processing file /home/airflow/.local/lib/python3.12/site-packages/airflow/example_dags/example_complex.py for tasks to queue
[2025-04-13T20:54:08.073+0000] {logging_mixin.py:190} INFO - [2025-04-13T20:54:08.072+0000] {dagbag.py:588} INFO - Filling up the DagBag from /home/airflow/.local/lib/python3.12/site-packages/airflow/example_dags/example_complex.py
[2025-04-13T20:54:08.176+0000] {processor.py:925} INFO - DAG(s) 'example_complex' retrieved from /home/airflow/.local/lib/python3.12/site-packages/airflow/example_dags/example_complex.py
[2025-04-13T20:54:08.328+0000] {logging_mixin.py:190} INFO - [2025-04-13T20:54:08.328+0000] {dag.py:3239} INFO - Sync 1 DAGs
[2025-04-13T20:54:08.394+0000] {logging_mixin.py:190} INFO - [2025-04-13T20:54:08.393+0000] {dag.py:4180} INFO - Setting next_dagrun for example_complex to None, run_after=None
[2025-04-13T20:54:08.602+0000] {processor.py:208} INFO - Processing /home/airflow/.local/lib/python3.12/site-packages/airflow/example_dags/example_complex.py took 0.566 seconds
[2025-04-13T20:54:41.466+0000] {processor.py:186} INFO - Started process (PID=418) to work on /home/airflow/.local/lib/python3.12/site-packages/airflow/example_dags/example_complex.py
[2025-04-13T20:54:41.469+0000] {processor.py:914} INFO - Processing file /home/airflow/.local/lib/python3.12/site-packages/airflow/example_dags/example_complex.py for tasks to queue
[2025-04-13T20:54:41.473+0000] {logging_mixin.py:190} INFO - [2025-04-13T20:54:41.473+0000] {dagbag.py:588} INFO - Filling up the DagBag from /home/airflow/.local/lib/python3.12/site-packages/airflow/example_dags/example_complex.py
[2025-04-13T20:54:41.497+0000] {processor.py:925} INFO - DAG(s) 'example_complex' retrieved from /home/airflow/.local/lib/python3.12/site-packages/airflow/example_dags/example_complex.py
[2025-04-13T20:54:41.739+0000] {logging_mixin.py:190} INFO - [2025-04-13T20:54:41.739+0000] {dag.py:3239} INFO - Sync 1 DAGs
[2025-04-13T20:54:41.788+0000] {logging_mixin.py:190} INFO - [2025-04-13T20:54:41.788+0000] {dag.py:4180} INFO - Setting next_dagrun for example_complex to None, run_after=None
[2025-04-13T20:54:41.884+0000] {processor.py:208} INFO - Processing /home/airflow/.local/lib/python3.12/site-packages/airflow/example_dags/example_complex.py took 0.428 seconds
[2025-04-13T20:55:14.619+0000] {processor.py:186} INFO - Started process (PID=481) to work on /home/airflow/.local/lib/python3.12/site-packages/airflow/example_dags/example_complex.py
[2025-04-13T20:55:14.621+0000] {processor.py:914} INFO - Processing file /home/airflow/.local/lib/python3.12/site-packages/airflow/example_dags/example_complex.py for tasks to queue
[2025-04-13T20:55:14.652+0000] {logging_mixin.py:190} INFO - [2025-04-13T20:55:14.651+0000] {dagbag.py:588} INFO - Filling up the DagBag from /home/airflow/.local/lib/python3.12/site-packages/airflow/example_dags/example_complex.py
[2025-04-13T20:55:14.743+0000] {processor.py:925} INFO - DAG(s) 'example_complex' retrieved from /home/airflow/.local/lib/python3.12/site-packages/airflow/example_dags/example_complex.py
[2025-04-13T20:55:14.900+0000] {logging_mixin.py:190} INFO - [2025-04-13T20:55:14.899+0000] {dag.py:3239} INFO - Sync 1 DAGs
[2025-04-13T20:55:14.940+0000] {logging_mixin.py:190} INFO - [2025-04-13T20:55:14.940+0000] {dag.py:4180} INFO - Setting next_dagrun for example_complex to None, run_after=None
[2025-04-13T20:55:14.993+0000] {processor.py:208} INFO - Processing /home/airflow/.local/lib/python3.12/site-packages/airflow/example_dags/example_complex.py took 0.391 seconds
[2025-04-13T20:55:46.012+0000] {processor.py:186} INFO - Started process (PID=545) to work on /home/airflow/.local/lib/python3.12/site-packages/airflow/example_dags/example_complex.py
[2025-04-13T20:55:46.013+0000] {processor.py:914} INFO - Processing file /home/airflow/.local/lib/python3.12/site-packages/airflow/example_dags/example_complex.py for tasks to queue
[2025-04-13T20:55:46.017+0000] {logging_mixin.py:190} INFO - [2025-04-13T20:55:46.016+0000] {dagbag.py:588} INFO - Filling up the DagBag from /home/airflow/.local/lib/python3.12/site-packages/airflow/example_dags/example_complex.py
[2025-04-13T20:55:46.045+0000] {processor.py:925} INFO - DAG(s) 'example_complex' retrieved from /home/airflow/.local/lib/python3.12/site-packages/airflow/example_dags/example_complex.py
[2025-04-13T20:55:46.117+0000] {logging_mixin.py:190} INFO - [2025-04-13T20:55:46.117+0000] {dag.py:3239} INFO - Sync 1 DAGs
[2025-04-13T20:55:46.176+0000] {logging_mixin.py:190} INFO - [2025-04-13T20:55:46.175+0000] {dag.py:4180} INFO - Setting next_dagrun for example_complex to None, run_after=None
[2025-04-13T20:55:46.363+0000] {processor.py:208} INFO - Processing /home/airflow/.local/lib/python3.12/site-packages/airflow/example_dags/example_complex.py took 0.362 seconds
[2025-04-13T20:56:17.068+0000] {processor.py:186} INFO - Started process (PID=608) to work on /home/airflow/.local/lib/python3.12/site-packages/airflow/example_dags/example_complex.py
[2025-04-13T20:56:17.069+0000] {processor.py:914} INFO - Processing file /home/airflow/.local/lib/python3.12/site-packages/airflow/example_dags/example_complex.py for tasks to queue
[2025-04-13T20:56:17.073+0000] {logging_mixin.py:190} INFO - [2025-04-13T20:56:17.073+0000] {dagbag.py:588} INFO - Filling up the DagBag from /home/airflow/.local/lib/python3.12/site-packages/airflow/example_dags/example_complex.py
[2025-04-13T20:56:17.095+0000] {processor.py:925} INFO - DAG(s) 'example_complex' retrieved from /home/airflow/.local/lib/python3.12/site-packages/airflow/example_dags/example_complex.py
[2025-04-13T20:56:17.176+0000] {logging_mixin.py:190} INFO - [2025-04-13T20:56:17.175+0000] {dag.py:3239} INFO - Sync 1 DAGs
[2025-04-13T20:56:17.207+0000] {logging_mixin.py:190} INFO - [2025-04-13T20:56:17.207+0000] {dag.py:4180} INFO - Setting next_dagrun for example_complex to None, run_after=None
[2025-04-13T20:56:17.235+0000] {processor.py:208} INFO - Processing /home/airflow/.local/lib/python3.12/site-packages/airflow/example_dags/example_complex.py took 0.176 seconds
[2025-04-13T20:56:47.359+0000] {processor.py:186} INFO - Started process (PID=671) to work on /home/airflow/.local/lib/python3.12/site-packages/airflow/example_dags/example_complex.py
[2025-04-13T20:56:47.375+0000] {processor.py:914} INFO - Processing file /home/airflow/.local/lib/python3.12/site-packages/airflow/example_dags/example_complex.py for tasks to queue
[2025-04-13T20:56:47.424+0000] {logging_mixin.py:190} INFO - [2025-04-13T20:56:47.417+0000] {dagbag.py:588} INFO - Filling up the DagBag from /home/airflow/.local/lib/python3.12/site-packages/airflow/example_dags/example_complex.py
[2025-04-13T20:56:47.495+0000] {processor.py:925} INFO - DAG(s) 'example_complex' retrieved from /home/airflow/.local/lib/python3.12/site-packages/airflow/example_dags/example_complex.py
[2025-04-13T20:56:47.702+0000] {logging_mixin.py:190} INFO - [2025-04-13T20:56:47.702+0000] {dag.py:3239} INFO - Sync 1 DAGs
[2025-04-13T20:56:47.751+0000] {logging_mixin.py:190} INFO - [2025-04-13T20:56:47.750+0000] {dag.py:4180} INFO - Setting next_dagrun for example_complex to None, run_after=None
[2025-04-13T20:56:47.837+0000] {processor.py:208} INFO - Processing /home/airflow/.local/lib/python3.12/site-packages/airflow/example_dags/example_complex.py took 0.503 seconds
[2025-04-13T20:57:17.965+0000] {processor.py:186} INFO - Started process (PID=734) to work on /home/airflow/.local/lib/python3.12/site-packages/airflow/example_dags/example_complex.py
[2025-04-13T20:57:17.972+0000] {processor.py:914} INFO - Processing file /home/airflow/.local/lib/python3.12/site-packages/airflow/example_dags/example_complex.py for tasks to queue
[2025-04-13T20:57:18.016+0000] {logging_mixin.py:190} INFO - [2025-04-13T20:57:18.008+0000] {dagbag.py:588} INFO - Filling up the DagBag from /home/airflow/.local/lib/python3.12/site-packages/airflow/example_dags/example_complex.py
[2025-04-13T20:57:18.080+0000] {processor.py:925} INFO - DAG(s) 'example_complex' retrieved from /home/airflow/.local/lib/python3.12/site-packages/airflow/example_dags/example_complex.py
[2025-04-13T20:57:18.214+0000] {logging_mixin.py:190} INFO - [2025-04-13T20:57:18.214+0000] {dag.py:3239} INFO - Sync 1 DAGs
[2025-04-13T20:57:18.255+0000] {logging_mixin.py:190} INFO - [2025-04-13T20:57:18.255+0000] {dag.py:4180} INFO - Setting next_dagrun for example_complex to None, run_after=None
[2025-04-13T20:57:18.331+0000] {processor.py:208} INFO - Processing /home/airflow/.local/lib/python3.12/site-packages/airflow/example_dags/example_complex.py took 0.404 seconds
[2025-04-13T20:57:48.511+0000] {processor.py:186} INFO - Started process (PID=799) to work on /home/airflow/.local/lib/python3.12/site-packages/airflow/example_dags/example_complex.py
[2025-04-13T20:57:48.526+0000] {processor.py:914} INFO - Processing file /home/airflow/.local/lib/python3.12/site-packages/airflow/example_dags/example_complex.py for tasks to queue
[2025-04-13T20:57:48.543+0000] {logging_mixin.py:190} INFO - [2025-04-13T20:57:48.542+0000] {dagbag.py:588} INFO - Filling up the DagBag from /home/airflow/.local/lib/python3.12/site-packages/airflow/example_dags/example_complex.py
[2025-04-13T20:57:48.588+0000] {processor.py:925} INFO - DAG(s) 'example_complex' retrieved from /home/airflow/.local/lib/python3.12/site-packages/airflow/example_dags/example_complex.py
[2025-04-13T20:57:48.812+0000] {logging_mixin.py:190} INFO - [2025-04-13T20:57:48.811+0000] {dag.py:3239} INFO - Sync 1 DAGs
[2025-04-13T20:57:48.844+0000] {logging_mixin.py:190} INFO - [2025-04-13T20:57:48.844+0000] {dag.py:4180} INFO - Setting next_dagrun for example_complex to None, run_after=None
[2025-04-13T20:57:48.895+0000] {processor.py:208} INFO - Processing /home/airflow/.local/lib/python3.12/site-packages/airflow/example_dags/example_complex.py took 0.406 seconds
[2025-04-13T20:58:19.824+0000] {processor.py:186} INFO - Started process (PID=863) to work on /home/airflow/.local/lib/python3.12/site-packages/airflow/example_dags/example_complex.py
[2025-04-13T20:58:19.826+0000] {processor.py:914} INFO - Processing file /home/airflow/.local/lib/python3.12/site-packages/airflow/example_dags/example_complex.py for tasks to queue
[2025-04-13T20:58:19.829+0000] {logging_mixin.py:190} INFO - [2025-04-13T20:58:19.829+0000] {dagbag.py:588} INFO - Filling up the DagBag from /home/airflow/.local/lib/python3.12/site-packages/airflow/example_dags/example_complex.py
[2025-04-13T20:58:19.864+0000] {processor.py:925} INFO - DAG(s) 'example_complex' retrieved from /home/airflow/.local/lib/python3.12/site-packages/airflow/example_dags/example_complex.py
[2025-04-13T20:58:19.944+0000] {logging_mixin.py:190} INFO - [2025-04-13T20:58:19.941+0000] {dag.py:3239} INFO - Sync 1 DAGs
[2025-04-13T20:58:20.000+0000] {logging_mixin.py:190} INFO - [2025-04-13T20:58:19.999+0000] {dag.py:4180} INFO - Setting next_dagrun for example_complex to None, run_after=None
[2025-04-13T20:58:20.040+0000] {processor.py:208} INFO - Processing /home/airflow/.local/lib/python3.12/site-packages/airflow/example_dags/example_complex.py took 0.226 seconds
[2025-04-13T20:58:50.579+0000] {processor.py:186} INFO - Started process (PID=926) to work on /home/airflow/.local/lib/python3.12/site-packages/airflow/example_dags/example_complex.py
[2025-04-13T20:58:50.582+0000] {processor.py:914} INFO - Processing file /home/airflow/.local/lib/python3.12/site-packages/airflow/example_dags/example_complex.py for tasks to queue
[2025-04-13T20:58:50.586+0000] {logging_mixin.py:190} INFO - [2025-04-13T20:58:50.585+0000] {dagbag.py:588} INFO - Filling up the DagBag from /home/airflow/.local/lib/python3.12/site-packages/airflow/example_dags/example_complex.py
[2025-04-13T20:58:50.632+0000] {processor.py:925} INFO - DAG(s) 'example_complex' retrieved from /home/airflow/.local/lib/python3.12/site-packages/airflow/example_dags/example_complex.py
[2025-04-13T20:58:50.740+0000] {logging_mixin.py:190} INFO - [2025-04-13T20:58:50.740+0000] {dag.py:3239} INFO - Sync 1 DAGs
[2025-04-13T20:58:50.795+0000] {logging_mixin.py:190} INFO - [2025-04-13T20:58:50.794+0000] {dag.py:4180} INFO - Setting next_dagrun for example_complex to None, run_after=None
[2025-04-13T20:58:50.885+0000] {processor.py:208} INFO - Processing /home/airflow/.local/lib/python3.12/site-packages/airflow/example_dags/example_complex.py took 0.346 seconds
[2025-04-13T20:59:21.770+0000] {processor.py:186} INFO - Started process (PID=995) to work on /home/airflow/.local/lib/python3.12/site-packages/airflow/example_dags/example_complex.py
[2025-04-13T20:59:21.774+0000] {processor.py:914} INFO - Processing file /home/airflow/.local/lib/python3.12/site-packages/airflow/example_dags/example_complex.py for tasks to queue
[2025-04-13T20:59:21.784+0000] {logging_mixin.py:190} INFO - [2025-04-13T20:59:21.781+0000] {dagbag.py:588} INFO - Filling up the DagBag from /home/airflow/.local/lib/python3.12/site-packages/airflow/example_dags/example_complex.py
[2025-04-13T20:59:21.824+0000] {processor.py:925} INFO - DAG(s) 'example_complex' retrieved from /home/airflow/.local/lib/python3.12/site-packages/airflow/example_dags/example_complex.py
[2025-04-13T20:59:21.901+0000] {logging_mixin.py:190} INFO - [2025-04-13T20:59:21.900+0000] {dag.py:3239} INFO - Sync 1 DAGs
[2025-04-13T20:59:21.937+0000] {logging_mixin.py:190} INFO - [2025-04-13T20:59:21.936+0000] {dag.py:4180} INFO - Setting next_dagrun for example_complex to None, run_after=None
[2025-04-13T20:59:22.006+0000] {processor.py:208} INFO - Processing /home/airflow/.local/lib/python3.12/site-packages/airflow/example_dags/example_complex.py took 0.249 seconds
[2025-04-13T20:59:53.734+0000] {processor.py:186} INFO - Started process (PID=1060) to work on /home/airflow/.local/lib/python3.12/site-packages/airflow/example_dags/example_complex.py
[2025-04-13T20:59:53.737+0000] {processor.py:914} INFO - Processing file /home/airflow/.local/lib/python3.12/site-packages/airflow/example_dags/example_complex.py for tasks to queue
[2025-04-13T20:59:53.742+0000] {logging_mixin.py:190} INFO - [2025-04-13T20:59:53.741+0000] {dagbag.py:588} INFO - Filling up the DagBag from /home/airflow/.local/lib/python3.12/site-packages/airflow/example_dags/example_complex.py
[2025-04-13T20:59:53.770+0000] {processor.py:925} INFO - DAG(s) 'example_complex' retrieved from /home/airflow/.local/lib/python3.12/site-packages/airflow/example_dags/example_complex.py
[2025-04-13T20:59:53.869+0000] {logging_mixin.py:190} INFO - [2025-04-13T20:59:53.869+0000] {dag.py:3239} INFO - Sync 1 DAGs
[2025-04-13T20:59:53.926+0000] {logging_mixin.py:190} INFO - [2025-04-13T20:59:53.926+0000] {dag.py:4180} INFO - Setting next_dagrun for example_complex to None, run_after=None
[2025-04-13T20:59:54.496+0000] {processor.py:208} INFO - Processing /home/airflow/.local/lib/python3.12/site-packages/airflow/example_dags/example_complex.py took 0.771 seconds
[2025-04-13T21:00:25.978+0000] {processor.py:186} INFO - Started process (PID=1123) to work on /home/airflow/.local/lib/python3.12/site-packages/airflow/example_dags/example_complex.py
[2025-04-13T21:00:25.980+0000] {processor.py:914} INFO - Processing file /home/airflow/.local/lib/python3.12/site-packages/airflow/example_dags/example_complex.py for tasks to queue
[2025-04-13T21:00:25.984+0000] {logging_mixin.py:190} INFO - [2025-04-13T21:00:25.984+0000] {dagbag.py:588} INFO - Filling up the DagBag from /home/airflow/.local/lib/python3.12/site-packages/airflow/example_dags/example_complex.py
[2025-04-13T21:00:26.023+0000] {processor.py:925} INFO - DAG(s) 'example_complex' retrieved from /home/airflow/.local/lib/python3.12/site-packages/airflow/example_dags/example_complex.py
[2025-04-13T21:00:26.118+0000] {logging_mixin.py:190} INFO - [2025-04-13T21:00:26.118+0000] {dag.py:3239} INFO - Sync 1 DAGs
[2025-04-13T21:00:26.155+0000] {logging_mixin.py:190} INFO - [2025-04-13T21:00:26.155+0000] {dag.py:4180} INFO - Setting next_dagrun for example_complex to None, run_after=None
[2025-04-13T21:00:26.212+0000] {processor.py:208} INFO - Processing /home/airflow/.local/lib/python3.12/site-packages/airflow/example_dags/example_complex.py took 0.249 seconds
[2025-04-13T21:00:58.197+0000] {processor.py:186} INFO - Started process (PID=1186) to work on /home/airflow/.local/lib/python3.12/site-packages/airflow/example_dags/example_complex.py
[2025-04-13T21:00:58.200+0000] {processor.py:914} INFO - Processing file /home/airflow/.local/lib/python3.12/site-packages/airflow/example_dags/example_complex.py for tasks to queue
[2025-04-13T21:00:58.206+0000] {logging_mixin.py:190} INFO - [2025-04-13T21:00:58.205+0000] {dagbag.py:588} INFO - Filling up the DagBag from /home/airflow/.local/lib/python3.12/site-packages/airflow/example_dags/example_complex.py
[2025-04-13T21:00:58.255+0000] {processor.py:925} INFO - DAG(s) 'example_complex' retrieved from /home/airflow/.local/lib/python3.12/site-packages/airflow/example_dags/example_complex.py
[2025-04-13T21:00:58.351+0000] {logging_mixin.py:190} INFO - [2025-04-13T21:00:58.351+0000] {dag.py:3239} INFO - Sync 1 DAGs
[2025-04-13T21:00:58.393+0000] {logging_mixin.py:190} INFO - [2025-04-13T21:00:58.393+0000] {dag.py:4180} INFO - Setting next_dagrun for example_complex to None, run_after=None
[2025-04-13T21:00:58.445+0000] {processor.py:208} INFO - Processing /home/airflow/.local/lib/python3.12/site-packages/airflow/example_dags/example_complex.py took 0.260 seconds
[2025-04-13T21:27:10.311+0000] {processor.py:186} INFO - Started process (PID=178) to work on /home/airflow/.local/lib/python3.12/site-packages/airflow/example_dags/example_complex.py
[2025-04-13T21:27:10.348+0000] {processor.py:914} INFO - Processing file /home/airflow/.local/lib/python3.12/site-packages/airflow/example_dags/example_complex.py for tasks to queue
[2025-04-13T21:27:12.224+0000] {logging_mixin.py:190} INFO - [2025-04-13T21:27:11.416+0000] {dagbag.py:588} INFO - Filling up the DagBag from /home/airflow/.local/lib/python3.12/site-packages/airflow/example_dags/example_complex.py
[2025-04-13T21:27:15.264+0000] {processor.py:925} INFO - DAG(s) 'example_complex' retrieved from /home/airflow/.local/lib/python3.12/site-packages/airflow/example_dags/example_complex.py
[2025-04-13T21:27:17.709+0000] {logging_mixin.py:190} INFO - [2025-04-13T21:27:17.705+0000] {dag.py:3239} INFO - Sync 1 DAGs
[2025-04-13T21:27:18.219+0000] {logging_mixin.py:190} INFO - [2025-04-13T21:27:18.218+0000] {dag.py:4180} INFO - Setting next_dagrun for example_complex to None, run_after=None
[2025-04-13T21:27:18.560+0000] {processor.py:208} INFO - Processing /home/airflow/.local/lib/python3.12/site-packages/airflow/example_dags/example_complex.py took 8.647 seconds
[2025-04-13T21:32:10.054+0000] {processor.py:186} INFO - Started process (PID=288) to work on /home/airflow/.local/lib/python3.12/site-packages/airflow/example_dags/example_complex.py
[2025-04-13T21:32:10.236+0000] {processor.py:914} INFO - Processing file /home/airflow/.local/lib/python3.12/site-packages/airflow/example_dags/example_complex.py for tasks to queue
[2025-04-13T21:32:10.253+0000] {logging_mixin.py:190} INFO - [2025-04-13T21:32:10.252+0000] {dagbag.py:588} INFO - Filling up the DagBag from /home/airflow/.local/lib/python3.12/site-packages/airflow/example_dags/example_complex.py
[2025-04-13T21:32:10.873+0000] {processor.py:925} INFO - DAG(s) 'example_complex' retrieved from /home/airflow/.local/lib/python3.12/site-packages/airflow/example_dags/example_complex.py
[2025-04-13T21:32:12.950+0000] {logging_mixin.py:190} INFO - [2025-04-13T21:32:12.950+0000] {dag.py:3239} INFO - Sync 1 DAGs
[2025-04-13T21:32:13.486+0000] {logging_mixin.py:190} INFO - [2025-04-13T21:32:13.486+0000] {dag.py:4180} INFO - Setting next_dagrun for example_complex to None, run_after=None
[2025-04-13T21:32:14.874+0000] {processor.py:208} INFO - Processing /home/airflow/.local/lib/python3.12/site-packages/airflow/example_dags/example_complex.py took 4.999 seconds
[2025-04-13T21:35:57.546+0000] {processor.py:186} INFO - Started process (PID=375) to work on /home/airflow/.local/lib/python3.12/site-packages/airflow/example_dags/example_complex.py
[2025-04-13T21:35:57.595+0000] {processor.py:914} INFO - Processing file /home/airflow/.local/lib/python3.12/site-packages/airflow/example_dags/example_complex.py for tasks to queue
[2025-04-13T21:35:57.637+0000] {logging_mixin.py:190} INFO - [2025-04-13T21:35:57.636+0000] {dagbag.py:588} INFO - Filling up the DagBag from /home/airflow/.local/lib/python3.12/site-packages/airflow/example_dags/example_complex.py
[2025-04-13T21:35:58.230+0000] {processor.py:925} INFO - DAG(s) 'example_complex' retrieved from /home/airflow/.local/lib/python3.12/site-packages/airflow/example_dags/example_complex.py
[2025-04-13T21:35:59.646+0000] {logging_mixin.py:190} INFO - [2025-04-13T21:35:59.646+0000] {dag.py:3239} INFO - Sync 1 DAGs
[2025-04-13T21:36:00.372+0000] {logging_mixin.py:190} INFO - [2025-04-13T21:36:00.284+0000] {dag.py:4180} INFO - Setting next_dagrun for example_complex to None, run_after=None
[2025-04-13T21:36:01.237+0000] {processor.py:208} INFO - Processing /home/airflow/.local/lib/python3.12/site-packages/airflow/example_dags/example_complex.py took 3.982 seconds
[2025-04-13T21:51:59.234+0000] {processor.py:186} INFO - Started process (PID=157) to work on /home/airflow/.local/lib/python3.12/site-packages/airflow/example_dags/example_complex.py
[2025-04-13T21:51:59.310+0000] {processor.py:914} INFO - Processing file /home/airflow/.local/lib/python3.12/site-packages/airflow/example_dags/example_complex.py for tasks to queue
[2025-04-13T21:51:59.451+0000] {logging_mixin.py:190} INFO - [2025-04-13T21:51:59.450+0000] {dagbag.py:588} INFO - Filling up the DagBag from /home/airflow/.local/lib/python3.12/site-packages/airflow/example_dags/example_complex.py
[2025-04-13T21:51:59.906+0000] {processor.py:925} INFO - DAG(s) 'example_complex' retrieved from /home/airflow/.local/lib/python3.12/site-packages/airflow/example_dags/example_complex.py
[2025-04-13T21:52:02.238+0000] {logging_mixin.py:190} INFO - [2025-04-13T21:52:02.237+0000] {dag.py:3239} INFO - Sync 1 DAGs
[2025-04-13T21:52:03.196+0000] {logging_mixin.py:190} INFO - [2025-04-13T21:52:03.195+0000] {dag.py:4180} INFO - Setting next_dagrun for example_complex to None, run_after=None
[2025-04-13T21:52:04.586+0000] {processor.py:208} INFO - Processing /home/airflow/.local/lib/python3.12/site-packages/airflow/example_dags/example_complex.py took 5.549 seconds
[2025-04-13T22:31:43.781+0000] {processor.py:186} INFO - Started process (PID=109) to work on /home/airflow/.local/lib/python3.12/site-packages/airflow/example_dags/example_complex.py
[2025-04-13T22:31:43.797+0000] {processor.py:914} INFO - Processing file /home/airflow/.local/lib/python3.12/site-packages/airflow/example_dags/example_complex.py for tasks to queue
[2025-04-13T22:31:43.807+0000] {logging_mixin.py:190} INFO - [2025-04-13T22:31:43.806+0000] {dagbag.py:588} INFO - Filling up the DagBag from /home/airflow/.local/lib/python3.12/site-packages/airflow/example_dags/example_complex.py
[2025-04-13T22:31:43.921+0000] {processor.py:925} INFO - DAG(s) 'example_complex' retrieved from /home/airflow/.local/lib/python3.12/site-packages/airflow/example_dags/example_complex.py
[2025-04-13T22:31:44.425+0000] {logging_mixin.py:190} INFO - [2025-04-13T22:31:44.424+0000] {dag.py:3239} INFO - Sync 1 DAGs
[2025-04-13T22:31:44.751+0000] {logging_mixin.py:190} INFO - [2025-04-13T22:31:44.751+0000] {dag.py:4180} INFO - Setting next_dagrun for example_complex to None, run_after=None
[2025-04-13T22:31:44.965+0000] {processor.py:208} INFO - Processing /home/airflow/.local/lib/python3.12/site-packages/airflow/example_dags/example_complex.py took 1.271 seconds
[2025-04-13T22:32:32.447+0000] {processor.py:186} INFO - Started process (PID=179) to work on /home/airflow/.local/lib/python3.12/site-packages/airflow/example_dags/example_complex.py
[2025-04-13T22:32:32.458+0000] {processor.py:914} INFO - Processing file /home/airflow/.local/lib/python3.12/site-packages/airflow/example_dags/example_complex.py for tasks to queue
[2025-04-13T22:32:32.476+0000] {logging_mixin.py:190} INFO - [2025-04-13T22:32:32.475+0000] {dagbag.py:588} INFO - Filling up the DagBag from /home/airflow/.local/lib/python3.12/site-packages/airflow/example_dags/example_complex.py
[2025-04-13T22:32:32.668+0000] {processor.py:925} INFO - DAG(s) 'example_complex' retrieved from /home/airflow/.local/lib/python3.12/site-packages/airflow/example_dags/example_complex.py
[2025-04-13T22:32:32.874+0000] {logging_mixin.py:190} INFO - [2025-04-13T22:32:32.873+0000] {dag.py:3239} INFO - Sync 1 DAGs
[2025-04-13T22:32:32.918+0000] {logging_mixin.py:190} INFO - [2025-04-13T22:32:32.917+0000] {dag.py:4180} INFO - Setting next_dagrun for example_complex to None, run_after=None
[2025-04-13T22:32:33.026+0000] {processor.py:208} INFO - Processing /home/airflow/.local/lib/python3.12/site-packages/airflow/example_dags/example_complex.py took 0.630 seconds
[2025-04-13T22:33:07.995+0000] {processor.py:186} INFO - Started process (PID=243) to work on /home/airflow/.local/lib/python3.12/site-packages/airflow/example_dags/example_complex.py
[2025-04-13T22:33:07.997+0000] {processor.py:914} INFO - Processing file /home/airflow/.local/lib/python3.12/site-packages/airflow/example_dags/example_complex.py for tasks to queue
[2025-04-13T22:33:08.004+0000] {logging_mixin.py:190} INFO - [2025-04-13T22:33:08.003+0000] {dagbag.py:588} INFO - Filling up the DagBag from /home/airflow/.local/lib/python3.12/site-packages/airflow/example_dags/example_complex.py
[2025-04-13T22:33:08.055+0000] {processor.py:925} INFO - DAG(s) 'example_complex' retrieved from /home/airflow/.local/lib/python3.12/site-packages/airflow/example_dags/example_complex.py
[2025-04-13T22:33:08.209+0000] {logging_mixin.py:190} INFO - [2025-04-13T22:33:08.209+0000] {dag.py:3239} INFO - Sync 1 DAGs
[2025-04-13T22:33:08.292+0000] {logging_mixin.py:190} INFO - [2025-04-13T22:33:08.291+0000] {dag.py:4180} INFO - Setting next_dagrun for example_complex to None, run_after=None
[2025-04-13T22:33:08.447+0000] {processor.py:208} INFO - Processing /home/airflow/.local/lib/python3.12/site-packages/airflow/example_dags/example_complex.py took 0.483 seconds
[2025-04-13T22:33:39.224+0000] {processor.py:186} INFO - Started process (PID=306) to work on /home/airflow/.local/lib/python3.12/site-packages/airflow/example_dags/example_complex.py
[2025-04-13T22:33:39.241+0000] {processor.py:914} INFO - Processing file /home/airflow/.local/lib/python3.12/site-packages/airflow/example_dags/example_complex.py for tasks to queue
[2025-04-13T22:33:39.252+0000] {logging_mixin.py:190} INFO - [2025-04-13T22:33:39.246+0000] {dagbag.py:588} INFO - Filling up the DagBag from /home/airflow/.local/lib/python3.12/site-packages/airflow/example_dags/example_complex.py
[2025-04-13T22:33:39.342+0000] {processor.py:925} INFO - DAG(s) 'example_complex' retrieved from /home/airflow/.local/lib/python3.12/site-packages/airflow/example_dags/example_complex.py
[2025-04-13T22:33:39.627+0000] {logging_mixin.py:190} INFO - [2025-04-13T22:33:39.627+0000] {dag.py:3239} INFO - Sync 1 DAGs
[2025-04-13T22:33:39.749+0000] {logging_mixin.py:190} INFO - [2025-04-13T22:33:39.749+0000] {dag.py:4180} INFO - Setting next_dagrun for example_complex to None, run_after=None
[2025-04-13T22:33:39.867+0000] {processor.py:208} INFO - Processing /home/airflow/.local/lib/python3.12/site-packages/airflow/example_dags/example_complex.py took 0.663 seconds
[2025-04-13T22:34:10.297+0000] {processor.py:186} INFO - Started process (PID=369) to work on /home/airflow/.local/lib/python3.12/site-packages/airflow/example_dags/example_complex.py
[2025-04-13T22:34:10.348+0000] {processor.py:914} INFO - Processing file /home/airflow/.local/lib/python3.12/site-packages/airflow/example_dags/example_complex.py for tasks to queue
[2025-04-13T22:34:10.361+0000] {logging_mixin.py:190} INFO - [2025-04-13T22:34:10.361+0000] {dagbag.py:588} INFO - Filling up the DagBag from /home/airflow/.local/lib/python3.12/site-packages/airflow/example_dags/example_complex.py
[2025-04-13T22:34:10.498+0000] {processor.py:925} INFO - DAG(s) 'example_complex' retrieved from /home/airflow/.local/lib/python3.12/site-packages/airflow/example_dags/example_complex.py
[2025-04-13T22:34:10.754+0000] {logging_mixin.py:190} INFO - [2025-04-13T22:34:10.753+0000] {dag.py:3239} INFO - Sync 1 DAGs
[2025-04-13T22:34:10.801+0000] {logging_mixin.py:190} INFO - [2025-04-13T22:34:10.800+0000] {dag.py:4180} INFO - Setting next_dagrun for example_complex to None, run_after=None
[2025-04-13T22:34:10.898+0000] {processor.py:208} INFO - Processing /home/airflow/.local/lib/python3.12/site-packages/airflow/example_dags/example_complex.py took 0.629 seconds
[2025-04-13T22:34:41.177+0000] {processor.py:186} INFO - Started process (PID=433) to work on /home/airflow/.local/lib/python3.12/site-packages/airflow/example_dags/example_complex.py
[2025-04-13T22:34:41.180+0000] {processor.py:914} INFO - Processing file /home/airflow/.local/lib/python3.12/site-packages/airflow/example_dags/example_complex.py for tasks to queue
[2025-04-13T22:34:41.185+0000] {logging_mixin.py:190} INFO - [2025-04-13T22:34:41.184+0000] {dagbag.py:588} INFO - Filling up the DagBag from /home/airflow/.local/lib/python3.12/site-packages/airflow/example_dags/example_complex.py
[2025-04-13T22:34:41.229+0000] {processor.py:925} INFO - DAG(s) 'example_complex' retrieved from /home/airflow/.local/lib/python3.12/site-packages/airflow/example_dags/example_complex.py
[2025-04-13T22:34:41.335+0000] {logging_mixin.py:190} INFO - [2025-04-13T22:34:41.335+0000] {dag.py:3239} INFO - Sync 1 DAGs
[2025-04-13T22:34:41.385+0000] {logging_mixin.py:190} INFO - [2025-04-13T22:34:41.385+0000] {dag.py:4180} INFO - Setting next_dagrun for example_complex to None, run_after=None
[2025-04-13T22:34:41.461+0000] {processor.py:208} INFO - Processing /home/airflow/.local/lib/python3.12/site-packages/airflow/example_dags/example_complex.py took 0.299 seconds
[2025-04-13T22:35:25.589+0000] {processor.py:186} INFO - Started process (PID=496) to work on /home/airflow/.local/lib/python3.12/site-packages/airflow/example_dags/example_complex.py
[2025-04-13T22:35:25.599+0000] {processor.py:914} INFO - Processing file /home/airflow/.local/lib/python3.12/site-packages/airflow/example_dags/example_complex.py for tasks to queue
[2025-04-13T22:35:25.609+0000] {logging_mixin.py:190} INFO - [2025-04-13T22:35:25.604+0000] {dagbag.py:588} INFO - Filling up the DagBag from /home/airflow/.local/lib/python3.12/site-packages/airflow/example_dags/example_complex.py
[2025-04-13T22:35:25.646+0000] {processor.py:925} INFO - DAG(s) 'example_complex' retrieved from /home/airflow/.local/lib/python3.12/site-packages/airflow/example_dags/example_complex.py
[2025-04-13T22:35:25.980+0000] {logging_mixin.py:190} INFO - [2025-04-13T22:35:25.979+0000] {dag.py:3239} INFO - Sync 1 DAGs
[2025-04-13T22:35:26.169+0000] {logging_mixin.py:190} INFO - [2025-04-13T22:35:26.168+0000] {dag.py:4180} INFO - Setting next_dagrun for example_complex to None, run_after=None
[2025-04-13T22:35:26.353+0000] {processor.py:208} INFO - Processing /home/airflow/.local/lib/python3.12/site-packages/airflow/example_dags/example_complex.py took 0.806 seconds
[2025-04-13T22:36:00.475+0000] {processor.py:186} INFO - Started process (PID=546) to work on /home/airflow/.local/lib/python3.12/site-packages/airflow/example_dags/example_complex.py
[2025-04-13T22:36:00.485+0000] {processor.py:914} INFO - Processing file /home/airflow/.local/lib/python3.12/site-packages/airflow/example_dags/example_complex.py for tasks to queue
[2025-04-13T22:36:00.531+0000] {logging_mixin.py:190} INFO - [2025-04-13T22:36:00.530+0000] {dagbag.py:588} INFO - Filling up the DagBag from /home/airflow/.local/lib/python3.12/site-packages/airflow/example_dags/example_complex.py
[2025-04-13T22:36:00.620+0000] {processor.py:925} INFO - DAG(s) 'example_complex' retrieved from /home/airflow/.local/lib/python3.12/site-packages/airflow/example_dags/example_complex.py
[2025-04-13T22:36:00.855+0000] {logging_mixin.py:190} INFO - [2025-04-13T22:36:00.854+0000] {dag.py:3239} INFO - Sync 1 DAGs
[2025-04-13T22:36:00.954+0000] {logging_mixin.py:190} INFO - [2025-04-13T22:36:00.954+0000] {dag.py:4180} INFO - Setting next_dagrun for example_complex to None, run_after=None
[2025-04-13T22:36:01.106+0000] {processor.py:208} INFO - Processing /home/airflow/.local/lib/python3.12/site-packages/airflow/example_dags/example_complex.py took 0.673 seconds
[2025-04-13T22:36:32.966+0000] {processor.py:186} INFO - Started process (PID=610) to work on /home/airflow/.local/lib/python3.12/site-packages/airflow/example_dags/example_complex.py
[2025-04-13T22:36:32.973+0000] {processor.py:914} INFO - Processing file /home/airflow/.local/lib/python3.12/site-packages/airflow/example_dags/example_complex.py for tasks to queue
[2025-04-13T22:36:33.013+0000] {logging_mixin.py:190} INFO - [2025-04-13T22:36:33.012+0000] {dagbag.py:588} INFO - Filling up the DagBag from /home/airflow/.local/lib/python3.12/site-packages/airflow/example_dags/example_complex.py
[2025-04-13T22:36:33.178+0000] {processor.py:925} INFO - DAG(s) 'example_complex' retrieved from /home/airflow/.local/lib/python3.12/site-packages/airflow/example_dags/example_complex.py
[2025-04-13T22:36:33.555+0000] {logging_mixin.py:190} INFO - [2025-04-13T22:36:33.554+0000] {dag.py:3239} INFO - Sync 1 DAGs
[2025-04-13T22:36:33.656+0000] {logging_mixin.py:190} INFO - [2025-04-13T22:36:33.656+0000] {dag.py:4180} INFO - Setting next_dagrun for example_complex to None, run_after=None
[2025-04-13T22:36:33.889+0000] {processor.py:208} INFO - Processing /home/airflow/.local/lib/python3.12/site-packages/airflow/example_dags/example_complex.py took 0.939 seconds
[2025-04-13T22:37:14.808+0000] {processor.py:186} INFO - Started process (PID=667) to work on /home/airflow/.local/lib/python3.12/site-packages/airflow/example_dags/example_complex.py
[2025-04-13T22:37:14.816+0000] {processor.py:914} INFO - Processing file /home/airflow/.local/lib/python3.12/site-packages/airflow/example_dags/example_complex.py for tasks to queue
[2025-04-13T22:37:14.852+0000] {logging_mixin.py:190} INFO - [2025-04-13T22:37:14.851+0000] {dagbag.py:588} INFO - Filling up the DagBag from /home/airflow/.local/lib/python3.12/site-packages/airflow/example_dags/example_complex.py
[2025-04-13T22:37:14.940+0000] {processor.py:925} INFO - DAG(s) 'example_complex' retrieved from /home/airflow/.local/lib/python3.12/site-packages/airflow/example_dags/example_complex.py
[2025-04-13T22:37:15.158+0000] {logging_mixin.py:190} INFO - [2025-04-13T22:37:15.158+0000] {dag.py:3239} INFO - Sync 1 DAGs
[2025-04-13T22:37:15.274+0000] {logging_mixin.py:190} INFO - [2025-04-13T22:37:15.273+0000] {dag.py:4180} INFO - Setting next_dagrun for example_complex to None, run_after=None
[2025-04-13T22:37:15.920+0000] {processor.py:208} INFO - Processing /home/airflow/.local/lib/python3.12/site-packages/airflow/example_dags/example_complex.py took 1.160 seconds
[2025-04-13T22:37:58.461+0000] {processor.py:186} INFO - Started process (PID=729) to work on /home/airflow/.local/lib/python3.12/site-packages/airflow/example_dags/example_complex.py
[2025-04-13T22:37:58.465+0000] {processor.py:914} INFO - Processing file /home/airflow/.local/lib/python3.12/site-packages/airflow/example_dags/example_complex.py for tasks to queue
[2025-04-13T22:37:58.472+0000] {logging_mixin.py:190} INFO - [2025-04-13T22:37:58.471+0000] {dagbag.py:588} INFO - Filling up the DagBag from /home/airflow/.local/lib/python3.12/site-packages/airflow/example_dags/example_complex.py
[2025-04-13T22:37:58.525+0000] {processor.py:925} INFO - DAG(s) 'example_complex' retrieved from /home/airflow/.local/lib/python3.12/site-packages/airflow/example_dags/example_complex.py
[2025-04-13T22:37:58.822+0000] {logging_mixin.py:190} INFO - [2025-04-13T22:37:58.822+0000] {dag.py:3239} INFO - Sync 1 DAGs
[2025-04-13T22:37:58.861+0000] {logging_mixin.py:190} INFO - [2025-04-13T22:37:58.861+0000] {dag.py:4180} INFO - Setting next_dagrun for example_complex to None, run_after=None
[2025-04-13T22:37:58.942+0000] {processor.py:208} INFO - Processing /home/airflow/.local/lib/python3.12/site-packages/airflow/example_dags/example_complex.py took 0.498 seconds
[2025-04-13T22:38:39.076+0000] {processor.py:186} INFO - Started process (PID=799) to work on /home/airflow/.local/lib/python3.12/site-packages/airflow/example_dags/example_complex.py
[2025-04-13T22:38:39.086+0000] {processor.py:914} INFO - Processing file /home/airflow/.local/lib/python3.12/site-packages/airflow/example_dags/example_complex.py for tasks to queue
[2025-04-13T22:38:39.104+0000] {logging_mixin.py:190} INFO - [2025-04-13T22:38:39.102+0000] {dagbag.py:588} INFO - Filling up the DagBag from /home/airflow/.local/lib/python3.12/site-packages/airflow/example_dags/example_complex.py
[2025-04-13T22:38:39.209+0000] {processor.py:925} INFO - DAG(s) 'example_complex' retrieved from /home/airflow/.local/lib/python3.12/site-packages/airflow/example_dags/example_complex.py
[2025-04-13T22:38:39.410+0000] {logging_mixin.py:190} INFO - [2025-04-13T22:38:39.409+0000] {dag.py:3239} INFO - Sync 1 DAGs
[2025-04-13T22:38:39.472+0000] {logging_mixin.py:190} INFO - [2025-04-13T22:38:39.471+0000] {dag.py:4180} INFO - Setting next_dagrun for example_complex to None, run_after=None
[2025-04-13T22:38:39.598+0000] {processor.py:208} INFO - Processing /home/airflow/.local/lib/python3.12/site-packages/airflow/example_dags/example_complex.py took 0.554 seconds
[2025-04-13T22:39:17.913+0000] {processor.py:186} INFO - Started process (PID=863) to work on /home/airflow/.local/lib/python3.12/site-packages/airflow/example_dags/example_complex.py
[2025-04-13T22:39:17.915+0000] {processor.py:914} INFO - Processing file /home/airflow/.local/lib/python3.12/site-packages/airflow/example_dags/example_complex.py for tasks to queue
[2025-04-13T22:39:17.925+0000] {logging_mixin.py:190} INFO - [2025-04-13T22:39:17.924+0000] {dagbag.py:588} INFO - Filling up the DagBag from /home/airflow/.local/lib/python3.12/site-packages/airflow/example_dags/example_complex.py
[2025-04-13T22:39:17.986+0000] {processor.py:925} INFO - DAG(s) 'example_complex' retrieved from /home/airflow/.local/lib/python3.12/site-packages/airflow/example_dags/example_complex.py
[2025-04-13T22:39:18.205+0000] {logging_mixin.py:190} INFO - [2025-04-13T22:39:18.205+0000] {dag.py:3239} INFO - Sync 1 DAGs
[2025-04-13T22:39:18.284+0000] {logging_mixin.py:190} INFO - [2025-04-13T22:39:18.283+0000] {dag.py:4180} INFO - Setting next_dagrun for example_complex to None, run_after=None
[2025-04-13T22:39:18.426+0000] {processor.py:208} INFO - Processing /home/airflow/.local/lib/python3.12/site-packages/airflow/example_dags/example_complex.py took 0.548 seconds
[2025-04-13T22:40:33.885+0000] {processor.py:186} INFO - Started process (PID=928) to work on /home/airflow/.local/lib/python3.12/site-packages/airflow/example_dags/example_complex.py
[2025-04-13T22:40:33.906+0000] {processor.py:914} INFO - Processing file /home/airflow/.local/lib/python3.12/site-packages/airflow/example_dags/example_complex.py for tasks to queue
[2025-04-13T22:40:33.935+0000] {logging_mixin.py:190} INFO - [2025-04-13T22:40:33.934+0000] {dagbag.py:588} INFO - Filling up the DagBag from /home/airflow/.local/lib/python3.12/site-packages/airflow/example_dags/example_complex.py
[2025-04-13T22:40:34.079+0000] {processor.py:925} INFO - DAG(s) 'example_complex' retrieved from /home/airflow/.local/lib/python3.12/site-packages/airflow/example_dags/example_complex.py
[2025-04-13T22:40:34.410+0000] {logging_mixin.py:190} INFO - [2025-04-13T22:40:34.409+0000] {dag.py:3239} INFO - Sync 1 DAGs
[2025-04-13T22:40:34.484+0000] {logging_mixin.py:190} INFO - [2025-04-13T22:40:34.483+0000] {dag.py:4180} INFO - Setting next_dagrun for example_complex to None, run_after=None
[2025-04-13T22:40:34.720+0000] {processor.py:208} INFO - Processing /home/airflow/.local/lib/python3.12/site-packages/airflow/example_dags/example_complex.py took 0.883 seconds
[2025-04-13T22:41:58.775+0000] {processor.py:186} INFO - Started process (PID=997) to work on /home/airflow/.local/lib/python3.12/site-packages/airflow/example_dags/example_complex.py
[2025-04-13T22:41:58.782+0000] {processor.py:914} INFO - Processing file /home/airflow/.local/lib/python3.12/site-packages/airflow/example_dags/example_complex.py for tasks to queue
[2025-04-13T22:41:58.788+0000] {logging_mixin.py:190} INFO - [2025-04-13T22:41:58.788+0000] {dagbag.py:588} INFO - Filling up the DagBag from /home/airflow/.local/lib/python3.12/site-packages/airflow/example_dags/example_complex.py
[2025-04-13T22:41:58.846+0000] {processor.py:925} INFO - DAG(s) 'example_complex' retrieved from /home/airflow/.local/lib/python3.12/site-packages/airflow/example_dags/example_complex.py
[2025-04-13T22:41:59.126+0000] {logging_mixin.py:190} INFO - [2025-04-13T22:41:59.124+0000] {dag.py:3239} INFO - Sync 1 DAGs
[2025-04-13T22:41:59.268+0000] {logging_mixin.py:190} INFO - [2025-04-13T22:41:59.267+0000] {dag.py:4180} INFO - Setting next_dagrun for example_complex to None, run_after=None
[2025-04-13T22:41:59.400+0000] {processor.py:208} INFO - Processing /home/airflow/.local/lib/python3.12/site-packages/airflow/example_dags/example_complex.py took 0.670 seconds
[2025-04-13T22:42:35.990+0000] {processor.py:186} INFO - Started process (PID=1061) to work on /home/airflow/.local/lib/python3.12/site-packages/airflow/example_dags/example_complex.py
[2025-04-13T22:42:36.006+0000] {processor.py:914} INFO - Processing file /home/airflow/.local/lib/python3.12/site-packages/airflow/example_dags/example_complex.py for tasks to queue
[2025-04-13T22:42:36.030+0000] {logging_mixin.py:190} INFO - [2025-04-13T22:42:36.029+0000] {dagbag.py:588} INFO - Filling up the DagBag from /home/airflow/.local/lib/python3.12/site-packages/airflow/example_dags/example_complex.py
[2025-04-13T22:42:36.090+0000] {processor.py:925} INFO - DAG(s) 'example_complex' retrieved from /home/airflow/.local/lib/python3.12/site-packages/airflow/example_dags/example_complex.py
[2025-04-13T22:42:36.315+0000] {logging_mixin.py:190} INFO - [2025-04-13T22:42:36.315+0000] {dag.py:3239} INFO - Sync 1 DAGs
[2025-04-13T22:42:36.452+0000] {logging_mixin.py:190} INFO - [2025-04-13T22:42:36.452+0000] {dag.py:4180} INFO - Setting next_dagrun for example_complex to None, run_after=None
[2025-04-13T22:42:36.559+0000] {processor.py:208} INFO - Processing /home/airflow/.local/lib/python3.12/site-packages/airflow/example_dags/example_complex.py took 0.592 seconds
[2025-04-13T22:43:27.870+0000] {processor.py:186} INFO - Started process (PID=1135) to work on /home/airflow/.local/lib/python3.12/site-packages/airflow/example_dags/example_complex.py
[2025-04-13T22:43:27.874+0000] {processor.py:914} INFO - Processing file /home/airflow/.local/lib/python3.12/site-packages/airflow/example_dags/example_complex.py for tasks to queue
[2025-04-13T22:43:27.881+0000] {logging_mixin.py:190} INFO - [2025-04-13T22:43:27.880+0000] {dagbag.py:588} INFO - Filling up the DagBag from /home/airflow/.local/lib/python3.12/site-packages/airflow/example_dags/example_complex.py
[2025-04-13T22:43:27.947+0000] {processor.py:925} INFO - DAG(s) 'example_complex' retrieved from /home/airflow/.local/lib/python3.12/site-packages/airflow/example_dags/example_complex.py
[2025-04-13T22:43:28.267+0000] {logging_mixin.py:190} INFO - [2025-04-13T22:43:28.266+0000] {dag.py:3239} INFO - Sync 1 DAGs
[2025-04-13T22:43:28.622+0000] {logging_mixin.py:190} INFO - [2025-04-13T22:43:28.622+0000] {dag.py:4180} INFO - Setting next_dagrun for example_complex to None, run_after=None
[2025-04-13T22:43:28.822+0000] {processor.py:208} INFO - Processing /home/airflow/.local/lib/python3.12/site-packages/airflow/example_dags/example_complex.py took 0.968 seconds
[2025-04-13T22:44:42.778+0000] {processor.py:186} INFO - Started process (PID=1190) to work on /home/airflow/.local/lib/python3.12/site-packages/airflow/example_dags/example_complex.py
[2025-04-13T22:44:42.781+0000] {processor.py:914} INFO - Processing file /home/airflow/.local/lib/python3.12/site-packages/airflow/example_dags/example_complex.py for tasks to queue
[2025-04-13T22:44:42.788+0000] {logging_mixin.py:190} INFO - [2025-04-13T22:44:42.787+0000] {dagbag.py:588} INFO - Filling up the DagBag from /home/airflow/.local/lib/python3.12/site-packages/airflow/example_dags/example_complex.py
[2025-04-13T22:44:42.965+0000] {processor.py:925} INFO - DAG(s) 'example_complex' retrieved from /home/airflow/.local/lib/python3.12/site-packages/airflow/example_dags/example_complex.py
[2025-04-13T22:44:43.272+0000] {logging_mixin.py:190} INFO - [2025-04-13T22:44:43.272+0000] {dag.py:3239} INFO - Sync 1 DAGs
[2025-04-13T22:44:43.366+0000] {logging_mixin.py:190} INFO - [2025-04-13T22:44:43.365+0000] {dag.py:4180} INFO - Setting next_dagrun for example_complex to None, run_after=None
[2025-04-13T22:44:43.519+0000] {processor.py:208} INFO - Processing /home/airflow/.local/lib/python3.12/site-packages/airflow/example_dags/example_complex.py took 0.759 seconds
