[2025-04-13T16:50:11.675+0000] {processor.py:186} INFO - Started process (PID=156) to work on /home/airflow/.local/lib/python3.12/site-packages/airflow/example_dags/example_latest_only_with_trigger.py
[2025-04-13T16:50:11.708+0000] {processor.py:914} INFO - Processing file /home/airflow/.local/lib/python3.12/site-packages/airflow/example_dags/example_latest_only_with_trigger.py for tasks to queue
[2025-04-13T16:50:11.733+0000] {logging_mixin.py:190} INFO - [2025-04-13T16:50:11.731+0000] {dagbag.py:588} INFO - Filling up the DagBag from /home/airflow/.local/lib/python3.12/site-packages/airflow/example_dags/example_latest_only_with_trigger.py
[2025-04-13T16:50:11.798+0000] {processor.py:925} INFO - DAG(s) 'latest_only_with_trigger' retrieved from /home/airflow/.local/lib/python3.12/site-packages/airflow/example_dags/example_latest_only_with_trigger.py
[2025-04-13T16:50:12.920+0000] {logging_mixin.py:190} INFO - [2025-04-13T16:50:12.916+0000] {override.py:1912} INFO - Created Permission View: can read on DAG:latest_only_with_trigger
[2025-04-13T16:50:13.306+0000] {logging_mixin.py:190} INFO - [2025-04-13T16:50:12.981+0000] {override.py:1912} INFO - Created Permission View: can edit on DAG:latest_only_with_trigger
[2025-04-13T16:50:13.543+0000] {logging_mixin.py:190} INFO - [2025-04-13T16:50:13.543+0000] {override.py:1912} INFO - Created Permission View: can delete on DAG:latest_only_with_trigger
[2025-04-13T16:50:13.659+0000] {logging_mixin.py:190} INFO - [2025-04-13T16:50:13.659+0000] {override.py:1912} INFO - Created Permission View: can read on DAG Run:latest_only_with_trigger
[2025-04-13T16:50:13.711+0000] {logging_mixin.py:190} INFO - [2025-04-13T16:50:13.711+0000] {override.py:1912} INFO - Created Permission View: menu access on DAG Run:latest_only_with_trigger
[2025-04-13T16:50:13.777+0000] {logging_mixin.py:190} INFO - [2025-04-13T16:50:13.776+0000] {override.py:1912} INFO - Created Permission View: can create on DAG Run:latest_only_with_trigger
[2025-04-13T16:50:14.335+0000] {logging_mixin.py:190} INFO - [2025-04-13T16:50:14.334+0000] {override.py:1912} INFO - Created Permission View: can delete on DAG Run:latest_only_with_trigger
[2025-04-13T16:50:14.356+0000] {logging_mixin.py:190} INFO - [2025-04-13T16:50:14.335+0000] {dag.py:3239} INFO - Sync 1 DAGs
[2025-04-13T16:50:15.741+0000] {logging_mixin.py:190} INFO - [2025-04-13T16:50:15.740+0000] {dag.py:3262} INFO - Creating ORM DAG for latest_only_with_trigger
[2025-04-13T16:50:16.160+0000] {logging_mixin.py:190} INFO - [2025-04-13T16:50:16.154+0000] {dag.py:4180} INFO - Setting next_dagrun for latest_only_with_trigger to 2025-04-13 12:00:00+00:00, run_after=2025-04-13 16:00:00+00:00
[2025-04-13T16:50:16.400+0000] {processor.py:208} INFO - Processing /home/airflow/.local/lib/python3.12/site-packages/airflow/example_dags/example_latest_only_with_trigger.py took 4.858 seconds
[2025-04-13T16:51:10.683+0000] {processor.py:186} INFO - Started process (PID=232) to work on /home/airflow/.local/lib/python3.12/site-packages/airflow/example_dags/example_latest_only_with_trigger.py
[2025-04-13T16:51:10.685+0000] {processor.py:914} INFO - Processing file /home/airflow/.local/lib/python3.12/site-packages/airflow/example_dags/example_latest_only_with_trigger.py for tasks to queue
[2025-04-13T16:51:10.699+0000] {logging_mixin.py:190} INFO - [2025-04-13T16:51:10.695+0000] {dagbag.py:588} INFO - Filling up the DagBag from /home/airflow/.local/lib/python3.12/site-packages/airflow/example_dags/example_latest_only_with_trigger.py
[2025-04-13T16:51:10.744+0000] {processor.py:925} INFO - DAG(s) 'latest_only_with_trigger' retrieved from /home/airflow/.local/lib/python3.12/site-packages/airflow/example_dags/example_latest_only_with_trigger.py
[2025-04-13T16:51:10.944+0000] {logging_mixin.py:190} INFO - [2025-04-13T16:51:10.944+0000] {dag.py:3239} INFO - Sync 1 DAGs
[2025-04-13T16:51:11.414+0000] {logging_mixin.py:190} INFO - [2025-04-13T16:51:11.411+0000] {dag.py:4180} INFO - Setting next_dagrun for latest_only_with_trigger to 2025-04-13 12:00:00+00:00, run_after=2025-04-13 16:00:00+00:00
[2025-04-13T16:51:11.515+0000] {processor.py:208} INFO - Processing /home/airflow/.local/lib/python3.12/site-packages/airflow/example_dags/example_latest_only_with_trigger.py took 0.850 seconds
[2025-04-13T16:51:44.940+0000] {processor.py:186} INFO - Started process (PID=295) to work on /home/airflow/.local/lib/python3.12/site-packages/airflow/example_dags/example_latest_only_with_trigger.py
[2025-04-13T16:51:44.943+0000] {processor.py:914} INFO - Processing file /home/airflow/.local/lib/python3.12/site-packages/airflow/example_dags/example_latest_only_with_trigger.py for tasks to queue
[2025-04-13T16:51:44.971+0000] {logging_mixin.py:190} INFO - [2025-04-13T16:51:44.967+0000] {dagbag.py:588} INFO - Filling up the DagBag from /home/airflow/.local/lib/python3.12/site-packages/airflow/example_dags/example_latest_only_with_trigger.py
[2025-04-13T16:51:44.994+0000] {processor.py:925} INFO - DAG(s) 'latest_only_with_trigger' retrieved from /home/airflow/.local/lib/python3.12/site-packages/airflow/example_dags/example_latest_only_with_trigger.py
[2025-04-13T16:51:45.078+0000] {logging_mixin.py:190} INFO - [2025-04-13T16:51:45.077+0000] {dag.py:3239} INFO - Sync 1 DAGs
[2025-04-13T16:51:45.192+0000] {logging_mixin.py:190} INFO - [2025-04-13T16:51:45.191+0000] {dag.py:4180} INFO - Setting next_dagrun for latest_only_with_trigger to 2025-04-13 12:00:00+00:00, run_after=2025-04-13 16:00:00+00:00
[2025-04-13T16:51:45.513+0000] {processor.py:208} INFO - Processing /home/airflow/.local/lib/python3.12/site-packages/airflow/example_dags/example_latest_only_with_trigger.py took 0.596 seconds
[2025-04-13T16:52:17.970+0000] {processor.py:186} INFO - Started process (PID=358) to work on /home/airflow/.local/lib/python3.12/site-packages/airflow/example_dags/example_latest_only_with_trigger.py
[2025-04-13T16:52:17.971+0000] {processor.py:914} INFO - Processing file /home/airflow/.local/lib/python3.12/site-packages/airflow/example_dags/example_latest_only_with_trigger.py for tasks to queue
[2025-04-13T16:52:17.977+0000] {logging_mixin.py:190} INFO - [2025-04-13T16:52:17.977+0000] {dagbag.py:588} INFO - Filling up the DagBag from /home/airflow/.local/lib/python3.12/site-packages/airflow/example_dags/example_latest_only_with_trigger.py
[2025-04-13T16:52:18.000+0000] {processor.py:925} INFO - DAG(s) 'latest_only_with_trigger' retrieved from /home/airflow/.local/lib/python3.12/site-packages/airflow/example_dags/example_latest_only_with_trigger.py
[2025-04-13T16:52:18.107+0000] {logging_mixin.py:190} INFO - [2025-04-13T16:52:18.107+0000] {dag.py:3239} INFO - Sync 1 DAGs
[2025-04-13T16:52:18.188+0000] {logging_mixin.py:190} INFO - [2025-04-13T16:52:18.187+0000] {dag.py:4180} INFO - Setting next_dagrun for latest_only_with_trigger to 2025-04-13 12:00:00+00:00, run_after=2025-04-13 16:00:00+00:00
[2025-04-13T16:52:18.249+0000] {processor.py:208} INFO - Processing /home/airflow/.local/lib/python3.12/site-packages/airflow/example_dags/example_latest_only_with_trigger.py took 0.293 seconds
[2025-04-13T16:52:53.382+0000] {processor.py:186} INFO - Started process (PID=428) to work on /home/airflow/.local/lib/python3.12/site-packages/airflow/example_dags/example_latest_only_with_trigger.py
[2025-04-13T16:52:53.385+0000] {processor.py:914} INFO - Processing file /home/airflow/.local/lib/python3.12/site-packages/airflow/example_dags/example_latest_only_with_trigger.py for tasks to queue
[2025-04-13T16:52:53.403+0000] {logging_mixin.py:190} INFO - [2025-04-13T16:52:53.398+0000] {dagbag.py:588} INFO - Filling up the DagBag from /home/airflow/.local/lib/python3.12/site-packages/airflow/example_dags/example_latest_only_with_trigger.py
[2025-04-13T16:52:53.573+0000] {processor.py:925} INFO - DAG(s) 'latest_only_with_trigger' retrieved from /home/airflow/.local/lib/python3.12/site-packages/airflow/example_dags/example_latest_only_with_trigger.py
[2025-04-13T16:52:53.842+0000] {logging_mixin.py:190} INFO - [2025-04-13T16:52:53.841+0000] {dag.py:3239} INFO - Sync 1 DAGs
[2025-04-13T16:52:54.816+0000] {logging_mixin.py:190} INFO - [2025-04-13T16:52:54.815+0000] {dag.py:4180} INFO - Setting next_dagrun for latest_only_with_trigger to 2025-04-13 12:00:00+00:00, run_after=2025-04-13 16:00:00+00:00
[2025-04-13T16:52:55.343+0000] {processor.py:208} INFO - Processing /home/airflow/.local/lib/python3.12/site-packages/airflow/example_dags/example_latest_only_with_trigger.py took 1.979 seconds
[2025-04-13T16:53:47.514+0000] {processor.py:186} INFO - Started process (PID=497) to work on /home/airflow/.local/lib/python3.12/site-packages/airflow/example_dags/example_latest_only_with_trigger.py
[2025-04-13T16:53:47.518+0000] {processor.py:914} INFO - Processing file /home/airflow/.local/lib/python3.12/site-packages/airflow/example_dags/example_latest_only_with_trigger.py for tasks to queue
[2025-04-13T16:53:47.530+0000] {logging_mixin.py:190} INFO - [2025-04-13T16:53:47.526+0000] {dagbag.py:588} INFO - Filling up the DagBag from /home/airflow/.local/lib/python3.12/site-packages/airflow/example_dags/example_latest_only_with_trigger.py
[2025-04-13T16:53:47.556+0000] {processor.py:925} INFO - DAG(s) 'latest_only_with_trigger' retrieved from /home/airflow/.local/lib/python3.12/site-packages/airflow/example_dags/example_latest_only_with_trigger.py
[2025-04-13T16:53:47.691+0000] {logging_mixin.py:190} INFO - [2025-04-13T16:53:47.691+0000] {dag.py:3239} INFO - Sync 1 DAGs
[2025-04-13T16:53:47.829+0000] {logging_mixin.py:190} INFO - [2025-04-13T16:53:47.828+0000] {dag.py:4180} INFO - Setting next_dagrun for latest_only_with_trigger to 2025-04-13 12:00:00+00:00, run_after=2025-04-13 16:00:00+00:00
[2025-04-13T16:53:47.883+0000] {processor.py:208} INFO - Processing /home/airflow/.local/lib/python3.12/site-packages/airflow/example_dags/example_latest_only_with_trigger.py took 0.409 seconds
[2025-04-13T16:54:42.777+0000] {processor.py:186} INFO - Started process (PID=580) to work on /home/airflow/.local/lib/python3.12/site-packages/airflow/example_dags/example_latest_only_with_trigger.py
[2025-04-13T16:54:42.786+0000] {processor.py:914} INFO - Processing file /home/airflow/.local/lib/python3.12/site-packages/airflow/example_dags/example_latest_only_with_trigger.py for tasks to queue
[2025-04-13T16:54:42.819+0000] {logging_mixin.py:190} INFO - [2025-04-13T16:54:42.817+0000] {dagbag.py:588} INFO - Filling up the DagBag from /home/airflow/.local/lib/python3.12/site-packages/airflow/example_dags/example_latest_only_with_trigger.py
[2025-04-13T16:54:42.877+0000] {processor.py:925} INFO - DAG(s) 'latest_only_with_trigger' retrieved from /home/airflow/.local/lib/python3.12/site-packages/airflow/example_dags/example_latest_only_with_trigger.py
[2025-04-13T16:54:43.047+0000] {logging_mixin.py:190} INFO - [2025-04-13T16:54:43.047+0000] {dag.py:3239} INFO - Sync 1 DAGs
[2025-04-13T16:54:43.192+0000] {logging_mixin.py:190} INFO - [2025-04-13T16:54:43.191+0000] {dag.py:4180} INFO - Setting next_dagrun for latest_only_with_trigger to 2025-04-13 12:00:00+00:00, run_after=2025-04-13 16:00:00+00:00
[2025-04-13T16:54:43.294+0000] {processor.py:208} INFO - Processing /home/airflow/.local/lib/python3.12/site-packages/airflow/example_dags/example_latest_only_with_trigger.py took 0.579 seconds
[2025-04-13T17:04:49.661+0000] {processor.py:186} INFO - Started process (PID=164) to work on /home/airflow/.local/lib/python3.12/site-packages/airflow/example_dags/example_latest_only_with_trigger.py
[2025-04-13T17:04:49.664+0000] {processor.py:914} INFO - Processing file /home/airflow/.local/lib/python3.12/site-packages/airflow/example_dags/example_latest_only_with_trigger.py for tasks to queue
[2025-04-13T17:04:49.818+0000] {logging_mixin.py:190} INFO - [2025-04-13T17:04:49.815+0000] {dagbag.py:588} INFO - Filling up the DagBag from /home/airflow/.local/lib/python3.12/site-packages/airflow/example_dags/example_latest_only_with_trigger.py
[2025-04-13T17:04:50.011+0000] {processor.py:925} INFO - DAG(s) 'latest_only_with_trigger' retrieved from /home/airflow/.local/lib/python3.12/site-packages/airflow/example_dags/example_latest_only_with_trigger.py
[2025-04-13T17:04:50.710+0000] {logging_mixin.py:190} INFO - [2025-04-13T17:04:50.710+0000] {dag.py:3239} INFO - Sync 1 DAGs
[2025-04-13T17:04:51.117+0000] {logging_mixin.py:190} INFO - [2025-04-13T17:04:51.116+0000] {dag.py:4180} INFO - Setting next_dagrun for latest_only_with_trigger to 2025-04-13 12:00:00+00:00, run_after=2025-04-13 16:00:00+00:00
[2025-04-13T17:04:51.575+0000] {processor.py:208} INFO - Processing /home/airflow/.local/lib/python3.12/site-packages/airflow/example_dags/example_latest_only_with_trigger.py took 2.047 seconds
[2025-04-13T18:15:19.382+0000] {processor.py:186} INFO - Started process (PID=339) to work on /home/airflow/.local/lib/python3.12/site-packages/airflow/example_dags/example_latest_only_with_trigger.py
[2025-04-13T18:15:20.319+0000] {processor.py:914} INFO - Processing file /home/airflow/.local/lib/python3.12/site-packages/airflow/example_dags/example_latest_only_with_trigger.py for tasks to queue
[2025-04-13T18:15:21.010+0000] {logging_mixin.py:190} INFO - [2025-04-13T18:15:20.888+0000] {dagbag.py:588} INFO - Filling up the DagBag from /home/airflow/.local/lib/python3.12/site-packages/airflow/example_dags/example_latest_only_with_trigger.py
[2025-04-13T18:15:22.937+0000] {processor.py:925} INFO - DAG(s) 'latest_only_with_trigger' retrieved from /home/airflow/.local/lib/python3.12/site-packages/airflow/example_dags/example_latest_only_with_trigger.py
[2025-04-13T18:15:29.995+0000] {logging_mixin.py:190} INFO - [2025-04-13T18:15:29.993+0000] {dag.py:3239} INFO - Sync 1 DAGs
[2025-04-13T18:15:31.987+0000] {logging_mixin.py:190} INFO - [2025-04-13T18:15:31.983+0000] {dag.py:4180} INFO - Setting next_dagrun for latest_only_with_trigger to 2025-04-13 12:00:00+00:00, run_after=2025-04-13 16:00:00+00:00
[2025-04-13T18:15:35.212+0000] {processor.py:208} INFO - Processing /home/airflow/.local/lib/python3.12/site-packages/airflow/example_dags/example_latest_only_with_trigger.py took 16.606 seconds
[2025-04-13T18:23:32.528+0000] {processor.py:186} INFO - Started process (PID=479) to work on /home/airflow/.local/lib/python3.12/site-packages/airflow/example_dags/example_latest_only_with_trigger.py
[2025-04-13T18:23:33.132+0000] {processor.py:914} INFO - Processing file /home/airflow/.local/lib/python3.12/site-packages/airflow/example_dags/example_latest_only_with_trigger.py for tasks to queue
[2025-04-13T18:23:33.354+0000] {logging_mixin.py:190} INFO - [2025-04-13T18:23:33.343+0000] {dagbag.py:588} INFO - Filling up the DagBag from /home/airflow/.local/lib/python3.12/site-packages/airflow/example_dags/example_latest_only_with_trigger.py
[2025-04-13T18:23:33.841+0000] {processor.py:925} INFO - DAG(s) 'latest_only_with_trigger' retrieved from /home/airflow/.local/lib/python3.12/site-packages/airflow/example_dags/example_latest_only_with_trigger.py
[2025-04-13T18:23:35.901+0000] {logging_mixin.py:190} INFO - [2025-04-13T18:23:35.900+0000] {dag.py:3239} INFO - Sync 1 DAGs
[2025-04-13T18:23:38.981+0000] {logging_mixin.py:190} INFO - [2025-04-13T18:23:38.686+0000] {dag.py:4180} INFO - Setting next_dagrun for latest_only_with_trigger to 2025-04-13 12:00:00+00:00, run_after=2025-04-13 16:00:00+00:00
[2025-04-13T18:23:42.240+0000] {processor.py:208} INFO - Processing /home/airflow/.local/lib/python3.12/site-packages/airflow/example_dags/example_latest_only_with_trigger.py took 10.392 seconds
[2025-04-13T20:52:13.419+0000] {processor.py:186} INFO - Started process (PID=133) to work on /home/airflow/.local/lib/python3.12/site-packages/airflow/example_dags/example_latest_only_with_trigger.py
[2025-04-13T20:52:13.422+0000] {processor.py:914} INFO - Processing file /home/airflow/.local/lib/python3.12/site-packages/airflow/example_dags/example_latest_only_with_trigger.py for tasks to queue
[2025-04-13T20:52:13.425+0000] {logging_mixin.py:190} INFO - [2025-04-13T20:52:13.425+0000] {dagbag.py:588} INFO - Filling up the DagBag from /home/airflow/.local/lib/python3.12/site-packages/airflow/example_dags/example_latest_only_with_trigger.py
[2025-04-13T20:52:13.439+0000] {processor.py:925} INFO - DAG(s) 'latest_only_with_trigger' retrieved from /home/airflow/.local/lib/python3.12/site-packages/airflow/example_dags/example_latest_only_with_trigger.py
[2025-04-13T20:52:13.484+0000] {logging_mixin.py:190} INFO - [2025-04-13T20:52:13.484+0000] {dag.py:3239} INFO - Sync 1 DAGs
[2025-04-13T20:52:13.545+0000] {logging_mixin.py:190} INFO - [2025-04-13T20:52:13.544+0000] {dag.py:4180} INFO - Setting next_dagrun for latest_only_with_trigger to 2025-04-13 16:00:00+00:00, run_after=2025-04-13 20:00:00+00:00
[2025-04-13T20:52:13.682+0000] {processor.py:208} INFO - Processing /home/airflow/.local/lib/python3.12/site-packages/airflow/example_dags/example_latest_only_with_trigger.py took 0.278 seconds
[2025-04-13T20:52:44.173+0000] {processor.py:186} INFO - Started process (PID=196) to work on /home/airflow/.local/lib/python3.12/site-packages/airflow/example_dags/example_latest_only_with_trigger.py
[2025-04-13T20:52:44.175+0000] {processor.py:914} INFO - Processing file /home/airflow/.local/lib/python3.12/site-packages/airflow/example_dags/example_latest_only_with_trigger.py for tasks to queue
[2025-04-13T20:52:44.182+0000] {logging_mixin.py:190} INFO - [2025-04-13T20:52:44.181+0000] {dagbag.py:588} INFO - Filling up the DagBag from /home/airflow/.local/lib/python3.12/site-packages/airflow/example_dags/example_latest_only_with_trigger.py
[2025-04-13T20:52:44.228+0000] {processor.py:925} INFO - DAG(s) 'latest_only_with_trigger' retrieved from /home/airflow/.local/lib/python3.12/site-packages/airflow/example_dags/example_latest_only_with_trigger.py
[2025-04-13T20:52:44.340+0000] {logging_mixin.py:190} INFO - [2025-04-13T20:52:44.339+0000] {dag.py:3239} INFO - Sync 1 DAGs
[2025-04-13T20:52:44.687+0000] {logging_mixin.py:190} INFO - [2025-04-13T20:52:44.687+0000] {dag.py:4180} INFO - Setting next_dagrun for latest_only_with_trigger to 2025-04-13 16:00:00+00:00, run_after=2025-04-13 20:00:00+00:00
[2025-04-13T20:52:44.828+0000] {processor.py:208} INFO - Processing /home/airflow/.local/lib/python3.12/site-packages/airflow/example_dags/example_latest_only_with_trigger.py took 0.705 seconds
[2025-04-13T20:53:15.344+0000] {processor.py:186} INFO - Started process (PID=259) to work on /home/airflow/.local/lib/python3.12/site-packages/airflow/example_dags/example_latest_only_with_trigger.py
[2025-04-13T20:53:15.348+0000] {processor.py:914} INFO - Processing file /home/airflow/.local/lib/python3.12/site-packages/airflow/example_dags/example_latest_only_with_trigger.py for tasks to queue
[2025-04-13T20:53:15.368+0000] {logging_mixin.py:190} INFO - [2025-04-13T20:53:15.368+0000] {dagbag.py:588} INFO - Filling up the DagBag from /home/airflow/.local/lib/python3.12/site-packages/airflow/example_dags/example_latest_only_with_trigger.py
[2025-04-13T20:53:15.431+0000] {processor.py:925} INFO - DAG(s) 'latest_only_with_trigger' retrieved from /home/airflow/.local/lib/python3.12/site-packages/airflow/example_dags/example_latest_only_with_trigger.py
[2025-04-13T20:53:15.481+0000] {logging_mixin.py:190} INFO - [2025-04-13T20:53:15.480+0000] {dag.py:3239} INFO - Sync 1 DAGs
[2025-04-13T20:53:15.538+0000] {logging_mixin.py:190} INFO - [2025-04-13T20:53:15.537+0000] {dag.py:4180} INFO - Setting next_dagrun for latest_only_with_trigger to 2025-04-13 16:00:00+00:00, run_after=2025-04-13 20:00:00+00:00
[2025-04-13T20:53:15.630+0000] {processor.py:208} INFO - Processing /home/airflow/.local/lib/python3.12/site-packages/airflow/example_dags/example_latest_only_with_trigger.py took 0.312 seconds
[2025-04-13T20:53:51.896+0000] {processor.py:186} INFO - Started process (PID=330) to work on /home/airflow/.local/lib/python3.12/site-packages/airflow/example_dags/example_latest_only_with_trigger.py
[2025-04-13T20:53:51.898+0000] {processor.py:914} INFO - Processing file /home/airflow/.local/lib/python3.12/site-packages/airflow/example_dags/example_latest_only_with_trigger.py for tasks to queue
[2025-04-13T20:53:51.902+0000] {logging_mixin.py:190} INFO - [2025-04-13T20:53:51.902+0000] {dagbag.py:588} INFO - Filling up the DagBag from /home/airflow/.local/lib/python3.12/site-packages/airflow/example_dags/example_latest_only_with_trigger.py
[2025-04-13T20:53:51.938+0000] {processor.py:925} INFO - DAG(s) 'latest_only_with_trigger' retrieved from /home/airflow/.local/lib/python3.12/site-packages/airflow/example_dags/example_latest_only_with_trigger.py
[2025-04-13T20:53:52.046+0000] {logging_mixin.py:190} INFO - [2025-04-13T20:53:52.046+0000] {dag.py:3239} INFO - Sync 1 DAGs
[2025-04-13T20:53:52.178+0000] {logging_mixin.py:190} INFO - [2025-04-13T20:53:52.178+0000] {dag.py:4180} INFO - Setting next_dagrun for latest_only_with_trigger to 2025-04-13 16:00:00+00:00, run_after=2025-04-13 20:00:00+00:00
[2025-04-13T20:53:52.280+0000] {processor.py:208} INFO - Processing /home/airflow/.local/lib/python3.12/site-packages/airflow/example_dags/example_latest_only_with_trigger.py took 0.395 seconds
[2025-04-13T20:54:28.885+0000] {processor.py:186} INFO - Started process (PID=397) to work on /home/airflow/.local/lib/python3.12/site-packages/airflow/example_dags/example_latest_only_with_trigger.py
[2025-04-13T20:54:28.888+0000] {processor.py:914} INFO - Processing file /home/airflow/.local/lib/python3.12/site-packages/airflow/example_dags/example_latest_only_with_trigger.py for tasks to queue
[2025-04-13T20:54:28.893+0000] {logging_mixin.py:190} INFO - [2025-04-13T20:54:28.893+0000] {dagbag.py:588} INFO - Filling up the DagBag from /home/airflow/.local/lib/python3.12/site-packages/airflow/example_dags/example_latest_only_with_trigger.py
[2025-04-13T20:54:28.913+0000] {processor.py:925} INFO - DAG(s) 'latest_only_with_trigger' retrieved from /home/airflow/.local/lib/python3.12/site-packages/airflow/example_dags/example_latest_only_with_trigger.py
[2025-04-13T20:54:28.970+0000] {logging_mixin.py:190} INFO - [2025-04-13T20:54:28.970+0000] {dag.py:3239} INFO - Sync 1 DAGs
[2025-04-13T20:54:29.041+0000] {logging_mixin.py:190} INFO - [2025-04-13T20:54:29.040+0000] {dag.py:4180} INFO - Setting next_dagrun for latest_only_with_trigger to 2025-04-13 16:00:00+00:00, run_after=2025-04-13 20:00:00+00:00
[2025-04-13T20:54:29.130+0000] {processor.py:208} INFO - Processing /home/airflow/.local/lib/python3.12/site-packages/airflow/example_dags/example_latest_only_with_trigger.py took 0.273 seconds
[2025-04-13T20:54:59.251+0000] {processor.py:186} INFO - Started process (PID=460) to work on /home/airflow/.local/lib/python3.12/site-packages/airflow/example_dags/example_latest_only_with_trigger.py
[2025-04-13T20:54:59.253+0000] {processor.py:914} INFO - Processing file /home/airflow/.local/lib/python3.12/site-packages/airflow/example_dags/example_latest_only_with_trigger.py for tasks to queue
[2025-04-13T20:54:59.257+0000] {logging_mixin.py:190} INFO - [2025-04-13T20:54:59.257+0000] {dagbag.py:588} INFO - Filling up the DagBag from /home/airflow/.local/lib/python3.12/site-packages/airflow/example_dags/example_latest_only_with_trigger.py
[2025-04-13T20:54:59.283+0000] {processor.py:925} INFO - DAG(s) 'latest_only_with_trigger' retrieved from /home/airflow/.local/lib/python3.12/site-packages/airflow/example_dags/example_latest_only_with_trigger.py
[2025-04-13T20:54:59.351+0000] {logging_mixin.py:190} INFO - [2025-04-13T20:54:59.350+0000] {dag.py:3239} INFO - Sync 1 DAGs
[2025-04-13T20:54:59.419+0000] {logging_mixin.py:190} INFO - [2025-04-13T20:54:59.418+0000] {dag.py:4180} INFO - Setting next_dagrun for latest_only_with_trigger to 2025-04-13 16:00:00+00:00, run_after=2025-04-13 20:00:00+00:00
[2025-04-13T20:54:59.478+0000] {processor.py:208} INFO - Processing /home/airflow/.local/lib/python3.12/site-packages/airflow/example_dags/example_latest_only_with_trigger.py took 0.239 seconds
[2025-04-13T20:55:30.548+0000] {processor.py:186} INFO - Started process (PID=523) to work on /home/airflow/.local/lib/python3.12/site-packages/airflow/example_dags/example_latest_only_with_trigger.py
[2025-04-13T20:55:30.551+0000] {processor.py:914} INFO - Processing file /home/airflow/.local/lib/python3.12/site-packages/airflow/example_dags/example_latest_only_with_trigger.py for tasks to queue
[2025-04-13T20:55:30.560+0000] {logging_mixin.py:190} INFO - [2025-04-13T20:55:30.559+0000] {dagbag.py:588} INFO - Filling up the DagBag from /home/airflow/.local/lib/python3.12/site-packages/airflow/example_dags/example_latest_only_with_trigger.py
[2025-04-13T20:55:30.584+0000] {processor.py:925} INFO - DAG(s) 'latest_only_with_trigger' retrieved from /home/airflow/.local/lib/python3.12/site-packages/airflow/example_dags/example_latest_only_with_trigger.py
[2025-04-13T20:55:30.646+0000] {logging_mixin.py:190} INFO - [2025-04-13T20:55:30.646+0000] {dag.py:3239} INFO - Sync 1 DAGs
[2025-04-13T20:55:30.735+0000] {logging_mixin.py:190} INFO - [2025-04-13T20:55:30.735+0000] {dag.py:4180} INFO - Setting next_dagrun for latest_only_with_trigger to 2025-04-13 16:00:00+00:00, run_after=2025-04-13 20:00:00+00:00
[2025-04-13T20:55:30.812+0000] {processor.py:208} INFO - Processing /home/airflow/.local/lib/python3.12/site-packages/airflow/example_dags/example_latest_only_with_trigger.py took 0.281 seconds
[2025-04-13T20:56:01.247+0000] {processor.py:186} INFO - Started process (PID=587) to work on /home/airflow/.local/lib/python3.12/site-packages/airflow/example_dags/example_latest_only_with_trigger.py
[2025-04-13T20:56:01.249+0000] {processor.py:914} INFO - Processing file /home/airflow/.local/lib/python3.12/site-packages/airflow/example_dags/example_latest_only_with_trigger.py for tasks to queue
[2025-04-13T20:56:01.253+0000] {logging_mixin.py:190} INFO - [2025-04-13T20:56:01.253+0000] {dagbag.py:588} INFO - Filling up the DagBag from /home/airflow/.local/lib/python3.12/site-packages/airflow/example_dags/example_latest_only_with_trigger.py
[2025-04-13T20:56:01.268+0000] {processor.py:925} INFO - DAG(s) 'latest_only_with_trigger' retrieved from /home/airflow/.local/lib/python3.12/site-packages/airflow/example_dags/example_latest_only_with_trigger.py
[2025-04-13T20:56:01.307+0000] {logging_mixin.py:190} INFO - [2025-04-13T20:56:01.307+0000] {dag.py:3239} INFO - Sync 1 DAGs
[2025-04-13T20:56:01.353+0000] {logging_mixin.py:190} INFO - [2025-04-13T20:56:01.352+0000] {dag.py:4180} INFO - Setting next_dagrun for latest_only_with_trigger to 2025-04-13 16:00:00+00:00, run_after=2025-04-13 20:00:00+00:00
[2025-04-13T20:56:01.390+0000] {processor.py:208} INFO - Processing /home/airflow/.local/lib/python3.12/site-packages/airflow/example_dags/example_latest_only_with_trigger.py took 0.155 seconds
[2025-04-13T20:56:31.501+0000] {processor.py:186} INFO - Started process (PID=650) to work on /home/airflow/.local/lib/python3.12/site-packages/airflow/example_dags/example_latest_only_with_trigger.py
[2025-04-13T20:56:31.503+0000] {processor.py:914} INFO - Processing file /home/airflow/.local/lib/python3.12/site-packages/airflow/example_dags/example_latest_only_with_trigger.py for tasks to queue
[2025-04-13T20:56:31.510+0000] {logging_mixin.py:190} INFO - [2025-04-13T20:56:31.509+0000] {dagbag.py:588} INFO - Filling up the DagBag from /home/airflow/.local/lib/python3.12/site-packages/airflow/example_dags/example_latest_only_with_trigger.py
[2025-04-13T20:56:31.525+0000] {processor.py:925} INFO - DAG(s) 'latest_only_with_trigger' retrieved from /home/airflow/.local/lib/python3.12/site-packages/airflow/example_dags/example_latest_only_with_trigger.py
[2025-04-13T20:56:31.577+0000] {logging_mixin.py:190} INFO - [2025-04-13T20:56:31.577+0000] {dag.py:3239} INFO - Sync 1 DAGs
[2025-04-13T20:56:31.622+0000] {logging_mixin.py:190} INFO - [2025-04-13T20:56:31.622+0000] {dag.py:4180} INFO - Setting next_dagrun for latest_only_with_trigger to 2025-04-13 16:00:00+00:00, run_after=2025-04-13 20:00:00+00:00
[2025-04-13T20:56:31.662+0000] {processor.py:208} INFO - Processing /home/airflow/.local/lib/python3.12/site-packages/airflow/example_dags/example_latest_only_with_trigger.py took 0.176 seconds
[2025-04-13T20:57:02.282+0000] {processor.py:186} INFO - Started process (PID=714) to work on /home/airflow/.local/lib/python3.12/site-packages/airflow/example_dags/example_latest_only_with_trigger.py
[2025-04-13T20:57:02.284+0000] {processor.py:914} INFO - Processing file /home/airflow/.local/lib/python3.12/site-packages/airflow/example_dags/example_latest_only_with_trigger.py for tasks to queue
[2025-04-13T20:57:02.289+0000] {logging_mixin.py:190} INFO - [2025-04-13T20:57:02.288+0000] {dagbag.py:588} INFO - Filling up the DagBag from /home/airflow/.local/lib/python3.12/site-packages/airflow/example_dags/example_latest_only_with_trigger.py
[2025-04-13T20:57:02.305+0000] {processor.py:925} INFO - DAG(s) 'latest_only_with_trigger' retrieved from /home/airflow/.local/lib/python3.12/site-packages/airflow/example_dags/example_latest_only_with_trigger.py
[2025-04-13T20:57:02.362+0000] {logging_mixin.py:190} INFO - [2025-04-13T20:57:02.362+0000] {dag.py:3239} INFO - Sync 1 DAGs
[2025-04-13T20:57:02.417+0000] {logging_mixin.py:190} INFO - [2025-04-13T20:57:02.417+0000] {dag.py:4180} INFO - Setting next_dagrun for latest_only_with_trigger to 2025-04-13 16:00:00+00:00, run_after=2025-04-13 20:00:00+00:00
[2025-04-13T20:57:02.488+0000] {processor.py:208} INFO - Processing /home/airflow/.local/lib/python3.12/site-packages/airflow/example_dags/example_latest_only_with_trigger.py took 0.215 seconds
[2025-04-13T20:57:36.008+0000] {processor.py:186} INFO - Started process (PID=778) to work on /home/airflow/.local/lib/python3.12/site-packages/airflow/example_dags/example_latest_only_with_trigger.py
[2025-04-13T20:57:36.016+0000] {processor.py:914} INFO - Processing file /home/airflow/.local/lib/python3.12/site-packages/airflow/example_dags/example_latest_only_with_trigger.py for tasks to queue
[2025-04-13T20:57:36.021+0000] {logging_mixin.py:190} INFO - [2025-04-13T20:57:36.021+0000] {dagbag.py:588} INFO - Filling up the DagBag from /home/airflow/.local/lib/python3.12/site-packages/airflow/example_dags/example_latest_only_with_trigger.py
[2025-04-13T20:57:36.039+0000] {processor.py:925} INFO - DAG(s) 'latest_only_with_trigger' retrieved from /home/airflow/.local/lib/python3.12/site-packages/airflow/example_dags/example_latest_only_with_trigger.py
[2025-04-13T20:57:36.137+0000] {logging_mixin.py:190} INFO - [2025-04-13T20:57:36.136+0000] {dag.py:3239} INFO - Sync 1 DAGs
[2025-04-13T20:57:36.331+0000] {logging_mixin.py:190} INFO - [2025-04-13T20:57:36.331+0000] {dag.py:4180} INFO - Setting next_dagrun for latest_only_with_trigger to 2025-04-13 16:00:00+00:00, run_after=2025-04-13 20:00:00+00:00
[2025-04-13T20:57:36.542+0000] {processor.py:208} INFO - Processing /home/airflow/.local/lib/python3.12/site-packages/airflow/example_dags/example_latest_only_with_trigger.py took 0.546 seconds
[2025-04-13T20:58:14.037+0000] {processor.py:186} INFO - Started process (PID=844) to work on /home/airflow/.local/lib/python3.12/site-packages/airflow/example_dags/example_latest_only_with_trigger.py
[2025-04-13T20:58:14.040+0000] {processor.py:914} INFO - Processing file /home/airflow/.local/lib/python3.12/site-packages/airflow/example_dags/example_latest_only_with_trigger.py for tasks to queue
[2025-04-13T20:58:14.048+0000] {logging_mixin.py:190} INFO - [2025-04-13T20:58:14.047+0000] {dagbag.py:588} INFO - Filling up the DagBag from /home/airflow/.local/lib/python3.12/site-packages/airflow/example_dags/example_latest_only_with_trigger.py
[2025-04-13T20:58:14.072+0000] {processor.py:925} INFO - DAG(s) 'latest_only_with_trigger' retrieved from /home/airflow/.local/lib/python3.12/site-packages/airflow/example_dags/example_latest_only_with_trigger.py
[2025-04-13T20:58:14.169+0000] {logging_mixin.py:190} INFO - [2025-04-13T20:58:14.167+0000] {dag.py:3239} INFO - Sync 1 DAGs
[2025-04-13T20:58:14.328+0000] {logging_mixin.py:190} INFO - [2025-04-13T20:58:14.327+0000] {dag.py:4180} INFO - Setting next_dagrun for latest_only_with_trigger to 2025-04-13 16:00:00+00:00, run_after=2025-04-13 20:00:00+00:00
[2025-04-13T20:58:14.404+0000] {processor.py:208} INFO - Processing /home/airflow/.local/lib/python3.12/site-packages/airflow/example_dags/example_latest_only_with_trigger.py took 0.378 seconds
[2025-04-13T20:58:44.503+0000] {processor.py:186} INFO - Started process (PID=907) to work on /home/airflow/.local/lib/python3.12/site-packages/airflow/example_dags/example_latest_only_with_trigger.py
[2025-04-13T20:58:44.507+0000] {processor.py:914} INFO - Processing file /home/airflow/.local/lib/python3.12/site-packages/airflow/example_dags/example_latest_only_with_trigger.py for tasks to queue
[2025-04-13T20:58:44.512+0000] {logging_mixin.py:190} INFO - [2025-04-13T20:58:44.512+0000] {dagbag.py:588} INFO - Filling up the DagBag from /home/airflow/.local/lib/python3.12/site-packages/airflow/example_dags/example_latest_only_with_trigger.py
[2025-04-13T20:58:44.524+0000] {processor.py:925} INFO - DAG(s) 'latest_only_with_trigger' retrieved from /home/airflow/.local/lib/python3.12/site-packages/airflow/example_dags/example_latest_only_with_trigger.py
[2025-04-13T20:58:44.600+0000] {logging_mixin.py:190} INFO - [2025-04-13T20:58:44.600+0000] {dag.py:3239} INFO - Sync 1 DAGs
[2025-04-13T20:58:44.643+0000] {logging_mixin.py:190} INFO - [2025-04-13T20:58:44.643+0000] {dag.py:4180} INFO - Setting next_dagrun for latest_only_with_trigger to 2025-04-13 16:00:00+00:00, run_after=2025-04-13 20:00:00+00:00
[2025-04-13T20:58:44.677+0000] {processor.py:208} INFO - Processing /home/airflow/.local/lib/python3.12/site-packages/airflow/example_dags/example_latest_only_with_trigger.py took 0.188 seconds
[2025-04-13T20:59:14.723+0000] {processor.py:186} INFO - Started process (PID=970) to work on /home/airflow/.local/lib/python3.12/site-packages/airflow/example_dags/example_latest_only_with_trigger.py
[2025-04-13T20:59:14.724+0000] {processor.py:914} INFO - Processing file /home/airflow/.local/lib/python3.12/site-packages/airflow/example_dags/example_latest_only_with_trigger.py for tasks to queue
[2025-04-13T20:59:14.727+0000] {logging_mixin.py:190} INFO - [2025-04-13T20:59:14.727+0000] {dagbag.py:588} INFO - Filling up the DagBag from /home/airflow/.local/lib/python3.12/site-packages/airflow/example_dags/example_latest_only_with_trigger.py
[2025-04-13T20:59:14.741+0000] {processor.py:925} INFO - DAG(s) 'latest_only_with_trigger' retrieved from /home/airflow/.local/lib/python3.12/site-packages/airflow/example_dags/example_latest_only_with_trigger.py
[2025-04-13T20:59:14.780+0000] {logging_mixin.py:190} INFO - [2025-04-13T20:59:14.780+0000] {dag.py:3239} INFO - Sync 1 DAGs
[2025-04-13T20:59:14.837+0000] {logging_mixin.py:190} INFO - [2025-04-13T20:59:14.837+0000] {dag.py:4180} INFO - Setting next_dagrun for latest_only_with_trigger to 2025-04-13 16:00:00+00:00, run_after=2025-04-13 20:00:00+00:00
[2025-04-13T20:59:14.870+0000] {processor.py:208} INFO - Processing /home/airflow/.local/lib/python3.12/site-packages/airflow/example_dags/example_latest_only_with_trigger.py took 0.156 seconds
[2025-04-13T20:59:45.161+0000] {processor.py:186} INFO - Started process (PID=1034) to work on /home/airflow/.local/lib/python3.12/site-packages/airflow/example_dags/example_latest_only_with_trigger.py
[2025-04-13T20:59:45.173+0000] {processor.py:914} INFO - Processing file /home/airflow/.local/lib/python3.12/site-packages/airflow/example_dags/example_latest_only_with_trigger.py for tasks to queue
[2025-04-13T20:59:45.178+0000] {logging_mixin.py:190} INFO - [2025-04-13T20:59:45.177+0000] {dagbag.py:588} INFO - Filling up the DagBag from /home/airflow/.local/lib/python3.12/site-packages/airflow/example_dags/example_latest_only_with_trigger.py
[2025-04-13T20:59:45.209+0000] {processor.py:925} INFO - DAG(s) 'latest_only_with_trigger' retrieved from /home/airflow/.local/lib/python3.12/site-packages/airflow/example_dags/example_latest_only_with_trigger.py
[2025-04-13T20:59:45.289+0000] {logging_mixin.py:190} INFO - [2025-04-13T20:59:45.289+0000] {dag.py:3239} INFO - Sync 1 DAGs
[2025-04-13T20:59:45.426+0000] {logging_mixin.py:190} INFO - [2025-04-13T20:59:45.425+0000] {dag.py:4180} INFO - Setting next_dagrun for latest_only_with_trigger to 2025-04-13 16:00:00+00:00, run_after=2025-04-13 20:00:00+00:00
[2025-04-13T20:59:45.484+0000] {processor.py:208} INFO - Processing /home/airflow/.local/lib/python3.12/site-packages/airflow/example_dags/example_latest_only_with_trigger.py took 0.359 seconds
[2025-04-13T21:00:19.131+0000] {processor.py:186} INFO - Started process (PID=1098) to work on /home/airflow/.local/lib/python3.12/site-packages/airflow/example_dags/example_latest_only_with_trigger.py
[2025-04-13T21:00:19.153+0000] {processor.py:914} INFO - Processing file /home/airflow/.local/lib/python3.12/site-packages/airflow/example_dags/example_latest_only_with_trigger.py for tasks to queue
[2025-04-13T21:00:19.157+0000] {logging_mixin.py:190} INFO - [2025-04-13T21:00:19.156+0000] {dagbag.py:588} INFO - Filling up the DagBag from /home/airflow/.local/lib/python3.12/site-packages/airflow/example_dags/example_latest_only_with_trigger.py
[2025-04-13T21:00:19.171+0000] {processor.py:925} INFO - DAG(s) 'latest_only_with_trigger' retrieved from /home/airflow/.local/lib/python3.12/site-packages/airflow/example_dags/example_latest_only_with_trigger.py
[2025-04-13T21:00:19.295+0000] {logging_mixin.py:190} INFO - [2025-04-13T21:00:19.294+0000] {dag.py:3239} INFO - Sync 1 DAGs
[2025-04-13T21:00:19.474+0000] {logging_mixin.py:190} INFO - [2025-04-13T21:00:19.474+0000] {dag.py:4180} INFO - Setting next_dagrun for latest_only_with_trigger to 2025-04-13 16:00:00+00:00, run_after=2025-04-13 20:00:00+00:00
[2025-04-13T21:00:19.615+0000] {processor.py:208} INFO - Processing /home/airflow/.local/lib/python3.12/site-packages/airflow/example_dags/example_latest_only_with_trigger.py took 0.495 seconds
[2025-04-13T21:00:53.192+0000] {processor.py:186} INFO - Started process (PID=1169) to work on /home/airflow/.local/lib/python3.12/site-packages/airflow/example_dags/example_latest_only_with_trigger.py
[2025-04-13T21:00:53.196+0000] {processor.py:914} INFO - Processing file /home/airflow/.local/lib/python3.12/site-packages/airflow/example_dags/example_latest_only_with_trigger.py for tasks to queue
[2025-04-13T21:00:53.201+0000] {logging_mixin.py:190} INFO - [2025-04-13T21:00:53.200+0000] {dagbag.py:588} INFO - Filling up the DagBag from /home/airflow/.local/lib/python3.12/site-packages/airflow/example_dags/example_latest_only_with_trigger.py
[2025-04-13T21:00:53.238+0000] {processor.py:925} INFO - DAG(s) 'latest_only_with_trigger' retrieved from /home/airflow/.local/lib/python3.12/site-packages/airflow/example_dags/example_latest_only_with_trigger.py
[2025-04-13T21:00:53.374+0000] {logging_mixin.py:190} INFO - [2025-04-13T21:00:53.374+0000] {dag.py:3239} INFO - Sync 1 DAGs
[2025-04-13T21:00:53.565+0000] {logging_mixin.py:190} INFO - [2025-04-13T21:00:53.553+0000] {dag.py:4180} INFO - Setting next_dagrun for latest_only_with_trigger to 2025-04-13 16:00:00+00:00, run_after=2025-04-13 20:00:00+00:00
[2025-04-13T21:00:53.665+0000] {processor.py:208} INFO - Processing /home/airflow/.local/lib/python3.12/site-packages/airflow/example_dags/example_latest_only_with_trigger.py took 0.489 seconds
[2025-04-13T21:30:11.072+0000] {processor.py:186} INFO - Started process (PID=241) to work on /home/airflow/.local/lib/python3.12/site-packages/airflow/example_dags/example_latest_only_with_trigger.py
[2025-04-13T21:30:11.112+0000] {processor.py:914} INFO - Processing file /home/airflow/.local/lib/python3.12/site-packages/airflow/example_dags/example_latest_only_with_trigger.py for tasks to queue
[2025-04-13T21:30:11.304+0000] {logging_mixin.py:190} INFO - [2025-04-13T21:30:11.304+0000] {dagbag.py:588} INFO - Filling up the DagBag from /home/airflow/.local/lib/python3.12/site-packages/airflow/example_dags/example_latest_only_with_trigger.py
[2025-04-13T21:30:11.474+0000] {processor.py:925} INFO - DAG(s) 'latest_only_with_trigger' retrieved from /home/airflow/.local/lib/python3.12/site-packages/airflow/example_dags/example_latest_only_with_trigger.py
[2025-04-13T21:30:12.295+0000] {logging_mixin.py:190} INFO - [2025-04-13T21:30:12.295+0000] {dag.py:3239} INFO - Sync 1 DAGs
[2025-04-13T21:30:14.384+0000] {logging_mixin.py:190} INFO - [2025-04-13T21:30:14.384+0000] {dag.py:4180} INFO - Setting next_dagrun for latest_only_with_trigger to 2025-04-13 16:00:00+00:00, run_after=2025-04-13 20:00:00+00:00
[2025-04-13T21:30:15.249+0000] {processor.py:208} INFO - Processing /home/airflow/.local/lib/python3.12/site-packages/airflow/example_dags/example_latest_only_with_trigger.py took 4.406 seconds
[2025-04-13T21:37:24.818+0000] {processor.py:186} INFO - Started process (PID=418) to work on /home/airflow/.local/lib/python3.12/site-packages/airflow/example_dags/example_latest_only_with_trigger.py
[2025-04-13T21:37:24.943+0000] {processor.py:914} INFO - Processing file /home/airflow/.local/lib/python3.12/site-packages/airflow/example_dags/example_latest_only_with_trigger.py for tasks to queue
[2025-04-13T21:37:25.043+0000] {logging_mixin.py:190} INFO - [2025-04-13T21:37:25.039+0000] {dagbag.py:588} INFO - Filling up the DagBag from /home/airflow/.local/lib/python3.12/site-packages/airflow/example_dags/example_latest_only_with_trigger.py
[2025-04-13T21:37:25.330+0000] {processor.py:925} INFO - DAG(s) 'latest_only_with_trigger' retrieved from /home/airflow/.local/lib/python3.12/site-packages/airflow/example_dags/example_latest_only_with_trigger.py
[2025-04-13T21:37:26.228+0000] {logging_mixin.py:190} INFO - [2025-04-13T21:37:26.228+0000] {dag.py:3239} INFO - Sync 1 DAGs
[2025-04-13T21:37:27.533+0000] {logging_mixin.py:190} INFO - [2025-04-13T21:37:27.532+0000] {dag.py:4180} INFO - Setting next_dagrun for latest_only_with_trigger to 2025-04-13 16:00:00+00:00, run_after=2025-04-13 20:00:00+00:00
[2025-04-13T21:37:28.563+0000] {processor.py:208} INFO - Processing /home/airflow/.local/lib/python3.12/site-packages/airflow/example_dags/example_latest_only_with_trigger.py took 3.994 seconds
[2025-04-13T22:32:13.409+0000] {processor.py:186} INFO - Started process (PID=149) to work on /home/airflow/.local/lib/python3.12/site-packages/airflow/example_dags/example_latest_only_with_trigger.py
[2025-04-13T22:32:13.414+0000] {processor.py:914} INFO - Processing file /home/airflow/.local/lib/python3.12/site-packages/airflow/example_dags/example_latest_only_with_trigger.py for tasks to queue
[2025-04-13T22:32:13.479+0000] {logging_mixin.py:190} INFO - [2025-04-13T22:32:13.467+0000] {dagbag.py:588} INFO - Filling up the DagBag from /home/airflow/.local/lib/python3.12/site-packages/airflow/example_dags/example_latest_only_with_trigger.py
[2025-04-13T22:32:13.577+0000] {processor.py:925} INFO - DAG(s) 'latest_only_with_trigger' retrieved from /home/airflow/.local/lib/python3.12/site-packages/airflow/example_dags/example_latest_only_with_trigger.py
[2025-04-13T22:32:13.900+0000] {logging_mixin.py:190} INFO - [2025-04-13T22:32:13.899+0000] {dag.py:3239} INFO - Sync 1 DAGs
[2025-04-13T22:32:14.191+0000] {logging_mixin.py:190} INFO - [2025-04-13T22:32:14.190+0000] {dag.py:4180} INFO - Setting next_dagrun for latest_only_with_trigger to 2025-04-13 16:00:00+00:00, run_after=2025-04-13 20:00:00+00:00
[2025-04-13T22:32:14.683+0000] {processor.py:208} INFO - Processing /home/airflow/.local/lib/python3.12/site-packages/airflow/example_dags/example_latest_only_with_trigger.py took 1.306 seconds
[2025-04-13T22:32:48.400+0000] {processor.py:186} INFO - Started process (PID=212) to work on /home/airflow/.local/lib/python3.12/site-packages/airflow/example_dags/example_latest_only_with_trigger.py
[2025-04-13T22:32:48.402+0000] {processor.py:914} INFO - Processing file /home/airflow/.local/lib/python3.12/site-packages/airflow/example_dags/example_latest_only_with_trigger.py for tasks to queue
[2025-04-13T22:32:48.414+0000] {logging_mixin.py:190} INFO - [2025-04-13T22:32:48.407+0000] {dagbag.py:588} INFO - Filling up the DagBag from /home/airflow/.local/lib/python3.12/site-packages/airflow/example_dags/example_latest_only_with_trigger.py
[2025-04-13T22:32:48.446+0000] {processor.py:925} INFO - DAG(s) 'latest_only_with_trigger' retrieved from /home/airflow/.local/lib/python3.12/site-packages/airflow/example_dags/example_latest_only_with_trigger.py
[2025-04-13T22:32:48.614+0000] {logging_mixin.py:190} INFO - [2025-04-13T22:32:48.609+0000] {dag.py:3239} INFO - Sync 1 DAGs
[2025-04-13T22:32:48.839+0000] {logging_mixin.py:190} INFO - [2025-04-13T22:32:48.838+0000] {dag.py:4180} INFO - Setting next_dagrun for latest_only_with_trigger to 2025-04-13 16:00:00+00:00, run_after=2025-04-13 20:00:00+00:00
[2025-04-13T22:32:48.944+0000] {processor.py:208} INFO - Processing /home/airflow/.local/lib/python3.12/site-packages/airflow/example_dags/example_latest_only_with_trigger.py took 0.592 seconds
[2025-04-13T22:33:21.357+0000] {processor.py:186} INFO - Started process (PID=276) to work on /home/airflow/.local/lib/python3.12/site-packages/airflow/example_dags/example_latest_only_with_trigger.py
[2025-04-13T22:33:21.360+0000] {processor.py:914} INFO - Processing file /home/airflow/.local/lib/python3.12/site-packages/airflow/example_dags/example_latest_only_with_trigger.py for tasks to queue
[2025-04-13T22:33:21.365+0000] {logging_mixin.py:190} INFO - [2025-04-13T22:33:21.364+0000] {dagbag.py:588} INFO - Filling up the DagBag from /home/airflow/.local/lib/python3.12/site-packages/airflow/example_dags/example_latest_only_with_trigger.py
[2025-04-13T22:33:21.381+0000] {processor.py:925} INFO - DAG(s) 'latest_only_with_trigger' retrieved from /home/airflow/.local/lib/python3.12/site-packages/airflow/example_dags/example_latest_only_with_trigger.py
[2025-04-13T22:33:21.435+0000] {logging_mixin.py:190} INFO - [2025-04-13T22:33:21.434+0000] {dag.py:3239} INFO - Sync 1 DAGs
[2025-04-13T22:33:21.490+0000] {logging_mixin.py:190} INFO - [2025-04-13T22:33:21.489+0000] {dag.py:4180} INFO - Setting next_dagrun for latest_only_with_trigger to 2025-04-13 16:00:00+00:00, run_after=2025-04-13 20:00:00+00:00
[2025-04-13T22:33:21.563+0000] {processor.py:208} INFO - Processing /home/airflow/.local/lib/python3.12/site-packages/airflow/example_dags/example_latest_only_with_trigger.py took 0.219 seconds
[2025-04-13T22:33:54.464+0000] {processor.py:186} INFO - Started process (PID=340) to work on /home/airflow/.local/lib/python3.12/site-packages/airflow/example_dags/example_latest_only_with_trigger.py
[2025-04-13T22:33:54.467+0000] {processor.py:914} INFO - Processing file /home/airflow/.local/lib/python3.12/site-packages/airflow/example_dags/example_latest_only_with_trigger.py for tasks to queue
[2025-04-13T22:33:54.474+0000] {logging_mixin.py:190} INFO - [2025-04-13T22:33:54.473+0000] {dagbag.py:588} INFO - Filling up the DagBag from /home/airflow/.local/lib/python3.12/site-packages/airflow/example_dags/example_latest_only_with_trigger.py
[2025-04-13T22:33:54.517+0000] {processor.py:925} INFO - DAG(s) 'latest_only_with_trigger' retrieved from /home/airflow/.local/lib/python3.12/site-packages/airflow/example_dags/example_latest_only_with_trigger.py
[2025-04-13T22:33:54.601+0000] {logging_mixin.py:190} INFO - [2025-04-13T22:33:54.601+0000] {dag.py:3239} INFO - Sync 1 DAGs
[2025-04-13T22:33:54.699+0000] {logging_mixin.py:190} INFO - [2025-04-13T22:33:54.698+0000] {dag.py:4180} INFO - Setting next_dagrun for latest_only_with_trigger to 2025-04-13 16:00:00+00:00, run_after=2025-04-13 20:00:00+00:00
[2025-04-13T22:33:54.759+0000] {processor.py:208} INFO - Processing /home/airflow/.local/lib/python3.12/site-packages/airflow/example_dags/example_latest_only_with_trigger.py took 0.310 seconds
[2025-04-13T22:34:33.630+0000] {processor.py:186} INFO - Started process (PID=410) to work on /home/airflow/.local/lib/python3.12/site-packages/airflow/example_dags/example_latest_only_with_trigger.py
[2025-04-13T22:34:33.634+0000] {processor.py:914} INFO - Processing file /home/airflow/.local/lib/python3.12/site-packages/airflow/example_dags/example_latest_only_with_trigger.py for tasks to queue
[2025-04-13T22:34:33.639+0000] {logging_mixin.py:190} INFO - [2025-04-13T22:34:33.639+0000] {dagbag.py:588} INFO - Filling up the DagBag from /home/airflow/.local/lib/python3.12/site-packages/airflow/example_dags/example_latest_only_with_trigger.py
[2025-04-13T22:34:33.659+0000] {processor.py:925} INFO - DAG(s) 'latest_only_with_trigger' retrieved from /home/airflow/.local/lib/python3.12/site-packages/airflow/example_dags/example_latest_only_with_trigger.py
[2025-04-13T22:34:33.725+0000] {logging_mixin.py:190} INFO - [2025-04-13T22:34:33.724+0000] {dag.py:3239} INFO - Sync 1 DAGs
[2025-04-13T22:34:33.825+0000] {logging_mixin.py:190} INFO - [2025-04-13T22:34:33.824+0000] {dag.py:4180} INFO - Setting next_dagrun for latest_only_with_trigger to 2025-04-13 16:00:00+00:00, run_after=2025-04-13 20:00:00+00:00
[2025-04-13T22:34:33.918+0000] {processor.py:208} INFO - Processing /home/airflow/.local/lib/python3.12/site-packages/airflow/example_dags/example_latest_only_with_trigger.py took 0.306 seconds
[2025-04-13T22:35:23.077+0000] {processor.py:186} INFO - Started process (PID=486) to work on /home/airflow/.local/lib/python3.12/site-packages/airflow/example_dags/example_latest_only_with_trigger.py
[2025-04-13T22:35:23.079+0000] {processor.py:914} INFO - Processing file /home/airflow/.local/lib/python3.12/site-packages/airflow/example_dags/example_latest_only_with_trigger.py for tasks to queue
[2025-04-13T22:35:23.095+0000] {logging_mixin.py:190} INFO - [2025-04-13T22:35:23.094+0000] {dagbag.py:588} INFO - Filling up the DagBag from /home/airflow/.local/lib/python3.12/site-packages/airflow/example_dags/example_latest_only_with_trigger.py
[2025-04-13T22:35:23.114+0000] {processor.py:925} INFO - DAG(s) 'latest_only_with_trigger' retrieved from /home/airflow/.local/lib/python3.12/site-packages/airflow/example_dags/example_latest_only_with_trigger.py
[2025-04-13T22:35:23.197+0000] {logging_mixin.py:190} INFO - [2025-04-13T22:35:23.196+0000] {dag.py:3239} INFO - Sync 1 DAGs
[2025-04-13T22:35:23.321+0000] {logging_mixin.py:190} INFO - [2025-04-13T22:35:23.320+0000] {dag.py:4180} INFO - Setting next_dagrun for latest_only_with_trigger to 2025-04-13 16:00:00+00:00, run_after=2025-04-13 20:00:00+00:00
[2025-04-13T22:35:23.380+0000] {processor.py:208} INFO - Processing /home/airflow/.local/lib/python3.12/site-packages/airflow/example_dags/example_latest_only_with_trigger.py took 0.317 seconds
[2025-04-13T22:36:04.192+0000] {processor.py:186} INFO - Started process (PID=563) to work on /home/airflow/.local/lib/python3.12/site-packages/airflow/example_dags/example_latest_only_with_trigger.py
[2025-04-13T22:36:04.195+0000] {processor.py:914} INFO - Processing file /home/airflow/.local/lib/python3.12/site-packages/airflow/example_dags/example_latest_only_with_trigger.py for tasks to queue
[2025-04-13T22:36:04.203+0000] {logging_mixin.py:190} INFO - [2025-04-13T22:36:04.203+0000] {dagbag.py:588} INFO - Filling up the DagBag from /home/airflow/.local/lib/python3.12/site-packages/airflow/example_dags/example_latest_only_with_trigger.py
[2025-04-13T22:36:04.222+0000] {processor.py:925} INFO - DAG(s) 'latest_only_with_trigger' retrieved from /home/airflow/.local/lib/python3.12/site-packages/airflow/example_dags/example_latest_only_with_trigger.py
[2025-04-13T22:36:04.308+0000] {logging_mixin.py:190} INFO - [2025-04-13T22:36:04.308+0000] {dag.py:3239} INFO - Sync 1 DAGs
[2025-04-13T22:36:04.505+0000] {logging_mixin.py:190} INFO - [2025-04-13T22:36:04.505+0000] {dag.py:4180} INFO - Setting next_dagrun for latest_only_with_trigger to 2025-04-13 16:00:00+00:00, run_after=2025-04-13 20:00:00+00:00
[2025-04-13T22:36:04.636+0000] {processor.py:208} INFO - Processing /home/airflow/.local/lib/python3.12/site-packages/airflow/example_dags/example_latest_only_with_trigger.py took 0.459 seconds
[2025-04-13T22:36:42.984+0000] {processor.py:186} INFO - Started process (PID=627) to work on /home/airflow/.local/lib/python3.12/site-packages/airflow/example_dags/example_latest_only_with_trigger.py
[2025-04-13T22:36:42.991+0000] {processor.py:914} INFO - Processing file /home/airflow/.local/lib/python3.12/site-packages/airflow/example_dags/example_latest_only_with_trigger.py for tasks to queue
[2025-04-13T22:36:43.000+0000] {logging_mixin.py:190} INFO - [2025-04-13T22:36:42.999+0000] {dagbag.py:588} INFO - Filling up the DagBag from /home/airflow/.local/lib/python3.12/site-packages/airflow/example_dags/example_latest_only_with_trigger.py
[2025-04-13T22:36:43.020+0000] {processor.py:925} INFO - DAG(s) 'latest_only_with_trigger' retrieved from /home/airflow/.local/lib/python3.12/site-packages/airflow/example_dags/example_latest_only_with_trigger.py
[2025-04-13T22:36:43.096+0000] {logging_mixin.py:190} INFO - [2025-04-13T22:36:43.095+0000] {dag.py:3239} INFO - Sync 1 DAGs
[2025-04-13T22:36:43.243+0000] {logging_mixin.py:190} INFO - [2025-04-13T22:36:43.242+0000] {dag.py:4180} INFO - Setting next_dagrun for latest_only_with_trigger to 2025-04-13 16:00:00+00:00, run_after=2025-04-13 20:00:00+00:00
[2025-04-13T22:36:43.362+0000] {processor.py:208} INFO - Processing /home/airflow/.local/lib/python3.12/site-packages/airflow/example_dags/example_latest_only_with_trigger.py took 0.394 seconds
[2025-04-13T22:37:46.476+0000] {processor.py:186} INFO - Started process (PID=706) to work on /home/airflow/.local/lib/python3.12/site-packages/airflow/example_dags/example_latest_only_with_trigger.py
[2025-04-13T22:37:46.480+0000] {processor.py:914} INFO - Processing file /home/airflow/.local/lib/python3.12/site-packages/airflow/example_dags/example_latest_only_with_trigger.py for tasks to queue
[2025-04-13T22:37:46.511+0000] {logging_mixin.py:190} INFO - [2025-04-13T22:37:46.501+0000] {dagbag.py:588} INFO - Filling up the DagBag from /home/airflow/.local/lib/python3.12/site-packages/airflow/example_dags/example_latest_only_with_trigger.py
[2025-04-13T22:37:46.597+0000] {processor.py:925} INFO - DAG(s) 'latest_only_with_trigger' retrieved from /home/airflow/.local/lib/python3.12/site-packages/airflow/example_dags/example_latest_only_with_trigger.py
[2025-04-13T22:37:46.980+0000] {logging_mixin.py:190} INFO - [2025-04-13T22:37:46.980+0000] {dag.py:3239} INFO - Sync 1 DAGs
[2025-04-13T22:37:47.232+0000] {logging_mixin.py:190} INFO - [2025-04-13T22:37:47.231+0000] {dag.py:4180} INFO - Setting next_dagrun for latest_only_with_trigger to 2025-04-13 16:00:00+00:00, run_after=2025-04-13 20:00:00+00:00
[2025-04-13T22:37:47.503+0000] {processor.py:208} INFO - Processing /home/airflow/.local/lib/python3.12/site-packages/airflow/example_dags/example_latest_only_with_trigger.py took 1.117 seconds
[2025-04-13T22:38:31.891+0000] {processor.py:186} INFO - Started process (PID=777) to work on /home/airflow/.local/lib/python3.12/site-packages/airflow/example_dags/example_latest_only_with_trigger.py
[2025-04-13T22:38:31.897+0000] {processor.py:914} INFO - Processing file /home/airflow/.local/lib/python3.12/site-packages/airflow/example_dags/example_latest_only_with_trigger.py for tasks to queue
[2025-04-13T22:38:31.903+0000] {logging_mixin.py:190} INFO - [2025-04-13T22:38:31.903+0000] {dagbag.py:588} INFO - Filling up the DagBag from /home/airflow/.local/lib/python3.12/site-packages/airflow/example_dags/example_latest_only_with_trigger.py
[2025-04-13T22:38:31.922+0000] {processor.py:925} INFO - DAG(s) 'latest_only_with_trigger' retrieved from /home/airflow/.local/lib/python3.12/site-packages/airflow/example_dags/example_latest_only_with_trigger.py
[2025-04-13T22:38:32.012+0000] {logging_mixin.py:190} INFO - [2025-04-13T22:38:32.011+0000] {dag.py:3239} INFO - Sync 1 DAGs
[2025-04-13T22:38:32.108+0000] {logging_mixin.py:190} INFO - [2025-04-13T22:38:32.108+0000] {dag.py:4180} INFO - Setting next_dagrun for latest_only_with_trigger to 2025-04-13 16:00:00+00:00, run_after=2025-04-13 20:00:00+00:00
[2025-04-13T22:38:32.222+0000] {processor.py:208} INFO - Processing /home/airflow/.local/lib/python3.12/site-packages/airflow/example_dags/example_latest_only_with_trigger.py took 0.365 seconds
[2025-04-13T22:39:12.192+0000] {processor.py:186} INFO - Started process (PID=851) to work on /home/airflow/.local/lib/python3.12/site-packages/airflow/example_dags/example_latest_only_with_trigger.py
[2025-04-13T22:39:12.204+0000] {processor.py:914} INFO - Processing file /home/airflow/.local/lib/python3.12/site-packages/airflow/example_dags/example_latest_only_with_trigger.py for tasks to queue
[2025-04-13T22:39:12.217+0000] {logging_mixin.py:190} INFO - [2025-04-13T22:39:12.217+0000] {dagbag.py:588} INFO - Filling up the DagBag from /home/airflow/.local/lib/python3.12/site-packages/airflow/example_dags/example_latest_only_with_trigger.py
[2025-04-13T22:39:12.260+0000] {processor.py:925} INFO - DAG(s) 'latest_only_with_trigger' retrieved from /home/airflow/.local/lib/python3.12/site-packages/airflow/example_dags/example_latest_only_with_trigger.py
[2025-04-13T22:39:12.371+0000] {logging_mixin.py:190} INFO - [2025-04-13T22:39:12.370+0000] {dag.py:3239} INFO - Sync 1 DAGs
[2025-04-13T22:39:12.463+0000] {logging_mixin.py:190} INFO - [2025-04-13T22:39:12.462+0000] {dag.py:4180} INFO - Setting next_dagrun for latest_only_with_trigger to 2025-04-13 16:00:00+00:00, run_after=2025-04-13 20:00:00+00:00
[2025-04-13T22:39:12.655+0000] {processor.py:208} INFO - Processing /home/airflow/.local/lib/python3.12/site-packages/airflow/example_dags/example_latest_only_with_trigger.py took 0.497 seconds
[2025-04-13T22:40:14.241+0000] {processor.py:186} INFO - Started process (PID=919) to work on /home/airflow/.local/lib/python3.12/site-packages/airflow/example_dags/example_latest_only_with_trigger.py
[2025-04-13T22:40:14.272+0000] {processor.py:914} INFO - Processing file /home/airflow/.local/lib/python3.12/site-packages/airflow/example_dags/example_latest_only_with_trigger.py for tasks to queue
[2025-04-13T22:40:14.334+0000] {logging_mixin.py:190} INFO - [2025-04-13T22:40:14.333+0000] {dagbag.py:588} INFO - Filling up the DagBag from /home/airflow/.local/lib/python3.12/site-packages/airflow/example_dags/example_latest_only_with_trigger.py
[2025-04-13T22:40:14.474+0000] {processor.py:925} INFO - DAG(s) 'latest_only_with_trigger' retrieved from /home/airflow/.local/lib/python3.12/site-packages/airflow/example_dags/example_latest_only_with_trigger.py
[2025-04-13T22:40:15.129+0000] {logging_mixin.py:190} INFO - [2025-04-13T22:40:15.129+0000] {dag.py:3239} INFO - Sync 1 DAGs
[2025-04-13T22:40:15.612+0000] {logging_mixin.py:190} INFO - [2025-04-13T22:40:15.611+0000] {dag.py:4180} INFO - Setting next_dagrun for latest_only_with_trigger to 2025-04-13 16:00:00+00:00, run_after=2025-04-13 20:00:00+00:00
[2025-04-13T22:40:15.725+0000] {processor.py:208} INFO - Processing /home/airflow/.local/lib/python3.12/site-packages/airflow/example_dags/example_latest_only_with_trigger.py took 1.608 seconds
[2025-04-13T22:42:09.710+0000] {processor.py:186} INFO - Started process (PID=1022) to work on /home/airflow/.local/lib/python3.12/site-packages/airflow/example_dags/example_latest_only_with_trigger.py
[2025-04-13T22:42:09.713+0000] {processor.py:914} INFO - Processing file /home/airflow/.local/lib/python3.12/site-packages/airflow/example_dags/example_latest_only_with_trigger.py for tasks to queue
[2025-04-13T22:42:09.723+0000] {logging_mixin.py:190} INFO - [2025-04-13T22:42:09.722+0000] {dagbag.py:588} INFO - Filling up the DagBag from /home/airflow/.local/lib/python3.12/site-packages/airflow/example_dags/example_latest_only_with_trigger.py
[2025-04-13T22:42:09.743+0000] {processor.py:925} INFO - DAG(s) 'latest_only_with_trigger' retrieved from /home/airflow/.local/lib/python3.12/site-packages/airflow/example_dags/example_latest_only_with_trigger.py
[2025-04-13T22:42:09.889+0000] {logging_mixin.py:190} INFO - [2025-04-13T22:42:09.878+0000] {dag.py:3239} INFO - Sync 1 DAGs
[2025-04-13T22:42:09.977+0000] {logging_mixin.py:190} INFO - [2025-04-13T22:42:09.977+0000] {dag.py:4180} INFO - Setting next_dagrun for latest_only_with_trigger to 2025-04-13 16:00:00+00:00, run_after=2025-04-13 20:00:00+00:00
[2025-04-13T22:42:10.055+0000] {processor.py:208} INFO - Processing /home/airflow/.local/lib/python3.12/site-packages/airflow/example_dags/example_latest_only_with_trigger.py took 0.359 seconds
[2025-04-13T22:42:46.868+0000] {processor.py:186} INFO - Started process (PID=1092) to work on /home/airflow/.local/lib/python3.12/site-packages/airflow/example_dags/example_latest_only_with_trigger.py
[2025-04-13T22:42:46.899+0000] {processor.py:914} INFO - Processing file /home/airflow/.local/lib/python3.12/site-packages/airflow/example_dags/example_latest_only_with_trigger.py for tasks to queue
[2025-04-13T22:42:46.909+0000] {logging_mixin.py:190} INFO - [2025-04-13T22:42:46.909+0000] {dagbag.py:588} INFO - Filling up the DagBag from /home/airflow/.local/lib/python3.12/site-packages/airflow/example_dags/example_latest_only_with_trigger.py
[2025-04-13T22:42:46.962+0000] {processor.py:925} INFO - DAG(s) 'latest_only_with_trigger' retrieved from /home/airflow/.local/lib/python3.12/site-packages/airflow/example_dags/example_latest_only_with_trigger.py
[2025-04-13T22:42:47.079+0000] {logging_mixin.py:190} INFO - [2025-04-13T22:42:47.078+0000] {dag.py:3239} INFO - Sync 1 DAGs
[2025-04-13T22:42:47.215+0000] {logging_mixin.py:190} INFO - [2025-04-13T22:42:47.214+0000] {dag.py:4180} INFO - Setting next_dagrun for latest_only_with_trigger to 2025-04-13 16:00:00+00:00, run_after=2025-04-13 20:00:00+00:00
[2025-04-13T22:42:47.351+0000] {processor.py:208} INFO - Processing /home/airflow/.local/lib/python3.12/site-packages/airflow/example_dags/example_latest_only_with_trigger.py took 0.538 seconds
[2025-04-13T22:44:18.202+0000] {processor.py:186} INFO - Started process (PID=1173) to work on /home/airflow/.local/lib/python3.12/site-packages/airflow/example_dags/example_latest_only_with_trigger.py
[2025-04-13T22:44:18.231+0000] {processor.py:914} INFO - Processing file /home/airflow/.local/lib/python3.12/site-packages/airflow/example_dags/example_latest_only_with_trigger.py for tasks to queue
[2025-04-13T22:44:18.290+0000] {logging_mixin.py:190} INFO - [2025-04-13T22:44:18.289+0000] {dagbag.py:588} INFO - Filling up the DagBag from /home/airflow/.local/lib/python3.12/site-packages/airflow/example_dags/example_latest_only_with_trigger.py
[2025-04-13T22:44:18.443+0000] {processor.py:925} INFO - DAG(s) 'latest_only_with_trigger' retrieved from /home/airflow/.local/lib/python3.12/site-packages/airflow/example_dags/example_latest_only_with_trigger.py
[2025-04-13T22:44:18.771+0000] {logging_mixin.py:190} INFO - [2025-04-13T22:44:18.770+0000] {dag.py:3239} INFO - Sync 1 DAGs
[2025-04-13T22:44:19.368+0000] {logging_mixin.py:190} INFO - [2025-04-13T22:44:19.366+0000] {dag.py:4180} INFO - Setting next_dagrun for latest_only_with_trigger to 2025-04-13 16:00:00+00:00, run_after=2025-04-13 20:00:00+00:00
[2025-04-13T22:44:19.986+0000] {processor.py:208} INFO - Processing /home/airflow/.local/lib/python3.12/site-packages/airflow/example_dags/example_latest_only_with_trigger.py took 1.882 seconds
[2025-04-13T22:45:33.680+0000] {processor.py:186} INFO - Started process (PID=1250) to work on /home/airflow/.local/lib/python3.12/site-packages/airflow/example_dags/example_latest_only_with_trigger.py
[2025-04-13T22:45:33.706+0000] {processor.py:914} INFO - Processing file /home/airflow/.local/lib/python3.12/site-packages/airflow/example_dags/example_latest_only_with_trigger.py for tasks to queue
[2025-04-13T22:45:33.800+0000] {logging_mixin.py:190} INFO - [2025-04-13T22:45:33.799+0000] {dagbag.py:588} INFO - Filling up the DagBag from /home/airflow/.local/lib/python3.12/site-packages/airflow/example_dags/example_latest_only_with_trigger.py
[2025-04-13T22:45:33.895+0000] {processor.py:925} INFO - DAG(s) 'latest_only_with_trigger' retrieved from /home/airflow/.local/lib/python3.12/site-packages/airflow/example_dags/example_latest_only_with_trigger.py
[2025-04-13T22:45:34.510+0000] {logging_mixin.py:190} INFO - [2025-04-13T22:45:34.510+0000] {dag.py:3239} INFO - Sync 1 DAGs
[2025-04-13T22:45:34.800+0000] {logging_mixin.py:190} INFO - [2025-04-13T22:45:34.799+0000] {dag.py:4180} INFO - Setting next_dagrun for latest_only_with_trigger to 2025-04-13 16:00:00+00:00, run_after=2025-04-13 20:00:00+00:00
