[2025-04-13T16:48:44.785+0000] {processor.py:186} INFO - Started process (PID=106) to work on /home/airflow/.local/lib/python3.12/site-packages/airflow/example_dags/example_kubernetes_executor.py
[2025-04-13T16:48:44.788+0000] {processor.py:914} INFO - Processing file /home/airflow/.local/lib/python3.12/site-packages/airflow/example_dags/example_kubernetes_executor.py for tasks to queue
[2025-04-13T16:48:44.824+0000] {logging_mixin.py:190} INFO - [2025-04-13T16:48:44.823+0000] {dagbag.py:588} INFO - Filling up the DagBag from /home/airflow/.local/lib/python3.12/site-packages/airflow/example_dags/example_kubernetes_executor.py
[2025-04-13T16:48:45.080+0000] {processor.py:925} INFO - DAG(s) 'example_kubernetes_executor' retrieved from /home/airflow/.local/lib/python3.12/site-packages/airflow/example_dags/example_kubernetes_executor.py
[2025-04-13T16:48:46.895+0000] {logging_mixin.py:190} INFO - [2025-04-13T16:48:46.894+0000] {override.py:1912} INFO - Created Permission View: can read on DAG:example_kubernetes_executor
[2025-04-13T16:48:47.235+0000] {logging_mixin.py:190} INFO - [2025-04-13T16:48:47.234+0000] {override.py:1912} INFO - Created Permission View: can edit on DAG:example_kubernetes_executor
[2025-04-13T16:48:47.673+0000] {logging_mixin.py:190} INFO - [2025-04-13T16:48:47.649+0000] {override.py:1912} INFO - Created Permission View: can delete on DAG:example_kubernetes_executor
[2025-04-13T16:48:47.997+0000] {logging_mixin.py:190} INFO - [2025-04-13T16:48:47.995+0000] {override.py:1912} INFO - Created Permission View: can read on DAG Run:example_kubernetes_executor
[2025-04-13T16:48:48.316+0000] {logging_mixin.py:190} INFO - [2025-04-13T16:48:48.315+0000] {override.py:1912} INFO - Created Permission View: menu access on DAG Run:example_kubernetes_executor
[2025-04-13T16:48:48.479+0000] {logging_mixin.py:190} INFO - [2025-04-13T16:48:48.479+0000] {override.py:1912} INFO - Created Permission View: can create on DAG Run:example_kubernetes_executor
[2025-04-13T16:48:48.928+0000] {logging_mixin.py:190} INFO - [2025-04-13T16:48:48.905+0000] {override.py:1912} INFO - Created Permission View: can delete on DAG Run:example_kubernetes_executor
[2025-04-13T16:48:48.940+0000] {logging_mixin.py:190} INFO - [2025-04-13T16:48:48.940+0000] {dag.py:3239} INFO - Sync 1 DAGs
[2025-04-13T16:48:49.205+0000] {logging_mixin.py:190} INFO - [2025-04-13T16:48:49.203+0000] {dag.py:3262} INFO - Creating ORM DAG for example_kubernetes_executor
[2025-04-13T16:48:49.209+0000] {logging_mixin.py:190} INFO - [2025-04-13T16:48:49.209+0000] {dag.py:4180} INFO - Setting next_dagrun for example_kubernetes_executor to None, run_after=None
[2025-04-13T16:48:49.427+0000] {processor.py:208} INFO - Processing /home/airflow/.local/lib/python3.12/site-packages/airflow/example_dags/example_kubernetes_executor.py took 4.693 seconds
[2025-04-13T16:50:39.293+0000] {processor.py:186} INFO - Started process (PID=182) to work on /home/airflow/.local/lib/python3.12/site-packages/airflow/example_dags/example_kubernetes_executor.py
[2025-04-13T16:50:39.297+0000] {processor.py:914} INFO - Processing file /home/airflow/.local/lib/python3.12/site-packages/airflow/example_dags/example_kubernetes_executor.py for tasks to queue
[2025-04-13T16:50:39.309+0000] {logging_mixin.py:190} INFO - [2025-04-13T16:50:39.308+0000] {dagbag.py:588} INFO - Filling up the DagBag from /home/airflow/.local/lib/python3.12/site-packages/airflow/example_dags/example_kubernetes_executor.py
[2025-04-13T16:50:39.366+0000] {processor.py:925} INFO - DAG(s) 'example_kubernetes_executor' retrieved from /home/airflow/.local/lib/python3.12/site-packages/airflow/example_dags/example_kubernetes_executor.py
[2025-04-13T16:50:39.479+0000] {logging_mixin.py:190} INFO - [2025-04-13T16:50:39.479+0000] {dag.py:3239} INFO - Sync 1 DAGs
[2025-04-13T16:50:39.553+0000] {logging_mixin.py:190} INFO - [2025-04-13T16:50:39.543+0000] {dag.py:4180} INFO - Setting next_dagrun for example_kubernetes_executor to None, run_after=None
[2025-04-13T16:50:39.622+0000] {processor.py:208} INFO - Processing /home/airflow/.local/lib/python3.12/site-packages/airflow/example_dags/example_kubernetes_executor.py took 0.356 seconds
[2025-04-13T16:51:20.500+0000] {processor.py:186} INFO - Started process (PID=252) to work on /home/airflow/.local/lib/python3.12/site-packages/airflow/example_dags/example_kubernetes_executor.py
[2025-04-13T16:51:20.614+0000] {processor.py:914} INFO - Processing file /home/airflow/.local/lib/python3.12/site-packages/airflow/example_dags/example_kubernetes_executor.py for tasks to queue
[2025-04-13T16:51:20.623+0000] {logging_mixin.py:190} INFO - [2025-04-13T16:51:20.622+0000] {dagbag.py:588} INFO - Filling up the DagBag from /home/airflow/.local/lib/python3.12/site-packages/airflow/example_dags/example_kubernetes_executor.py
[2025-04-13T16:51:20.682+0000] {processor.py:925} INFO - DAG(s) 'example_kubernetes_executor' retrieved from /home/airflow/.local/lib/python3.12/site-packages/airflow/example_dags/example_kubernetes_executor.py
[2025-04-13T16:51:20.777+0000] {logging_mixin.py:190} INFO - [2025-04-13T16:51:20.777+0000] {dag.py:3239} INFO - Sync 1 DAGs
[2025-04-13T16:51:20.841+0000] {logging_mixin.py:190} INFO - [2025-04-13T16:51:20.840+0000] {dag.py:4180} INFO - Setting next_dagrun for example_kubernetes_executor to None, run_after=None
[2025-04-13T16:51:21.066+0000] {processor.py:208} INFO - Processing /home/airflow/.local/lib/python3.12/site-packages/airflow/example_dags/example_kubernetes_executor.py took 0.587 seconds
[2025-04-13T16:51:51.560+0000] {processor.py:186} INFO - Started process (PID=314) to work on /home/airflow/.local/lib/python3.12/site-packages/airflow/example_dags/example_kubernetes_executor.py
[2025-04-13T16:51:51.562+0000] {processor.py:914} INFO - Processing file /home/airflow/.local/lib/python3.12/site-packages/airflow/example_dags/example_kubernetes_executor.py for tasks to queue
[2025-04-13T16:51:51.568+0000] {logging_mixin.py:190} INFO - [2025-04-13T16:51:51.567+0000] {dagbag.py:588} INFO - Filling up the DagBag from /home/airflow/.local/lib/python3.12/site-packages/airflow/example_dags/example_kubernetes_executor.py
[2025-04-13T16:51:51.620+0000] {processor.py:925} INFO - DAG(s) 'example_kubernetes_executor' retrieved from /home/airflow/.local/lib/python3.12/site-packages/airflow/example_dags/example_kubernetes_executor.py
[2025-04-13T16:51:51.712+0000] {logging_mixin.py:190} INFO - [2025-04-13T16:51:51.711+0000] {dag.py:3239} INFO - Sync 1 DAGs
[2025-04-13T16:51:51.770+0000] {logging_mixin.py:190} INFO - [2025-04-13T16:51:51.769+0000] {dag.py:4180} INFO - Setting next_dagrun for example_kubernetes_executor to None, run_after=None
[2025-04-13T16:51:51.829+0000] {processor.py:208} INFO - Processing /home/airflow/.local/lib/python3.12/site-packages/airflow/example_dags/example_kubernetes_executor.py took 0.281 seconds
[2025-04-13T16:52:22.058+0000] {processor.py:186} INFO - Started process (PID=377) to work on /home/airflow/.local/lib/python3.12/site-packages/airflow/example_dags/example_kubernetes_executor.py
[2025-04-13T16:52:22.062+0000] {processor.py:914} INFO - Processing file /home/airflow/.local/lib/python3.12/site-packages/airflow/example_dags/example_kubernetes_executor.py for tasks to queue
[2025-04-13T16:52:22.069+0000] {logging_mixin.py:190} INFO - [2025-04-13T16:52:22.068+0000] {dagbag.py:588} INFO - Filling up the DagBag from /home/airflow/.local/lib/python3.12/site-packages/airflow/example_dags/example_kubernetes_executor.py
[2025-04-13T16:52:22.142+0000] {processor.py:925} INFO - DAG(s) 'example_kubernetes_executor' retrieved from /home/airflow/.local/lib/python3.12/site-packages/airflow/example_dags/example_kubernetes_executor.py
[2025-04-13T16:52:22.205+0000] {logging_mixin.py:190} INFO - [2025-04-13T16:52:22.204+0000] {dag.py:3239} INFO - Sync 1 DAGs
[2025-04-13T16:52:22.234+0000] {logging_mixin.py:190} INFO - [2025-04-13T16:52:22.234+0000] {dag.py:4180} INFO - Setting next_dagrun for example_kubernetes_executor to None, run_after=None
[2025-04-13T16:52:22.277+0000] {processor.py:208} INFO - Processing /home/airflow/.local/lib/python3.12/site-packages/airflow/example_dags/example_kubernetes_executor.py took 0.233 seconds
[2025-04-13T16:53:00.422+0000] {processor.py:186} INFO - Started process (PID=439) to work on /home/airflow/.local/lib/python3.12/site-packages/airflow/example_dags/example_kubernetes_executor.py
[2025-04-13T16:53:00.426+0000] {processor.py:914} INFO - Processing file /home/airflow/.local/lib/python3.12/site-packages/airflow/example_dags/example_kubernetes_executor.py for tasks to queue
[2025-04-13T16:53:00.433+0000] {logging_mixin.py:190} INFO - [2025-04-13T16:53:00.432+0000] {dagbag.py:588} INFO - Filling up the DagBag from /home/airflow/.local/lib/python3.12/site-packages/airflow/example_dags/example_kubernetes_executor.py
[2025-04-13T16:53:00.587+0000] {processor.py:925} INFO - DAG(s) 'example_kubernetes_executor' retrieved from /home/airflow/.local/lib/python3.12/site-packages/airflow/example_dags/example_kubernetes_executor.py
[2025-04-13T16:53:00.731+0000] {logging_mixin.py:190} INFO - [2025-04-13T16:53:00.730+0000] {dag.py:3239} INFO - Sync 1 DAGs
[2025-04-13T16:53:00.787+0000] {logging_mixin.py:190} INFO - [2025-04-13T16:53:00.787+0000] {dag.py:4180} INFO - Setting next_dagrun for example_kubernetes_executor to None, run_after=None
[2025-04-13T16:53:00.868+0000] {processor.py:208} INFO - Processing /home/airflow/.local/lib/python3.12/site-packages/airflow/example_dags/example_kubernetes_executor.py took 0.467 seconds
[2025-04-13T16:53:35.162+0000] {processor.py:186} INFO - Started process (PID=476) to work on /home/airflow/.local/lib/python3.12/site-packages/airflow/example_dags/example_kubernetes_executor.py
[2025-04-13T16:53:35.170+0000] {processor.py:914} INFO - Processing file /home/airflow/.local/lib/python3.12/site-packages/airflow/example_dags/example_kubernetes_executor.py for tasks to queue
[2025-04-13T16:53:35.177+0000] {logging_mixin.py:190} INFO - [2025-04-13T16:53:35.176+0000] {dagbag.py:588} INFO - Filling up the DagBag from /home/airflow/.local/lib/python3.12/site-packages/airflow/example_dags/example_kubernetes_executor.py
[2025-04-13T16:53:35.278+0000] {processor.py:925} INFO - DAG(s) 'example_kubernetes_executor' retrieved from /home/airflow/.local/lib/python3.12/site-packages/airflow/example_dags/example_kubernetes_executor.py
[2025-04-13T16:53:35.691+0000] {logging_mixin.py:190} INFO - [2025-04-13T16:53:35.690+0000] {dag.py:3239} INFO - Sync 1 DAGs
[2025-04-13T16:53:35.783+0000] {logging_mixin.py:190} INFO - [2025-04-13T16:53:35.783+0000] {dag.py:4180} INFO - Setting next_dagrun for example_kubernetes_executor to None, run_after=None
[2025-04-13T16:53:35.988+0000] {processor.py:208} INFO - Processing /home/airflow/.local/lib/python3.12/site-packages/airflow/example_dags/example_kubernetes_executor.py took 0.856 seconds
[2025-04-13T16:54:06.247+0000] {processor.py:186} INFO - Started process (PID=540) to work on /home/airflow/.local/lib/python3.12/site-packages/airflow/example_dags/example_kubernetes_executor.py
[2025-04-13T16:54:06.259+0000] {processor.py:914} INFO - Processing file /home/airflow/.local/lib/python3.12/site-packages/airflow/example_dags/example_kubernetes_executor.py for tasks to queue
[2025-04-13T16:54:06.265+0000] {logging_mixin.py:190} INFO - [2025-04-13T16:54:06.264+0000] {dagbag.py:588} INFO - Filling up the DagBag from /home/airflow/.local/lib/python3.12/site-packages/airflow/example_dags/example_kubernetes_executor.py
[2025-04-13T16:54:06.315+0000] {processor.py:925} INFO - DAG(s) 'example_kubernetes_executor' retrieved from /home/airflow/.local/lib/python3.12/site-packages/airflow/example_dags/example_kubernetes_executor.py
[2025-04-13T16:54:06.382+0000] {logging_mixin.py:190} INFO - [2025-04-13T16:54:06.382+0000] {dag.py:3239} INFO - Sync 1 DAGs
[2025-04-13T16:54:06.422+0000] {logging_mixin.py:190} INFO - [2025-04-13T16:54:06.421+0000] {dag.py:4180} INFO - Setting next_dagrun for example_kubernetes_executor to None, run_after=None
[2025-04-13T16:54:06.561+0000] {processor.py:208} INFO - Processing /home/airflow/.local/lib/python3.12/site-packages/airflow/example_dags/example_kubernetes_executor.py took 0.328 seconds
[2025-04-13T16:54:52.342+0000] {processor.py:186} INFO - Started process (PID=604) to work on /home/airflow/.local/lib/python3.12/site-packages/airflow/example_dags/example_kubernetes_executor.py
[2025-04-13T16:54:52.347+0000] {processor.py:914} INFO - Processing file /home/airflow/.local/lib/python3.12/site-packages/airflow/example_dags/example_kubernetes_executor.py for tasks to queue
[2025-04-13T16:54:52.368+0000] {logging_mixin.py:190} INFO - [2025-04-13T16:54:52.367+0000] {dagbag.py:588} INFO - Filling up the DagBag from /home/airflow/.local/lib/python3.12/site-packages/airflow/example_dags/example_kubernetes_executor.py
[2025-04-13T16:54:52.599+0000] {processor.py:925} INFO - DAG(s) 'example_kubernetes_executor' retrieved from /home/airflow/.local/lib/python3.12/site-packages/airflow/example_dags/example_kubernetes_executor.py
[2025-04-13T16:54:52.847+0000] {logging_mixin.py:190} INFO - [2025-04-13T16:54:52.843+0000] {dag.py:3239} INFO - Sync 1 DAGs
[2025-04-13T16:54:53.128+0000] {logging_mixin.py:190} INFO - [2025-04-13T16:54:53.126+0000] {dag.py:4180} INFO - Setting next_dagrun for example_kubernetes_executor to None, run_after=None
[2025-04-13T16:54:53.440+0000] {processor.py:208} INFO - Processing /home/airflow/.local/lib/python3.12/site-packages/airflow/example_dags/example_kubernetes_executor.py took 1.133 seconds
[2025-04-13T17:03:11.199+0000] {processor.py:186} INFO - Started process (PID=109) to work on /home/airflow/.local/lib/python3.12/site-packages/airflow/example_dags/example_kubernetes_executor.py
[2025-04-13T17:03:11.254+0000] {processor.py:914} INFO - Processing file /home/airflow/.local/lib/python3.12/site-packages/airflow/example_dags/example_kubernetes_executor.py for tasks to queue
[2025-04-13T17:03:11.271+0000] {logging_mixin.py:190} INFO - [2025-04-13T17:03:11.270+0000] {dagbag.py:588} INFO - Filling up the DagBag from /home/airflow/.local/lib/python3.12/site-packages/airflow/example_dags/example_kubernetes_executor.py
[2025-04-13T17:03:11.755+0000] {processor.py:925} INFO - DAG(s) 'example_kubernetes_executor' retrieved from /home/airflow/.local/lib/python3.12/site-packages/airflow/example_dags/example_kubernetes_executor.py
[2025-04-13T17:03:12.749+0000] {logging_mixin.py:190} INFO - [2025-04-13T17:03:12.687+0000] {dag.py:3239} INFO - Sync 1 DAGs
[2025-04-13T17:03:13.028+0000] {logging_mixin.py:190} INFO - [2025-04-13T17:03:13.027+0000] {dag.py:4180} INFO - Setting next_dagrun for example_kubernetes_executor to None, run_after=None
[2025-04-13T17:03:13.395+0000] {processor.py:208} INFO - Processing /home/airflow/.local/lib/python3.12/site-packages/airflow/example_dags/example_kubernetes_executor.py took 2.311 seconds
[2025-04-13T17:05:29.510+0000] {processor.py:186} INFO - Started process (PID=190) to work on /home/airflow/.local/lib/python3.12/site-packages/airflow/example_dags/example_kubernetes_executor.py
[2025-04-13T17:05:29.522+0000] {processor.py:914} INFO - Processing file /home/airflow/.local/lib/python3.12/site-packages/airflow/example_dags/example_kubernetes_executor.py for tasks to queue
[2025-04-13T17:05:29.549+0000] {logging_mixin.py:190} INFO - [2025-04-13T17:05:29.549+0000] {dagbag.py:588} INFO - Filling up the DagBag from /home/airflow/.local/lib/python3.12/site-packages/airflow/example_dags/example_kubernetes_executor.py
[2025-04-13T17:05:29.841+0000] {processor.py:925} INFO - DAG(s) 'example_kubernetes_executor' retrieved from /home/airflow/.local/lib/python3.12/site-packages/airflow/example_dags/example_kubernetes_executor.py
[2025-04-13T17:05:30.514+0000] {logging_mixin.py:190} INFO - [2025-04-13T17:05:30.513+0000] {dag.py:3239} INFO - Sync 1 DAGs
[2025-04-13T17:05:31.053+0000] {logging_mixin.py:190} INFO - [2025-04-13T17:05:30.975+0000] {dag.py:4180} INFO - Setting next_dagrun for example_kubernetes_executor to None, run_after=None
[2025-04-13T17:05:31.399+0000] {processor.py:208} INFO - Processing /home/airflow/.local/lib/python3.12/site-packages/airflow/example_dags/example_kubernetes_executor.py took 2.032 seconds
[2025-04-13T17:23:17.186+0000] {processor.py:186} INFO - Started process (PID=158) to work on /home/airflow/.local/lib/python3.12/site-packages/airflow/example_dags/example_kubernetes_executor.py
[2025-04-13T17:23:17.812+0000] {processor.py:914} INFO - Processing file /home/airflow/.local/lib/python3.12/site-packages/airflow/example_dags/example_kubernetes_executor.py for tasks to queue
[2025-04-13T17:23:17.957+0000] {logging_mixin.py:190} INFO - [2025-04-13T17:23:17.955+0000] {dagbag.py:588} INFO - Filling up the DagBag from /home/airflow/.local/lib/python3.12/site-packages/airflow/example_dags/example_kubernetes_executor.py
[2025-04-13T17:23:20.473+0000] {processor.py:925} INFO - DAG(s) 'example_kubernetes_executor' retrieved from /home/airflow/.local/lib/python3.12/site-packages/airflow/example_dags/example_kubernetes_executor.py
[2025-04-13T17:23:25.465+0000] {logging_mixin.py:190} INFO - [2025-04-13T17:23:25.464+0000] {dag.py:3239} INFO - Sync 1 DAGs
[2025-04-13T17:23:27.427+0000] {logging_mixin.py:190} INFO - [2025-04-13T17:23:27.427+0000] {dag.py:4180} INFO - Setting next_dagrun for example_kubernetes_executor to None, run_after=None
[2025-04-13T17:23:29.659+0000] {processor.py:208} INFO - Processing /home/airflow/.local/lib/python3.12/site-packages/airflow/example_dags/example_kubernetes_executor.py took 12.463 seconds
[2025-04-13T18:09:41.451+0000] {processor.py:186} INFO - Started process (PID=248) to work on /home/airflow/.local/lib/python3.12/site-packages/airflow/example_dags/example_kubernetes_executor.py
[2025-04-13T18:09:41.688+0000] {processor.py:914} INFO - Processing file /home/airflow/.local/lib/python3.12/site-packages/airflow/example_dags/example_kubernetes_executor.py for tasks to queue
[2025-04-13T18:09:42.045+0000] {logging_mixin.py:190} INFO - [2025-04-13T18:09:42.043+0000] {dagbag.py:588} INFO - Filling up the DagBag from /home/airflow/.local/lib/python3.12/site-packages/airflow/example_dags/example_kubernetes_executor.py
[2025-04-13T18:09:43.441+0000] {processor.py:925} INFO - DAG(s) 'example_kubernetes_executor' retrieved from /home/airflow/.local/lib/python3.12/site-packages/airflow/example_dags/example_kubernetes_executor.py
[2025-04-13T18:09:49.517+0000] {logging_mixin.py:190} INFO - [2025-04-13T18:09:49.488+0000] {dag.py:3239} INFO - Sync 1 DAGs
[2025-04-13T18:09:51.065+0000] {logging_mixin.py:190} INFO - [2025-04-13T18:09:51.064+0000] {dag.py:4180} INFO - Setting next_dagrun for example_kubernetes_executor to None, run_after=None
[2025-04-13T18:09:55.144+0000] {processor.py:208} INFO - Processing /home/airflow/.local/lib/python3.12/site-packages/airflow/example_dags/example_kubernetes_executor.py took 15.109 seconds
[2025-04-13T18:18:22.833+0000] {processor.py:186} INFO - Started process (PID=387) to work on /home/airflow/.local/lib/python3.12/site-packages/airflow/example_dags/example_kubernetes_executor.py
[2025-04-13T18:18:23.063+0000] {processor.py:914} INFO - Processing file /home/airflow/.local/lib/python3.12/site-packages/airflow/example_dags/example_kubernetes_executor.py for tasks to queue
[2025-04-13T18:18:23.512+0000] {logging_mixin.py:190} INFO - [2025-04-13T18:18:23.362+0000] {dagbag.py:588} INFO - Filling up the DagBag from /home/airflow/.local/lib/python3.12/site-packages/airflow/example_dags/example_kubernetes_executor.py
[2025-04-13T18:18:24.725+0000] {processor.py:925} INFO - DAG(s) 'example_kubernetes_executor' retrieved from /home/airflow/.local/lib/python3.12/site-packages/airflow/example_dags/example_kubernetes_executor.py
[2025-04-13T18:18:29.495+0000] {logging_mixin.py:190} INFO - [2025-04-13T18:18:29.495+0000] {dag.py:3239} INFO - Sync 1 DAGs
[2025-04-13T18:18:30.841+0000] {logging_mixin.py:190} INFO - [2025-04-13T18:18:30.841+0000] {dag.py:4180} INFO - Setting next_dagrun for example_kubernetes_executor to None, run_after=None
[2025-04-13T18:18:34.787+0000] {processor.py:208} INFO - Processing /home/airflow/.local/lib/python3.12/site-packages/airflow/example_dags/example_kubernetes_executor.py took 12.462 seconds
[2025-04-13T18:25:30.610+0000] {processor.py:186} INFO - Started process (PID=510) to work on /home/airflow/.local/lib/python3.12/site-packages/airflow/example_dags/example_kubernetes_executor.py
[2025-04-13T18:25:31.168+0000] {processor.py:914} INFO - Processing file /home/airflow/.local/lib/python3.12/site-packages/airflow/example_dags/example_kubernetes_executor.py for tasks to queue
[2025-04-13T18:25:31.509+0000] {logging_mixin.py:190} INFO - [2025-04-13T18:25:31.507+0000] {dagbag.py:588} INFO - Filling up the DagBag from /home/airflow/.local/lib/python3.12/site-packages/airflow/example_dags/example_kubernetes_executor.py
[2025-04-13T18:25:33.059+0000] {processor.py:925} INFO - DAG(s) 'example_kubernetes_executor' retrieved from /home/airflow/.local/lib/python3.12/site-packages/airflow/example_dags/example_kubernetes_executor.py
[2025-04-13T18:25:35.719+0000] {logging_mixin.py:190} INFO - [2025-04-13T18:25:35.719+0000] {dag.py:3239} INFO - Sync 1 DAGs
[2025-04-13T18:25:38.923+0000] {logging_mixin.py:190} INFO - [2025-04-13T18:25:38.923+0000] {dag.py:4180} INFO - Setting next_dagrun for example_kubernetes_executor to None, run_after=None
[2025-04-13T18:25:43.196+0000] {processor.py:208} INFO - Processing /home/airflow/.local/lib/python3.12/site-packages/airflow/example_dags/example_kubernetes_executor.py took 13.070 seconds
[2025-04-13T20:51:49.588+0000] {processor.py:186} INFO - Started process (PID=95) to work on /home/airflow/.local/lib/python3.12/site-packages/airflow/example_dags/example_kubernetes_executor.py
[2025-04-13T20:51:49.598+0000] {processor.py:914} INFO - Processing file /home/airflow/.local/lib/python3.12/site-packages/airflow/example_dags/example_kubernetes_executor.py for tasks to queue
[2025-04-13T20:51:49.609+0000] {logging_mixin.py:190} INFO - [2025-04-13T20:51:49.609+0000] {dagbag.py:588} INFO - Filling up the DagBag from /home/airflow/.local/lib/python3.12/site-packages/airflow/example_dags/example_kubernetes_executor.py
[2025-04-13T20:51:49.742+0000] {processor.py:925} INFO - DAG(s) 'example_kubernetes_executor' retrieved from /home/airflow/.local/lib/python3.12/site-packages/airflow/example_dags/example_kubernetes_executor.py
[2025-04-13T20:51:49.907+0000] {logging_mixin.py:190} INFO - [2025-04-13T20:51:49.907+0000] {dag.py:3239} INFO - Sync 1 DAGs
[2025-04-13T20:51:49.976+0000] {logging_mixin.py:190} INFO - [2025-04-13T20:51:49.975+0000] {dag.py:4180} INFO - Setting next_dagrun for example_kubernetes_executor to None, run_after=None
[2025-04-13T20:51:50.067+0000] {processor.py:208} INFO - Processing /home/airflow/.local/lib/python3.12/site-packages/airflow/example_dags/example_kubernetes_executor.py took 0.558 seconds
[2025-04-13T20:52:20.266+0000] {processor.py:186} INFO - Started process (PID=159) to work on /home/airflow/.local/lib/python3.12/site-packages/airflow/example_dags/example_kubernetes_executor.py
[2025-04-13T20:52:20.268+0000] {processor.py:914} INFO - Processing file /home/airflow/.local/lib/python3.12/site-packages/airflow/example_dags/example_kubernetes_executor.py for tasks to queue
[2025-04-13T20:52:20.271+0000] {logging_mixin.py:190} INFO - [2025-04-13T20:52:20.271+0000] {dagbag.py:588} INFO - Filling up the DagBag from /home/airflow/.local/lib/python3.12/site-packages/airflow/example_dags/example_kubernetes_executor.py
[2025-04-13T20:52:20.322+0000] {processor.py:925} INFO - DAG(s) 'example_kubernetes_executor' retrieved from /home/airflow/.local/lib/python3.12/site-packages/airflow/example_dags/example_kubernetes_executor.py
[2025-04-13T20:52:20.367+0000] {logging_mixin.py:190} INFO - [2025-04-13T20:52:20.367+0000] {dag.py:3239} INFO - Sync 1 DAGs
[2025-04-13T20:52:20.396+0000] {logging_mixin.py:190} INFO - [2025-04-13T20:52:20.395+0000] {dag.py:4180} INFO - Setting next_dagrun for example_kubernetes_executor to None, run_after=None
[2025-04-13T20:52:20.440+0000] {processor.py:208} INFO - Processing /home/airflow/.local/lib/python3.12/site-packages/airflow/example_dags/example_kubernetes_executor.py took 0.184 seconds
[2025-04-13T20:53:02.806+0000] {processor.py:186} INFO - Started process (PID=222) to work on /home/airflow/.local/lib/python3.12/site-packages/airflow/example_dags/example_kubernetes_executor.py
[2025-04-13T20:53:02.831+0000] {processor.py:914} INFO - Processing file /home/airflow/.local/lib/python3.12/site-packages/airflow/example_dags/example_kubernetes_executor.py for tasks to queue
[2025-04-13T20:53:02.841+0000] {logging_mixin.py:190} INFO - [2025-04-13T20:53:02.840+0000] {dagbag.py:588} INFO - Filling up the DagBag from /home/airflow/.local/lib/python3.12/site-packages/airflow/example_dags/example_kubernetes_executor.py
[2025-04-13T20:53:02.965+0000] {processor.py:925} INFO - DAG(s) 'example_kubernetes_executor' retrieved from /home/airflow/.local/lib/python3.12/site-packages/airflow/example_dags/example_kubernetes_executor.py
[2025-04-13T20:53:03.280+0000] {logging_mixin.py:190} INFO - [2025-04-13T20:53:03.279+0000] {dag.py:3239} INFO - Sync 1 DAGs
[2025-04-13T20:53:03.733+0000] {logging_mixin.py:190} INFO - [2025-04-13T20:53:03.732+0000] {dag.py:4180} INFO - Setting next_dagrun for example_kubernetes_executor to None, run_after=None
[2025-04-13T20:53:03.834+0000] {processor.py:208} INFO - Processing /home/airflow/.local/lib/python3.12/site-packages/airflow/example_dags/example_kubernetes_executor.py took 1.055 seconds
[2025-04-13T20:53:34.180+0000] {processor.py:186} INFO - Started process (PID=285) to work on /home/airflow/.local/lib/python3.12/site-packages/airflow/example_dags/example_kubernetes_executor.py
[2025-04-13T20:53:34.183+0000] {processor.py:914} INFO - Processing file /home/airflow/.local/lib/python3.12/site-packages/airflow/example_dags/example_kubernetes_executor.py for tasks to queue
[2025-04-13T20:53:34.187+0000] {logging_mixin.py:190} INFO - [2025-04-13T20:53:34.187+0000] {dagbag.py:588} INFO - Filling up the DagBag from /home/airflow/.local/lib/python3.12/site-packages/airflow/example_dags/example_kubernetes_executor.py
[2025-04-13T20:53:34.250+0000] {processor.py:925} INFO - DAG(s) 'example_kubernetes_executor' retrieved from /home/airflow/.local/lib/python3.12/site-packages/airflow/example_dags/example_kubernetes_executor.py
[2025-04-13T20:53:34.399+0000] {logging_mixin.py:190} INFO - [2025-04-13T20:53:34.397+0000] {dag.py:3239} INFO - Sync 1 DAGs
[2025-04-13T20:53:34.988+0000] {logging_mixin.py:190} INFO - [2025-04-13T20:53:34.988+0000] {dag.py:4180} INFO - Setting next_dagrun for example_kubernetes_executor to None, run_after=None
[2025-04-13T20:53:35.467+0000] {processor.py:208} INFO - Processing /home/airflow/.local/lib/python3.12/site-packages/airflow/example_dags/example_kubernetes_executor.py took 1.330 seconds
[2025-04-13T20:54:05.759+0000] {processor.py:186} INFO - Started process (PID=349) to work on /home/airflow/.local/lib/python3.12/site-packages/airflow/example_dags/example_kubernetes_executor.py
[2025-04-13T20:54:05.765+0000] {processor.py:914} INFO - Processing file /home/airflow/.local/lib/python3.12/site-packages/airflow/example_dags/example_kubernetes_executor.py for tasks to queue
[2025-04-13T20:54:05.769+0000] {logging_mixin.py:190} INFO - [2025-04-13T20:54:05.768+0000] {dagbag.py:588} INFO - Filling up the DagBag from /home/airflow/.local/lib/python3.12/site-packages/airflow/example_dags/example_kubernetes_executor.py
[2025-04-13T20:54:05.818+0000] {processor.py:925} INFO - DAG(s) 'example_kubernetes_executor' retrieved from /home/airflow/.local/lib/python3.12/site-packages/airflow/example_dags/example_kubernetes_executor.py
[2025-04-13T20:54:05.965+0000] {logging_mixin.py:190} INFO - [2025-04-13T20:54:05.964+0000] {dag.py:3239} INFO - Sync 1 DAGs
[2025-04-13T20:54:05.995+0000] {logging_mixin.py:190} INFO - [2025-04-13T20:54:05.995+0000] {dag.py:4180} INFO - Setting next_dagrun for example_kubernetes_executor to None, run_after=None
[2025-04-13T20:54:06.039+0000] {processor.py:208} INFO - Processing /home/airflow/.local/lib/python3.12/site-packages/airflow/example_dags/example_kubernetes_executor.py took 0.294 seconds
[2025-04-13T20:54:40.037+0000] {processor.py:186} INFO - Started process (PID=414) to work on /home/airflow/.local/lib/python3.12/site-packages/airflow/example_dags/example_kubernetes_executor.py
[2025-04-13T20:54:40.040+0000] {processor.py:914} INFO - Processing file /home/airflow/.local/lib/python3.12/site-packages/airflow/example_dags/example_kubernetes_executor.py for tasks to queue
[2025-04-13T20:54:40.064+0000] {logging_mixin.py:190} INFO - [2025-04-13T20:54:40.063+0000] {dagbag.py:588} INFO - Filling up the DagBag from /home/airflow/.local/lib/python3.12/site-packages/airflow/example_dags/example_kubernetes_executor.py
[2025-04-13T20:54:40.117+0000] {processor.py:925} INFO - DAG(s) 'example_kubernetes_executor' retrieved from /home/airflow/.local/lib/python3.12/site-packages/airflow/example_dags/example_kubernetes_executor.py
[2025-04-13T20:54:40.324+0000] {logging_mixin.py:190} INFO - [2025-04-13T20:54:40.323+0000] {dag.py:3239} INFO - Sync 1 DAGs
[2025-04-13T20:54:40.376+0000] {logging_mixin.py:190} INFO - [2025-04-13T20:54:40.376+0000] {dag.py:4180} INFO - Setting next_dagrun for example_kubernetes_executor to None, run_after=None
[2025-04-13T20:54:40.497+0000] {processor.py:208} INFO - Processing /home/airflow/.local/lib/python3.12/site-packages/airflow/example_dags/example_kubernetes_executor.py took 0.471 seconds
[2025-04-13T20:55:12.535+0000] {processor.py:186} INFO - Started process (PID=477) to work on /home/airflow/.local/lib/python3.12/site-packages/airflow/example_dags/example_kubernetes_executor.py
[2025-04-13T20:55:12.537+0000] {processor.py:914} INFO - Processing file /home/airflow/.local/lib/python3.12/site-packages/airflow/example_dags/example_kubernetes_executor.py for tasks to queue
[2025-04-13T20:55:12.576+0000] {logging_mixin.py:190} INFO - [2025-04-13T20:55:12.564+0000] {dagbag.py:588} INFO - Filling up the DagBag from /home/airflow/.local/lib/python3.12/site-packages/airflow/example_dags/example_kubernetes_executor.py
[2025-04-13T20:55:12.617+0000] {processor.py:925} INFO - DAG(s) 'example_kubernetes_executor' retrieved from /home/airflow/.local/lib/python3.12/site-packages/airflow/example_dags/example_kubernetes_executor.py
[2025-04-13T20:55:12.836+0000] {logging_mixin.py:190} INFO - [2025-04-13T20:55:12.835+0000] {dag.py:3239} INFO - Sync 1 DAGs
[2025-04-13T20:55:12.868+0000] {logging_mixin.py:190} INFO - [2025-04-13T20:55:12.867+0000] {dag.py:4180} INFO - Setting next_dagrun for example_kubernetes_executor to None, run_after=None
[2025-04-13T20:55:12.902+0000] {processor.py:208} INFO - Processing /home/airflow/.local/lib/python3.12/site-packages/airflow/example_dags/example_kubernetes_executor.py took 0.380 seconds
[2025-04-13T20:55:43.068+0000] {processor.py:186} INFO - Started process (PID=540) to work on /home/airflow/.local/lib/python3.12/site-packages/airflow/example_dags/example_kubernetes_executor.py
[2025-04-13T20:55:43.071+0000] {processor.py:914} INFO - Processing file /home/airflow/.local/lib/python3.12/site-packages/airflow/example_dags/example_kubernetes_executor.py for tasks to queue
[2025-04-13T20:55:43.076+0000] {logging_mixin.py:190} INFO - [2025-04-13T20:55:43.076+0000] {dagbag.py:588} INFO - Filling up the DagBag from /home/airflow/.local/lib/python3.12/site-packages/airflow/example_dags/example_kubernetes_executor.py
[2025-04-13T20:55:43.110+0000] {processor.py:925} INFO - DAG(s) 'example_kubernetes_executor' retrieved from /home/airflow/.local/lib/python3.12/site-packages/airflow/example_dags/example_kubernetes_executor.py
[2025-04-13T20:55:43.186+0000] {logging_mixin.py:190} INFO - [2025-04-13T20:55:43.186+0000] {dag.py:3239} INFO - Sync 1 DAGs
[2025-04-13T20:55:43.236+0000] {logging_mixin.py:190} INFO - [2025-04-13T20:55:43.236+0000] {dag.py:4180} INFO - Setting next_dagrun for example_kubernetes_executor to None, run_after=None
[2025-04-13T20:55:43.339+0000] {processor.py:208} INFO - Processing /home/airflow/.local/lib/python3.12/site-packages/airflow/example_dags/example_kubernetes_executor.py took 0.282 seconds
[2025-04-13T20:56:13.851+0000] {processor.py:186} INFO - Started process (PID=603) to work on /home/airflow/.local/lib/python3.12/site-packages/airflow/example_dags/example_kubernetes_executor.py
[2025-04-13T20:56:13.855+0000] {processor.py:914} INFO - Processing file /home/airflow/.local/lib/python3.12/site-packages/airflow/example_dags/example_kubernetes_executor.py for tasks to queue
[2025-04-13T20:56:13.884+0000] {logging_mixin.py:190} INFO - [2025-04-13T20:56:13.883+0000] {dagbag.py:588} INFO - Filling up the DagBag from /home/airflow/.local/lib/python3.12/site-packages/airflow/example_dags/example_kubernetes_executor.py
[2025-04-13T20:56:13.954+0000] {processor.py:925} INFO - DAG(s) 'example_kubernetes_executor' retrieved from /home/airflow/.local/lib/python3.12/site-packages/airflow/example_dags/example_kubernetes_executor.py
[2025-04-13T20:56:14.023+0000] {logging_mixin.py:190} INFO - [2025-04-13T20:56:14.023+0000] {dag.py:3239} INFO - Sync 1 DAGs
[2025-04-13T20:56:14.068+0000] {logging_mixin.py:190} INFO - [2025-04-13T20:56:14.068+0000] {dag.py:4180} INFO - Setting next_dagrun for example_kubernetes_executor to None, run_after=None
[2025-04-13T20:56:14.201+0000] {processor.py:208} INFO - Processing /home/airflow/.local/lib/python3.12/site-packages/airflow/example_dags/example_kubernetes_executor.py took 0.364 seconds
[2025-04-13T20:56:44.893+0000] {processor.py:186} INFO - Started process (PID=667) to work on /home/airflow/.local/lib/python3.12/site-packages/airflow/example_dags/example_kubernetes_executor.py
[2025-04-13T20:56:44.895+0000] {processor.py:914} INFO - Processing file /home/airflow/.local/lib/python3.12/site-packages/airflow/example_dags/example_kubernetes_executor.py for tasks to queue
[2025-04-13T20:56:44.902+0000] {logging_mixin.py:190} INFO - [2025-04-13T20:56:44.899+0000] {dagbag.py:588} INFO - Filling up the DagBag from /home/airflow/.local/lib/python3.12/site-packages/airflow/example_dags/example_kubernetes_executor.py
[2025-04-13T20:56:44.965+0000] {processor.py:925} INFO - DAG(s) 'example_kubernetes_executor' retrieved from /home/airflow/.local/lib/python3.12/site-packages/airflow/example_dags/example_kubernetes_executor.py
[2025-04-13T20:56:45.133+0000] {logging_mixin.py:190} INFO - [2025-04-13T20:56:45.131+0000] {dag.py:3239} INFO - Sync 1 DAGs
[2025-04-13T20:56:45.189+0000] {logging_mixin.py:190} INFO - [2025-04-13T20:56:45.188+0000] {dag.py:4180} INFO - Setting next_dagrun for example_kubernetes_executor to None, run_after=None
[2025-04-13T20:56:45.272+0000] {processor.py:208} INFO - Processing /home/airflow/.local/lib/python3.12/site-packages/airflow/example_dags/example_kubernetes_executor.py took 0.389 seconds
[2025-04-13T20:57:15.501+0000] {processor.py:186} INFO - Started process (PID=731) to work on /home/airflow/.local/lib/python3.12/site-packages/airflow/example_dags/example_kubernetes_executor.py
[2025-04-13T20:57:15.507+0000] {processor.py:914} INFO - Processing file /home/airflow/.local/lib/python3.12/site-packages/airflow/example_dags/example_kubernetes_executor.py for tasks to queue
[2025-04-13T20:57:15.515+0000] {logging_mixin.py:190} INFO - [2025-04-13T20:57:15.511+0000] {dagbag.py:588} INFO - Filling up the DagBag from /home/airflow/.local/lib/python3.12/site-packages/airflow/example_dags/example_kubernetes_executor.py
[2025-04-13T20:57:15.591+0000] {processor.py:925} INFO - DAG(s) 'example_kubernetes_executor' retrieved from /home/airflow/.local/lib/python3.12/site-packages/airflow/example_dags/example_kubernetes_executor.py
[2025-04-13T20:57:15.651+0000] {logging_mixin.py:190} INFO - [2025-04-13T20:57:15.650+0000] {dag.py:3239} INFO - Sync 1 DAGs
[2025-04-13T20:57:15.700+0000] {logging_mixin.py:190} INFO - [2025-04-13T20:57:15.700+0000] {dag.py:4180} INFO - Setting next_dagrun for example_kubernetes_executor to None, run_after=None
[2025-04-13T20:57:15.833+0000] {processor.py:208} INFO - Processing /home/airflow/.local/lib/python3.12/site-packages/airflow/example_dags/example_kubernetes_executor.py took 0.348 seconds
[2025-04-13T20:57:47.060+0000] {processor.py:186} INFO - Started process (PID=796) to work on /home/airflow/.local/lib/python3.12/site-packages/airflow/example_dags/example_kubernetes_executor.py
[2025-04-13T20:57:47.064+0000] {processor.py:914} INFO - Processing file /home/airflow/.local/lib/python3.12/site-packages/airflow/example_dags/example_kubernetes_executor.py for tasks to queue
[2025-04-13T20:57:47.071+0000] {logging_mixin.py:190} INFO - [2025-04-13T20:57:47.071+0000] {dagbag.py:588} INFO - Filling up the DagBag from /home/airflow/.local/lib/python3.12/site-packages/airflow/example_dags/example_kubernetes_executor.py
[2025-04-13T20:57:47.148+0000] {processor.py:925} INFO - DAG(s) 'example_kubernetes_executor' retrieved from /home/airflow/.local/lib/python3.12/site-packages/airflow/example_dags/example_kubernetes_executor.py
[2025-04-13T20:57:47.247+0000] {logging_mixin.py:190} INFO - [2025-04-13T20:57:47.246+0000] {dag.py:3239} INFO - Sync 1 DAGs
[2025-04-13T20:57:47.296+0000] {logging_mixin.py:190} INFO - [2025-04-13T20:57:47.295+0000] {dag.py:4180} INFO - Setting next_dagrun for example_kubernetes_executor to None, run_after=None
[2025-04-13T20:57:47.443+0000] {processor.py:208} INFO - Processing /home/airflow/.local/lib/python3.12/site-packages/airflow/example_dags/example_kubernetes_executor.py took 0.408 seconds
[2025-04-13T20:58:18.245+0000] {processor.py:186} INFO - Started process (PID=860) to work on /home/airflow/.local/lib/python3.12/site-packages/airflow/example_dags/example_kubernetes_executor.py
[2025-04-13T20:58:18.246+0000] {processor.py:914} INFO - Processing file /home/airflow/.local/lib/python3.12/site-packages/airflow/example_dags/example_kubernetes_executor.py for tasks to queue
[2025-04-13T20:58:18.249+0000] {logging_mixin.py:190} INFO - [2025-04-13T20:58:18.249+0000] {dagbag.py:588} INFO - Filling up the DagBag from /home/airflow/.local/lib/python3.12/site-packages/airflow/example_dags/example_kubernetes_executor.py
[2025-04-13T20:58:18.301+0000] {processor.py:925} INFO - DAG(s) 'example_kubernetes_executor' retrieved from /home/airflow/.local/lib/python3.12/site-packages/airflow/example_dags/example_kubernetes_executor.py
[2025-04-13T20:58:18.517+0000] {logging_mixin.py:190} INFO - [2025-04-13T20:58:18.516+0000] {dag.py:3239} INFO - Sync 1 DAGs
[2025-04-13T20:58:18.592+0000] {logging_mixin.py:190} INFO - [2025-04-13T20:58:18.591+0000] {dag.py:4180} INFO - Setting next_dagrun for example_kubernetes_executor to None, run_after=None
[2025-04-13T20:58:18.655+0000] {processor.py:208} INFO - Processing /home/airflow/.local/lib/python3.12/site-packages/airflow/example_dags/example_kubernetes_executor.py took 0.466 seconds
[2025-04-13T20:58:49.930+0000] {processor.py:186} INFO - Started process (PID=923) to work on /home/airflow/.local/lib/python3.12/site-packages/airflow/example_dags/example_kubernetes_executor.py
[2025-04-13T20:58:49.936+0000] {processor.py:914} INFO - Processing file /home/airflow/.local/lib/python3.12/site-packages/airflow/example_dags/example_kubernetes_executor.py for tasks to queue
[2025-04-13T20:58:49.952+0000] {logging_mixin.py:190} INFO - [2025-04-13T20:58:49.952+0000] {dagbag.py:588} INFO - Filling up the DagBag from /home/airflow/.local/lib/python3.12/site-packages/airflow/example_dags/example_kubernetes_executor.py
[2025-04-13T20:58:50.000+0000] {processor.py:925} INFO - DAG(s) 'example_kubernetes_executor' retrieved from /home/airflow/.local/lib/python3.12/site-packages/airflow/example_dags/example_kubernetes_executor.py
[2025-04-13T20:58:50.083+0000] {logging_mixin.py:190} INFO - [2025-04-13T20:58:50.082+0000] {dag.py:3239} INFO - Sync 1 DAGs
[2025-04-13T20:58:50.123+0000] {logging_mixin.py:190} INFO - [2025-04-13T20:58:50.122+0000] {dag.py:4180} INFO - Setting next_dagrun for example_kubernetes_executor to None, run_after=None
[2025-04-13T20:58:50.203+0000] {processor.py:208} INFO - Processing /home/airflow/.local/lib/python3.12/site-packages/airflow/example_dags/example_kubernetes_executor.py took 0.283 seconds
[2025-04-13T20:59:21.104+0000] {processor.py:186} INFO - Started process (PID=986) to work on /home/airflow/.local/lib/python3.12/site-packages/airflow/example_dags/example_kubernetes_executor.py
[2025-04-13T20:59:21.110+0000] {processor.py:914} INFO - Processing file /home/airflow/.local/lib/python3.12/site-packages/airflow/example_dags/example_kubernetes_executor.py for tasks to queue
[2025-04-13T20:59:21.131+0000] {logging_mixin.py:190} INFO - [2025-04-13T20:59:21.131+0000] {dagbag.py:588} INFO - Filling up the DagBag from /home/airflow/.local/lib/python3.12/site-packages/airflow/example_dags/example_kubernetes_executor.py
[2025-04-13T20:59:21.181+0000] {processor.py:925} INFO - DAG(s) 'example_kubernetes_executor' retrieved from /home/airflow/.local/lib/python3.12/site-packages/airflow/example_dags/example_kubernetes_executor.py
[2025-04-13T20:59:21.304+0000] {logging_mixin.py:190} INFO - [2025-04-13T20:59:21.303+0000] {dag.py:3239} INFO - Sync 1 DAGs
[2025-04-13T20:59:21.376+0000] {logging_mixin.py:190} INFO - [2025-04-13T20:59:21.375+0000] {dag.py:4180} INFO - Setting next_dagrun for example_kubernetes_executor to None, run_after=None
[2025-04-13T20:59:21.489+0000] {processor.py:208} INFO - Processing /home/airflow/.local/lib/python3.12/site-packages/airflow/example_dags/example_kubernetes_executor.py took 0.397 seconds
[2025-04-13T20:59:52.172+0000] {processor.py:186} INFO - Started process (PID=1056) to work on /home/airflow/.local/lib/python3.12/site-packages/airflow/example_dags/example_kubernetes_executor.py
[2025-04-13T20:59:52.176+0000] {processor.py:914} INFO - Processing file /home/airflow/.local/lib/python3.12/site-packages/airflow/example_dags/example_kubernetes_executor.py for tasks to queue
[2025-04-13T20:59:52.181+0000] {logging_mixin.py:190} INFO - [2025-04-13T20:59:52.180+0000] {dagbag.py:588} INFO - Filling up the DagBag from /home/airflow/.local/lib/python3.12/site-packages/airflow/example_dags/example_kubernetes_executor.py
[2025-04-13T20:59:52.214+0000] {processor.py:925} INFO - DAG(s) 'example_kubernetes_executor' retrieved from /home/airflow/.local/lib/python3.12/site-packages/airflow/example_dags/example_kubernetes_executor.py
[2025-04-13T20:59:52.363+0000] {logging_mixin.py:190} INFO - [2025-04-13T20:59:52.363+0000] {dag.py:3239} INFO - Sync 1 DAGs
[2025-04-13T20:59:52.413+0000] {logging_mixin.py:190} INFO - [2025-04-13T20:59:52.412+0000] {dag.py:4180} INFO - Setting next_dagrun for example_kubernetes_executor to None, run_after=None
[2025-04-13T20:59:52.473+0000] {processor.py:208} INFO - Processing /home/airflow/.local/lib/python3.12/site-packages/airflow/example_dags/example_kubernetes_executor.py took 0.323 seconds
[2025-04-13T21:00:24.736+0000] {processor.py:186} INFO - Started process (PID=1118) to work on /home/airflow/.local/lib/python3.12/site-packages/airflow/example_dags/example_kubernetes_executor.py
[2025-04-13T21:00:24.742+0000] {processor.py:914} INFO - Processing file /home/airflow/.local/lib/python3.12/site-packages/airflow/example_dags/example_kubernetes_executor.py for tasks to queue
[2025-04-13T21:00:24.768+0000] {logging_mixin.py:190} INFO - [2025-04-13T21:00:24.768+0000] {dagbag.py:588} INFO - Filling up the DagBag from /home/airflow/.local/lib/python3.12/site-packages/airflow/example_dags/example_kubernetes_executor.py
[2025-04-13T21:00:24.806+0000] {processor.py:925} INFO - DAG(s) 'example_kubernetes_executor' retrieved from /home/airflow/.local/lib/python3.12/site-packages/airflow/example_dags/example_kubernetes_executor.py
[2025-04-13T21:00:24.898+0000] {logging_mixin.py:190} INFO - [2025-04-13T21:00:24.897+0000] {dag.py:3239} INFO - Sync 1 DAGs
[2025-04-13T21:00:24.952+0000] {logging_mixin.py:190} INFO - [2025-04-13T21:00:24.950+0000] {dag.py:4180} INFO - Setting next_dagrun for example_kubernetes_executor to None, run_after=None
[2025-04-13T21:00:25.090+0000] {processor.py:208} INFO - Processing /home/airflow/.local/lib/python3.12/site-packages/airflow/example_dags/example_kubernetes_executor.py took 0.365 seconds
[2025-04-13T21:00:56.401+0000] {processor.py:186} INFO - Started process (PID=1181) to work on /home/airflow/.local/lib/python3.12/site-packages/airflow/example_dags/example_kubernetes_executor.py
[2025-04-13T21:00:56.419+0000] {processor.py:914} INFO - Processing file /home/airflow/.local/lib/python3.12/site-packages/airflow/example_dags/example_kubernetes_executor.py for tasks to queue
[2025-04-13T21:00:56.444+0000] {logging_mixin.py:190} INFO - [2025-04-13T21:00:56.444+0000] {dagbag.py:588} INFO - Filling up the DagBag from /home/airflow/.local/lib/python3.12/site-packages/airflow/example_dags/example_kubernetes_executor.py
[2025-04-13T21:00:56.561+0000] {processor.py:925} INFO - DAG(s) 'example_kubernetes_executor' retrieved from /home/airflow/.local/lib/python3.12/site-packages/airflow/example_dags/example_kubernetes_executor.py
[2025-04-13T21:00:56.929+0000] {logging_mixin.py:190} INFO - [2025-04-13T21:00:56.928+0000] {dag.py:3239} INFO - Sync 1 DAGs
[2025-04-13T21:00:56.983+0000] {logging_mixin.py:190} INFO - [2025-04-13T21:00:56.982+0000] {dag.py:4180} INFO - Setting next_dagrun for example_kubernetes_executor to None, run_after=None
[2025-04-13T21:00:57.063+0000] {processor.py:208} INFO - Processing /home/airflow/.local/lib/python3.12/site-packages/airflow/example_dags/example_kubernetes_executor.py took 0.790 seconds
[2025-04-13T21:26:40.932+0000] {processor.py:186} INFO - Started process (PID=168) to work on /home/airflow/.local/lib/python3.12/site-packages/airflow/example_dags/example_kubernetes_executor.py
[2025-04-13T21:26:40.953+0000] {processor.py:914} INFO - Processing file /home/airflow/.local/lib/python3.12/site-packages/airflow/example_dags/example_kubernetes_executor.py for tasks to queue
[2025-04-13T21:26:40.992+0000] {logging_mixin.py:190} INFO - [2025-04-13T21:26:40.991+0000] {dagbag.py:588} INFO - Filling up the DagBag from /home/airflow/.local/lib/python3.12/site-packages/airflow/example_dags/example_kubernetes_executor.py
[2025-04-13T21:26:43.003+0000] {processor.py:925} INFO - DAG(s) 'example_kubernetes_executor' retrieved from /home/airflow/.local/lib/python3.12/site-packages/airflow/example_dags/example_kubernetes_executor.py
[2025-04-13T21:26:46.407+0000] {logging_mixin.py:190} INFO - [2025-04-13T21:26:46.406+0000] {dag.py:3239} INFO - Sync 1 DAGs
[2025-04-13T21:26:47.645+0000] {logging_mixin.py:190} INFO - [2025-04-13T21:26:47.645+0000] {dag.py:4180} INFO - Setting next_dagrun for example_kubernetes_executor to None, run_after=None
[2025-04-13T21:26:48.498+0000] {processor.py:208} INFO - Processing /home/airflow/.local/lib/python3.12/site-packages/airflow/example_dags/example_kubernetes_executor.py took 8.070 seconds
[2025-04-13T21:31:48.489+0000] {processor.py:186} INFO - Started process (PID=278) to work on /home/airflow/.local/lib/python3.12/site-packages/airflow/example_dags/example_kubernetes_executor.py
[2025-04-13T21:31:48.511+0000] {processor.py:914} INFO - Processing file /home/airflow/.local/lib/python3.12/site-packages/airflow/example_dags/example_kubernetes_executor.py for tasks to queue
[2025-04-13T21:31:48.754+0000] {logging_mixin.py:190} INFO - [2025-04-13T21:31:48.741+0000] {dagbag.py:588} INFO - Filling up the DagBag from /home/airflow/.local/lib/python3.12/site-packages/airflow/example_dags/example_kubernetes_executor.py
[2025-04-13T21:31:50.044+0000] {processor.py:925} INFO - DAG(s) 'example_kubernetes_executor' retrieved from /home/airflow/.local/lib/python3.12/site-packages/airflow/example_dags/example_kubernetes_executor.py
[2025-04-13T21:31:52.307+0000] {logging_mixin.py:190} INFO - [2025-04-13T21:31:52.289+0000] {dag.py:3239} INFO - Sync 1 DAGs
[2025-04-13T21:31:52.756+0000] {logging_mixin.py:190} INFO - [2025-04-13T21:31:52.755+0000] {dag.py:4180} INFO - Setting next_dagrun for example_kubernetes_executor to None, run_after=None
[2025-04-13T21:31:53.747+0000] {processor.py:208} INFO - Processing /home/airflow/.local/lib/python3.12/site-packages/airflow/example_dags/example_kubernetes_executor.py took 5.554 seconds
[2025-04-13T21:35:42.766+0000] {processor.py:186} INFO - Started process (PID=365) to work on /home/airflow/.local/lib/python3.12/site-packages/airflow/example_dags/example_kubernetes_executor.py
[2025-04-13T21:35:42.774+0000] {processor.py:914} INFO - Processing file /home/airflow/.local/lib/python3.12/site-packages/airflow/example_dags/example_kubernetes_executor.py for tasks to queue
[2025-04-13T21:35:42.801+0000] {logging_mixin.py:190} INFO - [2025-04-13T21:35:42.800+0000] {dagbag.py:588} INFO - Filling up the DagBag from /home/airflow/.local/lib/python3.12/site-packages/airflow/example_dags/example_kubernetes_executor.py
[2025-04-13T21:35:43.542+0000] {processor.py:925} INFO - DAG(s) 'example_kubernetes_executor' retrieved from /home/airflow/.local/lib/python3.12/site-packages/airflow/example_dags/example_kubernetes_executor.py
[2025-04-13T21:35:45.628+0000] {logging_mixin.py:190} INFO - [2025-04-13T21:35:45.627+0000] {dag.py:3239} INFO - Sync 1 DAGs
[2025-04-13T21:35:46.132+0000] {logging_mixin.py:190} INFO - [2025-04-13T21:35:46.131+0000] {dag.py:4180} INFO - Setting next_dagrun for example_kubernetes_executor to None, run_after=None
[2025-04-13T21:35:46.874+0000] {processor.py:208} INFO - Processing /home/airflow/.local/lib/python3.12/site-packages/airflow/example_dags/example_kubernetes_executor.py took 4.609 seconds
[2025-04-13T21:51:36.519+0000] {processor.py:186} INFO - Started process (PID=147) to work on /home/airflow/.local/lib/python3.12/site-packages/airflow/example_dags/example_kubernetes_executor.py
[2025-04-13T21:51:36.567+0000] {processor.py:914} INFO - Processing file /home/airflow/.local/lib/python3.12/site-packages/airflow/example_dags/example_kubernetes_executor.py for tasks to queue
[2025-04-13T21:51:36.705+0000] {logging_mixin.py:190} INFO - [2025-04-13T21:51:36.704+0000] {dagbag.py:588} INFO - Filling up the DagBag from /home/airflow/.local/lib/python3.12/site-packages/airflow/example_dags/example_kubernetes_executor.py
[2025-04-13T21:51:38.070+0000] {processor.py:925} INFO - DAG(s) 'example_kubernetes_executor' retrieved from /home/airflow/.local/lib/python3.12/site-packages/airflow/example_dags/example_kubernetes_executor.py
[2025-04-13T21:51:39.237+0000] {logging_mixin.py:190} INFO - [2025-04-13T21:51:39.237+0000] {dag.py:3239} INFO - Sync 1 DAGs
[2025-04-13T21:51:40.145+0000] {logging_mixin.py:190} INFO - [2025-04-13T21:51:40.144+0000] {dag.py:4180} INFO - Setting next_dagrun for example_kubernetes_executor to None, run_after=None
[2025-04-13T21:51:42.824+0000] {processor.py:208} INFO - Processing /home/airflow/.local/lib/python3.12/site-packages/airflow/example_dags/example_kubernetes_executor.py took 6.883 seconds
[2025-04-13T22:31:39.039+0000] {processor.py:186} INFO - Started process (PID=105) to work on /home/airflow/.local/lib/python3.12/site-packages/airflow/example_dags/example_kubernetes_executor.py
[2025-04-13T22:31:39.067+0000] {processor.py:914} INFO - Processing file /home/airflow/.local/lib/python3.12/site-packages/airflow/example_dags/example_kubernetes_executor.py for tasks to queue
[2025-04-13T22:31:39.082+0000] {logging_mixin.py:190} INFO - [2025-04-13T22:31:39.082+0000] {dagbag.py:588} INFO - Filling up the DagBag from /home/airflow/.local/lib/python3.12/site-packages/airflow/example_dags/example_kubernetes_executor.py
[2025-04-13T22:31:39.599+0000] {processor.py:925} INFO - DAG(s) 'example_kubernetes_executor' retrieved from /home/airflow/.local/lib/python3.12/site-packages/airflow/example_dags/example_kubernetes_executor.py
[2025-04-13T22:31:40.126+0000] {logging_mixin.py:190} INFO - [2025-04-13T22:31:40.126+0000] {dag.py:3239} INFO - Sync 1 DAGs
[2025-04-13T22:31:40.338+0000] {logging_mixin.py:190} INFO - [2025-04-13T22:31:40.337+0000] {dag.py:4180} INFO - Setting next_dagrun for example_kubernetes_executor to None, run_after=None
[2025-04-13T22:31:40.767+0000] {processor.py:208} INFO - Processing /home/airflow/.local/lib/python3.12/site-packages/airflow/example_dags/example_kubernetes_executor.py took 1.796 seconds
[2025-04-13T22:32:28.383+0000] {processor.py:186} INFO - Started process (PID=175) to work on /home/airflow/.local/lib/python3.12/site-packages/airflow/example_dags/example_kubernetes_executor.py
[2025-04-13T22:32:28.386+0000] {processor.py:914} INFO - Processing file /home/airflow/.local/lib/python3.12/site-packages/airflow/example_dags/example_kubernetes_executor.py for tasks to queue
[2025-04-13T22:32:28.397+0000] {logging_mixin.py:190} INFO - [2025-04-13T22:32:28.396+0000] {dagbag.py:588} INFO - Filling up the DagBag from /home/airflow/.local/lib/python3.12/site-packages/airflow/example_dags/example_kubernetes_executor.py
[2025-04-13T22:32:28.456+0000] {processor.py:925} INFO - DAG(s) 'example_kubernetes_executor' retrieved from /home/airflow/.local/lib/python3.12/site-packages/airflow/example_dags/example_kubernetes_executor.py
[2025-04-13T22:32:28.641+0000] {logging_mixin.py:190} INFO - [2025-04-13T22:32:28.640+0000] {dag.py:3239} INFO - Sync 1 DAGs
[2025-04-13T22:32:28.695+0000] {logging_mixin.py:190} INFO - [2025-04-13T22:32:28.690+0000] {dag.py:4180} INFO - Setting next_dagrun for example_kubernetes_executor to None, run_after=None
[2025-04-13T22:32:28.812+0000] {processor.py:208} INFO - Processing /home/airflow/.local/lib/python3.12/site-packages/airflow/example_dags/example_kubernetes_executor.py took 0.451 seconds
[2025-04-13T22:33:03.338+0000] {processor.py:186} INFO - Started process (PID=238) to work on /home/airflow/.local/lib/python3.12/site-packages/airflow/example_dags/example_kubernetes_executor.py
[2025-04-13T22:33:03.387+0000] {processor.py:914} INFO - Processing file /home/airflow/.local/lib/python3.12/site-packages/airflow/example_dags/example_kubernetes_executor.py for tasks to queue
[2025-04-13T22:33:03.514+0000] {logging_mixin.py:190} INFO - [2025-04-13T22:33:03.513+0000] {dagbag.py:588} INFO - Filling up the DagBag from /home/airflow/.local/lib/python3.12/site-packages/airflow/example_dags/example_kubernetes_executor.py
[2025-04-13T22:33:03.719+0000] {processor.py:925} INFO - DAG(s) 'example_kubernetes_executor' retrieved from /home/airflow/.local/lib/python3.12/site-packages/airflow/example_dags/example_kubernetes_executor.py
[2025-04-13T22:33:03.963+0000] {logging_mixin.py:190} INFO - [2025-04-13T22:33:03.962+0000] {dag.py:3239} INFO - Sync 1 DAGs
[2025-04-13T22:33:04.227+0000] {logging_mixin.py:190} INFO - [2025-04-13T22:33:04.226+0000] {dag.py:4180} INFO - Setting next_dagrun for example_kubernetes_executor to None, run_after=None
[2025-04-13T22:33:04.389+0000] {processor.py:208} INFO - Processing /home/airflow/.local/lib/python3.12/site-packages/airflow/example_dags/example_kubernetes_executor.py took 1.158 seconds
[2025-04-13T22:33:34.573+0000] {processor.py:186} INFO - Started process (PID=301) to work on /home/airflow/.local/lib/python3.12/site-packages/airflow/example_dags/example_kubernetes_executor.py
[2025-04-13T22:33:34.587+0000] {processor.py:914} INFO - Processing file /home/airflow/.local/lib/python3.12/site-packages/airflow/example_dags/example_kubernetes_executor.py for tasks to queue
[2025-04-13T22:33:34.596+0000] {logging_mixin.py:190} INFO - [2025-04-13T22:33:34.594+0000] {dagbag.py:588} INFO - Filling up the DagBag from /home/airflow/.local/lib/python3.12/site-packages/airflow/example_dags/example_kubernetes_executor.py
[2025-04-13T22:33:34.674+0000] {processor.py:925} INFO - DAG(s) 'example_kubernetes_executor' retrieved from /home/airflow/.local/lib/python3.12/site-packages/airflow/example_dags/example_kubernetes_executor.py
[2025-04-13T22:33:34.853+0000] {logging_mixin.py:190} INFO - [2025-04-13T22:33:34.852+0000] {dag.py:3239} INFO - Sync 1 DAGs
[2025-04-13T22:33:34.959+0000] {logging_mixin.py:190} INFO - [2025-04-13T22:33:34.959+0000] {dag.py:4180} INFO - Setting next_dagrun for example_kubernetes_executor to None, run_after=None
[2025-04-13T22:33:35.105+0000] {processor.py:208} INFO - Processing /home/airflow/.local/lib/python3.12/site-packages/airflow/example_dags/example_kubernetes_executor.py took 0.557 seconds
[2025-04-13T22:34:05.473+0000] {processor.py:186} INFO - Started process (PID=365) to work on /home/airflow/.local/lib/python3.12/site-packages/airflow/example_dags/example_kubernetes_executor.py
[2025-04-13T22:34:05.475+0000] {processor.py:914} INFO - Processing file /home/airflow/.local/lib/python3.12/site-packages/airflow/example_dags/example_kubernetes_executor.py for tasks to queue
[2025-04-13T22:34:05.501+0000] {logging_mixin.py:190} INFO - [2025-04-13T22:34:05.501+0000] {dagbag.py:588} INFO - Filling up the DagBag from /home/airflow/.local/lib/python3.12/site-packages/airflow/example_dags/example_kubernetes_executor.py
[2025-04-13T22:34:05.603+0000] {processor.py:925} INFO - DAG(s) 'example_kubernetes_executor' retrieved from /home/airflow/.local/lib/python3.12/site-packages/airflow/example_dags/example_kubernetes_executor.py
[2025-04-13T22:34:05.741+0000] {logging_mixin.py:190} INFO - [2025-04-13T22:34:05.740+0000] {dag.py:3239} INFO - Sync 1 DAGs
[2025-04-13T22:34:05.824+0000] {logging_mixin.py:190} INFO - [2025-04-13T22:34:05.824+0000] {dag.py:4180} INFO - Setting next_dagrun for example_kubernetes_executor to None, run_after=None
[2025-04-13T22:34:05.910+0000] {processor.py:208} INFO - Processing /home/airflow/.local/lib/python3.12/site-packages/airflow/example_dags/example_kubernetes_executor.py took 0.450 seconds
[2025-04-13T22:34:37.911+0000] {processor.py:186} INFO - Started process (PID=429) to work on /home/airflow/.local/lib/python3.12/site-packages/airflow/example_dags/example_kubernetes_executor.py
[2025-04-13T22:34:37.916+0000] {processor.py:914} INFO - Processing file /home/airflow/.local/lib/python3.12/site-packages/airflow/example_dags/example_kubernetes_executor.py for tasks to queue
[2025-04-13T22:34:37.921+0000] {logging_mixin.py:190} INFO - [2025-04-13T22:34:37.920+0000] {dagbag.py:588} INFO - Filling up the DagBag from /home/airflow/.local/lib/python3.12/site-packages/airflow/example_dags/example_kubernetes_executor.py
[2025-04-13T22:34:37.980+0000] {processor.py:925} INFO - DAG(s) 'example_kubernetes_executor' retrieved from /home/airflow/.local/lib/python3.12/site-packages/airflow/example_dags/example_kubernetes_executor.py
[2025-04-13T22:34:38.108+0000] {logging_mixin.py:190} INFO - [2025-04-13T22:34:38.108+0000] {dag.py:3239} INFO - Sync 1 DAGs
[2025-04-13T22:34:38.184+0000] {logging_mixin.py:190} INFO - [2025-04-13T22:34:38.184+0000] {dag.py:4180} INFO - Setting next_dagrun for example_kubernetes_executor to None, run_after=None
[2025-04-13T22:34:38.275+0000] {processor.py:208} INFO - Processing /home/airflow/.local/lib/python3.12/site-packages/airflow/example_dags/example_kubernetes_executor.py took 0.390 seconds
[2025-04-13T22:35:15.974+0000] {processor.py:186} INFO - Started process (PID=472) to work on /home/airflow/.local/lib/python3.12/site-packages/airflow/example_dags/example_kubernetes_executor.py
[2025-04-13T22:35:15.988+0000] {processor.py:914} INFO - Processing file /home/airflow/.local/lib/python3.12/site-packages/airflow/example_dags/example_kubernetes_executor.py for tasks to queue
[2025-04-13T22:35:16.003+0000] {logging_mixin.py:190} INFO - [2025-04-13T22:35:16.002+0000] {dagbag.py:588} INFO - Filling up the DagBag from /home/airflow/.local/lib/python3.12/site-packages/airflow/example_dags/example_kubernetes_executor.py
[2025-04-13T22:35:16.052+0000] {processor.py:925} INFO - DAG(s) 'example_kubernetes_executor' retrieved from /home/airflow/.local/lib/python3.12/site-packages/airflow/example_dags/example_kubernetes_executor.py
[2025-04-13T22:35:16.153+0000] {logging_mixin.py:190} INFO - [2025-04-13T22:35:16.150+0000] {dag.py:3239} INFO - Sync 1 DAGs
[2025-04-13T22:35:16.222+0000] {logging_mixin.py:190} INFO - [2025-04-13T22:35:16.222+0000] {dag.py:4180} INFO - Setting next_dagrun for example_kubernetes_executor to None, run_after=None
[2025-04-13T22:35:16.374+0000] {processor.py:208} INFO - Processing /home/airflow/.local/lib/python3.12/site-packages/airflow/example_dags/example_kubernetes_executor.py took 0.449 seconds
[2025-04-13T22:35:52.743+0000] {processor.py:186} INFO - Started process (PID=536) to work on /home/airflow/.local/lib/python3.12/site-packages/airflow/example_dags/example_kubernetes_executor.py
[2025-04-13T22:35:52.759+0000] {processor.py:914} INFO - Processing file /home/airflow/.local/lib/python3.12/site-packages/airflow/example_dags/example_kubernetes_executor.py for tasks to queue
[2025-04-13T22:35:52.803+0000] {logging_mixin.py:190} INFO - [2025-04-13T22:35:52.801+0000] {dagbag.py:588} INFO - Filling up the DagBag from /home/airflow/.local/lib/python3.12/site-packages/airflow/example_dags/example_kubernetes_executor.py
[2025-04-13T22:35:52.925+0000] {processor.py:925} INFO - DAG(s) 'example_kubernetes_executor' retrieved from /home/airflow/.local/lib/python3.12/site-packages/airflow/example_dags/example_kubernetes_executor.py
[2025-04-13T22:35:53.066+0000] {logging_mixin.py:190} INFO - [2025-04-13T22:35:53.065+0000] {dag.py:3239} INFO - Sync 1 DAGs
[2025-04-13T22:35:53.214+0000] {logging_mixin.py:190} INFO - [2025-04-13T22:35:53.210+0000] {dag.py:4180} INFO - Setting next_dagrun for example_kubernetes_executor to None, run_after=None
[2025-04-13T22:35:53.335+0000] {processor.py:208} INFO - Processing /home/airflow/.local/lib/python3.12/site-packages/airflow/example_dags/example_kubernetes_executor.py took 0.615 seconds
[2025-04-13T22:36:28.840+0000] {processor.py:186} INFO - Started process (PID=593) to work on /home/airflow/.local/lib/python3.12/site-packages/airflow/example_dags/example_kubernetes_executor.py
[2025-04-13T22:36:28.844+0000] {processor.py:914} INFO - Processing file /home/airflow/.local/lib/python3.12/site-packages/airflow/example_dags/example_kubernetes_executor.py for tasks to queue
[2025-04-13T22:36:28.853+0000] {logging_mixin.py:190} INFO - [2025-04-13T22:36:28.849+0000] {dagbag.py:588} INFO - Filling up the DagBag from /home/airflow/.local/lib/python3.12/site-packages/airflow/example_dags/example_kubernetes_executor.py
[2025-04-13T22:36:28.950+0000] {processor.py:925} INFO - DAG(s) 'example_kubernetes_executor' retrieved from /home/airflow/.local/lib/python3.12/site-packages/airflow/example_dags/example_kubernetes_executor.py
[2025-04-13T22:36:29.059+0000] {logging_mixin.py:190} INFO - [2025-04-13T22:36:29.058+0000] {dag.py:3239} INFO - Sync 1 DAGs
[2025-04-13T22:36:29.153+0000] {logging_mixin.py:190} INFO - [2025-04-13T22:36:29.152+0000] {dag.py:4180} INFO - Setting next_dagrun for example_kubernetes_executor to None, run_after=None
[2025-04-13T22:36:29.359+0000] {processor.py:208} INFO - Processing /home/airflow/.local/lib/python3.12/site-packages/airflow/example_dags/example_kubernetes_executor.py took 0.545 seconds
[2025-04-13T22:37:10.420+0000] {processor.py:186} INFO - Started process (PID=663) to work on /home/airflow/.local/lib/python3.12/site-packages/airflow/example_dags/example_kubernetes_executor.py
[2025-04-13T22:37:10.424+0000] {processor.py:914} INFO - Processing file /home/airflow/.local/lib/python3.12/site-packages/airflow/example_dags/example_kubernetes_executor.py for tasks to queue
[2025-04-13T22:37:10.451+0000] {logging_mixin.py:190} INFO - [2025-04-13T22:37:10.450+0000] {dagbag.py:588} INFO - Filling up the DagBag from /home/airflow/.local/lib/python3.12/site-packages/airflow/example_dags/example_kubernetes_executor.py
[2025-04-13T22:37:10.622+0000] {processor.py:925} INFO - DAG(s) 'example_kubernetes_executor' retrieved from /home/airflow/.local/lib/python3.12/site-packages/airflow/example_dags/example_kubernetes_executor.py
[2025-04-13T22:37:11.079+0000] {logging_mixin.py:190} INFO - [2025-04-13T22:37:11.078+0000] {dag.py:3239} INFO - Sync 1 DAGs
[2025-04-13T22:37:11.931+0000] {logging_mixin.py:190} INFO - [2025-04-13T22:37:11.930+0000] {dag.py:4180} INFO - Setting next_dagrun for example_kubernetes_executor to None, run_after=None
[2025-04-13T22:37:12.724+0000] {processor.py:208} INFO - Processing /home/airflow/.local/lib/python3.12/site-packages/airflow/example_dags/example_kubernetes_executor.py took 2.414 seconds
[2025-04-13T22:37:56.104+0000] {processor.py:186} INFO - Started process (PID=725) to work on /home/airflow/.local/lib/python3.12/site-packages/airflow/example_dags/example_kubernetes_executor.py
[2025-04-13T22:37:56.108+0000] {processor.py:914} INFO - Processing file /home/airflow/.local/lib/python3.12/site-packages/airflow/example_dags/example_kubernetes_executor.py for tasks to queue
[2025-04-13T22:37:56.114+0000] {logging_mixin.py:190} INFO - [2025-04-13T22:37:56.113+0000] {dagbag.py:588} INFO - Filling up the DagBag from /home/airflow/.local/lib/python3.12/site-packages/airflow/example_dags/example_kubernetes_executor.py
[2025-04-13T22:37:56.190+0000] {processor.py:925} INFO - DAG(s) 'example_kubernetes_executor' retrieved from /home/airflow/.local/lib/python3.12/site-packages/airflow/example_dags/example_kubernetes_executor.py
[2025-04-13T22:37:56.323+0000] {logging_mixin.py:190} INFO - [2025-04-13T22:37:56.323+0000] {dag.py:3239} INFO - Sync 1 DAGs
[2025-04-13T22:37:56.394+0000] {logging_mixin.py:190} INFO - [2025-04-13T22:37:56.394+0000] {dag.py:4180} INFO - Setting next_dagrun for example_kubernetes_executor to None, run_after=None
[2025-04-13T22:37:56.484+0000] {processor.py:208} INFO - Processing /home/airflow/.local/lib/python3.12/site-packages/airflow/example_dags/example_kubernetes_executor.py took 0.397 seconds
[2025-04-13T22:38:36.483+0000] {processor.py:186} INFO - Started process (PID=795) to work on /home/airflow/.local/lib/python3.12/site-packages/airflow/example_dags/example_kubernetes_executor.py
[2025-04-13T22:38:36.496+0000] {processor.py:914} INFO - Processing file /home/airflow/.local/lib/python3.12/site-packages/airflow/example_dags/example_kubernetes_executor.py for tasks to queue
[2025-04-13T22:38:36.505+0000] {logging_mixin.py:190} INFO - [2025-04-13T22:38:36.504+0000] {dagbag.py:588} INFO - Filling up the DagBag from /home/airflow/.local/lib/python3.12/site-packages/airflow/example_dags/example_kubernetes_executor.py
[2025-04-13T22:38:36.567+0000] {processor.py:925} INFO - DAG(s) 'example_kubernetes_executor' retrieved from /home/airflow/.local/lib/python3.12/site-packages/airflow/example_dags/example_kubernetes_executor.py
[2025-04-13T22:38:36.694+0000] {logging_mixin.py:190} INFO - [2025-04-13T22:38:36.693+0000] {dag.py:3239} INFO - Sync 1 DAGs
[2025-04-13T22:38:36.781+0000] {logging_mixin.py:190} INFO - [2025-04-13T22:38:36.781+0000] {dag.py:4180} INFO - Setting next_dagrun for example_kubernetes_executor to None, run_after=None
[2025-04-13T22:38:36.850+0000] {processor.py:208} INFO - Processing /home/airflow/.local/lib/python3.12/site-packages/airflow/example_dags/example_kubernetes_executor.py took 0.382 seconds
[2025-04-13T22:39:11.354+0000] {processor.py:186} INFO - Started process (PID=849) to work on /home/airflow/.local/lib/python3.12/site-packages/airflow/example_dags/example_kubernetes_executor.py
[2025-04-13T22:39:11.356+0000] {processor.py:914} INFO - Processing file /home/airflow/.local/lib/python3.12/site-packages/airflow/example_dags/example_kubernetes_executor.py for tasks to queue
[2025-04-13T22:39:11.362+0000] {logging_mixin.py:190} INFO - [2025-04-13T22:39:11.361+0000] {dagbag.py:588} INFO - Filling up the DagBag from /home/airflow/.local/lib/python3.12/site-packages/airflow/example_dags/example_kubernetes_executor.py
[2025-04-13T22:39:11.422+0000] {processor.py:925} INFO - DAG(s) 'example_kubernetes_executor' retrieved from /home/airflow/.local/lib/python3.12/site-packages/airflow/example_dags/example_kubernetes_executor.py
[2025-04-13T22:39:11.615+0000] {logging_mixin.py:190} INFO - [2025-04-13T22:39:11.614+0000] {dag.py:3239} INFO - Sync 1 DAGs
[2025-04-13T22:39:11.712+0000] {logging_mixin.py:190} INFO - [2025-04-13T22:39:11.711+0000] {dag.py:4180} INFO - Setting next_dagrun for example_kubernetes_executor to None, run_after=None
[2025-04-13T22:39:11.907+0000] {processor.py:208} INFO - Processing /home/airflow/.local/lib/python3.12/site-packages/airflow/example_dags/example_kubernetes_executor.py took 0.583 seconds
[2025-04-13T22:40:04.796+0000] {processor.py:186} INFO - Started process (PID=908) to work on /home/airflow/.local/lib/python3.12/site-packages/airflow/example_dags/example_kubernetes_executor.py
[2025-04-13T22:40:04.822+0000] {processor.py:914} INFO - Processing file /home/airflow/.local/lib/python3.12/site-packages/airflow/example_dags/example_kubernetes_executor.py for tasks to queue
[2025-04-13T22:40:04.830+0000] {logging_mixin.py:190} INFO - [2025-04-13T22:40:04.827+0000] {dagbag.py:588} INFO - Filling up the DagBag from /home/airflow/.local/lib/python3.12/site-packages/airflow/example_dags/example_kubernetes_executor.py
[2025-04-13T22:40:05.379+0000] {processor.py:925} INFO - DAG(s) 'example_kubernetes_executor' retrieved from /home/airflow/.local/lib/python3.12/site-packages/airflow/example_dags/example_kubernetes_executor.py
[2025-04-13T22:40:06.721+0000] {logging_mixin.py:190} INFO - [2025-04-13T22:40:06.416+0000] {dag.py:3239} INFO - Sync 1 DAGs
[2025-04-13T22:40:08.632+0000] {logging_mixin.py:190} INFO - [2025-04-13T22:40:08.631+0000] {dag.py:4180} INFO - Setting next_dagrun for example_kubernetes_executor to None, run_after=None
[2025-04-13T22:40:09.099+0000] {processor.py:208} INFO - Processing /home/airflow/.local/lib/python3.12/site-packages/airflow/example_dags/example_kubernetes_executor.py took 4.554 seconds
[2025-04-13T22:41:52.833+0000] {processor.py:186} INFO - Started process (PID=993) to work on /home/airflow/.local/lib/python3.12/site-packages/airflow/example_dags/example_kubernetes_executor.py
[2025-04-13T22:41:52.846+0000] {processor.py:914} INFO - Processing file /home/airflow/.local/lib/python3.12/site-packages/airflow/example_dags/example_kubernetes_executor.py for tasks to queue
[2025-04-13T22:41:52.908+0000] {logging_mixin.py:190} INFO - [2025-04-13T22:41:52.881+0000] {dagbag.py:588} INFO - Filling up the DagBag from /home/airflow/.local/lib/python3.12/site-packages/airflow/example_dags/example_kubernetes_executor.py
[2025-04-13T22:41:53.094+0000] {processor.py:925} INFO - DAG(s) 'example_kubernetes_executor' retrieved from /home/airflow/.local/lib/python3.12/site-packages/airflow/example_dags/example_kubernetes_executor.py
[2025-04-13T22:41:53.686+0000] {logging_mixin.py:190} INFO - [2025-04-13T22:41:53.685+0000] {dag.py:3239} INFO - Sync 1 DAGs
[2025-04-13T22:41:53.934+0000] {logging_mixin.py:190} INFO - [2025-04-13T22:41:53.930+0000] {dag.py:4180} INFO - Setting next_dagrun for example_kubernetes_executor to None, run_after=None
[2025-04-13T22:41:54.205+0000] {processor.py:208} INFO - Processing /home/airflow/.local/lib/python3.12/site-packages/airflow/example_dags/example_kubernetes_executor.py took 1.417 seconds
[2025-04-13T22:42:32.963+0000] {processor.py:186} INFO - Started process (PID=1056) to work on /home/airflow/.local/lib/python3.12/site-packages/airflow/example_dags/example_kubernetes_executor.py
[2025-04-13T22:42:32.966+0000] {processor.py:914} INFO - Processing file /home/airflow/.local/lib/python3.12/site-packages/airflow/example_dags/example_kubernetes_executor.py for tasks to queue
[2025-04-13T22:42:32.977+0000] {logging_mixin.py:190} INFO - [2025-04-13T22:42:32.977+0000] {dagbag.py:588} INFO - Filling up the DagBag from /home/airflow/.local/lib/python3.12/site-packages/airflow/example_dags/example_kubernetes_executor.py
[2025-04-13T22:42:33.098+0000] {processor.py:925} INFO - DAG(s) 'example_kubernetes_executor' retrieved from /home/airflow/.local/lib/python3.12/site-packages/airflow/example_dags/example_kubernetes_executor.py
[2025-04-13T22:42:33.305+0000] {logging_mixin.py:190} INFO - [2025-04-13T22:42:33.305+0000] {dag.py:3239} INFO - Sync 1 DAGs
[2025-04-13T22:42:33.424+0000] {logging_mixin.py:190} INFO - [2025-04-13T22:42:33.418+0000] {dag.py:4180} INFO - Setting next_dagrun for example_kubernetes_executor to None, run_after=None
[2025-04-13T22:42:33.573+0000] {processor.py:208} INFO - Processing /home/airflow/.local/lib/python3.12/site-packages/airflow/example_dags/example_kubernetes_executor.py took 0.647 seconds
[2025-04-13T22:43:12.716+0000] {processor.py:186} INFO - Started process (PID=1117) to work on /home/airflow/.local/lib/python3.12/site-packages/airflow/example_dags/example_kubernetes_executor.py
[2025-04-13T22:43:12.724+0000] {processor.py:914} INFO - Processing file /home/airflow/.local/lib/python3.12/site-packages/airflow/example_dags/example_kubernetes_executor.py for tasks to queue
[2025-04-13T22:43:12.965+0000] {logging_mixin.py:190} INFO - [2025-04-13T22:43:12.964+0000] {dagbag.py:588} INFO - Filling up the DagBag from /home/airflow/.local/lib/python3.12/site-packages/airflow/example_dags/example_kubernetes_executor.py
[2025-04-13T22:43:13.370+0000] {processor.py:925} INFO - DAG(s) 'example_kubernetes_executor' retrieved from /home/airflow/.local/lib/python3.12/site-packages/airflow/example_dags/example_kubernetes_executor.py
[2025-04-13T22:43:14.009+0000] {logging_mixin.py:190} INFO - [2025-04-13T22:43:14.009+0000] {dag.py:3239} INFO - Sync 1 DAGs
[2025-04-13T22:43:14.181+0000] {logging_mixin.py:190} INFO - [2025-04-13T22:43:14.180+0000] {dag.py:4180} INFO - Setting next_dagrun for example_kubernetes_executor to None, run_after=None
[2025-04-13T22:43:14.440+0000] {processor.py:208} INFO - Processing /home/airflow/.local/lib/python3.12/site-packages/airflow/example_dags/example_kubernetes_executor.py took 1.949 seconds
[2025-04-13T22:44:39.833+0000] {processor.py:186} INFO - Started process (PID=1186) to work on /home/airflow/.local/lib/python3.12/site-packages/airflow/example_dags/example_kubernetes_executor.py
[2025-04-13T22:44:39.858+0000] {processor.py:914} INFO - Processing file /home/airflow/.local/lib/python3.12/site-packages/airflow/example_dags/example_kubernetes_executor.py for tasks to queue
[2025-04-13T22:44:39.864+0000] {logging_mixin.py:190} INFO - [2025-04-13T22:44:39.863+0000] {dagbag.py:588} INFO - Filling up the DagBag from /home/airflow/.local/lib/python3.12/site-packages/airflow/example_dags/example_kubernetes_executor.py
[2025-04-13T22:44:39.912+0000] {processor.py:925} INFO - DAG(s) 'example_kubernetes_executor' retrieved from /home/airflow/.local/lib/python3.12/site-packages/airflow/example_dags/example_kubernetes_executor.py
[2025-04-13T22:44:40.071+0000] {logging_mixin.py:190} INFO - [2025-04-13T22:44:40.070+0000] {dag.py:3239} INFO - Sync 1 DAGs
[2025-04-13T22:44:40.165+0000] {logging_mixin.py:190} INFO - [2025-04-13T22:44:40.165+0000] {dag.py:4180} INFO - Setting next_dagrun for example_kubernetes_executor to None, run_after=None
[2025-04-13T22:44:40.260+0000] {processor.py:208} INFO - Processing /home/airflow/.local/lib/python3.12/site-packages/airflow/example_dags/example_kubernetes_executor.py took 0.449 seconds
