[2025-04-13T16:49:15.660+0000] {processor.py:186} INFO - Started process (PID=135) to work on /home/airflow/.local/lib/python3.12/site-packages/airflow/example_dags/example_params_trigger_ui.py
[2025-04-13T16:49:15.670+0000] {processor.py:914} INFO - Processing file /home/airflow/.local/lib/python3.12/site-packages/airflow/example_dags/example_params_trigger_ui.py for tasks to queue
[2025-04-13T16:49:15.683+0000] {logging_mixin.py:190} INFO - [2025-04-13T16:49:15.680+0000] {dagbag.py:588} INFO - Filling up the DagBag from /home/airflow/.local/lib/python3.12/site-packages/airflow/example_dags/example_params_trigger_ui.py
[2025-04-13T16:49:15.768+0000] {processor.py:925} INFO - DAG(s) 'example_params_trigger_ui' retrieved from /home/airflow/.local/lib/python3.12/site-packages/airflow/example_dags/example_params_trigger_ui.py
[2025-04-13T16:49:17.967+0000] {logging_mixin.py:190} INFO - [2025-04-13T16:49:17.965+0000] {override.py:1912} INFO - Created Permission View: can read on DAG:example_params_trigger_ui
[2025-04-13T16:49:18.122+0000] {logging_mixin.py:190} INFO - [2025-04-13T16:49:18.122+0000] {override.py:1912} INFO - Created Permission View: can edit on DAG:example_params_trigger_ui
[2025-04-13T16:49:18.152+0000] {logging_mixin.py:190} INFO - [2025-04-13T16:49:18.151+0000] {override.py:1912} INFO - Created Permission View: can delete on DAG:example_params_trigger_ui
[2025-04-13T16:49:18.217+0000] {logging_mixin.py:190} INFO - [2025-04-13T16:49:18.206+0000] {override.py:1912} INFO - Created Permission View: can read on DAG Run:example_params_trigger_ui
[2025-04-13T16:49:18.811+0000] {logging_mixin.py:190} INFO - [2025-04-13T16:49:18.810+0000] {override.py:1912} INFO - Created Permission View: menu access on DAG Run:example_params_trigger_ui
[2025-04-13T16:49:19.257+0000] {logging_mixin.py:190} INFO - [2025-04-13T16:49:19.257+0000] {override.py:1912} INFO - Created Permission View: can create on DAG Run:example_params_trigger_ui
[2025-04-13T16:49:20.174+0000] {logging_mixin.py:190} INFO - [2025-04-13T16:49:20.172+0000] {override.py:1912} INFO - Created Permission View: can delete on DAG Run:example_params_trigger_ui
[2025-04-13T16:49:20.181+0000] {logging_mixin.py:190} INFO - [2025-04-13T16:49:20.181+0000] {dag.py:3239} INFO - Sync 1 DAGs
[2025-04-13T16:49:20.552+0000] {logging_mixin.py:190} INFO - [2025-04-13T16:49:20.551+0000] {dag.py:3262} INFO - Creating ORM DAG for example_params_trigger_ui
[2025-04-13T16:49:20.578+0000] {logging_mixin.py:190} INFO - [2025-04-13T16:49:20.577+0000] {dag.py:4180} INFO - Setting next_dagrun for example_params_trigger_ui to None, run_after=None
[2025-04-13T16:49:21.232+0000] {processor.py:208} INFO - Processing /home/airflow/.local/lib/python3.12/site-packages/airflow/example_dags/example_params_trigger_ui.py took 5.612 seconds
[2025-04-13T16:50:54.537+0000] {processor.py:186} INFO - Started process (PID=211) to work on /home/airflow/.local/lib/python3.12/site-packages/airflow/example_dags/example_params_trigger_ui.py
[2025-04-13T16:50:54.589+0000] {processor.py:914} INFO - Processing file /home/airflow/.local/lib/python3.12/site-packages/airflow/example_dags/example_params_trigger_ui.py for tasks to queue
[2025-04-13T16:50:54.634+0000] {logging_mixin.py:190} INFO - [2025-04-13T16:50:54.631+0000] {dagbag.py:588} INFO - Filling up the DagBag from /home/airflow/.local/lib/python3.12/site-packages/airflow/example_dags/example_params_trigger_ui.py
[2025-04-13T16:50:54.755+0000] {processor.py:925} INFO - DAG(s) 'example_params_trigger_ui' retrieved from /home/airflow/.local/lib/python3.12/site-packages/airflow/example_dags/example_params_trigger_ui.py
[2025-04-13T16:50:55.456+0000] {logging_mixin.py:190} INFO - [2025-04-13T16:50:55.456+0000] {dag.py:3239} INFO - Sync 1 DAGs
[2025-04-13T16:50:55.603+0000] {logging_mixin.py:190} INFO - [2025-04-13T16:50:55.603+0000] {dag.py:4180} INFO - Setting next_dagrun for example_params_trigger_ui to None, run_after=None
[2025-04-13T16:50:55.751+0000] {processor.py:208} INFO - Processing /home/airflow/.local/lib/python3.12/site-packages/airflow/example_dags/example_params_trigger_ui.py took 1.251 seconds
[2025-04-13T16:51:32.742+0000] {processor.py:186} INFO - Started process (PID=275) to work on /home/airflow/.local/lib/python3.12/site-packages/airflow/example_dags/example_params_trigger_ui.py
[2025-04-13T16:51:32.760+0000] {processor.py:914} INFO - Processing file /home/airflow/.local/lib/python3.12/site-packages/airflow/example_dags/example_params_trigger_ui.py for tasks to queue
[2025-04-13T16:51:32.769+0000] {logging_mixin.py:190} INFO - [2025-04-13T16:51:32.766+0000] {dagbag.py:588} INFO - Filling up the DagBag from /home/airflow/.local/lib/python3.12/site-packages/airflow/example_dags/example_params_trigger_ui.py
[2025-04-13T16:51:32.835+0000] {processor.py:925} INFO - DAG(s) 'example_params_trigger_ui' retrieved from /home/airflow/.local/lib/python3.12/site-packages/airflow/example_dags/example_params_trigger_ui.py
[2025-04-13T16:51:33.125+0000] {logging_mixin.py:190} INFO - [2025-04-13T16:51:33.124+0000] {dag.py:3239} INFO - Sync 1 DAGs
[2025-04-13T16:51:33.221+0000] {logging_mixin.py:190} INFO - [2025-04-13T16:51:33.221+0000] {dag.py:4180} INFO - Setting next_dagrun for example_params_trigger_ui to None, run_after=None
[2025-04-13T16:51:33.493+0000] {processor.py:208} INFO - Processing /home/airflow/.local/lib/python3.12/site-packages/airflow/example_dags/example_params_trigger_ui.py took 0.804 seconds
[2025-04-13T16:52:04.303+0000] {processor.py:186} INFO - Started process (PID=338) to work on /home/airflow/.local/lib/python3.12/site-packages/airflow/example_dags/example_params_trigger_ui.py
[2025-04-13T16:52:04.304+0000] {processor.py:914} INFO - Processing file /home/airflow/.local/lib/python3.12/site-packages/airflow/example_dags/example_params_trigger_ui.py for tasks to queue
[2025-04-13T16:52:04.345+0000] {logging_mixin.py:190} INFO - [2025-04-13T16:52:04.344+0000] {dagbag.py:588} INFO - Filling up the DagBag from /home/airflow/.local/lib/python3.12/site-packages/airflow/example_dags/example_params_trigger_ui.py
[2025-04-13T16:52:04.446+0000] {processor.py:925} INFO - DAG(s) 'example_params_trigger_ui' retrieved from /home/airflow/.local/lib/python3.12/site-packages/airflow/example_dags/example_params_trigger_ui.py
[2025-04-13T16:52:04.618+0000] {logging_mixin.py:190} INFO - [2025-04-13T16:52:04.618+0000] {dag.py:3239} INFO - Sync 1 DAGs
[2025-04-13T16:52:04.717+0000] {logging_mixin.py:190} INFO - [2025-04-13T16:52:04.716+0000] {dag.py:4180} INFO - Setting next_dagrun for example_params_trigger_ui to None, run_after=None
[2025-04-13T16:52:04.782+0000] {processor.py:208} INFO - Processing /home/airflow/.local/lib/python3.12/site-packages/airflow/example_dags/example_params_trigger_ui.py took 0.546 seconds
[2025-04-13T16:52:37.292+0000] {processor.py:186} INFO - Started process (PID=402) to work on /home/airflow/.local/lib/python3.12/site-packages/airflow/example_dags/example_params_trigger_ui.py
[2025-04-13T16:52:37.318+0000] {processor.py:914} INFO - Processing file /home/airflow/.local/lib/python3.12/site-packages/airflow/example_dags/example_params_trigger_ui.py for tasks to queue
[2025-04-13T16:52:37.553+0000] {logging_mixin.py:190} INFO - [2025-04-13T16:52:37.550+0000] {dagbag.py:588} INFO - Filling up the DagBag from /home/airflow/.local/lib/python3.12/site-packages/airflow/example_dags/example_params_trigger_ui.py
[2025-04-13T16:52:37.710+0000] {processor.py:925} INFO - DAG(s) 'example_params_trigger_ui' retrieved from /home/airflow/.local/lib/python3.12/site-packages/airflow/example_dags/example_params_trigger_ui.py
[2025-04-13T16:52:38.095+0000] {logging_mixin.py:190} INFO - [2025-04-13T16:52:38.095+0000] {dag.py:3239} INFO - Sync 1 DAGs
[2025-04-13T16:52:38.145+0000] {logging_mixin.py:190} INFO - [2025-04-13T16:52:38.144+0000] {dag.py:4180} INFO - Setting next_dagrun for example_params_trigger_ui to None, run_after=None
[2025-04-13T16:52:38.434+0000] {processor.py:208} INFO - Processing /home/airflow/.local/lib/python3.12/site-packages/airflow/example_dags/example_params_trigger_ui.py took 1.263 seconds
[2025-04-13T16:53:38.292+0000] {processor.py:186} INFO - Started process (PID=483) to work on /home/airflow/.local/lib/python3.12/site-packages/airflow/example_dags/example_params_trigger_ui.py
[2025-04-13T16:53:38.324+0000] {processor.py:914} INFO - Processing file /home/airflow/.local/lib/python3.12/site-packages/airflow/example_dags/example_params_trigger_ui.py for tasks to queue
[2025-04-13T16:53:38.335+0000] {logging_mixin.py:190} INFO - [2025-04-13T16:53:38.335+0000] {dagbag.py:588} INFO - Filling up the DagBag from /home/airflow/.local/lib/python3.12/site-packages/airflow/example_dags/example_params_trigger_ui.py
[2025-04-13T16:53:38.388+0000] {processor.py:925} INFO - DAG(s) 'example_params_trigger_ui' retrieved from /home/airflow/.local/lib/python3.12/site-packages/airflow/example_dags/example_params_trigger_ui.py
[2025-04-13T16:53:38.660+0000] {logging_mixin.py:190} INFO - [2025-04-13T16:53:38.657+0000] {dag.py:3239} INFO - Sync 1 DAGs
[2025-04-13T16:53:38.871+0000] {logging_mixin.py:190} INFO - [2025-04-13T16:53:38.870+0000] {dag.py:4180} INFO - Setting next_dagrun for example_params_trigger_ui to None, run_after=None
[2025-04-13T16:53:38.946+0000] {processor.py:208} INFO - Processing /home/airflow/.local/lib/python3.12/site-packages/airflow/example_dags/example_params_trigger_ui.py took 0.672 seconds
[2025-04-13T16:54:10.651+0000] {processor.py:186} INFO - Started process (PID=547) to work on /home/airflow/.local/lib/python3.12/site-packages/airflow/example_dags/example_params_trigger_ui.py
[2025-04-13T16:54:10.664+0000] {processor.py:914} INFO - Processing file /home/airflow/.local/lib/python3.12/site-packages/airflow/example_dags/example_params_trigger_ui.py for tasks to queue
[2025-04-13T16:54:10.672+0000] {logging_mixin.py:190} INFO - [2025-04-13T16:54:10.671+0000] {dagbag.py:588} INFO - Filling up the DagBag from /home/airflow/.local/lib/python3.12/site-packages/airflow/example_dags/example_params_trigger_ui.py
[2025-04-13T16:54:10.800+0000] {processor.py:925} INFO - DAG(s) 'example_params_trigger_ui' retrieved from /home/airflow/.local/lib/python3.12/site-packages/airflow/example_dags/example_params_trigger_ui.py
[2025-04-13T16:54:11.082+0000] {logging_mixin.py:190} INFO - [2025-04-13T16:54:11.082+0000] {dag.py:3239} INFO - Sync 1 DAGs
[2025-04-13T16:54:11.173+0000] {logging_mixin.py:190} INFO - [2025-04-13T16:54:11.172+0000] {dag.py:4180} INFO - Setting next_dagrun for example_params_trigger_ui to None, run_after=None
[2025-04-13T16:54:11.312+0000] {processor.py:208} INFO - Processing /home/airflow/.local/lib/python3.12/site-packages/airflow/example_dags/example_params_trigger_ui.py took 0.688 seconds
[2025-04-13T16:55:05.881+0000] {processor.py:186} INFO - Started process (PID=617) to work on /home/airflow/.local/lib/python3.12/site-packages/airflow/example_dags/example_params_trigger_ui.py
[2025-04-13T16:55:05.884+0000] {processor.py:914} INFO - Processing file /home/airflow/.local/lib/python3.12/site-packages/airflow/example_dags/example_params_trigger_ui.py for tasks to queue
[2025-04-13T16:55:05.899+0000] {logging_mixin.py:190} INFO - [2025-04-13T16:55:05.899+0000] {dagbag.py:588} INFO - Filling up the DagBag from /home/airflow/.local/lib/python3.12/site-packages/airflow/example_dags/example_params_trigger_ui.py
[2025-04-13T16:55:05.971+0000] {processor.py:925} INFO - DAG(s) 'example_params_trigger_ui' retrieved from /home/airflow/.local/lib/python3.12/site-packages/airflow/example_dags/example_params_trigger_ui.py
[2025-04-13T16:55:06.409+0000] {logging_mixin.py:190} INFO - [2025-04-13T16:55:06.408+0000] {dag.py:3239} INFO - Sync 1 DAGs
[2025-04-13T16:55:06.504+0000] {logging_mixin.py:190} INFO - [2025-04-13T16:55:06.503+0000] {dag.py:4180} INFO - Setting next_dagrun for example_params_trigger_ui to None, run_after=None
[2025-04-13T16:55:06.924+0000] {processor.py:208} INFO - Processing /home/airflow/.local/lib/python3.12/site-packages/airflow/example_dags/example_params_trigger_ui.py took 1.099 seconds
[2025-04-13T17:03:58.887+0000] {processor.py:186} INFO - Started process (PID=144) to work on /home/airflow/.local/lib/python3.12/site-packages/airflow/example_dags/example_params_trigger_ui.py
[2025-04-13T17:03:58.995+0000] {processor.py:914} INFO - Processing file /home/airflow/.local/lib/python3.12/site-packages/airflow/example_dags/example_params_trigger_ui.py for tasks to queue
[2025-04-13T17:03:59.040+0000] {logging_mixin.py:190} INFO - [2025-04-13T17:03:59.039+0000] {dagbag.py:588} INFO - Filling up the DagBag from /home/airflow/.local/lib/python3.12/site-packages/airflow/example_dags/example_params_trigger_ui.py
[2025-04-13T17:03:59.575+0000] {processor.py:925} INFO - DAG(s) 'example_params_trigger_ui' retrieved from /home/airflow/.local/lib/python3.12/site-packages/airflow/example_dags/example_params_trigger_ui.py
[2025-04-13T17:04:00.924+0000] {logging_mixin.py:190} INFO - [2025-04-13T17:04:00.923+0000] {dag.py:3239} INFO - Sync 1 DAGs
[2025-04-13T17:04:01.329+0000] {logging_mixin.py:190} INFO - [2025-04-13T17:04:01.329+0000] {dag.py:4180} INFO - Setting next_dagrun for example_params_trigger_ui to None, run_after=None
[2025-04-13T17:04:02.899+0000] {processor.py:208} INFO - Processing /home/airflow/.local/lib/python3.12/site-packages/airflow/example_dags/example_params_trigger_ui.py took 4.074 seconds
[2025-04-13T17:06:26.605+0000] {processor.py:186} INFO - Started process (PID=225) to work on /home/airflow/.local/lib/python3.12/site-packages/airflow/example_dags/example_params_trigger_ui.py
[2025-04-13T17:06:26.645+0000] {processor.py:914} INFO - Processing file /home/airflow/.local/lib/python3.12/site-packages/airflow/example_dags/example_params_trigger_ui.py for tasks to queue
[2025-04-13T17:06:26.655+0000] {logging_mixin.py:190} INFO - [2025-04-13T17:06:26.654+0000] {dagbag.py:588} INFO - Filling up the DagBag from /home/airflow/.local/lib/python3.12/site-packages/airflow/example_dags/example_params_trigger_ui.py
[2025-04-13T17:06:27.358+0000] {processor.py:925} INFO - DAG(s) 'example_params_trigger_ui' retrieved from /home/airflow/.local/lib/python3.12/site-packages/airflow/example_dags/example_params_trigger_ui.py
[2025-04-13T17:06:29.739+0000] {logging_mixin.py:190} INFO - [2025-04-13T17:06:29.451+0000] {dag.py:3239} INFO - Sync 1 DAGs
[2025-04-13T17:06:30.337+0000] {logging_mixin.py:190} INFO - [2025-04-13T17:06:30.335+0000] {dag.py:4180} INFO - Setting next_dagrun for example_params_trigger_ui to None, run_after=None
[2025-04-13T17:06:31.174+0000] {processor.py:208} INFO - Processing /home/airflow/.local/lib/python3.12/site-packages/airflow/example_dags/example_params_trigger_ui.py took 4.757 seconds
[2025-04-13T17:25:56.444+0000] {processor.py:186} INFO - Started process (PID=204) to work on /home/airflow/.local/lib/python3.12/site-packages/airflow/example_dags/example_params_trigger_ui.py
[2025-04-13T17:25:56.657+0000] {processor.py:914} INFO - Processing file /home/airflow/.local/lib/python3.12/site-packages/airflow/example_dags/example_params_trigger_ui.py for tasks to queue
[2025-04-13T17:25:56.747+0000] {logging_mixin.py:190} INFO - [2025-04-13T17:25:56.747+0000] {dagbag.py:588} INFO - Filling up the DagBag from /home/airflow/.local/lib/python3.12/site-packages/airflow/example_dags/example_params_trigger_ui.py
[2025-04-13T17:25:57.308+0000] {processor.py:925} INFO - DAG(s) 'example_params_trigger_ui' retrieved from /home/airflow/.local/lib/python3.12/site-packages/airflow/example_dags/example_params_trigger_ui.py
[2025-04-13T17:26:00.478+0000] {logging_mixin.py:190} INFO - [2025-04-13T17:26:00.467+0000] {dag.py:3239} INFO - Sync 1 DAGs
[2025-04-13T17:26:01.227+0000] {logging_mixin.py:190} INFO - [2025-04-13T17:26:01.227+0000] {dag.py:4180} INFO - Setting next_dagrun for example_params_trigger_ui to None, run_after=None
[2025-04-13T17:26:02.261+0000] {processor.py:208} INFO - Processing /home/airflow/.local/lib/python3.12/site-packages/airflow/example_dags/example_params_trigger_ui.py took 5.864 seconds
[2025-04-13T18:12:49.905+0000] {processor.py:186} INFO - Started process (PID=301) to work on /home/airflow/.local/lib/python3.12/site-packages/airflow/example_dags/example_params_trigger_ui.py
[2025-04-13T18:12:50.049+0000] {processor.py:914} INFO - Processing file /home/airflow/.local/lib/python3.12/site-packages/airflow/example_dags/example_params_trigger_ui.py for tasks to queue
[2025-04-13T18:12:50.205+0000] {logging_mixin.py:190} INFO - [2025-04-13T18:12:50.203+0000] {dagbag.py:588} INFO - Filling up the DagBag from /home/airflow/.local/lib/python3.12/site-packages/airflow/example_dags/example_params_trigger_ui.py
[2025-04-13T18:12:52.155+0000] {processor.py:925} INFO - DAG(s) 'example_params_trigger_ui' retrieved from /home/airflow/.local/lib/python3.12/site-packages/airflow/example_dags/example_params_trigger_ui.py
[2025-04-13T18:12:59.362+0000] {logging_mixin.py:190} INFO - [2025-04-13T18:12:59.358+0000] {dag.py:3239} INFO - Sync 1 DAGs
[2025-04-13T18:13:00.793+0000] {logging_mixin.py:190} INFO - [2025-04-13T18:13:00.793+0000] {dag.py:4180} INFO - Setting next_dagrun for example_params_trigger_ui to None, run_after=None
[2025-04-13T18:13:03.357+0000] {processor.py:208} INFO - Processing /home/airflow/.local/lib/python3.12/site-packages/airflow/example_dags/example_params_trigger_ui.py took 14.386 seconds
[2025-04-13T18:21:22.505+0000] {processor.py:186} INFO - Started process (PID=440) to work on /home/airflow/.local/lib/python3.12/site-packages/airflow/example_dags/example_params_trigger_ui.py
[2025-04-13T18:21:22.884+0000] {processor.py:914} INFO - Processing file /home/airflow/.local/lib/python3.12/site-packages/airflow/example_dags/example_params_trigger_ui.py for tasks to queue
[2025-04-13T18:21:23.228+0000] {logging_mixin.py:190} INFO - [2025-04-13T18:21:23.214+0000] {dagbag.py:588} INFO - Filling up the DagBag from /home/airflow/.local/lib/python3.12/site-packages/airflow/example_dags/example_params_trigger_ui.py
[2025-04-13T18:21:25.137+0000] {processor.py:925} INFO - DAG(s) 'example_params_trigger_ui' retrieved from /home/airflow/.local/lib/python3.12/site-packages/airflow/example_dags/example_params_trigger_ui.py
[2025-04-13T18:21:29.373+0000] {logging_mixin.py:190} INFO - [2025-04-13T18:21:29.362+0000] {dag.py:3239} INFO - Sync 1 DAGs
[2025-04-13T18:21:31.156+0000] {logging_mixin.py:190} INFO - [2025-04-13T18:21:31.156+0000] {dag.py:4180} INFO - Setting next_dagrun for example_params_trigger_ui to None, run_after=None
[2025-04-13T18:21:33.896+0000] {processor.py:208} INFO - Processing /home/airflow/.local/lib/python3.12/site-packages/airflow/example_dags/example_params_trigger_ui.py took 12.685 seconds
[2025-04-13T20:52:02.268+0000] {processor.py:186} INFO - Started process (PID=118) to work on /home/airflow/.local/lib/python3.12/site-packages/airflow/example_dags/example_params_trigger_ui.py
[2025-04-13T20:52:02.270+0000] {processor.py:914} INFO - Processing file /home/airflow/.local/lib/python3.12/site-packages/airflow/example_dags/example_params_trigger_ui.py for tasks to queue
[2025-04-13T20:52:02.278+0000] {logging_mixin.py:190} INFO - [2025-04-13T20:52:02.278+0000] {dagbag.py:588} INFO - Filling up the DagBag from /home/airflow/.local/lib/python3.12/site-packages/airflow/example_dags/example_params_trigger_ui.py
[2025-04-13T20:52:02.324+0000] {processor.py:925} INFO - DAG(s) 'example_params_trigger_ui' retrieved from /home/airflow/.local/lib/python3.12/site-packages/airflow/example_dags/example_params_trigger_ui.py
[2025-04-13T20:52:02.548+0000] {logging_mixin.py:190} INFO - [2025-04-13T20:52:02.547+0000] {dag.py:3239} INFO - Sync 1 DAGs
[2025-04-13T20:52:02.610+0000] {logging_mixin.py:190} INFO - [2025-04-13T20:52:02.609+0000] {dag.py:4180} INFO - Setting next_dagrun for example_params_trigger_ui to None, run_after=None
[2025-04-13T20:52:02.673+0000] {processor.py:208} INFO - Processing /home/airflow/.local/lib/python3.12/site-packages/airflow/example_dags/example_params_trigger_ui.py took 0.417 seconds
[2025-04-13T20:52:33.517+0000] {processor.py:186} INFO - Started process (PID=182) to work on /home/airflow/.local/lib/python3.12/site-packages/airflow/example_dags/example_params_trigger_ui.py
[2025-04-13T20:52:33.521+0000] {processor.py:914} INFO - Processing file /home/airflow/.local/lib/python3.12/site-packages/airflow/example_dags/example_params_trigger_ui.py for tasks to queue
[2025-04-13T20:52:33.567+0000] {logging_mixin.py:190} INFO - [2025-04-13T20:52:33.567+0000] {dagbag.py:588} INFO - Filling up the DagBag from /home/airflow/.local/lib/python3.12/site-packages/airflow/example_dags/example_params_trigger_ui.py
[2025-04-13T20:52:33.638+0000] {processor.py:925} INFO - DAG(s) 'example_params_trigger_ui' retrieved from /home/airflow/.local/lib/python3.12/site-packages/airflow/example_dags/example_params_trigger_ui.py
[2025-04-13T20:52:33.841+0000] {logging_mixin.py:190} INFO - [2025-04-13T20:52:33.841+0000] {dag.py:3239} INFO - Sync 1 DAGs
[2025-04-13T20:52:33.884+0000] {logging_mixin.py:190} INFO - [2025-04-13T20:52:33.883+0000] {dag.py:4180} INFO - Setting next_dagrun for example_params_trigger_ui to None, run_after=None
[2025-04-13T20:52:34.007+0000] {processor.py:208} INFO - Processing /home/airflow/.local/lib/python3.12/site-packages/airflow/example_dags/example_params_trigger_ui.py took 0.534 seconds
[2025-04-13T20:53:09.735+0000] {processor.py:186} INFO - Started process (PID=245) to work on /home/airflow/.local/lib/python3.12/site-packages/airflow/example_dags/example_params_trigger_ui.py
[2025-04-13T20:53:09.737+0000] {processor.py:914} INFO - Processing file /home/airflow/.local/lib/python3.12/site-packages/airflow/example_dags/example_params_trigger_ui.py for tasks to queue
[2025-04-13T20:53:09.743+0000] {logging_mixin.py:190} INFO - [2025-04-13T20:53:09.742+0000] {dagbag.py:588} INFO - Filling up the DagBag from /home/airflow/.local/lib/python3.12/site-packages/airflow/example_dags/example_params_trigger_ui.py
[2025-04-13T20:53:09.777+0000] {processor.py:925} INFO - DAG(s) 'example_params_trigger_ui' retrieved from /home/airflow/.local/lib/python3.12/site-packages/airflow/example_dags/example_params_trigger_ui.py
[2025-04-13T20:53:09.928+0000] {logging_mixin.py:190} INFO - [2025-04-13T20:53:09.927+0000] {dag.py:3239} INFO - Sync 1 DAGs
[2025-04-13T20:53:09.979+0000] {logging_mixin.py:190} INFO - [2025-04-13T20:53:09.979+0000] {dag.py:4180} INFO - Setting next_dagrun for example_params_trigger_ui to None, run_after=None
[2025-04-13T20:53:10.038+0000] {processor.py:208} INFO - Processing /home/airflow/.local/lib/python3.12/site-packages/airflow/example_dags/example_params_trigger_ui.py took 0.315 seconds
[2025-04-13T20:53:44.337+0000] {processor.py:186} INFO - Started process (PID=309) to work on /home/airflow/.local/lib/python3.12/site-packages/airflow/example_dags/example_params_trigger_ui.py
[2025-04-13T20:53:44.340+0000] {processor.py:914} INFO - Processing file /home/airflow/.local/lib/python3.12/site-packages/airflow/example_dags/example_params_trigger_ui.py for tasks to queue
[2025-04-13T20:53:44.358+0000] {logging_mixin.py:190} INFO - [2025-04-13T20:53:44.358+0000] {dagbag.py:588} INFO - Filling up the DagBag from /home/airflow/.local/lib/python3.12/site-packages/airflow/example_dags/example_params_trigger_ui.py
[2025-04-13T20:53:44.388+0000] {processor.py:925} INFO - DAG(s) 'example_params_trigger_ui' retrieved from /home/airflow/.local/lib/python3.12/site-packages/airflow/example_dags/example_params_trigger_ui.py
[2025-04-13T20:53:44.664+0000] {logging_mixin.py:190} INFO - [2025-04-13T20:53:44.663+0000] {dag.py:3239} INFO - Sync 1 DAGs
[2025-04-13T20:53:44.710+0000] {logging_mixin.py:190} INFO - [2025-04-13T20:53:44.710+0000] {dag.py:4180} INFO - Setting next_dagrun for example_params_trigger_ui to None, run_after=None
[2025-04-13T20:53:44.754+0000] {processor.py:208} INFO - Processing /home/airflow/.local/lib/python3.12/site-packages/airflow/example_dags/example_params_trigger_ui.py took 0.433 seconds
[2025-04-13T20:54:17.247+0000] {processor.py:186} INFO - Started process (PID=374) to work on /home/airflow/.local/lib/python3.12/site-packages/airflow/example_dags/example_params_trigger_ui.py
[2025-04-13T20:54:17.258+0000] {processor.py:914} INFO - Processing file /home/airflow/.local/lib/python3.12/site-packages/airflow/example_dags/example_params_trigger_ui.py for tasks to queue
[2025-04-13T20:54:17.282+0000] {logging_mixin.py:190} INFO - [2025-04-13T20:54:17.282+0000] {dagbag.py:588} INFO - Filling up the DagBag from /home/airflow/.local/lib/python3.12/site-packages/airflow/example_dags/example_params_trigger_ui.py
[2025-04-13T20:54:18.041+0000] {processor.py:925} INFO - DAG(s) 'example_params_trigger_ui' retrieved from /home/airflow/.local/lib/python3.12/site-packages/airflow/example_dags/example_params_trigger_ui.py
[2025-04-13T20:54:18.807+0000] {logging_mixin.py:190} INFO - [2025-04-13T20:54:18.807+0000] {dag.py:3239} INFO - Sync 1 DAGs
[2025-04-13T20:54:18.928+0000] {logging_mixin.py:190} INFO - [2025-04-13T20:54:18.928+0000] {dag.py:4180} INFO - Setting next_dagrun for example_params_trigger_ui to None, run_after=None
[2025-04-13T20:54:19.112+0000] {processor.py:208} INFO - Processing /home/airflow/.local/lib/python3.12/site-packages/airflow/example_dags/example_params_trigger_ui.py took 1.881 seconds
[2025-04-13T20:54:49.349+0000] {processor.py:186} INFO - Started process (PID=443) to work on /home/airflow/.local/lib/python3.12/site-packages/airflow/example_dags/example_params_trigger_ui.py
[2025-04-13T20:54:49.352+0000] {processor.py:914} INFO - Processing file /home/airflow/.local/lib/python3.12/site-packages/airflow/example_dags/example_params_trigger_ui.py for tasks to queue
[2025-04-13T20:54:49.356+0000] {logging_mixin.py:190} INFO - [2025-04-13T20:54:49.355+0000] {dagbag.py:588} INFO - Filling up the DagBag from /home/airflow/.local/lib/python3.12/site-packages/airflow/example_dags/example_params_trigger_ui.py
[2025-04-13T20:54:49.376+0000] {processor.py:925} INFO - DAG(s) 'example_params_trigger_ui' retrieved from /home/airflow/.local/lib/python3.12/site-packages/airflow/example_dags/example_params_trigger_ui.py
[2025-04-13T20:54:49.477+0000] {logging_mixin.py:190} INFO - [2025-04-13T20:54:49.477+0000] {dag.py:3239} INFO - Sync 1 DAGs
[2025-04-13T20:54:49.504+0000] {logging_mixin.py:190} INFO - [2025-04-13T20:54:49.504+0000] {dag.py:4180} INFO - Setting next_dagrun for example_params_trigger_ui to None, run_after=None
[2025-04-13T20:54:49.564+0000] {processor.py:208} INFO - Processing /home/airflow/.local/lib/python3.12/site-packages/airflow/example_dags/example_params_trigger_ui.py took 0.241 seconds
[2025-04-13T20:55:21.077+0000] {processor.py:186} INFO - Started process (PID=507) to work on /home/airflow/.local/lib/python3.12/site-packages/airflow/example_dags/example_params_trigger_ui.py
[2025-04-13T20:55:21.079+0000] {processor.py:914} INFO - Processing file /home/airflow/.local/lib/python3.12/site-packages/airflow/example_dags/example_params_trigger_ui.py for tasks to queue
[2025-04-13T20:55:21.084+0000] {logging_mixin.py:190} INFO - [2025-04-13T20:55:21.084+0000] {dagbag.py:588} INFO - Filling up the DagBag from /home/airflow/.local/lib/python3.12/site-packages/airflow/example_dags/example_params_trigger_ui.py
[2025-04-13T20:55:21.113+0000] {processor.py:925} INFO - DAG(s) 'example_params_trigger_ui' retrieved from /home/airflow/.local/lib/python3.12/site-packages/airflow/example_dags/example_params_trigger_ui.py
[2025-04-13T20:55:21.288+0000] {logging_mixin.py:190} INFO - [2025-04-13T20:55:21.287+0000] {dag.py:3239} INFO - Sync 1 DAGs
[2025-04-13T20:55:21.343+0000] {logging_mixin.py:190} INFO - [2025-04-13T20:55:21.342+0000] {dag.py:4180} INFO - Setting next_dagrun for example_params_trigger_ui to None, run_after=None
[2025-04-13T20:55:21.406+0000] {processor.py:208} INFO - Processing /home/airflow/.local/lib/python3.12/site-packages/airflow/example_dags/example_params_trigger_ui.py took 0.364 seconds
[2025-04-13T20:55:55.215+0000] {processor.py:186} INFO - Started process (PID=571) to work on /home/airflow/.local/lib/python3.12/site-packages/airflow/example_dags/example_params_trigger_ui.py
[2025-04-13T20:55:55.228+0000] {processor.py:914} INFO - Processing file /home/airflow/.local/lib/python3.12/site-packages/airflow/example_dags/example_params_trigger_ui.py for tasks to queue
[2025-04-13T20:55:55.235+0000] {logging_mixin.py:190} INFO - [2025-04-13T20:55:55.234+0000] {dagbag.py:588} INFO - Filling up the DagBag from /home/airflow/.local/lib/python3.12/site-packages/airflow/example_dags/example_params_trigger_ui.py
[2025-04-13T20:55:55.264+0000] {processor.py:925} INFO - DAG(s) 'example_params_trigger_ui' retrieved from /home/airflow/.local/lib/python3.12/site-packages/airflow/example_dags/example_params_trigger_ui.py
[2025-04-13T20:55:55.432+0000] {logging_mixin.py:190} INFO - [2025-04-13T20:55:55.432+0000] {dag.py:3239} INFO - Sync 1 DAGs
[2025-04-13T20:55:55.522+0000] {logging_mixin.py:190} INFO - [2025-04-13T20:55:55.522+0000] {dag.py:4180} INFO - Setting next_dagrun for example_params_trigger_ui to None, run_after=None
[2025-04-13T20:55:55.838+0000] {processor.py:208} INFO - Processing /home/airflow/.local/lib/python3.12/site-packages/airflow/example_dags/example_params_trigger_ui.py took 0.634 seconds
[2025-04-13T20:56:26.727+0000] {processor.py:186} INFO - Started process (PID=635) to work on /home/airflow/.local/lib/python3.12/site-packages/airflow/example_dags/example_params_trigger_ui.py
[2025-04-13T20:56:26.731+0000] {processor.py:914} INFO - Processing file /home/airflow/.local/lib/python3.12/site-packages/airflow/example_dags/example_params_trigger_ui.py for tasks to queue
[2025-04-13T20:56:26.742+0000] {logging_mixin.py:190} INFO - [2025-04-13T20:56:26.742+0000] {dagbag.py:588} INFO - Filling up the DagBag from /home/airflow/.local/lib/python3.12/site-packages/airflow/example_dags/example_params_trigger_ui.py
[2025-04-13T20:56:26.789+0000] {processor.py:925} INFO - DAG(s) 'example_params_trigger_ui' retrieved from /home/airflow/.local/lib/python3.12/site-packages/airflow/example_dags/example_params_trigger_ui.py
[2025-04-13T20:56:26.936+0000] {logging_mixin.py:190} INFO - [2025-04-13T20:56:26.935+0000] {dag.py:3239} INFO - Sync 1 DAGs
[2025-04-13T20:56:26.978+0000] {logging_mixin.py:190} INFO - [2025-04-13T20:56:26.977+0000] {dag.py:4180} INFO - Setting next_dagrun for example_params_trigger_ui to None, run_after=None
[2025-04-13T20:56:27.038+0000] {processor.py:208} INFO - Processing /home/airflow/.local/lib/python3.12/site-packages/airflow/example_dags/example_params_trigger_ui.py took 0.336 seconds
[2025-04-13T20:56:58.198+0000] {processor.py:186} INFO - Started process (PID=699) to work on /home/airflow/.local/lib/python3.12/site-packages/airflow/example_dags/example_params_trigger_ui.py
[2025-04-13T20:56:58.200+0000] {processor.py:914} INFO - Processing file /home/airflow/.local/lib/python3.12/site-packages/airflow/example_dags/example_params_trigger_ui.py for tasks to queue
[2025-04-13T20:56:58.205+0000] {logging_mixin.py:190} INFO - [2025-04-13T20:56:58.204+0000] {dagbag.py:588} INFO - Filling up the DagBag from /home/airflow/.local/lib/python3.12/site-packages/airflow/example_dags/example_params_trigger_ui.py
[2025-04-13T20:56:58.268+0000] {processor.py:925} INFO - DAG(s) 'example_params_trigger_ui' retrieved from /home/airflow/.local/lib/python3.12/site-packages/airflow/example_dags/example_params_trigger_ui.py
[2025-04-13T20:56:58.392+0000] {logging_mixin.py:190} INFO - [2025-04-13T20:56:58.391+0000] {dag.py:3239} INFO - Sync 1 DAGs
[2025-04-13T20:56:58.457+0000] {logging_mixin.py:190} INFO - [2025-04-13T20:56:58.457+0000] {dag.py:4180} INFO - Setting next_dagrun for example_params_trigger_ui to None, run_after=None
[2025-04-13T20:56:58.580+0000] {processor.py:208} INFO - Processing /home/airflow/.local/lib/python3.12/site-packages/airflow/example_dags/example_params_trigger_ui.py took 0.409 seconds
[2025-04-13T20:57:30.339+0000] {processor.py:186} INFO - Started process (PID=764) to work on /home/airflow/.local/lib/python3.12/site-packages/airflow/example_dags/example_params_trigger_ui.py
[2025-04-13T20:57:30.344+0000] {processor.py:914} INFO - Processing file /home/airflow/.local/lib/python3.12/site-packages/airflow/example_dags/example_params_trigger_ui.py for tasks to queue
[2025-04-13T20:57:30.348+0000] {logging_mixin.py:190} INFO - [2025-04-13T20:57:30.348+0000] {dagbag.py:588} INFO - Filling up the DagBag from /home/airflow/.local/lib/python3.12/site-packages/airflow/example_dags/example_params_trigger_ui.py
[2025-04-13T20:57:30.388+0000] {processor.py:925} INFO - DAG(s) 'example_params_trigger_ui' retrieved from /home/airflow/.local/lib/python3.12/site-packages/airflow/example_dags/example_params_trigger_ui.py
[2025-04-13T20:57:30.596+0000] {logging_mixin.py:190} INFO - [2025-04-13T20:57:30.595+0000] {dag.py:3239} INFO - Sync 1 DAGs
[2025-04-13T20:57:30.668+0000] {logging_mixin.py:190} INFO - [2025-04-13T20:57:30.668+0000] {dag.py:4180} INFO - Setting next_dagrun for example_params_trigger_ui to None, run_after=None
[2025-04-13T20:57:30.752+0000] {processor.py:208} INFO - Processing /home/airflow/.local/lib/python3.12/site-packages/airflow/example_dags/example_params_trigger_ui.py took 0.430 seconds
[2025-04-13T20:58:04.550+0000] {processor.py:186} INFO - Started process (PID=827) to work on /home/airflow/.local/lib/python3.12/site-packages/airflow/example_dags/example_params_trigger_ui.py
[2025-04-13T20:58:04.568+0000] {processor.py:914} INFO - Processing file /home/airflow/.local/lib/python3.12/site-packages/airflow/example_dags/example_params_trigger_ui.py for tasks to queue
[2025-04-13T20:58:04.579+0000] {logging_mixin.py:190} INFO - [2025-04-13T20:58:04.577+0000] {dagbag.py:588} INFO - Filling up the DagBag from /home/airflow/.local/lib/python3.12/site-packages/airflow/example_dags/example_params_trigger_ui.py
[2025-04-13T20:58:04.601+0000] {processor.py:925} INFO - DAG(s) 'example_params_trigger_ui' retrieved from /home/airflow/.local/lib/python3.12/site-packages/airflow/example_dags/example_params_trigger_ui.py
[2025-04-13T20:58:04.732+0000] {logging_mixin.py:190} INFO - [2025-04-13T20:58:04.732+0000] {dag.py:3239} INFO - Sync 1 DAGs
[2025-04-13T20:58:04.771+0000] {logging_mixin.py:190} INFO - [2025-04-13T20:58:04.770+0000] {dag.py:4180} INFO - Setting next_dagrun for example_params_trigger_ui to None, run_after=None
[2025-04-13T20:58:04.868+0000] {processor.py:208} INFO - Processing /home/airflow/.local/lib/python3.12/site-packages/airflow/example_dags/example_params_trigger_ui.py took 0.347 seconds
[2025-04-13T20:58:35.152+0000] {processor.py:186} INFO - Started process (PID=890) to work on /home/airflow/.local/lib/python3.12/site-packages/airflow/example_dags/example_params_trigger_ui.py
[2025-04-13T20:58:35.160+0000] {processor.py:914} INFO - Processing file /home/airflow/.local/lib/python3.12/site-packages/airflow/example_dags/example_params_trigger_ui.py for tasks to queue
[2025-04-13T20:58:35.172+0000] {logging_mixin.py:190} INFO - [2025-04-13T20:58:35.170+0000] {dagbag.py:588} INFO - Filling up the DagBag from /home/airflow/.local/lib/python3.12/site-packages/airflow/example_dags/example_params_trigger_ui.py
[2025-04-13T20:58:35.200+0000] {processor.py:925} INFO - DAG(s) 'example_params_trigger_ui' retrieved from /home/airflow/.local/lib/python3.12/site-packages/airflow/example_dags/example_params_trigger_ui.py
[2025-04-13T20:58:35.312+0000] {logging_mixin.py:190} INFO - [2025-04-13T20:58:35.312+0000] {dag.py:3239} INFO - Sync 1 DAGs
[2025-04-13T20:58:35.352+0000] {logging_mixin.py:190} INFO - [2025-04-13T20:58:35.351+0000] {dag.py:4180} INFO - Setting next_dagrun for example_params_trigger_ui to None, run_after=None
[2025-04-13T20:58:35.381+0000] {processor.py:208} INFO - Processing /home/airflow/.local/lib/python3.12/site-packages/airflow/example_dags/example_params_trigger_ui.py took 0.243 seconds
[2025-04-13T20:59:05.858+0000] {processor.py:186} INFO - Started process (PID=953) to work on /home/airflow/.local/lib/python3.12/site-packages/airflow/example_dags/example_params_trigger_ui.py
[2025-04-13T20:59:05.859+0000] {processor.py:914} INFO - Processing file /home/airflow/.local/lib/python3.12/site-packages/airflow/example_dags/example_params_trigger_ui.py for tasks to queue
[2025-04-13T20:59:05.866+0000] {logging_mixin.py:190} INFO - [2025-04-13T20:59:05.865+0000] {dagbag.py:588} INFO - Filling up the DagBag from /home/airflow/.local/lib/python3.12/site-packages/airflow/example_dags/example_params_trigger_ui.py
[2025-04-13T20:59:05.889+0000] {processor.py:925} INFO - DAG(s) 'example_params_trigger_ui' retrieved from /home/airflow/.local/lib/python3.12/site-packages/airflow/example_dags/example_params_trigger_ui.py
[2025-04-13T20:59:05.992+0000] {logging_mixin.py:190} INFO - [2025-04-13T20:59:05.990+0000] {dag.py:3239} INFO - Sync 1 DAGs
[2025-04-13T20:59:06.026+0000] {logging_mixin.py:190} INFO - [2025-04-13T20:59:06.026+0000] {dag.py:4180} INFO - Setting next_dagrun for example_params_trigger_ui to None, run_after=None
[2025-04-13T20:59:06.054+0000] {processor.py:208} INFO - Processing /home/airflow/.local/lib/python3.12/site-packages/airflow/example_dags/example_params_trigger_ui.py took 0.209 seconds
[2025-04-13T20:59:37.306+0000] {processor.py:186} INFO - Started process (PID=1017) to work on /home/airflow/.local/lib/python3.12/site-packages/airflow/example_dags/example_params_trigger_ui.py
[2025-04-13T20:59:37.318+0000] {processor.py:914} INFO - Processing file /home/airflow/.local/lib/python3.12/site-packages/airflow/example_dags/example_params_trigger_ui.py for tasks to queue
[2025-04-13T20:59:37.331+0000] {logging_mixin.py:190} INFO - [2025-04-13T20:59:37.331+0000] {dagbag.py:588} INFO - Filling up the DagBag from /home/airflow/.local/lib/python3.12/site-packages/airflow/example_dags/example_params_trigger_ui.py
[2025-04-13T20:59:37.372+0000] {processor.py:925} INFO - DAG(s) 'example_params_trigger_ui' retrieved from /home/airflow/.local/lib/python3.12/site-packages/airflow/example_dags/example_params_trigger_ui.py
[2025-04-13T20:59:37.529+0000] {logging_mixin.py:190} INFO - [2025-04-13T20:59:37.529+0000] {dag.py:3239} INFO - Sync 1 DAGs
[2025-04-13T20:59:37.577+0000] {logging_mixin.py:190} INFO - [2025-04-13T20:59:37.577+0000] {dag.py:4180} INFO - Setting next_dagrun for example_params_trigger_ui to None, run_after=None
[2025-04-13T20:59:37.632+0000] {processor.py:208} INFO - Processing /home/airflow/.local/lib/python3.12/site-packages/airflow/example_dags/example_params_trigger_ui.py took 0.383 seconds
[2025-04-13T21:00:08.925+0000] {processor.py:186} INFO - Started process (PID=1082) to work on /home/airflow/.local/lib/python3.12/site-packages/airflow/example_dags/example_params_trigger_ui.py
[2025-04-13T21:00:08.938+0000] {processor.py:914} INFO - Processing file /home/airflow/.local/lib/python3.12/site-packages/airflow/example_dags/example_params_trigger_ui.py for tasks to queue
[2025-04-13T21:00:08.975+0000] {logging_mixin.py:190} INFO - [2025-04-13T21:00:08.949+0000] {dagbag.py:588} INFO - Filling up the DagBag from /home/airflow/.local/lib/python3.12/site-packages/airflow/example_dags/example_params_trigger_ui.py
[2025-04-13T21:00:09.053+0000] {processor.py:925} INFO - DAG(s) 'example_params_trigger_ui' retrieved from /home/airflow/.local/lib/python3.12/site-packages/airflow/example_dags/example_params_trigger_ui.py
[2025-04-13T21:00:09.237+0000] {logging_mixin.py:190} INFO - [2025-04-13T21:00:09.236+0000] {dag.py:3239} INFO - Sync 1 DAGs
[2025-04-13T21:00:09.321+0000] {logging_mixin.py:190} INFO - [2025-04-13T21:00:09.320+0000] {dag.py:4180} INFO - Setting next_dagrun for example_params_trigger_ui to None, run_after=None
[2025-04-13T21:00:09.383+0000] {processor.py:208} INFO - Processing /home/airflow/.local/lib/python3.12/site-packages/airflow/example_dags/example_params_trigger_ui.py took 0.512 seconds
[2025-04-13T21:00:40.728+0000] {processor.py:186} INFO - Started process (PID=1146) to work on /home/airflow/.local/lib/python3.12/site-packages/airflow/example_dags/example_params_trigger_ui.py
[2025-04-13T21:00:40.732+0000] {processor.py:914} INFO - Processing file /home/airflow/.local/lib/python3.12/site-packages/airflow/example_dags/example_params_trigger_ui.py for tasks to queue
[2025-04-13T21:00:40.815+0000] {logging_mixin.py:190} INFO - [2025-04-13T21:00:40.812+0000] {dagbag.py:588} INFO - Filling up the DagBag from /home/airflow/.local/lib/python3.12/site-packages/airflow/example_dags/example_params_trigger_ui.py
[2025-04-13T21:00:40.864+0000] {processor.py:925} INFO - DAG(s) 'example_params_trigger_ui' retrieved from /home/airflow/.local/lib/python3.12/site-packages/airflow/example_dags/example_params_trigger_ui.py
[2025-04-13T21:00:41.233+0000] {logging_mixin.py:190} INFO - [2025-04-13T21:00:41.233+0000] {dag.py:3239} INFO - Sync 1 DAGs
[2025-04-13T21:00:41.285+0000] {logging_mixin.py:190} INFO - [2025-04-13T21:00:41.284+0000] {dag.py:4180} INFO - Setting next_dagrun for example_params_trigger_ui to None, run_after=None
[2025-04-13T21:00:41.436+0000] {processor.py:208} INFO - Processing /home/airflow/.local/lib/python3.12/site-packages/airflow/example_dags/example_params_trigger_ui.py took 0.735 seconds
[2025-04-13T21:01:12.347+0000] {processor.py:186} INFO - Started process (PID=1209) to work on /home/airflow/.local/lib/python3.12/site-packages/airflow/example_dags/example_params_trigger_ui.py
[2025-04-13T21:01:12.350+0000] {processor.py:914} INFO - Processing file /home/airflow/.local/lib/python3.12/site-packages/airflow/example_dags/example_params_trigger_ui.py for tasks to queue
[2025-04-13T21:01:12.367+0000] {logging_mixin.py:190} INFO - [2025-04-13T21:01:12.367+0000] {dagbag.py:588} INFO - Filling up the DagBag from /home/airflow/.local/lib/python3.12/site-packages/airflow/example_dags/example_params_trigger_ui.py
[2025-04-13T21:01:12.394+0000] {processor.py:925} INFO - DAG(s) 'example_params_trigger_ui' retrieved from /home/airflow/.local/lib/python3.12/site-packages/airflow/example_dags/example_params_trigger_ui.py
[2025-04-13T21:01:12.547+0000] {logging_mixin.py:190} INFO - [2025-04-13T21:01:12.547+0000] {dag.py:3239} INFO - Sync 1 DAGs
[2025-04-13T21:01:12.605+0000] {logging_mixin.py:190} INFO - [2025-04-13T21:01:12.602+0000] {dag.py:4180} INFO - Setting next_dagrun for example_params_trigger_ui to None, run_after=None
[2025-04-13T21:01:12.710+0000] {processor.py:208} INFO - Processing /home/airflow/.local/lib/python3.12/site-packages/airflow/example_dags/example_params_trigger_ui.py took 0.388 seconds
[2025-04-13T21:28:52.168+0000] {processor.py:186} INFO - Started process (PID=214) to work on /home/airflow/.local/lib/python3.12/site-packages/airflow/example_dags/example_params_trigger_ui.py
[2025-04-13T21:28:52.282+0000] {processor.py:914} INFO - Processing file /home/airflow/.local/lib/python3.12/site-packages/airflow/example_dags/example_params_trigger_ui.py for tasks to queue
[2025-04-13T21:28:52.376+0000] {logging_mixin.py:190} INFO - [2025-04-13T21:28:52.376+0000] {dagbag.py:588} INFO - Filling up the DagBag from /home/airflow/.local/lib/python3.12/site-packages/airflow/example_dags/example_params_trigger_ui.py
[2025-04-13T21:28:52.663+0000] {processor.py:925} INFO - DAG(s) 'example_params_trigger_ui' retrieved from /home/airflow/.local/lib/python3.12/site-packages/airflow/example_dags/example_params_trigger_ui.py
[2025-04-13T21:28:55.661+0000] {logging_mixin.py:190} INFO - [2025-04-13T21:28:55.649+0000] {dag.py:3239} INFO - Sync 1 DAGs
[2025-04-13T21:28:56.848+0000] {logging_mixin.py:190} INFO - [2025-04-13T21:28:56.848+0000] {dag.py:4180} INFO - Setting next_dagrun for example_params_trigger_ui to None, run_after=None
[2025-04-13T21:28:57.811+0000] {processor.py:208} INFO - Processing /home/airflow/.local/lib/python3.12/site-packages/airflow/example_dags/example_params_trigger_ui.py took 5.839 seconds
[2025-04-13T21:33:20.191+0000] {processor.py:186} INFO - Started process (PID=318) to work on /home/airflow/.local/lib/python3.12/site-packages/airflow/example_dags/example_params_trigger_ui.py
[2025-04-13T21:33:20.253+0000] {processor.py:914} INFO - Processing file /home/airflow/.local/lib/python3.12/site-packages/airflow/example_dags/example_params_trigger_ui.py for tasks to queue
[2025-04-13T21:33:20.304+0000] {logging_mixin.py:190} INFO - [2025-04-13T21:33:20.304+0000] {dagbag.py:588} INFO - Filling up the DagBag from /home/airflow/.local/lib/python3.12/site-packages/airflow/example_dags/example_params_trigger_ui.py
[2025-04-13T21:33:21.302+0000] {processor.py:925} INFO - DAG(s) 'example_params_trigger_ui' retrieved from /home/airflow/.local/lib/python3.12/site-packages/airflow/example_dags/example_params_trigger_ui.py
[2025-04-13T21:33:23.516+0000] {logging_mixin.py:190} INFO - [2025-04-13T21:33:23.516+0000] {dag.py:3239} INFO - Sync 1 DAGs
[2025-04-13T21:33:24.219+0000] {logging_mixin.py:190} INFO - [2025-04-13T21:33:24.218+0000] {dag.py:4180} INFO - Setting next_dagrun for example_params_trigger_ui to None, run_after=None
[2025-04-13T21:33:25.413+0000] {processor.py:208} INFO - Processing /home/airflow/.local/lib/python3.12/site-packages/airflow/example_dags/example_params_trigger_ui.py took 5.406 seconds
[2025-04-13T21:36:44.754+0000] {processor.py:186} INFO - Started process (PID=401) to work on /home/airflow/.local/lib/python3.12/site-packages/airflow/example_dags/example_params_trigger_ui.py
[2025-04-13T21:36:44.782+0000] {processor.py:914} INFO - Processing file /home/airflow/.local/lib/python3.12/site-packages/airflow/example_dags/example_params_trigger_ui.py for tasks to queue
[2025-04-13T21:36:44.788+0000] {logging_mixin.py:190} INFO - [2025-04-13T21:36:44.788+0000] {dagbag.py:588} INFO - Filling up the DagBag from /home/airflow/.local/lib/python3.12/site-packages/airflow/example_dags/example_params_trigger_ui.py
[2025-04-13T21:36:45.726+0000] {processor.py:925} INFO - DAG(s) 'example_params_trigger_ui' retrieved from /home/airflow/.local/lib/python3.12/site-packages/airflow/example_dags/example_params_trigger_ui.py
[2025-04-13T21:36:48.126+0000] {logging_mixin.py:190} INFO - [2025-04-13T21:36:48.126+0000] {dag.py:3239} INFO - Sync 1 DAGs
[2025-04-13T21:36:49.368+0000] {logging_mixin.py:190} INFO - [2025-04-13T21:36:49.368+0000] {dag.py:4180} INFO - Setting next_dagrun for example_params_trigger_ui to None, run_after=None
[2025-04-13T21:36:50.575+0000] {processor.py:208} INFO - Processing /home/airflow/.local/lib/python3.12/site-packages/airflow/example_dags/example_params_trigger_ui.py took 5.943 seconds
[2025-04-13T21:53:24.785+0000] {processor.py:186} INFO - Started process (PID=193) to work on /home/airflow/.local/lib/python3.12/site-packages/airflow/example_dags/example_params_trigger_ui.py
[2025-04-13T21:53:24.843+0000] {processor.py:914} INFO - Processing file /home/airflow/.local/lib/python3.12/site-packages/airflow/example_dags/example_params_trigger_ui.py for tasks to queue
[2025-04-13T21:53:24.850+0000] {logging_mixin.py:190} INFO - [2025-04-13T21:53:24.849+0000] {dagbag.py:588} INFO - Filling up the DagBag from /home/airflow/.local/lib/python3.12/site-packages/airflow/example_dags/example_params_trigger_ui.py
[2025-04-13T21:53:25.790+0000] {processor.py:925} INFO - DAG(s) 'example_params_trigger_ui' retrieved from /home/airflow/.local/lib/python3.12/site-packages/airflow/example_dags/example_params_trigger_ui.py
[2025-04-13T21:53:28.960+0000] {logging_mixin.py:190} INFO - [2025-04-13T21:53:28.959+0000] {dag.py:3239} INFO - Sync 1 DAGs
[2025-04-13T21:53:31.434+0000] {logging_mixin.py:190} INFO - [2025-04-13T21:53:31.433+0000] {dag.py:4180} INFO - Setting next_dagrun for example_params_trigger_ui to None, run_after=None
[2025-04-13T21:53:33.263+0000] {processor.py:208} INFO - Processing /home/airflow/.local/lib/python3.12/site-packages/airflow/example_dags/example_params_trigger_ui.py took 8.731 seconds
[2025-04-13T22:31:58.838+0000] {processor.py:186} INFO - Started process (PID=134) to work on /home/airflow/.local/lib/python3.12/site-packages/airflow/example_dags/example_params_trigger_ui.py
[2025-04-13T22:31:58.845+0000] {processor.py:914} INFO - Processing file /home/airflow/.local/lib/python3.12/site-packages/airflow/example_dags/example_params_trigger_ui.py for tasks to queue
[2025-04-13T22:31:58.868+0000] {logging_mixin.py:190} INFO - [2025-04-13T22:31:58.867+0000] {dagbag.py:588} INFO - Filling up the DagBag from /home/airflow/.local/lib/python3.12/site-packages/airflow/example_dags/example_params_trigger_ui.py
[2025-04-13T22:31:58.919+0000] {processor.py:925} INFO - DAG(s) 'example_params_trigger_ui' retrieved from /home/airflow/.local/lib/python3.12/site-packages/airflow/example_dags/example_params_trigger_ui.py
[2025-04-13T22:31:59.140+0000] {logging_mixin.py:190} INFO - [2025-04-13T22:31:59.139+0000] {dag.py:3239} INFO - Sync 1 DAGs
[2025-04-13T22:31:59.190+0000] {logging_mixin.py:190} INFO - [2025-04-13T22:31:59.189+0000] {dag.py:4180} INFO - Setting next_dagrun for example_params_trigger_ui to None, run_after=None
[2025-04-13T22:31:59.451+0000] {processor.py:208} INFO - Processing /home/airflow/.local/lib/python3.12/site-packages/airflow/example_dags/example_params_trigger_ui.py took 0.657 seconds
[2025-04-13T22:32:39.092+0000] {processor.py:186} INFO - Started process (PID=198) to work on /home/airflow/.local/lib/python3.12/site-packages/airflow/example_dags/example_params_trigger_ui.py
[2025-04-13T22:32:39.094+0000] {processor.py:914} INFO - Processing file /home/airflow/.local/lib/python3.12/site-packages/airflow/example_dags/example_params_trigger_ui.py for tasks to queue
[2025-04-13T22:32:39.101+0000] {logging_mixin.py:190} INFO - [2025-04-13T22:32:39.100+0000] {dagbag.py:588} INFO - Filling up the DagBag from /home/airflow/.local/lib/python3.12/site-packages/airflow/example_dags/example_params_trigger_ui.py
[2025-04-13T22:32:39.156+0000] {processor.py:925} INFO - DAG(s) 'example_params_trigger_ui' retrieved from /home/airflow/.local/lib/python3.12/site-packages/airflow/example_dags/example_params_trigger_ui.py
[2025-04-13T22:32:39.326+0000] {logging_mixin.py:190} INFO - [2025-04-13T22:32:39.325+0000] {dag.py:3239} INFO - Sync 1 DAGs
[2025-04-13T22:32:39.460+0000] {logging_mixin.py:190} INFO - [2025-04-13T22:32:39.452+0000] {dag.py:4180} INFO - Setting next_dagrun for example_params_trigger_ui to None, run_after=None
[2025-04-13T22:32:39.576+0000] {processor.py:208} INFO - Processing /home/airflow/.local/lib/python3.12/site-packages/airflow/example_dags/example_params_trigger_ui.py took 0.509 seconds
[2025-04-13T22:33:14.676+0000] {processor.py:186} INFO - Started process (PID=262) to work on /home/airflow/.local/lib/python3.12/site-packages/airflow/example_dags/example_params_trigger_ui.py
[2025-04-13T22:33:14.683+0000] {processor.py:914} INFO - Processing file /home/airflow/.local/lib/python3.12/site-packages/airflow/example_dags/example_params_trigger_ui.py for tasks to queue
[2025-04-13T22:33:14.747+0000] {logging_mixin.py:190} INFO - [2025-04-13T22:33:14.701+0000] {dagbag.py:588} INFO - Filling up the DagBag from /home/airflow/.local/lib/python3.12/site-packages/airflow/example_dags/example_params_trigger_ui.py
[2025-04-13T22:33:14.840+0000] {processor.py:925} INFO - DAG(s) 'example_params_trigger_ui' retrieved from /home/airflow/.local/lib/python3.12/site-packages/airflow/example_dags/example_params_trigger_ui.py
[2025-04-13T22:33:15.137+0000] {logging_mixin.py:190} INFO - [2025-04-13T22:33:15.137+0000] {dag.py:3239} INFO - Sync 1 DAGs
[2025-04-13T22:33:15.199+0000] {logging_mixin.py:190} INFO - [2025-04-13T22:33:15.198+0000] {dag.py:4180} INFO - Setting next_dagrun for example_params_trigger_ui to None, run_after=None
[2025-04-13T22:33:15.306+0000] {processor.py:208} INFO - Processing /home/airflow/.local/lib/python3.12/site-packages/airflow/example_dags/example_params_trigger_ui.py took 0.698 seconds
[2025-04-13T22:33:47.543+0000] {processor.py:186} INFO - Started process (PID=326) to work on /home/airflow/.local/lib/python3.12/site-packages/airflow/example_dags/example_params_trigger_ui.py
[2025-04-13T22:33:47.546+0000] {processor.py:914} INFO - Processing file /home/airflow/.local/lib/python3.12/site-packages/airflow/example_dags/example_params_trigger_ui.py for tasks to queue
[2025-04-13T22:33:47.552+0000] {logging_mixin.py:190} INFO - [2025-04-13T22:33:47.551+0000] {dagbag.py:588} INFO - Filling up the DagBag from /home/airflow/.local/lib/python3.12/site-packages/airflow/example_dags/example_params_trigger_ui.py
[2025-04-13T22:33:47.584+0000] {processor.py:925} INFO - DAG(s) 'example_params_trigger_ui' retrieved from /home/airflow/.local/lib/python3.12/site-packages/airflow/example_dags/example_params_trigger_ui.py
[2025-04-13T22:33:47.857+0000] {logging_mixin.py:190} INFO - [2025-04-13T22:33:47.857+0000] {dag.py:3239} INFO - Sync 1 DAGs
[2025-04-13T22:33:47.901+0000] {logging_mixin.py:190} INFO - [2025-04-13T22:33:47.900+0000] {dag.py:4180} INFO - Setting next_dagrun for example_params_trigger_ui to None, run_after=None
[2025-04-13T22:33:48.017+0000] {processor.py:208} INFO - Processing /home/airflow/.local/lib/python3.12/site-packages/airflow/example_dags/example_params_trigger_ui.py took 0.496 seconds
[2025-04-13T22:34:26.655+0000] {processor.py:186} INFO - Started process (PID=390) to work on /home/airflow/.local/lib/python3.12/site-packages/airflow/example_dags/example_params_trigger_ui.py
[2025-04-13T22:34:26.658+0000] {processor.py:914} INFO - Processing file /home/airflow/.local/lib/python3.12/site-packages/airflow/example_dags/example_params_trigger_ui.py for tasks to queue
[2025-04-13T22:34:26.664+0000] {logging_mixin.py:190} INFO - [2025-04-13T22:34:26.664+0000] {dagbag.py:588} INFO - Filling up the DagBag from /home/airflow/.local/lib/python3.12/site-packages/airflow/example_dags/example_params_trigger_ui.py
[2025-04-13T22:34:26.716+0000] {processor.py:925} INFO - DAG(s) 'example_params_trigger_ui' retrieved from /home/airflow/.local/lib/python3.12/site-packages/airflow/example_dags/example_params_trigger_ui.py
[2025-04-13T22:34:26.958+0000] {logging_mixin.py:190} INFO - [2025-04-13T22:34:26.957+0000] {dag.py:3239} INFO - Sync 1 DAGs
[2025-04-13T22:34:27.039+0000] {logging_mixin.py:190} INFO - [2025-04-13T22:34:27.039+0000] {dag.py:4180} INFO - Setting next_dagrun for example_params_trigger_ui to None, run_after=None
[2025-04-13T22:34:27.279+0000] {processor.py:208} INFO - Processing /home/airflow/.local/lib/python3.12/site-packages/airflow/example_dags/example_params_trigger_ui.py took 0.646 seconds
[2025-04-13T22:35:09.024+0000] {processor.py:186} INFO - Started process (PID=460) to work on /home/airflow/.local/lib/python3.12/site-packages/airflow/example_dags/example_params_trigger_ui.py
[2025-04-13T22:35:09.040+0000] {processor.py:914} INFO - Processing file /home/airflow/.local/lib/python3.12/site-packages/airflow/example_dags/example_params_trigger_ui.py for tasks to queue
[2025-04-13T22:35:09.044+0000] {logging_mixin.py:190} INFO - [2025-04-13T22:35:09.044+0000] {dagbag.py:588} INFO - Filling up the DagBag from /home/airflow/.local/lib/python3.12/site-packages/airflow/example_dags/example_params_trigger_ui.py
[2025-04-13T22:35:09.175+0000] {processor.py:925} INFO - DAG(s) 'example_params_trigger_ui' retrieved from /home/airflow/.local/lib/python3.12/site-packages/airflow/example_dags/example_params_trigger_ui.py
[2025-04-13T22:35:09.701+0000] {logging_mixin.py:190} INFO - [2025-04-13T22:35:09.700+0000] {dag.py:3239} INFO - Sync 1 DAGs
[2025-04-13T22:35:09.915+0000] {logging_mixin.py:190} INFO - [2025-04-13T22:35:09.915+0000] {dag.py:4180} INFO - Setting next_dagrun for example_params_trigger_ui to None, run_after=None
[2025-04-13T22:35:10.209+0000] {processor.py:208} INFO - Processing /home/airflow/.local/lib/python3.12/site-packages/airflow/example_dags/example_params_trigger_ui.py took 1.339 seconds
[2025-04-13T22:35:51.007+0000] {processor.py:186} INFO - Started process (PID=530) to work on /home/airflow/.local/lib/python3.12/site-packages/airflow/example_dags/example_params_trigger_ui.py
[2025-04-13T22:35:51.010+0000] {processor.py:914} INFO - Processing file /home/airflow/.local/lib/python3.12/site-packages/airflow/example_dags/example_params_trigger_ui.py for tasks to queue
[2025-04-13T22:35:51.021+0000] {logging_mixin.py:190} INFO - [2025-04-13T22:35:51.020+0000] {dagbag.py:588} INFO - Filling up the DagBag from /home/airflow/.local/lib/python3.12/site-packages/airflow/example_dags/example_params_trigger_ui.py
[2025-04-13T22:35:51.072+0000] {processor.py:925} INFO - DAG(s) 'example_params_trigger_ui' retrieved from /home/airflow/.local/lib/python3.12/site-packages/airflow/example_dags/example_params_trigger_ui.py
[2025-04-13T22:35:51.317+0000] {logging_mixin.py:190} INFO - [2025-04-13T22:35:51.317+0000] {dag.py:3239} INFO - Sync 1 DAGs
[2025-04-13T22:35:51.398+0000] {logging_mixin.py:190} INFO - [2025-04-13T22:35:51.396+0000] {dag.py:4180} INFO - Setting next_dagrun for example_params_trigger_ui to None, run_after=None
[2025-04-13T22:35:51.503+0000] {processor.py:208} INFO - Processing /home/airflow/.local/lib/python3.12/site-packages/airflow/example_dags/example_params_trigger_ui.py took 0.510 seconds
[2025-04-13T22:36:31.037+0000] {processor.py:186} INFO - Started process (PID=600) to work on /home/airflow/.local/lib/python3.12/site-packages/airflow/example_dags/example_params_trigger_ui.py
[2025-04-13T22:36:31.042+0000] {processor.py:914} INFO - Processing file /home/airflow/.local/lib/python3.12/site-packages/airflow/example_dags/example_params_trigger_ui.py for tasks to queue
[2025-04-13T22:36:31.048+0000] {logging_mixin.py:190} INFO - [2025-04-13T22:36:31.047+0000] {dagbag.py:588} INFO - Filling up the DagBag from /home/airflow/.local/lib/python3.12/site-packages/airflow/example_dags/example_params_trigger_ui.py
[2025-04-13T22:36:31.097+0000] {processor.py:925} INFO - DAG(s) 'example_params_trigger_ui' retrieved from /home/airflow/.local/lib/python3.12/site-packages/airflow/example_dags/example_params_trigger_ui.py
[2025-04-13T22:36:31.496+0000] {logging_mixin.py:190} INFO - [2025-04-13T22:36:31.495+0000] {dag.py:3239} INFO - Sync 1 DAGs
[2025-04-13T22:36:31.624+0000] {logging_mixin.py:190} INFO - [2025-04-13T22:36:31.617+0000] {dag.py:4180} INFO - Setting next_dagrun for example_params_trigger_ui to None, run_after=None
[2025-04-13T22:36:31.895+0000] {processor.py:208} INFO - Processing /home/airflow/.local/lib/python3.12/site-packages/airflow/example_dags/example_params_trigger_ui.py took 0.903 seconds
[2025-04-13T22:37:20.295+0000] {processor.py:186} INFO - Started process (PID=674) to work on /home/airflow/.local/lib/python3.12/site-packages/airflow/example_dags/example_params_trigger_ui.py
[2025-04-13T22:37:20.307+0000] {processor.py:914} INFO - Processing file /home/airflow/.local/lib/python3.12/site-packages/airflow/example_dags/example_params_trigger_ui.py for tasks to queue
[2025-04-13T22:37:20.337+0000] {logging_mixin.py:190} INFO - [2025-04-13T22:37:20.337+0000] {dagbag.py:588} INFO - Filling up the DagBag from /home/airflow/.local/lib/python3.12/site-packages/airflow/example_dags/example_params_trigger_ui.py
[2025-04-13T22:37:20.377+0000] {processor.py:925} INFO - DAG(s) 'example_params_trigger_ui' retrieved from /home/airflow/.local/lib/python3.12/site-packages/airflow/example_dags/example_params_trigger_ui.py
[2025-04-13T22:37:21.309+0000] {logging_mixin.py:190} INFO - [2025-04-13T22:37:21.308+0000] {dag.py:3239} INFO - Sync 1 DAGs
[2025-04-13T22:37:21.405+0000] {logging_mixin.py:190} INFO - [2025-04-13T22:37:21.405+0000] {dag.py:4180} INFO - Setting next_dagrun for example_params_trigger_ui to None, run_after=None
[2025-04-13T22:37:21.586+0000] {processor.py:208} INFO - Processing /home/airflow/.local/lib/python3.12/site-packages/airflow/example_dags/example_params_trigger_ui.py took 1.305 seconds
[2025-04-13T22:38:01.573+0000] {processor.py:186} INFO - Started process (PID=738) to work on /home/airflow/.local/lib/python3.12/site-packages/airflow/example_dags/example_params_trigger_ui.py
[2025-04-13T22:38:01.577+0000] {processor.py:914} INFO - Processing file /home/airflow/.local/lib/python3.12/site-packages/airflow/example_dags/example_params_trigger_ui.py for tasks to queue
[2025-04-13T22:38:01.582+0000] {logging_mixin.py:190} INFO - [2025-04-13T22:38:01.582+0000] {dagbag.py:588} INFO - Filling up the DagBag from /home/airflow/.local/lib/python3.12/site-packages/airflow/example_dags/example_params_trigger_ui.py
[2025-04-13T22:38:01.620+0000] {processor.py:925} INFO - DAG(s) 'example_params_trigger_ui' retrieved from /home/airflow/.local/lib/python3.12/site-packages/airflow/example_dags/example_params_trigger_ui.py
[2025-04-13T22:38:02.023+0000] {logging_mixin.py:190} INFO - [2025-04-13T22:38:02.022+0000] {dag.py:3239} INFO - Sync 1 DAGs
[2025-04-13T22:38:02.089+0000] {logging_mixin.py:190} INFO - [2025-04-13T22:38:02.088+0000] {dag.py:4180} INFO - Setting next_dagrun for example_params_trigger_ui to None, run_after=None
[2025-04-13T22:38:02.178+0000] {processor.py:208} INFO - Processing /home/airflow/.local/lib/python3.12/site-packages/airflow/example_dags/example_params_trigger_ui.py took 0.647 seconds
[2025-04-13T22:38:42.602+0000] {processor.py:186} INFO - Started process (PID=808) to work on /home/airflow/.local/lib/python3.12/site-packages/airflow/example_dags/example_params_trigger_ui.py
[2025-04-13T22:38:42.609+0000] {processor.py:914} INFO - Processing file /home/airflow/.local/lib/python3.12/site-packages/airflow/example_dags/example_params_trigger_ui.py for tasks to queue
[2025-04-13T22:38:42.620+0000] {logging_mixin.py:190} INFO - [2025-04-13T22:38:42.619+0000] {dagbag.py:588} INFO - Filling up the DagBag from /home/airflow/.local/lib/python3.12/site-packages/airflow/example_dags/example_params_trigger_ui.py
[2025-04-13T22:38:42.649+0000] {processor.py:925} INFO - DAG(s) 'example_params_trigger_ui' retrieved from /home/airflow/.local/lib/python3.12/site-packages/airflow/example_dags/example_params_trigger_ui.py
[2025-04-13T22:38:42.995+0000] {logging_mixin.py:190} INFO - [2025-04-13T22:38:42.995+0000] {dag.py:3239} INFO - Sync 1 DAGs
[2025-04-13T22:38:43.053+0000] {logging_mixin.py:190} INFO - [2025-04-13T22:38:43.053+0000] {dag.py:4180} INFO - Setting next_dagrun for example_params_trigger_ui to None, run_after=None
[2025-04-13T22:38:43.152+0000] {processor.py:208} INFO - Processing /home/airflow/.local/lib/python3.12/site-packages/airflow/example_dags/example_params_trigger_ui.py took 0.571 seconds
[2025-04-13T22:39:21.529+0000] {processor.py:186} INFO - Started process (PID=873) to work on /home/airflow/.local/lib/python3.12/site-packages/airflow/example_dags/example_params_trigger_ui.py
[2025-04-13T22:39:21.541+0000] {processor.py:914} INFO - Processing file /home/airflow/.local/lib/python3.12/site-packages/airflow/example_dags/example_params_trigger_ui.py for tasks to queue
[2025-04-13T22:39:21.550+0000] {logging_mixin.py:190} INFO - [2025-04-13T22:39:21.549+0000] {dagbag.py:588} INFO - Filling up the DagBag from /home/airflow/.local/lib/python3.12/site-packages/airflow/example_dags/example_params_trigger_ui.py
[2025-04-13T22:39:21.605+0000] {processor.py:925} INFO - DAG(s) 'example_params_trigger_ui' retrieved from /home/airflow/.local/lib/python3.12/site-packages/airflow/example_dags/example_params_trigger_ui.py
[2025-04-13T22:39:21.877+0000] {logging_mixin.py:190} INFO - [2025-04-13T22:39:21.877+0000] {dag.py:3239} INFO - Sync 1 DAGs
[2025-04-13T22:39:21.948+0000] {logging_mixin.py:190} INFO - [2025-04-13T22:39:21.948+0000] {dag.py:4180} INFO - Setting next_dagrun for example_params_trigger_ui to None, run_after=None
[2025-04-13T22:39:22.054+0000] {processor.py:208} INFO - Processing /home/airflow/.local/lib/python3.12/site-packages/airflow/example_dags/example_params_trigger_ui.py took 0.543 seconds
[2025-04-13T22:40:54.612+0000] {processor.py:186} INFO - Started process (PID=952) to work on /home/airflow/.local/lib/python3.12/site-packages/airflow/example_dags/example_params_trigger_ui.py
[2025-04-13T22:40:54.620+0000] {processor.py:914} INFO - Processing file /home/airflow/.local/lib/python3.12/site-packages/airflow/example_dags/example_params_trigger_ui.py for tasks to queue
[2025-04-13T22:40:54.662+0000] {logging_mixin.py:190} INFO - [2025-04-13T22:40:54.661+0000] {dagbag.py:588} INFO - Filling up the DagBag from /home/airflow/.local/lib/python3.12/site-packages/airflow/example_dags/example_params_trigger_ui.py
[2025-04-13T22:40:54.792+0000] {processor.py:925} INFO - DAG(s) 'example_params_trigger_ui' retrieved from /home/airflow/.local/lib/python3.12/site-packages/airflow/example_dags/example_params_trigger_ui.py
[2025-04-13T22:40:56.258+0000] {logging_mixin.py:190} INFO - [2025-04-13T22:40:56.257+0000] {dag.py:3239} INFO - Sync 1 DAGs
[2025-04-13T22:40:56.540+0000] {logging_mixin.py:190} INFO - [2025-04-13T22:40:56.539+0000] {dag.py:4180} INFO - Setting next_dagrun for example_params_trigger_ui to None, run_after=None
[2025-04-13T22:40:57.194+0000] {processor.py:208} INFO - Processing /home/airflow/.local/lib/python3.12/site-packages/airflow/example_dags/example_params_trigger_ui.py took 2.690 seconds
[2025-04-13T22:42:07.926+0000] {processor.py:186} INFO - Started process (PID=1016) to work on /home/airflow/.local/lib/python3.12/site-packages/airflow/example_dags/example_params_trigger_ui.py
[2025-04-13T22:42:07.947+0000] {processor.py:914} INFO - Processing file /home/airflow/.local/lib/python3.12/site-packages/airflow/example_dags/example_params_trigger_ui.py for tasks to queue
[2025-04-13T22:42:07.958+0000] {logging_mixin.py:190} INFO - [2025-04-13T22:42:07.957+0000] {dagbag.py:588} INFO - Filling up the DagBag from /home/airflow/.local/lib/python3.12/site-packages/airflow/example_dags/example_params_trigger_ui.py
[2025-04-13T22:42:07.987+0000] {processor.py:925} INFO - DAG(s) 'example_params_trigger_ui' retrieved from /home/airflow/.local/lib/python3.12/site-packages/airflow/example_dags/example_params_trigger_ui.py
[2025-04-13T22:42:08.292+0000] {logging_mixin.py:190} INFO - [2025-04-13T22:42:08.291+0000] {dag.py:3239} INFO - Sync 1 DAGs
[2025-04-13T22:42:08.369+0000] {logging_mixin.py:190} INFO - [2025-04-13T22:42:08.368+0000] {dag.py:4180} INFO - Setting next_dagrun for example_params_trigger_ui to None, run_after=None
[2025-04-13T22:42:08.572+0000] {processor.py:208} INFO - Processing /home/airflow/.local/lib/python3.12/site-packages/airflow/example_dags/example_params_trigger_ui.py took 0.668 seconds
[2025-04-13T22:42:43.982+0000] {processor.py:186} INFO - Started process (PID=1086) to work on /home/airflow/.local/lib/python3.12/site-packages/airflow/example_dags/example_params_trigger_ui.py
[2025-04-13T22:42:43.997+0000] {processor.py:914} INFO - Processing file /home/airflow/.local/lib/python3.12/site-packages/airflow/example_dags/example_params_trigger_ui.py for tasks to queue
[2025-04-13T22:42:44.006+0000] {logging_mixin.py:190} INFO - [2025-04-13T22:42:44.004+0000] {dagbag.py:588} INFO - Filling up the DagBag from /home/airflow/.local/lib/python3.12/site-packages/airflow/example_dags/example_params_trigger_ui.py
[2025-04-13T22:42:44.056+0000] {processor.py:925} INFO - DAG(s) 'example_params_trigger_ui' retrieved from /home/airflow/.local/lib/python3.12/site-packages/airflow/example_dags/example_params_trigger_ui.py
[2025-04-13T22:42:44.301+0000] {logging_mixin.py:190} INFO - [2025-04-13T22:42:44.300+0000] {dag.py:3239} INFO - Sync 1 DAGs
[2025-04-13T22:42:44.354+0000] {logging_mixin.py:190} INFO - [2025-04-13T22:42:44.354+0000] {dag.py:4180} INFO - Setting next_dagrun for example_params_trigger_ui to None, run_after=None
[2025-04-13T22:42:44.458+0000] {processor.py:208} INFO - Processing /home/airflow/.local/lib/python3.12/site-packages/airflow/example_dags/example_params_trigger_ui.py took 0.488 seconds
[2025-04-13T22:44:09.118+0000] {processor.py:186} INFO - Started process (PID=1160) to work on /home/airflow/.local/lib/python3.12/site-packages/airflow/example_dags/example_params_trigger_ui.py
[2025-04-13T22:44:09.172+0000] {processor.py:914} INFO - Processing file /home/airflow/.local/lib/python3.12/site-packages/airflow/example_dags/example_params_trigger_ui.py for tasks to queue
[2025-04-13T22:44:09.203+0000] {logging_mixin.py:190} INFO - [2025-04-13T22:44:09.202+0000] {dagbag.py:588} INFO - Filling up the DagBag from /home/airflow/.local/lib/python3.12/site-packages/airflow/example_dags/example_params_trigger_ui.py
[2025-04-13T22:44:09.438+0000] {processor.py:925} INFO - DAG(s) 'example_params_trigger_ui' retrieved from /home/airflow/.local/lib/python3.12/site-packages/airflow/example_dags/example_params_trigger_ui.py
[2025-04-13T22:44:10.614+0000] {logging_mixin.py:190} INFO - [2025-04-13T22:44:10.613+0000] {dag.py:3239} INFO - Sync 1 DAGs
[2025-04-13T22:44:10.834+0000] {logging_mixin.py:190} INFO - [2025-04-13T22:44:10.822+0000] {dag.py:4180} INFO - Setting next_dagrun for example_params_trigger_ui to None, run_after=None
[2025-04-13T22:44:11.127+0000] {processor.py:208} INFO - Processing /home/airflow/.local/lib/python3.12/site-packages/airflow/example_dags/example_params_trigger_ui.py took 2.107 seconds
[2025-04-13T22:45:22.918+0000] {processor.py:186} INFO - Started process (PID=1243) to work on /home/airflow/.local/lib/python3.12/site-packages/airflow/example_dags/example_params_trigger_ui.py
[2025-04-13T22:45:22.978+0000] {processor.py:914} INFO - Processing file /home/airflow/.local/lib/python3.12/site-packages/airflow/example_dags/example_params_trigger_ui.py for tasks to queue
[2025-04-13T22:45:23.016+0000] {logging_mixin.py:190} INFO - [2025-04-13T22:45:23.015+0000] {dagbag.py:588} INFO - Filling up the DagBag from /home/airflow/.local/lib/python3.12/site-packages/airflow/example_dags/example_params_trigger_ui.py
[2025-04-13T22:45:23.604+0000] {processor.py:925} INFO - DAG(s) 'example_params_trigger_ui' retrieved from /home/airflow/.local/lib/python3.12/site-packages/airflow/example_dags/example_params_trigger_ui.py
[2025-04-13T22:45:24.783+0000] {logging_mixin.py:190} INFO - [2025-04-13T22:45:24.781+0000] {dag.py:3239} INFO - Sync 1 DAGs
[2025-04-13T22:45:25.107+0000] {logging_mixin.py:190} INFO - [2025-04-13T22:45:25.103+0000] {dag.py:4180} INFO - Setting next_dagrun for example_params_trigger_ui to None, run_after=None
[2025-04-13T22:45:25.947+0000] {processor.py:208} INFO - Processing /home/airflow/.local/lib/python3.12/site-packages/airflow/example_dags/example_params_trigger_ui.py took 3.219 seconds
