[2025-04-13T16:50:21.658+0000] {processor.py:186} INFO - Started process (PID=164) to work on /home/airflow/.local/lib/python3.12/site-packages/airflow/example_dags/example_python_decorator.py
[2025-04-13T16:50:21.684+0000] {processor.py:914} INFO - Processing file /home/airflow/.local/lib/python3.12/site-packages/airflow/example_dags/example_python_decorator.py for tasks to queue
[2025-04-13T16:50:21.728+0000] {logging_mixin.py:190} INFO - [2025-04-13T16:50:21.727+0000] {dagbag.py:588} INFO - Filling up the DagBag from /home/airflow/.local/lib/python3.12/site-packages/airflow/example_dags/example_python_decorator.py
[2025-04-13T16:50:21.869+0000] {processor.py:925} INFO - DAG(s) 'example_python_decorator' retrieved from /home/airflow/.local/lib/python3.12/site-packages/airflow/example_dags/example_python_decorator.py
[2025-04-13T16:50:22.864+0000] {logging_mixin.py:190} INFO - [2025-04-13T16:50:22.862+0000] {override.py:1912} INFO - Created Permission View: can read on DAG:example_python_decorator
[2025-04-13T16:50:23.028+0000] {logging_mixin.py:190} INFO - [2025-04-13T16:50:23.028+0000] {override.py:1912} INFO - Created Permission View: can edit on DAG:example_python_decorator
[2025-04-13T16:50:23.092+0000] {logging_mixin.py:190} INFO - [2025-04-13T16:50:23.091+0000] {override.py:1912} INFO - Created Permission View: can delete on DAG:example_python_decorator
[2025-04-13T16:50:23.337+0000] {logging_mixin.py:190} INFO - [2025-04-13T16:50:23.304+0000] {override.py:1912} INFO - Created Permission View: can read on DAG Run:example_python_decorator
[2025-04-13T16:50:23.426+0000] {logging_mixin.py:190} INFO - [2025-04-13T16:50:23.426+0000] {override.py:1912} INFO - Created Permission View: menu access on DAG Run:example_python_decorator
[2025-04-13T16:50:23.590+0000] {logging_mixin.py:190} INFO - [2025-04-13T16:50:23.590+0000] {override.py:1912} INFO - Created Permission View: can create on DAG Run:example_python_decorator
[2025-04-13T16:50:24.544+0000] {logging_mixin.py:190} INFO - [2025-04-13T16:50:24.510+0000] {override.py:1912} INFO - Created Permission View: can delete on DAG Run:example_python_decorator
[2025-04-13T16:50:24.640+0000] {logging_mixin.py:190} INFO - [2025-04-13T16:50:24.640+0000] {dag.py:3239} INFO - Sync 1 DAGs
[2025-04-13T16:50:25.144+0000] {logging_mixin.py:190} INFO - [2025-04-13T16:50:25.144+0000] {dag.py:3262} INFO - Creating ORM DAG for example_python_decorator
[2025-04-13T16:50:25.188+0000] {logging_mixin.py:190} INFO - [2025-04-13T16:50:25.188+0000] {dag.py:4180} INFO - Setting next_dagrun for example_python_decorator to None, run_after=None
[2025-04-13T16:50:27.277+0000] {processor.py:208} INFO - Processing /home/airflow/.local/lib/python3.12/site-packages/airflow/example_dags/example_python_decorator.py took 5.730 seconds
[2025-04-13T16:51:12.682+0000] {processor.py:186} INFO - Started process (PID=234) to work on /home/airflow/.local/lib/python3.12/site-packages/airflow/example_dags/example_python_decorator.py
[2025-04-13T16:51:12.689+0000] {processor.py:914} INFO - Processing file /home/airflow/.local/lib/python3.12/site-packages/airflow/example_dags/example_python_decorator.py for tasks to queue
[2025-04-13T16:51:12.705+0000] {logging_mixin.py:190} INFO - [2025-04-13T16:51:12.704+0000] {dagbag.py:588} INFO - Filling up the DagBag from /home/airflow/.local/lib/python3.12/site-packages/airflow/example_dags/example_python_decorator.py
[2025-04-13T16:51:12.821+0000] {processor.py:925} INFO - DAG(s) 'example_python_decorator' retrieved from /home/airflow/.local/lib/python3.12/site-packages/airflow/example_dags/example_python_decorator.py
[2025-04-13T16:51:13.090+0000] {logging_mixin.py:190} INFO - [2025-04-13T16:51:13.089+0000] {dag.py:3239} INFO - Sync 1 DAGs
[2025-04-13T16:51:13.164+0000] {logging_mixin.py:190} INFO - [2025-04-13T16:51:13.162+0000] {dag.py:4180} INFO - Setting next_dagrun for example_python_decorator to None, run_after=None
[2025-04-13T16:51:13.290+0000] {processor.py:208} INFO - Processing /home/airflow/.local/lib/python3.12/site-packages/airflow/example_dags/example_python_decorator.py took 0.627 seconds
[2025-04-13T16:51:45.982+0000] {processor.py:186} INFO - Started process (PID=297) to work on /home/airflow/.local/lib/python3.12/site-packages/airflow/example_dags/example_python_decorator.py
[2025-04-13T16:51:45.986+0000] {processor.py:914} INFO - Processing file /home/airflow/.local/lib/python3.12/site-packages/airflow/example_dags/example_python_decorator.py for tasks to queue
[2025-04-13T16:51:45.994+0000] {logging_mixin.py:190} INFO - [2025-04-13T16:51:45.993+0000] {dagbag.py:588} INFO - Filling up the DagBag from /home/airflow/.local/lib/python3.12/site-packages/airflow/example_dags/example_python_decorator.py
[2025-04-13T16:51:46.064+0000] {processor.py:925} INFO - DAG(s) 'example_python_decorator' retrieved from /home/airflow/.local/lib/python3.12/site-packages/airflow/example_dags/example_python_decorator.py
[2025-04-13T16:51:46.168+0000] {logging_mixin.py:190} INFO - [2025-04-13T16:51:46.166+0000] {dag.py:3239} INFO - Sync 1 DAGs
[2025-04-13T16:51:46.208+0000] {logging_mixin.py:190} INFO - [2025-04-13T16:51:46.207+0000] {dag.py:4180} INFO - Setting next_dagrun for example_python_decorator to None, run_after=None
[2025-04-13T16:51:46.328+0000] {processor.py:208} INFO - Processing /home/airflow/.local/lib/python3.12/site-packages/airflow/example_dags/example_python_decorator.py took 0.364 seconds
[2025-04-13T16:52:18.349+0000] {processor.py:186} INFO - Started process (PID=360) to work on /home/airflow/.local/lib/python3.12/site-packages/airflow/example_dags/example_python_decorator.py
[2025-04-13T16:52:18.369+0000] {processor.py:914} INFO - Processing file /home/airflow/.local/lib/python3.12/site-packages/airflow/example_dags/example_python_decorator.py for tasks to queue
[2025-04-13T16:52:18.389+0000] {logging_mixin.py:190} INFO - [2025-04-13T16:52:18.386+0000] {dagbag.py:588} INFO - Filling up the DagBag from /home/airflow/.local/lib/python3.12/site-packages/airflow/example_dags/example_python_decorator.py
[2025-04-13T16:52:18.432+0000] {processor.py:925} INFO - DAG(s) 'example_python_decorator' retrieved from /home/airflow/.local/lib/python3.12/site-packages/airflow/example_dags/example_python_decorator.py
[2025-04-13T16:52:18.495+0000] {logging_mixin.py:190} INFO - [2025-04-13T16:52:18.494+0000] {dag.py:3239} INFO - Sync 1 DAGs
[2025-04-13T16:52:18.544+0000] {logging_mixin.py:190} INFO - [2025-04-13T16:52:18.544+0000] {dag.py:4180} INFO - Setting next_dagrun for example_python_decorator to None, run_after=None
[2025-04-13T16:52:18.592+0000] {processor.py:208} INFO - Processing /home/airflow/.local/lib/python3.12/site-packages/airflow/example_dags/example_python_decorator.py took 0.261 seconds
[2025-04-13T16:52:55.690+0000] {processor.py:186} INFO - Started process (PID=430) to work on /home/airflow/.local/lib/python3.12/site-packages/airflow/example_dags/example_python_decorator.py
[2025-04-13T16:52:55.703+0000] {processor.py:914} INFO - Processing file /home/airflow/.local/lib/python3.12/site-packages/airflow/example_dags/example_python_decorator.py for tasks to queue
[2025-04-13T16:52:55.711+0000] {logging_mixin.py:190} INFO - [2025-04-13T16:52:55.708+0000] {dagbag.py:588} INFO - Filling up the DagBag from /home/airflow/.local/lib/python3.12/site-packages/airflow/example_dags/example_python_decorator.py
[2025-04-13T16:52:55.962+0000] {processor.py:925} INFO - DAG(s) 'example_python_decorator' retrieved from /home/airflow/.local/lib/python3.12/site-packages/airflow/example_dags/example_python_decorator.py
[2025-04-13T16:52:56.111+0000] {logging_mixin.py:190} INFO - [2025-04-13T16:52:56.111+0000] {dag.py:3239} INFO - Sync 1 DAGs
[2025-04-13T16:52:56.227+0000] {logging_mixin.py:190} INFO - [2025-04-13T16:52:56.227+0000] {dag.py:4180} INFO - Setting next_dagrun for example_python_decorator to None, run_after=None
[2025-04-13T16:52:56.511+0000] {processor.py:208} INFO - Processing /home/airflow/.local/lib/python3.12/site-packages/airflow/example_dags/example_python_decorator.py took 1.108 seconds
[2025-04-13T16:53:47.971+0000] {processor.py:186} INFO - Started process (PID=499) to work on /home/airflow/.local/lib/python3.12/site-packages/airflow/example_dags/example_python_decorator.py
[2025-04-13T16:53:47.976+0000] {processor.py:914} INFO - Processing file /home/airflow/.local/lib/python3.12/site-packages/airflow/example_dags/example_python_decorator.py for tasks to queue
[2025-04-13T16:53:47.983+0000] {logging_mixin.py:190} INFO - [2025-04-13T16:53:47.982+0000] {dagbag.py:588} INFO - Filling up the DagBag from /home/airflow/.local/lib/python3.12/site-packages/airflow/example_dags/example_python_decorator.py
[2025-04-13T16:53:48.034+0000] {processor.py:925} INFO - DAG(s) 'example_python_decorator' retrieved from /home/airflow/.local/lib/python3.12/site-packages/airflow/example_dags/example_python_decorator.py
[2025-04-13T16:53:48.131+0000] {logging_mixin.py:190} INFO - [2025-04-13T16:53:48.130+0000] {dag.py:3239} INFO - Sync 1 DAGs
[2025-04-13T16:53:48.174+0000] {logging_mixin.py:190} INFO - [2025-04-13T16:53:48.174+0000] {dag.py:4180} INFO - Setting next_dagrun for example_python_decorator to None, run_after=None
[2025-04-13T16:53:48.233+0000] {processor.py:208} INFO - Processing /home/airflow/.local/lib/python3.12/site-packages/airflow/example_dags/example_python_decorator.py took 0.282 seconds
[2025-04-13T16:54:44.177+0000] {processor.py:186} INFO - Started process (PID=582) to work on /home/airflow/.local/lib/python3.12/site-packages/airflow/example_dags/example_python_decorator.py
[2025-04-13T16:54:44.181+0000] {processor.py:914} INFO - Processing file /home/airflow/.local/lib/python3.12/site-packages/airflow/example_dags/example_python_decorator.py for tasks to queue
[2025-04-13T16:54:44.203+0000] {logging_mixin.py:190} INFO - [2025-04-13T16:54:44.202+0000] {dagbag.py:588} INFO - Filling up the DagBag from /home/airflow/.local/lib/python3.12/site-packages/airflow/example_dags/example_python_decorator.py
[2025-04-13T16:54:44.293+0000] {processor.py:925} INFO - DAG(s) 'example_python_decorator' retrieved from /home/airflow/.local/lib/python3.12/site-packages/airflow/example_dags/example_python_decorator.py
[2025-04-13T16:54:44.461+0000] {logging_mixin.py:190} INFO - [2025-04-13T16:54:44.460+0000] {dag.py:3239} INFO - Sync 1 DAGs
[2025-04-13T16:54:44.528+0000] {logging_mixin.py:190} INFO - [2025-04-13T16:54:44.527+0000] {dag.py:4180} INFO - Setting next_dagrun for example_python_decorator to None, run_after=None
[2025-04-13T16:54:44.712+0000] {processor.py:208} INFO - Processing /home/airflow/.local/lib/python3.12/site-packages/airflow/example_dags/example_python_decorator.py took 0.562 seconds
[2025-04-13T17:04:55.660+0000] {processor.py:186} INFO - Started process (PID=166) to work on /home/airflow/.local/lib/python3.12/site-packages/airflow/example_dags/example_python_decorator.py
[2025-04-13T17:04:55.673+0000] {processor.py:914} INFO - Processing file /home/airflow/.local/lib/python3.12/site-packages/airflow/example_dags/example_python_decorator.py for tasks to queue
[2025-04-13T17:04:55.769+0000] {logging_mixin.py:190} INFO - [2025-04-13T17:04:55.734+0000] {dagbag.py:588} INFO - Filling up the DagBag from /home/airflow/.local/lib/python3.12/site-packages/airflow/example_dags/example_python_decorator.py
[2025-04-13T17:04:56.726+0000] {processor.py:925} INFO - DAG(s) 'example_python_decorator' retrieved from /home/airflow/.local/lib/python3.12/site-packages/airflow/example_dags/example_python_decorator.py
[2025-04-13T17:05:00.554+0000] {logging_mixin.py:190} INFO - [2025-04-13T17:05:00.554+0000] {dag.py:3239} INFO - Sync 1 DAGs
[2025-04-13T17:05:00.794+0000] {logging_mixin.py:190} INFO - [2025-04-13T17:05:00.794+0000] {dag.py:4180} INFO - Setting next_dagrun for example_python_decorator to None, run_after=None
[2025-04-13T17:05:01.264+0000] {processor.py:208} INFO - Processing /home/airflow/.local/lib/python3.12/site-packages/airflow/example_dags/example_python_decorator.py took 5.656 seconds
[2025-04-13T18:16:08.462+0000] {processor.py:186} INFO - Started process (PID=352) to work on /home/airflow/.local/lib/python3.12/site-packages/airflow/example_dags/example_python_decorator.py
[2025-04-13T18:16:08.473+0000] {processor.py:914} INFO - Processing file /home/airflow/.local/lib/python3.12/site-packages/airflow/example_dags/example_python_decorator.py for tasks to queue
[2025-04-13T18:16:10.237+0000] {logging_mixin.py:190} INFO - [2025-04-13T18:16:10.103+0000] {dagbag.py:588} INFO - Filling up the DagBag from /home/airflow/.local/lib/python3.12/site-packages/airflow/example_dags/example_python_decorator.py
[2025-04-13T18:16:11.604+0000] {processor.py:925} INFO - DAG(s) 'example_python_decorator' retrieved from /home/airflow/.local/lib/python3.12/site-packages/airflow/example_dags/example_python_decorator.py
[2025-04-13T18:16:27.274+0000] {logging_mixin.py:190} INFO - [2025-04-13T18:16:27.273+0000] {dag.py:3239} INFO - Sync 1 DAGs
[2025-04-13T18:16:29.219+0000] {logging_mixin.py:190} INFO - [2025-04-13T18:16:29.217+0000] {dag.py:4180} INFO - Setting next_dagrun for example_python_decorator to None, run_after=None
[2025-04-13T18:16:31.833+0000] {processor.py:208} INFO - Processing /home/airflow/.local/lib/python3.12/site-packages/airflow/example_dags/example_python_decorator.py took 23.360 seconds
[2025-04-13T20:52:14.098+0000] {processor.py:186} INFO - Started process (PID=135) to work on /home/airflow/.local/lib/python3.12/site-packages/airflow/example_dags/example_python_decorator.py
[2025-04-13T20:52:14.120+0000] {processor.py:914} INFO - Processing file /home/airflow/.local/lib/python3.12/site-packages/airflow/example_dags/example_python_decorator.py for tasks to queue
[2025-04-13T20:52:14.167+0000] {logging_mixin.py:190} INFO - [2025-04-13T20:52:14.166+0000] {dagbag.py:588} INFO - Filling up the DagBag from /home/airflow/.local/lib/python3.12/site-packages/airflow/example_dags/example_python_decorator.py
[2025-04-13T20:52:14.292+0000] {processor.py:925} INFO - DAG(s) 'example_python_decorator' retrieved from /home/airflow/.local/lib/python3.12/site-packages/airflow/example_dags/example_python_decorator.py
[2025-04-13T20:52:14.670+0000] {logging_mixin.py:190} INFO - [2025-04-13T20:52:14.669+0000] {dag.py:3239} INFO - Sync 1 DAGs
[2025-04-13T20:52:14.717+0000] {logging_mixin.py:190} INFO - [2025-04-13T20:52:14.716+0000] {dag.py:4180} INFO - Setting next_dagrun for example_python_decorator to None, run_after=None
[2025-04-13T20:52:14.765+0000] {processor.py:208} INFO - Processing /home/airflow/.local/lib/python3.12/site-packages/airflow/example_dags/example_python_decorator.py took 0.684 seconds
[2025-04-13T20:52:45.411+0000] {processor.py:186} INFO - Started process (PID=198) to work on /home/airflow/.local/lib/python3.12/site-packages/airflow/example_dags/example_python_decorator.py
[2025-04-13T20:52:45.423+0000] {processor.py:914} INFO - Processing file /home/airflow/.local/lib/python3.12/site-packages/airflow/example_dags/example_python_decorator.py for tasks to queue
[2025-04-13T20:52:45.607+0000] {logging_mixin.py:190} INFO - [2025-04-13T20:52:45.540+0000] {dagbag.py:588} INFO - Filling up the DagBag from /home/airflow/.local/lib/python3.12/site-packages/airflow/example_dags/example_python_decorator.py
[2025-04-13T20:52:45.714+0000] {processor.py:925} INFO - DAG(s) 'example_python_decorator' retrieved from /home/airflow/.local/lib/python3.12/site-packages/airflow/example_dags/example_python_decorator.py
[2025-04-13T20:52:46.023+0000] {logging_mixin.py:190} INFO - [2025-04-13T20:52:46.000+0000] {dag.py:3239} INFO - Sync 1 DAGs
[2025-04-13T20:52:46.226+0000] {logging_mixin.py:190} INFO - [2025-04-13T20:52:46.226+0000] {dag.py:4180} INFO - Setting next_dagrun for example_python_decorator to None, run_after=None
[2025-04-13T20:52:46.478+0000] {processor.py:208} INFO - Processing /home/airflow/.local/lib/python3.12/site-packages/airflow/example_dags/example_python_decorator.py took 1.097 seconds
[2025-04-13T20:53:16.747+0000] {processor.py:186} INFO - Started process (PID=261) to work on /home/airflow/.local/lib/python3.12/site-packages/airflow/example_dags/example_python_decorator.py
[2025-04-13T20:53:16.764+0000] {processor.py:914} INFO - Processing file /home/airflow/.local/lib/python3.12/site-packages/airflow/example_dags/example_python_decorator.py for tasks to queue
[2025-04-13T20:53:16.777+0000] {logging_mixin.py:190} INFO - [2025-04-13T20:53:16.776+0000] {dagbag.py:588} INFO - Filling up the DagBag from /home/airflow/.local/lib/python3.12/site-packages/airflow/example_dags/example_python_decorator.py
[2025-04-13T20:53:16.867+0000] {processor.py:925} INFO - DAG(s) 'example_python_decorator' retrieved from /home/airflow/.local/lib/python3.12/site-packages/airflow/example_dags/example_python_decorator.py
[2025-04-13T20:53:16.963+0000] {logging_mixin.py:190} INFO - [2025-04-13T20:53:16.963+0000] {dag.py:3239} INFO - Sync 1 DAGs
[2025-04-13T20:53:17.022+0000] {logging_mixin.py:190} INFO - [2025-04-13T20:53:17.022+0000] {dag.py:4180} INFO - Setting next_dagrun for example_python_decorator to None, run_after=None
[2025-04-13T20:53:17.131+0000] {processor.py:208} INFO - Processing /home/airflow/.local/lib/python3.12/site-packages/airflow/example_dags/example_python_decorator.py took 0.400 seconds
[2025-04-13T20:53:52.628+0000] {processor.py:186} INFO - Started process (PID=332) to work on /home/airflow/.local/lib/python3.12/site-packages/airflow/example_dags/example_python_decorator.py
[2025-04-13T20:53:52.647+0000] {processor.py:914} INFO - Processing file /home/airflow/.local/lib/python3.12/site-packages/airflow/example_dags/example_python_decorator.py for tasks to queue
[2025-04-13T20:53:52.659+0000] {logging_mixin.py:190} INFO - [2025-04-13T20:53:52.658+0000] {dagbag.py:588} INFO - Filling up the DagBag from /home/airflow/.local/lib/python3.12/site-packages/airflow/example_dags/example_python_decorator.py
[2025-04-13T20:53:52.747+0000] {processor.py:925} INFO - DAG(s) 'example_python_decorator' retrieved from /home/airflow/.local/lib/python3.12/site-packages/airflow/example_dags/example_python_decorator.py
[2025-04-13T20:53:52.918+0000] {logging_mixin.py:190} INFO - [2025-04-13T20:53:52.917+0000] {dag.py:3239} INFO - Sync 1 DAGs
[2025-04-13T20:53:53.018+0000] {logging_mixin.py:190} INFO - [2025-04-13T20:53:53.018+0000] {dag.py:4180} INFO - Setting next_dagrun for example_python_decorator to None, run_after=None
[2025-04-13T20:53:53.229+0000] {processor.py:208} INFO - Processing /home/airflow/.local/lib/python3.12/site-packages/airflow/example_dags/example_python_decorator.py took 0.621 seconds
[2025-04-13T20:54:29.220+0000] {processor.py:186} INFO - Started process (PID=399) to work on /home/airflow/.local/lib/python3.12/site-packages/airflow/example_dags/example_python_decorator.py
[2025-04-13T20:54:29.222+0000] {processor.py:914} INFO - Processing file /home/airflow/.local/lib/python3.12/site-packages/airflow/example_dags/example_python_decorator.py for tasks to queue
[2025-04-13T20:54:29.227+0000] {logging_mixin.py:190} INFO - [2025-04-13T20:54:29.227+0000] {dagbag.py:588} INFO - Filling up the DagBag from /home/airflow/.local/lib/python3.12/site-packages/airflow/example_dags/example_python_decorator.py
[2025-04-13T20:54:29.274+0000] {processor.py:925} INFO - DAG(s) 'example_python_decorator' retrieved from /home/airflow/.local/lib/python3.12/site-packages/airflow/example_dags/example_python_decorator.py
[2025-04-13T20:54:29.333+0000] {logging_mixin.py:190} INFO - [2025-04-13T20:54:29.333+0000] {dag.py:3239} INFO - Sync 1 DAGs
[2025-04-13T20:54:29.378+0000] {logging_mixin.py:190} INFO - [2025-04-13T20:54:29.377+0000] {dag.py:4180} INFO - Setting next_dagrun for example_python_decorator to None, run_after=None
[2025-04-13T20:54:29.429+0000] {processor.py:208} INFO - Processing /home/airflow/.local/lib/python3.12/site-packages/airflow/example_dags/example_python_decorator.py took 0.230 seconds
[2025-04-13T20:54:59.876+0000] {processor.py:186} INFO - Started process (PID=462) to work on /home/airflow/.local/lib/python3.12/site-packages/airflow/example_dags/example_python_decorator.py
[2025-04-13T20:54:59.878+0000] {processor.py:914} INFO - Processing file /home/airflow/.local/lib/python3.12/site-packages/airflow/example_dags/example_python_decorator.py for tasks to queue
[2025-04-13T20:54:59.882+0000] {logging_mixin.py:190} INFO - [2025-04-13T20:54:59.882+0000] {dagbag.py:588} INFO - Filling up the DagBag from /home/airflow/.local/lib/python3.12/site-packages/airflow/example_dags/example_python_decorator.py
[2025-04-13T20:54:59.919+0000] {processor.py:925} INFO - DAG(s) 'example_python_decorator' retrieved from /home/airflow/.local/lib/python3.12/site-packages/airflow/example_dags/example_python_decorator.py
[2025-04-13T20:55:00.014+0000] {logging_mixin.py:190} INFO - [2025-04-13T20:55:00.014+0000] {dag.py:3239} INFO - Sync 1 DAGs
[2025-04-13T20:55:00.047+0000] {logging_mixin.py:190} INFO - [2025-04-13T20:55:00.047+0000] {dag.py:4180} INFO - Setting next_dagrun for example_python_decorator to None, run_after=None
[2025-04-13T20:55:00.124+0000] {processor.py:208} INFO - Processing /home/airflow/.local/lib/python3.12/site-packages/airflow/example_dags/example_python_decorator.py took 0.260 seconds
[2025-04-13T20:55:30.915+0000] {processor.py:186} INFO - Started process (PID=525) to work on /home/airflow/.local/lib/python3.12/site-packages/airflow/example_dags/example_python_decorator.py
[2025-04-13T20:55:30.916+0000] {processor.py:914} INFO - Processing file /home/airflow/.local/lib/python3.12/site-packages/airflow/example_dags/example_python_decorator.py for tasks to queue
[2025-04-13T20:55:30.921+0000] {logging_mixin.py:190} INFO - [2025-04-13T20:55:30.920+0000] {dagbag.py:588} INFO - Filling up the DagBag from /home/airflow/.local/lib/python3.12/site-packages/airflow/example_dags/example_python_decorator.py
[2025-04-13T20:55:31.020+0000] {processor.py:925} INFO - DAG(s) 'example_python_decorator' retrieved from /home/airflow/.local/lib/python3.12/site-packages/airflow/example_dags/example_python_decorator.py
[2025-04-13T20:55:31.096+0000] {logging_mixin.py:190} INFO - [2025-04-13T20:55:31.095+0000] {dag.py:3239} INFO - Sync 1 DAGs
[2025-04-13T20:55:31.155+0000] {logging_mixin.py:190} INFO - [2025-04-13T20:55:31.155+0000] {dag.py:4180} INFO - Setting next_dagrun for example_python_decorator to None, run_after=None
[2025-04-13T20:55:31.224+0000] {processor.py:208} INFO - Processing /home/airflow/.local/lib/python3.12/site-packages/airflow/example_dags/example_python_decorator.py took 0.331 seconds
[2025-04-13T20:56:01.657+0000] {processor.py:186} INFO - Started process (PID=589) to work on /home/airflow/.local/lib/python3.12/site-packages/airflow/example_dags/example_python_decorator.py
[2025-04-13T20:56:01.659+0000] {processor.py:914} INFO - Processing file /home/airflow/.local/lib/python3.12/site-packages/airflow/example_dags/example_python_decorator.py for tasks to queue
[2025-04-13T20:56:01.662+0000] {logging_mixin.py:190} INFO - [2025-04-13T20:56:01.662+0000] {dagbag.py:588} INFO - Filling up the DagBag from /home/airflow/.local/lib/python3.12/site-packages/airflow/example_dags/example_python_decorator.py
[2025-04-13T20:56:01.709+0000] {processor.py:925} INFO - DAG(s) 'example_python_decorator' retrieved from /home/airflow/.local/lib/python3.12/site-packages/airflow/example_dags/example_python_decorator.py
[2025-04-13T20:56:01.831+0000] {logging_mixin.py:190} INFO - [2025-04-13T20:56:01.830+0000] {dag.py:3239} INFO - Sync 1 DAGs
[2025-04-13T20:56:01.938+0000] {logging_mixin.py:190} INFO - [2025-04-13T20:56:01.938+0000] {dag.py:4180} INFO - Setting next_dagrun for example_python_decorator to None, run_after=None
[2025-04-13T20:56:01.978+0000] {processor.py:208} INFO - Processing /home/airflow/.local/lib/python3.12/site-packages/airflow/example_dags/example_python_decorator.py took 0.334 seconds
[2025-04-13T20:56:32.736+0000] {processor.py:186} INFO - Started process (PID=653) to work on /home/airflow/.local/lib/python3.12/site-packages/airflow/example_dags/example_python_decorator.py
[2025-04-13T20:56:32.737+0000] {processor.py:914} INFO - Processing file /home/airflow/.local/lib/python3.12/site-packages/airflow/example_dags/example_python_decorator.py for tasks to queue
[2025-04-13T20:56:32.743+0000] {logging_mixin.py:190} INFO - [2025-04-13T20:56:32.742+0000] {dagbag.py:588} INFO - Filling up the DagBag from /home/airflow/.local/lib/python3.12/site-packages/airflow/example_dags/example_python_decorator.py
[2025-04-13T20:56:32.794+0000] {processor.py:925} INFO - DAG(s) 'example_python_decorator' retrieved from /home/airflow/.local/lib/python3.12/site-packages/airflow/example_dags/example_python_decorator.py
[2025-04-13T20:56:32.931+0000] {logging_mixin.py:190} INFO - [2025-04-13T20:56:32.930+0000] {dag.py:3239} INFO - Sync 1 DAGs
[2025-04-13T20:56:33.002+0000] {logging_mixin.py:190} INFO - [2025-04-13T20:56:33.002+0000] {dag.py:4180} INFO - Setting next_dagrun for example_python_decorator to None, run_after=None
[2025-04-13T20:56:33.050+0000] {processor.py:208} INFO - Processing /home/airflow/.local/lib/python3.12/site-packages/airflow/example_dags/example_python_decorator.py took 0.328 seconds
[2025-04-13T20:57:03.584+0000] {processor.py:186} INFO - Started process (PID=716) to work on /home/airflow/.local/lib/python3.12/site-packages/airflow/example_dags/example_python_decorator.py
[2025-04-13T20:57:03.586+0000] {processor.py:914} INFO - Processing file /home/airflow/.local/lib/python3.12/site-packages/airflow/example_dags/example_python_decorator.py for tasks to queue
[2025-04-13T20:57:03.597+0000] {logging_mixin.py:190} INFO - [2025-04-13T20:57:03.596+0000] {dagbag.py:588} INFO - Filling up the DagBag from /home/airflow/.local/lib/python3.12/site-packages/airflow/example_dags/example_python_decorator.py
[2025-04-13T20:57:03.649+0000] {processor.py:925} INFO - DAG(s) 'example_python_decorator' retrieved from /home/airflow/.local/lib/python3.12/site-packages/airflow/example_dags/example_python_decorator.py
[2025-04-13T20:57:03.710+0000] {logging_mixin.py:190} INFO - [2025-04-13T20:57:03.710+0000] {dag.py:3239} INFO - Sync 1 DAGs
[2025-04-13T20:57:03.739+0000] {logging_mixin.py:190} INFO - [2025-04-13T20:57:03.738+0000] {dag.py:4180} INFO - Setting next_dagrun for example_python_decorator to None, run_after=None
[2025-04-13T20:57:03.782+0000] {processor.py:208} INFO - Processing /home/airflow/.local/lib/python3.12/site-packages/airflow/example_dags/example_python_decorator.py took 0.210 seconds
[2025-04-13T20:57:36.645+0000] {processor.py:186} INFO - Started process (PID=780) to work on /home/airflow/.local/lib/python3.12/site-packages/airflow/example_dags/example_python_decorator.py
[2025-04-13T20:57:36.661+0000] {processor.py:914} INFO - Processing file /home/airflow/.local/lib/python3.12/site-packages/airflow/example_dags/example_python_decorator.py for tasks to queue
[2025-04-13T20:57:36.669+0000] {logging_mixin.py:190} INFO - [2025-04-13T20:57:36.668+0000] {dagbag.py:588} INFO - Filling up the DagBag from /home/airflow/.local/lib/python3.12/site-packages/airflow/example_dags/example_python_decorator.py
[2025-04-13T20:57:36.790+0000] {processor.py:925} INFO - DAG(s) 'example_python_decorator' retrieved from /home/airflow/.local/lib/python3.12/site-packages/airflow/example_dags/example_python_decorator.py
[2025-04-13T20:57:36.926+0000] {logging_mixin.py:190} INFO - [2025-04-13T20:57:36.926+0000] {dag.py:3239} INFO - Sync 1 DAGs
[2025-04-13T20:57:36.977+0000] {logging_mixin.py:190} INFO - [2025-04-13T20:57:36.977+0000] {dag.py:4180} INFO - Setting next_dagrun for example_python_decorator to None, run_after=None
[2025-04-13T20:57:37.079+0000] {processor.py:208} INFO - Processing /home/airflow/.local/lib/python3.12/site-packages/airflow/example_dags/example_python_decorator.py took 0.446 seconds
[2025-04-13T20:58:14.735+0000] {processor.py:186} INFO - Started process (PID=846) to work on /home/airflow/.local/lib/python3.12/site-packages/airflow/example_dags/example_python_decorator.py
[2025-04-13T20:58:14.741+0000] {processor.py:914} INFO - Processing file /home/airflow/.local/lib/python3.12/site-packages/airflow/example_dags/example_python_decorator.py for tasks to queue
[2025-04-13T20:58:14.747+0000] {logging_mixin.py:190} INFO - [2025-04-13T20:58:14.746+0000] {dagbag.py:588} INFO - Filling up the DagBag from /home/airflow/.local/lib/python3.12/site-packages/airflow/example_dags/example_python_decorator.py
[2025-04-13T20:58:14.795+0000] {processor.py:925} INFO - DAG(s) 'example_python_decorator' retrieved from /home/airflow/.local/lib/python3.12/site-packages/airflow/example_dags/example_python_decorator.py
[2025-04-13T20:58:14.901+0000] {logging_mixin.py:190} INFO - [2025-04-13T20:58:14.900+0000] {dag.py:3239} INFO - Sync 1 DAGs
[2025-04-13T20:58:14.967+0000] {logging_mixin.py:190} INFO - [2025-04-13T20:58:14.966+0000] {dag.py:4180} INFO - Setting next_dagrun for example_python_decorator to None, run_after=None
[2025-04-13T20:58:15.090+0000] {processor.py:208} INFO - Processing /home/airflow/.local/lib/python3.12/site-packages/airflow/example_dags/example_python_decorator.py took 0.368 seconds
[2025-04-13T20:58:45.783+0000] {processor.py:186} INFO - Started process (PID=910) to work on /home/airflow/.local/lib/python3.12/site-packages/airflow/example_dags/example_python_decorator.py
[2025-04-13T20:58:45.785+0000] {processor.py:914} INFO - Processing file /home/airflow/.local/lib/python3.12/site-packages/airflow/example_dags/example_python_decorator.py for tasks to queue
[2025-04-13T20:58:45.789+0000] {logging_mixin.py:190} INFO - [2025-04-13T20:58:45.788+0000] {dagbag.py:588} INFO - Filling up the DagBag from /home/airflow/.local/lib/python3.12/site-packages/airflow/example_dags/example_python_decorator.py
[2025-04-13T20:58:45.840+0000] {processor.py:925} INFO - DAG(s) 'example_python_decorator' retrieved from /home/airflow/.local/lib/python3.12/site-packages/airflow/example_dags/example_python_decorator.py
[2025-04-13T20:58:45.949+0000] {logging_mixin.py:190} INFO - [2025-04-13T20:58:45.948+0000] {dag.py:3239} INFO - Sync 1 DAGs
[2025-04-13T20:58:45.994+0000] {logging_mixin.py:190} INFO - [2025-04-13T20:58:45.994+0000] {dag.py:4180} INFO - Setting next_dagrun for example_python_decorator to None, run_after=None
[2025-04-13T20:58:46.250+0000] {processor.py:208} INFO - Processing /home/airflow/.local/lib/python3.12/site-packages/airflow/example_dags/example_python_decorator.py took 0.478 seconds
[2025-04-13T20:59:16.757+0000] {processor.py:186} INFO - Started process (PID=972) to work on /home/airflow/.local/lib/python3.12/site-packages/airflow/example_dags/example_python_decorator.py
[2025-04-13T20:59:16.758+0000] {processor.py:914} INFO - Processing file /home/airflow/.local/lib/python3.12/site-packages/airflow/example_dags/example_python_decorator.py for tasks to queue
[2025-04-13T20:59:16.774+0000] {logging_mixin.py:190} INFO - [2025-04-13T20:59:16.773+0000] {dagbag.py:588} INFO - Filling up the DagBag from /home/airflow/.local/lib/python3.12/site-packages/airflow/example_dags/example_python_decorator.py
[2025-04-13T20:59:16.801+0000] {processor.py:925} INFO - DAG(s) 'example_python_decorator' retrieved from /home/airflow/.local/lib/python3.12/site-packages/airflow/example_dags/example_python_decorator.py
[2025-04-13T20:59:16.882+0000] {logging_mixin.py:190} INFO - [2025-04-13T20:59:16.881+0000] {dag.py:3239} INFO - Sync 1 DAGs
[2025-04-13T20:59:16.923+0000] {logging_mixin.py:190} INFO - [2025-04-13T20:59:16.922+0000] {dag.py:4180} INFO - Setting next_dagrun for example_python_decorator to None, run_after=None
[2025-04-13T20:59:16.982+0000] {processor.py:208} INFO - Processing /home/airflow/.local/lib/python3.12/site-packages/airflow/example_dags/example_python_decorator.py took 0.236 seconds
[2025-04-13T20:59:47.585+0000] {processor.py:186} INFO - Started process (PID=1036) to work on /home/airflow/.local/lib/python3.12/site-packages/airflow/example_dags/example_python_decorator.py
[2025-04-13T20:59:47.590+0000] {processor.py:914} INFO - Processing file /home/airflow/.local/lib/python3.12/site-packages/airflow/example_dags/example_python_decorator.py for tasks to queue
[2025-04-13T20:59:47.595+0000] {logging_mixin.py:190} INFO - [2025-04-13T20:59:47.594+0000] {dagbag.py:588} INFO - Filling up the DagBag from /home/airflow/.local/lib/python3.12/site-packages/airflow/example_dags/example_python_decorator.py
[2025-04-13T20:59:47.623+0000] {processor.py:925} INFO - DAG(s) 'example_python_decorator' retrieved from /home/airflow/.local/lib/python3.12/site-packages/airflow/example_dags/example_python_decorator.py
[2025-04-13T20:59:47.675+0000] {logging_mixin.py:190} INFO - [2025-04-13T20:59:47.675+0000] {dag.py:3239} INFO - Sync 1 DAGs
[2025-04-13T20:59:47.708+0000] {logging_mixin.py:190} INFO - [2025-04-13T20:59:47.707+0000] {dag.py:4180} INFO - Setting next_dagrun for example_python_decorator to None, run_after=None
[2025-04-13T20:59:47.782+0000] {processor.py:208} INFO - Processing /home/airflow/.local/lib/python3.12/site-packages/airflow/example_dags/example_python_decorator.py took 0.213 seconds
[2025-04-13T21:00:21.370+0000] {processor.py:186} INFO - Started process (PID=1102) to work on /home/airflow/.local/lib/python3.12/site-packages/airflow/example_dags/example_python_decorator.py
[2025-04-13T21:00:21.407+0000] {processor.py:914} INFO - Processing file /home/airflow/.local/lib/python3.12/site-packages/airflow/example_dags/example_python_decorator.py for tasks to queue
[2025-04-13T21:00:21.477+0000] {logging_mixin.py:190} INFO - [2025-04-13T21:00:21.476+0000] {dagbag.py:588} INFO - Filling up the DagBag from /home/airflow/.local/lib/python3.12/site-packages/airflow/example_dags/example_python_decorator.py
[2025-04-13T21:00:21.654+0000] {processor.py:925} INFO - DAG(s) 'example_python_decorator' retrieved from /home/airflow/.local/lib/python3.12/site-packages/airflow/example_dags/example_python_decorator.py
[2025-04-13T21:00:21.998+0000] {logging_mixin.py:190} INFO - [2025-04-13T21:00:21.998+0000] {dag.py:3239} INFO - Sync 1 DAGs
[2025-04-13T21:00:22.185+0000] {logging_mixin.py:190} INFO - [2025-04-13T21:00:22.185+0000] {dag.py:4180} INFO - Setting next_dagrun for example_python_decorator to None, run_after=None
[2025-04-13T21:00:22.329+0000] {processor.py:208} INFO - Processing /home/airflow/.local/lib/python3.12/site-packages/airflow/example_dags/example_python_decorator.py took 0.978 seconds
[2025-04-13T21:00:53.875+0000] {processor.py:186} INFO - Started process (PID=1171) to work on /home/airflow/.local/lib/python3.12/site-packages/airflow/example_dags/example_python_decorator.py
[2025-04-13T21:00:53.881+0000] {processor.py:914} INFO - Processing file /home/airflow/.local/lib/python3.12/site-packages/airflow/example_dags/example_python_decorator.py for tasks to queue
[2025-04-13T21:00:53.901+0000] {logging_mixin.py:190} INFO - [2025-04-13T21:00:53.900+0000] {dagbag.py:588} INFO - Filling up the DagBag from /home/airflow/.local/lib/python3.12/site-packages/airflow/example_dags/example_python_decorator.py
[2025-04-13T21:00:54.014+0000] {processor.py:925} INFO - DAG(s) 'example_python_decorator' retrieved from /home/airflow/.local/lib/python3.12/site-packages/airflow/example_dags/example_python_decorator.py
[2025-04-13T21:00:54.322+0000] {logging_mixin.py:190} INFO - [2025-04-13T21:00:54.322+0000] {dag.py:3239} INFO - Sync 1 DAGs
[2025-04-13T21:00:54.436+0000] {logging_mixin.py:190} INFO - [2025-04-13T21:00:54.436+0000] {dag.py:4180} INFO - Setting next_dagrun for example_python_decorator to None, run_after=None
[2025-04-13T21:00:54.509+0000] {processor.py:208} INFO - Processing /home/airflow/.local/lib/python3.12/site-packages/airflow/example_dags/example_python_decorator.py took 0.715 seconds
[2025-04-13T21:30:23.406+0000] {processor.py:186} INFO - Started process (PID=249) to work on /home/airflow/.local/lib/python3.12/site-packages/airflow/example_dags/example_python_decorator.py
[2025-04-13T21:30:23.535+0000] {processor.py:914} INFO - Processing file /home/airflow/.local/lib/python3.12/site-packages/airflow/example_dags/example_python_decorator.py for tasks to queue
[2025-04-13T21:30:23.654+0000] {logging_mixin.py:190} INFO - [2025-04-13T21:30:23.654+0000] {dagbag.py:588} INFO - Filling up the DagBag from /home/airflow/.local/lib/python3.12/site-packages/airflow/example_dags/example_python_decorator.py
[2025-04-13T21:30:24.265+0000] {processor.py:925} INFO - DAG(s) 'example_python_decorator' retrieved from /home/airflow/.local/lib/python3.12/site-packages/airflow/example_dags/example_python_decorator.py
[2025-04-13T21:30:28.449+0000] {logging_mixin.py:190} INFO - [2025-04-13T21:30:28.448+0000] {dag.py:3239} INFO - Sync 1 DAGs
[2025-04-13T21:30:28.740+0000] {logging_mixin.py:190} INFO - [2025-04-13T21:30:28.739+0000] {dag.py:4180} INFO - Setting next_dagrun for example_python_decorator to None, run_after=None
[2025-04-13T21:30:29.712+0000] {processor.py:208} INFO - Processing /home/airflow/.local/lib/python3.12/site-packages/airflow/example_dags/example_python_decorator.py took 6.519 seconds
[2025-04-13T21:37:33.671+0000] {processor.py:186} INFO - Started process (PID=420) to work on /home/airflow/.local/lib/python3.12/site-packages/airflow/example_dags/example_python_decorator.py
[2025-04-13T21:37:33.807+0000] {processor.py:914} INFO - Processing file /home/airflow/.local/lib/python3.12/site-packages/airflow/example_dags/example_python_decorator.py for tasks to queue
[2025-04-13T21:37:34.064+0000] {logging_mixin.py:190} INFO - [2025-04-13T21:37:34.030+0000] {dagbag.py:588} INFO - Filling up the DagBag from /home/airflow/.local/lib/python3.12/site-packages/airflow/example_dags/example_python_decorator.py
[2025-04-13T21:37:34.843+0000] {processor.py:925} INFO - DAG(s) 'example_python_decorator' retrieved from /home/airflow/.local/lib/python3.12/site-packages/airflow/example_dags/example_python_decorator.py
[2025-04-13T21:37:35.990+0000] {logging_mixin.py:190} INFO - [2025-04-13T21:37:35.989+0000] {dag.py:3239} INFO - Sync 1 DAGs
[2025-04-13T21:37:36.581+0000] {logging_mixin.py:190} INFO - [2025-04-13T21:37:36.580+0000] {dag.py:4180} INFO - Setting next_dagrun for example_python_decorator to None, run_after=None
[2025-04-13T21:37:37.345+0000] {processor.py:208} INFO - Processing /home/airflow/.local/lib/python3.12/site-packages/airflow/example_dags/example_python_decorator.py took 3.894 seconds
[2025-04-13T22:32:15.754+0000] {processor.py:186} INFO - Started process (PID=151) to work on /home/airflow/.local/lib/python3.12/site-packages/airflow/example_dags/example_python_decorator.py
[2025-04-13T22:32:15.761+0000] {processor.py:914} INFO - Processing file /home/airflow/.local/lib/python3.12/site-packages/airflow/example_dags/example_python_decorator.py for tasks to queue
[2025-04-13T22:32:15.791+0000] {logging_mixin.py:190} INFO - [2025-04-13T22:32:15.790+0000] {dagbag.py:588} INFO - Filling up the DagBag from /home/airflow/.local/lib/python3.12/site-packages/airflow/example_dags/example_python_decorator.py
[2025-04-13T22:32:15.995+0000] {processor.py:925} INFO - DAG(s) 'example_python_decorator' retrieved from /home/airflow/.local/lib/python3.12/site-packages/airflow/example_dags/example_python_decorator.py
[2025-04-13T22:32:18.207+0000] {logging_mixin.py:190} INFO - [2025-04-13T22:32:18.183+0000] {dag.py:3239} INFO - Sync 1 DAGs
[2025-04-13T22:32:18.363+0000] {logging_mixin.py:190} INFO - [2025-04-13T22:32:18.362+0000] {dag.py:4180} INFO - Setting next_dagrun for example_python_decorator to None, run_after=None
[2025-04-13T22:32:18.681+0000] {processor.py:208} INFO - Processing /home/airflow/.local/lib/python3.12/site-packages/airflow/example_dags/example_python_decorator.py took 2.966 seconds
[2025-04-13T22:32:49.185+0000] {processor.py:186} INFO - Started process (PID=214) to work on /home/airflow/.local/lib/python3.12/site-packages/airflow/example_dags/example_python_decorator.py
[2025-04-13T22:32:49.193+0000] {processor.py:914} INFO - Processing file /home/airflow/.local/lib/python3.12/site-packages/airflow/example_dags/example_python_decorator.py for tasks to queue
[2025-04-13T22:32:49.226+0000] {logging_mixin.py:190} INFO - [2025-04-13T22:32:49.207+0000] {dagbag.py:588} INFO - Filling up the DagBag from /home/airflow/.local/lib/python3.12/site-packages/airflow/example_dags/example_python_decorator.py
[2025-04-13T22:32:49.418+0000] {processor.py:925} INFO - DAG(s) 'example_python_decorator' retrieved from /home/airflow/.local/lib/python3.12/site-packages/airflow/example_dags/example_python_decorator.py
[2025-04-13T22:32:49.656+0000] {logging_mixin.py:190} INFO - [2025-04-13T22:32:49.655+0000] {dag.py:3239} INFO - Sync 1 DAGs
[2025-04-13T22:32:49.804+0000] {logging_mixin.py:190} INFO - [2025-04-13T22:32:49.803+0000] {dag.py:4180} INFO - Setting next_dagrun for example_python_decorator to None, run_after=None
[2025-04-13T22:32:49.886+0000] {processor.py:208} INFO - Processing /home/airflow/.local/lib/python3.12/site-packages/airflow/example_dags/example_python_decorator.py took 0.764 seconds
[2025-04-13T22:33:21.767+0000] {processor.py:186} INFO - Started process (PID=278) to work on /home/airflow/.local/lib/python3.12/site-packages/airflow/example_dags/example_python_decorator.py
[2025-04-13T22:33:21.769+0000] {processor.py:914} INFO - Processing file /home/airflow/.local/lib/python3.12/site-packages/airflow/example_dags/example_python_decorator.py for tasks to queue
[2025-04-13T22:33:21.788+0000] {logging_mixin.py:190} INFO - [2025-04-13T22:33:21.787+0000] {dagbag.py:588} INFO - Filling up the DagBag from /home/airflow/.local/lib/python3.12/site-packages/airflow/example_dags/example_python_decorator.py
[2025-04-13T22:33:21.840+0000] {processor.py:925} INFO - DAG(s) 'example_python_decorator' retrieved from /home/airflow/.local/lib/python3.12/site-packages/airflow/example_dags/example_python_decorator.py
[2025-04-13T22:33:21.920+0000] {logging_mixin.py:190} INFO - [2025-04-13T22:33:21.920+0000] {dag.py:3239} INFO - Sync 1 DAGs
[2025-04-13T22:33:21.973+0000] {logging_mixin.py:190} INFO - [2025-04-13T22:33:21.973+0000] {dag.py:4180} INFO - Setting next_dagrun for example_python_decorator to None, run_after=None
[2025-04-13T22:33:22.060+0000] {processor.py:208} INFO - Processing /home/airflow/.local/lib/python3.12/site-packages/airflow/example_dags/example_python_decorator.py took 0.310 seconds
[2025-04-13T22:33:54.850+0000] {processor.py:186} INFO - Started process (PID=342) to work on /home/airflow/.local/lib/python3.12/site-packages/airflow/example_dags/example_python_decorator.py
[2025-04-13T22:33:54.854+0000] {processor.py:914} INFO - Processing file /home/airflow/.local/lib/python3.12/site-packages/airflow/example_dags/example_python_decorator.py for tasks to queue
[2025-04-13T22:33:54.860+0000] {logging_mixin.py:190} INFO - [2025-04-13T22:33:54.859+0000] {dagbag.py:588} INFO - Filling up the DagBag from /home/airflow/.local/lib/python3.12/site-packages/airflow/example_dags/example_python_decorator.py
[2025-04-13T22:33:54.952+0000] {processor.py:925} INFO - DAG(s) 'example_python_decorator' retrieved from /home/airflow/.local/lib/python3.12/site-packages/airflow/example_dags/example_python_decorator.py
[2025-04-13T22:33:55.064+0000] {logging_mixin.py:190} INFO - [2025-04-13T22:33:55.063+0000] {dag.py:3239} INFO - Sync 1 DAGs
[2025-04-13T22:33:55.147+0000] {logging_mixin.py:190} INFO - [2025-04-13T22:33:55.147+0000] {dag.py:4180} INFO - Setting next_dagrun for example_python_decorator to None, run_after=None
[2025-04-13T22:33:55.214+0000] {processor.py:208} INFO - Processing /home/airflow/.local/lib/python3.12/site-packages/airflow/example_dags/example_python_decorator.py took 0.378 seconds
[2025-04-13T22:34:34.045+0000] {processor.py:186} INFO - Started process (PID=412) to work on /home/airflow/.local/lib/python3.12/site-packages/airflow/example_dags/example_python_decorator.py
[2025-04-13T22:34:34.061+0000] {processor.py:914} INFO - Processing file /home/airflow/.local/lib/python3.12/site-packages/airflow/example_dags/example_python_decorator.py for tasks to queue
[2025-04-13T22:34:34.084+0000] {logging_mixin.py:190} INFO - [2025-04-13T22:34:34.075+0000] {dagbag.py:588} INFO - Filling up the DagBag from /home/airflow/.local/lib/python3.12/site-packages/airflow/example_dags/example_python_decorator.py
[2025-04-13T22:34:34.143+0000] {processor.py:925} INFO - DAG(s) 'example_python_decorator' retrieved from /home/airflow/.local/lib/python3.12/site-packages/airflow/example_dags/example_python_decorator.py
[2025-04-13T22:34:34.235+0000] {logging_mixin.py:190} INFO - [2025-04-13T22:34:34.235+0000] {dag.py:3239} INFO - Sync 1 DAGs
[2025-04-13T22:34:34.282+0000] {logging_mixin.py:190} INFO - [2025-04-13T22:34:34.282+0000] {dag.py:4180} INFO - Setting next_dagrun for example_python_decorator to None, run_after=None
[2025-04-13T22:34:34.366+0000] {processor.py:208} INFO - Processing /home/airflow/.local/lib/python3.12/site-packages/airflow/example_dags/example_python_decorator.py took 0.352 seconds
[2025-04-13T22:35:23.487+0000] {processor.py:186} INFO - Started process (PID=488) to work on /home/airflow/.local/lib/python3.12/site-packages/airflow/example_dags/example_python_decorator.py
[2025-04-13T22:35:23.489+0000] {processor.py:914} INFO - Processing file /home/airflow/.local/lib/python3.12/site-packages/airflow/example_dags/example_python_decorator.py for tasks to queue
[2025-04-13T22:35:23.501+0000] {logging_mixin.py:190} INFO - [2025-04-13T22:35:23.501+0000] {dagbag.py:588} INFO - Filling up the DagBag from /home/airflow/.local/lib/python3.12/site-packages/airflow/example_dags/example_python_decorator.py
[2025-04-13T22:35:23.554+0000] {processor.py:925} INFO - DAG(s) 'example_python_decorator' retrieved from /home/airflow/.local/lib/python3.12/site-packages/airflow/example_dags/example_python_decorator.py
[2025-04-13T22:35:23.700+0000] {logging_mixin.py:190} INFO - [2025-04-13T22:35:23.699+0000] {dag.py:3239} INFO - Sync 1 DAGs
[2025-04-13T22:35:23.779+0000] {logging_mixin.py:190} INFO - [2025-04-13T22:35:23.778+0000] {dag.py:4180} INFO - Setting next_dagrun for example_python_decorator to None, run_after=None
[2025-04-13T22:35:23.898+0000] {processor.py:208} INFO - Processing /home/airflow/.local/lib/python3.12/site-packages/airflow/example_dags/example_python_decorator.py took 0.434 seconds
[2025-04-13T22:36:04.730+0000] {processor.py:186} INFO - Started process (PID=565) to work on /home/airflow/.local/lib/python3.12/site-packages/airflow/example_dags/example_python_decorator.py
[2025-04-13T22:36:04.732+0000] {processor.py:914} INFO - Processing file /home/airflow/.local/lib/python3.12/site-packages/airflow/example_dags/example_python_decorator.py for tasks to queue
[2025-04-13T22:36:04.743+0000] {logging_mixin.py:190} INFO - [2025-04-13T22:36:04.742+0000] {dagbag.py:588} INFO - Filling up the DagBag from /home/airflow/.local/lib/python3.12/site-packages/airflow/example_dags/example_python_decorator.py
[2025-04-13T22:36:04.822+0000] {processor.py:925} INFO - DAG(s) 'example_python_decorator' retrieved from /home/airflow/.local/lib/python3.12/site-packages/airflow/example_dags/example_python_decorator.py
[2025-04-13T22:36:04.957+0000] {logging_mixin.py:190} INFO - [2025-04-13T22:36:04.956+0000] {dag.py:3239} INFO - Sync 1 DAGs
[2025-04-13T22:36:05.016+0000] {logging_mixin.py:190} INFO - [2025-04-13T22:36:05.016+0000] {dag.py:4180} INFO - Setting next_dagrun for example_python_decorator to None, run_after=None
[2025-04-13T22:36:05.241+0000] {processor.py:208} INFO - Processing /home/airflow/.local/lib/python3.12/site-packages/airflow/example_dags/example_python_decorator.py took 0.525 seconds
[2025-04-13T22:36:43.559+0000] {processor.py:186} INFO - Started process (PID=629) to work on /home/airflow/.local/lib/python3.12/site-packages/airflow/example_dags/example_python_decorator.py
[2025-04-13T22:36:43.561+0000] {processor.py:914} INFO - Processing file /home/airflow/.local/lib/python3.12/site-packages/airflow/example_dags/example_python_decorator.py for tasks to queue
[2025-04-13T22:36:43.579+0000] {logging_mixin.py:190} INFO - [2025-04-13T22:36:43.578+0000] {dagbag.py:588} INFO - Filling up the DagBag from /home/airflow/.local/lib/python3.12/site-packages/airflow/example_dags/example_python_decorator.py
[2025-04-13T22:36:43.660+0000] {processor.py:925} INFO - DAG(s) 'example_python_decorator' retrieved from /home/airflow/.local/lib/python3.12/site-packages/airflow/example_dags/example_python_decorator.py
[2025-04-13T22:36:43.747+0000] {logging_mixin.py:190} INFO - [2025-04-13T22:36:43.747+0000] {dag.py:3239} INFO - Sync 1 DAGs
[2025-04-13T22:36:43.804+0000] {logging_mixin.py:190} INFO - [2025-04-13T22:36:43.803+0000] {dag.py:4180} INFO - Setting next_dagrun for example_python_decorator to None, run_after=None
[2025-04-13T22:36:43.912+0000] {processor.py:208} INFO - Processing /home/airflow/.local/lib/python3.12/site-packages/airflow/example_dags/example_python_decorator.py took 0.367 seconds
[2025-04-13T22:37:48.802+0000] {processor.py:186} INFO - Started process (PID=708) to work on /home/airflow/.local/lib/python3.12/site-packages/airflow/example_dags/example_python_decorator.py
[2025-04-13T22:37:48.840+0000] {processor.py:914} INFO - Processing file /home/airflow/.local/lib/python3.12/site-packages/airflow/example_dags/example_python_decorator.py for tasks to queue
[2025-04-13T22:37:48.858+0000] {logging_mixin.py:190} INFO - [2025-04-13T22:37:48.858+0000] {dagbag.py:588} INFO - Filling up the DagBag from /home/airflow/.local/lib/python3.12/site-packages/airflow/example_dags/example_python_decorator.py
[2025-04-13T22:37:48.943+0000] {processor.py:925} INFO - DAG(s) 'example_python_decorator' retrieved from /home/airflow/.local/lib/python3.12/site-packages/airflow/example_dags/example_python_decorator.py
[2025-04-13T22:37:49.282+0000] {logging_mixin.py:190} INFO - [2025-04-13T22:37:49.280+0000] {dag.py:3239} INFO - Sync 1 DAGs
[2025-04-13T22:37:49.478+0000] {logging_mixin.py:190} INFO - [2025-04-13T22:37:49.456+0000] {dag.py:4180} INFO - Setting next_dagrun for example_python_decorator to None, run_after=None
[2025-04-13T22:37:49.805+0000] {processor.py:208} INFO - Processing /home/airflow/.local/lib/python3.12/site-packages/airflow/example_dags/example_python_decorator.py took 1.053 seconds
[2025-04-13T22:38:32.936+0000] {processor.py:186} INFO - Started process (PID=779) to work on /home/airflow/.local/lib/python3.12/site-packages/airflow/example_dags/example_python_decorator.py
[2025-04-13T22:38:32.938+0000] {processor.py:914} INFO - Processing file /home/airflow/.local/lib/python3.12/site-packages/airflow/example_dags/example_python_decorator.py for tasks to queue
[2025-04-13T22:38:32.943+0000] {logging_mixin.py:190} INFO - [2025-04-13T22:38:32.942+0000] {dagbag.py:588} INFO - Filling up the DagBag from /home/airflow/.local/lib/python3.12/site-packages/airflow/example_dags/example_python_decorator.py
[2025-04-13T22:38:33.020+0000] {processor.py:925} INFO - DAG(s) 'example_python_decorator' retrieved from /home/airflow/.local/lib/python3.12/site-packages/airflow/example_dags/example_python_decorator.py
[2025-04-13T22:38:33.311+0000] {logging_mixin.py:190} INFO - [2025-04-13T22:38:33.300+0000] {dag.py:3239} INFO - Sync 1 DAGs
[2025-04-13T22:38:33.435+0000] {logging_mixin.py:190} INFO - [2025-04-13T22:38:33.435+0000] {dag.py:4180} INFO - Setting next_dagrun for example_python_decorator to None, run_after=None
[2025-04-13T22:38:33.595+0000] {processor.py:208} INFO - Processing /home/airflow/.local/lib/python3.12/site-packages/airflow/example_dags/example_python_decorator.py took 0.679 seconds
[2025-04-13T22:39:13.351+0000] {processor.py:186} INFO - Started process (PID=853) to work on /home/airflow/.local/lib/python3.12/site-packages/airflow/example_dags/example_python_decorator.py
[2025-04-13T22:39:13.359+0000] {processor.py:914} INFO - Processing file /home/airflow/.local/lib/python3.12/site-packages/airflow/example_dags/example_python_decorator.py for tasks to queue
[2025-04-13T22:39:13.373+0000] {logging_mixin.py:190} INFO - [2025-04-13T22:39:13.372+0000] {dagbag.py:588} INFO - Filling up the DagBag from /home/airflow/.local/lib/python3.12/site-packages/airflow/example_dags/example_python_decorator.py
[2025-04-13T22:39:13.467+0000] {processor.py:925} INFO - DAG(s) 'example_python_decorator' retrieved from /home/airflow/.local/lib/python3.12/site-packages/airflow/example_dags/example_python_decorator.py
[2025-04-13T22:39:13.601+0000] {logging_mixin.py:190} INFO - [2025-04-13T22:39:13.601+0000] {dag.py:3239} INFO - Sync 1 DAGs
[2025-04-13T22:39:13.661+0000] {logging_mixin.py:190} INFO - [2025-04-13T22:39:13.661+0000] {dag.py:4180} INFO - Setting next_dagrun for example_python_decorator to None, run_after=None
[2025-04-13T22:39:13.812+0000] {processor.py:208} INFO - Processing /home/airflow/.local/lib/python3.12/site-packages/airflow/example_dags/example_python_decorator.py took 0.498 seconds
[2025-04-13T22:41:24.033+0000] {processor.py:186} INFO - Started process (PID=969) to work on /home/airflow/.local/lib/python3.12/site-packages/airflow/example_dags/example_python_decorator.py
[2025-04-13T22:41:24.049+0000] {processor.py:914} INFO - Processing file /home/airflow/.local/lib/python3.12/site-packages/airflow/example_dags/example_python_decorator.py for tasks to queue
[2025-04-13T22:41:24.082+0000] {logging_mixin.py:190} INFO - [2025-04-13T22:41:24.081+0000] {dagbag.py:588} INFO - Filling up the DagBag from /home/airflow/.local/lib/python3.12/site-packages/airflow/example_dags/example_python_decorator.py
[2025-04-13T22:41:24.334+0000] {processor.py:925} INFO - DAG(s) 'example_python_decorator' retrieved from /home/airflow/.local/lib/python3.12/site-packages/airflow/example_dags/example_python_decorator.py
[2025-04-13T22:41:24.510+0000] {logging_mixin.py:190} INFO - [2025-04-13T22:41:24.508+0000] {dag.py:3239} INFO - Sync 1 DAGs
[2025-04-13T22:41:24.726+0000] {logging_mixin.py:190} INFO - [2025-04-13T22:41:24.725+0000] {dag.py:4180} INFO - Setting next_dagrun for example_python_decorator to None, run_after=None
[2025-04-13T22:41:25.035+0000] {processor.py:208} INFO - Processing /home/airflow/.local/lib/python3.12/site-packages/airflow/example_dags/example_python_decorator.py took 1.025 seconds
[2025-04-13T22:42:25.749+0000] {processor.py:186} INFO - Started process (PID=1044) to work on /home/airflow/.local/lib/python3.12/site-packages/airflow/example_dags/example_python_decorator.py
[2025-04-13T22:42:25.789+0000] {processor.py:914} INFO - Processing file /home/airflow/.local/lib/python3.12/site-packages/airflow/example_dags/example_python_decorator.py for tasks to queue
[2025-04-13T22:42:25.809+0000] {logging_mixin.py:190} INFO - [2025-04-13T22:42:25.808+0000] {dagbag.py:588} INFO - Filling up the DagBag from /home/airflow/.local/lib/python3.12/site-packages/airflow/example_dags/example_python_decorator.py
[2025-04-13T22:42:25.930+0000] {processor.py:925} INFO - DAG(s) 'example_python_decorator' retrieved from /home/airflow/.local/lib/python3.12/site-packages/airflow/example_dags/example_python_decorator.py
[2025-04-13T22:42:26.053+0000] {logging_mixin.py:190} INFO - [2025-04-13T22:42:26.052+0000] {dag.py:3239} INFO - Sync 1 DAGs
[2025-04-13T22:42:26.168+0000] {logging_mixin.py:190} INFO - [2025-04-13T22:42:26.168+0000] {dag.py:4180} INFO - Setting next_dagrun for example_python_decorator to None, run_after=None
[2025-04-13T22:42:26.390+0000] {processor.py:208} INFO - Processing /home/airflow/.local/lib/python3.12/site-packages/airflow/example_dags/example_python_decorator.py took 0.664 seconds
[2025-04-13T22:43:17.109+0000] {processor.py:186} INFO - Started process (PID=1122) to work on /home/airflow/.local/lib/python3.12/site-packages/airflow/example_dags/example_python_decorator.py
[2025-04-13T22:43:17.113+0000] {processor.py:914} INFO - Processing file /home/airflow/.local/lib/python3.12/site-packages/airflow/example_dags/example_python_decorator.py for tasks to queue
[2025-04-13T22:43:17.119+0000] {logging_mixin.py:190} INFO - [2025-04-13T22:43:17.118+0000] {dagbag.py:588} INFO - Filling up the DagBag from /home/airflow/.local/lib/python3.12/site-packages/airflow/example_dags/example_python_decorator.py
[2025-04-13T22:43:17.203+0000] {processor.py:925} INFO - DAG(s) 'example_python_decorator' retrieved from /home/airflow/.local/lib/python3.12/site-packages/airflow/example_dags/example_python_decorator.py
[2025-04-13T22:43:17.386+0000] {logging_mixin.py:190} INFO - [2025-04-13T22:43:17.385+0000] {dag.py:3239} INFO - Sync 1 DAGs
[2025-04-13T22:43:17.521+0000] {logging_mixin.py:190} INFO - [2025-04-13T22:43:17.520+0000] {dag.py:4180} INFO - Setting next_dagrun for example_python_decorator to None, run_after=None
[2025-04-13T22:43:17.720+0000] {processor.py:208} INFO - Processing /home/airflow/.local/lib/python3.12/site-packages/airflow/example_dags/example_python_decorator.py took 0.647 seconds
[2025-04-13T22:45:01.323+0000] {processor.py:186} INFO - Started process (PID=1214) to work on /home/airflow/.local/lib/python3.12/site-packages/airflow/example_dags/example_python_decorator.py
[2025-04-13T22:45:01.330+0000] {processor.py:914} INFO - Processing file /home/airflow/.local/lib/python3.12/site-packages/airflow/example_dags/example_python_decorator.py for tasks to queue
[2025-04-13T22:45:01.357+0000] {logging_mixin.py:190} INFO - [2025-04-13T22:45:01.346+0000] {dagbag.py:588} INFO - Filling up the DagBag from /home/airflow/.local/lib/python3.12/site-packages/airflow/example_dags/example_python_decorator.py
[2025-04-13T22:45:01.422+0000] {processor.py:925} INFO - DAG(s) 'example_python_decorator' retrieved from /home/airflow/.local/lib/python3.12/site-packages/airflow/example_dags/example_python_decorator.py
[2025-04-13T22:45:01.577+0000] {logging_mixin.py:190} INFO - [2025-04-13T22:45:01.576+0000] {dag.py:3239} INFO - Sync 1 DAGs
[2025-04-13T22:45:01.681+0000] {logging_mixin.py:190} INFO - [2025-04-13T22:45:01.681+0000] {dag.py:4180} INFO - Setting next_dagrun for example_python_decorator to None, run_after=None
[2025-04-13T22:45:01.841+0000] {processor.py:208} INFO - Processing /home/airflow/.local/lib/python3.12/site-packages/airflow/example_dags/example_python_decorator.py took 0.576 seconds
