[2025-04-13T16:48:10.600+0000] {processor.py:186} INFO - Started process (PID=87) to work on /home/airflow/.local/lib/python3.12/site-packages/airflow/example_dags/example_params_ui_tutorial.py
[2025-04-13T16:48:10.661+0000] {processor.py:914} INFO - Processing file /home/airflow/.local/lib/python3.12/site-packages/airflow/example_dags/example_params_ui_tutorial.py for tasks to queue
[2025-04-13T16:48:11.037+0000] {logging_mixin.py:190} INFO - [2025-04-13T16:48:11.036+0000] {dagbag.py:588} INFO - Filling up the DagBag from /home/airflow/.local/lib/python3.12/site-packages/airflow/example_dags/example_params_ui_tutorial.py
[2025-04-13T16:48:11.317+0000] {processor.py:925} INFO - DAG(s) 'example_params_ui_tutorial' retrieved from /home/airflow/.local/lib/python3.12/site-packages/airflow/example_dags/example_params_ui_tutorial.py
[2025-04-13T16:48:17.022+0000] {logging_mixin.py:190} INFO - [2025-04-13T16:48:17.020+0000] {override.py:1912} INFO - Created Permission View: can read on DAG:example_params_ui_tutorial
[2025-04-13T16:48:17.105+0000] {logging_mixin.py:190} INFO - [2025-04-13T16:48:17.104+0000] {override.py:1912} INFO - Created Permission View: can edit on DAG:example_params_ui_tutorial
[2025-04-13T16:48:17.193+0000] {logging_mixin.py:190} INFO - [2025-04-13T16:48:17.192+0000] {override.py:1912} INFO - Created Permission View: can delete on DAG:example_params_ui_tutorial
[2025-04-13T16:48:17.356+0000] {logging_mixin.py:190} INFO - [2025-04-13T16:48:17.355+0000] {override.py:1912} INFO - Created Permission View: can read on DAG Run:example_params_ui_tutorial
[2025-04-13T16:48:17.453+0000] {logging_mixin.py:190} INFO - [2025-04-13T16:48:17.452+0000] {override.py:1912} INFO - Created Permission View: menu access on DAG Run:example_params_ui_tutorial
[2025-04-13T16:48:17.525+0000] {logging_mixin.py:190} INFO - [2025-04-13T16:48:17.524+0000] {override.py:1912} INFO - Created Permission View: can create on DAG Run:example_params_ui_tutorial
[2025-04-13T16:48:17.620+0000] {logging_mixin.py:190} INFO - [2025-04-13T16:48:17.619+0000] {override.py:1912} INFO - Created Permission View: can delete on DAG Run:example_params_ui_tutorial
[2025-04-13T16:48:17.632+0000] {logging_mixin.py:190} INFO - [2025-04-13T16:48:17.632+0000] {dag.py:3239} INFO - Sync 1 DAGs
[2025-04-13T16:48:17.783+0000] {logging_mixin.py:190} INFO - [2025-04-13T16:48:17.783+0000] {dag.py:3262} INFO - Creating ORM DAG for example_params_ui_tutorial
[2025-04-13T16:48:17.790+0000] {logging_mixin.py:190} INFO - [2025-04-13T16:48:17.790+0000] {dag.py:4180} INFO - Setting next_dagrun for example_params_ui_tutorial to None, run_after=None
[2025-04-13T16:48:18.253+0000] {processor.py:208} INFO - Processing /home/airflow/.local/lib/python3.12/site-packages/airflow/example_dags/example_params_ui_tutorial.py took 8.431 seconds
[2025-04-13T16:50:31.496+0000] {processor.py:186} INFO - Started process (PID=174) to work on /home/airflow/.local/lib/python3.12/site-packages/airflow/example_dags/example_params_ui_tutorial.py
[2025-04-13T16:50:31.508+0000] {processor.py:914} INFO - Processing file /home/airflow/.local/lib/python3.12/site-packages/airflow/example_dags/example_params_ui_tutorial.py for tasks to queue
[2025-04-13T16:50:31.524+0000] {logging_mixin.py:190} INFO - [2025-04-13T16:50:31.520+0000] {dagbag.py:588} INFO - Filling up the DagBag from /home/airflow/.local/lib/python3.12/site-packages/airflow/example_dags/example_params_ui_tutorial.py
[2025-04-13T16:50:31.685+0000] {processor.py:925} INFO - DAG(s) 'example_params_ui_tutorial' retrieved from /home/airflow/.local/lib/python3.12/site-packages/airflow/example_dags/example_params_ui_tutorial.py
[2025-04-13T16:50:32.278+0000] {logging_mixin.py:190} INFO - [2025-04-13T16:50:32.273+0000] {dag.py:3239} INFO - Sync 1 DAGs
[2025-04-13T16:50:32.704+0000] {logging_mixin.py:190} INFO - [2025-04-13T16:50:32.703+0000] {dag.py:4180} INFO - Setting next_dagrun for example_params_ui_tutorial to None, run_after=None
[2025-04-13T16:50:33.060+0000] {processor.py:208} INFO - Processing /home/airflow/.local/lib/python3.12/site-packages/airflow/example_dags/example_params_ui_tutorial.py took 1.600 seconds
[2025-04-13T16:51:07.835+0000] {processor.py:186} INFO - Started process (PID=223) to work on /home/airflow/.local/lib/python3.12/site-packages/airflow/example_dags/example_params_ui_tutorial.py
[2025-04-13T16:51:07.847+0000] {processor.py:914} INFO - Processing file /home/airflow/.local/lib/python3.12/site-packages/airflow/example_dags/example_params_ui_tutorial.py for tasks to queue
[2025-04-13T16:51:07.889+0000] {logging_mixin.py:190} INFO - [2025-04-13T16:51:07.888+0000] {dagbag.py:588} INFO - Filling up the DagBag from /home/airflow/.local/lib/python3.12/site-packages/airflow/example_dags/example_params_ui_tutorial.py
[2025-04-13T16:51:07.939+0000] {processor.py:925} INFO - DAG(s) 'example_params_ui_tutorial' retrieved from /home/airflow/.local/lib/python3.12/site-packages/airflow/example_dags/example_params_ui_tutorial.py
[2025-04-13T16:51:08.395+0000] {logging_mixin.py:190} INFO - [2025-04-13T16:51:08.394+0000] {dag.py:3239} INFO - Sync 1 DAGs
[2025-04-13T16:51:08.465+0000] {logging_mixin.py:190} INFO - [2025-04-13T16:51:08.465+0000] {dag.py:4180} INFO - Setting next_dagrun for example_params_ui_tutorial to None, run_after=None
[2025-04-13T16:51:08.624+0000] {processor.py:208} INFO - Processing /home/airflow/.local/lib/python3.12/site-packages/airflow/example_dags/example_params_ui_tutorial.py took 0.829 seconds
[2025-04-13T16:51:41.776+0000] {processor.py:186} INFO - Started process (PID=284) to work on /home/airflow/.local/lib/python3.12/site-packages/airflow/example_dags/example_params_ui_tutorial.py
[2025-04-13T16:51:41.778+0000] {processor.py:914} INFO - Processing file /home/airflow/.local/lib/python3.12/site-packages/airflow/example_dags/example_params_ui_tutorial.py for tasks to queue
[2025-04-13T16:51:41.785+0000] {logging_mixin.py:190} INFO - [2025-04-13T16:51:41.785+0000] {dagbag.py:588} INFO - Filling up the DagBag from /home/airflow/.local/lib/python3.12/site-packages/airflow/example_dags/example_params_ui_tutorial.py
[2025-04-13T16:51:41.821+0000] {processor.py:925} INFO - DAG(s) 'example_params_ui_tutorial' retrieved from /home/airflow/.local/lib/python3.12/site-packages/airflow/example_dags/example_params_ui_tutorial.py
[2025-04-13T16:51:41.997+0000] {logging_mixin.py:190} INFO - [2025-04-13T16:51:41.996+0000] {dag.py:3239} INFO - Sync 1 DAGs
[2025-04-13T16:51:42.048+0000] {logging_mixin.py:190} INFO - [2025-04-13T16:51:42.047+0000] {dag.py:4180} INFO - Setting next_dagrun for example_params_ui_tutorial to None, run_after=None
[2025-04-13T16:51:42.163+0000] {processor.py:208} INFO - Processing /home/airflow/.local/lib/python3.12/site-packages/airflow/example_dags/example_params_ui_tutorial.py took 0.410 seconds
[2025-04-13T16:52:15.568+0000] {processor.py:186} INFO - Started process (PID=347) to work on /home/airflow/.local/lib/python3.12/site-packages/airflow/example_dags/example_params_ui_tutorial.py
[2025-04-13T16:52:15.569+0000] {processor.py:914} INFO - Processing file /home/airflow/.local/lib/python3.12/site-packages/airflow/example_dags/example_params_ui_tutorial.py for tasks to queue
[2025-04-13T16:52:15.577+0000] {logging_mixin.py:190} INFO - [2025-04-13T16:52:15.576+0000] {dagbag.py:588} INFO - Filling up the DagBag from /home/airflow/.local/lib/python3.12/site-packages/airflow/example_dags/example_params_ui_tutorial.py
[2025-04-13T16:52:15.599+0000] {processor.py:925} INFO - DAG(s) 'example_params_ui_tutorial' retrieved from /home/airflow/.local/lib/python3.12/site-packages/airflow/example_dags/example_params_ui_tutorial.py
[2025-04-13T16:52:15.797+0000] {logging_mixin.py:190} INFO - [2025-04-13T16:52:15.796+0000] {dag.py:3239} INFO - Sync 1 DAGs
[2025-04-13T16:52:15.896+0000] {logging_mixin.py:190} INFO - [2025-04-13T16:52:15.896+0000] {dag.py:4180} INFO - Setting next_dagrun for example_params_ui_tutorial to None, run_after=None
[2025-04-13T16:52:16.021+0000] {processor.py:208} INFO - Processing /home/airflow/.local/lib/python3.12/site-packages/airflow/example_dags/example_params_ui_tutorial.py took 0.501 seconds
[2025-04-13T16:52:47.070+0000] {processor.py:186} INFO - Started process (PID=410) to work on /home/airflow/.local/lib/python3.12/site-packages/airflow/example_dags/example_params_ui_tutorial.py
[2025-04-13T16:52:47.078+0000] {processor.py:914} INFO - Processing file /home/airflow/.local/lib/python3.12/site-packages/airflow/example_dags/example_params_ui_tutorial.py for tasks to queue
[2025-04-13T16:52:47.110+0000] {logging_mixin.py:190} INFO - [2025-04-13T16:52:47.109+0000] {dagbag.py:588} INFO - Filling up the DagBag from /home/airflow/.local/lib/python3.12/site-packages/airflow/example_dags/example_params_ui_tutorial.py
[2025-04-13T16:52:47.240+0000] {processor.py:925} INFO - DAG(s) 'example_params_ui_tutorial' retrieved from /home/airflow/.local/lib/python3.12/site-packages/airflow/example_dags/example_params_ui_tutorial.py
[2025-04-13T16:52:47.611+0000] {logging_mixin.py:190} INFO - [2025-04-13T16:52:47.610+0000] {dag.py:3239} INFO - Sync 1 DAGs
[2025-04-13T16:52:47.787+0000] {logging_mixin.py:190} INFO - [2025-04-13T16:52:47.786+0000] {dag.py:4180} INFO - Setting next_dagrun for example_params_ui_tutorial to None, run_after=None
[2025-04-13T16:52:47.854+0000] {processor.py:208} INFO - Processing /home/airflow/.local/lib/python3.12/site-packages/airflow/example_dags/example_params_ui_tutorial.py took 0.839 seconds
[2025-04-13T16:53:33.017+0000] {processor.py:186} INFO - Started process (PID=469) to work on /home/airflow/.local/lib/python3.12/site-packages/airflow/example_dags/example_params_ui_tutorial.py
[2025-04-13T16:53:33.020+0000] {processor.py:914} INFO - Processing file /home/airflow/.local/lib/python3.12/site-packages/airflow/example_dags/example_params_ui_tutorial.py for tasks to queue
[2025-04-13T16:53:33.030+0000] {logging_mixin.py:190} INFO - [2025-04-13T16:53:33.029+0000] {dagbag.py:588} INFO - Filling up the DagBag from /home/airflow/.local/lib/python3.12/site-packages/airflow/example_dags/example_params_ui_tutorial.py
[2025-04-13T16:53:33.077+0000] {processor.py:925} INFO - DAG(s) 'example_params_ui_tutorial' retrieved from /home/airflow/.local/lib/python3.12/site-packages/airflow/example_dags/example_params_ui_tutorial.py
[2025-04-13T16:53:33.370+0000] {logging_mixin.py:190} INFO - [2025-04-13T16:53:33.370+0000] {dag.py:3239} INFO - Sync 1 DAGs
[2025-04-13T16:53:33.469+0000] {logging_mixin.py:190} INFO - [2025-04-13T16:53:33.469+0000] {dag.py:4180} INFO - Setting next_dagrun for example_params_ui_tutorial to None, run_after=None
[2025-04-13T16:53:33.587+0000] {processor.py:208} INFO - Processing /home/airflow/.local/lib/python3.12/site-packages/airflow/example_dags/example_params_ui_tutorial.py took 0.600 seconds
[2025-04-13T16:54:03.927+0000] {processor.py:186} INFO - Started process (PID=533) to work on /home/airflow/.local/lib/python3.12/site-packages/airflow/example_dags/example_params_ui_tutorial.py
[2025-04-13T16:54:03.929+0000] {processor.py:914} INFO - Processing file /home/airflow/.local/lib/python3.12/site-packages/airflow/example_dags/example_params_ui_tutorial.py for tasks to queue
[2025-04-13T16:54:03.935+0000] {logging_mixin.py:190} INFO - [2025-04-13T16:54:03.934+0000] {dagbag.py:588} INFO - Filling up the DagBag from /home/airflow/.local/lib/python3.12/site-packages/airflow/example_dags/example_params_ui_tutorial.py
[2025-04-13T16:54:03.972+0000] {processor.py:925} INFO - DAG(s) 'example_params_ui_tutorial' retrieved from /home/airflow/.local/lib/python3.12/site-packages/airflow/example_dags/example_params_ui_tutorial.py
[2025-04-13T16:54:04.083+0000] {logging_mixin.py:190} INFO - [2025-04-13T16:54:04.083+0000] {dag.py:3239} INFO - Sync 1 DAGs
[2025-04-13T16:54:04.129+0000] {logging_mixin.py:190} INFO - [2025-04-13T16:54:04.128+0000] {dag.py:4180} INFO - Setting next_dagrun for example_params_ui_tutorial to None, run_after=None
[2025-04-13T16:54:04.187+0000] {processor.py:208} INFO - Processing /home/airflow/.local/lib/python3.12/site-packages/airflow/example_dags/example_params_ui_tutorial.py took 0.284 seconds
[2025-04-13T16:54:48.147+0000] {processor.py:186} INFO - Started process (PID=591) to work on /home/airflow/.local/lib/python3.12/site-packages/airflow/example_dags/example_params_ui_tutorial.py
[2025-04-13T16:54:48.159+0000] {processor.py:914} INFO - Processing file /home/airflow/.local/lib/python3.12/site-packages/airflow/example_dags/example_params_ui_tutorial.py for tasks to queue
[2025-04-13T16:54:48.197+0000] {logging_mixin.py:190} INFO - [2025-04-13T16:54:48.189+0000] {dagbag.py:588} INFO - Filling up the DagBag from /home/airflow/.local/lib/python3.12/site-packages/airflow/example_dags/example_params_ui_tutorial.py
[2025-04-13T16:54:48.246+0000] {processor.py:925} INFO - DAG(s) 'example_params_ui_tutorial' retrieved from /home/airflow/.local/lib/python3.12/site-packages/airflow/example_dags/example_params_ui_tutorial.py
[2025-04-13T16:54:48.687+0000] {logging_mixin.py:190} INFO - [2025-04-13T16:54:48.686+0000] {dag.py:3239} INFO - Sync 1 DAGs
[2025-04-13T16:54:48.900+0000] {logging_mixin.py:190} INFO - [2025-04-13T16:54:48.900+0000] {dag.py:4180} INFO - Setting next_dagrun for example_params_ui_tutorial to None, run_after=None
[2025-04-13T16:54:49.120+0000] {processor.py:208} INFO - Processing /home/airflow/.local/lib/python3.12/site-packages/airflow/example_dags/example_params_ui_tutorial.py took 1.059 seconds
[2025-04-13T17:02:39.220+0000] {processor.py:186} INFO - Started process (PID=95) to work on /home/airflow/.local/lib/python3.12/site-packages/airflow/example_dags/example_params_ui_tutorial.py
[2025-04-13T17:02:39.307+0000] {processor.py:914} INFO - Processing file /home/airflow/.local/lib/python3.12/site-packages/airflow/example_dags/example_params_ui_tutorial.py for tasks to queue
[2025-04-13T17:02:39.416+0000] {logging_mixin.py:190} INFO - [2025-04-13T17:02:39.414+0000] {dagbag.py:588} INFO - Filling up the DagBag from /home/airflow/.local/lib/python3.12/site-packages/airflow/example_dags/example_params_ui_tutorial.py
[2025-04-13T17:02:39.748+0000] {processor.py:925} INFO - DAG(s) 'example_params_ui_tutorial' retrieved from /home/airflow/.local/lib/python3.12/site-packages/airflow/example_dags/example_params_ui_tutorial.py
[2025-04-13T17:02:40.450+0000] {logging_mixin.py:190} INFO - [2025-04-13T17:02:40.450+0000] {dag.py:3239} INFO - Sync 1 DAGs
[2025-04-13T17:02:40.796+0000] {logging_mixin.py:190} INFO - [2025-04-13T17:02:40.795+0000] {dag.py:4180} INFO - Setting next_dagrun for example_params_ui_tutorial to None, run_after=None
[2025-04-13T17:02:41.219+0000] {processor.py:208} INFO - Processing /home/airflow/.local/lib/python3.12/site-packages/airflow/example_dags/example_params_ui_tutorial.py took 2.122 seconds
[2025-04-13T17:05:10.516+0000] {processor.py:186} INFO - Started process (PID=182) to work on /home/airflow/.local/lib/python3.12/site-packages/airflow/example_dags/example_params_ui_tutorial.py
[2025-04-13T17:05:10.542+0000] {processor.py:914} INFO - Processing file /home/airflow/.local/lib/python3.12/site-packages/airflow/example_dags/example_params_ui_tutorial.py for tasks to queue
[2025-04-13T17:05:10.568+0000] {logging_mixin.py:190} INFO - [2025-04-13T17:05:10.568+0000] {dagbag.py:588} INFO - Filling up the DagBag from /home/airflow/.local/lib/python3.12/site-packages/airflow/example_dags/example_params_ui_tutorial.py
[2025-04-13T17:05:10.809+0000] {processor.py:925} INFO - DAG(s) 'example_params_ui_tutorial' retrieved from /home/airflow/.local/lib/python3.12/site-packages/airflow/example_dags/example_params_ui_tutorial.py
[2025-04-13T17:05:12.004+0000] {logging_mixin.py:190} INFO - [2025-04-13T17:05:12.004+0000] {dag.py:3239} INFO - Sync 1 DAGs
[2025-04-13T17:05:12.266+0000] {logging_mixin.py:190} INFO - [2025-04-13T17:05:12.265+0000] {dag.py:4180} INFO - Setting next_dagrun for example_params_ui_tutorial to None, run_after=None
[2025-04-13T17:05:12.979+0000] {processor.py:208} INFO - Processing /home/airflow/.local/lib/python3.12/site-packages/airflow/example_dags/example_params_ui_tutorial.py took 2.508 seconds
[2025-04-13T17:22:10.516+0000] {processor.py:186} INFO - Started process (PID=138) to work on /home/airflow/.local/lib/python3.12/site-packages/airflow/example_dags/example_params_ui_tutorial.py
[2025-04-13T17:22:10.727+0000] {processor.py:914} INFO - Processing file /home/airflow/.local/lib/python3.12/site-packages/airflow/example_dags/example_params_ui_tutorial.py for tasks to queue
[2025-04-13T17:22:10.783+0000] {logging_mixin.py:190} INFO - [2025-04-13T17:22:10.782+0000] {dagbag.py:588} INFO - Filling up the DagBag from /home/airflow/.local/lib/python3.12/site-packages/airflow/example_dags/example_params_ui_tutorial.py
[2025-04-13T17:22:11.069+0000] {processor.py:925} INFO - DAG(s) 'example_params_ui_tutorial' retrieved from /home/airflow/.local/lib/python3.12/site-packages/airflow/example_dags/example_params_ui_tutorial.py
[2025-04-13T17:22:13.843+0000] {logging_mixin.py:190} INFO - [2025-04-13T17:22:13.842+0000] {dag.py:3239} INFO - Sync 1 DAGs
[2025-04-13T17:22:15.612+0000] {logging_mixin.py:190} INFO - [2025-04-13T17:22:15.611+0000] {dag.py:4180} INFO - Setting next_dagrun for example_params_ui_tutorial to None, run_after=None
[2025-04-13T17:22:17.335+0000] {processor.py:208} INFO - Processing /home/airflow/.local/lib/python3.12/site-packages/airflow/example_dags/example_params_ui_tutorial.py took 7.531 seconds
[2025-04-13T18:08:20.978+0000] {processor.py:186} INFO - Started process (PID=228) to work on /home/airflow/.local/lib/python3.12/site-packages/airflow/example_dags/example_params_ui_tutorial.py
[2025-04-13T18:08:21.107+0000] {processor.py:914} INFO - Processing file /home/airflow/.local/lib/python3.12/site-packages/airflow/example_dags/example_params_ui_tutorial.py for tasks to queue
[2025-04-13T18:08:21.240+0000] {logging_mixin.py:190} INFO - [2025-04-13T18:08:21.233+0000] {dagbag.py:588} INFO - Filling up the DagBag from /home/airflow/.local/lib/python3.12/site-packages/airflow/example_dags/example_params_ui_tutorial.py
[2025-04-13T18:08:22.086+0000] {processor.py:925} INFO - DAG(s) 'example_params_ui_tutorial' retrieved from /home/airflow/.local/lib/python3.12/site-packages/airflow/example_dags/example_params_ui_tutorial.py
[2025-04-13T18:08:30.816+0000] {logging_mixin.py:190} INFO - [2025-04-13T18:08:30.816+0000] {dag.py:3239} INFO - Sync 1 DAGs
[2025-04-13T18:08:32.481+0000] {logging_mixin.py:190} INFO - [2025-04-13T18:08:32.480+0000] {dag.py:4180} INFO - Setting next_dagrun for example_params_ui_tutorial to None, run_after=None
[2025-04-13T18:08:37.581+0000] {processor.py:208} INFO - Processing /home/airflow/.local/lib/python3.12/site-packages/airflow/example_dags/example_params_ui_tutorial.py took 16.894 seconds
[2025-04-13T18:17:09.237+0000] {processor.py:186} INFO - Started process (PID=368) to work on /home/airflow/.local/lib/python3.12/site-packages/airflow/example_dags/example_params_ui_tutorial.py
[2025-04-13T18:17:09.557+0000] {processor.py:914} INFO - Processing file /home/airflow/.local/lib/python3.12/site-packages/airflow/example_dags/example_params_ui_tutorial.py for tasks to queue
[2025-04-13T18:17:09.745+0000] {logging_mixin.py:190} INFO - [2025-04-13T18:17:09.699+0000] {dagbag.py:588} INFO - Filling up the DagBag from /home/airflow/.local/lib/python3.12/site-packages/airflow/example_dags/example_params_ui_tutorial.py
[2025-04-13T18:17:10.245+0000] {processor.py:925} INFO - DAG(s) 'example_params_ui_tutorial' retrieved from /home/airflow/.local/lib/python3.12/site-packages/airflow/example_dags/example_params_ui_tutorial.py
[2025-04-13T18:17:16.072+0000] {logging_mixin.py:190} INFO - [2025-04-13T18:17:16.071+0000] {dag.py:3239} INFO - Sync 1 DAGs
[2025-04-13T18:17:18.755+0000] {logging_mixin.py:190} INFO - [2025-04-13T18:17:18.182+0000] {dag.py:4180} INFO - Setting next_dagrun for example_params_ui_tutorial to None, run_after=None
[2025-04-13T18:17:21.181+0000] {processor.py:208} INFO - Processing /home/airflow/.local/lib/python3.12/site-packages/airflow/example_dags/example_params_ui_tutorial.py took 12.189 seconds
[2025-04-13T18:24:07.751+0000] {processor.py:186} INFO - Started process (PID=491) to work on /home/airflow/.local/lib/python3.12/site-packages/airflow/example_dags/example_params_ui_tutorial.py
[2025-04-13T18:24:08.258+0000] {processor.py:914} INFO - Processing file /home/airflow/.local/lib/python3.12/site-packages/airflow/example_dags/example_params_ui_tutorial.py for tasks to queue
[2025-04-13T18:24:08.511+0000] {logging_mixin.py:190} INFO - [2025-04-13T18:24:08.511+0000] {dagbag.py:588} INFO - Filling up the DagBag from /home/airflow/.local/lib/python3.12/site-packages/airflow/example_dags/example_params_ui_tutorial.py
[2025-04-13T18:24:08.754+0000] {processor.py:925} INFO - DAG(s) 'example_params_ui_tutorial' retrieved from /home/airflow/.local/lib/python3.12/site-packages/airflow/example_dags/example_params_ui_tutorial.py
[2025-04-13T18:24:16.871+0000] {logging_mixin.py:190} INFO - [2025-04-13T18:24:16.870+0000] {dag.py:3239} INFO - Sync 1 DAGs
[2025-04-13T18:24:18.346+0000] {logging_mixin.py:190} INFO - [2025-04-13T18:24:18.346+0000] {dag.py:4180} INFO - Setting next_dagrun for example_params_ui_tutorial to None, run_after=None
[2025-04-13T18:24:22.558+0000] {processor.py:208} INFO - Processing /home/airflow/.local/lib/python3.12/site-packages/airflow/example_dags/example_params_ui_tutorial.py took 15.802 seconds
[2025-04-13T20:51:37.939+0000] {processor.py:186} INFO - Started process (PID=80) to work on /home/airflow/.local/lib/python3.12/site-packages/airflow/example_dags/example_params_ui_tutorial.py
[2025-04-13T20:51:37.956+0000] {processor.py:914} INFO - Processing file /home/airflow/.local/lib/python3.12/site-packages/airflow/example_dags/example_params_ui_tutorial.py for tasks to queue
[2025-04-13T20:51:37.962+0000] {logging_mixin.py:190} INFO - [2025-04-13T20:51:37.961+0000] {dagbag.py:588} INFO - Filling up the DagBag from /home/airflow/.local/lib/python3.12/site-packages/airflow/example_dags/example_params_ui_tutorial.py
[2025-04-13T20:51:38.049+0000] {processor.py:925} INFO - DAG(s) 'example_params_ui_tutorial' retrieved from /home/airflow/.local/lib/python3.12/site-packages/airflow/example_dags/example_params_ui_tutorial.py
[2025-04-13T20:51:38.725+0000] {logging_mixin.py:190} INFO - [2025-04-13T20:51:38.724+0000] {dag.py:3239} INFO - Sync 1 DAGs
[2025-04-13T20:51:38.812+0000] {logging_mixin.py:190} INFO - [2025-04-13T20:51:38.812+0000] {dag.py:4180} INFO - Setting next_dagrun for example_params_ui_tutorial to None, run_after=None
[2025-04-13T20:51:39.137+0000] {processor.py:208} INFO - Processing /home/airflow/.local/lib/python3.12/site-packages/airflow/example_dags/example_params_ui_tutorial.py took 1.276 seconds
[2025-04-13T20:52:17.587+0000] {processor.py:186} INFO - Started process (PID=150) to work on /home/airflow/.local/lib/python3.12/site-packages/airflow/example_dags/example_params_ui_tutorial.py
[2025-04-13T20:52:17.589+0000] {processor.py:914} INFO - Processing file /home/airflow/.local/lib/python3.12/site-packages/airflow/example_dags/example_params_ui_tutorial.py for tasks to queue
[2025-04-13T20:52:17.618+0000] {logging_mixin.py:190} INFO - [2025-04-13T20:52:17.617+0000] {dagbag.py:588} INFO - Filling up the DagBag from /home/airflow/.local/lib/python3.12/site-packages/airflow/example_dags/example_params_ui_tutorial.py
[2025-04-13T20:52:17.640+0000] {processor.py:925} INFO - DAG(s) 'example_params_ui_tutorial' retrieved from /home/airflow/.local/lib/python3.12/site-packages/airflow/example_dags/example_params_ui_tutorial.py
[2025-04-13T20:52:17.795+0000] {logging_mixin.py:190} INFO - [2025-04-13T20:52:17.794+0000] {dag.py:3239} INFO - Sync 1 DAGs
[2025-04-13T20:52:17.847+0000] {logging_mixin.py:190} INFO - [2025-04-13T20:52:17.847+0000] {dag.py:4180} INFO - Setting next_dagrun for example_params_ui_tutorial to None, run_after=None
[2025-04-13T20:52:17.944+0000] {processor.py:208} INFO - Processing /home/airflow/.local/lib/python3.12/site-packages/airflow/example_dags/example_params_ui_tutorial.py took 0.376 seconds
[2025-04-13T20:52:58.256+0000] {processor.py:186} INFO - Started process (PID=214) to work on /home/airflow/.local/lib/python3.12/site-packages/airflow/example_dags/example_params_ui_tutorial.py
[2025-04-13T20:52:58.283+0000] {processor.py:914} INFO - Processing file /home/airflow/.local/lib/python3.12/site-packages/airflow/example_dags/example_params_ui_tutorial.py for tasks to queue
[2025-04-13T20:52:58.302+0000] {logging_mixin.py:190} INFO - [2025-04-13T20:52:58.301+0000] {dagbag.py:588} INFO - Filling up the DagBag from /home/airflow/.local/lib/python3.12/site-packages/airflow/example_dags/example_params_ui_tutorial.py
[2025-04-13T20:52:58.414+0000] {processor.py:925} INFO - DAG(s) 'example_params_ui_tutorial' retrieved from /home/airflow/.local/lib/python3.12/site-packages/airflow/example_dags/example_params_ui_tutorial.py
[2025-04-13T20:52:58.750+0000] {logging_mixin.py:190} INFO - [2025-04-13T20:52:58.749+0000] {dag.py:3239} INFO - Sync 1 DAGs
[2025-04-13T20:52:58.849+0000] {logging_mixin.py:190} INFO - [2025-04-13T20:52:58.849+0000] {dag.py:4180} INFO - Setting next_dagrun for example_params_ui_tutorial to None, run_after=None
[2025-04-13T20:52:59.026+0000] {processor.py:208} INFO - Processing /home/airflow/.local/lib/python3.12/site-packages/airflow/example_dags/example_params_ui_tutorial.py took 0.835 seconds
[2025-04-13T20:53:30.878+0000] {processor.py:186} INFO - Started process (PID=278) to work on /home/airflow/.local/lib/python3.12/site-packages/airflow/example_dags/example_params_ui_tutorial.py
[2025-04-13T20:53:30.882+0000] {processor.py:914} INFO - Processing file /home/airflow/.local/lib/python3.12/site-packages/airflow/example_dags/example_params_ui_tutorial.py for tasks to queue
[2025-04-13T20:53:30.920+0000] {logging_mixin.py:190} INFO - [2025-04-13T20:53:30.920+0000] {dagbag.py:588} INFO - Filling up the DagBag from /home/airflow/.local/lib/python3.12/site-packages/airflow/example_dags/example_params_ui_tutorial.py
[2025-04-13T20:53:30.948+0000] {processor.py:925} INFO - DAG(s) 'example_params_ui_tutorial' retrieved from /home/airflow/.local/lib/python3.12/site-packages/airflow/example_dags/example_params_ui_tutorial.py
[2025-04-13T20:53:31.178+0000] {logging_mixin.py:190} INFO - [2025-04-13T20:53:31.178+0000] {dag.py:3239} INFO - Sync 1 DAGs
[2025-04-13T20:53:31.214+0000] {logging_mixin.py:190} INFO - [2025-04-13T20:53:31.214+0000] {dag.py:4180} INFO - Setting next_dagrun for example_params_ui_tutorial to None, run_after=None
[2025-04-13T20:53:31.264+0000] {processor.py:208} INFO - Processing /home/airflow/.local/lib/python3.12/site-packages/airflow/example_dags/example_params_ui_tutorial.py took 0.413 seconds
[2025-04-13T20:54:01.835+0000] {processor.py:186} INFO - Started process (PID=342) to work on /home/airflow/.local/lib/python3.12/site-packages/airflow/example_dags/example_params_ui_tutorial.py
[2025-04-13T20:54:01.837+0000] {processor.py:914} INFO - Processing file /home/airflow/.local/lib/python3.12/site-packages/airflow/example_dags/example_params_ui_tutorial.py for tasks to queue
[2025-04-13T20:54:01.869+0000] {logging_mixin.py:190} INFO - [2025-04-13T20:54:01.869+0000] {dagbag.py:588} INFO - Filling up the DagBag from /home/airflow/.local/lib/python3.12/site-packages/airflow/example_dags/example_params_ui_tutorial.py
[2025-04-13T20:54:01.905+0000] {processor.py:925} INFO - DAG(s) 'example_params_ui_tutorial' retrieved from /home/airflow/.local/lib/python3.12/site-packages/airflow/example_dags/example_params_ui_tutorial.py
[2025-04-13T20:54:02.165+0000] {logging_mixin.py:190} INFO - [2025-04-13T20:54:02.164+0000] {dag.py:3239} INFO - Sync 1 DAGs
[2025-04-13T20:54:02.203+0000] {logging_mixin.py:190} INFO - [2025-04-13T20:54:02.202+0000] {dag.py:4180} INFO - Setting next_dagrun for example_params_ui_tutorial to None, run_after=None
[2025-04-13T20:54:02.239+0000] {processor.py:208} INFO - Processing /home/airflow/.local/lib/python3.12/site-packages/airflow/example_dags/example_params_ui_tutorial.py took 0.414 seconds
[2025-04-13T20:54:32.814+0000] {processor.py:186} INFO - Started process (PID=405) to work on /home/airflow/.local/lib/python3.12/site-packages/airflow/example_dags/example_params_ui_tutorial.py
[2025-04-13T20:54:32.821+0000] {processor.py:914} INFO - Processing file /home/airflow/.local/lib/python3.12/site-packages/airflow/example_dags/example_params_ui_tutorial.py for tasks to queue
[2025-04-13T20:54:32.847+0000] {logging_mixin.py:190} INFO - [2025-04-13T20:54:32.842+0000] {dagbag.py:588} INFO - Filling up the DagBag from /home/airflow/.local/lib/python3.12/site-packages/airflow/example_dags/example_params_ui_tutorial.py
[2025-04-13T20:54:32.913+0000] {processor.py:925} INFO - DAG(s) 'example_params_ui_tutorial' retrieved from /home/airflow/.local/lib/python3.12/site-packages/airflow/example_dags/example_params_ui_tutorial.py
[2025-04-13T20:54:33.282+0000] {logging_mixin.py:190} INFO - [2025-04-13T20:54:33.281+0000] {dag.py:3239} INFO - Sync 1 DAGs
[2025-04-13T20:54:33.600+0000] {logging_mixin.py:190} INFO - [2025-04-13T20:54:33.599+0000] {dag.py:4180} INFO - Setting next_dagrun for example_params_ui_tutorial to None, run_after=None
[2025-04-13T20:54:33.735+0000] {processor.py:208} INFO - Processing /home/airflow/.local/lib/python3.12/site-packages/airflow/example_dags/example_params_ui_tutorial.py took 0.942 seconds
[2025-04-13T20:55:04.177+0000] {processor.py:186} INFO - Started process (PID=468) to work on /home/airflow/.local/lib/python3.12/site-packages/airflow/example_dags/example_params_ui_tutorial.py
[2025-04-13T20:55:04.181+0000] {processor.py:914} INFO - Processing file /home/airflow/.local/lib/python3.12/site-packages/airflow/example_dags/example_params_ui_tutorial.py for tasks to queue
[2025-04-13T20:55:04.190+0000] {logging_mixin.py:190} INFO - [2025-04-13T20:55:04.190+0000] {dagbag.py:588} INFO - Filling up the DagBag from /home/airflow/.local/lib/python3.12/site-packages/airflow/example_dags/example_params_ui_tutorial.py
[2025-04-13T20:55:04.229+0000] {processor.py:925} INFO - DAG(s) 'example_params_ui_tutorial' retrieved from /home/airflow/.local/lib/python3.12/site-packages/airflow/example_dags/example_params_ui_tutorial.py
[2025-04-13T20:55:04.326+0000] {logging_mixin.py:190} INFO - [2025-04-13T20:55:04.326+0000] {dag.py:3239} INFO - Sync 1 DAGs
[2025-04-13T20:55:04.361+0000] {logging_mixin.py:190} INFO - [2025-04-13T20:55:04.361+0000] {dag.py:4180} INFO - Setting next_dagrun for example_params_ui_tutorial to None, run_after=None
[2025-04-13T20:55:04.402+0000] {processor.py:208} INFO - Processing /home/airflow/.local/lib/python3.12/site-packages/airflow/example_dags/example_params_ui_tutorial.py took 0.240 seconds
[2025-04-13T20:55:34.912+0000] {processor.py:186} INFO - Started process (PID=532) to work on /home/airflow/.local/lib/python3.12/site-packages/airflow/example_dags/example_params_ui_tutorial.py
[2025-04-13T20:55:34.919+0000] {processor.py:914} INFO - Processing file /home/airflow/.local/lib/python3.12/site-packages/airflow/example_dags/example_params_ui_tutorial.py for tasks to queue
[2025-04-13T20:55:34.926+0000] {logging_mixin.py:190} INFO - [2025-04-13T20:55:34.925+0000] {dagbag.py:588} INFO - Filling up the DagBag from /home/airflow/.local/lib/python3.12/site-packages/airflow/example_dags/example_params_ui_tutorial.py
[2025-04-13T20:55:35.005+0000] {processor.py:925} INFO - DAG(s) 'example_params_ui_tutorial' retrieved from /home/airflow/.local/lib/python3.12/site-packages/airflow/example_dags/example_params_ui_tutorial.py
[2025-04-13T20:55:35.187+0000] {logging_mixin.py:190} INFO - [2025-04-13T20:55:35.187+0000] {dag.py:3239} INFO - Sync 1 DAGs
[2025-04-13T20:55:35.330+0000] {logging_mixin.py:190} INFO - [2025-04-13T20:55:35.330+0000] {dag.py:4180} INFO - Setting next_dagrun for example_params_ui_tutorial to None, run_after=None
[2025-04-13T20:55:35.376+0000] {processor.py:208} INFO - Processing /home/airflow/.local/lib/python3.12/site-packages/airflow/example_dags/example_params_ui_tutorial.py took 0.474 seconds
[2025-04-13T20:56:05.657+0000] {processor.py:186} INFO - Started process (PID=595) to work on /home/airflow/.local/lib/python3.12/site-packages/airflow/example_dags/example_params_ui_tutorial.py
[2025-04-13T20:56:05.659+0000] {processor.py:914} INFO - Processing file /home/airflow/.local/lib/python3.12/site-packages/airflow/example_dags/example_params_ui_tutorial.py for tasks to queue
[2025-04-13T20:56:05.663+0000] {logging_mixin.py:190} INFO - [2025-04-13T20:56:05.662+0000] {dagbag.py:588} INFO - Filling up the DagBag from /home/airflow/.local/lib/python3.12/site-packages/airflow/example_dags/example_params_ui_tutorial.py
[2025-04-13T20:56:05.681+0000] {processor.py:925} INFO - DAG(s) 'example_params_ui_tutorial' retrieved from /home/airflow/.local/lib/python3.12/site-packages/airflow/example_dags/example_params_ui_tutorial.py
[2025-04-13T20:56:05.760+0000] {logging_mixin.py:190} INFO - [2025-04-13T20:56:05.759+0000] {dag.py:3239} INFO - Sync 1 DAGs
[2025-04-13T20:56:05.784+0000] {logging_mixin.py:190} INFO - [2025-04-13T20:56:05.784+0000] {dag.py:4180} INFO - Setting next_dagrun for example_params_ui_tutorial to None, run_after=None
[2025-04-13T20:56:05.817+0000] {processor.py:208} INFO - Processing /home/airflow/.local/lib/python3.12/site-packages/airflow/example_dags/example_params_ui_tutorial.py took 0.169 seconds
[2025-04-13T20:56:36.270+0000] {processor.py:186} INFO - Started process (PID=659) to work on /home/airflow/.local/lib/python3.12/site-packages/airflow/example_dags/example_params_ui_tutorial.py
[2025-04-13T20:56:36.282+0000] {processor.py:914} INFO - Processing file /home/airflow/.local/lib/python3.12/site-packages/airflow/example_dags/example_params_ui_tutorial.py for tasks to queue
[2025-04-13T20:56:36.286+0000] {logging_mixin.py:190} INFO - [2025-04-13T20:56:36.286+0000] {dagbag.py:588} INFO - Filling up the DagBag from /home/airflow/.local/lib/python3.12/site-packages/airflow/example_dags/example_params_ui_tutorial.py
[2025-04-13T20:56:36.306+0000] {processor.py:925} INFO - DAG(s) 'example_params_ui_tutorial' retrieved from /home/airflow/.local/lib/python3.12/site-packages/airflow/example_dags/example_params_ui_tutorial.py
[2025-04-13T20:56:36.523+0000] {logging_mixin.py:190} INFO - [2025-04-13T20:56:36.522+0000] {dag.py:3239} INFO - Sync 1 DAGs
[2025-04-13T20:56:36.581+0000] {logging_mixin.py:190} INFO - [2025-04-13T20:56:36.581+0000] {dag.py:4180} INFO - Setting next_dagrun for example_params_ui_tutorial to None, run_after=None
[2025-04-13T20:56:36.787+0000] {processor.py:208} INFO - Processing /home/airflow/.local/lib/python3.12/site-packages/airflow/example_dags/example_params_ui_tutorial.py took 0.531 seconds
[2025-04-13T20:57:07.223+0000] {processor.py:186} INFO - Started process (PID=723) to work on /home/airflow/.local/lib/python3.12/site-packages/airflow/example_dags/example_params_ui_tutorial.py
[2025-04-13T20:57:07.226+0000] {processor.py:914} INFO - Processing file /home/airflow/.local/lib/python3.12/site-packages/airflow/example_dags/example_params_ui_tutorial.py for tasks to queue
[2025-04-13T20:57:07.230+0000] {logging_mixin.py:190} INFO - [2025-04-13T20:57:07.230+0000] {dagbag.py:588} INFO - Filling up the DagBag from /home/airflow/.local/lib/python3.12/site-packages/airflow/example_dags/example_params_ui_tutorial.py
[2025-04-13T20:57:07.245+0000] {processor.py:925} INFO - DAG(s) 'example_params_ui_tutorial' retrieved from /home/airflow/.local/lib/python3.12/site-packages/airflow/example_dags/example_params_ui_tutorial.py
[2025-04-13T20:57:07.381+0000] {logging_mixin.py:190} INFO - [2025-04-13T20:57:07.380+0000] {dag.py:3239} INFO - Sync 1 DAGs
[2025-04-13T20:57:07.425+0000] {logging_mixin.py:190} INFO - [2025-04-13T20:57:07.425+0000] {dag.py:4180} INFO - Setting next_dagrun for example_params_ui_tutorial to None, run_after=None
[2025-04-13T20:57:07.488+0000] {processor.py:208} INFO - Processing /home/airflow/.local/lib/python3.12/site-packages/airflow/example_dags/example_params_ui_tutorial.py took 0.284 seconds
[2025-04-13T20:57:37.573+0000] {processor.py:186} INFO - Started process (PID=786) to work on /home/airflow/.local/lib/python3.12/site-packages/airflow/example_dags/example_params_ui_tutorial.py
[2025-04-13T20:57:37.575+0000] {processor.py:914} INFO - Processing file /home/airflow/.local/lib/python3.12/site-packages/airflow/example_dags/example_params_ui_tutorial.py for tasks to queue
[2025-04-13T20:57:37.580+0000] {logging_mixin.py:190} INFO - [2025-04-13T20:57:37.579+0000] {dagbag.py:588} INFO - Filling up the DagBag from /home/airflow/.local/lib/python3.12/site-packages/airflow/example_dags/example_params_ui_tutorial.py
[2025-04-13T20:57:37.613+0000] {processor.py:925} INFO - DAG(s) 'example_params_ui_tutorial' retrieved from /home/airflow/.local/lib/python3.12/site-packages/airflow/example_dags/example_params_ui_tutorial.py
[2025-04-13T20:57:37.733+0000] {logging_mixin.py:190} INFO - [2025-04-13T20:57:37.732+0000] {dag.py:3239} INFO - Sync 1 DAGs
[2025-04-13T20:57:37.792+0000] {logging_mixin.py:190} INFO - [2025-04-13T20:57:37.791+0000] {dag.py:4180} INFO - Setting next_dagrun for example_params_ui_tutorial to None, run_after=None
[2025-04-13T20:57:37.872+0000] {processor.py:208} INFO - Processing /home/airflow/.local/lib/python3.12/site-packages/airflow/example_dags/example_params_ui_tutorial.py took 0.310 seconds
[2025-04-13T20:58:09.833+0000] {processor.py:186} INFO - Started process (PID=839) to work on /home/airflow/.local/lib/python3.12/site-packages/airflow/example_dags/example_params_ui_tutorial.py
[2025-04-13T20:58:09.835+0000] {processor.py:914} INFO - Processing file /home/airflow/.local/lib/python3.12/site-packages/airflow/example_dags/example_params_ui_tutorial.py for tasks to queue
[2025-04-13T20:58:09.843+0000] {logging_mixin.py:190} INFO - [2025-04-13T20:58:09.842+0000] {dagbag.py:588} INFO - Filling up the DagBag from /home/airflow/.local/lib/python3.12/site-packages/airflow/example_dags/example_params_ui_tutorial.py
[2025-04-13T20:58:09.859+0000] {processor.py:925} INFO - DAG(s) 'example_params_ui_tutorial' retrieved from /home/airflow/.local/lib/python3.12/site-packages/airflow/example_dags/example_params_ui_tutorial.py
[2025-04-13T20:58:09.961+0000] {logging_mixin.py:190} INFO - [2025-04-13T20:58:09.961+0000] {dag.py:3239} INFO - Sync 1 DAGs
[2025-04-13T20:58:10.003+0000] {logging_mixin.py:190} INFO - [2025-04-13T20:58:10.003+0000] {dag.py:4180} INFO - Setting next_dagrun for example_params_ui_tutorial to None, run_after=None
[2025-04-13T20:58:10.094+0000] {processor.py:208} INFO - Processing /home/airflow/.local/lib/python3.12/site-packages/airflow/example_dags/example_params_ui_tutorial.py took 0.272 seconds
[2025-04-13T20:58:40.471+0000] {processor.py:186} INFO - Started process (PID=901) to work on /home/airflow/.local/lib/python3.12/site-packages/airflow/example_dags/example_params_ui_tutorial.py
[2025-04-13T20:58:40.475+0000] {processor.py:914} INFO - Processing file /home/airflow/.local/lib/python3.12/site-packages/airflow/example_dags/example_params_ui_tutorial.py for tasks to queue
[2025-04-13T20:58:40.481+0000] {logging_mixin.py:190} INFO - [2025-04-13T20:58:40.480+0000] {dagbag.py:588} INFO - Filling up the DagBag from /home/airflow/.local/lib/python3.12/site-packages/airflow/example_dags/example_params_ui_tutorial.py
[2025-04-13T20:58:40.496+0000] {processor.py:925} INFO - DAG(s) 'example_params_ui_tutorial' retrieved from /home/airflow/.local/lib/python3.12/site-packages/airflow/example_dags/example_params_ui_tutorial.py
[2025-04-13T20:58:40.611+0000] {logging_mixin.py:190} INFO - [2025-04-13T20:58:40.610+0000] {dag.py:3239} INFO - Sync 1 DAGs
[2025-04-13T20:58:40.645+0000] {logging_mixin.py:190} INFO - [2025-04-13T20:58:40.645+0000] {dag.py:4180} INFO - Setting next_dagrun for example_params_ui_tutorial to None, run_after=None
[2025-04-13T20:58:40.722+0000] {processor.py:208} INFO - Processing /home/airflow/.local/lib/python3.12/site-packages/airflow/example_dags/example_params_ui_tutorial.py took 0.260 seconds
[2025-04-13T20:59:11.002+0000] {processor.py:186} INFO - Started process (PID=963) to work on /home/airflow/.local/lib/python3.12/site-packages/airflow/example_dags/example_params_ui_tutorial.py
[2025-04-13T20:59:11.004+0000] {processor.py:914} INFO - Processing file /home/airflow/.local/lib/python3.12/site-packages/airflow/example_dags/example_params_ui_tutorial.py for tasks to queue
[2025-04-13T20:59:11.020+0000] {logging_mixin.py:190} INFO - [2025-04-13T20:59:11.019+0000] {dagbag.py:588} INFO - Filling up the DagBag from /home/airflow/.local/lib/python3.12/site-packages/airflow/example_dags/example_params_ui_tutorial.py
[2025-04-13T20:59:11.039+0000] {processor.py:925} INFO - DAG(s) 'example_params_ui_tutorial' retrieved from /home/airflow/.local/lib/python3.12/site-packages/airflow/example_dags/example_params_ui_tutorial.py
[2025-04-13T20:59:11.130+0000] {logging_mixin.py:190} INFO - [2025-04-13T20:59:11.130+0000] {dag.py:3239} INFO - Sync 1 DAGs
[2025-04-13T20:59:11.158+0000] {logging_mixin.py:190} INFO - [2025-04-13T20:59:11.158+0000] {dag.py:4180} INFO - Setting next_dagrun for example_params_ui_tutorial to None, run_after=None
[2025-04-13T20:59:11.200+0000] {processor.py:208} INFO - Processing /home/airflow/.local/lib/python3.12/site-packages/airflow/example_dags/example_params_ui_tutorial.py took 0.210 seconds
[2025-04-13T20:59:41.500+0000] {processor.py:186} INFO - Started process (PID=1027) to work on /home/airflow/.local/lib/python3.12/site-packages/airflow/example_dags/example_params_ui_tutorial.py
[2025-04-13T20:59:41.502+0000] {processor.py:914} INFO - Processing file /home/airflow/.local/lib/python3.12/site-packages/airflow/example_dags/example_params_ui_tutorial.py for tasks to queue
[2025-04-13T20:59:41.517+0000] {logging_mixin.py:190} INFO - [2025-04-13T20:59:41.517+0000] {dagbag.py:588} INFO - Filling up the DagBag from /home/airflow/.local/lib/python3.12/site-packages/airflow/example_dags/example_params_ui_tutorial.py
[2025-04-13T20:59:41.539+0000] {processor.py:925} INFO - DAG(s) 'example_params_ui_tutorial' retrieved from /home/airflow/.local/lib/python3.12/site-packages/airflow/example_dags/example_params_ui_tutorial.py
[2025-04-13T20:59:41.645+0000] {logging_mixin.py:190} INFO - [2025-04-13T20:59:41.645+0000] {dag.py:3239} INFO - Sync 1 DAGs
[2025-04-13T20:59:41.708+0000] {logging_mixin.py:190} INFO - [2025-04-13T20:59:41.707+0000] {dag.py:4180} INFO - Setting next_dagrun for example_params_ui_tutorial to None, run_after=None
[2025-04-13T20:59:41.782+0000] {processor.py:208} INFO - Processing /home/airflow/.local/lib/python3.12/site-packages/airflow/example_dags/example_params_ui_tutorial.py took 0.292 seconds
[2025-04-13T21:00:12.619+0000] {processor.py:186} INFO - Started process (PID=1091) to work on /home/airflow/.local/lib/python3.12/site-packages/airflow/example_dags/example_params_ui_tutorial.py
[2025-04-13T21:00:12.621+0000] {processor.py:914} INFO - Processing file /home/airflow/.local/lib/python3.12/site-packages/airflow/example_dags/example_params_ui_tutorial.py for tasks to queue
[2025-04-13T21:00:12.632+0000] {logging_mixin.py:190} INFO - [2025-04-13T21:00:12.631+0000] {dagbag.py:588} INFO - Filling up the DagBag from /home/airflow/.local/lib/python3.12/site-packages/airflow/example_dags/example_params_ui_tutorial.py
[2025-04-13T21:00:12.675+0000] {processor.py:925} INFO - DAG(s) 'example_params_ui_tutorial' retrieved from /home/airflow/.local/lib/python3.12/site-packages/airflow/example_dags/example_params_ui_tutorial.py
[2025-04-13T21:00:12.837+0000] {logging_mixin.py:190} INFO - [2025-04-13T21:00:12.836+0000] {dag.py:3239} INFO - Sync 1 DAGs
[2025-04-13T21:00:12.892+0000] {logging_mixin.py:190} INFO - [2025-04-13T21:00:12.891+0000] {dag.py:4180} INFO - Setting next_dagrun for example_params_ui_tutorial to None, run_after=None
[2025-04-13T21:00:12.965+0000] {processor.py:208} INFO - Processing /home/airflow/.local/lib/python3.12/site-packages/airflow/example_dags/example_params_ui_tutorial.py took 0.370 seconds
[2025-04-13T21:00:44.671+0000] {processor.py:186} INFO - Started process (PID=1154) to work on /home/airflow/.local/lib/python3.12/site-packages/airflow/example_dags/example_params_ui_tutorial.py
[2025-04-13T21:00:44.675+0000] {processor.py:914} INFO - Processing file /home/airflow/.local/lib/python3.12/site-packages/airflow/example_dags/example_params_ui_tutorial.py for tasks to queue
[2025-04-13T21:00:44.696+0000] {logging_mixin.py:190} INFO - [2025-04-13T21:00:44.695+0000] {dagbag.py:588} INFO - Filling up the DagBag from /home/airflow/.local/lib/python3.12/site-packages/airflow/example_dags/example_params_ui_tutorial.py
[2025-04-13T21:00:44.726+0000] {processor.py:925} INFO - DAG(s) 'example_params_ui_tutorial' retrieved from /home/airflow/.local/lib/python3.12/site-packages/airflow/example_dags/example_params_ui_tutorial.py
[2025-04-13T21:00:44.927+0000] {logging_mixin.py:190} INFO - [2025-04-13T21:00:44.925+0000] {dag.py:3239} INFO - Sync 1 DAGs
[2025-04-13T21:00:44.987+0000] {logging_mixin.py:190} INFO - [2025-04-13T21:00:44.987+0000] {dag.py:4180} INFO - Setting next_dagrun for example_params_ui_tutorial to None, run_after=None
[2025-04-13T21:00:45.063+0000] {processor.py:208} INFO - Processing /home/airflow/.local/lib/python3.12/site-packages/airflow/example_dags/example_params_ui_tutorial.py took 0.415 seconds
[2025-04-13T21:01:15.287+0000] {processor.py:186} INFO - Started process (PID=1216) to work on /home/airflow/.local/lib/python3.12/site-packages/airflow/example_dags/example_params_ui_tutorial.py
[2025-04-13T21:01:15.291+0000] {processor.py:914} INFO - Processing file /home/airflow/.local/lib/python3.12/site-packages/airflow/example_dags/example_params_ui_tutorial.py for tasks to queue
[2025-04-13T21:01:15.303+0000] {logging_mixin.py:190} INFO - [2025-04-13T21:01:15.302+0000] {dagbag.py:588} INFO - Filling up the DagBag from /home/airflow/.local/lib/python3.12/site-packages/airflow/example_dags/example_params_ui_tutorial.py
[2025-04-13T21:01:15.337+0000] {processor.py:925} INFO - DAG(s) 'example_params_ui_tutorial' retrieved from /home/airflow/.local/lib/python3.12/site-packages/airflow/example_dags/example_params_ui_tutorial.py
[2025-04-13T21:01:15.555+0000] {logging_mixin.py:190} INFO - [2025-04-13T21:01:15.554+0000] {dag.py:3239} INFO - Sync 1 DAGs
[2025-04-13T21:01:15.640+0000] {logging_mixin.py:190} INFO - [2025-04-13T21:01:15.640+0000] {dag.py:4180} INFO - Setting next_dagrun for example_params_ui_tutorial to None, run_after=None
[2025-04-13T21:01:15.724+0000] {processor.py:208} INFO - Processing /home/airflow/.local/lib/python3.12/site-packages/airflow/example_dags/example_params_ui_tutorial.py took 0.487 seconds
[2025-04-13T21:25:53.487+0000] {processor.py:186} INFO - Started process (PID=154) to work on /home/airflow/.local/lib/python3.12/site-packages/airflow/example_dags/example_params_ui_tutorial.py
[2025-04-13T21:25:53.544+0000] {processor.py:914} INFO - Processing file /home/airflow/.local/lib/python3.12/site-packages/airflow/example_dags/example_params_ui_tutorial.py for tasks to queue
[2025-04-13T21:25:53.727+0000] {logging_mixin.py:190} INFO - [2025-04-13T21:25:53.727+0000] {dagbag.py:588} INFO - Filling up the DagBag from /home/airflow/.local/lib/python3.12/site-packages/airflow/example_dags/example_params_ui_tutorial.py
[2025-04-13T21:25:54.186+0000] {processor.py:925} INFO - DAG(s) 'example_params_ui_tutorial' retrieved from /home/airflow/.local/lib/python3.12/site-packages/airflow/example_dags/example_params_ui_tutorial.py
[2025-04-13T21:25:56.620+0000] {logging_mixin.py:190} INFO - [2025-04-13T21:25:56.605+0000] {dag.py:3239} INFO - Sync 1 DAGs
[2025-04-13T21:25:57.155+0000] {logging_mixin.py:190} INFO - [2025-04-13T21:25:57.154+0000] {dag.py:4180} INFO - Setting next_dagrun for example_params_ui_tutorial to None, run_after=None
[2025-04-13T21:25:58.846+0000] {processor.py:208} INFO - Processing /home/airflow/.local/lib/python3.12/site-packages/airflow/example_dags/example_params_ui_tutorial.py took 5.920 seconds
[2025-04-13T21:30:58.089+0000] {processor.py:186} INFO - Started process (PID=265) to work on /home/airflow/.local/lib/python3.12/site-packages/airflow/example_dags/example_params_ui_tutorial.py
[2025-04-13T21:30:58.435+0000] {processor.py:914} INFO - Processing file /home/airflow/.local/lib/python3.12/site-packages/airflow/example_dags/example_params_ui_tutorial.py for tasks to queue
[2025-04-13T21:30:58.832+0000] {logging_mixin.py:190} INFO - [2025-04-13T21:30:58.486+0000] {dagbag.py:588} INFO - Filling up the DagBag from /home/airflow/.local/lib/python3.12/site-packages/airflow/example_dags/example_params_ui_tutorial.py
[2025-04-13T21:31:00.133+0000] {processor.py:925} INFO - DAG(s) 'example_params_ui_tutorial' retrieved from /home/airflow/.local/lib/python3.12/site-packages/airflow/example_dags/example_params_ui_tutorial.py
[2025-04-13T21:31:03.507+0000] {logging_mixin.py:190} INFO - [2025-04-13T21:31:03.506+0000] {dag.py:3239} INFO - Sync 1 DAGs
[2025-04-13T21:31:05.687+0000] {logging_mixin.py:190} INFO - [2025-04-13T21:31:05.686+0000] {dag.py:4180} INFO - Setting next_dagrun for example_params_ui_tutorial to None, run_after=None
[2025-04-13T21:31:06.012+0000] {processor.py:208} INFO - Processing /home/airflow/.local/lib/python3.12/site-packages/airflow/example_dags/example_params_ui_tutorial.py took 8.852 seconds
[2025-04-13T21:34:59.544+0000] {processor.py:186} INFO - Started process (PID=352) to work on /home/airflow/.local/lib/python3.12/site-packages/airflow/example_dags/example_params_ui_tutorial.py
[2025-04-13T21:34:59.697+0000] {processor.py:914} INFO - Processing file /home/airflow/.local/lib/python3.12/site-packages/airflow/example_dags/example_params_ui_tutorial.py for tasks to queue
[2025-04-13T21:34:59.769+0000] {logging_mixin.py:190} INFO - [2025-04-13T21:34:59.767+0000] {dagbag.py:588} INFO - Filling up the DagBag from /home/airflow/.local/lib/python3.12/site-packages/airflow/example_dags/example_params_ui_tutorial.py
[2025-04-13T21:34:59.919+0000] {processor.py:925} INFO - DAG(s) 'example_params_ui_tutorial' retrieved from /home/airflow/.local/lib/python3.12/site-packages/airflow/example_dags/example_params_ui_tutorial.py
[2025-04-13T21:35:02.627+0000] {logging_mixin.py:190} INFO - [2025-04-13T21:35:02.626+0000] {dag.py:3239} INFO - Sync 1 DAGs
[2025-04-13T21:35:03.462+0000] {logging_mixin.py:190} INFO - [2025-04-13T21:35:03.462+0000] {dag.py:4180} INFO - Setting next_dagrun for example_params_ui_tutorial to None, run_after=None
[2025-04-13T21:35:05.510+0000] {processor.py:208} INFO - Processing /home/airflow/.local/lib/python3.12/site-packages/airflow/example_dags/example_params_ui_tutorial.py took 6.139 seconds
[2025-04-13T21:37:55.911+0000] {processor.py:186} INFO - Started process (PID=436) to work on /home/airflow/.local/lib/python3.12/site-packages/airflow/example_dags/example_params_ui_tutorial.py
[2025-04-13T21:37:55.999+0000] {processor.py:914} INFO - Processing file /home/airflow/.local/lib/python3.12/site-packages/airflow/example_dags/example_params_ui_tutorial.py for tasks to queue
[2025-04-13T21:37:56.067+0000] {logging_mixin.py:190} INFO - [2025-04-13T21:37:56.064+0000] {dagbag.py:588} INFO - Filling up the DagBag from /home/airflow/.local/lib/python3.12/site-packages/airflow/example_dags/example_params_ui_tutorial.py
[2025-04-13T21:37:56.755+0000] {processor.py:925} INFO - DAG(s) 'example_params_ui_tutorial' retrieved from /home/airflow/.local/lib/python3.12/site-packages/airflow/example_dags/example_params_ui_tutorial.py
[2025-04-13T21:37:59.253+0000] {logging_mixin.py:190} INFO - [2025-04-13T21:37:59.252+0000] {dag.py:3239} INFO - Sync 1 DAGs
[2025-04-13T21:37:59.953+0000] {logging_mixin.py:190} INFO - [2025-04-13T21:37:59.952+0000] {dag.py:4180} INFO - Setting next_dagrun for example_params_ui_tutorial to None, run_after=None
[2025-04-13T21:38:00.707+0000] {processor.py:208} INFO - Processing /home/airflow/.local/lib/python3.12/site-packages/airflow/example_dags/example_params_ui_tutorial.py took 5.118 seconds
[2025-04-13T21:50:33.789+0000] {processor.py:186} INFO - Started process (PID=134) to work on /home/airflow/.local/lib/python3.12/site-packages/airflow/example_dags/example_params_ui_tutorial.py
[2025-04-13T21:50:33.966+0000] {processor.py:914} INFO - Processing file /home/airflow/.local/lib/python3.12/site-packages/airflow/example_dags/example_params_ui_tutorial.py for tasks to queue
[2025-04-13T21:50:34.160+0000] {logging_mixin.py:190} INFO - [2025-04-13T21:50:34.154+0000] {dagbag.py:588} INFO - Filling up the DagBag from /home/airflow/.local/lib/python3.12/site-packages/airflow/example_dags/example_params_ui_tutorial.py
[2025-04-13T21:50:34.482+0000] {processor.py:925} INFO - DAG(s) 'example_params_ui_tutorial' retrieved from /home/airflow/.local/lib/python3.12/site-packages/airflow/example_dags/example_params_ui_tutorial.py
[2025-04-13T21:50:37.433+0000] {logging_mixin.py:190} INFO - [2025-04-13T21:50:37.433+0000] {dag.py:3239} INFO - Sync 1 DAGs
[2025-04-13T21:50:38.953+0000] {logging_mixin.py:190} INFO - [2025-04-13T21:50:38.953+0000] {dag.py:4180} INFO - Setting next_dagrun for example_params_ui_tutorial to None, run_after=None
[2025-04-13T21:50:39.614+0000] {processor.py:208} INFO - Processing /home/airflow/.local/lib/python3.12/site-packages/airflow/example_dags/example_params_ui_tutorial.py took 6.120 seconds
[2025-04-13T22:12:34.532+0000] {processor.py:186} INFO - Started process (PID=146) to work on /home/airflow/.local/lib/python3.12/site-packages/airflow/example_dags/example_params_ui_tutorial.py
[2025-04-13T22:12:34.658+0000] {processor.py:914} INFO - Processing file /home/airflow/.local/lib/python3.12/site-packages/airflow/example_dags/example_params_ui_tutorial.py for tasks to queue
[2025-04-13T22:12:34.974+0000] {logging_mixin.py:190} INFO - [2025-04-13T22:12:34.931+0000] {dagbag.py:588} INFO - Filling up the DagBag from /home/airflow/.local/lib/python3.12/site-packages/airflow/example_dags/example_params_ui_tutorial.py
[2025-04-13T22:12:35.583+0000] {processor.py:925} INFO - DAG(s) 'example_params_ui_tutorial' retrieved from /home/airflow/.local/lib/python3.12/site-packages/airflow/example_dags/example_params_ui_tutorial.py
[2025-04-13T22:12:41.796+0000] {logging_mixin.py:190} INFO - [2025-04-13T22:12:41.795+0000] {dag.py:3239} INFO - Sync 1 DAGs
[2025-04-13T22:12:43.250+0000] {logging_mixin.py:190} INFO - [2025-04-13T22:12:43.249+0000] {dag.py:4180} INFO - Setting next_dagrun for example_params_ui_tutorial to None, run_after=None
[2025-04-13T22:12:45.856+0000] {processor.py:208} INFO - Processing /home/airflow/.local/lib/python3.12/site-packages/airflow/example_dags/example_params_ui_tutorial.py took 12.409 seconds
[2025-04-13T22:31:15.198+0000] {processor.py:186} INFO - Started process (PID=92) to work on /home/airflow/.local/lib/python3.12/site-packages/airflow/example_dags/example_params_ui_tutorial.py
[2025-04-13T22:31:15.200+0000] {processor.py:914} INFO - Processing file /home/airflow/.local/lib/python3.12/site-packages/airflow/example_dags/example_params_ui_tutorial.py for tasks to queue
[2025-04-13T22:31:15.231+0000] {logging_mixin.py:190} INFO - [2025-04-13T22:31:15.231+0000] {dagbag.py:588} INFO - Filling up the DagBag from /home/airflow/.local/lib/python3.12/site-packages/airflow/example_dags/example_params_ui_tutorial.py
[2025-04-13T22:31:15.294+0000] {processor.py:925} INFO - DAG(s) 'example_params_ui_tutorial' retrieved from /home/airflow/.local/lib/python3.12/site-packages/airflow/example_dags/example_params_ui_tutorial.py
[2025-04-13T22:31:15.601+0000] {logging_mixin.py:190} INFO - [2025-04-13T22:31:15.600+0000] {dag.py:3239} INFO - Sync 1 DAGs
[2025-04-13T22:31:15.769+0000] {logging_mixin.py:190} INFO - [2025-04-13T22:31:15.768+0000] {dag.py:4180} INFO - Setting next_dagrun for example_params_ui_tutorial to None, run_after=None
[2025-04-13T22:31:16.045+0000] {processor.py:208} INFO - Processing /home/airflow/.local/lib/python3.12/site-packages/airflow/example_dags/example_params_ui_tutorial.py took 0.861 seconds
[2025-04-13T22:32:23.347+0000] {processor.py:186} INFO - Started process (PID=161) to work on /home/airflow/.local/lib/python3.12/site-packages/airflow/example_dags/example_params_ui_tutorial.py
[2025-04-13T22:32:23.361+0000] {processor.py:914} INFO - Processing file /home/airflow/.local/lib/python3.12/site-packages/airflow/example_dags/example_params_ui_tutorial.py for tasks to queue
[2025-04-13T22:32:23.376+0000] {logging_mixin.py:190} INFO - [2025-04-13T22:32:23.376+0000] {dagbag.py:588} INFO - Filling up the DagBag from /home/airflow/.local/lib/python3.12/site-packages/airflow/example_dags/example_params_ui_tutorial.py
[2025-04-13T22:32:23.450+0000] {processor.py:925} INFO - DAG(s) 'example_params_ui_tutorial' retrieved from /home/airflow/.local/lib/python3.12/site-packages/airflow/example_dags/example_params_ui_tutorial.py
[2025-04-13T22:32:24.092+0000] {logging_mixin.py:190} INFO - [2025-04-13T22:32:24.091+0000] {dag.py:3239} INFO - Sync 1 DAGs
[2025-04-13T22:32:24.267+0000] {logging_mixin.py:190} INFO - [2025-04-13T22:32:24.266+0000] {dag.py:4180} INFO - Setting next_dagrun for example_params_ui_tutorial to None, run_after=None
[2025-04-13T22:32:24.528+0000] {processor.py:208} INFO - Processing /home/airflow/.local/lib/python3.12/site-packages/airflow/example_dags/example_params_ui_tutorial.py took 1.240 seconds
[2025-04-13T22:32:56.851+0000] {processor.py:186} INFO - Started process (PID=224) to work on /home/airflow/.local/lib/python3.12/site-packages/airflow/example_dags/example_params_ui_tutorial.py
[2025-04-13T22:32:56.863+0000] {processor.py:914} INFO - Processing file /home/airflow/.local/lib/python3.12/site-packages/airflow/example_dags/example_params_ui_tutorial.py for tasks to queue
[2025-04-13T22:32:56.877+0000] {logging_mixin.py:190} INFO - [2025-04-13T22:32:56.873+0000] {dagbag.py:588} INFO - Filling up the DagBag from /home/airflow/.local/lib/python3.12/site-packages/airflow/example_dags/example_params_ui_tutorial.py
[2025-04-13T22:32:57.005+0000] {processor.py:925} INFO - DAG(s) 'example_params_ui_tutorial' retrieved from /home/airflow/.local/lib/python3.12/site-packages/airflow/example_dags/example_params_ui_tutorial.py
[2025-04-13T22:32:57.620+0000] {logging_mixin.py:190} INFO - [2025-04-13T22:32:57.619+0000] {dag.py:3239} INFO - Sync 1 DAGs
[2025-04-13T22:32:57.816+0000] {logging_mixin.py:190} INFO - [2025-04-13T22:32:57.815+0000] {dag.py:4180} INFO - Setting next_dagrun for example_params_ui_tutorial to None, run_after=None
[2025-04-13T22:32:58.107+0000] {processor.py:208} INFO - Processing /home/airflow/.local/lib/python3.12/site-packages/airflow/example_dags/example_params_ui_tutorial.py took 1.316 seconds
[2025-04-13T22:33:28.815+0000] {processor.py:186} INFO - Started process (PID=294) to work on /home/airflow/.local/lib/python3.12/site-packages/airflow/example_dags/example_params_ui_tutorial.py
[2025-04-13T22:33:28.825+0000] {processor.py:914} INFO - Processing file /home/airflow/.local/lib/python3.12/site-packages/airflow/example_dags/example_params_ui_tutorial.py for tasks to queue
[2025-04-13T22:33:28.860+0000] {logging_mixin.py:190} INFO - [2025-04-13T22:33:28.859+0000] {dagbag.py:588} INFO - Filling up the DagBag from /home/airflow/.local/lib/python3.12/site-packages/airflow/example_dags/example_params_ui_tutorial.py
[2025-04-13T22:33:28.905+0000] {processor.py:925} INFO - DAG(s) 'example_params_ui_tutorial' retrieved from /home/airflow/.local/lib/python3.12/site-packages/airflow/example_dags/example_params_ui_tutorial.py
[2025-04-13T22:33:29.210+0000] {logging_mixin.py:190} INFO - [2025-04-13T22:33:29.209+0000] {dag.py:3239} INFO - Sync 1 DAGs
[2025-04-13T22:33:29.262+0000] {logging_mixin.py:190} INFO - [2025-04-13T22:33:29.261+0000] {dag.py:4180} INFO - Setting next_dagrun for example_params_ui_tutorial to None, run_after=None
[2025-04-13T22:33:29.379+0000] {processor.py:208} INFO - Processing /home/airflow/.local/lib/python3.12/site-packages/airflow/example_dags/example_params_ui_tutorial.py took 0.608 seconds
[2025-04-13T22:34:00.290+0000] {processor.py:186} INFO - Started process (PID=357) to work on /home/airflow/.local/lib/python3.12/site-packages/airflow/example_dags/example_params_ui_tutorial.py
[2025-04-13T22:34:00.292+0000] {processor.py:914} INFO - Processing file /home/airflow/.local/lib/python3.12/site-packages/airflow/example_dags/example_params_ui_tutorial.py for tasks to queue
[2025-04-13T22:34:00.311+0000] {logging_mixin.py:190} INFO - [2025-04-13T22:34:00.300+0000] {dagbag.py:588} INFO - Filling up the DagBag from /home/airflow/.local/lib/python3.12/site-packages/airflow/example_dags/example_params_ui_tutorial.py
[2025-04-13T22:34:00.378+0000] {processor.py:925} INFO - DAG(s) 'example_params_ui_tutorial' retrieved from /home/airflow/.local/lib/python3.12/site-packages/airflow/example_dags/example_params_ui_tutorial.py
[2025-04-13T22:34:00.635+0000] {logging_mixin.py:190} INFO - [2025-04-13T22:34:00.635+0000] {dag.py:3239} INFO - Sync 1 DAGs
[2025-04-13T22:34:00.681+0000] {logging_mixin.py:190} INFO - [2025-04-13T22:34:00.680+0000] {dag.py:4180} INFO - Setting next_dagrun for example_params_ui_tutorial to None, run_after=None
[2025-04-13T22:34:00.760+0000] {processor.py:208} INFO - Processing /home/airflow/.local/lib/python3.12/site-packages/airflow/example_dags/example_params_ui_tutorial.py took 0.493 seconds
[2025-04-13T22:34:35.650+0000] {processor.py:186} INFO - Started process (PID=421) to work on /home/airflow/.local/lib/python3.12/site-packages/airflow/example_dags/example_params_ui_tutorial.py
[2025-04-13T22:34:35.656+0000] {processor.py:914} INFO - Processing file /home/airflow/.local/lib/python3.12/site-packages/airflow/example_dags/example_params_ui_tutorial.py for tasks to queue
[2025-04-13T22:34:35.662+0000] {logging_mixin.py:190} INFO - [2025-04-13T22:34:35.662+0000] {dagbag.py:588} INFO - Filling up the DagBag from /home/airflow/.local/lib/python3.12/site-packages/airflow/example_dags/example_params_ui_tutorial.py
[2025-04-13T22:34:35.686+0000] {processor.py:925} INFO - DAG(s) 'example_params_ui_tutorial' retrieved from /home/airflow/.local/lib/python3.12/site-packages/airflow/example_dags/example_params_ui_tutorial.py
[2025-04-13T22:34:35.865+0000] {logging_mixin.py:190} INFO - [2025-04-13T22:34:35.864+0000] {dag.py:3239} INFO - Sync 1 DAGs
[2025-04-13T22:34:35.919+0000] {logging_mixin.py:190} INFO - [2025-04-13T22:34:35.918+0000] {dag.py:4180} INFO - Setting next_dagrun for example_params_ui_tutorial to None, run_after=None
[2025-04-13T22:34:35.989+0000] {processor.py:208} INFO - Processing /home/airflow/.local/lib/python3.12/site-packages/airflow/example_dags/example_params_ui_tutorial.py took 0.350 seconds
[2025-04-13T22:35:12.871+0000] {processor.py:186} INFO - Started process (PID=465) to work on /home/airflow/.local/lib/python3.12/site-packages/airflow/example_dags/example_params_ui_tutorial.py
[2025-04-13T22:35:12.896+0000] {processor.py:914} INFO - Processing file /home/airflow/.local/lib/python3.12/site-packages/airflow/example_dags/example_params_ui_tutorial.py for tasks to queue
[2025-04-13T22:35:12.902+0000] {logging_mixin.py:190} INFO - [2025-04-13T22:35:12.901+0000] {dagbag.py:588} INFO - Filling up the DagBag from /home/airflow/.local/lib/python3.12/site-packages/airflow/example_dags/example_params_ui_tutorial.py
[2025-04-13T22:35:13.044+0000] {processor.py:925} INFO - DAG(s) 'example_params_ui_tutorial' retrieved from /home/airflow/.local/lib/python3.12/site-packages/airflow/example_dags/example_params_ui_tutorial.py
[2025-04-13T22:35:13.482+0000] {logging_mixin.py:190} INFO - [2025-04-13T22:35:13.481+0000] {dag.py:3239} INFO - Sync 1 DAGs
[2025-04-13T22:35:13.682+0000] {logging_mixin.py:190} INFO - [2025-04-13T22:35:13.629+0000] {dag.py:4180} INFO - Setting next_dagrun for example_params_ui_tutorial to None, run_after=None
[2025-04-13T22:35:13.894+0000] {processor.py:208} INFO - Processing /home/airflow/.local/lib/python3.12/site-packages/airflow/example_dags/example_params_ui_tutorial.py took 1.084 seconds
[2025-04-13T22:35:47.994+0000] {processor.py:186} INFO - Started process (PID=522) to work on /home/airflow/.local/lib/python3.12/site-packages/airflow/example_dags/example_params_ui_tutorial.py
[2025-04-13T22:35:48.009+0000] {processor.py:914} INFO - Processing file /home/airflow/.local/lib/python3.12/site-packages/airflow/example_dags/example_params_ui_tutorial.py for tasks to queue
[2025-04-13T22:35:48.022+0000] {logging_mixin.py:190} INFO - [2025-04-13T22:35:48.021+0000] {dagbag.py:588} INFO - Filling up the DagBag from /home/airflow/.local/lib/python3.12/site-packages/airflow/example_dags/example_params_ui_tutorial.py
[2025-04-13T22:35:48.071+0000] {processor.py:925} INFO - DAG(s) 'example_params_ui_tutorial' retrieved from /home/airflow/.local/lib/python3.12/site-packages/airflow/example_dags/example_params_ui_tutorial.py
[2025-04-13T22:35:48.410+0000] {logging_mixin.py:190} INFO - [2025-04-13T22:35:48.410+0000] {dag.py:3239} INFO - Sync 1 DAGs
[2025-04-13T22:35:48.491+0000] {logging_mixin.py:190} INFO - [2025-04-13T22:35:48.486+0000] {dag.py:4180} INFO - Setting next_dagrun for example_params_ui_tutorial to None, run_after=None
[2025-04-13T22:35:48.610+0000] {processor.py:208} INFO - Processing /home/airflow/.local/lib/python3.12/site-packages/airflow/example_dags/example_params_ui_tutorial.py took 0.678 seconds
[2025-04-13T22:36:25.816+0000] {processor.py:186} INFO - Started process (PID=586) to work on /home/airflow/.local/lib/python3.12/site-packages/airflow/example_dags/example_params_ui_tutorial.py
[2025-04-13T22:36:25.847+0000] {processor.py:914} INFO - Processing file /home/airflow/.local/lib/python3.12/site-packages/airflow/example_dags/example_params_ui_tutorial.py for tasks to queue
[2025-04-13T22:36:25.865+0000] {logging_mixin.py:190} INFO - [2025-04-13T22:36:25.856+0000] {dagbag.py:588} INFO - Filling up the DagBag from /home/airflow/.local/lib/python3.12/site-packages/airflow/example_dags/example_params_ui_tutorial.py
[2025-04-13T22:36:25.923+0000] {processor.py:925} INFO - DAG(s) 'example_params_ui_tutorial' retrieved from /home/airflow/.local/lib/python3.12/site-packages/airflow/example_dags/example_params_ui_tutorial.py
[2025-04-13T22:36:26.231+0000] {logging_mixin.py:190} INFO - [2025-04-13T22:36:26.231+0000] {dag.py:3239} INFO - Sync 1 DAGs
[2025-04-13T22:36:26.390+0000] {logging_mixin.py:190} INFO - [2025-04-13T22:36:26.389+0000] {dag.py:4180} INFO - Setting next_dagrun for example_params_ui_tutorial to None, run_after=None
[2025-04-13T22:36:26.730+0000] {processor.py:208} INFO - Processing /home/airflow/.local/lib/python3.12/site-packages/airflow/example_dags/example_params_ui_tutorial.py took 1.009 seconds
[2025-04-13T22:37:04.560+0000] {processor.py:186} INFO - Started process (PID=656) to work on /home/airflow/.local/lib/python3.12/site-packages/airflow/example_dags/example_params_ui_tutorial.py
[2025-04-13T22:37:04.587+0000] {processor.py:914} INFO - Processing file /home/airflow/.local/lib/python3.12/site-packages/airflow/example_dags/example_params_ui_tutorial.py for tasks to queue
[2025-04-13T22:37:04.614+0000] {logging_mixin.py:190} INFO - [2025-04-13T22:37:04.614+0000] {dagbag.py:588} INFO - Filling up the DagBag from /home/airflow/.local/lib/python3.12/site-packages/airflow/example_dags/example_params_ui_tutorial.py
[2025-04-13T22:37:04.684+0000] {processor.py:925} INFO - DAG(s) 'example_params_ui_tutorial' retrieved from /home/airflow/.local/lib/python3.12/site-packages/airflow/example_dags/example_params_ui_tutorial.py
[2025-04-13T22:37:05.516+0000] {logging_mixin.py:190} INFO - [2025-04-13T22:37:05.515+0000] {dag.py:3239} INFO - Sync 1 DAGs
[2025-04-13T22:37:05.657+0000] {logging_mixin.py:190} INFO - [2025-04-13T22:37:05.655+0000] {dag.py:4180} INFO - Setting next_dagrun for example_params_ui_tutorial to None, run_after=None
[2025-04-13T22:37:06.010+0000] {processor.py:208} INFO - Processing /home/airflow/.local/lib/python3.12/site-packages/airflow/example_dags/example_params_ui_tutorial.py took 1.524 seconds
[2025-04-13T22:37:53.307+0000] {processor.py:186} INFO - Started process (PID=717) to work on /home/airflow/.local/lib/python3.12/site-packages/airflow/example_dags/example_params_ui_tutorial.py
[2025-04-13T22:37:53.310+0000] {processor.py:914} INFO - Processing file /home/airflow/.local/lib/python3.12/site-packages/airflow/example_dags/example_params_ui_tutorial.py for tasks to queue
[2025-04-13T22:37:53.335+0000] {logging_mixin.py:190} INFO - [2025-04-13T22:37:53.335+0000] {dagbag.py:588} INFO - Filling up the DagBag from /home/airflow/.local/lib/python3.12/site-packages/airflow/example_dags/example_params_ui_tutorial.py
[2025-04-13T22:37:53.412+0000] {processor.py:925} INFO - DAG(s) 'example_params_ui_tutorial' retrieved from /home/airflow/.local/lib/python3.12/site-packages/airflow/example_dags/example_params_ui_tutorial.py
[2025-04-13T22:37:53.646+0000] {logging_mixin.py:190} INFO - [2025-04-13T22:37:53.645+0000] {dag.py:3239} INFO - Sync 1 DAGs
[2025-04-13T22:37:53.769+0000] {logging_mixin.py:190} INFO - [2025-04-13T22:37:53.769+0000] {dag.py:4180} INFO - Setting next_dagrun for example_params_ui_tutorial to None, run_after=None
[2025-04-13T22:37:53.861+0000] {processor.py:208} INFO - Processing /home/airflow/.local/lib/python3.12/site-packages/airflow/example_dags/example_params_ui_tutorial.py took 0.578 seconds
[2025-04-13T22:38:27.623+0000] {processor.py:186} INFO - Started process (PID=772) to work on /home/airflow/.local/lib/python3.12/site-packages/airflow/example_dags/example_params_ui_tutorial.py
[2025-04-13T22:38:27.672+0000] {processor.py:914} INFO - Processing file /home/airflow/.local/lib/python3.12/site-packages/airflow/example_dags/example_params_ui_tutorial.py for tasks to queue
[2025-04-13T22:38:27.889+0000] {logging_mixin.py:190} INFO - [2025-04-13T22:38:27.889+0000] {dagbag.py:588} INFO - Filling up the DagBag from /home/airflow/.local/lib/python3.12/site-packages/airflow/example_dags/example_params_ui_tutorial.py
[2025-04-13T22:38:28.093+0000] {processor.py:925} INFO - DAG(s) 'example_params_ui_tutorial' retrieved from /home/airflow/.local/lib/python3.12/site-packages/airflow/example_dags/example_params_ui_tutorial.py
[2025-04-13T22:38:29.253+0000] {logging_mixin.py:190} INFO - [2025-04-13T22:38:29.253+0000] {dag.py:3239} INFO - Sync 1 DAGs
[2025-04-13T22:38:29.538+0000] {logging_mixin.py:190} INFO - [2025-04-13T22:38:29.516+0000] {dag.py:4180} INFO - Setting next_dagrun for example_params_ui_tutorial to None, run_after=None
[2025-04-13T22:38:30.069+0000] {processor.py:208} INFO - Processing /home/airflow/.local/lib/python3.12/site-packages/airflow/example_dags/example_params_ui_tutorial.py took 2.733 seconds
[2025-04-13T22:39:07.864+0000] {processor.py:186} INFO - Started process (PID=842) to work on /home/airflow/.local/lib/python3.12/site-packages/airflow/example_dags/example_params_ui_tutorial.py
[2025-04-13T22:39:07.867+0000] {processor.py:914} INFO - Processing file /home/airflow/.local/lib/python3.12/site-packages/airflow/example_dags/example_params_ui_tutorial.py for tasks to queue
[2025-04-13T22:39:07.886+0000] {logging_mixin.py:190} INFO - [2025-04-13T22:39:07.886+0000] {dagbag.py:588} INFO - Filling up the DagBag from /home/airflow/.local/lib/python3.12/site-packages/airflow/example_dags/example_params_ui_tutorial.py
[2025-04-13T22:39:07.990+0000] {processor.py:925} INFO - DAG(s) 'example_params_ui_tutorial' retrieved from /home/airflow/.local/lib/python3.12/site-packages/airflow/example_dags/example_params_ui_tutorial.py
[2025-04-13T22:39:08.358+0000] {logging_mixin.py:190} INFO - [2025-04-13T22:39:08.357+0000] {dag.py:3239} INFO - Sync 1 DAGs
[2025-04-13T22:39:08.512+0000] {logging_mixin.py:190} INFO - [2025-04-13T22:39:08.509+0000] {dag.py:4180} INFO - Setting next_dagrun for example_params_ui_tutorial to None, run_after=None
[2025-04-13T22:39:08.648+0000] {processor.py:208} INFO - Processing /home/airflow/.local/lib/python3.12/site-packages/airflow/example_dags/example_params_ui_tutorial.py took 0.839 seconds
[2025-04-13T22:39:43.736+0000] {processor.py:186} INFO - Started process (PID=901) to work on /home/airflow/.local/lib/python3.12/site-packages/airflow/example_dags/example_params_ui_tutorial.py
[2025-04-13T22:39:43.784+0000] {processor.py:914} INFO - Processing file /home/airflow/.local/lib/python3.12/site-packages/airflow/example_dags/example_params_ui_tutorial.py for tasks to queue
[2025-04-13T22:39:43.993+0000] {logging_mixin.py:190} INFO - [2025-04-13T22:39:43.992+0000] {dagbag.py:588} INFO - Filling up the DagBag from /home/airflow/.local/lib/python3.12/site-packages/airflow/example_dags/example_params_ui_tutorial.py
[2025-04-13T22:39:44.119+0000] {processor.py:925} INFO - DAG(s) 'example_params_ui_tutorial' retrieved from /home/airflow/.local/lib/python3.12/site-packages/airflow/example_dags/example_params_ui_tutorial.py
[2025-04-13T22:39:49.217+0000] {logging_mixin.py:190} INFO - [2025-04-13T22:39:49.216+0000] {dag.py:3239} INFO - Sync 1 DAGs
[2025-04-13T22:39:50.453+0000] {logging_mixin.py:190} INFO - [2025-04-13T22:39:50.437+0000] {dag.py:4180} INFO - Setting next_dagrun for example_params_ui_tutorial to None, run_after=None
[2025-04-13T22:39:51.385+0000] {processor.py:208} INFO - Processing /home/airflow/.local/lib/python3.12/site-packages/airflow/example_dags/example_params_ui_tutorial.py took 7.760 seconds
[2025-04-13T22:41:32.442+0000] {processor.py:186} INFO - Started process (PID=979) to work on /home/airflow/.local/lib/python3.12/site-packages/airflow/example_dags/example_params_ui_tutorial.py
[2025-04-13T22:41:32.451+0000] {processor.py:914} INFO - Processing file /home/airflow/.local/lib/python3.12/site-packages/airflow/example_dags/example_params_ui_tutorial.py for tasks to queue
[2025-04-13T22:41:32.492+0000] {logging_mixin.py:190} INFO - [2025-04-13T22:41:32.488+0000] {dagbag.py:588} INFO - Filling up the DagBag from /home/airflow/.local/lib/python3.12/site-packages/airflow/example_dags/example_params_ui_tutorial.py
[2025-04-13T22:41:32.680+0000] {processor.py:925} INFO - DAG(s) 'example_params_ui_tutorial' retrieved from /home/airflow/.local/lib/python3.12/site-packages/airflow/example_dags/example_params_ui_tutorial.py
[2025-04-13T22:41:34.130+0000] {logging_mixin.py:190} INFO - [2025-04-13T22:41:34.105+0000] {dag.py:3239} INFO - Sync 1 DAGs
[2025-04-13T22:41:34.396+0000] {logging_mixin.py:190} INFO - [2025-04-13T22:41:34.396+0000] {dag.py:4180} INFO - Setting next_dagrun for example_params_ui_tutorial to None, run_after=None
[2025-04-13T22:41:34.706+0000] {processor.py:208} INFO - Processing /home/airflow/.local/lib/python3.12/site-packages/airflow/example_dags/example_params_ui_tutorial.py took 2.424 seconds
[2025-04-13T22:42:10.670+0000] {processor.py:186} INFO - Started process (PID=1026) to work on /home/airflow/.local/lib/python3.12/site-packages/airflow/example_dags/example_params_ui_tutorial.py
[2025-04-13T22:42:10.676+0000] {processor.py:914} INFO - Processing file /home/airflow/.local/lib/python3.12/site-packages/airflow/example_dags/example_params_ui_tutorial.py for tasks to queue
[2025-04-13T22:42:10.716+0000] {logging_mixin.py:190} INFO - [2025-04-13T22:42:10.715+0000] {dagbag.py:588} INFO - Filling up the DagBag from /home/airflow/.local/lib/python3.12/site-packages/airflow/example_dags/example_params_ui_tutorial.py
[2025-04-13T22:42:10.783+0000] {processor.py:925} INFO - DAG(s) 'example_params_ui_tutorial' retrieved from /home/airflow/.local/lib/python3.12/site-packages/airflow/example_dags/example_params_ui_tutorial.py
[2025-04-13T22:42:11.052+0000] {logging_mixin.py:190} INFO - [2025-04-13T22:42:11.051+0000] {dag.py:3239} INFO - Sync 1 DAGs
[2025-04-13T22:42:11.260+0000] {logging_mixin.py:190} INFO - [2025-04-13T22:42:11.259+0000] {dag.py:4180} INFO - Setting next_dagrun for example_params_ui_tutorial to None, run_after=None
[2025-04-13T22:42:11.402+0000] {processor.py:208} INFO - Processing /home/airflow/.local/lib/python3.12/site-packages/airflow/example_dags/example_params_ui_tutorial.py took 0.757 seconds
[2025-04-13T22:42:48.376+0000] {processor.py:186} INFO - Started process (PID=1096) to work on /home/airflow/.local/lib/python3.12/site-packages/airflow/example_dags/example_params_ui_tutorial.py
[2025-04-13T22:42:48.379+0000] {processor.py:914} INFO - Processing file /home/airflow/.local/lib/python3.12/site-packages/airflow/example_dags/example_params_ui_tutorial.py for tasks to queue
[2025-04-13T22:42:48.396+0000] {logging_mixin.py:190} INFO - [2025-04-13T22:42:48.395+0000] {dagbag.py:588} INFO - Filling up the DagBag from /home/airflow/.local/lib/python3.12/site-packages/airflow/example_dags/example_params_ui_tutorial.py
[2025-04-13T22:42:48.429+0000] {processor.py:925} INFO - DAG(s) 'example_params_ui_tutorial' retrieved from /home/airflow/.local/lib/python3.12/site-packages/airflow/example_dags/example_params_ui_tutorial.py
[2025-04-13T22:42:48.857+0000] {logging_mixin.py:190} INFO - [2025-04-13T22:42:48.857+0000] {dag.py:3239} INFO - Sync 1 DAGs
[2025-04-13T22:42:48.912+0000] {logging_mixin.py:190} INFO - [2025-04-13T22:42:48.912+0000] {dag.py:4180} INFO - Setting next_dagrun for example_params_ui_tutorial to None, run_after=None
[2025-04-13T22:42:48.981+0000] {processor.py:208} INFO - Processing /home/airflow/.local/lib/python3.12/site-packages/airflow/example_dags/example_params_ui_tutorial.py took 0.624 seconds
[2025-04-13T22:43:23.726+0000] {processor.py:186} INFO - Started process (PID=1131) to work on /home/airflow/.local/lib/python3.12/site-packages/airflow/example_dags/example_params_ui_tutorial.py
[2025-04-13T22:43:23.728+0000] {processor.py:914} INFO - Processing file /home/airflow/.local/lib/python3.12/site-packages/airflow/example_dags/example_params_ui_tutorial.py for tasks to queue
[2025-04-13T22:43:23.744+0000] {logging_mixin.py:190} INFO - [2025-04-13T22:43:23.733+0000] {dagbag.py:588} INFO - Filling up the DagBag from /home/airflow/.local/lib/python3.12/site-packages/airflow/example_dags/example_params_ui_tutorial.py
[2025-04-13T22:43:23.837+0000] {processor.py:925} INFO - DAG(s) 'example_params_ui_tutorial' retrieved from /home/airflow/.local/lib/python3.12/site-packages/airflow/example_dags/example_params_ui_tutorial.py
[2025-04-13T22:43:24.618+0000] {logging_mixin.py:190} INFO - [2025-04-13T22:43:24.617+0000] {dag.py:3239} INFO - Sync 1 DAGs
[2025-04-13T22:43:24.924+0000] {logging_mixin.py:190} INFO - [2025-04-13T22:43:24.924+0000] {dag.py:4180} INFO - Setting next_dagrun for example_params_ui_tutorial to None, run_after=None
[2025-04-13T22:43:25.102+0000] {processor.py:208} INFO - Processing /home/airflow/.local/lib/python3.12/site-packages/airflow/example_dags/example_params_ui_tutorial.py took 1.400 seconds
[2025-04-13T22:44:23.858+0000] {processor.py:186} INFO - Started process (PID=1178) to work on /home/airflow/.local/lib/python3.12/site-packages/airflow/example_dags/example_params_ui_tutorial.py
[2025-04-13T22:44:23.873+0000] {processor.py:914} INFO - Processing file /home/airflow/.local/lib/python3.12/site-packages/airflow/example_dags/example_params_ui_tutorial.py for tasks to queue
[2025-04-13T22:44:24.024+0000] {logging_mixin.py:190} INFO - [2025-04-13T22:44:24.023+0000] {dagbag.py:588} INFO - Filling up the DagBag from /home/airflow/.local/lib/python3.12/site-packages/airflow/example_dags/example_params_ui_tutorial.py
[2025-04-13T22:44:24.368+0000] {processor.py:925} INFO - DAG(s) 'example_params_ui_tutorial' retrieved from /home/airflow/.local/lib/python3.12/site-packages/airflow/example_dags/example_params_ui_tutorial.py
[2025-04-13T22:44:25.273+0000] {logging_mixin.py:190} INFO - [2025-04-13T22:44:25.273+0000] {dag.py:3239} INFO - Sync 1 DAGs
[2025-04-13T22:44:25.390+0000] {logging_mixin.py:190} INFO - [2025-04-13T22:44:25.389+0000] {dag.py:4180} INFO - Setting next_dagrun for example_params_ui_tutorial to None, run_after=None
[2025-04-13T22:44:25.520+0000] {processor.py:208} INFO - Processing /home/airflow/.local/lib/python3.12/site-packages/airflow/example_dags/example_params_ui_tutorial.py took 1.851 seconds
[2025-04-13T22:45:10.332+0000] {processor.py:186} INFO - Started process (PID=1223) to work on /home/airflow/.local/lib/python3.12/site-packages/airflow/example_dags/example_params_ui_tutorial.py
[2025-04-13T22:45:10.344+0000] {processor.py:914} INFO - Processing file /home/airflow/.local/lib/python3.12/site-packages/airflow/example_dags/example_params_ui_tutorial.py for tasks to queue
[2025-04-13T22:45:10.363+0000] {logging_mixin.py:190} INFO - [2025-04-13T22:45:10.362+0000] {dagbag.py:588} INFO - Filling up the DagBag from /home/airflow/.local/lib/python3.12/site-packages/airflow/example_dags/example_params_ui_tutorial.py
[2025-04-13T22:45:10.464+0000] {processor.py:925} INFO - DAG(s) 'example_params_ui_tutorial' retrieved from /home/airflow/.local/lib/python3.12/site-packages/airflow/example_dags/example_params_ui_tutorial.py
[2025-04-13T22:45:10.845+0000] {logging_mixin.py:190} INFO - [2025-04-13T22:45:10.844+0000] {dag.py:3239} INFO - Sync 1 DAGs
[2025-04-13T22:45:11.166+0000] {logging_mixin.py:190} INFO - [2025-04-13T22:45:11.166+0000] {dag.py:4180} INFO - Setting next_dagrun for example_params_ui_tutorial to None, run_after=None
[2025-04-13T22:45:11.323+0000] {processor.py:208} INFO - Processing /home/airflow/.local/lib/python3.12/site-packages/airflow/example_dags/example_params_ui_tutorial.py took 1.343 seconds
