[2025-04-13T16:48:54.026+0000] {processor.py:186} INFO - Started process (PID=111) to work on /home/airflow/.local/lib/python3.12/site-packages/airflow/example_dags/example_time_delta_sensor_async.py
[2025-04-13T16:48:54.049+0000] {processor.py:914} INFO - Processing file /home/airflow/.local/lib/python3.12/site-packages/airflow/example_dags/example_time_delta_sensor_async.py for tasks to queue
[2025-04-13T16:48:54.057+0000] {logging_mixin.py:190} INFO - [2025-04-13T16:48:54.056+0000] {dagbag.py:588} INFO - Filling up the DagBag from /home/airflow/.local/lib/python3.12/site-packages/airflow/example_dags/example_time_delta_sensor_async.py
[2025-04-13T16:48:54.187+0000] {processor.py:925} INFO - DAG(s) 'example_time_delta_sensor_async' retrieved from /home/airflow/.local/lib/python3.12/site-packages/airflow/example_dags/example_time_delta_sensor_async.py
[2025-04-13T16:48:55.836+0000] {logging_mixin.py:190} INFO - [2025-04-13T16:48:55.831+0000] {override.py:1912} INFO - Created Permission View: can read on DAG:example_time_delta_sensor_async
[2025-04-13T16:48:55.955+0000] {logging_mixin.py:190} INFO - [2025-04-13T16:48:55.955+0000] {override.py:1912} INFO - Created Permission View: can edit on DAG:example_time_delta_sensor_async
[2025-04-13T16:48:56.076+0000] {logging_mixin.py:190} INFO - [2025-04-13T16:48:56.062+0000] {override.py:1912} INFO - Created Permission View: can delete on DAG:example_time_delta_sensor_async
[2025-04-13T16:48:56.220+0000] {logging_mixin.py:190} INFO - [2025-04-13T16:48:56.218+0000] {override.py:1912} INFO - Created Permission View: can read on DAG Run:example_time_delta_sensor_async
[2025-04-13T16:48:56.315+0000] {logging_mixin.py:190} INFO - [2025-04-13T16:48:56.314+0000] {override.py:1912} INFO - Created Permission View: menu access on DAG Run:example_time_delta_sensor_async
[2025-04-13T16:48:56.427+0000] {logging_mixin.py:190} INFO - [2025-04-13T16:48:56.427+0000] {override.py:1912} INFO - Created Permission View: can create on DAG Run:example_time_delta_sensor_async
[2025-04-13T16:48:56.457+0000] {logging_mixin.py:190} INFO - [2025-04-13T16:48:56.457+0000] {override.py:1912} INFO - Created Permission View: can delete on DAG Run:example_time_delta_sensor_async
[2025-04-13T16:48:56.464+0000] {logging_mixin.py:190} INFO - [2025-04-13T16:48:56.463+0000] {dag.py:3239} INFO - Sync 1 DAGs
[2025-04-13T16:48:56.776+0000] {logging_mixin.py:190} INFO - [2025-04-13T16:48:56.775+0000] {dag.py:3262} INFO - Creating ORM DAG for example_time_delta_sensor_async
[2025-04-13T16:48:56.782+0000] {logging_mixin.py:190} INFO - [2025-04-13T16:48:56.782+0000] {dag.py:4180} INFO - Setting next_dagrun for example_time_delta_sensor_async to None, run_after=None
[2025-04-13T16:48:56.994+0000] {processor.py:208} INFO - Processing /home/airflow/.local/lib/python3.12/site-packages/airflow/example_dags/example_time_delta_sensor_async.py took 3.133 seconds
[2025-04-13T16:50:43.997+0000] {processor.py:186} INFO - Started process (PID=187) to work on /home/airflow/.local/lib/python3.12/site-packages/airflow/example_dags/example_time_delta_sensor_async.py
[2025-04-13T16:50:44.075+0000] {processor.py:914} INFO - Processing file /home/airflow/.local/lib/python3.12/site-packages/airflow/example_dags/example_time_delta_sensor_async.py for tasks to queue
[2025-04-13T16:50:44.081+0000] {logging_mixin.py:190} INFO - [2025-04-13T16:50:44.080+0000] {dagbag.py:588} INFO - Filling up the DagBag from /home/airflow/.local/lib/python3.12/site-packages/airflow/example_dags/example_time_delta_sensor_async.py
[2025-04-13T16:50:44.130+0000] {processor.py:925} INFO - DAG(s) 'example_time_delta_sensor_async' retrieved from /home/airflow/.local/lib/python3.12/site-packages/airflow/example_dags/example_time_delta_sensor_async.py
[2025-04-13T16:50:44.389+0000] {logging_mixin.py:190} INFO - [2025-04-13T16:50:44.387+0000] {dag.py:3239} INFO - Sync 1 DAGs
[2025-04-13T16:50:44.518+0000] {logging_mixin.py:190} INFO - [2025-04-13T16:50:44.517+0000] {dag.py:4180} INFO - Setting next_dagrun for example_time_delta_sensor_async to None, run_after=None
[2025-04-13T16:50:44.666+0000] {processor.py:208} INFO - Processing /home/airflow/.local/lib/python3.12/site-packages/airflow/example_dags/example_time_delta_sensor_async.py took 0.735 seconds
[2025-04-13T16:51:23.566+0000] {processor.py:186} INFO - Started process (PID=257) to work on /home/airflow/.local/lib/python3.12/site-packages/airflow/example_dags/example_time_delta_sensor_async.py
[2025-04-13T16:51:23.568+0000] {processor.py:914} INFO - Processing file /home/airflow/.local/lib/python3.12/site-packages/airflow/example_dags/example_time_delta_sensor_async.py for tasks to queue
[2025-04-13T16:51:23.582+0000] {logging_mixin.py:190} INFO - [2025-04-13T16:51:23.581+0000] {dagbag.py:588} INFO - Filling up the DagBag from /home/airflow/.local/lib/python3.12/site-packages/airflow/example_dags/example_time_delta_sensor_async.py
[2025-04-13T16:51:23.623+0000] {processor.py:925} INFO - DAG(s) 'example_time_delta_sensor_async' retrieved from /home/airflow/.local/lib/python3.12/site-packages/airflow/example_dags/example_time_delta_sensor_async.py
[2025-04-13T16:51:24.380+0000] {logging_mixin.py:190} INFO - [2025-04-13T16:51:24.356+0000] {dag.py:3239} INFO - Sync 1 DAGs
[2025-04-13T16:51:24.532+0000] {logging_mixin.py:190} INFO - [2025-04-13T16:51:24.532+0000] {dag.py:4180} INFO - Setting next_dagrun for example_time_delta_sensor_async to None, run_after=None
[2025-04-13T16:51:24.887+0000] {processor.py:208} INFO - Processing /home/airflow/.local/lib/python3.12/site-packages/airflow/example_dags/example_time_delta_sensor_async.py took 1.336 seconds
[2025-04-13T16:51:55.021+0000] {processor.py:186} INFO - Started process (PID=320) to work on /home/airflow/.local/lib/python3.12/site-packages/airflow/example_dags/example_time_delta_sensor_async.py
[2025-04-13T16:51:55.024+0000] {processor.py:914} INFO - Processing file /home/airflow/.local/lib/python3.12/site-packages/airflow/example_dags/example_time_delta_sensor_async.py for tasks to queue
[2025-04-13T16:51:55.030+0000] {logging_mixin.py:190} INFO - [2025-04-13T16:51:55.029+0000] {dagbag.py:588} INFO - Filling up the DagBag from /home/airflow/.local/lib/python3.12/site-packages/airflow/example_dags/example_time_delta_sensor_async.py
[2025-04-13T16:51:55.049+0000] {processor.py:925} INFO - DAG(s) 'example_time_delta_sensor_async' retrieved from /home/airflow/.local/lib/python3.12/site-packages/airflow/example_dags/example_time_delta_sensor_async.py
[2025-04-13T16:51:55.110+0000] {logging_mixin.py:190} INFO - [2025-04-13T16:51:55.102+0000] {dag.py:3239} INFO - Sync 1 DAGs
[2025-04-13T16:51:55.150+0000] {logging_mixin.py:190} INFO - [2025-04-13T16:51:55.149+0000] {dag.py:4180} INFO - Setting next_dagrun for example_time_delta_sensor_async to None, run_after=None
[2025-04-13T16:51:55.192+0000] {processor.py:208} INFO - Processing /home/airflow/.local/lib/python3.12/site-packages/airflow/example_dags/example_time_delta_sensor_async.py took 0.184 seconds
[2025-04-13T16:52:27.175+0000] {processor.py:186} INFO - Started process (PID=384) to work on /home/airflow/.local/lib/python3.12/site-packages/airflow/example_dags/example_time_delta_sensor_async.py
[2025-04-13T16:52:27.177+0000] {processor.py:914} INFO - Processing file /home/airflow/.local/lib/python3.12/site-packages/airflow/example_dags/example_time_delta_sensor_async.py for tasks to queue
[2025-04-13T16:52:27.182+0000] {logging_mixin.py:190} INFO - [2025-04-13T16:52:27.181+0000] {dagbag.py:588} INFO - Filling up the DagBag from /home/airflow/.local/lib/python3.12/site-packages/airflow/example_dags/example_time_delta_sensor_async.py
[2025-04-13T16:52:27.212+0000] {processor.py:925} INFO - DAG(s) 'example_time_delta_sensor_async' retrieved from /home/airflow/.local/lib/python3.12/site-packages/airflow/example_dags/example_time_delta_sensor_async.py
[2025-04-13T16:52:27.295+0000] {logging_mixin.py:190} INFO - [2025-04-13T16:52:27.295+0000] {dag.py:3239} INFO - Sync 1 DAGs
[2025-04-13T16:52:27.382+0000] {logging_mixin.py:190} INFO - [2025-04-13T16:52:27.381+0000] {dag.py:4180} INFO - Setting next_dagrun for example_time_delta_sensor_async to None, run_after=None
[2025-04-13T16:52:27.534+0000] {processor.py:208} INFO - Processing /home/airflow/.local/lib/python3.12/site-packages/airflow/example_dags/example_time_delta_sensor_async.py took 0.372 seconds
[2025-04-13T16:53:11.718+0000] {processor.py:186} INFO - Started process (PID=448) to work on /home/airflow/.local/lib/python3.12/site-packages/airflow/example_dags/example_time_delta_sensor_async.py
[2025-04-13T16:53:11.750+0000] {processor.py:914} INFO - Processing file /home/airflow/.local/lib/python3.12/site-packages/airflow/example_dags/example_time_delta_sensor_async.py for tasks to queue
[2025-04-13T16:53:11.771+0000] {logging_mixin.py:190} INFO - [2025-04-13T16:53:11.771+0000] {dagbag.py:588} INFO - Filling up the DagBag from /home/airflow/.local/lib/python3.12/site-packages/airflow/example_dags/example_time_delta_sensor_async.py
[2025-04-13T16:53:11.876+0000] {processor.py:925} INFO - DAG(s) 'example_time_delta_sensor_async' retrieved from /home/airflow/.local/lib/python3.12/site-packages/airflow/example_dags/example_time_delta_sensor_async.py
[2025-04-13T16:53:12.128+0000] {logging_mixin.py:190} INFO - [2025-04-13T16:53:12.118+0000] {dag.py:3239} INFO - Sync 1 DAGs
[2025-04-13T16:53:12.274+0000] {logging_mixin.py:190} INFO - [2025-04-13T16:53:12.274+0000] {dag.py:4180} INFO - Setting next_dagrun for example_time_delta_sensor_async to None, run_after=None
[2025-04-13T16:53:12.591+0000] {processor.py:208} INFO - Processing /home/airflow/.local/lib/python3.12/site-packages/airflow/example_dags/example_time_delta_sensor_async.py took 0.972 seconds
[2025-04-13T16:53:52.795+0000] {processor.py:186} INFO - Started process (PID=515) to work on /home/airflow/.local/lib/python3.12/site-packages/airflow/example_dags/example_time_delta_sensor_async.py
[2025-04-13T16:53:52.809+0000] {processor.py:914} INFO - Processing file /home/airflow/.local/lib/python3.12/site-packages/airflow/example_dags/example_time_delta_sensor_async.py for tasks to queue
[2025-04-13T16:53:52.815+0000] {logging_mixin.py:190} INFO - [2025-04-13T16:53:52.814+0000] {dagbag.py:588} INFO - Filling up the DagBag from /home/airflow/.local/lib/python3.12/site-packages/airflow/example_dags/example_time_delta_sensor_async.py
[2025-04-13T16:53:52.837+0000] {processor.py:925} INFO - DAG(s) 'example_time_delta_sensor_async' retrieved from /home/airflow/.local/lib/python3.12/site-packages/airflow/example_dags/example_time_delta_sensor_async.py
[2025-04-13T16:53:52.915+0000] {logging_mixin.py:190} INFO - [2025-04-13T16:53:52.914+0000] {dag.py:3239} INFO - Sync 1 DAGs
[2025-04-13T16:53:52.969+0000] {logging_mixin.py:190} INFO - [2025-04-13T16:53:52.969+0000] {dag.py:4180} INFO - Setting next_dagrun for example_time_delta_sensor_async to None, run_after=None
[2025-04-13T16:53:53.037+0000] {processor.py:208} INFO - Processing /home/airflow/.local/lib/python3.12/site-packages/airflow/example_dags/example_time_delta_sensor_async.py took 0.256 seconds
[2025-04-13T16:54:34.562+0000] {processor.py:186} INFO - Started process (PID=565) to work on /home/airflow/.local/lib/python3.12/site-packages/airflow/example_dags/example_time_delta_sensor_async.py
[2025-04-13T16:54:34.564+0000] {processor.py:914} INFO - Processing file /home/airflow/.local/lib/python3.12/site-packages/airflow/example_dags/example_time_delta_sensor_async.py for tasks to queue
[2025-04-13T16:54:34.572+0000] {logging_mixin.py:190} INFO - [2025-04-13T16:54:34.571+0000] {dagbag.py:588} INFO - Filling up the DagBag from /home/airflow/.local/lib/python3.12/site-packages/airflow/example_dags/example_time_delta_sensor_async.py
[2025-04-13T16:54:34.609+0000] {processor.py:925} INFO - DAG(s) 'example_time_delta_sensor_async' retrieved from /home/airflow/.local/lib/python3.12/site-packages/airflow/example_dags/example_time_delta_sensor_async.py
[2025-04-13T16:54:34.715+0000] {logging_mixin.py:190} INFO - [2025-04-13T16:54:34.715+0000] {dag.py:3239} INFO - Sync 1 DAGs
[2025-04-13T16:54:34.803+0000] {logging_mixin.py:190} INFO - [2025-04-13T16:54:34.802+0000] {dag.py:4180} INFO - Setting next_dagrun for example_time_delta_sensor_async to None, run_after=None
[2025-04-13T16:54:34.917+0000] {processor.py:208} INFO - Processing /home/airflow/.local/lib/python3.12/site-packages/airflow/example_dags/example_time_delta_sensor_async.py took 0.374 seconds
[2025-04-13T16:55:21.738+0000] {processor.py:186} INFO - Started process (PID=625) to work on /home/airflow/.local/lib/python3.12/site-packages/airflow/example_dags/example_time_delta_sensor_async.py
[2025-04-13T16:55:21.762+0000] {processor.py:914} INFO - Processing file /home/airflow/.local/lib/python3.12/site-packages/airflow/example_dags/example_time_delta_sensor_async.py for tasks to queue
[2025-04-13T16:55:21.863+0000] {logging_mixin.py:190} INFO - [2025-04-13T16:55:21.860+0000] {dagbag.py:588} INFO - Filling up the DagBag from /home/airflow/.local/lib/python3.12/site-packages/airflow/example_dags/example_time_delta_sensor_async.py
[2025-04-13T16:55:21.974+0000] {processor.py:925} INFO - DAG(s) 'example_time_delta_sensor_async' retrieved from /home/airflow/.local/lib/python3.12/site-packages/airflow/example_dags/example_time_delta_sensor_async.py
[2025-04-13T16:55:22.676+0000] {logging_mixin.py:190} INFO - [2025-04-13T16:55:22.674+0000] {dag.py:3239} INFO - Sync 1 DAGs
[2025-04-13T16:55:23.005+0000] {logging_mixin.py:190} INFO - [2025-04-13T16:55:22.999+0000] {dag.py:4180} INFO - Setting next_dagrun for example_time_delta_sensor_async to None, run_after=None
[2025-04-13T16:55:23.222+0000] {processor.py:208} INFO - Processing /home/airflow/.local/lib/python3.12/site-packages/airflow/example_dags/example_time_delta_sensor_async.py took 1.800 seconds
[2025-04-13T17:03:25.962+0000] {processor.py:186} INFO - Started process (PID=120) to work on /home/airflow/.local/lib/python3.12/site-packages/airflow/example_dags/example_time_delta_sensor_async.py
[2025-04-13T17:03:26.023+0000] {processor.py:914} INFO - Processing file /home/airflow/.local/lib/python3.12/site-packages/airflow/example_dags/example_time_delta_sensor_async.py for tasks to queue
[2025-04-13T17:03:26.049+0000] {logging_mixin.py:190} INFO - [2025-04-13T17:03:26.047+0000] {dagbag.py:588} INFO - Filling up the DagBag from /home/airflow/.local/lib/python3.12/site-packages/airflow/example_dags/example_time_delta_sensor_async.py
[2025-04-13T17:03:26.204+0000] {processor.py:925} INFO - DAG(s) 'example_time_delta_sensor_async' retrieved from /home/airflow/.local/lib/python3.12/site-packages/airflow/example_dags/example_time_delta_sensor_async.py
[2025-04-13T17:03:27.314+0000] {logging_mixin.py:190} INFO - [2025-04-13T17:03:27.314+0000] {dag.py:3239} INFO - Sync 1 DAGs
[2025-04-13T17:03:27.444+0000] {logging_mixin.py:190} INFO - [2025-04-13T17:03:27.443+0000] {dag.py:4180} INFO - Setting next_dagrun for example_time_delta_sensor_async to None, run_after=None
[2025-04-13T17:03:28.547+0000] {processor.py:208} INFO - Processing /home/airflow/.local/lib/python3.12/site-packages/airflow/example_dags/example_time_delta_sensor_async.py took 2.595 seconds
[2025-04-13T17:05:41.910+0000] {processor.py:186} INFO - Started process (PID=201) to work on /home/airflow/.local/lib/python3.12/site-packages/airflow/example_dags/example_time_delta_sensor_async.py
[2025-04-13T17:05:41.959+0000] {processor.py:914} INFO - Processing file /home/airflow/.local/lib/python3.12/site-packages/airflow/example_dags/example_time_delta_sensor_async.py for tasks to queue
[2025-04-13T17:05:42.010+0000] {logging_mixin.py:190} INFO - [2025-04-13T17:05:42.009+0000] {dagbag.py:588} INFO - Filling up the DagBag from /home/airflow/.local/lib/python3.12/site-packages/airflow/example_dags/example_time_delta_sensor_async.py
[2025-04-13T17:05:42.131+0000] {processor.py:925} INFO - DAG(s) 'example_time_delta_sensor_async' retrieved from /home/airflow/.local/lib/python3.12/site-packages/airflow/example_dags/example_time_delta_sensor_async.py
[2025-04-13T17:05:42.312+0000] {logging_mixin.py:190} INFO - [2025-04-13T17:05:42.311+0000] {dag.py:3239} INFO - Sync 1 DAGs
[2025-04-13T17:05:42.595+0000] {logging_mixin.py:190} INFO - [2025-04-13T17:05:42.595+0000] {dag.py:4180} INFO - Setting next_dagrun for example_time_delta_sensor_async to None, run_after=None
[2025-04-13T17:05:43.388+0000] {processor.py:208} INFO - Processing /home/airflow/.local/lib/python3.12/site-packages/airflow/example_dags/example_time_delta_sensor_async.py took 1.593 seconds
[2025-04-13T17:23:56.420+0000] {processor.py:186} INFO - Started process (PID=169) to work on /home/airflow/.local/lib/python3.12/site-packages/airflow/example_dags/example_time_delta_sensor_async.py
[2025-04-13T17:23:56.572+0000] {processor.py:914} INFO - Processing file /home/airflow/.local/lib/python3.12/site-packages/airflow/example_dags/example_time_delta_sensor_async.py for tasks to queue
[2025-04-13T17:23:56.786+0000] {logging_mixin.py:190} INFO - [2025-04-13T17:23:56.722+0000] {dagbag.py:588} INFO - Filling up the DagBag from /home/airflow/.local/lib/python3.12/site-packages/airflow/example_dags/example_time_delta_sensor_async.py
[2025-04-13T17:23:57.117+0000] {processor.py:925} INFO - DAG(s) 'example_time_delta_sensor_async' retrieved from /home/airflow/.local/lib/python3.12/site-packages/airflow/example_dags/example_time_delta_sensor_async.py
[2025-04-13T17:23:58.317+0000] {logging_mixin.py:190} INFO - [2025-04-13T17:23:58.316+0000] {dag.py:3239} INFO - Sync 1 DAGs
[2025-04-13T17:24:00.206+0000] {logging_mixin.py:190} INFO - [2025-04-13T17:24:00.206+0000] {dag.py:4180} INFO - Setting next_dagrun for example_time_delta_sensor_async to None, run_after=None
[2025-04-13T17:24:03.219+0000] {processor.py:208} INFO - Processing /home/airflow/.local/lib/python3.12/site-packages/airflow/example_dags/example_time_delta_sensor_async.py took 6.978 seconds
[2025-04-13T18:10:29.814+0000] {processor.py:186} INFO - Started process (PID=265) to work on /home/airflow/.local/lib/python3.12/site-packages/airflow/example_dags/example_time_delta_sensor_async.py
[2025-04-13T18:10:30.001+0000] {processor.py:914} INFO - Processing file /home/airflow/.local/lib/python3.12/site-packages/airflow/example_dags/example_time_delta_sensor_async.py for tasks to queue
[2025-04-13T18:10:30.043+0000] {logging_mixin.py:190} INFO - [2025-04-13T18:10:30.038+0000] {dagbag.py:588} INFO - Filling up the DagBag from /home/airflow/.local/lib/python3.12/site-packages/airflow/example_dags/example_time_delta_sensor_async.py
[2025-04-13T18:10:30.591+0000] {processor.py:925} INFO - DAG(s) 'example_time_delta_sensor_async' retrieved from /home/airflow/.local/lib/python3.12/site-packages/airflow/example_dags/example_time_delta_sensor_async.py
[2025-04-13T18:10:31.889+0000] {logging_mixin.py:190} INFO - [2025-04-13T18:10:31.889+0000] {dag.py:3239} INFO - Sync 1 DAGs
[2025-04-13T18:10:33.750+0000] {logging_mixin.py:190} INFO - [2025-04-13T18:10:33.749+0000] {dag.py:4180} INFO - Setting next_dagrun for example_time_delta_sensor_async to None, run_after=None
[2025-04-13T18:10:37.397+0000] {processor.py:208} INFO - Processing /home/airflow/.local/lib/python3.12/site-packages/airflow/example_dags/example_time_delta_sensor_async.py took 7.674 seconds
[2025-04-13T18:19:09.895+0000] {processor.py:186} INFO - Started process (PID=404) to work on /home/airflow/.local/lib/python3.12/site-packages/airflow/example_dags/example_time_delta_sensor_async.py
[2025-04-13T18:19:09.932+0000] {processor.py:914} INFO - Processing file /home/airflow/.local/lib/python3.12/site-packages/airflow/example_dags/example_time_delta_sensor_async.py for tasks to queue
[2025-04-13T18:19:10.073+0000] {logging_mixin.py:190} INFO - [2025-04-13T18:19:10.072+0000] {dagbag.py:588} INFO - Filling up the DagBag from /home/airflow/.local/lib/python3.12/site-packages/airflow/example_dags/example_time_delta_sensor_async.py
[2025-04-13T18:19:10.367+0000] {processor.py:925} INFO - DAG(s) 'example_time_delta_sensor_async' retrieved from /home/airflow/.local/lib/python3.12/site-packages/airflow/example_dags/example_time_delta_sensor_async.py
[2025-04-13T18:19:11.376+0000] {logging_mixin.py:190} INFO - [2025-04-13T18:19:11.375+0000] {dag.py:3239} INFO - Sync 1 DAGs
[2025-04-13T18:19:13.180+0000] {logging_mixin.py:190} INFO - [2025-04-13T18:19:13.180+0000] {dag.py:4180} INFO - Setting next_dagrun for example_time_delta_sensor_async to None, run_after=None
[2025-04-13T18:19:14.258+0000] {processor.py:208} INFO - Processing /home/airflow/.local/lib/python3.12/site-packages/airflow/example_dags/example_time_delta_sensor_async.py took 4.819 seconds
[2025-04-13T20:51:51.546+0000] {processor.py:186} INFO - Started process (PID=100) to work on /home/airflow/.local/lib/python3.12/site-packages/airflow/example_dags/example_time_delta_sensor_async.py
[2025-04-13T20:51:51.551+0000] {processor.py:914} INFO - Processing file /home/airflow/.local/lib/python3.12/site-packages/airflow/example_dags/example_time_delta_sensor_async.py for tasks to queue
[2025-04-13T20:51:51.569+0000] {logging_mixin.py:190} INFO - [2025-04-13T20:51:51.560+0000] {dagbag.py:588} INFO - Filling up the DagBag from /home/airflow/.local/lib/python3.12/site-packages/airflow/example_dags/example_time_delta_sensor_async.py
[2025-04-13T20:51:51.625+0000] {processor.py:925} INFO - DAG(s) 'example_time_delta_sensor_async' retrieved from /home/airflow/.local/lib/python3.12/site-packages/airflow/example_dags/example_time_delta_sensor_async.py
[2025-04-13T20:51:52.425+0000] {logging_mixin.py:190} INFO - [2025-04-13T20:51:52.422+0000] {dag.py:3239} INFO - Sync 1 DAGs
[2025-04-13T20:51:52.565+0000] {logging_mixin.py:190} INFO - [2025-04-13T20:51:52.564+0000] {dag.py:4180} INFO - Setting next_dagrun for example_time_delta_sensor_async to None, run_after=None
[2025-04-13T20:51:52.705+0000] {processor.py:208} INFO - Processing /home/airflow/.local/lib/python3.12/site-packages/airflow/example_dags/example_time_delta_sensor_async.py took 1.187 seconds
[2025-04-13T20:52:22.831+0000] {processor.py:186} INFO - Started process (PID=164) to work on /home/airflow/.local/lib/python3.12/site-packages/airflow/example_dags/example_time_delta_sensor_async.py
[2025-04-13T20:52:22.832+0000] {processor.py:914} INFO - Processing file /home/airflow/.local/lib/python3.12/site-packages/airflow/example_dags/example_time_delta_sensor_async.py for tasks to queue
[2025-04-13T20:52:22.836+0000] {logging_mixin.py:190} INFO - [2025-04-13T20:52:22.835+0000] {dagbag.py:588} INFO - Filling up the DagBag from /home/airflow/.local/lib/python3.12/site-packages/airflow/example_dags/example_time_delta_sensor_async.py
[2025-04-13T20:52:22.845+0000] {processor.py:925} INFO - DAG(s) 'example_time_delta_sensor_async' retrieved from /home/airflow/.local/lib/python3.12/site-packages/airflow/example_dags/example_time_delta_sensor_async.py
[2025-04-13T20:52:22.873+0000] {logging_mixin.py:190} INFO - [2025-04-13T20:52:22.873+0000] {dag.py:3239} INFO - Sync 1 DAGs
[2025-04-13T20:52:22.894+0000] {logging_mixin.py:190} INFO - [2025-04-13T20:52:22.894+0000] {dag.py:4180} INFO - Setting next_dagrun for example_time_delta_sensor_async to None, run_after=None
[2025-04-13T20:52:22.924+0000] {processor.py:208} INFO - Processing /home/airflow/.local/lib/python3.12/site-packages/airflow/example_dags/example_time_delta_sensor_async.py took 0.101 seconds
[2025-04-13T20:53:05.891+0000] {processor.py:186} INFO - Started process (PID=227) to work on /home/airflow/.local/lib/python3.12/site-packages/airflow/example_dags/example_time_delta_sensor_async.py
[2025-04-13T20:53:05.893+0000] {processor.py:914} INFO - Processing file /home/airflow/.local/lib/python3.12/site-packages/airflow/example_dags/example_time_delta_sensor_async.py for tasks to queue
[2025-04-13T20:53:05.897+0000] {logging_mixin.py:190} INFO - [2025-04-13T20:53:05.897+0000] {dagbag.py:588} INFO - Filling up the DagBag from /home/airflow/.local/lib/python3.12/site-packages/airflow/example_dags/example_time_delta_sensor_async.py
[2025-04-13T20:53:05.927+0000] {processor.py:925} INFO - DAG(s) 'example_time_delta_sensor_async' retrieved from /home/airflow/.local/lib/python3.12/site-packages/airflow/example_dags/example_time_delta_sensor_async.py
[2025-04-13T20:53:06.037+0000] {logging_mixin.py:190} INFO - [2025-04-13T20:53:06.036+0000] {dag.py:3239} INFO - Sync 1 DAGs
[2025-04-13T20:53:06.085+0000] {logging_mixin.py:190} INFO - [2025-04-13T20:53:06.085+0000] {dag.py:4180} INFO - Setting next_dagrun for example_time_delta_sensor_async to None, run_after=None
[2025-04-13T20:53:06.423+0000] {processor.py:208} INFO - Processing /home/airflow/.local/lib/python3.12/site-packages/airflow/example_dags/example_time_delta_sensor_async.py took 0.543 seconds
[2025-04-13T20:53:37.957+0000] {processor.py:186} INFO - Started process (PID=291) to work on /home/airflow/.local/lib/python3.12/site-packages/airflow/example_dags/example_time_delta_sensor_async.py
[2025-04-13T20:53:37.959+0000] {processor.py:914} INFO - Processing file /home/airflow/.local/lib/python3.12/site-packages/airflow/example_dags/example_time_delta_sensor_async.py for tasks to queue
[2025-04-13T20:53:37.964+0000] {logging_mixin.py:190} INFO - [2025-04-13T20:53:37.964+0000] {dagbag.py:588} INFO - Filling up the DagBag from /home/airflow/.local/lib/python3.12/site-packages/airflow/example_dags/example_time_delta_sensor_async.py
[2025-04-13T20:53:37.983+0000] {processor.py:925} INFO - DAG(s) 'example_time_delta_sensor_async' retrieved from /home/airflow/.local/lib/python3.12/site-packages/airflow/example_dags/example_time_delta_sensor_async.py
[2025-04-13T20:53:38.118+0000] {logging_mixin.py:190} INFO - [2025-04-13T20:53:38.114+0000] {dag.py:3239} INFO - Sync 1 DAGs
[2025-04-13T20:53:38.180+0000] {logging_mixin.py:190} INFO - [2025-04-13T20:53:38.179+0000] {dag.py:4180} INFO - Setting next_dagrun for example_time_delta_sensor_async to None, run_after=None
[2025-04-13T20:53:38.238+0000] {processor.py:208} INFO - Processing /home/airflow/.local/lib/python3.12/site-packages/airflow/example_dags/example_time_delta_sensor_async.py took 0.307 seconds
[2025-04-13T20:54:08.711+0000] {processor.py:186} INFO - Started process (PID=355) to work on /home/airflow/.local/lib/python3.12/site-packages/airflow/example_dags/example_time_delta_sensor_async.py
[2025-04-13T20:54:08.718+0000] {processor.py:914} INFO - Processing file /home/airflow/.local/lib/python3.12/site-packages/airflow/example_dags/example_time_delta_sensor_async.py for tasks to queue
[2025-04-13T20:54:08.725+0000] {logging_mixin.py:190} INFO - [2025-04-13T20:54:08.725+0000] {dagbag.py:588} INFO - Filling up the DagBag from /home/airflow/.local/lib/python3.12/site-packages/airflow/example_dags/example_time_delta_sensor_async.py
[2025-04-13T20:54:08.744+0000] {processor.py:925} INFO - DAG(s) 'example_time_delta_sensor_async' retrieved from /home/airflow/.local/lib/python3.12/site-packages/airflow/example_dags/example_time_delta_sensor_async.py
[2025-04-13T20:54:08.799+0000] {logging_mixin.py:190} INFO - [2025-04-13T20:54:08.798+0000] {dag.py:3239} INFO - Sync 1 DAGs
[2025-04-13T20:54:08.843+0000] {logging_mixin.py:190} INFO - [2025-04-13T20:54:08.843+0000] {dag.py:4180} INFO - Setting next_dagrun for example_time_delta_sensor_async to None, run_after=None
[2025-04-13T20:54:08.899+0000] {processor.py:208} INFO - Processing /home/airflow/.local/lib/python3.12/site-packages/airflow/example_dags/example_time_delta_sensor_async.py took 0.212 seconds
[2025-04-13T20:54:41.995+0000] {processor.py:186} INFO - Started process (PID=419) to work on /home/airflow/.local/lib/python3.12/site-packages/airflow/example_dags/example_time_delta_sensor_async.py
[2025-04-13T20:54:41.997+0000] {processor.py:914} INFO - Processing file /home/airflow/.local/lib/python3.12/site-packages/airflow/example_dags/example_time_delta_sensor_async.py for tasks to queue
[2025-04-13T20:54:42.001+0000] {logging_mixin.py:190} INFO - [2025-04-13T20:54:42.000+0000] {dagbag.py:588} INFO - Filling up the DagBag from /home/airflow/.local/lib/python3.12/site-packages/airflow/example_dags/example_time_delta_sensor_async.py
[2025-04-13T20:54:42.032+0000] {processor.py:925} INFO - DAG(s) 'example_time_delta_sensor_async' retrieved from /home/airflow/.local/lib/python3.12/site-packages/airflow/example_dags/example_time_delta_sensor_async.py
[2025-04-13T20:54:42.082+0000] {logging_mixin.py:190} INFO - [2025-04-13T20:54:42.082+0000] {dag.py:3239} INFO - Sync 1 DAGs
[2025-04-13T20:54:42.119+0000] {logging_mixin.py:190} INFO - [2025-04-13T20:54:42.118+0000] {dag.py:4180} INFO - Setting next_dagrun for example_time_delta_sensor_async to None, run_after=None
[2025-04-13T20:54:42.173+0000] {processor.py:208} INFO - Processing /home/airflow/.local/lib/python3.12/site-packages/airflow/example_dags/example_time_delta_sensor_async.py took 0.189 seconds
[2025-04-13T20:55:14.830+0000] {processor.py:186} INFO - Started process (PID=482) to work on /home/airflow/.local/lib/python3.12/site-packages/airflow/example_dags/example_time_delta_sensor_async.py
[2025-04-13T20:55:14.840+0000] {processor.py:914} INFO - Processing file /home/airflow/.local/lib/python3.12/site-packages/airflow/example_dags/example_time_delta_sensor_async.py for tasks to queue
[2025-04-13T20:55:14.844+0000] {logging_mixin.py:190} INFO - [2025-04-13T20:55:14.844+0000] {dagbag.py:588} INFO - Filling up the DagBag from /home/airflow/.local/lib/python3.12/site-packages/airflow/example_dags/example_time_delta_sensor_async.py
[2025-04-13T20:55:14.871+0000] {processor.py:925} INFO - DAG(s) 'example_time_delta_sensor_async' retrieved from /home/airflow/.local/lib/python3.12/site-packages/airflow/example_dags/example_time_delta_sensor_async.py
[2025-04-13T20:55:14.928+0000] {logging_mixin.py:190} INFO - [2025-04-13T20:55:14.927+0000] {dag.py:3239} INFO - Sync 1 DAGs
[2025-04-13T20:55:14.976+0000] {logging_mixin.py:190} INFO - [2025-04-13T20:55:14.975+0000] {dag.py:4180} INFO - Setting next_dagrun for example_time_delta_sensor_async to None, run_after=None
[2025-04-13T20:55:15.027+0000] {processor.py:208} INFO - Processing /home/airflow/.local/lib/python3.12/site-packages/airflow/example_dags/example_time_delta_sensor_async.py took 0.248 seconds
[2025-04-13T20:55:46.533+0000] {processor.py:186} INFO - Started process (PID=546) to work on /home/airflow/.local/lib/python3.12/site-packages/airflow/example_dags/example_time_delta_sensor_async.py
[2025-04-13T20:55:46.536+0000] {processor.py:914} INFO - Processing file /home/airflow/.local/lib/python3.12/site-packages/airflow/example_dags/example_time_delta_sensor_async.py for tasks to queue
[2025-04-13T20:55:46.560+0000] {logging_mixin.py:190} INFO - [2025-04-13T20:55:46.560+0000] {dagbag.py:588} INFO - Filling up the DagBag from /home/airflow/.local/lib/python3.12/site-packages/airflow/example_dags/example_time_delta_sensor_async.py
[2025-04-13T20:55:46.591+0000] {processor.py:925} INFO - DAG(s) 'example_time_delta_sensor_async' retrieved from /home/airflow/.local/lib/python3.12/site-packages/airflow/example_dags/example_time_delta_sensor_async.py
[2025-04-13T20:55:46.892+0000] {logging_mixin.py:190} INFO - [2025-04-13T20:55:46.892+0000] {dag.py:3239} INFO - Sync 1 DAGs
[2025-04-13T20:55:46.995+0000] {logging_mixin.py:190} INFO - [2025-04-13T20:55:46.995+0000] {dag.py:4180} INFO - Setting next_dagrun for example_time_delta_sensor_async to None, run_after=None
[2025-04-13T20:55:47.104+0000] {processor.py:208} INFO - Processing /home/airflow/.local/lib/python3.12/site-packages/airflow/example_dags/example_time_delta_sensor_async.py took 0.608 seconds
[2025-04-13T20:56:17.297+0000] {processor.py:186} INFO - Started process (PID=609) to work on /home/airflow/.local/lib/python3.12/site-packages/airflow/example_dags/example_time_delta_sensor_async.py
[2025-04-13T20:56:17.301+0000] {processor.py:914} INFO - Processing file /home/airflow/.local/lib/python3.12/site-packages/airflow/example_dags/example_time_delta_sensor_async.py for tasks to queue
[2025-04-13T20:56:17.316+0000] {logging_mixin.py:190} INFO - [2025-04-13T20:56:17.315+0000] {dagbag.py:588} INFO - Filling up the DagBag from /home/airflow/.local/lib/python3.12/site-packages/airflow/example_dags/example_time_delta_sensor_async.py
[2025-04-13T20:56:17.336+0000] {processor.py:925} INFO - DAG(s) 'example_time_delta_sensor_async' retrieved from /home/airflow/.local/lib/python3.12/site-packages/airflow/example_dags/example_time_delta_sensor_async.py
[2025-04-13T20:56:17.375+0000] {logging_mixin.py:190} INFO - [2025-04-13T20:56:17.374+0000] {dag.py:3239} INFO - Sync 1 DAGs
[2025-04-13T20:56:17.441+0000] {logging_mixin.py:190} INFO - [2025-04-13T20:56:17.440+0000] {dag.py:4180} INFO - Setting next_dagrun for example_time_delta_sensor_async to None, run_after=None
[2025-04-13T20:56:17.512+0000] {processor.py:208} INFO - Processing /home/airflow/.local/lib/python3.12/site-packages/airflow/example_dags/example_time_delta_sensor_async.py took 0.228 seconds
[2025-04-13T20:56:47.943+0000] {processor.py:186} INFO - Started process (PID=672) to work on /home/airflow/.local/lib/python3.12/site-packages/airflow/example_dags/example_time_delta_sensor_async.py
[2025-04-13T20:56:47.945+0000] {processor.py:914} INFO - Processing file /home/airflow/.local/lib/python3.12/site-packages/airflow/example_dags/example_time_delta_sensor_async.py for tasks to queue
[2025-04-13T20:56:47.965+0000] {logging_mixin.py:190} INFO - [2025-04-13T20:56:47.964+0000] {dagbag.py:588} INFO - Filling up the DagBag from /home/airflow/.local/lib/python3.12/site-packages/airflow/example_dags/example_time_delta_sensor_async.py
[2025-04-13T20:56:47.979+0000] {processor.py:925} INFO - DAG(s) 'example_time_delta_sensor_async' retrieved from /home/airflow/.local/lib/python3.12/site-packages/airflow/example_dags/example_time_delta_sensor_async.py
[2025-04-13T20:56:48.056+0000] {logging_mixin.py:190} INFO - [2025-04-13T20:56:48.056+0000] {dag.py:3239} INFO - Sync 1 DAGs
[2025-04-13T20:56:48.113+0000] {logging_mixin.py:190} INFO - [2025-04-13T20:56:48.112+0000] {dag.py:4180} INFO - Setting next_dagrun for example_time_delta_sensor_async to None, run_after=None
[2025-04-13T20:56:48.190+0000] {processor.py:208} INFO - Processing /home/airflow/.local/lib/python3.12/site-packages/airflow/example_dags/example_time_delta_sensor_async.py took 0.259 seconds
[2025-04-13T20:57:18.441+0000] {processor.py:186} INFO - Started process (PID=736) to work on /home/airflow/.local/lib/python3.12/site-packages/airflow/example_dags/example_time_delta_sensor_async.py
[2025-04-13T20:57:18.461+0000] {processor.py:914} INFO - Processing file /home/airflow/.local/lib/python3.12/site-packages/airflow/example_dags/example_time_delta_sensor_async.py for tasks to queue
[2025-04-13T20:57:18.471+0000] {logging_mixin.py:190} INFO - [2025-04-13T20:57:18.470+0000] {dagbag.py:588} INFO - Filling up the DagBag from /home/airflow/.local/lib/python3.12/site-packages/airflow/example_dags/example_time_delta_sensor_async.py
[2025-04-13T20:57:18.484+0000] {processor.py:925} INFO - DAG(s) 'example_time_delta_sensor_async' retrieved from /home/airflow/.local/lib/python3.12/site-packages/airflow/example_dags/example_time_delta_sensor_async.py
[2025-04-13T20:57:18.643+0000] {logging_mixin.py:190} INFO - [2025-04-13T20:57:18.643+0000] {dag.py:3239} INFO - Sync 1 DAGs
[2025-04-13T20:57:18.695+0000] {logging_mixin.py:190} INFO - [2025-04-13T20:57:18.695+0000] {dag.py:4180} INFO - Setting next_dagrun for example_time_delta_sensor_async to None, run_after=None
[2025-04-13T20:57:18.750+0000] {processor.py:208} INFO - Processing /home/airflow/.local/lib/python3.12/site-packages/airflow/example_dags/example_time_delta_sensor_async.py took 0.322 seconds
[2025-04-13T20:57:48.966+0000] {processor.py:186} INFO - Started process (PID=801) to work on /home/airflow/.local/lib/python3.12/site-packages/airflow/example_dags/example_time_delta_sensor_async.py
[2025-04-13T20:57:48.971+0000] {processor.py:914} INFO - Processing file /home/airflow/.local/lib/python3.12/site-packages/airflow/example_dags/example_time_delta_sensor_async.py for tasks to queue
[2025-04-13T20:57:48.978+0000] {logging_mixin.py:190} INFO - [2025-04-13T20:57:48.978+0000] {dagbag.py:588} INFO - Filling up the DagBag from /home/airflow/.local/lib/python3.12/site-packages/airflow/example_dags/example_time_delta_sensor_async.py
[2025-04-13T20:57:49.008+0000] {processor.py:925} INFO - DAG(s) 'example_time_delta_sensor_async' retrieved from /home/airflow/.local/lib/python3.12/site-packages/airflow/example_dags/example_time_delta_sensor_async.py
[2025-04-13T20:57:49.255+0000] {logging_mixin.py:190} INFO - [2025-04-13T20:57:49.253+0000] {dag.py:3239} INFO - Sync 1 DAGs
[2025-04-13T20:57:49.304+0000] {logging_mixin.py:190} INFO - [2025-04-13T20:57:49.304+0000] {dag.py:4180} INFO - Setting next_dagrun for example_time_delta_sensor_async to None, run_after=None
[2025-04-13T20:57:49.388+0000] {processor.py:208} INFO - Processing /home/airflow/.local/lib/python3.12/site-packages/airflow/example_dags/example_time_delta_sensor_async.py took 0.443 seconds
[2025-04-13T20:58:20.095+0000] {processor.py:186} INFO - Started process (PID=864) to work on /home/airflow/.local/lib/python3.12/site-packages/airflow/example_dags/example_time_delta_sensor_async.py
[2025-04-13T20:58:20.097+0000] {processor.py:914} INFO - Processing file /home/airflow/.local/lib/python3.12/site-packages/airflow/example_dags/example_time_delta_sensor_async.py for tasks to queue
[2025-04-13T20:58:20.102+0000] {logging_mixin.py:190} INFO - [2025-04-13T20:58:20.102+0000] {dagbag.py:588} INFO - Filling up the DagBag from /home/airflow/.local/lib/python3.12/site-packages/airflow/example_dags/example_time_delta_sensor_async.py
[2025-04-13T20:58:20.138+0000] {processor.py:925} INFO - DAG(s) 'example_time_delta_sensor_async' retrieved from /home/airflow/.local/lib/python3.12/site-packages/airflow/example_dags/example_time_delta_sensor_async.py
[2025-04-13T20:58:20.227+0000] {logging_mixin.py:190} INFO - [2025-04-13T20:58:20.227+0000] {dag.py:3239} INFO - Sync 1 DAGs
[2025-04-13T20:58:20.266+0000] {logging_mixin.py:190} INFO - [2025-04-13T20:58:20.266+0000] {dag.py:4180} INFO - Setting next_dagrun for example_time_delta_sensor_async to None, run_after=None
[2025-04-13T20:58:20.344+0000] {processor.py:208} INFO - Processing /home/airflow/.local/lib/python3.12/site-packages/airflow/example_dags/example_time_delta_sensor_async.py took 0.258 seconds
[2025-04-13T20:58:50.650+0000] {processor.py:186} INFO - Started process (PID=927) to work on /home/airflow/.local/lib/python3.12/site-packages/airflow/example_dags/example_time_delta_sensor_async.py
[2025-04-13T20:58:50.662+0000] {processor.py:914} INFO - Processing file /home/airflow/.local/lib/python3.12/site-packages/airflow/example_dags/example_time_delta_sensor_async.py for tasks to queue
[2025-04-13T20:58:50.680+0000] {logging_mixin.py:190} INFO - [2025-04-13T20:58:50.679+0000] {dagbag.py:588} INFO - Filling up the DagBag from /home/airflow/.local/lib/python3.12/site-packages/airflow/example_dags/example_time_delta_sensor_async.py
[2025-04-13T20:58:50.694+0000] {processor.py:925} INFO - DAG(s) 'example_time_delta_sensor_async' retrieved from /home/airflow/.local/lib/python3.12/site-packages/airflow/example_dags/example_time_delta_sensor_async.py
[2025-04-13T20:58:50.767+0000] {logging_mixin.py:190} INFO - [2025-04-13T20:58:50.766+0000] {dag.py:3239} INFO - Sync 1 DAGs
[2025-04-13T20:58:50.816+0000] {logging_mixin.py:190} INFO - [2025-04-13T20:58:50.816+0000] {dag.py:4180} INFO - Setting next_dagrun for example_time_delta_sensor_async to None, run_after=None
[2025-04-13T20:58:50.943+0000] {processor.py:208} INFO - Processing /home/airflow/.local/lib/python3.12/site-packages/airflow/example_dags/example_time_delta_sensor_async.py took 0.309 seconds
[2025-04-13T20:59:21.859+0000] {processor.py:186} INFO - Started process (PID=996) to work on /home/airflow/.local/lib/python3.12/site-packages/airflow/example_dags/example_time_delta_sensor_async.py
[2025-04-13T20:59:21.860+0000] {processor.py:914} INFO - Processing file /home/airflow/.local/lib/python3.12/site-packages/airflow/example_dags/example_time_delta_sensor_async.py for tasks to queue
[2025-04-13T20:59:21.867+0000] {logging_mixin.py:190} INFO - [2025-04-13T20:59:21.866+0000] {dagbag.py:588} INFO - Filling up the DagBag from /home/airflow/.local/lib/python3.12/site-packages/airflow/example_dags/example_time_delta_sensor_async.py
[2025-04-13T20:59:21.881+0000] {processor.py:925} INFO - DAG(s) 'example_time_delta_sensor_async' retrieved from /home/airflow/.local/lib/python3.12/site-packages/airflow/example_dags/example_time_delta_sensor_async.py
[2025-04-13T20:59:21.933+0000] {logging_mixin.py:190} INFO - [2025-04-13T20:59:21.932+0000] {dag.py:3239} INFO - Sync 1 DAGs
[2025-04-13T20:59:21.981+0000] {logging_mixin.py:190} INFO - [2025-04-13T20:59:21.981+0000] {dag.py:4180} INFO - Setting next_dagrun for example_time_delta_sensor_async to None, run_after=None
[2025-04-13T20:59:22.028+0000] {processor.py:208} INFO - Processing /home/airflow/.local/lib/python3.12/site-packages/airflow/example_dags/example_time_delta_sensor_async.py took 0.194 seconds
[2025-04-13T20:59:53.842+0000] {processor.py:186} INFO - Started process (PID=1061) to work on /home/airflow/.local/lib/python3.12/site-packages/airflow/example_dags/example_time_delta_sensor_async.py
[2025-04-13T20:59:53.844+0000] {processor.py:914} INFO - Processing file /home/airflow/.local/lib/python3.12/site-packages/airflow/example_dags/example_time_delta_sensor_async.py for tasks to queue
[2025-04-13T20:59:53.848+0000] {logging_mixin.py:190} INFO - [2025-04-13T20:59:53.847+0000] {dagbag.py:588} INFO - Filling up the DagBag from /home/airflow/.local/lib/python3.12/site-packages/airflow/example_dags/example_time_delta_sensor_async.py
[2025-04-13T20:59:53.874+0000] {processor.py:925} INFO - DAG(s) 'example_time_delta_sensor_async' retrieved from /home/airflow/.local/lib/python3.12/site-packages/airflow/example_dags/example_time_delta_sensor_async.py
[2025-04-13T20:59:54.073+0000] {logging_mixin.py:190} INFO - [2025-04-13T20:59:54.072+0000] {dag.py:3239} INFO - Sync 1 DAGs
[2025-04-13T20:59:54.326+0000] {logging_mixin.py:190} INFO - [2025-04-13T20:59:54.326+0000] {dag.py:4180} INFO - Setting next_dagrun for example_time_delta_sensor_async to None, run_after=None
[2025-04-13T20:59:54.580+0000] {processor.py:208} INFO - Processing /home/airflow/.local/lib/python3.12/site-packages/airflow/example_dags/example_time_delta_sensor_async.py took 0.751 seconds
[2025-04-13T21:00:26.282+0000] {processor.py:186} INFO - Started process (PID=1124) to work on /home/airflow/.local/lib/python3.12/site-packages/airflow/example_dags/example_time_delta_sensor_async.py
[2025-04-13T21:00:26.283+0000] {processor.py:914} INFO - Processing file /home/airflow/.local/lib/python3.12/site-packages/airflow/example_dags/example_time_delta_sensor_async.py for tasks to queue
[2025-04-13T21:00:26.288+0000] {logging_mixin.py:190} INFO - [2025-04-13T21:00:26.287+0000] {dagbag.py:588} INFO - Filling up the DagBag from /home/airflow/.local/lib/python3.12/site-packages/airflow/example_dags/example_time_delta_sensor_async.py
[2025-04-13T21:00:26.300+0000] {processor.py:925} INFO - DAG(s) 'example_time_delta_sensor_async' retrieved from /home/airflow/.local/lib/python3.12/site-packages/airflow/example_dags/example_time_delta_sensor_async.py
[2025-04-13T21:00:26.343+0000] {logging_mixin.py:190} INFO - [2025-04-13T21:00:26.343+0000] {dag.py:3239} INFO - Sync 1 DAGs
[2025-04-13T21:00:26.388+0000] {logging_mixin.py:190} INFO - [2025-04-13T21:00:26.387+0000] {dag.py:4180} INFO - Setting next_dagrun for example_time_delta_sensor_async to None, run_after=None
[2025-04-13T21:00:26.542+0000] {processor.py:208} INFO - Processing /home/airflow/.local/lib/python3.12/site-packages/airflow/example_dags/example_time_delta_sensor_async.py took 0.270 seconds
[2025-04-13T21:00:58.210+0000] {processor.py:186} INFO - Started process (PID=1187) to work on /home/airflow/.local/lib/python3.12/site-packages/airflow/example_dags/example_time_delta_sensor_async.py
[2025-04-13T21:00:58.221+0000] {processor.py:914} INFO - Processing file /home/airflow/.local/lib/python3.12/site-packages/airflow/example_dags/example_time_delta_sensor_async.py for tasks to queue
[2025-04-13T21:00:58.226+0000] {logging_mixin.py:190} INFO - [2025-04-13T21:00:58.225+0000] {dagbag.py:588} INFO - Filling up the DagBag from /home/airflow/.local/lib/python3.12/site-packages/airflow/example_dags/example_time_delta_sensor_async.py
[2025-04-13T21:00:58.240+0000] {processor.py:925} INFO - DAG(s) 'example_time_delta_sensor_async' retrieved from /home/airflow/.local/lib/python3.12/site-packages/airflow/example_dags/example_time_delta_sensor_async.py
[2025-04-13T21:00:58.314+0000] {logging_mixin.py:190} INFO - [2025-04-13T21:00:58.313+0000] {dag.py:3239} INFO - Sync 1 DAGs
[2025-04-13T21:00:58.380+0000] {logging_mixin.py:190} INFO - [2025-04-13T21:00:58.379+0000] {dag.py:4180} INFO - Setting next_dagrun for example_time_delta_sensor_async to None, run_after=None
[2025-04-13T21:00:58.437+0000] {processor.py:208} INFO - Processing /home/airflow/.local/lib/python3.12/site-packages/airflow/example_dags/example_time_delta_sensor_async.py took 0.239 seconds
[2025-04-13T21:27:20.280+0000] {processor.py:186} INFO - Started process (PID=179) to work on /home/airflow/.local/lib/python3.12/site-packages/airflow/example_dags/example_time_delta_sensor_async.py
[2025-04-13T21:27:20.361+0000] {processor.py:914} INFO - Processing file /home/airflow/.local/lib/python3.12/site-packages/airflow/example_dags/example_time_delta_sensor_async.py for tasks to queue
[2025-04-13T21:27:20.424+0000] {logging_mixin.py:190} INFO - [2025-04-13T21:27:20.423+0000] {dagbag.py:588} INFO - Filling up the DagBag from /home/airflow/.local/lib/python3.12/site-packages/airflow/example_dags/example_time_delta_sensor_async.py
[2025-04-13T21:27:20.880+0000] {processor.py:925} INFO - DAG(s) 'example_time_delta_sensor_async' retrieved from /home/airflow/.local/lib/python3.12/site-packages/airflow/example_dags/example_time_delta_sensor_async.py
[2025-04-13T21:27:22.119+0000] {logging_mixin.py:190} INFO - [2025-04-13T21:27:22.116+0000] {dag.py:3239} INFO - Sync 1 DAGs
[2025-04-13T21:27:23.367+0000] {logging_mixin.py:190} INFO - [2025-04-13T21:27:23.367+0000] {dag.py:4180} INFO - Setting next_dagrun for example_time_delta_sensor_async to None, run_after=None
[2025-04-13T21:27:25.604+0000] {processor.py:208} INFO - Processing /home/airflow/.local/lib/python3.12/site-packages/airflow/example_dags/example_time_delta_sensor_async.py took 5.912 seconds
[2025-04-13T21:32:11.023+0000] {processor.py:186} INFO - Started process (PID=289) to work on /home/airflow/.local/lib/python3.12/site-packages/airflow/example_dags/example_time_delta_sensor_async.py
[2025-04-13T21:32:11.036+0000] {processor.py:914} INFO - Processing file /home/airflow/.local/lib/python3.12/site-packages/airflow/example_dags/example_time_delta_sensor_async.py for tasks to queue
[2025-04-13T21:32:11.062+0000] {logging_mixin.py:190} INFO - [2025-04-13T21:32:11.062+0000] {dagbag.py:588} INFO - Filling up the DagBag from /home/airflow/.local/lib/python3.12/site-packages/airflow/example_dags/example_time_delta_sensor_async.py
[2025-04-13T21:32:11.321+0000] {processor.py:925} INFO - DAG(s) 'example_time_delta_sensor_async' retrieved from /home/airflow/.local/lib/python3.12/site-packages/airflow/example_dags/example_time_delta_sensor_async.py
[2025-04-13T21:32:12.342+0000] {logging_mixin.py:190} INFO - [2025-04-13T21:32:12.342+0000] {dag.py:3239} INFO - Sync 1 DAGs
[2025-04-13T21:32:12.611+0000] {logging_mixin.py:190} INFO - [2025-04-13T21:32:12.610+0000] {dag.py:4180} INFO - Setting next_dagrun for example_time_delta_sensor_async to None, run_after=None
[2025-04-13T21:32:13.433+0000] {processor.py:208} INFO - Processing /home/airflow/.local/lib/python3.12/site-packages/airflow/example_dags/example_time_delta_sensor_async.py took 2.505 seconds
[2025-04-13T21:36:00.712+0000] {processor.py:186} INFO - Started process (PID=376) to work on /home/airflow/.local/lib/python3.12/site-packages/airflow/example_dags/example_time_delta_sensor_async.py
[2025-04-13T21:36:00.837+0000] {processor.py:914} INFO - Processing file /home/airflow/.local/lib/python3.12/site-packages/airflow/example_dags/example_time_delta_sensor_async.py for tasks to queue
[2025-04-13T21:36:00.843+0000] {logging_mixin.py:190} INFO - [2025-04-13T21:36:00.842+0000] {dagbag.py:588} INFO - Filling up the DagBag from /home/airflow/.local/lib/python3.12/site-packages/airflow/example_dags/example_time_delta_sensor_async.py
[2025-04-13T21:36:00.953+0000] {processor.py:925} INFO - DAG(s) 'example_time_delta_sensor_async' retrieved from /home/airflow/.local/lib/python3.12/site-packages/airflow/example_dags/example_time_delta_sensor_async.py
[2025-04-13T21:36:02.005+0000] {logging_mixin.py:190} INFO - [2025-04-13T21:36:02.004+0000] {dag.py:3239} INFO - Sync 1 DAGs
[2025-04-13T21:36:02.491+0000] {logging_mixin.py:190} INFO - [2025-04-13T21:36:02.490+0000] {dag.py:4180} INFO - Setting next_dagrun for example_time_delta_sensor_async to None, run_after=None
[2025-04-13T21:36:03.583+0000] {processor.py:208} INFO - Processing /home/airflow/.local/lib/python3.12/site-packages/airflow/example_dags/example_time_delta_sensor_async.py took 3.039 seconds
[2025-04-13T21:52:05.450+0000] {processor.py:186} INFO - Started process (PID=158) to work on /home/airflow/.local/lib/python3.12/site-packages/airflow/example_dags/example_time_delta_sensor_async.py
[2025-04-13T21:52:05.529+0000] {processor.py:914} INFO - Processing file /home/airflow/.local/lib/python3.12/site-packages/airflow/example_dags/example_time_delta_sensor_async.py for tasks to queue
[2025-04-13T21:52:05.905+0000] {logging_mixin.py:190} INFO - [2025-04-13T21:52:05.905+0000] {dagbag.py:588} INFO - Filling up the DagBag from /home/airflow/.local/lib/python3.12/site-packages/airflow/example_dags/example_time_delta_sensor_async.py
[2025-04-13T21:52:06.649+0000] {processor.py:925} INFO - DAG(s) 'example_time_delta_sensor_async' retrieved from /home/airflow/.local/lib/python3.12/site-packages/airflow/example_dags/example_time_delta_sensor_async.py
[2025-04-13T21:52:08.293+0000] {logging_mixin.py:190} INFO - [2025-04-13T21:52:08.274+0000] {dag.py:3239} INFO - Sync 1 DAGs
[2025-04-13T21:52:09.302+0000] {logging_mixin.py:190} INFO - [2025-04-13T21:52:09.301+0000] {dag.py:4180} INFO - Setting next_dagrun for example_time_delta_sensor_async to None, run_after=None
[2025-04-13T21:52:10.984+0000] {processor.py:208} INFO - Processing /home/airflow/.local/lib/python3.12/site-packages/airflow/example_dags/example_time_delta_sensor_async.py took 5.569 seconds
[2025-04-13T22:31:44.855+0000] {processor.py:186} INFO - Started process (PID=110) to work on /home/airflow/.local/lib/python3.12/site-packages/airflow/example_dags/example_time_delta_sensor_async.py
[2025-04-13T22:31:44.874+0000] {processor.py:914} INFO - Processing file /home/airflow/.local/lib/python3.12/site-packages/airflow/example_dags/example_time_delta_sensor_async.py for tasks to queue
[2025-04-13T22:31:44.916+0000] {logging_mixin.py:190} INFO - [2025-04-13T22:31:44.913+0000] {dagbag.py:588} INFO - Filling up the DagBag from /home/airflow/.local/lib/python3.12/site-packages/airflow/example_dags/example_time_delta_sensor_async.py
[2025-04-13T22:31:45.005+0000] {processor.py:925} INFO - DAG(s) 'example_time_delta_sensor_async' retrieved from /home/airflow/.local/lib/python3.12/site-packages/airflow/example_dags/example_time_delta_sensor_async.py
[2025-04-13T22:31:45.419+0000] {logging_mixin.py:190} INFO - [2025-04-13T22:31:45.419+0000] {dag.py:3239} INFO - Sync 1 DAGs
[2025-04-13T22:31:45.499+0000] {logging_mixin.py:190} INFO - [2025-04-13T22:31:45.498+0000] {dag.py:4180} INFO - Setting next_dagrun for example_time_delta_sensor_async to None, run_after=None
[2025-04-13T22:31:45.647+0000] {processor.py:208} INFO - Processing /home/airflow/.local/lib/python3.12/site-packages/airflow/example_dags/example_time_delta_sensor_async.py took 0.890 seconds
[2025-04-13T22:32:32.757+0000] {processor.py:186} INFO - Started process (PID=180) to work on /home/airflow/.local/lib/python3.12/site-packages/airflow/example_dags/example_time_delta_sensor_async.py
[2025-04-13T22:32:32.759+0000] {processor.py:914} INFO - Processing file /home/airflow/.local/lib/python3.12/site-packages/airflow/example_dags/example_time_delta_sensor_async.py for tasks to queue
[2025-04-13T22:32:32.769+0000] {logging_mixin.py:190} INFO - [2025-04-13T22:32:32.766+0000] {dagbag.py:588} INFO - Filling up the DagBag from /home/airflow/.local/lib/python3.12/site-packages/airflow/example_dags/example_time_delta_sensor_async.py
[2025-04-13T22:32:32.800+0000] {processor.py:925} INFO - DAG(s) 'example_time_delta_sensor_async' retrieved from /home/airflow/.local/lib/python3.12/site-packages/airflow/example_dags/example_time_delta_sensor_async.py
[2025-04-13T22:32:32.907+0000] {logging_mixin.py:190} INFO - [2025-04-13T22:32:32.906+0000] {dag.py:3239} INFO - Sync 1 DAGs
[2025-04-13T22:32:32.996+0000] {logging_mixin.py:190} INFO - [2025-04-13T22:32:32.995+0000] {dag.py:4180} INFO - Setting next_dagrun for example_time_delta_sensor_async to None, run_after=None
[2025-04-13T22:32:33.097+0000] {processor.py:208} INFO - Processing /home/airflow/.local/lib/python3.12/site-packages/airflow/example_dags/example_time_delta_sensor_async.py took 0.355 seconds
[2025-04-13T22:33:08.562+0000] {processor.py:186} INFO - Started process (PID=244) to work on /home/airflow/.local/lib/python3.12/site-packages/airflow/example_dags/example_time_delta_sensor_async.py
[2025-04-13T22:33:08.565+0000] {processor.py:914} INFO - Processing file /home/airflow/.local/lib/python3.12/site-packages/airflow/example_dags/example_time_delta_sensor_async.py for tasks to queue
[2025-04-13T22:33:08.601+0000] {logging_mixin.py:190} INFO - [2025-04-13T22:33:08.586+0000] {dagbag.py:588} INFO - Filling up the DagBag from /home/airflow/.local/lib/python3.12/site-packages/airflow/example_dags/example_time_delta_sensor_async.py
[2025-04-13T22:33:08.649+0000] {processor.py:925} INFO - DAG(s) 'example_time_delta_sensor_async' retrieved from /home/airflow/.local/lib/python3.12/site-packages/airflow/example_dags/example_time_delta_sensor_async.py
[2025-04-13T22:33:08.748+0000] {logging_mixin.py:190} INFO - [2025-04-13T22:33:08.748+0000] {dag.py:3239} INFO - Sync 1 DAGs
[2025-04-13T22:33:08.821+0000] {logging_mixin.py:190} INFO - [2025-04-13T22:33:08.820+0000] {dag.py:4180} INFO - Setting next_dagrun for example_time_delta_sensor_async to None, run_after=None
[2025-04-13T22:33:08.904+0000] {processor.py:208} INFO - Processing /home/airflow/.local/lib/python3.12/site-packages/airflow/example_dags/example_time_delta_sensor_async.py took 0.365 seconds
[2025-04-13T22:33:40.955+0000] {processor.py:186} INFO - Started process (PID=308) to work on /home/airflow/.local/lib/python3.12/site-packages/airflow/example_dags/example_time_delta_sensor_async.py
[2025-04-13T22:33:40.957+0000] {processor.py:914} INFO - Processing file /home/airflow/.local/lib/python3.12/site-packages/airflow/example_dags/example_time_delta_sensor_async.py for tasks to queue
[2025-04-13T22:33:40.963+0000] {logging_mixin.py:190} INFO - [2025-04-13T22:33:40.963+0000] {dagbag.py:588} INFO - Filling up the DagBag from /home/airflow/.local/lib/python3.12/site-packages/airflow/example_dags/example_time_delta_sensor_async.py
[2025-04-13T22:33:40.991+0000] {processor.py:925} INFO - DAG(s) 'example_time_delta_sensor_async' retrieved from /home/airflow/.local/lib/python3.12/site-packages/airflow/example_dags/example_time_delta_sensor_async.py
[2025-04-13T22:33:41.051+0000] {logging_mixin.py:190} INFO - [2025-04-13T22:33:41.050+0000] {dag.py:3239} INFO - Sync 1 DAGs
[2025-04-13T22:33:41.090+0000] {logging_mixin.py:190} INFO - [2025-04-13T22:33:41.088+0000] {dag.py:4180} INFO - Setting next_dagrun for example_time_delta_sensor_async to None, run_after=None
[2025-04-13T22:33:41.153+0000] {processor.py:208} INFO - Processing /home/airflow/.local/lib/python3.12/site-packages/airflow/example_dags/example_time_delta_sensor_async.py took 0.213 seconds
[2025-04-13T22:34:11.588+0000] {processor.py:186} INFO - Started process (PID=371) to work on /home/airflow/.local/lib/python3.12/site-packages/airflow/example_dags/example_time_delta_sensor_async.py
[2025-04-13T22:34:11.590+0000] {processor.py:914} INFO - Processing file /home/airflow/.local/lib/python3.12/site-packages/airflow/example_dags/example_time_delta_sensor_async.py for tasks to queue
[2025-04-13T22:34:11.648+0000] {logging_mixin.py:190} INFO - [2025-04-13T22:34:11.637+0000] {dagbag.py:588} INFO - Filling up the DagBag from /home/airflow/.local/lib/python3.12/site-packages/airflow/example_dags/example_time_delta_sensor_async.py
[2025-04-13T22:34:11.750+0000] {processor.py:925} INFO - DAG(s) 'example_time_delta_sensor_async' retrieved from /home/airflow/.local/lib/python3.12/site-packages/airflow/example_dags/example_time_delta_sensor_async.py
[2025-04-13T22:34:11.970+0000] {logging_mixin.py:190} INFO - [2025-04-13T22:34:11.970+0000] {dag.py:3239} INFO - Sync 1 DAGs
[2025-04-13T22:34:12.103+0000] {logging_mixin.py:190} INFO - [2025-04-13T22:34:12.103+0000] {dag.py:4180} INFO - Setting next_dagrun for example_time_delta_sensor_async to None, run_after=None
[2025-04-13T22:34:12.178+0000] {processor.py:208} INFO - Processing /home/airflow/.local/lib/python3.12/site-packages/airflow/example_dags/example_time_delta_sensor_async.py took 0.604 seconds
[2025-04-13T22:34:42.571+0000] {processor.py:186} INFO - Started process (PID=434) to work on /home/airflow/.local/lib/python3.12/site-packages/airflow/example_dags/example_time_delta_sensor_async.py
[2025-04-13T22:34:42.573+0000] {processor.py:914} INFO - Processing file /home/airflow/.local/lib/python3.12/site-packages/airflow/example_dags/example_time_delta_sensor_async.py for tasks to queue
[2025-04-13T22:34:42.579+0000] {logging_mixin.py:190} INFO - [2025-04-13T22:34:42.578+0000] {dagbag.py:588} INFO - Filling up the DagBag from /home/airflow/.local/lib/python3.12/site-packages/airflow/example_dags/example_time_delta_sensor_async.py
[2025-04-13T22:34:42.604+0000] {processor.py:925} INFO - DAG(s) 'example_time_delta_sensor_async' retrieved from /home/airflow/.local/lib/python3.12/site-packages/airflow/example_dags/example_time_delta_sensor_async.py
[2025-04-13T22:34:42.708+0000] {logging_mixin.py:190} INFO - [2025-04-13T22:34:42.707+0000] {dag.py:3239} INFO - Sync 1 DAGs
[2025-04-13T22:34:42.765+0000] {logging_mixin.py:190} INFO - [2025-04-13T22:34:42.764+0000] {dag.py:4180} INFO - Setting next_dagrun for example_time_delta_sensor_async to None, run_after=None
[2025-04-13T22:34:42.824+0000] {processor.py:208} INFO - Processing /home/airflow/.local/lib/python3.12/site-packages/airflow/example_dags/example_time_delta_sensor_async.py took 0.266 seconds
[2025-04-13T22:35:26.395+0000] {processor.py:186} INFO - Started process (PID=497) to work on /home/airflow/.local/lib/python3.12/site-packages/airflow/example_dags/example_time_delta_sensor_async.py
[2025-04-13T22:35:26.398+0000] {processor.py:914} INFO - Processing file /home/airflow/.local/lib/python3.12/site-packages/airflow/example_dags/example_time_delta_sensor_async.py for tasks to queue
[2025-04-13T22:35:26.412+0000] {logging_mixin.py:190} INFO - [2025-04-13T22:35:26.411+0000] {dagbag.py:588} INFO - Filling up the DagBag from /home/airflow/.local/lib/python3.12/site-packages/airflow/example_dags/example_time_delta_sensor_async.py
[2025-04-13T22:35:26.495+0000] {processor.py:925} INFO - DAG(s) 'example_time_delta_sensor_async' retrieved from /home/airflow/.local/lib/python3.12/site-packages/airflow/example_dags/example_time_delta_sensor_async.py
[2025-04-13T22:35:26.695+0000] {logging_mixin.py:190} INFO - [2025-04-13T22:35:26.694+0000] {dag.py:3239} INFO - Sync 1 DAGs
[2025-04-13T22:35:26.776+0000] {logging_mixin.py:190} INFO - [2025-04-13T22:35:26.774+0000] {dag.py:4180} INFO - Setting next_dagrun for example_time_delta_sensor_async to None, run_after=None
[2025-04-13T22:35:27.100+0000] {processor.py:208} INFO - Processing /home/airflow/.local/lib/python3.12/site-packages/airflow/example_dags/example_time_delta_sensor_async.py took 0.742 seconds
[2025-04-13T22:36:01.320+0000] {processor.py:186} INFO - Started process (PID=553) to work on /home/airflow/.local/lib/python3.12/site-packages/airflow/example_dags/example_time_delta_sensor_async.py
[2025-04-13T22:36:01.324+0000] {processor.py:914} INFO - Processing file /home/airflow/.local/lib/python3.12/site-packages/airflow/example_dags/example_time_delta_sensor_async.py for tasks to queue
[2025-04-13T22:36:01.328+0000] {logging_mixin.py:190} INFO - [2025-04-13T22:36:01.328+0000] {dagbag.py:588} INFO - Filling up the DagBag from /home/airflow/.local/lib/python3.12/site-packages/airflow/example_dags/example_time_delta_sensor_async.py
[2025-04-13T22:36:01.362+0000] {processor.py:925} INFO - DAG(s) 'example_time_delta_sensor_async' retrieved from /home/airflow/.local/lib/python3.12/site-packages/airflow/example_dags/example_time_delta_sensor_async.py
[2025-04-13T22:36:01.475+0000] {logging_mixin.py:190} INFO - [2025-04-13T22:36:01.474+0000] {dag.py:3239} INFO - Sync 1 DAGs
[2025-04-13T22:36:01.510+0000] {logging_mixin.py:190} INFO - [2025-04-13T22:36:01.509+0000] {dag.py:4180} INFO - Setting next_dagrun for example_time_delta_sensor_async to None, run_after=None
[2025-04-13T22:36:01.573+0000] {processor.py:208} INFO - Processing /home/airflow/.local/lib/python3.12/site-packages/airflow/example_dags/example_time_delta_sensor_async.py took 0.272 seconds
[2025-04-13T22:36:33.866+0000] {processor.py:186} INFO - Started process (PID=611) to work on /home/airflow/.local/lib/python3.12/site-packages/airflow/example_dags/example_time_delta_sensor_async.py
[2025-04-13T22:36:33.879+0000] {processor.py:914} INFO - Processing file /home/airflow/.local/lib/python3.12/site-packages/airflow/example_dags/example_time_delta_sensor_async.py for tasks to queue
[2025-04-13T22:36:33.927+0000] {logging_mixin.py:190} INFO - [2025-04-13T22:36:33.927+0000] {dagbag.py:588} INFO - Filling up the DagBag from /home/airflow/.local/lib/python3.12/site-packages/airflow/example_dags/example_time_delta_sensor_async.py
[2025-04-13T22:36:33.976+0000] {processor.py:925} INFO - DAG(s) 'example_time_delta_sensor_async' retrieved from /home/airflow/.local/lib/python3.12/site-packages/airflow/example_dags/example_time_delta_sensor_async.py
[2025-04-13T22:36:34.117+0000] {logging_mixin.py:190} INFO - [2025-04-13T22:36:34.116+0000] {dag.py:3239} INFO - Sync 1 DAGs
[2025-04-13T22:36:34.245+0000] {logging_mixin.py:190} INFO - [2025-04-13T22:36:34.245+0000] {dag.py:4180} INFO - Setting next_dagrun for example_time_delta_sensor_async to None, run_after=None
[2025-04-13T22:36:34.486+0000] {processor.py:208} INFO - Processing /home/airflow/.local/lib/python3.12/site-packages/airflow/example_dags/example_time_delta_sensor_async.py took 0.667 seconds
[2025-04-13T22:37:16.178+0000] {processor.py:186} INFO - Started process (PID=668) to work on /home/airflow/.local/lib/python3.12/site-packages/airflow/example_dags/example_time_delta_sensor_async.py
[2025-04-13T22:37:16.181+0000] {processor.py:914} INFO - Processing file /home/airflow/.local/lib/python3.12/site-packages/airflow/example_dags/example_time_delta_sensor_async.py for tasks to queue
[2025-04-13T22:37:16.211+0000] {logging_mixin.py:190} INFO - [2025-04-13T22:37:16.210+0000] {dagbag.py:588} INFO - Filling up the DagBag from /home/airflow/.local/lib/python3.12/site-packages/airflow/example_dags/example_time_delta_sensor_async.py
[2025-04-13T22:37:16.254+0000] {processor.py:925} INFO - DAG(s) 'example_time_delta_sensor_async' retrieved from /home/airflow/.local/lib/python3.12/site-packages/airflow/example_dags/example_time_delta_sensor_async.py
[2025-04-13T22:37:16.350+0000] {logging_mixin.py:190} INFO - [2025-04-13T22:37:16.350+0000] {dag.py:3239} INFO - Sync 1 DAGs
[2025-04-13T22:37:16.515+0000] {logging_mixin.py:190} INFO - [2025-04-13T22:37:16.506+0000] {dag.py:4180} INFO - Setting next_dagrun for example_time_delta_sensor_async to None, run_after=None
[2025-04-13T22:37:16.666+0000] {processor.py:208} INFO - Processing /home/airflow/.local/lib/python3.12/site-packages/airflow/example_dags/example_time_delta_sensor_async.py took 0.543 seconds
[2025-04-13T22:37:59.052+0000] {processor.py:186} INFO - Started process (PID=730) to work on /home/airflow/.local/lib/python3.12/site-packages/airflow/example_dags/example_time_delta_sensor_async.py
[2025-04-13T22:37:59.055+0000] {processor.py:914} INFO - Processing file /home/airflow/.local/lib/python3.12/site-packages/airflow/example_dags/example_time_delta_sensor_async.py for tasks to queue
[2025-04-13T22:37:59.064+0000] {logging_mixin.py:190} INFO - [2025-04-13T22:37:59.063+0000] {dagbag.py:588} INFO - Filling up the DagBag from /home/airflow/.local/lib/python3.12/site-packages/airflow/example_dags/example_time_delta_sensor_async.py
[2025-04-13T22:37:59.081+0000] {processor.py:925} INFO - DAG(s) 'example_time_delta_sensor_async' retrieved from /home/airflow/.local/lib/python3.12/site-packages/airflow/example_dags/example_time_delta_sensor_async.py
[2025-04-13T22:37:59.225+0000] {logging_mixin.py:190} INFO - [2025-04-13T22:37:59.224+0000] {dag.py:3239} INFO - Sync 1 DAGs
[2025-04-13T22:37:59.284+0000] {logging_mixin.py:190} INFO - [2025-04-13T22:37:59.283+0000] {dag.py:4180} INFO - Setting next_dagrun for example_time_delta_sensor_async to None, run_after=None
[2025-04-13T22:37:59.581+0000] {processor.py:208} INFO - Processing /home/airflow/.local/lib/python3.12/site-packages/airflow/example_dags/example_time_delta_sensor_async.py took 0.539 seconds
[2025-04-13T22:38:39.559+0000] {processor.py:186} INFO - Started process (PID=800) to work on /home/airflow/.local/lib/python3.12/site-packages/airflow/example_dags/example_time_delta_sensor_async.py
[2025-04-13T22:38:39.562+0000] {processor.py:914} INFO - Processing file /home/airflow/.local/lib/python3.12/site-packages/airflow/example_dags/example_time_delta_sensor_async.py for tasks to queue
[2025-04-13T22:38:39.574+0000] {logging_mixin.py:190} INFO - [2025-04-13T22:38:39.573+0000] {dagbag.py:588} INFO - Filling up the DagBag from /home/airflow/.local/lib/python3.12/site-packages/airflow/example_dags/example_time_delta_sensor_async.py
[2025-04-13T22:38:39.600+0000] {processor.py:925} INFO - DAG(s) 'example_time_delta_sensor_async' retrieved from /home/airflow/.local/lib/python3.12/site-packages/airflow/example_dags/example_time_delta_sensor_async.py
[2025-04-13T22:38:39.748+0000] {logging_mixin.py:190} INFO - [2025-04-13T22:38:39.747+0000] {dag.py:3239} INFO - Sync 1 DAGs
[2025-04-13T22:38:39.843+0000] {logging_mixin.py:190} INFO - [2025-04-13T22:38:39.843+0000] {dag.py:4180} INFO - Setting next_dagrun for example_time_delta_sensor_async to None, run_after=None
[2025-04-13T22:38:39.930+0000] {processor.py:208} INFO - Processing /home/airflow/.local/lib/python3.12/site-packages/airflow/example_dags/example_time_delta_sensor_async.py took 0.414 seconds
[2025-04-13T22:39:18.549+0000] {processor.py:186} INFO - Started process (PID=864) to work on /home/airflow/.local/lib/python3.12/site-packages/airflow/example_dags/example_time_delta_sensor_async.py
[2025-04-13T22:39:18.569+0000] {processor.py:914} INFO - Processing file /home/airflow/.local/lib/python3.12/site-packages/airflow/example_dags/example_time_delta_sensor_async.py for tasks to queue
[2025-04-13T22:39:18.575+0000] {logging_mixin.py:190} INFO - [2025-04-13T22:39:18.575+0000] {dagbag.py:588} INFO - Filling up the DagBag from /home/airflow/.local/lib/python3.12/site-packages/airflow/example_dags/example_time_delta_sensor_async.py
[2025-04-13T22:39:18.635+0000] {processor.py:925} INFO - DAG(s) 'example_time_delta_sensor_async' retrieved from /home/airflow/.local/lib/python3.12/site-packages/airflow/example_dags/example_time_delta_sensor_async.py
[2025-04-13T22:39:18.811+0000] {logging_mixin.py:190} INFO - [2025-04-13T22:39:18.811+0000] {dag.py:3239} INFO - Sync 1 DAGs
[2025-04-13T22:39:18.899+0000] {logging_mixin.py:190} INFO - [2025-04-13T22:39:18.899+0000] {dag.py:4180} INFO - Setting next_dagrun for example_time_delta_sensor_async to None, run_after=None
[2025-04-13T22:39:19.006+0000] {processor.py:208} INFO - Processing /home/airflow/.local/lib/python3.12/site-packages/airflow/example_dags/example_time_delta_sensor_async.py took 0.486 seconds
[2025-04-13T22:40:35.074+0000] {processor.py:186} INFO - Started process (PID=929) to work on /home/airflow/.local/lib/python3.12/site-packages/airflow/example_dags/example_time_delta_sensor_async.py
[2025-04-13T22:40:35.094+0000] {processor.py:914} INFO - Processing file /home/airflow/.local/lib/python3.12/site-packages/airflow/example_dags/example_time_delta_sensor_async.py for tasks to queue
[2025-04-13T22:40:35.105+0000] {logging_mixin.py:190} INFO - [2025-04-13T22:40:35.103+0000] {dagbag.py:588} INFO - Filling up the DagBag from /home/airflow/.local/lib/python3.12/site-packages/airflow/example_dags/example_time_delta_sensor_async.py
[2025-04-13T22:40:35.166+0000] {processor.py:925} INFO - DAG(s) 'example_time_delta_sensor_async' retrieved from /home/airflow/.local/lib/python3.12/site-packages/airflow/example_dags/example_time_delta_sensor_async.py
[2025-04-13T22:40:35.426+0000] {logging_mixin.py:190} INFO - [2025-04-13T22:40:35.426+0000] {dag.py:3239} INFO - Sync 1 DAGs
[2025-04-13T22:40:35.540+0000] {logging_mixin.py:190} INFO - [2025-04-13T22:40:35.540+0000] {dag.py:4180} INFO - Setting next_dagrun for example_time_delta_sensor_async to None, run_after=None
[2025-04-13T22:40:35.732+0000] {processor.py:208} INFO - Processing /home/airflow/.local/lib/python3.12/site-packages/airflow/example_dags/example_time_delta_sensor_async.py took 0.684 seconds
[2025-04-13T22:41:58.916+0000] {processor.py:186} INFO - Started process (PID=998) to work on /home/airflow/.local/lib/python3.12/site-packages/airflow/example_dags/example_time_delta_sensor_async.py
[2025-04-13T22:41:58.942+0000] {processor.py:914} INFO - Processing file /home/airflow/.local/lib/python3.12/site-packages/airflow/example_dags/example_time_delta_sensor_async.py for tasks to queue
[2025-04-13T22:41:58.961+0000] {logging_mixin.py:190} INFO - [2025-04-13T22:41:58.960+0000] {dagbag.py:588} INFO - Filling up the DagBag from /home/airflow/.local/lib/python3.12/site-packages/airflow/example_dags/example_time_delta_sensor_async.py
[2025-04-13T22:41:59.017+0000] {processor.py:925} INFO - DAG(s) 'example_time_delta_sensor_async' retrieved from /home/airflow/.local/lib/python3.12/site-packages/airflow/example_dags/example_time_delta_sensor_async.py
[2025-04-13T22:41:59.295+0000] {logging_mixin.py:190} INFO - [2025-04-13T22:41:59.294+0000] {dag.py:3239} INFO - Sync 1 DAGs
[2025-04-13T22:41:59.460+0000] {logging_mixin.py:190} INFO - [2025-04-13T22:41:59.460+0000] {dag.py:4180} INFO - Setting next_dagrun for example_time_delta_sensor_async to None, run_after=None
[2025-04-13T22:41:59.625+0000] {processor.py:208} INFO - Processing /home/airflow/.local/lib/python3.12/site-packages/airflow/example_dags/example_time_delta_sensor_async.py took 0.745 seconds
[2025-04-13T22:42:36.719+0000] {processor.py:186} INFO - Started process (PID=1062) to work on /home/airflow/.local/lib/python3.12/site-packages/airflow/example_dags/example_time_delta_sensor_async.py
[2025-04-13T22:42:36.723+0000] {processor.py:914} INFO - Processing file /home/airflow/.local/lib/python3.12/site-packages/airflow/example_dags/example_time_delta_sensor_async.py for tasks to queue
[2025-04-13T22:42:36.743+0000] {logging_mixin.py:190} INFO - [2025-04-13T22:42:36.731+0000] {dagbag.py:588} INFO - Filling up the DagBag from /home/airflow/.local/lib/python3.12/site-packages/airflow/example_dags/example_time_delta_sensor_async.py
[2025-04-13T22:42:36.770+0000] {processor.py:925} INFO - DAG(s) 'example_time_delta_sensor_async' retrieved from /home/airflow/.local/lib/python3.12/site-packages/airflow/example_dags/example_time_delta_sensor_async.py
[2025-04-13T22:42:36.861+0000] {logging_mixin.py:190} INFO - [2025-04-13T22:42:36.860+0000] {dag.py:3239} INFO - Sync 1 DAGs
[2025-04-13T22:42:36.916+0000] {logging_mixin.py:190} INFO - [2025-04-13T22:42:36.915+0000] {dag.py:4180} INFO - Setting next_dagrun for example_time_delta_sensor_async to None, run_after=None
[2025-04-13T22:42:37.002+0000] {processor.py:208} INFO - Processing /home/airflow/.local/lib/python3.12/site-packages/airflow/example_dags/example_time_delta_sensor_async.py took 0.312 seconds
[2025-04-13T22:43:29.155+0000] {processor.py:186} INFO - Started process (PID=1136) to work on /home/airflow/.local/lib/python3.12/site-packages/airflow/example_dags/example_time_delta_sensor_async.py
[2025-04-13T22:43:29.161+0000] {processor.py:914} INFO - Processing file /home/airflow/.local/lib/python3.12/site-packages/airflow/example_dags/example_time_delta_sensor_async.py for tasks to queue
[2025-04-13T22:43:29.181+0000] {logging_mixin.py:190} INFO - [2025-04-13T22:43:29.180+0000] {dagbag.py:588} INFO - Filling up the DagBag from /home/airflow/.local/lib/python3.12/site-packages/airflow/example_dags/example_time_delta_sensor_async.py
[2025-04-13T22:43:29.286+0000] {processor.py:925} INFO - DAG(s) 'example_time_delta_sensor_async' retrieved from /home/airflow/.local/lib/python3.12/site-packages/airflow/example_dags/example_time_delta_sensor_async.py
[2025-04-13T22:43:29.593+0000] {logging_mixin.py:190} INFO - [2025-04-13T22:43:29.592+0000] {dag.py:3239} INFO - Sync 1 DAGs
[2025-04-13T22:43:29.740+0000] {logging_mixin.py:190} INFO - [2025-04-13T22:43:29.740+0000] {dag.py:4180} INFO - Setting next_dagrun for example_time_delta_sensor_async to None, run_after=None
[2025-04-13T22:43:29.901+0000] {processor.py:208} INFO - Processing /home/airflow/.local/lib/python3.12/site-packages/airflow/example_dags/example_time_delta_sensor_async.py took 0.881 seconds
[2025-04-13T22:44:43.202+0000] {processor.py:186} INFO - Started process (PID=1191) to work on /home/airflow/.local/lib/python3.12/site-packages/airflow/example_dags/example_time_delta_sensor_async.py
[2025-04-13T22:44:43.208+0000] {processor.py:914} INFO - Processing file /home/airflow/.local/lib/python3.12/site-packages/airflow/example_dags/example_time_delta_sensor_async.py for tasks to queue
[2025-04-13T22:44:43.225+0000] {logging_mixin.py:190} INFO - [2025-04-13T22:44:43.223+0000] {dagbag.py:588} INFO - Filling up the DagBag from /home/airflow/.local/lib/python3.12/site-packages/airflow/example_dags/example_time_delta_sensor_async.py
[2025-04-13T22:44:43.253+0000] {processor.py:925} INFO - DAG(s) 'example_time_delta_sensor_async' retrieved from /home/airflow/.local/lib/python3.12/site-packages/airflow/example_dags/example_time_delta_sensor_async.py
[2025-04-13T22:44:43.407+0000] {logging_mixin.py:190} INFO - [2025-04-13T22:44:43.405+0000] {dag.py:3239} INFO - Sync 1 DAGs
[2025-04-13T22:44:43.500+0000] {logging_mixin.py:190} INFO - [2025-04-13T22:44:43.500+0000] {dag.py:4180} INFO - Setting next_dagrun for example_time_delta_sensor_async to None, run_after=None
[2025-04-13T22:44:43.669+0000] {processor.py:208} INFO - Processing /home/airflow/.local/lib/python3.12/site-packages/airflow/example_dags/example_time_delta_sensor_async.py took 0.508 seconds
