[2025-04-13T16:48:58.040+0000] {processor.py:186} INFO - Started process (PID=113) to work on /home/airflow/.local/lib/python3.12/site-packages/airflow/example_dags/example_xcom.py
[2025-04-13T16:48:58.043+0000] {processor.py:914} INFO - Processing file /home/airflow/.local/lib/python3.12/site-packages/airflow/example_dags/example_xcom.py for tasks to queue
[2025-04-13T16:48:58.053+0000] {logging_mixin.py:190} INFO - [2025-04-13T16:48:58.053+0000] {dagbag.py:588} INFO - Filling up the DagBag from /home/airflow/.local/lib/python3.12/site-packages/airflow/example_dags/example_xcom.py
[2025-04-13T16:48:58.096+0000] {processor.py:925} INFO - DAG(s) 'example_xcom' retrieved from /home/airflow/.local/lib/python3.12/site-packages/airflow/example_dags/example_xcom.py
[2025-04-13T16:48:59.431+0000] {logging_mixin.py:190} INFO - [2025-04-13T16:48:59.430+0000] {override.py:1912} INFO - Created Permission View: can read on DAG:example_xcom
[2025-04-13T16:48:59.470+0000] {logging_mixin.py:190} INFO - [2025-04-13T16:48:59.469+0000] {override.py:1912} INFO - Created Permission View: can edit on DAG:example_xcom
[2025-04-13T16:48:59.606+0000] {logging_mixin.py:190} INFO - [2025-04-13T16:48:59.605+0000] {override.py:1912} INFO - Created Permission View: can delete on DAG:example_xcom
[2025-04-13T16:48:59.783+0000] {logging_mixin.py:190} INFO - [2025-04-13T16:48:59.783+0000] {override.py:1912} INFO - Created Permission View: can read on DAG Run:example_xcom
[2025-04-13T16:48:59.877+0000] {logging_mixin.py:190} INFO - [2025-04-13T16:48:59.872+0000] {override.py:1912} INFO - Created Permission View: menu access on DAG Run:example_xcom
[2025-04-13T16:48:59.954+0000] {logging_mixin.py:190} INFO - [2025-04-13T16:48:59.954+0000] {override.py:1912} INFO - Created Permission View: can create on DAG Run:example_xcom
[2025-04-13T16:48:59.980+0000] {logging_mixin.py:190} INFO - [2025-04-13T16:48:59.980+0000] {override.py:1912} INFO - Created Permission View: can delete on DAG Run:example_xcom
[2025-04-13T16:48:59.987+0000] {logging_mixin.py:190} INFO - [2025-04-13T16:48:59.987+0000] {dag.py:3239} INFO - Sync 1 DAGs
[2025-04-13T16:49:00.119+0000] {logging_mixin.py:190} INFO - [2025-04-13T16:49:00.117+0000] {dag.py:3262} INFO - Creating ORM DAG for example_xcom
[2025-04-13T16:49:00.189+0000] {logging_mixin.py:190} INFO - [2025-04-13T16:49:00.188+0000] {dag.py:4180} INFO - Setting next_dagrun for example_xcom to 2021-01-01 00:00:00+00:00, run_after=2021-01-01 00:00:00+00:00
[2025-04-13T16:49:00.336+0000] {processor.py:208} INFO - Processing /home/airflow/.local/lib/python3.12/site-packages/airflow/example_dags/example_xcom.py took 2.328 seconds
[2025-04-13T16:50:44.874+0000] {processor.py:186} INFO - Started process (PID=189) to work on /home/airflow/.local/lib/python3.12/site-packages/airflow/example_dags/example_xcom.py
[2025-04-13T16:50:44.880+0000] {processor.py:914} INFO - Processing file /home/airflow/.local/lib/python3.12/site-packages/airflow/example_dags/example_xcom.py for tasks to queue
[2025-04-13T16:50:44.901+0000] {logging_mixin.py:190} INFO - [2025-04-13T16:50:44.889+0000] {dagbag.py:588} INFO - Filling up the DagBag from /home/airflow/.local/lib/python3.12/site-packages/airflow/example_dags/example_xcom.py
[2025-04-13T16:50:44.987+0000] {processor.py:925} INFO - DAG(s) 'example_xcom' retrieved from /home/airflow/.local/lib/python3.12/site-packages/airflow/example_dags/example_xcom.py
[2025-04-13T16:50:45.301+0000] {logging_mixin.py:190} INFO - [2025-04-13T16:50:45.301+0000] {dag.py:3239} INFO - Sync 1 DAGs
[2025-04-13T16:50:45.490+0000] {logging_mixin.py:190} INFO - [2025-04-13T16:50:45.488+0000] {dag.py:4180} INFO - Setting next_dagrun for example_xcom to 2021-01-01 00:00:00+00:00, run_after=2021-01-01 00:00:00+00:00
[2025-04-13T16:50:45.678+0000] {processor.py:208} INFO - Processing /home/airflow/.local/lib/python3.12/site-packages/airflow/example_dags/example_xcom.py took 0.854 seconds
[2025-04-13T16:51:25.051+0000] {processor.py:186} INFO - Started process (PID=259) to work on /home/airflow/.local/lib/python3.12/site-packages/airflow/example_dags/example_xcom.py
[2025-04-13T16:51:25.089+0000] {processor.py:914} INFO - Processing file /home/airflow/.local/lib/python3.12/site-packages/airflow/example_dags/example_xcom.py for tasks to queue
[2025-04-13T16:51:25.110+0000] {logging_mixin.py:190} INFO - [2025-04-13T16:51:25.096+0000] {dagbag.py:588} INFO - Filling up the DagBag from /home/airflow/.local/lib/python3.12/site-packages/airflow/example_dags/example_xcom.py
[2025-04-13T16:51:25.185+0000] {processor.py:925} INFO - DAG(s) 'example_xcom' retrieved from /home/airflow/.local/lib/python3.12/site-packages/airflow/example_dags/example_xcom.py
[2025-04-13T16:51:25.432+0000] {logging_mixin.py:190} INFO - [2025-04-13T16:51:25.432+0000] {dag.py:3239} INFO - Sync 1 DAGs
[2025-04-13T16:51:25.622+0000] {logging_mixin.py:190} INFO - [2025-04-13T16:51:25.621+0000] {dag.py:4180} INFO - Setting next_dagrun for example_xcom to 2021-01-01 00:00:00+00:00, run_after=2021-01-01 00:00:00+00:00
[2025-04-13T16:51:25.740+0000] {processor.py:208} INFO - Processing /home/airflow/.local/lib/python3.12/site-packages/airflow/example_dags/example_xcom.py took 0.747 seconds
[2025-04-13T16:51:56.191+0000] {processor.py:186} INFO - Started process (PID=322) to work on /home/airflow/.local/lib/python3.12/site-packages/airflow/example_dags/example_xcom.py
[2025-04-13T16:51:56.196+0000] {processor.py:914} INFO - Processing file /home/airflow/.local/lib/python3.12/site-packages/airflow/example_dags/example_xcom.py for tasks to queue
[2025-04-13T16:51:56.219+0000] {logging_mixin.py:190} INFO - [2025-04-13T16:51:56.218+0000] {dagbag.py:588} INFO - Filling up the DagBag from /home/airflow/.local/lib/python3.12/site-packages/airflow/example_dags/example_xcom.py
[2025-04-13T16:51:56.256+0000] {processor.py:925} INFO - DAG(s) 'example_xcom' retrieved from /home/airflow/.local/lib/python3.12/site-packages/airflow/example_dags/example_xcom.py
[2025-04-13T16:51:56.349+0000] {logging_mixin.py:190} INFO - [2025-04-13T16:51:56.346+0000] {dag.py:3239} INFO - Sync 1 DAGs
[2025-04-13T16:51:56.425+0000] {logging_mixin.py:190} INFO - [2025-04-13T16:51:56.424+0000] {dag.py:4180} INFO - Setting next_dagrun for example_xcom to 2021-01-01 00:00:00+00:00, run_after=2021-01-01 00:00:00+00:00
[2025-04-13T16:51:56.537+0000] {processor.py:208} INFO - Processing /home/airflow/.local/lib/python3.12/site-packages/airflow/example_dags/example_xcom.py took 0.360 seconds
[2025-04-13T16:52:28.315+0000] {processor.py:186} INFO - Started process (PID=386) to work on /home/airflow/.local/lib/python3.12/site-packages/airflow/example_dags/example_xcom.py
[2025-04-13T16:52:28.325+0000] {processor.py:914} INFO - Processing file /home/airflow/.local/lib/python3.12/site-packages/airflow/example_dags/example_xcom.py for tasks to queue
[2025-04-13T16:52:28.333+0000] {logging_mixin.py:190} INFO - [2025-04-13T16:52:28.332+0000] {dagbag.py:588} INFO - Filling up the DagBag from /home/airflow/.local/lib/python3.12/site-packages/airflow/example_dags/example_xcom.py
[2025-04-13T16:52:28.377+0000] {processor.py:925} INFO - DAG(s) 'example_xcom' retrieved from /home/airflow/.local/lib/python3.12/site-packages/airflow/example_dags/example_xcom.py
[2025-04-13T16:52:28.523+0000] {logging_mixin.py:190} INFO - [2025-04-13T16:52:28.523+0000] {dag.py:3239} INFO - Sync 1 DAGs
[2025-04-13T16:52:28.620+0000] {logging_mixin.py:190} INFO - [2025-04-13T16:52:28.620+0000] {dag.py:4180} INFO - Setting next_dagrun for example_xcom to 2021-01-01 00:00:00+00:00, run_after=2021-01-01 00:00:00+00:00
[2025-04-13T16:52:28.718+0000] {processor.py:208} INFO - Processing /home/airflow/.local/lib/python3.12/site-packages/airflow/example_dags/example_xcom.py took 0.440 seconds
[2025-04-13T16:53:13.338+0000] {processor.py:186} INFO - Started process (PID=450) to work on /home/airflow/.local/lib/python3.12/site-packages/airflow/example_dags/example_xcom.py
[2025-04-13T16:53:13.341+0000] {processor.py:914} INFO - Processing file /home/airflow/.local/lib/python3.12/site-packages/airflow/example_dags/example_xcom.py for tasks to queue
[2025-04-13T16:53:13.389+0000] {logging_mixin.py:190} INFO - [2025-04-13T16:53:13.389+0000] {dagbag.py:588} INFO - Filling up the DagBag from /home/airflow/.local/lib/python3.12/site-packages/airflow/example_dags/example_xcom.py
[2025-04-13T16:53:13.566+0000] {processor.py:925} INFO - DAG(s) 'example_xcom' retrieved from /home/airflow/.local/lib/python3.12/site-packages/airflow/example_dags/example_xcom.py
[2025-04-13T16:53:14.012+0000] {logging_mixin.py:190} INFO - [2025-04-13T16:53:14.011+0000] {dag.py:3239} INFO - Sync 1 DAGs
[2025-04-13T16:53:14.282+0000] {logging_mixin.py:190} INFO - [2025-04-13T16:53:14.280+0000] {dag.py:4180} INFO - Setting next_dagrun for example_xcom to 2021-01-01 00:00:00+00:00, run_after=2021-01-01 00:00:00+00:00
[2025-04-13T16:53:15.083+0000] {processor.py:208} INFO - Processing /home/airflow/.local/lib/python3.12/site-packages/airflow/example_dags/example_xcom.py took 1.840 seconds
[2025-04-13T16:53:53.111+0000] {processor.py:186} INFO - Started process (PID=517) to work on /home/airflow/.local/lib/python3.12/site-packages/airflow/example_dags/example_xcom.py
[2025-04-13T16:53:53.114+0000] {processor.py:914} INFO - Processing file /home/airflow/.local/lib/python3.12/site-packages/airflow/example_dags/example_xcom.py for tasks to queue
[2025-04-13T16:53:53.126+0000] {logging_mixin.py:190} INFO - [2025-04-13T16:53:53.124+0000] {dagbag.py:588} INFO - Filling up the DagBag from /home/airflow/.local/lib/python3.12/site-packages/airflow/example_dags/example_xcom.py
[2025-04-13T16:53:53.161+0000] {processor.py:925} INFO - DAG(s) 'example_xcom' retrieved from /home/airflow/.local/lib/python3.12/site-packages/airflow/example_dags/example_xcom.py
[2025-04-13T16:53:53.247+0000] {logging_mixin.py:190} INFO - [2025-04-13T16:53:53.246+0000] {dag.py:3239} INFO - Sync 1 DAGs
[2025-04-13T16:53:53.332+0000] {logging_mixin.py:190} INFO - [2025-04-13T16:53:53.332+0000] {dag.py:4180} INFO - Setting next_dagrun for example_xcom to 2021-01-01 00:00:00+00:00, run_after=2021-01-01 00:00:00+00:00
[2025-04-13T16:53:53.394+0000] {processor.py:208} INFO - Processing /home/airflow/.local/lib/python3.12/site-packages/airflow/example_dags/example_xcom.py took 0.296 seconds
[2025-04-13T16:54:35.123+0000] {processor.py:186} INFO - Started process (PID=567) to work on /home/airflow/.local/lib/python3.12/site-packages/airflow/example_dags/example_xcom.py
[2025-04-13T16:54:35.127+0000] {processor.py:914} INFO - Processing file /home/airflow/.local/lib/python3.12/site-packages/airflow/example_dags/example_xcom.py for tasks to queue
[2025-04-13T16:54:35.138+0000] {logging_mixin.py:190} INFO - [2025-04-13T16:54:35.136+0000] {dagbag.py:588} INFO - Filling up the DagBag from /home/airflow/.local/lib/python3.12/site-packages/airflow/example_dags/example_xcom.py
[2025-04-13T16:54:35.184+0000] {processor.py:925} INFO - DAG(s) 'example_xcom' retrieved from /home/airflow/.local/lib/python3.12/site-packages/airflow/example_dags/example_xcom.py
[2025-04-13T16:54:35.469+0000] {logging_mixin.py:190} INFO - [2025-04-13T16:54:35.469+0000] {dag.py:3239} INFO - Sync 1 DAGs
[2025-04-13T16:54:35.587+0000] {logging_mixin.py:190} INFO - [2025-04-13T16:54:35.585+0000] {dag.py:4180} INFO - Setting next_dagrun for example_xcom to 2021-01-01 00:00:00+00:00, run_after=2021-01-01 00:00:00+00:00
[2025-04-13T16:54:35.802+0000] {processor.py:208} INFO - Processing /home/airflow/.local/lib/python3.12/site-packages/airflow/example_dags/example_xcom.py took 0.716 seconds
[2025-04-13T16:55:25.187+0000] {processor.py:186} INFO - Started process (PID=633) to work on /home/airflow/.local/lib/python3.12/site-packages/airflow/example_dags/example_xcom.py
[2025-04-13T16:55:25.203+0000] {processor.py:914} INFO - Processing file /home/airflow/.local/lib/python3.12/site-packages/airflow/example_dags/example_xcom.py for tasks to queue
[2025-04-13T16:55:25.244+0000] {logging_mixin.py:190} INFO - [2025-04-13T16:55:25.243+0000] {dagbag.py:588} INFO - Filling up the DagBag from /home/airflow/.local/lib/python3.12/site-packages/airflow/example_dags/example_xcom.py
[2025-04-13T16:55:25.521+0000] {processor.py:925} INFO - DAG(s) 'example_xcom' retrieved from /home/airflow/.local/lib/python3.12/site-packages/airflow/example_dags/example_xcom.py
[2025-04-13T16:55:26.069+0000] {logging_mixin.py:190} INFO - [2025-04-13T16:55:26.068+0000] {dag.py:3239} INFO - Sync 1 DAGs
[2025-04-13T16:55:27.066+0000] {logging_mixin.py:190} INFO - [2025-04-13T16:55:27.055+0000] {dag.py:4180} INFO - Setting next_dagrun for example_xcom to 2021-01-01 00:00:00+00:00, run_after=2021-01-01 00:00:00+00:00
[2025-04-13T16:55:27.275+0000] {processor.py:208} INFO - Processing /home/airflow/.local/lib/python3.12/site-packages/airflow/example_dags/example_xcom.py took 2.213 seconds
[2025-04-13T17:03:29.934+0000] {processor.py:186} INFO - Started process (PID=122) to work on /home/airflow/.local/lib/python3.12/site-packages/airflow/example_dags/example_xcom.py
[2025-04-13T17:03:30.173+0000] {processor.py:914} INFO - Processing file /home/airflow/.local/lib/python3.12/site-packages/airflow/example_dags/example_xcom.py for tasks to queue
[2025-04-13T17:03:30.408+0000] {logging_mixin.py:190} INFO - [2025-04-13T17:03:30.389+0000] {dagbag.py:588} INFO - Filling up the DagBag from /home/airflow/.local/lib/python3.12/site-packages/airflow/example_dags/example_xcom.py
[2025-04-13T17:03:30.730+0000] {processor.py:925} INFO - DAG(s) 'example_xcom' retrieved from /home/airflow/.local/lib/python3.12/site-packages/airflow/example_dags/example_xcom.py
[2025-04-13T17:03:31.284+0000] {logging_mixin.py:190} INFO - [2025-04-13T17:03:31.219+0000] {dag.py:3239} INFO - Sync 1 DAGs
[2025-04-13T17:03:32.227+0000] {logging_mixin.py:190} INFO - [2025-04-13T17:03:32.227+0000] {dag.py:4180} INFO - Setting next_dagrun for example_xcom to 2021-01-01 00:00:00+00:00, run_after=2021-01-01 00:00:00+00:00
[2025-04-13T17:03:32.689+0000] {processor.py:208} INFO - Processing /home/airflow/.local/lib/python3.12/site-packages/airflow/example_dags/example_xcom.py took 2.915 seconds
[2025-04-13T17:05:43.864+0000] {processor.py:186} INFO - Started process (PID=203) to work on /home/airflow/.local/lib/python3.12/site-packages/airflow/example_dags/example_xcom.py
[2025-04-13T17:05:43.891+0000] {processor.py:914} INFO - Processing file /home/airflow/.local/lib/python3.12/site-packages/airflow/example_dags/example_xcom.py for tasks to queue
[2025-04-13T17:05:43.967+0000] {logging_mixin.py:190} INFO - [2025-04-13T17:05:43.966+0000] {dagbag.py:588} INFO - Filling up the DagBag from /home/airflow/.local/lib/python3.12/site-packages/airflow/example_dags/example_xcom.py
[2025-04-13T17:05:44.350+0000] {processor.py:925} INFO - DAG(s) 'example_xcom' retrieved from /home/airflow/.local/lib/python3.12/site-packages/airflow/example_dags/example_xcom.py
[2025-04-13T17:05:44.843+0000] {logging_mixin.py:190} INFO - [2025-04-13T17:05:44.842+0000] {dag.py:3239} INFO - Sync 1 DAGs
[2025-04-13T17:05:45.362+0000] {logging_mixin.py:190} INFO - [2025-04-13T17:05:45.361+0000] {dag.py:4180} INFO - Setting next_dagrun for example_xcom to 2021-01-01 00:00:00+00:00, run_after=2021-01-01 00:00:00+00:00
[2025-04-13T17:05:45.789+0000] {processor.py:208} INFO - Processing /home/airflow/.local/lib/python3.12/site-packages/airflow/example_dags/example_xcom.py took 1.980 seconds
[2025-04-13T17:24:04.753+0000] {processor.py:186} INFO - Started process (PID=171) to work on /home/airflow/.local/lib/python3.12/site-packages/airflow/example_dags/example_xcom.py
[2025-04-13T17:24:04.867+0000] {processor.py:914} INFO - Processing file /home/airflow/.local/lib/python3.12/site-packages/airflow/example_dags/example_xcom.py for tasks to queue
[2025-04-13T17:24:04.893+0000] {logging_mixin.py:190} INFO - [2025-04-13T17:24:04.874+0000] {dagbag.py:588} INFO - Filling up the DagBag from /home/airflow/.local/lib/python3.12/site-packages/airflow/example_dags/example_xcom.py
[2025-04-13T17:24:05.433+0000] {processor.py:925} INFO - DAG(s) 'example_xcom' retrieved from /home/airflow/.local/lib/python3.12/site-packages/airflow/example_dags/example_xcom.py
[2025-04-13T17:24:07.096+0000] {logging_mixin.py:190} INFO - [2025-04-13T17:24:07.095+0000] {dag.py:3239} INFO - Sync 1 DAGs
[2025-04-13T17:24:10.064+0000] {logging_mixin.py:190} INFO - [2025-04-13T17:24:10.063+0000] {dag.py:4180} INFO - Setting next_dagrun for example_xcom to 2021-01-01 00:00:00+00:00, run_after=2021-01-01 00:00:00+00:00
[2025-04-13T17:24:13.608+0000] {processor.py:208} INFO - Processing /home/airflow/.local/lib/python3.12/site-packages/airflow/example_dags/example_xcom.py took 9.169 seconds
[2025-04-13T18:10:40.878+0000] {processor.py:186} INFO - Started process (PID=267) to work on /home/airflow/.local/lib/python3.12/site-packages/airflow/example_dags/example_xcom.py
[2025-04-13T18:10:41.010+0000] {processor.py:914} INFO - Processing file /home/airflow/.local/lib/python3.12/site-packages/airflow/example_dags/example_xcom.py for tasks to queue
[2025-04-13T18:10:41.259+0000] {logging_mixin.py:190} INFO - [2025-04-13T18:10:41.258+0000] {dagbag.py:588} INFO - Filling up the DagBag from /home/airflow/.local/lib/python3.12/site-packages/airflow/example_dags/example_xcom.py
[2025-04-13T18:10:41.479+0000] {processor.py:925} INFO - DAG(s) 'example_xcom' retrieved from /home/airflow/.local/lib/python3.12/site-packages/airflow/example_dags/example_xcom.py
[2025-04-13T18:10:44.751+0000] {logging_mixin.py:190} INFO - [2025-04-13T18:10:44.751+0000] {dag.py:3239} INFO - Sync 1 DAGs
[2025-04-13T18:10:46.536+0000] {logging_mixin.py:190} INFO - [2025-04-13T18:10:46.535+0000] {dag.py:4180} INFO - Setting next_dagrun for example_xcom to 2021-01-01 00:00:00+00:00, run_after=2021-01-01 00:00:00+00:00
[2025-04-13T18:10:50.824+0000] {processor.py:208} INFO - Processing /home/airflow/.local/lib/python3.12/site-packages/airflow/example_dags/example_xcom.py took 10.327 seconds
[2025-04-13T18:19:17.363+0000] {processor.py:186} INFO - Started process (PID=406) to work on /home/airflow/.local/lib/python3.12/site-packages/airflow/example_dags/example_xcom.py
[2025-04-13T18:19:17.460+0000] {processor.py:914} INFO - Processing file /home/airflow/.local/lib/python3.12/site-packages/airflow/example_dags/example_xcom.py for tasks to queue
[2025-04-13T18:19:17.681+0000] {logging_mixin.py:190} INFO - [2025-04-13T18:19:17.680+0000] {dagbag.py:588} INFO - Filling up the DagBag from /home/airflow/.local/lib/python3.12/site-packages/airflow/example_dags/example_xcom.py
[2025-04-13T18:19:18.598+0000] {processor.py:925} INFO - DAG(s) 'example_xcom' retrieved from /home/airflow/.local/lib/python3.12/site-packages/airflow/example_dags/example_xcom.py
[2025-04-13T18:19:22.729+0000] {logging_mixin.py:190} INFO - [2025-04-13T18:19:22.728+0000] {dag.py:3239} INFO - Sync 1 DAGs
[2025-04-13T18:19:25.812+0000] {logging_mixin.py:190} INFO - [2025-04-13T18:19:25.811+0000] {dag.py:4180} INFO - Setting next_dagrun for example_xcom to 2021-01-01 00:00:00+00:00, run_after=2021-01-01 00:00:00+00:00
[2025-04-13T18:19:29.256+0000] {processor.py:208} INFO - Processing /home/airflow/.local/lib/python3.12/site-packages/airflow/example_dags/example_xcom.py took 12.189 seconds
[2025-04-13T20:51:52.911+0000] {processor.py:186} INFO - Started process (PID=102) to work on /home/airflow/.local/lib/python3.12/site-packages/airflow/example_dags/example_xcom.py
[2025-04-13T20:51:52.921+0000] {processor.py:914} INFO - Processing file /home/airflow/.local/lib/python3.12/site-packages/airflow/example_dags/example_xcom.py for tasks to queue
[2025-04-13T20:51:53.016+0000] {logging_mixin.py:190} INFO - [2025-04-13T20:51:53.015+0000] {dagbag.py:588} INFO - Filling up the DagBag from /home/airflow/.local/lib/python3.12/site-packages/airflow/example_dags/example_xcom.py
[2025-04-13T20:51:53.074+0000] {processor.py:925} INFO - DAG(s) 'example_xcom' retrieved from /home/airflow/.local/lib/python3.12/site-packages/airflow/example_dags/example_xcom.py
[2025-04-13T20:51:53.279+0000] {logging_mixin.py:190} INFO - [2025-04-13T20:51:53.278+0000] {dag.py:3239} INFO - Sync 1 DAGs
[2025-04-13T20:51:53.519+0000] {logging_mixin.py:190} INFO - [2025-04-13T20:51:53.518+0000] {dag.py:4180} INFO - Setting next_dagrun for example_xcom to 2021-01-01 00:00:00+00:00, run_after=2021-01-01 00:00:00+00:00
[2025-04-13T20:51:53.615+0000] {processor.py:208} INFO - Processing /home/airflow/.local/lib/python3.12/site-packages/airflow/example_dags/example_xcom.py took 0.797 seconds
[2025-04-13T20:52:23.856+0000] {processor.py:186} INFO - Started process (PID=166) to work on /home/airflow/.local/lib/python3.12/site-packages/airflow/example_dags/example_xcom.py
[2025-04-13T20:52:23.857+0000] {processor.py:914} INFO - Processing file /home/airflow/.local/lib/python3.12/site-packages/airflow/example_dags/example_xcom.py for tasks to queue
[2025-04-13T20:52:23.861+0000] {logging_mixin.py:190} INFO - [2025-04-13T20:52:23.860+0000] {dagbag.py:588} INFO - Filling up the DagBag from /home/airflow/.local/lib/python3.12/site-packages/airflow/example_dags/example_xcom.py
[2025-04-13T20:52:23.876+0000] {processor.py:925} INFO - DAG(s) 'example_xcom' retrieved from /home/airflow/.local/lib/python3.12/site-packages/airflow/example_dags/example_xcom.py
[2025-04-13T20:52:23.915+0000] {logging_mixin.py:190} INFO - [2025-04-13T20:52:23.915+0000] {dag.py:3239} INFO - Sync 1 DAGs
[2025-04-13T20:52:23.961+0000] {logging_mixin.py:190} INFO - [2025-04-13T20:52:23.960+0000] {dag.py:4180} INFO - Setting next_dagrun for example_xcom to 2021-01-01 00:00:00+00:00, run_after=2021-01-01 00:00:00+00:00
[2025-04-13T20:52:23.997+0000] {processor.py:208} INFO - Processing /home/airflow/.local/lib/python3.12/site-packages/airflow/example_dags/example_xcom.py took 0.150 seconds
[2025-04-13T20:53:06.580+0000] {processor.py:186} INFO - Started process (PID=229) to work on /home/airflow/.local/lib/python3.12/site-packages/airflow/example_dags/example_xcom.py
[2025-04-13T20:53:06.581+0000] {processor.py:914} INFO - Processing file /home/airflow/.local/lib/python3.12/site-packages/airflow/example_dags/example_xcom.py for tasks to queue
[2025-04-13T20:53:06.585+0000] {logging_mixin.py:190} INFO - [2025-04-13T20:53:06.585+0000] {dagbag.py:588} INFO - Filling up the DagBag from /home/airflow/.local/lib/python3.12/site-packages/airflow/example_dags/example_xcom.py
[2025-04-13T20:53:06.603+0000] {processor.py:925} INFO - DAG(s) 'example_xcom' retrieved from /home/airflow/.local/lib/python3.12/site-packages/airflow/example_dags/example_xcom.py
[2025-04-13T20:53:06.667+0000] {logging_mixin.py:190} INFO - [2025-04-13T20:53:06.667+0000] {dag.py:3239} INFO - Sync 1 DAGs
[2025-04-13T20:53:06.736+0000] {logging_mixin.py:190} INFO - [2025-04-13T20:53:06.734+0000] {dag.py:4180} INFO - Setting next_dagrun for example_xcom to 2021-01-01 00:00:00+00:00, run_after=2021-01-01 00:00:00+00:00
[2025-04-13T20:53:06.841+0000] {processor.py:208} INFO - Processing /home/airflow/.local/lib/python3.12/site-packages/airflow/example_dags/example_xcom.py took 0.271 seconds
[2025-04-13T20:53:38.984+0000] {processor.py:186} INFO - Started process (PID=293) to work on /home/airflow/.local/lib/python3.12/site-packages/airflow/example_dags/example_xcom.py
[2025-04-13T20:53:38.985+0000] {processor.py:914} INFO - Processing file /home/airflow/.local/lib/python3.12/site-packages/airflow/example_dags/example_xcom.py for tasks to queue
[2025-04-13T20:53:38.989+0000] {logging_mixin.py:190} INFO - [2025-04-13T20:53:38.989+0000] {dagbag.py:588} INFO - Filling up the DagBag from /home/airflow/.local/lib/python3.12/site-packages/airflow/example_dags/example_xcom.py
[2025-04-13T20:53:39.005+0000] {processor.py:925} INFO - DAG(s) 'example_xcom' retrieved from /home/airflow/.local/lib/python3.12/site-packages/airflow/example_dags/example_xcom.py
[2025-04-13T20:53:39.057+0000] {logging_mixin.py:190} INFO - [2025-04-13T20:53:39.057+0000] {dag.py:3239} INFO - Sync 1 DAGs
[2025-04-13T20:53:39.113+0000] {logging_mixin.py:190} INFO - [2025-04-13T20:53:39.112+0000] {dag.py:4180} INFO - Setting next_dagrun for example_xcom to 2021-01-01 00:00:00+00:00, run_after=2021-01-01 00:00:00+00:00
[2025-04-13T20:53:39.166+0000] {processor.py:208} INFO - Processing /home/airflow/.local/lib/python3.12/site-packages/airflow/example_dags/example_xcom.py took 0.193 seconds
[2025-04-13T20:54:10.426+0000] {processor.py:186} INFO - Started process (PID=358) to work on /home/airflow/.local/lib/python3.12/site-packages/airflow/example_dags/example_xcom.py
[2025-04-13T20:54:10.433+0000] {processor.py:914} INFO - Processing file /home/airflow/.local/lib/python3.12/site-packages/airflow/example_dags/example_xcom.py for tasks to queue
[2025-04-13T20:54:10.441+0000] {logging_mixin.py:190} INFO - [2025-04-13T20:54:10.437+0000] {dagbag.py:588} INFO - Filling up the DagBag from /home/airflow/.local/lib/python3.12/site-packages/airflow/example_dags/example_xcom.py
[2025-04-13T20:54:10.539+0000] {processor.py:925} INFO - DAG(s) 'example_xcom' retrieved from /home/airflow/.local/lib/python3.12/site-packages/airflow/example_dags/example_xcom.py
[2025-04-13T20:54:10.691+0000] {logging_mixin.py:190} INFO - [2025-04-13T20:54:10.680+0000] {dag.py:3239} INFO - Sync 1 DAGs
[2025-04-13T20:54:10.776+0000] {logging_mixin.py:190} INFO - [2025-04-13T20:54:10.776+0000] {dag.py:4180} INFO - Setting next_dagrun for example_xcom to 2021-01-01 00:00:00+00:00, run_after=2021-01-01 00:00:00+00:00
[2025-04-13T20:54:10.843+0000] {processor.py:208} INFO - Processing /home/airflow/.local/lib/python3.12/site-packages/airflow/example_dags/example_xcom.py took 0.442 seconds
[2025-04-13T20:54:42.273+0000] {processor.py:186} INFO - Started process (PID=421) to work on /home/airflow/.local/lib/python3.12/site-packages/airflow/example_dags/example_xcom.py
[2025-04-13T20:54:42.276+0000] {processor.py:914} INFO - Processing file /home/airflow/.local/lib/python3.12/site-packages/airflow/example_dags/example_xcom.py for tasks to queue
[2025-04-13T20:54:42.286+0000] {logging_mixin.py:190} INFO - [2025-04-13T20:54:42.282+0000] {dagbag.py:588} INFO - Filling up the DagBag from /home/airflow/.local/lib/python3.12/site-packages/airflow/example_dags/example_xcom.py
[2025-04-13T20:54:42.346+0000] {processor.py:925} INFO - DAG(s) 'example_xcom' retrieved from /home/airflow/.local/lib/python3.12/site-packages/airflow/example_dags/example_xcom.py
[2025-04-13T20:54:42.475+0000] {logging_mixin.py:190} INFO - [2025-04-13T20:54:42.474+0000] {dag.py:3239} INFO - Sync 1 DAGs
[2025-04-13T20:54:42.566+0000] {logging_mixin.py:190} INFO - [2025-04-13T20:54:42.565+0000] {dag.py:4180} INFO - Setting next_dagrun for example_xcom to 2021-01-01 00:00:00+00:00, run_after=2021-01-01 00:00:00+00:00
[2025-04-13T20:54:42.661+0000] {processor.py:208} INFO - Processing /home/airflow/.local/lib/python3.12/site-packages/airflow/example_dags/example_xcom.py took 0.397 seconds
[2025-04-13T20:55:15.084+0000] {processor.py:186} INFO - Started process (PID=484) to work on /home/airflow/.local/lib/python3.12/site-packages/airflow/example_dags/example_xcom.py
[2025-04-13T20:55:15.086+0000] {processor.py:914} INFO - Processing file /home/airflow/.local/lib/python3.12/site-packages/airflow/example_dags/example_xcom.py for tasks to queue
[2025-04-13T20:55:15.092+0000] {logging_mixin.py:190} INFO - [2025-04-13T20:55:15.091+0000] {dagbag.py:588} INFO - Filling up the DagBag from /home/airflow/.local/lib/python3.12/site-packages/airflow/example_dags/example_xcom.py
[2025-04-13T20:55:15.120+0000] {processor.py:925} INFO - DAG(s) 'example_xcom' retrieved from /home/airflow/.local/lib/python3.12/site-packages/airflow/example_dags/example_xcom.py
[2025-04-13T20:55:15.180+0000] {logging_mixin.py:190} INFO - [2025-04-13T20:55:15.180+0000] {dag.py:3239} INFO - Sync 1 DAGs
[2025-04-13T20:55:15.250+0000] {logging_mixin.py:190} INFO - [2025-04-13T20:55:15.249+0000] {dag.py:4180} INFO - Setting next_dagrun for example_xcom to 2021-01-01 00:00:00+00:00, run_after=2021-01-01 00:00:00+00:00
[2025-04-13T20:55:15.370+0000] {processor.py:208} INFO - Processing /home/airflow/.local/lib/python3.12/site-packages/airflow/example_dags/example_xcom.py took 0.298 seconds
[2025-04-13T20:55:48.093+0000] {processor.py:186} INFO - Started process (PID=548) to work on /home/airflow/.local/lib/python3.12/site-packages/airflow/example_dags/example_xcom.py
[2025-04-13T20:55:48.095+0000] {processor.py:914} INFO - Processing file /home/airflow/.local/lib/python3.12/site-packages/airflow/example_dags/example_xcom.py for tasks to queue
[2025-04-13T20:55:48.099+0000] {logging_mixin.py:190} INFO - [2025-04-13T20:55:48.098+0000] {dagbag.py:588} INFO - Filling up the DagBag from /home/airflow/.local/lib/python3.12/site-packages/airflow/example_dags/example_xcom.py
[2025-04-13T20:55:48.116+0000] {processor.py:925} INFO - DAG(s) 'example_xcom' retrieved from /home/airflow/.local/lib/python3.12/site-packages/airflow/example_dags/example_xcom.py
[2025-04-13T20:55:48.182+0000] {logging_mixin.py:190} INFO - [2025-04-13T20:55:48.179+0000] {dag.py:3239} INFO - Sync 1 DAGs
[2025-04-13T20:55:48.245+0000] {logging_mixin.py:190} INFO - [2025-04-13T20:55:48.244+0000] {dag.py:4180} INFO - Setting next_dagrun for example_xcom to 2021-01-01 00:00:00+00:00, run_after=2021-01-01 00:00:00+00:00
[2025-04-13T20:55:48.284+0000] {processor.py:208} INFO - Processing /home/airflow/.local/lib/python3.12/site-packages/airflow/example_dags/example_xcom.py took 0.200 seconds
[2025-04-13T20:56:19.397+0000] {processor.py:186} INFO - Started process (PID=611) to work on /home/airflow/.local/lib/python3.12/site-packages/airflow/example_dags/example_xcom.py
[2025-04-13T20:56:19.615+0000] {processor.py:914} INFO - Processing file /home/airflow/.local/lib/python3.12/site-packages/airflow/example_dags/example_xcom.py for tasks to queue
[2025-04-13T20:56:19.627+0000] {logging_mixin.py:190} INFO - [2025-04-13T20:56:19.623+0000] {dagbag.py:588} INFO - Filling up the DagBag from /home/airflow/.local/lib/python3.12/site-packages/airflow/example_dags/example_xcom.py
[2025-04-13T20:56:19.755+0000] {processor.py:925} INFO - DAG(s) 'example_xcom' retrieved from /home/airflow/.local/lib/python3.12/site-packages/airflow/example_dags/example_xcom.py
[2025-04-13T20:56:20.377+0000] {logging_mixin.py:190} INFO - [2025-04-13T20:56:20.353+0000] {dag.py:3239} INFO - Sync 1 DAGs
[2025-04-13T20:56:20.649+0000] {logging_mixin.py:190} INFO - [2025-04-13T20:56:20.649+0000] {dag.py:4180} INFO - Setting next_dagrun for example_xcom to 2021-01-01 00:00:00+00:00, run_after=2021-01-01 00:00:00+00:00
[2025-04-13T20:56:20.915+0000] {processor.py:208} INFO - Processing /home/airflow/.local/lib/python3.12/site-packages/airflow/example_dags/example_xcom.py took 1.574 seconds
[2025-04-13T20:56:51.277+0000] {processor.py:186} INFO - Started process (PID=681) to work on /home/airflow/.local/lib/python3.12/site-packages/airflow/example_dags/example_xcom.py
[2025-04-13T20:56:51.280+0000] {processor.py:914} INFO - Processing file /home/airflow/.local/lib/python3.12/site-packages/airflow/example_dags/example_xcom.py for tasks to queue
[2025-04-13T20:56:51.286+0000] {logging_mixin.py:190} INFO - [2025-04-13T20:56:51.286+0000] {dagbag.py:588} INFO - Filling up the DagBag from /home/airflow/.local/lib/python3.12/site-packages/airflow/example_dags/example_xcom.py
[2025-04-13T20:56:51.320+0000] {processor.py:925} INFO - DAG(s) 'example_xcom' retrieved from /home/airflow/.local/lib/python3.12/site-packages/airflow/example_dags/example_xcom.py
[2025-04-13T20:56:51.371+0000] {logging_mixin.py:190} INFO - [2025-04-13T20:56:51.370+0000] {dag.py:3239} INFO - Sync 1 DAGs
[2025-04-13T20:56:51.446+0000] {logging_mixin.py:190} INFO - [2025-04-13T20:56:51.445+0000] {dag.py:4180} INFO - Setting next_dagrun for example_xcom to 2021-01-01 00:00:00+00:00, run_after=2021-01-01 00:00:00+00:00
[2025-04-13T20:56:51.535+0000] {processor.py:208} INFO - Processing /home/airflow/.local/lib/python3.12/site-packages/airflow/example_dags/example_xcom.py took 0.270 seconds
[2025-04-13T20:57:21.918+0000] {processor.py:186} INFO - Started process (PID=744) to work on /home/airflow/.local/lib/python3.12/site-packages/airflow/example_dags/example_xcom.py
[2025-04-13T20:57:21.920+0000] {processor.py:914} INFO - Processing file /home/airflow/.local/lib/python3.12/site-packages/airflow/example_dags/example_xcom.py for tasks to queue
[2025-04-13T20:57:21.926+0000] {logging_mixin.py:190} INFO - [2025-04-13T20:57:21.925+0000] {dagbag.py:588} INFO - Filling up the DagBag from /home/airflow/.local/lib/python3.12/site-packages/airflow/example_dags/example_xcom.py
[2025-04-13T20:57:21.985+0000] {processor.py:925} INFO - DAG(s) 'example_xcom' retrieved from /home/airflow/.local/lib/python3.12/site-packages/airflow/example_dags/example_xcom.py
[2025-04-13T20:57:22.123+0000] {logging_mixin.py:190} INFO - [2025-04-13T20:57:22.123+0000] {dag.py:3239} INFO - Sync 1 DAGs
[2025-04-13T20:57:22.194+0000] {logging_mixin.py:190} INFO - [2025-04-13T20:57:22.194+0000] {dag.py:4180} INFO - Setting next_dagrun for example_xcom to 2021-01-01 00:00:00+00:00, run_after=2021-01-01 00:00:00+00:00
[2025-04-13T20:57:22.280+0000] {processor.py:208} INFO - Processing /home/airflow/.local/lib/python3.12/site-packages/airflow/example_dags/example_xcom.py took 0.388 seconds
[2025-04-13T20:57:52.676+0000] {processor.py:186} INFO - Started process (PID=809) to work on /home/airflow/.local/lib/python3.12/site-packages/airflow/example_dags/example_xcom.py
[2025-04-13T20:57:52.683+0000] {processor.py:914} INFO - Processing file /home/airflow/.local/lib/python3.12/site-packages/airflow/example_dags/example_xcom.py for tasks to queue
[2025-04-13T20:57:52.691+0000] {logging_mixin.py:190} INFO - [2025-04-13T20:57:52.690+0000] {dagbag.py:588} INFO - Filling up the DagBag from /home/airflow/.local/lib/python3.12/site-packages/airflow/example_dags/example_xcom.py
[2025-04-13T20:57:52.727+0000] {processor.py:925} INFO - DAG(s) 'example_xcom' retrieved from /home/airflow/.local/lib/python3.12/site-packages/airflow/example_dags/example_xcom.py
[2025-04-13T20:57:52.820+0000] {logging_mixin.py:190} INFO - [2025-04-13T20:57:52.819+0000] {dag.py:3239} INFO - Sync 1 DAGs
[2025-04-13T20:57:52.888+0000] {logging_mixin.py:190} INFO - [2025-04-13T20:57:52.887+0000] {dag.py:4180} INFO - Setting next_dagrun for example_xcom to 2021-01-01 00:00:00+00:00, run_after=2021-01-01 00:00:00+00:00
[2025-04-13T20:57:52.948+0000] {processor.py:208} INFO - Processing /home/airflow/.local/lib/python3.12/site-packages/airflow/example_dags/example_xcom.py took 0.329 seconds
[2025-04-13T20:58:23.494+0000] {processor.py:186} INFO - Started process (PID=873) to work on /home/airflow/.local/lib/python3.12/site-packages/airflow/example_dags/example_xcom.py
[2025-04-13T20:58:23.518+0000] {processor.py:914} INFO - Processing file /home/airflow/.local/lib/python3.12/site-packages/airflow/example_dags/example_xcom.py for tasks to queue
[2025-04-13T20:58:23.523+0000] {logging_mixin.py:190} INFO - [2025-04-13T20:58:23.523+0000] {dagbag.py:588} INFO - Filling up the DagBag from /home/airflow/.local/lib/python3.12/site-packages/airflow/example_dags/example_xcom.py
[2025-04-13T20:58:23.591+0000] {processor.py:925} INFO - DAG(s) 'example_xcom' retrieved from /home/airflow/.local/lib/python3.12/site-packages/airflow/example_dags/example_xcom.py
[2025-04-13T20:58:23.813+0000] {logging_mixin.py:190} INFO - [2025-04-13T20:58:23.812+0000] {dag.py:3239} INFO - Sync 1 DAGs
[2025-04-13T20:58:23.902+0000] {logging_mixin.py:190} INFO - [2025-04-13T20:58:23.901+0000] {dag.py:4180} INFO - Setting next_dagrun for example_xcom to 2021-01-01 00:00:00+00:00, run_after=2021-01-01 00:00:00+00:00
[2025-04-13T20:58:23.984+0000] {processor.py:208} INFO - Processing /home/airflow/.local/lib/python3.12/site-packages/airflow/example_dags/example_xcom.py took 0.506 seconds
[2025-04-13T20:58:54.800+0000] {processor.py:186} INFO - Started process (PID=936) to work on /home/airflow/.local/lib/python3.12/site-packages/airflow/example_dags/example_xcom.py
[2025-04-13T20:58:54.801+0000] {processor.py:914} INFO - Processing file /home/airflow/.local/lib/python3.12/site-packages/airflow/example_dags/example_xcom.py for tasks to queue
[2025-04-13T20:58:54.805+0000] {logging_mixin.py:190} INFO - [2025-04-13T20:58:54.804+0000] {dagbag.py:588} INFO - Filling up the DagBag from /home/airflow/.local/lib/python3.12/site-packages/airflow/example_dags/example_xcom.py
[2025-04-13T20:58:54.830+0000] {processor.py:925} INFO - DAG(s) 'example_xcom' retrieved from /home/airflow/.local/lib/python3.12/site-packages/airflow/example_dags/example_xcom.py
[2025-04-13T20:58:54.874+0000] {logging_mixin.py:190} INFO - [2025-04-13T20:58:54.873+0000] {dag.py:3239} INFO - Sync 1 DAGs
[2025-04-13T20:58:54.933+0000] {logging_mixin.py:190} INFO - [2025-04-13T20:58:54.933+0000] {dag.py:4180} INFO - Setting next_dagrun for example_xcom to 2021-01-01 00:00:00+00:00, run_after=2021-01-01 00:00:00+00:00
[2025-04-13T20:58:54.988+0000] {processor.py:208} INFO - Processing /home/airflow/.local/lib/python3.12/site-packages/airflow/example_dags/example_xcom.py took 0.204 seconds
[2025-04-13T20:59:25.513+0000] {processor.py:186} INFO - Started process (PID=1000) to work on /home/airflow/.local/lib/python3.12/site-packages/airflow/example_dags/example_xcom.py
[2025-04-13T20:59:25.521+0000] {processor.py:914} INFO - Processing file /home/airflow/.local/lib/python3.12/site-packages/airflow/example_dags/example_xcom.py for tasks to queue
[2025-04-13T20:59:25.529+0000] {logging_mixin.py:190} INFO - [2025-04-13T20:59:25.528+0000] {dagbag.py:588} INFO - Filling up the DagBag from /home/airflow/.local/lib/python3.12/site-packages/airflow/example_dags/example_xcom.py
[2025-04-13T20:59:25.564+0000] {processor.py:925} INFO - DAG(s) 'example_xcom' retrieved from /home/airflow/.local/lib/python3.12/site-packages/airflow/example_dags/example_xcom.py
[2025-04-13T20:59:25.666+0000] {logging_mixin.py:190} INFO - [2025-04-13T20:59:25.665+0000] {dag.py:3239} INFO - Sync 1 DAGs
[2025-04-13T20:59:25.726+0000] {logging_mixin.py:190} INFO - [2025-04-13T20:59:25.725+0000] {dag.py:4180} INFO - Setting next_dagrun for example_xcom to 2021-01-01 00:00:00+00:00, run_after=2021-01-01 00:00:00+00:00
[2025-04-13T20:59:25.799+0000] {processor.py:208} INFO - Processing /home/airflow/.local/lib/python3.12/site-packages/airflow/example_dags/example_xcom.py took 0.303 seconds
[2025-04-13T20:59:59.267+0000] {processor.py:186} INFO - Started process (PID=1064) to work on /home/airflow/.local/lib/python3.12/site-packages/airflow/example_dags/example_xcom.py
[2025-04-13T20:59:59.268+0000] {processor.py:914} INFO - Processing file /home/airflow/.local/lib/python3.12/site-packages/airflow/example_dags/example_xcom.py for tasks to queue
[2025-04-13T20:59:59.290+0000] {logging_mixin.py:190} INFO - [2025-04-13T20:59:59.289+0000] {dagbag.py:588} INFO - Filling up the DagBag from /home/airflow/.local/lib/python3.12/site-packages/airflow/example_dags/example_xcom.py
[2025-04-13T20:59:59.361+0000] {processor.py:925} INFO - DAG(s) 'example_xcom' retrieved from /home/airflow/.local/lib/python3.12/site-packages/airflow/example_dags/example_xcom.py
[2025-04-13T20:59:59.612+0000] {logging_mixin.py:190} INFO - [2025-04-13T20:59:59.539+0000] {dag.py:3239} INFO - Sync 1 DAGs
[2025-04-13T20:59:59.975+0000] {logging_mixin.py:190} INFO - [2025-04-13T20:59:59.964+0000] {dag.py:4180} INFO - Setting next_dagrun for example_xcom to 2021-01-01 00:00:00+00:00, run_after=2021-01-01 00:00:00+00:00
[2025-04-13T21:00:00.142+0000] {processor.py:208} INFO - Processing /home/airflow/.local/lib/python3.12/site-packages/airflow/example_dags/example_xcom.py took 0.942 seconds
[2025-04-13T21:00:30.385+0000] {processor.py:186} INFO - Started process (PID=1127) to work on /home/airflow/.local/lib/python3.12/site-packages/airflow/example_dags/example_xcom.py
[2025-04-13T21:00:30.388+0000] {processor.py:914} INFO - Processing file /home/airflow/.local/lib/python3.12/site-packages/airflow/example_dags/example_xcom.py for tasks to queue
[2025-04-13T21:00:30.394+0000] {logging_mixin.py:190} INFO - [2025-04-13T21:00:30.393+0000] {dagbag.py:588} INFO - Filling up the DagBag from /home/airflow/.local/lib/python3.12/site-packages/airflow/example_dags/example_xcom.py
[2025-04-13T21:00:30.412+0000] {processor.py:925} INFO - DAG(s) 'example_xcom' retrieved from /home/airflow/.local/lib/python3.12/site-packages/airflow/example_dags/example_xcom.py
[2025-04-13T21:00:30.480+0000] {logging_mixin.py:190} INFO - [2025-04-13T21:00:30.480+0000] {dag.py:3239} INFO - Sync 1 DAGs
[2025-04-13T21:00:30.518+0000] {logging_mixin.py:190} INFO - [2025-04-13T21:00:30.517+0000] {dag.py:4180} INFO - Setting next_dagrun for example_xcom to 2021-01-01 00:00:00+00:00, run_after=2021-01-01 00:00:00+00:00
[2025-04-13T21:00:30.575+0000] {processor.py:208} INFO - Processing /home/airflow/.local/lib/python3.12/site-packages/airflow/example_dags/example_xcom.py took 0.202 seconds
[2025-04-13T21:01:03.251+0000] {processor.py:186} INFO - Started process (PID=1190) to work on /home/airflow/.local/lib/python3.12/site-packages/airflow/example_dags/example_xcom.py
[2025-04-13T21:01:03.262+0000] {processor.py:914} INFO - Processing file /home/airflow/.local/lib/python3.12/site-packages/airflow/example_dags/example_xcom.py for tasks to queue
[2025-04-13T21:01:03.267+0000] {logging_mixin.py:190} INFO - [2025-04-13T21:01:03.266+0000] {dagbag.py:588} INFO - Filling up the DagBag from /home/airflow/.local/lib/python3.12/site-packages/airflow/example_dags/example_xcom.py
[2025-04-13T21:01:03.320+0000] {processor.py:925} INFO - DAG(s) 'example_xcom' retrieved from /home/airflow/.local/lib/python3.12/site-packages/airflow/example_dags/example_xcom.py
[2025-04-13T21:01:03.810+0000] {logging_mixin.py:190} INFO - [2025-04-13T21:01:03.789+0000] {dag.py:3239} INFO - Sync 1 DAGs
[2025-04-13T21:01:03.969+0000] {logging_mixin.py:190} INFO - [2025-04-13T21:01:03.958+0000] {dag.py:4180} INFO - Setting next_dagrun for example_xcom to 2021-01-01 00:00:00+00:00, run_after=2021-01-01 00:00:00+00:00
[2025-04-13T21:01:04.116+0000] {processor.py:208} INFO - Processing /home/airflow/.local/lib/python3.12/site-packages/airflow/example_dags/example_xcom.py took 0.973 seconds
[2025-04-13T21:27:28.728+0000] {processor.py:186} INFO - Started process (PID=181) to work on /home/airflow/.local/lib/python3.12/site-packages/airflow/example_dags/example_xcom.py
[2025-04-13T21:27:28.850+0000] {processor.py:914} INFO - Processing file /home/airflow/.local/lib/python3.12/site-packages/airflow/example_dags/example_xcom.py for tasks to queue
[2025-04-13T21:27:28.902+0000] {logging_mixin.py:190} INFO - [2025-04-13T21:27:28.901+0000] {dagbag.py:588} INFO - Filling up the DagBag from /home/airflow/.local/lib/python3.12/site-packages/airflow/example_dags/example_xcom.py
[2025-04-13T21:27:29.940+0000] {processor.py:925} INFO - DAG(s) 'example_xcom' retrieved from /home/airflow/.local/lib/python3.12/site-packages/airflow/example_dags/example_xcom.py
[2025-04-13T21:27:33.566+0000] {logging_mixin.py:190} INFO - [2025-04-13T21:27:33.565+0000] {dag.py:3239} INFO - Sync 1 DAGs
[2025-04-13T21:27:36.153+0000] {logging_mixin.py:190} INFO - [2025-04-13T21:27:36.153+0000] {dag.py:4180} INFO - Setting next_dagrun for example_xcom to 2021-01-01 00:00:00+00:00, run_after=2021-01-01 00:00:00+00:00
[2025-04-13T21:27:39.738+0000] {processor.py:208} INFO - Processing /home/airflow/.local/lib/python3.12/site-packages/airflow/example_dags/example_xcom.py took 11.862 seconds
[2025-04-13T21:32:16.077+0000] {processor.py:186} INFO - Started process (PID=291) to work on /home/airflow/.local/lib/python3.12/site-packages/airflow/example_dags/example_xcom.py
[2025-04-13T21:32:16.194+0000] {processor.py:914} INFO - Processing file /home/airflow/.local/lib/python3.12/site-packages/airflow/example_dags/example_xcom.py for tasks to queue
[2025-04-13T21:32:16.307+0000] {logging_mixin.py:190} INFO - [2025-04-13T21:32:16.274+0000] {dagbag.py:588} INFO - Filling up the DagBag from /home/airflow/.local/lib/python3.12/site-packages/airflow/example_dags/example_xcom.py
[2025-04-13T21:32:16.865+0000] {processor.py:925} INFO - DAG(s) 'example_xcom' retrieved from /home/airflow/.local/lib/python3.12/site-packages/airflow/example_dags/example_xcom.py
[2025-04-13T21:32:18.676+0000] {logging_mixin.py:190} INFO - [2025-04-13T21:32:18.675+0000] {dag.py:3239} INFO - Sync 1 DAGs
[2025-04-13T21:32:20.120+0000] {logging_mixin.py:190} INFO - [2025-04-13T21:32:20.120+0000] {dag.py:4180} INFO - Setting next_dagrun for example_xcom to 2021-01-01 00:00:00+00:00, run_after=2021-01-01 00:00:00+00:00
[2025-04-13T21:32:20.962+0000] {processor.py:208} INFO - Processing /home/airflow/.local/lib/python3.12/site-packages/airflow/example_dags/example_xcom.py took 5.036 seconds
[2025-04-13T21:36:05.584+0000] {processor.py:186} INFO - Started process (PID=378) to work on /home/airflow/.local/lib/python3.12/site-packages/airflow/example_dags/example_xcom.py
[2025-04-13T21:36:05.590+0000] {processor.py:914} INFO - Processing file /home/airflow/.local/lib/python3.12/site-packages/airflow/example_dags/example_xcom.py for tasks to queue
[2025-04-13T21:36:05.625+0000] {logging_mixin.py:190} INFO - [2025-04-13T21:36:05.624+0000] {dagbag.py:588} INFO - Filling up the DagBag from /home/airflow/.local/lib/python3.12/site-packages/airflow/example_dags/example_xcom.py
[2025-04-13T21:36:05.804+0000] {processor.py:925} INFO - DAG(s) 'example_xcom' retrieved from /home/airflow/.local/lib/python3.12/site-packages/airflow/example_dags/example_xcom.py
[2025-04-13T21:36:06.685+0000] {logging_mixin.py:190} INFO - [2025-04-13T21:36:06.685+0000] {dag.py:3239} INFO - Sync 1 DAGs
[2025-04-13T21:36:07.320+0000] {logging_mixin.py:190} INFO - [2025-04-13T21:36:07.320+0000] {dag.py:4180} INFO - Setting next_dagrun for example_xcom to 2021-01-01 00:00:00+00:00, run_after=2021-01-01 00:00:00+00:00
[2025-04-13T21:36:08.283+0000] {processor.py:208} INFO - Processing /home/airflow/.local/lib/python3.12/site-packages/airflow/example_dags/example_xcom.py took 2.952 seconds
[2025-04-13T21:52:12.772+0000] {processor.py:186} INFO - Started process (PID=160) to work on /home/airflow/.local/lib/python3.12/site-packages/airflow/example_dags/example_xcom.py
[2025-04-13T21:52:12.926+0000] {processor.py:914} INFO - Processing file /home/airflow/.local/lib/python3.12/site-packages/airflow/example_dags/example_xcom.py for tasks to queue
[2025-04-13T21:52:13.077+0000] {logging_mixin.py:190} INFO - [2025-04-13T21:52:13.076+0000] {dagbag.py:588} INFO - Filling up the DagBag from /home/airflow/.local/lib/python3.12/site-packages/airflow/example_dags/example_xcom.py
[2025-04-13T21:52:13.635+0000] {processor.py:925} INFO - DAG(s) 'example_xcom' retrieved from /home/airflow/.local/lib/python3.12/site-packages/airflow/example_dags/example_xcom.py
[2025-04-13T21:52:14.875+0000] {logging_mixin.py:190} INFO - [2025-04-13T21:52:14.874+0000] {dag.py:3239} INFO - Sync 1 DAGs
[2025-04-13T21:52:16.407+0000] {logging_mixin.py:190} INFO - [2025-04-13T21:52:16.382+0000] {dag.py:4180} INFO - Setting next_dagrun for example_xcom to 2021-01-01 00:00:00+00:00, run_after=2021-01-01 00:00:00+00:00
[2025-04-13T21:52:18.523+0000] {processor.py:208} INFO - Processing /home/airflow/.local/lib/python3.12/site-packages/airflow/example_dags/example_xcom.py took 5.768 seconds
[2025-04-13T22:31:46.361+0000] {processor.py:186} INFO - Started process (PID=112) to work on /home/airflow/.local/lib/python3.12/site-packages/airflow/example_dags/example_xcom.py
[2025-04-13T22:31:46.406+0000] {processor.py:914} INFO - Processing file /home/airflow/.local/lib/python3.12/site-packages/airflow/example_dags/example_xcom.py for tasks to queue
[2025-04-13T22:31:46.478+0000] {logging_mixin.py:190} INFO - [2025-04-13T22:31:46.476+0000] {dagbag.py:588} INFO - Filling up the DagBag from /home/airflow/.local/lib/python3.12/site-packages/airflow/example_dags/example_xcom.py
[2025-04-13T22:31:46.676+0000] {processor.py:925} INFO - DAG(s) 'example_xcom' retrieved from /home/airflow/.local/lib/python3.12/site-packages/airflow/example_dags/example_xcom.py
[2025-04-13T22:31:47.014+0000] {logging_mixin.py:190} INFO - [2025-04-13T22:31:47.014+0000] {dag.py:3239} INFO - Sync 1 DAGs
[2025-04-13T22:31:47.566+0000] {logging_mixin.py:190} INFO - [2025-04-13T22:31:47.566+0000] {dag.py:4180} INFO - Setting next_dagrun for example_xcom to 2021-01-01 00:00:00+00:00, run_after=2021-01-01 00:00:00+00:00
[2025-04-13T22:31:47.741+0000] {processor.py:208} INFO - Processing /home/airflow/.local/lib/python3.12/site-packages/airflow/example_dags/example_xcom.py took 1.539 seconds
[2025-04-13T22:32:33.260+0000] {processor.py:186} INFO - Started process (PID=182) to work on /home/airflow/.local/lib/python3.12/site-packages/airflow/example_dags/example_xcom.py
[2025-04-13T22:32:33.263+0000] {processor.py:914} INFO - Processing file /home/airflow/.local/lib/python3.12/site-packages/airflow/example_dags/example_xcom.py for tasks to queue
[2025-04-13T22:32:33.274+0000] {logging_mixin.py:190} INFO - [2025-04-13T22:32:33.273+0000] {dagbag.py:588} INFO - Filling up the DagBag from /home/airflow/.local/lib/python3.12/site-packages/airflow/example_dags/example_xcom.py
[2025-04-13T22:32:33.312+0000] {processor.py:925} INFO - DAG(s) 'example_xcom' retrieved from /home/airflow/.local/lib/python3.12/site-packages/airflow/example_dags/example_xcom.py
[2025-04-13T22:32:33.445+0000] {logging_mixin.py:190} INFO - [2025-04-13T22:32:33.436+0000] {dag.py:3239} INFO - Sync 1 DAGs
[2025-04-13T22:32:33.623+0000] {logging_mixin.py:190} INFO - [2025-04-13T22:32:33.622+0000] {dag.py:4180} INFO - Setting next_dagrun for example_xcom to 2021-01-01 00:00:00+00:00, run_after=2021-01-01 00:00:00+00:00
[2025-04-13T22:32:33.742+0000] {processor.py:208} INFO - Processing /home/airflow/.local/lib/python3.12/site-packages/airflow/example_dags/example_xcom.py took 0.500 seconds
[2025-04-13T22:33:09.029+0000] {processor.py:186} INFO - Started process (PID=246) to work on /home/airflow/.local/lib/python3.12/site-packages/airflow/example_dags/example_xcom.py
[2025-04-13T22:33:09.040+0000] {processor.py:914} INFO - Processing file /home/airflow/.local/lib/python3.12/site-packages/airflow/example_dags/example_xcom.py for tasks to queue
[2025-04-13T22:33:09.046+0000] {logging_mixin.py:190} INFO - [2025-04-13T22:33:09.045+0000] {dagbag.py:588} INFO - Filling up the DagBag from /home/airflow/.local/lib/python3.12/site-packages/airflow/example_dags/example_xcom.py
[2025-04-13T22:33:09.077+0000] {processor.py:925} INFO - DAG(s) 'example_xcom' retrieved from /home/airflow/.local/lib/python3.12/site-packages/airflow/example_dags/example_xcom.py
[2025-04-13T22:33:09.205+0000] {logging_mixin.py:190} INFO - [2025-04-13T22:33:09.204+0000] {dag.py:3239} INFO - Sync 1 DAGs
[2025-04-13T22:33:09.453+0000] {logging_mixin.py:190} INFO - [2025-04-13T22:33:09.453+0000] {dag.py:4180} INFO - Setting next_dagrun for example_xcom to 2021-01-01 00:00:00+00:00, run_after=2021-01-01 00:00:00+00:00
[2025-04-13T22:33:09.539+0000] {processor.py:208} INFO - Processing /home/airflow/.local/lib/python3.12/site-packages/airflow/example_dags/example_xcom.py took 0.530 seconds
[2025-04-13T22:33:41.758+0000] {processor.py:186} INFO - Started process (PID=310) to work on /home/airflow/.local/lib/python3.12/site-packages/airflow/example_dags/example_xcom.py
[2025-04-13T22:33:41.760+0000] {processor.py:914} INFO - Processing file /home/airflow/.local/lib/python3.12/site-packages/airflow/example_dags/example_xcom.py for tasks to queue
[2025-04-13T22:33:41.766+0000] {logging_mixin.py:190} INFO - [2025-04-13T22:33:41.765+0000] {dagbag.py:588} INFO - Filling up the DagBag from /home/airflow/.local/lib/python3.12/site-packages/airflow/example_dags/example_xcom.py
[2025-04-13T22:33:41.794+0000] {processor.py:925} INFO - DAG(s) 'example_xcom' retrieved from /home/airflow/.local/lib/python3.12/site-packages/airflow/example_dags/example_xcom.py
[2025-04-13T22:33:41.870+0000] {logging_mixin.py:190} INFO - [2025-04-13T22:33:41.869+0000] {dag.py:3239} INFO - Sync 1 DAGs
[2025-04-13T22:33:41.936+0000] {logging_mixin.py:190} INFO - [2025-04-13T22:33:41.936+0000] {dag.py:4180} INFO - Setting next_dagrun for example_xcom to 2021-01-01 00:00:00+00:00, run_after=2021-01-01 00:00:00+00:00
[2025-04-13T22:33:41.996+0000] {processor.py:208} INFO - Processing /home/airflow/.local/lib/python3.12/site-packages/airflow/example_dags/example_xcom.py took 0.251 seconds
[2025-04-13T22:34:13.068+0000] {processor.py:186} INFO - Started process (PID=373) to work on /home/airflow/.local/lib/python3.12/site-packages/airflow/example_dags/example_xcom.py
[2025-04-13T22:34:13.071+0000] {processor.py:914} INFO - Processing file /home/airflow/.local/lib/python3.12/site-packages/airflow/example_dags/example_xcom.py for tasks to queue
[2025-04-13T22:34:13.094+0000] {logging_mixin.py:190} INFO - [2025-04-13T22:34:13.086+0000] {dagbag.py:588} INFO - Filling up the DagBag from /home/airflow/.local/lib/python3.12/site-packages/airflow/example_dags/example_xcom.py
[2025-04-13T22:34:13.139+0000] {processor.py:925} INFO - DAG(s) 'example_xcom' retrieved from /home/airflow/.local/lib/python3.12/site-packages/airflow/example_dags/example_xcom.py
[2025-04-13T22:34:13.302+0000] {logging_mixin.py:190} INFO - [2025-04-13T22:34:13.302+0000] {dag.py:3239} INFO - Sync 1 DAGs
[2025-04-13T22:34:13.440+0000] {logging_mixin.py:190} INFO - [2025-04-13T22:34:13.439+0000] {dag.py:4180} INFO - Setting next_dagrun for example_xcom to 2021-01-01 00:00:00+00:00, run_after=2021-01-01 00:00:00+00:00
[2025-04-13T22:34:13.538+0000] {processor.py:208} INFO - Processing /home/airflow/.local/lib/python3.12/site-packages/airflow/example_dags/example_xcom.py took 0.493 seconds
[2025-04-13T22:34:43.954+0000] {processor.py:186} INFO - Started process (PID=436) to work on /home/airflow/.local/lib/python3.12/site-packages/airflow/example_dags/example_xcom.py
[2025-04-13T22:34:43.957+0000] {processor.py:914} INFO - Processing file /home/airflow/.local/lib/python3.12/site-packages/airflow/example_dags/example_xcom.py for tasks to queue
[2025-04-13T22:34:43.972+0000] {logging_mixin.py:190} INFO - [2025-04-13T22:34:43.964+0000] {dagbag.py:588} INFO - Filling up the DagBag from /home/airflow/.local/lib/python3.12/site-packages/airflow/example_dags/example_xcom.py
[2025-04-13T22:34:44.011+0000] {processor.py:925} INFO - DAG(s) 'example_xcom' retrieved from /home/airflow/.local/lib/python3.12/site-packages/airflow/example_dags/example_xcom.py
[2025-04-13T22:34:44.288+0000] {logging_mixin.py:190} INFO - [2025-04-13T22:34:44.287+0000] {dag.py:3239} INFO - Sync 1 DAGs
[2025-04-13T22:34:44.409+0000] {logging_mixin.py:190} INFO - [2025-04-13T22:34:44.409+0000] {dag.py:4180} INFO - Setting next_dagrun for example_xcom to 2021-01-01 00:00:00+00:00, run_after=2021-01-01 00:00:00+00:00
[2025-04-13T22:34:44.568+0000] {processor.py:208} INFO - Processing /home/airflow/.local/lib/python3.12/site-packages/airflow/example_dags/example_xcom.py took 0.639 seconds
[2025-04-13T22:35:27.610+0000] {processor.py:186} INFO - Started process (PID=499) to work on /home/airflow/.local/lib/python3.12/site-packages/airflow/example_dags/example_xcom.py
[2025-04-13T22:35:27.621+0000] {processor.py:914} INFO - Processing file /home/airflow/.local/lib/python3.12/site-packages/airflow/example_dags/example_xcom.py for tasks to queue
[2025-04-13T22:35:27.646+0000] {logging_mixin.py:190} INFO - [2025-04-13T22:35:27.645+0000] {dagbag.py:588} INFO - Filling up the DagBag from /home/airflow/.local/lib/python3.12/site-packages/airflow/example_dags/example_xcom.py
[2025-04-13T22:35:27.704+0000] {processor.py:925} INFO - DAG(s) 'example_xcom' retrieved from /home/airflow/.local/lib/python3.12/site-packages/airflow/example_dags/example_xcom.py
[2025-04-13T22:35:27.867+0000] {logging_mixin.py:190} INFO - [2025-04-13T22:35:27.860+0000] {dag.py:3239} INFO - Sync 1 DAGs
[2025-04-13T22:35:28.066+0000] {logging_mixin.py:190} INFO - [2025-04-13T22:35:28.066+0000] {dag.py:4180} INFO - Setting next_dagrun for example_xcom to 2021-01-01 00:00:00+00:00, run_after=2021-01-01 00:00:00+00:00
[2025-04-13T22:35:28.412+0000] {processor.py:208} INFO - Processing /home/airflow/.local/lib/python3.12/site-packages/airflow/example_dags/example_xcom.py took 0.876 seconds
[2025-04-13T22:36:01.703+0000] {processor.py:186} INFO - Started process (PID=555) to work on /home/airflow/.local/lib/python3.12/site-packages/airflow/example_dags/example_xcom.py
[2025-04-13T22:36:01.705+0000] {processor.py:914} INFO - Processing file /home/airflow/.local/lib/python3.12/site-packages/airflow/example_dags/example_xcom.py for tasks to queue
[2025-04-13T22:36:01.716+0000] {logging_mixin.py:190} INFO - [2025-04-13T22:36:01.715+0000] {dagbag.py:588} INFO - Filling up the DagBag from /home/airflow/.local/lib/python3.12/site-packages/airflow/example_dags/example_xcom.py
[2025-04-13T22:36:01.768+0000] {processor.py:925} INFO - DAG(s) 'example_xcom' retrieved from /home/airflow/.local/lib/python3.12/site-packages/airflow/example_dags/example_xcom.py
[2025-04-13T22:36:01.914+0000] {logging_mixin.py:190} INFO - [2025-04-13T22:36:01.913+0000] {dag.py:3239} INFO - Sync 1 DAGs
[2025-04-13T22:36:02.045+0000] {logging_mixin.py:190} INFO - [2025-04-13T22:36:02.045+0000] {dag.py:4180} INFO - Setting next_dagrun for example_xcom to 2021-01-01 00:00:00+00:00, run_after=2021-01-01 00:00:00+00:00
[2025-04-13T22:36:02.165+0000] {processor.py:208} INFO - Processing /home/airflow/.local/lib/python3.12/site-packages/airflow/example_dags/example_xcom.py took 0.488 seconds
[2025-04-13T22:36:39.828+0000] {processor.py:186} INFO - Started process (PID=619) to work on /home/airflow/.local/lib/python3.12/site-packages/airflow/example_dags/example_xcom.py
[2025-04-13T22:36:39.850+0000] {processor.py:914} INFO - Processing file /home/airflow/.local/lib/python3.12/site-packages/airflow/example_dags/example_xcom.py for tasks to queue
[2025-04-13T22:36:39.871+0000] {logging_mixin.py:190} INFO - [2025-04-13T22:36:39.867+0000] {dagbag.py:588} INFO - Filling up the DagBag from /home/airflow/.local/lib/python3.12/site-packages/airflow/example_dags/example_xcom.py
[2025-04-13T22:36:39.940+0000] {processor.py:925} INFO - DAG(s) 'example_xcom' retrieved from /home/airflow/.local/lib/python3.12/site-packages/airflow/example_dags/example_xcom.py
[2025-04-13T22:36:40.118+0000] {logging_mixin.py:190} INFO - [2025-04-13T22:36:40.117+0000] {dag.py:3239} INFO - Sync 1 DAGs
[2025-04-13T22:36:40.434+0000] {logging_mixin.py:190} INFO - [2025-04-13T22:36:40.433+0000] {dag.py:4180} INFO - Setting next_dagrun for example_xcom to 2021-01-01 00:00:00+00:00, run_after=2021-01-01 00:00:00+00:00
[2025-04-13T22:36:40.675+0000] {processor.py:208} INFO - Processing /home/airflow/.local/lib/python3.12/site-packages/airflow/example_dags/example_xcom.py took 0.875 seconds
[2025-04-13T22:37:32.455+0000] {processor.py:186} INFO - Started process (PID=684) to work on /home/airflow/.local/lib/python3.12/site-packages/airflow/example_dags/example_xcom.py
[2025-04-13T22:37:32.468+0000] {processor.py:914} INFO - Processing file /home/airflow/.local/lib/python3.12/site-packages/airflow/example_dags/example_xcom.py for tasks to queue
[2025-04-13T22:37:32.489+0000] {logging_mixin.py:190} INFO - [2025-04-13T22:37:32.488+0000] {dagbag.py:588} INFO - Filling up the DagBag from /home/airflow/.local/lib/python3.12/site-packages/airflow/example_dags/example_xcom.py
[2025-04-13T22:37:32.598+0000] {processor.py:925} INFO - DAG(s) 'example_xcom' retrieved from /home/airflow/.local/lib/python3.12/site-packages/airflow/example_dags/example_xcom.py
[2025-04-13T22:37:33.146+0000] {logging_mixin.py:190} INFO - [2025-04-13T22:37:33.146+0000] {dag.py:3239} INFO - Sync 1 DAGs
[2025-04-13T22:37:33.591+0000] {logging_mixin.py:190} INFO - [2025-04-13T22:37:33.579+0000] {dag.py:4180} INFO - Setting next_dagrun for example_xcom to 2021-01-01 00:00:00+00:00, run_after=2021-01-01 00:00:00+00:00
[2025-04-13T22:37:33.786+0000] {processor.py:208} INFO - Processing /home/airflow/.local/lib/python3.12/site-packages/airflow/example_dags/example_xcom.py took 1.472 seconds
[2025-04-13T22:38:12.817+0000] {processor.py:186} INFO - Started process (PID=754) to work on /home/airflow/.local/lib/python3.12/site-packages/airflow/example_dags/example_xcom.py
[2025-04-13T22:38:12.820+0000] {processor.py:914} INFO - Processing file /home/airflow/.local/lib/python3.12/site-packages/airflow/example_dags/example_xcom.py for tasks to queue
[2025-04-13T22:38:12.844+0000] {logging_mixin.py:190} INFO - [2025-04-13T22:38:12.843+0000] {dagbag.py:588} INFO - Filling up the DagBag from /home/airflow/.local/lib/python3.12/site-packages/airflow/example_dags/example_xcom.py
[2025-04-13T22:38:13.006+0000] {processor.py:925} INFO - DAG(s) 'example_xcom' retrieved from /home/airflow/.local/lib/python3.12/site-packages/airflow/example_dags/example_xcom.py
[2025-04-13T22:38:13.333+0000] {logging_mixin.py:190} INFO - [2025-04-13T22:38:13.333+0000] {dag.py:3239} INFO - Sync 1 DAGs
[2025-04-13T22:38:13.850+0000] {logging_mixin.py:190} INFO - [2025-04-13T22:38:13.850+0000] {dag.py:4180} INFO - Setting next_dagrun for example_xcom to 2021-01-01 00:00:00+00:00, run_after=2021-01-01 00:00:00+00:00
[2025-04-13T22:38:14.046+0000] {processor.py:208} INFO - Processing /home/airflow/.local/lib/python3.12/site-packages/airflow/example_dags/example_xcom.py took 1.260 seconds
[2025-04-13T22:38:51.563+0000] {processor.py:186} INFO - Started process (PID=818) to work on /home/airflow/.local/lib/python3.12/site-packages/airflow/example_dags/example_xcom.py
[2025-04-13T22:38:51.573+0000] {processor.py:914} INFO - Processing file /home/airflow/.local/lib/python3.12/site-packages/airflow/example_dags/example_xcom.py for tasks to queue
[2025-04-13T22:38:51.594+0000] {logging_mixin.py:190} INFO - [2025-04-13T22:38:51.594+0000] {dagbag.py:588} INFO - Filling up the DagBag from /home/airflow/.local/lib/python3.12/site-packages/airflow/example_dags/example_xcom.py
[2025-04-13T22:38:51.837+0000] {processor.py:925} INFO - DAG(s) 'example_xcom' retrieved from /home/airflow/.local/lib/python3.12/site-packages/airflow/example_dags/example_xcom.py
[2025-04-13T22:38:52.126+0000] {logging_mixin.py:190} INFO - [2025-04-13T22:38:52.124+0000] {dag.py:3239} INFO - Sync 1 DAGs
[2025-04-13T22:38:52.276+0000] {logging_mixin.py:190} INFO - [2025-04-13T22:38:52.270+0000] {dag.py:4180} INFO - Setting next_dagrun for example_xcom to 2021-01-01 00:00:00+00:00, run_after=2021-01-01 00:00:00+00:00
[2025-04-13T22:38:52.408+0000] {processor.py:208} INFO - Processing /home/airflow/.local/lib/python3.12/site-packages/airflow/example_dags/example_xcom.py took 0.941 seconds
[2025-04-13T22:39:26.374+0000] {processor.py:186} INFO - Started process (PID=881) to work on /home/airflow/.local/lib/python3.12/site-packages/airflow/example_dags/example_xcom.py
[2025-04-13T22:39:26.378+0000] {processor.py:914} INFO - Processing file /home/airflow/.local/lib/python3.12/site-packages/airflow/example_dags/example_xcom.py for tasks to queue
[2025-04-13T22:39:26.384+0000] {logging_mixin.py:190} INFO - [2025-04-13T22:39:26.384+0000] {dagbag.py:588} INFO - Filling up the DagBag from /home/airflow/.local/lib/python3.12/site-packages/airflow/example_dags/example_xcom.py
[2025-04-13T22:39:26.430+0000] {processor.py:925} INFO - DAG(s) 'example_xcom' retrieved from /home/airflow/.local/lib/python3.12/site-packages/airflow/example_dags/example_xcom.py
[2025-04-13T22:39:26.505+0000] {logging_mixin.py:190} INFO - [2025-04-13T22:39:26.505+0000] {dag.py:3239} INFO - Sync 1 DAGs
[2025-04-13T22:39:26.590+0000] {logging_mixin.py:190} INFO - [2025-04-13T22:39:26.589+0000] {dag.py:4180} INFO - Setting next_dagrun for example_xcom to 2021-01-01 00:00:00+00:00, run_after=2021-01-01 00:00:00+00:00
[2025-04-13T22:39:26.660+0000] {processor.py:208} INFO - Processing /home/airflow/.local/lib/python3.12/site-packages/airflow/example_dags/example_xcom.py took 0.308 seconds
[2025-04-13T22:40:35.896+0000] {processor.py:186} INFO - Started process (PID=931) to work on /home/airflow/.local/lib/python3.12/site-packages/airflow/example_dags/example_xcom.py
[2025-04-13T22:40:35.902+0000] {processor.py:914} INFO - Processing file /home/airflow/.local/lib/python3.12/site-packages/airflow/example_dags/example_xcom.py for tasks to queue
[2025-04-13T22:40:35.911+0000] {logging_mixin.py:190} INFO - [2025-04-13T22:40:35.911+0000] {dagbag.py:588} INFO - Filling up the DagBag from /home/airflow/.local/lib/python3.12/site-packages/airflow/example_dags/example_xcom.py
[2025-04-13T22:40:35.961+0000] {processor.py:925} INFO - DAG(s) 'example_xcom' retrieved from /home/airflow/.local/lib/python3.12/site-packages/airflow/example_dags/example_xcom.py
[2025-04-13T22:40:36.090+0000] {logging_mixin.py:190} INFO - [2025-04-13T22:40:36.089+0000] {dag.py:3239} INFO - Sync 1 DAGs
[2025-04-13T22:40:36.704+0000] {logging_mixin.py:190} INFO - [2025-04-13T22:40:36.703+0000] {dag.py:4180} INFO - Setting next_dagrun for example_xcom to 2021-01-01 00:00:00+00:00, run_after=2021-01-01 00:00:00+00:00
[2025-04-13T22:40:38.102+0000] {processor.py:208} INFO - Processing /home/airflow/.local/lib/python3.12/site-packages/airflow/example_dags/example_xcom.py took 2.230 seconds
[2025-04-13T22:41:59.832+0000] {processor.py:186} INFO - Started process (PID=1000) to work on /home/airflow/.local/lib/python3.12/site-packages/airflow/example_dags/example_xcom.py
[2025-04-13T22:41:59.836+0000] {processor.py:914} INFO - Processing file /home/airflow/.local/lib/python3.12/site-packages/airflow/example_dags/example_xcom.py for tasks to queue
[2025-04-13T22:41:59.856+0000] {logging_mixin.py:190} INFO - [2025-04-13T22:41:59.855+0000] {dagbag.py:588} INFO - Filling up the DagBag from /home/airflow/.local/lib/python3.12/site-packages/airflow/example_dags/example_xcom.py
[2025-04-13T22:41:59.904+0000] {processor.py:925} INFO - DAG(s) 'example_xcom' retrieved from /home/airflow/.local/lib/python3.12/site-packages/airflow/example_dags/example_xcom.py
[2025-04-13T22:42:00.094+0000] {logging_mixin.py:190} INFO - [2025-04-13T22:42:00.094+0000] {dag.py:3239} INFO - Sync 1 DAGs
[2025-04-13T22:42:00.379+0000] {logging_mixin.py:190} INFO - [2025-04-13T22:42:00.378+0000] {dag.py:4180} INFO - Setting next_dagrun for example_xcom to 2021-01-01 00:00:00+00:00, run_after=2021-01-01 00:00:00+00:00
[2025-04-13T22:42:00.550+0000] {processor.py:208} INFO - Processing /home/airflow/.local/lib/python3.12/site-packages/airflow/example_dags/example_xcom.py took 0.753 seconds
[2025-04-13T22:42:37.796+0000] {processor.py:186} INFO - Started process (PID=1064) to work on /home/airflow/.local/lib/python3.12/site-packages/airflow/example_dags/example_xcom.py
[2025-04-13T22:42:37.802+0000] {processor.py:914} INFO - Processing file /home/airflow/.local/lib/python3.12/site-packages/airflow/example_dags/example_xcom.py for tasks to queue
[2025-04-13T22:42:37.806+0000] {logging_mixin.py:190} INFO - [2025-04-13T22:42:37.806+0000] {dagbag.py:588} INFO - Filling up the DagBag from /home/airflow/.local/lib/python3.12/site-packages/airflow/example_dags/example_xcom.py
[2025-04-13T22:42:37.845+0000] {processor.py:925} INFO - DAG(s) 'example_xcom' retrieved from /home/airflow/.local/lib/python3.12/site-packages/airflow/example_dags/example_xcom.py
[2025-04-13T22:42:37.961+0000] {logging_mixin.py:190} INFO - [2025-04-13T22:42:37.958+0000] {dag.py:3239} INFO - Sync 1 DAGs
[2025-04-13T22:42:38.057+0000] {logging_mixin.py:190} INFO - [2025-04-13T22:42:38.057+0000] {dag.py:4180} INFO - Setting next_dagrun for example_xcom to 2021-01-01 00:00:00+00:00, run_after=2021-01-01 00:00:00+00:00
[2025-04-13T22:42:38.324+0000] {processor.py:208} INFO - Processing /home/airflow/.local/lib/python3.12/site-packages/airflow/example_dags/example_xcom.py took 0.542 seconds
[2025-04-13T22:43:31.984+0000] {processor.py:186} INFO - Started process (PID=1138) to work on /home/airflow/.local/lib/python3.12/site-packages/airflow/example_dags/example_xcom.py
[2025-04-13T22:43:31.990+0000] {processor.py:914} INFO - Processing file /home/airflow/.local/lib/python3.12/site-packages/airflow/example_dags/example_xcom.py for tasks to queue
[2025-04-13T22:43:32.017+0000] {logging_mixin.py:190} INFO - [2025-04-13T22:43:32.005+0000] {dagbag.py:588} INFO - Filling up the DagBag from /home/airflow/.local/lib/python3.12/site-packages/airflow/example_dags/example_xcom.py
[2025-04-13T22:43:32.195+0000] {processor.py:925} INFO - DAG(s) 'example_xcom' retrieved from /home/airflow/.local/lib/python3.12/site-packages/airflow/example_dags/example_xcom.py
[2025-04-13T22:43:33.298+0000] {logging_mixin.py:190} INFO - [2025-04-13T22:43:33.297+0000] {dag.py:3239} INFO - Sync 1 DAGs
[2025-04-13T22:43:33.918+0000] {logging_mixin.py:190} INFO - [2025-04-13T22:43:33.917+0000] {dag.py:4180} INFO - Setting next_dagrun for example_xcom to 2021-01-01 00:00:00+00:00, run_after=2021-01-01 00:00:00+00:00
[2025-04-13T22:43:34.596+0000] {processor.py:208} INFO - Processing /home/airflow/.local/lib/python3.12/site-packages/airflow/example_dags/example_xcom.py took 2.634 seconds
[2025-04-13T22:44:43.806+0000] {processor.py:186} INFO - Started process (PID=1193) to work on /home/airflow/.local/lib/python3.12/site-packages/airflow/example_dags/example_xcom.py
[2025-04-13T22:44:43.815+0000] {processor.py:914} INFO - Processing file /home/airflow/.local/lib/python3.12/site-packages/airflow/example_dags/example_xcom.py for tasks to queue
[2025-04-13T22:44:43.855+0000] {logging_mixin.py:190} INFO - [2025-04-13T22:44:43.854+0000] {dagbag.py:588} INFO - Filling up the DagBag from /home/airflow/.local/lib/python3.12/site-packages/airflow/example_dags/example_xcom.py
[2025-04-13T22:44:43.919+0000] {processor.py:925} INFO - DAG(s) 'example_xcom' retrieved from /home/airflow/.local/lib/python3.12/site-packages/airflow/example_dags/example_xcom.py
[2025-04-13T22:44:44.156+0000] {logging_mixin.py:190} INFO - [2025-04-13T22:44:44.155+0000] {dag.py:3239} INFO - Sync 1 DAGs
[2025-04-13T22:44:44.389+0000] {logging_mixin.py:190} INFO - [2025-04-13T22:44:44.389+0000] {dag.py:4180} INFO - Setting next_dagrun for example_xcom to 2021-01-01 00:00:00+00:00, run_after=2021-01-01 00:00:00+00:00
[2025-04-13T22:44:44.556+0000] {processor.py:208} INFO - Processing /home/airflow/.local/lib/python3.12/site-packages/airflow/example_dags/example_xcom.py took 0.779 seconds
