[2025-04-13T16:48:46.176+0000] {processor.py:186} INFO - Started process (PID=107) to work on /home/airflow/.local/lib/python3.12/site-packages/airflow/example_dags/tutorial_dag.py
[2025-04-13T16:48:46.201+0000] {processor.py:914} INFO - Processing file /home/airflow/.local/lib/python3.12/site-packages/airflow/example_dags/tutorial_dag.py for tasks to queue
[2025-04-13T16:48:46.239+0000] {logging_mixin.py:190} INFO - [2025-04-13T16:48:46.238+0000] {dagbag.py:588} INFO - Filling up the DagBag from /home/airflow/.local/lib/python3.12/site-packages/airflow/example_dags/tutorial_dag.py
[2025-04-13T16:48:46.366+0000] {processor.py:925} INFO - DAG(s) 'tutorial_dag' retrieved from /home/airflow/.local/lib/python3.12/site-packages/airflow/example_dags/tutorial_dag.py
[2025-04-13T16:48:49.109+0000] {logging_mixin.py:190} INFO - [2025-04-13T16:48:49.096+0000] {override.py:1912} INFO - Created Permission View: can read on DAG:tutorial_dag
[2025-04-13T16:48:49.335+0000] {logging_mixin.py:190} INFO - [2025-04-13T16:48:49.334+0000] {override.py:1912} INFO - Created Permission View: can edit on DAG:tutorial_dag
[2025-04-13T16:48:49.419+0000] {logging_mixin.py:190} INFO - [2025-04-13T16:48:49.419+0000] {override.py:1912} INFO - Created Permission View: can delete on DAG:tutorial_dag
[2025-04-13T16:48:49.465+0000] {logging_mixin.py:190} INFO - [2025-04-13T16:48:49.465+0000] {override.py:1912} INFO - Created Permission View: can read on DAG Run:tutorial_dag
[2025-04-13T16:48:49.538+0000] {logging_mixin.py:190} INFO - [2025-04-13T16:48:49.538+0000] {override.py:1912} INFO - Created Permission View: menu access on DAG Run:tutorial_dag
[2025-04-13T16:48:49.606+0000] {logging_mixin.py:190} INFO - [2025-04-13T16:48:49.606+0000] {override.py:1912} INFO - Created Permission View: can create on DAG Run:tutorial_dag
[2025-04-13T16:48:49.635+0000] {logging_mixin.py:190} INFO - [2025-04-13T16:48:49.635+0000] {override.py:1912} INFO - Created Permission View: can delete on DAG Run:tutorial_dag
[2025-04-13T16:48:49.693+0000] {logging_mixin.py:190} INFO - [2025-04-13T16:48:49.692+0000] {dag.py:3239} INFO - Sync 1 DAGs
[2025-04-13T16:48:49.827+0000] {logging_mixin.py:190} INFO - [2025-04-13T16:48:49.827+0000] {dag.py:3262} INFO - Creating ORM DAG for tutorial_dag
[2025-04-13T16:48:49.848+0000] {logging_mixin.py:190} INFO - [2025-04-13T16:48:49.848+0000] {dag.py:4180} INFO - Setting next_dagrun for tutorial_dag to None, run_after=None
[2025-04-13T16:48:50.008+0000] {processor.py:208} INFO - Processing /home/airflow/.local/lib/python3.12/site-packages/airflow/example_dags/tutorial_dag.py took 3.925 seconds
[2025-04-13T16:50:39.722+0000] {processor.py:186} INFO - Started process (PID=183) to work on /home/airflow/.local/lib/python3.12/site-packages/airflow/example_dags/tutorial_dag.py
[2025-04-13T16:50:39.735+0000] {processor.py:914} INFO - Processing file /home/airflow/.local/lib/python3.12/site-packages/airflow/example_dags/tutorial_dag.py for tasks to queue
[2025-04-13T16:50:39.752+0000] {logging_mixin.py:190} INFO - [2025-04-13T16:50:39.751+0000] {dagbag.py:588} INFO - Filling up the DagBag from /home/airflow/.local/lib/python3.12/site-packages/airflow/example_dags/tutorial_dag.py
[2025-04-13T16:50:39.783+0000] {processor.py:925} INFO - DAG(s) 'tutorial_dag' retrieved from /home/airflow/.local/lib/python3.12/site-packages/airflow/example_dags/tutorial_dag.py
[2025-04-13T16:50:39.972+0000] {logging_mixin.py:190} INFO - [2025-04-13T16:50:39.972+0000] {dag.py:3239} INFO - Sync 1 DAGs
[2025-04-13T16:50:40.080+0000] {logging_mixin.py:190} INFO - [2025-04-13T16:50:40.079+0000] {dag.py:4180} INFO - Setting next_dagrun for tutorial_dag to None, run_after=None
[2025-04-13T16:50:40.188+0000] {processor.py:208} INFO - Processing /home/airflow/.local/lib/python3.12/site-packages/airflow/example_dags/tutorial_dag.py took 0.500 seconds
[2025-04-13T16:51:21.276+0000] {processor.py:186} INFO - Started process (PID=253) to work on /home/airflow/.local/lib/python3.12/site-packages/airflow/example_dags/tutorial_dag.py
[2025-04-13T16:51:21.283+0000] {processor.py:914} INFO - Processing file /home/airflow/.local/lib/python3.12/site-packages/airflow/example_dags/tutorial_dag.py for tasks to queue
[2025-04-13T16:51:21.318+0000] {logging_mixin.py:190} INFO - [2025-04-13T16:51:21.317+0000] {dagbag.py:588} INFO - Filling up the DagBag from /home/airflow/.local/lib/python3.12/site-packages/airflow/example_dags/tutorial_dag.py
[2025-04-13T16:51:21.337+0000] {processor.py:925} INFO - DAG(s) 'tutorial_dag' retrieved from /home/airflow/.local/lib/python3.12/site-packages/airflow/example_dags/tutorial_dag.py
[2025-04-13T16:51:21.418+0000] {logging_mixin.py:190} INFO - [2025-04-13T16:51:21.415+0000] {dag.py:3239} INFO - Sync 1 DAGs
[2025-04-13T16:51:21.467+0000] {logging_mixin.py:190} INFO - [2025-04-13T16:51:21.466+0000] {dag.py:4180} INFO - Setting next_dagrun for tutorial_dag to None, run_after=None
[2025-04-13T16:51:21.525+0000] {processor.py:208} INFO - Processing /home/airflow/.local/lib/python3.12/site-packages/airflow/example_dags/tutorial_dag.py took 0.285 seconds
[2025-04-13T16:51:51.895+0000] {processor.py:186} INFO - Started process (PID=315) to work on /home/airflow/.local/lib/python3.12/site-packages/airflow/example_dags/tutorial_dag.py
[2025-04-13T16:51:51.897+0000] {processor.py:914} INFO - Processing file /home/airflow/.local/lib/python3.12/site-packages/airflow/example_dags/tutorial_dag.py for tasks to queue
[2025-04-13T16:51:51.902+0000] {logging_mixin.py:190} INFO - [2025-04-13T16:51:51.902+0000] {dagbag.py:588} INFO - Filling up the DagBag from /home/airflow/.local/lib/python3.12/site-packages/airflow/example_dags/tutorial_dag.py
[2025-04-13T16:51:51.927+0000] {processor.py:925} INFO - DAG(s) 'tutorial_dag' retrieved from /home/airflow/.local/lib/python3.12/site-packages/airflow/example_dags/tutorial_dag.py
[2025-04-13T16:51:51.988+0000] {logging_mixin.py:190} INFO - [2025-04-13T16:51:51.988+0000] {dag.py:3239} INFO - Sync 1 DAGs
[2025-04-13T16:51:52.082+0000] {logging_mixin.py:190} INFO - [2025-04-13T16:51:52.081+0000] {dag.py:4180} INFO - Setting next_dagrun for tutorial_dag to None, run_after=None
[2025-04-13T16:51:52.147+0000] {processor.py:208} INFO - Processing /home/airflow/.local/lib/python3.12/site-packages/airflow/example_dags/tutorial_dag.py took 0.268 seconds
[2025-04-13T16:52:22.371+0000] {processor.py:186} INFO - Started process (PID=378) to work on /home/airflow/.local/lib/python3.12/site-packages/airflow/example_dags/tutorial_dag.py
[2025-04-13T16:52:22.375+0000] {processor.py:914} INFO - Processing file /home/airflow/.local/lib/python3.12/site-packages/airflow/example_dags/tutorial_dag.py for tasks to queue
[2025-04-13T16:52:22.386+0000] {logging_mixin.py:190} INFO - [2025-04-13T16:52:22.385+0000] {dagbag.py:588} INFO - Filling up the DagBag from /home/airflow/.local/lib/python3.12/site-packages/airflow/example_dags/tutorial_dag.py
[2025-04-13T16:52:22.402+0000] {processor.py:925} INFO - DAG(s) 'tutorial_dag' retrieved from /home/airflow/.local/lib/python3.12/site-packages/airflow/example_dags/tutorial_dag.py
[2025-04-13T16:52:22.442+0000] {logging_mixin.py:190} INFO - [2025-04-13T16:52:22.442+0000] {dag.py:3239} INFO - Sync 1 DAGs
[2025-04-13T16:52:22.482+0000] {logging_mixin.py:190} INFO - [2025-04-13T16:52:22.482+0000] {dag.py:4180} INFO - Setting next_dagrun for tutorial_dag to None, run_after=None
[2025-04-13T16:52:22.524+0000] {processor.py:208} INFO - Processing /home/airflow/.local/lib/python3.12/site-packages/airflow/example_dags/tutorial_dag.py took 0.170 seconds
[2025-04-13T16:53:01.156+0000] {processor.py:186} INFO - Started process (PID=440) to work on /home/airflow/.local/lib/python3.12/site-packages/airflow/example_dags/tutorial_dag.py
[2025-04-13T16:53:01.159+0000] {processor.py:914} INFO - Processing file /home/airflow/.local/lib/python3.12/site-packages/airflow/example_dags/tutorial_dag.py for tasks to queue
[2025-04-13T16:53:01.165+0000] {logging_mixin.py:190} INFO - [2025-04-13T16:53:01.164+0000] {dagbag.py:588} INFO - Filling up the DagBag from /home/airflow/.local/lib/python3.12/site-packages/airflow/example_dags/tutorial_dag.py
[2025-04-13T16:53:01.185+0000] {processor.py:925} INFO - DAG(s) 'tutorial_dag' retrieved from /home/airflow/.local/lib/python3.12/site-packages/airflow/example_dags/tutorial_dag.py
[2025-04-13T16:53:01.342+0000] {logging_mixin.py:190} INFO - [2025-04-13T16:53:01.342+0000] {dag.py:3239} INFO - Sync 1 DAGs
[2025-04-13T16:53:01.395+0000] {logging_mixin.py:190} INFO - [2025-04-13T16:53:01.395+0000] {dag.py:4180} INFO - Setting next_dagrun for tutorial_dag to None, run_after=None
[2025-04-13T16:53:01.492+0000] {processor.py:208} INFO - Processing /home/airflow/.local/lib/python3.12/site-packages/airflow/example_dags/tutorial_dag.py took 0.360 seconds
[2025-04-13T16:53:51.535+0000] {processor.py:186} INFO - Started process (PID=511) to work on /home/airflow/.local/lib/python3.12/site-packages/airflow/example_dags/tutorial_dag.py
[2025-04-13T16:53:51.537+0000] {processor.py:914} INFO - Processing file /home/airflow/.local/lib/python3.12/site-packages/airflow/example_dags/tutorial_dag.py for tasks to queue
[2025-04-13T16:53:51.545+0000] {logging_mixin.py:190} INFO - [2025-04-13T16:53:51.544+0000] {dagbag.py:588} INFO - Filling up the DagBag from /home/airflow/.local/lib/python3.12/site-packages/airflow/example_dags/tutorial_dag.py
[2025-04-13T16:53:51.580+0000] {processor.py:925} INFO - DAG(s) 'tutorial_dag' retrieved from /home/airflow/.local/lib/python3.12/site-packages/airflow/example_dags/tutorial_dag.py
[2025-04-13T16:53:51.639+0000] {logging_mixin.py:190} INFO - [2025-04-13T16:53:51.639+0000] {dag.py:3239} INFO - Sync 1 DAGs
[2025-04-13T16:53:51.690+0000] {logging_mixin.py:190} INFO - [2025-04-13T16:53:51.690+0000] {dag.py:4180} INFO - Setting next_dagrun for tutorial_dag to None, run_after=None
[2025-04-13T16:53:51.787+0000] {processor.py:208} INFO - Processing /home/airflow/.local/lib/python3.12/site-packages/airflow/example_dags/tutorial_dag.py took 0.266 seconds
[2025-04-13T16:54:33.218+0000] {processor.py:186} INFO - Started process (PID=561) to work on /home/airflow/.local/lib/python3.12/site-packages/airflow/example_dags/tutorial_dag.py
[2025-04-13T16:54:33.233+0000] {processor.py:914} INFO - Processing file /home/airflow/.local/lib/python3.12/site-packages/airflow/example_dags/tutorial_dag.py for tasks to queue
[2025-04-13T16:54:33.261+0000] {logging_mixin.py:190} INFO - [2025-04-13T16:54:33.260+0000] {dagbag.py:588} INFO - Filling up the DagBag from /home/airflow/.local/lib/python3.12/site-packages/airflow/example_dags/tutorial_dag.py
[2025-04-13T16:54:33.301+0000] {processor.py:925} INFO - DAG(s) 'tutorial_dag' retrieved from /home/airflow/.local/lib/python3.12/site-packages/airflow/example_dags/tutorial_dag.py
[2025-04-13T16:54:33.425+0000] {logging_mixin.py:190} INFO - [2025-04-13T16:54:33.424+0000] {dag.py:3239} INFO - Sync 1 DAGs
[2025-04-13T16:54:33.492+0000] {logging_mixin.py:190} INFO - [2025-04-13T16:54:33.490+0000] {dag.py:4180} INFO - Setting next_dagrun for tutorial_dag to None, run_after=None
[2025-04-13T16:54:33.573+0000] {processor.py:208} INFO - Processing /home/airflow/.local/lib/python3.12/site-packages/airflow/example_dags/tutorial_dag.py took 0.396 seconds
[2025-04-13T16:55:17.143+0000] {processor.py:186} INFO - Started process (PID=621) to work on /home/airflow/.local/lib/python3.12/site-packages/airflow/example_dags/tutorial_dag.py
[2025-04-13T16:55:17.154+0000] {processor.py:914} INFO - Processing file /home/airflow/.local/lib/python3.12/site-packages/airflow/example_dags/tutorial_dag.py for tasks to queue
[2025-04-13T16:55:17.172+0000] {logging_mixin.py:190} INFO - [2025-04-13T16:55:17.170+0000] {dagbag.py:588} INFO - Filling up the DagBag from /home/airflow/.local/lib/python3.12/site-packages/airflow/example_dags/tutorial_dag.py
[2025-04-13T16:55:17.262+0000] {processor.py:925} INFO - DAG(s) 'tutorial_dag' retrieved from /home/airflow/.local/lib/python3.12/site-packages/airflow/example_dags/tutorial_dag.py
[2025-04-13T16:55:17.537+0000] {logging_mixin.py:190} INFO - [2025-04-13T16:55:17.526+0000] {dag.py:3239} INFO - Sync 1 DAGs
[2025-04-13T16:55:17.765+0000] {logging_mixin.py:190} INFO - [2025-04-13T16:55:17.765+0000] {dag.py:4180} INFO - Setting next_dagrun for tutorial_dag to None, run_after=None
[2025-04-13T16:55:17.972+0000] {processor.py:208} INFO - Processing /home/airflow/.local/lib/python3.12/site-packages/airflow/example_dags/tutorial_dag.py took 1.048 seconds
[2025-04-13T17:03:14.193+0000] {processor.py:186} INFO - Started process (PID=110) to work on /home/airflow/.local/lib/python3.12/site-packages/airflow/example_dags/tutorial_dag.py
[2025-04-13T17:03:14.227+0000] {processor.py:914} INFO - Processing file /home/airflow/.local/lib/python3.12/site-packages/airflow/example_dags/tutorial_dag.py for tasks to queue
[2025-04-13T17:03:14.252+0000] {logging_mixin.py:190} INFO - [2025-04-13T17:03:14.251+0000] {dagbag.py:588} INFO - Filling up the DagBag from /home/airflow/.local/lib/python3.12/site-packages/airflow/example_dags/tutorial_dag.py
[2025-04-13T17:03:14.530+0000] {processor.py:925} INFO - DAG(s) 'tutorial_dag' retrieved from /home/airflow/.local/lib/python3.12/site-packages/airflow/example_dags/tutorial_dag.py
[2025-04-13T17:03:15.932+0000] {logging_mixin.py:190} INFO - [2025-04-13T17:03:15.931+0000] {dag.py:3239} INFO - Sync 1 DAGs
[2025-04-13T17:03:16.186+0000] {logging_mixin.py:190} INFO - [2025-04-13T17:03:16.186+0000] {dag.py:4180} INFO - Setting next_dagrun for tutorial_dag to None, run_after=None
[2025-04-13T17:03:16.493+0000] {processor.py:208} INFO - Processing /home/airflow/.local/lib/python3.12/site-packages/airflow/example_dags/tutorial_dag.py took 2.696 seconds
[2025-04-13T17:05:32.407+0000] {processor.py:186} INFO - Started process (PID=197) to work on /home/airflow/.local/lib/python3.12/site-packages/airflow/example_dags/tutorial_dag.py
[2025-04-13T17:05:32.497+0000] {processor.py:914} INFO - Processing file /home/airflow/.local/lib/python3.12/site-packages/airflow/example_dags/tutorial_dag.py for tasks to queue
[2025-04-13T17:05:32.514+0000] {logging_mixin.py:190} INFO - [2025-04-13T17:05:32.513+0000] {dagbag.py:588} INFO - Filling up the DagBag from /home/airflow/.local/lib/python3.12/site-packages/airflow/example_dags/tutorial_dag.py
[2025-04-13T17:05:32.653+0000] {processor.py:925} INFO - DAG(s) 'tutorial_dag' retrieved from /home/airflow/.local/lib/python3.12/site-packages/airflow/example_dags/tutorial_dag.py
[2025-04-13T17:05:33.150+0000] {logging_mixin.py:190} INFO - [2025-04-13T17:05:33.141+0000] {dag.py:3239} INFO - Sync 1 DAGs
[2025-04-13T17:05:33.653+0000] {logging_mixin.py:190} INFO - [2025-04-13T17:05:33.642+0000] {dag.py:4180} INFO - Setting next_dagrun for tutorial_dag to None, run_after=None
[2025-04-13T17:05:34.016+0000] {processor.py:208} INFO - Processing /home/airflow/.local/lib/python3.12/site-packages/airflow/example_dags/tutorial_dag.py took 1.735 seconds
[2025-04-13T17:23:33.548+0000] {processor.py:186} INFO - Started process (PID=159) to work on /home/airflow/.local/lib/python3.12/site-packages/airflow/example_dags/tutorial_dag.py
[2025-04-13T17:23:33.718+0000] {processor.py:914} INFO - Processing file /home/airflow/.local/lib/python3.12/site-packages/airflow/example_dags/tutorial_dag.py for tasks to queue
[2025-04-13T17:23:33.791+0000] {logging_mixin.py:190} INFO - [2025-04-13T17:23:33.790+0000] {dagbag.py:588} INFO - Filling up the DagBag from /home/airflow/.local/lib/python3.12/site-packages/airflow/example_dags/tutorial_dag.py
[2025-04-13T17:23:33.935+0000] {processor.py:925} INFO - DAG(s) 'tutorial_dag' retrieved from /home/airflow/.local/lib/python3.12/site-packages/airflow/example_dags/tutorial_dag.py
[2025-04-13T17:23:36.663+0000] {logging_mixin.py:190} INFO - [2025-04-13T17:23:36.661+0000] {dag.py:3239} INFO - Sync 1 DAGs
[2025-04-13T17:23:37.600+0000] {logging_mixin.py:190} INFO - [2025-04-13T17:23:37.600+0000] {dag.py:4180} INFO - Setting next_dagrun for tutorial_dag to None, run_after=None
[2025-04-13T17:23:41.963+0000] {processor.py:208} INFO - Processing /home/airflow/.local/lib/python3.12/site-packages/airflow/example_dags/tutorial_dag.py took 9.201 seconds
[2025-04-13T18:09:59.318+0000] {processor.py:186} INFO - Started process (PID=255) to work on /home/airflow/.local/lib/python3.12/site-packages/airflow/example_dags/tutorial_dag.py
[2025-04-13T18:09:59.784+0000] {processor.py:914} INFO - Processing file /home/airflow/.local/lib/python3.12/site-packages/airflow/example_dags/tutorial_dag.py for tasks to queue
[2025-04-13T18:10:00.399+0000] {logging_mixin.py:190} INFO - [2025-04-13T18:10:00.399+0000] {dagbag.py:588} INFO - Filling up the DagBag from /home/airflow/.local/lib/python3.12/site-packages/airflow/example_dags/tutorial_dag.py
[2025-04-13T18:10:00.759+0000] {processor.py:925} INFO - DAG(s) 'tutorial_dag' retrieved from /home/airflow/.local/lib/python3.12/site-packages/airflow/example_dags/tutorial_dag.py
[2025-04-13T18:10:04.069+0000] {logging_mixin.py:190} INFO - [2025-04-13T18:10:04.068+0000] {dag.py:3239} INFO - Sync 1 DAGs
[2025-04-13T18:10:06.279+0000] {logging_mixin.py:190} INFO - [2025-04-13T18:10:06.278+0000] {dag.py:4180} INFO - Setting next_dagrun for tutorial_dag to None, run_after=None
[2025-04-13T18:10:09.665+0000] {processor.py:208} INFO - Processing /home/airflow/.local/lib/python3.12/site-packages/airflow/example_dags/tutorial_dag.py took 11.270 seconds
[2025-04-13T18:18:37.820+0000] {processor.py:186} INFO - Started process (PID=394) to work on /home/airflow/.local/lib/python3.12/site-packages/airflow/example_dags/tutorial_dag.py
[2025-04-13T18:18:37.919+0000] {processor.py:914} INFO - Processing file /home/airflow/.local/lib/python3.12/site-packages/airflow/example_dags/tutorial_dag.py for tasks to queue
[2025-04-13T18:18:38.089+0000] {logging_mixin.py:190} INFO - [2025-04-13T18:18:38.088+0000] {dagbag.py:588} INFO - Filling up the DagBag from /home/airflow/.local/lib/python3.12/site-packages/airflow/example_dags/tutorial_dag.py
[2025-04-13T18:18:40.224+0000] {processor.py:925} INFO - DAG(s) 'tutorial_dag' retrieved from /home/airflow/.local/lib/python3.12/site-packages/airflow/example_dags/tutorial_dag.py
[2025-04-13T18:18:42.956+0000] {logging_mixin.py:190} INFO - [2025-04-13T18:18:42.955+0000] {dag.py:3239} INFO - Sync 1 DAGs
[2025-04-13T18:18:45.288+0000] {logging_mixin.py:190} INFO - [2025-04-13T18:18:45.288+0000] {dag.py:4180} INFO - Setting next_dagrun for tutorial_dag to None, run_after=None
[2025-04-13T18:18:49.258+0000] {processor.py:208} INFO - Processing /home/airflow/.local/lib/python3.12/site-packages/airflow/example_dags/tutorial_dag.py took 11.600 seconds
[2025-04-13T18:25:46.971+0000] {processor.py:186} INFO - Started process (PID=517) to work on /home/airflow/.local/lib/python3.12/site-packages/airflow/example_dags/tutorial_dag.py
[2025-04-13T18:25:47.143+0000] {processor.py:914} INFO - Processing file /home/airflow/.local/lib/python3.12/site-packages/airflow/example_dags/tutorial_dag.py for tasks to queue
[2025-04-13T18:25:47.158+0000] {logging_mixin.py:190} INFO - [2025-04-13T18:25:47.157+0000] {dagbag.py:588} INFO - Filling up the DagBag from /home/airflow/.local/lib/python3.12/site-packages/airflow/example_dags/tutorial_dag.py
[2025-04-13T18:25:47.698+0000] {processor.py:925} INFO - DAG(s) 'tutorial_dag' retrieved from /home/airflow/.local/lib/python3.12/site-packages/airflow/example_dags/tutorial_dag.py
[2025-04-13T18:25:55.467+0000] {logging_mixin.py:190} INFO - [2025-04-13T18:25:55.466+0000] {dag.py:3239} INFO - Sync 1 DAGs
[2025-04-13T18:26:01.926+0000] {logging_mixin.py:190} INFO - [2025-04-13T18:26:01.925+0000] {dag.py:4180} INFO - Setting next_dagrun for tutorial_dag to None, run_after=None
[2025-04-13T20:51:50.059+0000] {processor.py:186} INFO - Started process (PID=96) to work on /home/airflow/.local/lib/python3.12/site-packages/airflow/example_dags/tutorial_dag.py
[2025-04-13T20:51:50.061+0000] {processor.py:914} INFO - Processing file /home/airflow/.local/lib/python3.12/site-packages/airflow/example_dags/tutorial_dag.py for tasks to queue
[2025-04-13T20:51:50.066+0000] {logging_mixin.py:190} INFO - [2025-04-13T20:51:50.065+0000] {dagbag.py:588} INFO - Filling up the DagBag from /home/airflow/.local/lib/python3.12/site-packages/airflow/example_dags/tutorial_dag.py
[2025-04-13T20:51:50.139+0000] {processor.py:925} INFO - DAG(s) 'tutorial_dag' retrieved from /home/airflow/.local/lib/python3.12/site-packages/airflow/example_dags/tutorial_dag.py
[2025-04-13T20:51:50.341+0000] {logging_mixin.py:190} INFO - [2025-04-13T20:51:50.341+0000] {dag.py:3239} INFO - Sync 1 DAGs
[2025-04-13T20:51:50.416+0000] {logging_mixin.py:190} INFO - [2025-04-13T20:51:50.415+0000] {dag.py:4180} INFO - Setting next_dagrun for tutorial_dag to None, run_after=None
[2025-04-13T20:51:50.632+0000] {processor.py:208} INFO - Processing /home/airflow/.local/lib/python3.12/site-packages/airflow/example_dags/tutorial_dag.py took 0.591 seconds
[2025-04-13T20:52:21.285+0000] {processor.py:186} INFO - Started process (PID=160) to work on /home/airflow/.local/lib/python3.12/site-packages/airflow/example_dags/tutorial_dag.py
[2025-04-13T20:52:21.287+0000] {processor.py:914} INFO - Processing file /home/airflow/.local/lib/python3.12/site-packages/airflow/example_dags/tutorial_dag.py for tasks to queue
[2025-04-13T20:52:21.292+0000] {logging_mixin.py:190} INFO - [2025-04-13T20:52:21.292+0000] {dagbag.py:588} INFO - Filling up the DagBag from /home/airflow/.local/lib/python3.12/site-packages/airflow/example_dags/tutorial_dag.py
[2025-04-13T20:52:21.308+0000] {processor.py:925} INFO - DAG(s) 'tutorial_dag' retrieved from /home/airflow/.local/lib/python3.12/site-packages/airflow/example_dags/tutorial_dag.py
[2025-04-13T20:52:21.351+0000] {logging_mixin.py:190} INFO - [2025-04-13T20:52:21.350+0000] {dag.py:3239} INFO - Sync 1 DAGs
[2025-04-13T20:52:21.379+0000] {logging_mixin.py:190} INFO - [2025-04-13T20:52:21.379+0000] {dag.py:4180} INFO - Setting next_dagrun for tutorial_dag to None, run_after=None
[2025-04-13T20:52:21.419+0000] {processor.py:208} INFO - Processing /home/airflow/.local/lib/python3.12/site-packages/airflow/example_dags/tutorial_dag.py took 0.144 seconds
[2025-04-13T20:53:03.989+0000] {processor.py:186} INFO - Started process (PID=223) to work on /home/airflow/.local/lib/python3.12/site-packages/airflow/example_dags/tutorial_dag.py
[2025-04-13T20:53:03.995+0000] {processor.py:914} INFO - Processing file /home/airflow/.local/lib/python3.12/site-packages/airflow/example_dags/tutorial_dag.py for tasks to queue
[2025-04-13T20:53:04.022+0000] {logging_mixin.py:190} INFO - [2025-04-13T20:53:04.017+0000] {dagbag.py:588} INFO - Filling up the DagBag from /home/airflow/.local/lib/python3.12/site-packages/airflow/example_dags/tutorial_dag.py
[2025-04-13T20:53:04.169+0000] {processor.py:925} INFO - DAG(s) 'tutorial_dag' retrieved from /home/airflow/.local/lib/python3.12/site-packages/airflow/example_dags/tutorial_dag.py
[2025-04-13T20:53:04.404+0000] {logging_mixin.py:190} INFO - [2025-04-13T20:53:04.403+0000] {dag.py:3239} INFO - Sync 1 DAGs
[2025-04-13T20:53:04.525+0000] {logging_mixin.py:190} INFO - [2025-04-13T20:53:04.524+0000] {dag.py:4180} INFO - Setting next_dagrun for tutorial_dag to None, run_after=None
[2025-04-13T20:53:04.602+0000] {processor.py:208} INFO - Processing /home/airflow/.local/lib/python3.12/site-packages/airflow/example_dags/tutorial_dag.py took 0.657 seconds
[2025-04-13T20:53:35.771+0000] {processor.py:186} INFO - Started process (PID=286) to work on /home/airflow/.local/lib/python3.12/site-packages/airflow/example_dags/tutorial_dag.py
[2025-04-13T20:53:35.799+0000] {processor.py:914} INFO - Processing file /home/airflow/.local/lib/python3.12/site-packages/airflow/example_dags/tutorial_dag.py for tasks to queue
[2025-04-13T20:53:35.829+0000] {logging_mixin.py:190} INFO - [2025-04-13T20:53:35.828+0000] {dagbag.py:588} INFO - Filling up the DagBag from /home/airflow/.local/lib/python3.12/site-packages/airflow/example_dags/tutorial_dag.py
[2025-04-13T20:53:35.864+0000] {processor.py:925} INFO - DAG(s) 'tutorial_dag' retrieved from /home/airflow/.local/lib/python3.12/site-packages/airflow/example_dags/tutorial_dag.py
[2025-04-13T20:53:36.183+0000] {logging_mixin.py:190} INFO - [2025-04-13T20:53:36.183+0000] {dag.py:3239} INFO - Sync 1 DAGs
[2025-04-13T20:53:36.321+0000] {logging_mixin.py:190} INFO - [2025-04-13T20:53:36.320+0000] {dag.py:4180} INFO - Setting next_dagrun for tutorial_dag to None, run_after=None
[2025-04-13T20:53:36.406+0000] {processor.py:208} INFO - Processing /home/airflow/.local/lib/python3.12/site-packages/airflow/example_dags/tutorial_dag.py took 0.701 seconds
[2025-04-13T20:54:06.738+0000] {processor.py:186} INFO - Started process (PID=351) to work on /home/airflow/.local/lib/python3.12/site-packages/airflow/example_dags/tutorial_dag.py
[2025-04-13T20:54:06.744+0000] {processor.py:914} INFO - Processing file /home/airflow/.local/lib/python3.12/site-packages/airflow/example_dags/tutorial_dag.py for tasks to queue
[2025-04-13T20:54:06.748+0000] {logging_mixin.py:190} INFO - [2025-04-13T20:54:06.748+0000] {dagbag.py:588} INFO - Filling up the DagBag from /home/airflow/.local/lib/python3.12/site-packages/airflow/example_dags/tutorial_dag.py
[2025-04-13T20:54:06.770+0000] {processor.py:925} INFO - DAG(s) 'tutorial_dag' retrieved from /home/airflow/.local/lib/python3.12/site-packages/airflow/example_dags/tutorial_dag.py
[2025-04-13T20:54:06.819+0000] {logging_mixin.py:190} INFO - [2025-04-13T20:54:06.818+0000] {dag.py:3239} INFO - Sync 1 DAGs
[2025-04-13T20:54:06.854+0000] {logging_mixin.py:190} INFO - [2025-04-13T20:54:06.849+0000] {dag.py:4180} INFO - Setting next_dagrun for tutorial_dag to None, run_after=None
[2025-04-13T20:54:06.898+0000] {processor.py:208} INFO - Processing /home/airflow/.local/lib/python3.12/site-packages/airflow/example_dags/tutorial_dag.py took 0.172 seconds
[2025-04-13T20:54:40.628+0000] {processor.py:186} INFO - Started process (PID=415) to work on /home/airflow/.local/lib/python3.12/site-packages/airflow/example_dags/tutorial_dag.py
[2025-04-13T20:54:40.660+0000] {processor.py:914} INFO - Processing file /home/airflow/.local/lib/python3.12/site-packages/airflow/example_dags/tutorial_dag.py for tasks to queue
[2025-04-13T20:54:40.664+0000] {logging_mixin.py:190} INFO - [2025-04-13T20:54:40.663+0000] {dagbag.py:588} INFO - Filling up the DagBag from /home/airflow/.local/lib/python3.12/site-packages/airflow/example_dags/tutorial_dag.py
[2025-04-13T20:54:40.693+0000] {processor.py:925} INFO - DAG(s) 'tutorial_dag' retrieved from /home/airflow/.local/lib/python3.12/site-packages/airflow/example_dags/tutorial_dag.py
[2025-04-13T20:54:40.802+0000] {logging_mixin.py:190} INFO - [2025-04-13T20:54:40.801+0000] {dag.py:3239} INFO - Sync 1 DAGs
[2025-04-13T20:54:40.886+0000] {logging_mixin.py:190} INFO - [2025-04-13T20:54:40.885+0000] {dag.py:4180} INFO - Setting next_dagrun for tutorial_dag to None, run_after=None
[2025-04-13T20:54:40.953+0000] {processor.py:208} INFO - Processing /home/airflow/.local/lib/python3.12/site-packages/airflow/example_dags/tutorial_dag.py took 0.335 seconds
[2025-04-13T20:55:12.951+0000] {processor.py:186} INFO - Started process (PID=478) to work on /home/airflow/.local/lib/python3.12/site-packages/airflow/example_dags/tutorial_dag.py
[2025-04-13T20:55:12.952+0000] {processor.py:914} INFO - Processing file /home/airflow/.local/lib/python3.12/site-packages/airflow/example_dags/tutorial_dag.py for tasks to queue
[2025-04-13T20:55:12.956+0000] {logging_mixin.py:190} INFO - [2025-04-13T20:55:12.955+0000] {dagbag.py:588} INFO - Filling up the DagBag from /home/airflow/.local/lib/python3.12/site-packages/airflow/example_dags/tutorial_dag.py
[2025-04-13T20:55:12.968+0000] {processor.py:925} INFO - DAG(s) 'tutorial_dag' retrieved from /home/airflow/.local/lib/python3.12/site-packages/airflow/example_dags/tutorial_dag.py
[2025-04-13T20:55:13.011+0000] {logging_mixin.py:190} INFO - [2025-04-13T20:55:13.010+0000] {dag.py:3239} INFO - Sync 1 DAGs
[2025-04-13T20:55:13.045+0000] {logging_mixin.py:190} INFO - [2025-04-13T20:55:13.044+0000] {dag.py:4180} INFO - Setting next_dagrun for tutorial_dag to None, run_after=None
[2025-04-13T20:55:13.130+0000] {processor.py:208} INFO - Processing /home/airflow/.local/lib/python3.12/site-packages/airflow/example_dags/tutorial_dag.py took 0.189 seconds
[2025-04-13T20:55:43.423+0000] {processor.py:186} INFO - Started process (PID=541) to work on /home/airflow/.local/lib/python3.12/site-packages/airflow/example_dags/tutorial_dag.py
[2025-04-13T20:55:43.424+0000] {processor.py:914} INFO - Processing file /home/airflow/.local/lib/python3.12/site-packages/airflow/example_dags/tutorial_dag.py for tasks to queue
[2025-04-13T20:55:43.435+0000] {logging_mixin.py:190} INFO - [2025-04-13T20:55:43.435+0000] {dagbag.py:588} INFO - Filling up the DagBag from /home/airflow/.local/lib/python3.12/site-packages/airflow/example_dags/tutorial_dag.py
[2025-04-13T20:55:43.447+0000] {processor.py:925} INFO - DAG(s) 'tutorial_dag' retrieved from /home/airflow/.local/lib/python3.12/site-packages/airflow/example_dags/tutorial_dag.py
[2025-04-13T20:55:43.491+0000] {logging_mixin.py:190} INFO - [2025-04-13T20:55:43.491+0000] {dag.py:3239} INFO - Sync 1 DAGs
[2025-04-13T20:55:43.540+0000] {logging_mixin.py:190} INFO - [2025-04-13T20:55:43.540+0000] {dag.py:4180} INFO - Setting next_dagrun for tutorial_dag to None, run_after=None
[2025-04-13T20:55:43.606+0000] {processor.py:208} INFO - Processing /home/airflow/.local/lib/python3.12/site-packages/airflow/example_dags/tutorial_dag.py took 0.192 seconds
[2025-04-13T20:56:13.879+0000] {processor.py:186} INFO - Started process (PID=604) to work on /home/airflow/.local/lib/python3.12/site-packages/airflow/example_dags/tutorial_dag.py
[2025-04-13T20:56:13.884+0000] {processor.py:914} INFO - Processing file /home/airflow/.local/lib/python3.12/site-packages/airflow/example_dags/tutorial_dag.py for tasks to queue
[2025-04-13T20:56:13.893+0000] {logging_mixin.py:190} INFO - [2025-04-13T20:56:13.893+0000] {dagbag.py:588} INFO - Filling up the DagBag from /home/airflow/.local/lib/python3.12/site-packages/airflow/example_dags/tutorial_dag.py
[2025-04-13T20:56:13.977+0000] {processor.py:925} INFO - DAG(s) 'tutorial_dag' retrieved from /home/airflow/.local/lib/python3.12/site-packages/airflow/example_dags/tutorial_dag.py
[2025-04-13T20:56:14.022+0000] {logging_mixin.py:190} INFO - [2025-04-13T20:56:14.022+0000] {dag.py:3239} INFO - Sync 1 DAGs
[2025-04-13T20:56:14.053+0000] {logging_mixin.py:190} INFO - [2025-04-13T20:56:14.053+0000] {dag.py:4180} INFO - Setting next_dagrun for tutorial_dag to None, run_after=None
[2025-04-13T20:56:14.190+0000] {processor.py:208} INFO - Processing /home/airflow/.local/lib/python3.12/site-packages/airflow/example_dags/tutorial_dag.py took 0.330 seconds
[2025-04-13T20:56:44.931+0000] {processor.py:186} INFO - Started process (PID=668) to work on /home/airflow/.local/lib/python3.12/site-packages/airflow/example_dags/tutorial_dag.py
[2025-04-13T20:56:44.934+0000] {processor.py:914} INFO - Processing file /home/airflow/.local/lib/python3.12/site-packages/airflow/example_dags/tutorial_dag.py for tasks to queue
[2025-04-13T20:56:44.939+0000] {logging_mixin.py:190} INFO - [2025-04-13T20:56:44.938+0000] {dagbag.py:588} INFO - Filling up the DagBag from /home/airflow/.local/lib/python3.12/site-packages/airflow/example_dags/tutorial_dag.py
[2025-04-13T20:56:44.967+0000] {processor.py:925} INFO - DAG(s) 'tutorial_dag' retrieved from /home/airflow/.local/lib/python3.12/site-packages/airflow/example_dags/tutorial_dag.py
[2025-04-13T20:56:45.073+0000] {logging_mixin.py:190} INFO - [2025-04-13T20:56:45.073+0000] {dag.py:3239} INFO - Sync 1 DAGs
[2025-04-13T20:56:45.194+0000] {logging_mixin.py:190} INFO - [2025-04-13T20:56:45.194+0000] {dag.py:4180} INFO - Setting next_dagrun for tutorial_dag to None, run_after=None
[2025-04-13T20:56:45.273+0000] {processor.py:208} INFO - Processing /home/airflow/.local/lib/python3.12/site-packages/airflow/example_dags/tutorial_dag.py took 0.372 seconds
[2025-04-13T20:57:15.551+0000] {processor.py:186} INFO - Started process (PID=732) to work on /home/airflow/.local/lib/python3.12/site-packages/airflow/example_dags/tutorial_dag.py
[2025-04-13T20:57:15.562+0000] {processor.py:914} INFO - Processing file /home/airflow/.local/lib/python3.12/site-packages/airflow/example_dags/tutorial_dag.py for tasks to queue
[2025-04-13T20:57:15.574+0000] {logging_mixin.py:190} INFO - [2025-04-13T20:57:15.573+0000] {dagbag.py:588} INFO - Filling up the DagBag from /home/airflow/.local/lib/python3.12/site-packages/airflow/example_dags/tutorial_dag.py
[2025-04-13T20:57:15.598+0000] {processor.py:925} INFO - DAG(s) 'tutorial_dag' retrieved from /home/airflow/.local/lib/python3.12/site-packages/airflow/example_dags/tutorial_dag.py
[2025-04-13T20:57:15.650+0000] {logging_mixin.py:190} INFO - [2025-04-13T20:57:15.649+0000] {dag.py:3239} INFO - Sync 1 DAGs
[2025-04-13T20:57:15.679+0000] {logging_mixin.py:190} INFO - [2025-04-13T20:57:15.679+0000] {dag.py:4180} INFO - Setting next_dagrun for tutorial_dag to None, run_after=None
[2025-04-13T20:57:15.771+0000] {processor.py:208} INFO - Processing /home/airflow/.local/lib/python3.12/site-packages/airflow/example_dags/tutorial_dag.py took 0.265 seconds
[2025-04-13T20:57:47.088+0000] {processor.py:186} INFO - Started process (PID=797) to work on /home/airflow/.local/lib/python3.12/site-packages/airflow/example_dags/tutorial_dag.py
[2025-04-13T20:57:47.091+0000] {processor.py:914} INFO - Processing file /home/airflow/.local/lib/python3.12/site-packages/airflow/example_dags/tutorial_dag.py for tasks to queue
[2025-04-13T20:57:47.114+0000] {logging_mixin.py:190} INFO - [2025-04-13T20:57:47.112+0000] {dagbag.py:588} INFO - Filling up the DagBag from /home/airflow/.local/lib/python3.12/site-packages/airflow/example_dags/tutorial_dag.py
[2025-04-13T20:57:47.159+0000] {processor.py:925} INFO - DAG(s) 'tutorial_dag' retrieved from /home/airflow/.local/lib/python3.12/site-packages/airflow/example_dags/tutorial_dag.py
[2025-04-13T20:57:47.237+0000] {logging_mixin.py:190} INFO - [2025-04-13T20:57:47.236+0000] {dag.py:3239} INFO - Sync 1 DAGs
[2025-04-13T20:57:47.276+0000] {logging_mixin.py:190} INFO - [2025-04-13T20:57:47.275+0000] {dag.py:4180} INFO - Setting next_dagrun for tutorial_dag to None, run_after=None
[2025-04-13T20:57:47.365+0000] {processor.py:208} INFO - Processing /home/airflow/.local/lib/python3.12/site-packages/airflow/example_dags/tutorial_dag.py took 0.293 seconds
[2025-04-13T20:58:19.247+0000] {processor.py:186} INFO - Started process (PID=861) to work on /home/airflow/.local/lib/python3.12/site-packages/airflow/example_dags/tutorial_dag.py
[2025-04-13T20:58:19.251+0000] {processor.py:914} INFO - Processing file /home/airflow/.local/lib/python3.12/site-packages/airflow/example_dags/tutorial_dag.py for tasks to queue
[2025-04-13T20:58:19.271+0000] {logging_mixin.py:190} INFO - [2025-04-13T20:58:19.270+0000] {dagbag.py:588} INFO - Filling up the DagBag from /home/airflow/.local/lib/python3.12/site-packages/airflow/example_dags/tutorial_dag.py
[2025-04-13T20:58:19.289+0000] {processor.py:925} INFO - DAG(s) 'tutorial_dag' retrieved from /home/airflow/.local/lib/python3.12/site-packages/airflow/example_dags/tutorial_dag.py
[2025-04-13T20:58:19.376+0000] {logging_mixin.py:190} INFO - [2025-04-13T20:58:19.376+0000] {dag.py:3239} INFO - Sync 1 DAGs
[2025-04-13T20:58:19.451+0000] {logging_mixin.py:190} INFO - [2025-04-13T20:58:19.445+0000] {dag.py:4180} INFO - Setting next_dagrun for tutorial_dag to None, run_after=None
[2025-04-13T20:58:19.532+0000] {processor.py:208} INFO - Processing /home/airflow/.local/lib/python3.12/site-packages/airflow/example_dags/tutorial_dag.py took 0.296 seconds
[2025-04-13T20:58:50.214+0000] {processor.py:186} INFO - Started process (PID=924) to work on /home/airflow/.local/lib/python3.12/site-packages/airflow/example_dags/tutorial_dag.py
[2025-04-13T20:58:50.251+0000] {processor.py:914} INFO - Processing file /home/airflow/.local/lib/python3.12/site-packages/airflow/example_dags/tutorial_dag.py for tasks to queue
[2025-04-13T20:58:50.271+0000] {logging_mixin.py:190} INFO - [2025-04-13T20:58:50.257+0000] {dagbag.py:588} INFO - Filling up the DagBag from /home/airflow/.local/lib/python3.12/site-packages/airflow/example_dags/tutorial_dag.py
[2025-04-13T20:58:50.298+0000] {processor.py:925} INFO - DAG(s) 'tutorial_dag' retrieved from /home/airflow/.local/lib/python3.12/site-packages/airflow/example_dags/tutorial_dag.py
[2025-04-13T20:58:50.370+0000] {logging_mixin.py:190} INFO - [2025-04-13T20:58:50.370+0000] {dag.py:3239} INFO - Sync 1 DAGs
[2025-04-13T20:58:50.420+0000] {logging_mixin.py:190} INFO - [2025-04-13T20:58:50.416+0000] {dag.py:4180} INFO - Setting next_dagrun for tutorial_dag to None, run_after=None
[2025-04-13T20:58:50.457+0000] {processor.py:208} INFO - Processing /home/airflow/.local/lib/python3.12/site-packages/airflow/example_dags/tutorial_dag.py took 0.257 seconds
[2025-04-13T20:59:21.469+0000] {processor.py:186} INFO - Started process (PID=987) to work on /home/airflow/.local/lib/python3.12/site-packages/airflow/example_dags/tutorial_dag.py
[2025-04-13T20:59:21.472+0000] {processor.py:914} INFO - Processing file /home/airflow/.local/lib/python3.12/site-packages/airflow/example_dags/tutorial_dag.py for tasks to queue
[2025-04-13T20:59:21.482+0000] {logging_mixin.py:190} INFO - [2025-04-13T20:59:21.481+0000] {dagbag.py:588} INFO - Filling up the DagBag from /home/airflow/.local/lib/python3.12/site-packages/airflow/example_dags/tutorial_dag.py
[2025-04-13T20:59:21.520+0000] {processor.py:925} INFO - DAG(s) 'tutorial_dag' retrieved from /home/airflow/.local/lib/python3.12/site-packages/airflow/example_dags/tutorial_dag.py
[2025-04-13T20:59:21.574+0000] {logging_mixin.py:190} INFO - [2025-04-13T20:59:21.574+0000] {dag.py:3239} INFO - Sync 1 DAGs
[2025-04-13T20:59:21.611+0000] {logging_mixin.py:190} INFO - [2025-04-13T20:59:21.611+0000] {dag.py:4180} INFO - Setting next_dagrun for tutorial_dag to None, run_after=None
[2025-04-13T20:59:21.676+0000] {processor.py:208} INFO - Processing /home/airflow/.local/lib/python3.12/site-packages/airflow/example_dags/tutorial_dag.py took 0.228 seconds
[2025-04-13T20:59:52.535+0000] {processor.py:186} INFO - Started process (PID=1057) to work on /home/airflow/.local/lib/python3.12/site-packages/airflow/example_dags/tutorial_dag.py
[2025-04-13T20:59:52.536+0000] {processor.py:914} INFO - Processing file /home/airflow/.local/lib/python3.12/site-packages/airflow/example_dags/tutorial_dag.py for tasks to queue
[2025-04-13T20:59:52.544+0000] {logging_mixin.py:190} INFO - [2025-04-13T20:59:52.544+0000] {dagbag.py:588} INFO - Filling up the DagBag from /home/airflow/.local/lib/python3.12/site-packages/airflow/example_dags/tutorial_dag.py
[2025-04-13T20:59:52.560+0000] {processor.py:925} INFO - DAG(s) 'tutorial_dag' retrieved from /home/airflow/.local/lib/python3.12/site-packages/airflow/example_dags/tutorial_dag.py
[2025-04-13T20:59:52.632+0000] {logging_mixin.py:190} INFO - [2025-04-13T20:59:52.632+0000] {dag.py:3239} INFO - Sync 1 DAGs
[2025-04-13T20:59:52.667+0000] {logging_mixin.py:190} INFO - [2025-04-13T20:59:52.667+0000] {dag.py:4180} INFO - Setting next_dagrun for tutorial_dag to None, run_after=None
[2025-04-13T20:59:52.709+0000] {processor.py:208} INFO - Processing /home/airflow/.local/lib/python3.12/site-packages/airflow/example_dags/tutorial_dag.py took 0.184 seconds
[2025-04-13T21:00:25.360+0000] {processor.py:186} INFO - Started process (PID=1120) to work on /home/airflow/.local/lib/python3.12/site-packages/airflow/example_dags/tutorial_dag.py
[2025-04-13T21:00:25.370+0000] {processor.py:914} INFO - Processing file /home/airflow/.local/lib/python3.12/site-packages/airflow/example_dags/tutorial_dag.py for tasks to queue
[2025-04-13T21:00:25.374+0000] {logging_mixin.py:190} INFO - [2025-04-13T21:00:25.374+0000] {dagbag.py:588} INFO - Filling up the DagBag from /home/airflow/.local/lib/python3.12/site-packages/airflow/example_dags/tutorial_dag.py
[2025-04-13T21:00:25.420+0000] {processor.py:925} INFO - DAG(s) 'tutorial_dag' retrieved from /home/airflow/.local/lib/python3.12/site-packages/airflow/example_dags/tutorial_dag.py
[2025-04-13T21:00:25.527+0000] {logging_mixin.py:190} INFO - [2025-04-13T21:00:25.527+0000] {dag.py:3239} INFO - Sync 1 DAGs
[2025-04-13T21:00:25.590+0000] {logging_mixin.py:190} INFO - [2025-04-13T21:00:25.587+0000] {dag.py:4180} INFO - Setting next_dagrun for tutorial_dag to None, run_after=None
[2025-04-13T21:00:25.700+0000] {processor.py:208} INFO - Processing /home/airflow/.local/lib/python3.12/site-packages/airflow/example_dags/tutorial_dag.py took 0.353 seconds
[2025-04-13T21:00:57.034+0000] {processor.py:186} INFO - Started process (PID=1182) to work on /home/airflow/.local/lib/python3.12/site-packages/airflow/example_dags/tutorial_dag.py
[2025-04-13T21:00:57.036+0000] {processor.py:914} INFO - Processing file /home/airflow/.local/lib/python3.12/site-packages/airflow/example_dags/tutorial_dag.py for tasks to queue
[2025-04-13T21:00:57.053+0000] {logging_mixin.py:190} INFO - [2025-04-13T21:00:57.047+0000] {dagbag.py:588} INFO - Filling up the DagBag from /home/airflow/.local/lib/python3.12/site-packages/airflow/example_dags/tutorial_dag.py
[2025-04-13T21:00:57.098+0000] {processor.py:925} INFO - DAG(s) 'tutorial_dag' retrieved from /home/airflow/.local/lib/python3.12/site-packages/airflow/example_dags/tutorial_dag.py
[2025-04-13T21:00:57.164+0000] {logging_mixin.py:190} INFO - [2025-04-13T21:00:57.163+0000] {dag.py:3239} INFO - Sync 1 DAGs
[2025-04-13T21:00:57.204+0000] {logging_mixin.py:190} INFO - [2025-04-13T21:00:57.203+0000] {dag.py:4180} INFO - Setting next_dagrun for tutorial_dag to None, run_after=None
[2025-04-13T21:00:57.325+0000] {processor.py:208} INFO - Processing /home/airflow/.local/lib/python3.12/site-packages/airflow/example_dags/tutorial_dag.py took 0.335 seconds
[2025-04-13T21:26:50.651+0000] {processor.py:186} INFO - Started process (PID=169) to work on /home/airflow/.local/lib/python3.12/site-packages/airflow/example_dags/tutorial_dag.py
[2025-04-13T21:26:51.092+0000] {processor.py:914} INFO - Processing file /home/airflow/.local/lib/python3.12/site-packages/airflow/example_dags/tutorial_dag.py for tasks to queue
[2025-04-13T21:26:51.259+0000] {logging_mixin.py:190} INFO - [2025-04-13T21:26:51.258+0000] {dagbag.py:588} INFO - Filling up the DagBag from /home/airflow/.local/lib/python3.12/site-packages/airflow/example_dags/tutorial_dag.py
[2025-04-13T21:26:52.246+0000] {processor.py:925} INFO - DAG(s) 'tutorial_dag' retrieved from /home/airflow/.local/lib/python3.12/site-packages/airflow/example_dags/tutorial_dag.py
[2025-04-13T21:26:54.961+0000] {logging_mixin.py:190} INFO - [2025-04-13T21:26:54.960+0000] {dag.py:3239} INFO - Sync 1 DAGs
[2025-04-13T21:26:59.369+0000] {logging_mixin.py:190} INFO - [2025-04-13T21:26:59.368+0000] {dag.py:4180} INFO - Setting next_dagrun for tutorial_dag to None, run_after=None
[2025-04-13T21:27:01.908+0000] {processor.py:208} INFO - Processing /home/airflow/.local/lib/python3.12/site-packages/airflow/example_dags/tutorial_dag.py took 11.586 seconds
[2025-04-13T21:31:54.470+0000] {processor.py:186} INFO - Started process (PID=279) to work on /home/airflow/.local/lib/python3.12/site-packages/airflow/example_dags/tutorial_dag.py
[2025-04-13T21:31:54.887+0000] {processor.py:914} INFO - Processing file /home/airflow/.local/lib/python3.12/site-packages/airflow/example_dags/tutorial_dag.py for tasks to queue
[2025-04-13T21:31:54.900+0000] {logging_mixin.py:190} INFO - [2025-04-13T21:31:54.900+0000] {dagbag.py:588} INFO - Filling up the DagBag from /home/airflow/.local/lib/python3.12/site-packages/airflow/example_dags/tutorial_dag.py
[2025-04-13T21:31:54.987+0000] {processor.py:925} INFO - DAG(s) 'tutorial_dag' retrieved from /home/airflow/.local/lib/python3.12/site-packages/airflow/example_dags/tutorial_dag.py
[2025-04-13T21:31:55.806+0000] {logging_mixin.py:190} INFO - [2025-04-13T21:31:55.805+0000] {dag.py:3239} INFO - Sync 1 DAGs
[2025-04-13T21:31:57.596+0000] {logging_mixin.py:190} INFO - [2025-04-13T21:31:57.595+0000] {dag.py:4180} INFO - Setting next_dagrun for tutorial_dag to None, run_after=None
[2025-04-13T21:31:57.958+0000] {processor.py:208} INFO - Processing /home/airflow/.local/lib/python3.12/site-packages/airflow/example_dags/tutorial_dag.py took 3.696 seconds
[2025-04-13T21:35:48.512+0000] {processor.py:186} INFO - Started process (PID=372) to work on /home/airflow/.local/lib/python3.12/site-packages/airflow/example_dags/tutorial_dag.py
[2025-04-13T21:35:48.536+0000] {processor.py:914} INFO - Processing file /home/airflow/.local/lib/python3.12/site-packages/airflow/example_dags/tutorial_dag.py for tasks to queue
[2025-04-13T21:35:48.623+0000] {logging_mixin.py:190} INFO - [2025-04-13T21:35:48.622+0000] {dagbag.py:588} INFO - Filling up the DagBag from /home/airflow/.local/lib/python3.12/site-packages/airflow/example_dags/tutorial_dag.py
[2025-04-13T21:35:49.121+0000] {processor.py:925} INFO - DAG(s) 'tutorial_dag' retrieved from /home/airflow/.local/lib/python3.12/site-packages/airflow/example_dags/tutorial_dag.py
[2025-04-13T21:35:50.106+0000] {logging_mixin.py:190} INFO - [2025-04-13T21:35:50.104+0000] {dag.py:3239} INFO - Sync 1 DAGs
[2025-04-13T21:35:50.552+0000] {logging_mixin.py:190} INFO - [2025-04-13T21:35:50.551+0000] {dag.py:4180} INFO - Setting next_dagrun for tutorial_dag to None, run_after=None
[2025-04-13T21:35:52.071+0000] {processor.py:208} INFO - Processing /home/airflow/.local/lib/python3.12/site-packages/airflow/example_dags/tutorial_dag.py took 4.010 seconds
[2025-04-13T21:51:44.097+0000] {processor.py:186} INFO - Started process (PID=154) to work on /home/airflow/.local/lib/python3.12/site-packages/airflow/example_dags/tutorial_dag.py
[2025-04-13T21:51:44.441+0000] {processor.py:914} INFO - Processing file /home/airflow/.local/lib/python3.12/site-packages/airflow/example_dags/tutorial_dag.py for tasks to queue
[2025-04-13T21:51:44.623+0000] {logging_mixin.py:190} INFO - [2025-04-13T21:51:44.618+0000] {dagbag.py:588} INFO - Filling up the DagBag from /home/airflow/.local/lib/python3.12/site-packages/airflow/example_dags/tutorial_dag.py
[2025-04-13T21:51:44.872+0000] {processor.py:925} INFO - DAG(s) 'tutorial_dag' retrieved from /home/airflow/.local/lib/python3.12/site-packages/airflow/example_dags/tutorial_dag.py
[2025-04-13T21:51:46.334+0000] {logging_mixin.py:190} INFO - [2025-04-13T21:51:46.333+0000] {dag.py:3239} INFO - Sync 1 DAGs
[2025-04-13T21:51:46.735+0000] {logging_mixin.py:190} INFO - [2025-04-13T21:51:46.735+0000] {dag.py:4180} INFO - Setting next_dagrun for tutorial_dag to None, run_after=None
[2025-04-13T21:51:49.514+0000] {processor.py:208} INFO - Processing /home/airflow/.local/lib/python3.12/site-packages/airflow/example_dags/tutorial_dag.py took 5.847 seconds
[2025-04-13T22:31:40.500+0000] {processor.py:186} INFO - Started process (PID=106) to work on /home/airflow/.local/lib/python3.12/site-packages/airflow/example_dags/tutorial_dag.py
[2025-04-13T22:31:40.537+0000] {processor.py:914} INFO - Processing file /home/airflow/.local/lib/python3.12/site-packages/airflow/example_dags/tutorial_dag.py for tasks to queue
[2025-04-13T22:31:40.575+0000] {logging_mixin.py:190} INFO - [2025-04-13T22:31:40.574+0000] {dagbag.py:588} INFO - Filling up the DagBag from /home/airflow/.local/lib/python3.12/site-packages/airflow/example_dags/tutorial_dag.py
[2025-04-13T22:31:40.710+0000] {processor.py:925} INFO - DAG(s) 'tutorial_dag' retrieved from /home/airflow/.local/lib/python3.12/site-packages/airflow/example_dags/tutorial_dag.py
[2025-04-13T22:31:40.972+0000] {logging_mixin.py:190} INFO - [2025-04-13T22:31:40.972+0000] {dag.py:3239} INFO - Sync 1 DAGs
[2025-04-13T22:31:41.146+0000] {logging_mixin.py:190} INFO - [2025-04-13T22:31:41.145+0000] {dag.py:4180} INFO - Setting next_dagrun for tutorial_dag to None, run_after=None
[2025-04-13T22:31:41.482+0000] {processor.py:208} INFO - Processing /home/airflow/.local/lib/python3.12/site-packages/airflow/example_dags/tutorial_dag.py took 1.146 seconds
[2025-04-13T22:32:28.977+0000] {processor.py:186} INFO - Started process (PID=176) to work on /home/airflow/.local/lib/python3.12/site-packages/airflow/example_dags/tutorial_dag.py
[2025-04-13T22:32:28.986+0000] {processor.py:914} INFO - Processing file /home/airflow/.local/lib/python3.12/site-packages/airflow/example_dags/tutorial_dag.py for tasks to queue
[2025-04-13T22:32:28.998+0000] {logging_mixin.py:190} INFO - [2025-04-13T22:32:28.998+0000] {dagbag.py:588} INFO - Filling up the DagBag from /home/airflow/.local/lib/python3.12/site-packages/airflow/example_dags/tutorial_dag.py
[2025-04-13T22:32:29.036+0000] {processor.py:925} INFO - DAG(s) 'tutorial_dag' retrieved from /home/airflow/.local/lib/python3.12/site-packages/airflow/example_dags/tutorial_dag.py
[2025-04-13T22:32:29.276+0000] {logging_mixin.py:190} INFO - [2025-04-13T22:32:29.275+0000] {dag.py:3239} INFO - Sync 1 DAGs
[2025-04-13T22:32:29.637+0000] {logging_mixin.py:190} INFO - [2025-04-13T22:32:29.635+0000] {dag.py:4180} INFO - Setting next_dagrun for tutorial_dag to None, run_after=None
[2025-04-13T22:32:30.056+0000] {processor.py:208} INFO - Processing /home/airflow/.local/lib/python3.12/site-packages/airflow/example_dags/tutorial_dag.py took 1.096 seconds
[2025-04-13T22:33:06.144+0000] {processor.py:186} INFO - Started process (PID=240) to work on /home/airflow/.local/lib/python3.12/site-packages/airflow/example_dags/tutorial_dag.py
[2025-04-13T22:33:06.148+0000] {processor.py:914} INFO - Processing file /home/airflow/.local/lib/python3.12/site-packages/airflow/example_dags/tutorial_dag.py for tasks to queue
[2025-04-13T22:33:06.164+0000] {logging_mixin.py:190} INFO - [2025-04-13T22:33:06.163+0000] {dagbag.py:588} INFO - Filling up the DagBag from /home/airflow/.local/lib/python3.12/site-packages/airflow/example_dags/tutorial_dag.py
[2025-04-13T22:33:06.199+0000] {processor.py:925} INFO - DAG(s) 'tutorial_dag' retrieved from /home/airflow/.local/lib/python3.12/site-packages/airflow/example_dags/tutorial_dag.py
[2025-04-13T22:33:06.298+0000] {logging_mixin.py:190} INFO - [2025-04-13T22:33:06.298+0000] {dag.py:3239} INFO - Sync 1 DAGs
[2025-04-13T22:33:06.367+0000] {logging_mixin.py:190} INFO - [2025-04-13T22:33:06.366+0000] {dag.py:4180} INFO - Setting next_dagrun for tutorial_dag to None, run_after=None
[2025-04-13T22:33:06.464+0000] {processor.py:208} INFO - Processing /home/airflow/.local/lib/python3.12/site-packages/airflow/example_dags/tutorial_dag.py took 0.362 seconds
[2025-04-13T22:33:36.713+0000] {processor.py:186} INFO - Started process (PID=303) to work on /home/airflow/.local/lib/python3.12/site-packages/airflow/example_dags/tutorial_dag.py
[2025-04-13T22:33:36.716+0000] {processor.py:914} INFO - Processing file /home/airflow/.local/lib/python3.12/site-packages/airflow/example_dags/tutorial_dag.py for tasks to queue
[2025-04-13T22:33:36.742+0000] {logging_mixin.py:190} INFO - [2025-04-13T22:33:36.741+0000] {dagbag.py:588} INFO - Filling up the DagBag from /home/airflow/.local/lib/python3.12/site-packages/airflow/example_dags/tutorial_dag.py
[2025-04-13T22:33:36.794+0000] {processor.py:925} INFO - DAG(s) 'tutorial_dag' retrieved from /home/airflow/.local/lib/python3.12/site-packages/airflow/example_dags/tutorial_dag.py
[2025-04-13T22:33:36.909+0000] {logging_mixin.py:190} INFO - [2025-04-13T22:33:36.909+0000] {dag.py:3239} INFO - Sync 1 DAGs
[2025-04-13T22:33:37.046+0000] {logging_mixin.py:190} INFO - [2025-04-13T22:33:37.046+0000] {dag.py:4180} INFO - Setting next_dagrun for tutorial_dag to None, run_after=None
[2025-04-13T22:33:37.148+0000] {processor.py:208} INFO - Processing /home/airflow/.local/lib/python3.12/site-packages/airflow/example_dags/tutorial_dag.py took 0.484 seconds
[2025-04-13T22:34:07.743+0000] {processor.py:186} INFO - Started process (PID=366) to work on /home/airflow/.local/lib/python3.12/site-packages/airflow/example_dags/tutorial_dag.py
[2025-04-13T22:34:07.751+0000] {processor.py:914} INFO - Processing file /home/airflow/.local/lib/python3.12/site-packages/airflow/example_dags/tutorial_dag.py for tasks to queue
[2025-04-13T22:34:07.770+0000] {logging_mixin.py:190} INFO - [2025-04-13T22:34:07.769+0000] {dagbag.py:588} INFO - Filling up the DagBag from /home/airflow/.local/lib/python3.12/site-packages/airflow/example_dags/tutorial_dag.py
[2025-04-13T22:34:07.799+0000] {processor.py:925} INFO - DAG(s) 'tutorial_dag' retrieved from /home/airflow/.local/lib/python3.12/site-packages/airflow/example_dags/tutorial_dag.py
[2025-04-13T22:34:07.903+0000] {logging_mixin.py:190} INFO - [2025-04-13T22:34:07.902+0000] {dag.py:3239} INFO - Sync 1 DAGs
[2025-04-13T22:34:07.955+0000] {logging_mixin.py:190} INFO - [2025-04-13T22:34:07.955+0000] {dag.py:4180} INFO - Setting next_dagrun for tutorial_dag to None, run_after=None
[2025-04-13T22:34:08.062+0000] {processor.py:208} INFO - Processing /home/airflow/.local/lib/python3.12/site-packages/airflow/example_dags/tutorial_dag.py took 0.370 seconds
[2025-04-13T22:34:38.368+0000] {processor.py:186} INFO - Started process (PID=430) to work on /home/airflow/.local/lib/python3.12/site-packages/airflow/example_dags/tutorial_dag.py
[2025-04-13T22:34:38.370+0000] {processor.py:914} INFO - Processing file /home/airflow/.local/lib/python3.12/site-packages/airflow/example_dags/tutorial_dag.py for tasks to queue
[2025-04-13T22:34:38.375+0000] {logging_mixin.py:190} INFO - [2025-04-13T22:34:38.375+0000] {dagbag.py:588} INFO - Filling up the DagBag from /home/airflow/.local/lib/python3.12/site-packages/airflow/example_dags/tutorial_dag.py
[2025-04-13T22:34:38.395+0000] {processor.py:925} INFO - DAG(s) 'tutorial_dag' retrieved from /home/airflow/.local/lib/python3.12/site-packages/airflow/example_dags/tutorial_dag.py
[2025-04-13T22:34:38.464+0000] {logging_mixin.py:190} INFO - [2025-04-13T22:34:38.463+0000] {dag.py:3239} INFO - Sync 1 DAGs
[2025-04-13T22:34:38.522+0000] {logging_mixin.py:190} INFO - [2025-04-13T22:34:38.521+0000] {dag.py:4180} INFO - Setting next_dagrun for tutorial_dag to None, run_after=None
[2025-04-13T22:34:38.611+0000] {processor.py:208} INFO - Processing /home/airflow/.local/lib/python3.12/site-packages/airflow/example_dags/tutorial_dag.py took 0.257 seconds
[2025-04-13T22:35:16.368+0000] {processor.py:186} INFO - Started process (PID=473) to work on /home/airflow/.local/lib/python3.12/site-packages/airflow/example_dags/tutorial_dag.py
[2025-04-13T22:35:16.370+0000] {processor.py:914} INFO - Processing file /home/airflow/.local/lib/python3.12/site-packages/airflow/example_dags/tutorial_dag.py for tasks to queue
[2025-04-13T22:35:16.376+0000] {logging_mixin.py:190} INFO - [2025-04-13T22:35:16.375+0000] {dagbag.py:588} INFO - Filling up the DagBag from /home/airflow/.local/lib/python3.12/site-packages/airflow/example_dags/tutorial_dag.py
[2025-04-13T22:35:16.420+0000] {processor.py:925} INFO - DAG(s) 'tutorial_dag' retrieved from /home/airflow/.local/lib/python3.12/site-packages/airflow/example_dags/tutorial_dag.py
[2025-04-13T22:35:16.523+0000] {logging_mixin.py:190} INFO - [2025-04-13T22:35:16.522+0000] {dag.py:3239} INFO - Sync 1 DAGs
[2025-04-13T22:35:16.595+0000] {logging_mixin.py:190} INFO - [2025-04-13T22:35:16.595+0000] {dag.py:4180} INFO - Setting next_dagrun for tutorial_dag to None, run_after=None
[2025-04-13T22:35:16.724+0000] {processor.py:208} INFO - Processing /home/airflow/.local/lib/python3.12/site-packages/airflow/example_dags/tutorial_dag.py took 0.374 seconds
[2025-04-13T22:35:52.980+0000] {processor.py:186} INFO - Started process (PID=537) to work on /home/airflow/.local/lib/python3.12/site-packages/airflow/example_dags/tutorial_dag.py
[2025-04-13T22:35:52.992+0000] {processor.py:914} INFO - Processing file /home/airflow/.local/lib/python3.12/site-packages/airflow/example_dags/tutorial_dag.py for tasks to queue
[2025-04-13T22:35:53.001+0000] {logging_mixin.py:190} INFO - [2025-04-13T22:35:53.000+0000] {dagbag.py:588} INFO - Filling up the DagBag from /home/airflow/.local/lib/python3.12/site-packages/airflow/example_dags/tutorial_dag.py
[2025-04-13T22:35:53.060+0000] {processor.py:925} INFO - DAG(s) 'tutorial_dag' retrieved from /home/airflow/.local/lib/python3.12/site-packages/airflow/example_dags/tutorial_dag.py
[2025-04-13T22:35:53.126+0000] {logging_mixin.py:190} INFO - [2025-04-13T22:35:53.125+0000] {dag.py:3239} INFO - Sync 1 DAGs
[2025-04-13T22:35:53.212+0000] {logging_mixin.py:190} INFO - [2025-04-13T22:35:53.211+0000] {dag.py:4180} INFO - Setting next_dagrun for tutorial_dag to None, run_after=None
[2025-04-13T22:35:53.339+0000] {processor.py:208} INFO - Processing /home/airflow/.local/lib/python3.12/site-packages/airflow/example_dags/tutorial_dag.py took 0.388 seconds
[2025-04-13T22:36:28.919+0000] {processor.py:186} INFO - Started process (PID=594) to work on /home/airflow/.local/lib/python3.12/site-packages/airflow/example_dags/tutorial_dag.py
[2025-04-13T22:36:28.938+0000] {processor.py:914} INFO - Processing file /home/airflow/.local/lib/python3.12/site-packages/airflow/example_dags/tutorial_dag.py for tasks to queue
[2025-04-13T22:36:28.945+0000] {logging_mixin.py:190} INFO - [2025-04-13T22:36:28.944+0000] {dagbag.py:588} INFO - Filling up the DagBag from /home/airflow/.local/lib/python3.12/site-packages/airflow/example_dags/tutorial_dag.py
[2025-04-13T22:36:28.991+0000] {processor.py:925} INFO - DAG(s) 'tutorial_dag' retrieved from /home/airflow/.local/lib/python3.12/site-packages/airflow/example_dags/tutorial_dag.py
[2025-04-13T22:36:29.102+0000] {logging_mixin.py:190} INFO - [2025-04-13T22:36:29.098+0000] {dag.py:3239} INFO - Sync 1 DAGs
[2025-04-13T22:36:29.156+0000] {logging_mixin.py:190} INFO - [2025-04-13T22:36:29.156+0000] {dag.py:4180} INFO - Setting next_dagrun for tutorial_dag to None, run_after=None
[2025-04-13T22:36:29.264+0000] {processor.py:208} INFO - Processing /home/airflow/.local/lib/python3.12/site-packages/airflow/example_dags/tutorial_dag.py took 0.391 seconds
[2025-04-13T22:37:12.318+0000] {processor.py:186} INFO - Started process (PID=664) to work on /home/airflow/.local/lib/python3.12/site-packages/airflow/example_dags/tutorial_dag.py
[2025-04-13T22:37:12.557+0000] {processor.py:914} INFO - Processing file /home/airflow/.local/lib/python3.12/site-packages/airflow/example_dags/tutorial_dag.py for tasks to queue
[2025-04-13T22:37:12.793+0000] {logging_mixin.py:190} INFO - [2025-04-13T22:37:12.726+0000] {dagbag.py:588} INFO - Filling up the DagBag from /home/airflow/.local/lib/python3.12/site-packages/airflow/example_dags/tutorial_dag.py
[2025-04-13T22:37:12.979+0000] {processor.py:925} INFO - DAG(s) 'tutorial_dag' retrieved from /home/airflow/.local/lib/python3.12/site-packages/airflow/example_dags/tutorial_dag.py
[2025-04-13T22:37:13.493+0000] {logging_mixin.py:190} INFO - [2025-04-13T22:37:13.493+0000] {dag.py:3239} INFO - Sync 1 DAGs
[2025-04-13T22:37:13.810+0000] {logging_mixin.py:190} INFO - [2025-04-13T22:37:13.809+0000] {dag.py:4180} INFO - Setting next_dagrun for tutorial_dag to None, run_after=None
[2025-04-13T22:37:14.018+0000] {processor.py:208} INFO - Processing /home/airflow/.local/lib/python3.12/site-packages/airflow/example_dags/tutorial_dag.py took 1.821 seconds
[2025-04-13T22:37:56.594+0000] {processor.py:186} INFO - Started process (PID=726) to work on /home/airflow/.local/lib/python3.12/site-packages/airflow/example_dags/tutorial_dag.py
[2025-04-13T22:37:56.632+0000] {processor.py:914} INFO - Processing file /home/airflow/.local/lib/python3.12/site-packages/airflow/example_dags/tutorial_dag.py for tasks to queue
[2025-04-13T22:37:56.657+0000] {logging_mixin.py:190} INFO - [2025-04-13T22:37:56.656+0000] {dagbag.py:588} INFO - Filling up the DagBag from /home/airflow/.local/lib/python3.12/site-packages/airflow/example_dags/tutorial_dag.py
[2025-04-13T22:37:56.687+0000] {processor.py:925} INFO - DAG(s) 'tutorial_dag' retrieved from /home/airflow/.local/lib/python3.12/site-packages/airflow/example_dags/tutorial_dag.py
[2025-04-13T22:37:56.800+0000] {logging_mixin.py:190} INFO - [2025-04-13T22:37:56.800+0000] {dag.py:3239} INFO - Sync 1 DAGs
[2025-04-13T22:37:56.888+0000] {logging_mixin.py:190} INFO - [2025-04-13T22:37:56.887+0000] {dag.py:4180} INFO - Setting next_dagrun for tutorial_dag to None, run_after=None
[2025-04-13T22:37:56.984+0000] {processor.py:208} INFO - Processing /home/airflow/.local/lib/python3.12/site-packages/airflow/example_dags/tutorial_dag.py took 0.412 seconds
[2025-04-13T22:38:36.994+0000] {processor.py:186} INFO - Started process (PID=796) to work on /home/airflow/.local/lib/python3.12/site-packages/airflow/example_dags/tutorial_dag.py
[2025-04-13T22:38:37.006+0000] {processor.py:914} INFO - Processing file /home/airflow/.local/lib/python3.12/site-packages/airflow/example_dags/tutorial_dag.py for tasks to queue
[2025-04-13T22:38:37.045+0000] {logging_mixin.py:190} INFO - [2025-04-13T22:38:37.044+0000] {dagbag.py:588} INFO - Filling up the DagBag from /home/airflow/.local/lib/python3.12/site-packages/airflow/example_dags/tutorial_dag.py
[2025-04-13T22:38:37.108+0000] {processor.py:925} INFO - DAG(s) 'tutorial_dag' retrieved from /home/airflow/.local/lib/python3.12/site-packages/airflow/example_dags/tutorial_dag.py
[2025-04-13T22:38:37.172+0000] {logging_mixin.py:190} INFO - [2025-04-13T22:38:37.172+0000] {dag.py:3239} INFO - Sync 1 DAGs
[2025-04-13T22:38:37.314+0000] {logging_mixin.py:190} INFO - [2025-04-13T22:38:37.312+0000] {dag.py:4180} INFO - Setting next_dagrun for tutorial_dag to None, run_after=None
[2025-04-13T22:38:37.522+0000] {processor.py:208} INFO - Processing /home/airflow/.local/lib/python3.12/site-packages/airflow/example_dags/tutorial_dag.py took 0.542 seconds
[2025-04-13T22:39:16.153+0000] {processor.py:186} INFO - Started process (PID=860) to work on /home/airflow/.local/lib/python3.12/site-packages/airflow/example_dags/tutorial_dag.py
[2025-04-13T22:39:16.156+0000] {processor.py:914} INFO - Processing file /home/airflow/.local/lib/python3.12/site-packages/airflow/example_dags/tutorial_dag.py for tasks to queue
[2025-04-13T22:39:16.162+0000] {logging_mixin.py:190} INFO - [2025-04-13T22:39:16.161+0000] {dagbag.py:588} INFO - Filling up the DagBag from /home/airflow/.local/lib/python3.12/site-packages/airflow/example_dags/tutorial_dag.py
[2025-04-13T22:39:16.206+0000] {processor.py:925} INFO - DAG(s) 'tutorial_dag' retrieved from /home/airflow/.local/lib/python3.12/site-packages/airflow/example_dags/tutorial_dag.py
[2025-04-13T22:39:16.336+0000] {logging_mixin.py:190} INFO - [2025-04-13T22:39:16.335+0000] {dag.py:3239} INFO - Sync 1 DAGs
[2025-04-13T22:39:16.398+0000] {logging_mixin.py:190} INFO - [2025-04-13T22:39:16.397+0000] {dag.py:4180} INFO - Setting next_dagrun for tutorial_dag to None, run_after=None
[2025-04-13T22:39:16.480+0000] {processor.py:208} INFO - Processing /home/airflow/.local/lib/python3.12/site-packages/airflow/example_dags/tutorial_dag.py took 0.365 seconds
[2025-04-13T22:40:30.538+0000] {processor.py:186} INFO - Started process (PID=925) to work on /home/airflow/.local/lib/python3.12/site-packages/airflow/example_dags/tutorial_dag.py
[2025-04-13T22:40:30.814+0000] {processor.py:914} INFO - Processing file /home/airflow/.local/lib/python3.12/site-packages/airflow/example_dags/tutorial_dag.py for tasks to queue
[2025-04-13T22:40:30.850+0000] {logging_mixin.py:190} INFO - [2025-04-13T22:40:30.849+0000] {dagbag.py:588} INFO - Filling up the DagBag from /home/airflow/.local/lib/python3.12/site-packages/airflow/example_dags/tutorial_dag.py
[2025-04-13T22:40:30.938+0000] {processor.py:925} INFO - DAG(s) 'tutorial_dag' retrieved from /home/airflow/.local/lib/python3.12/site-packages/airflow/example_dags/tutorial_dag.py
[2025-04-13T22:40:31.512+0000] {logging_mixin.py:190} INFO - [2025-04-13T22:40:31.511+0000] {dag.py:3239} INFO - Sync 1 DAGs
[2025-04-13T22:40:31.747+0000] {logging_mixin.py:190} INFO - [2025-04-13T22:40:31.747+0000] {dag.py:4180} INFO - Setting next_dagrun for tutorial_dag to None, run_after=None
[2025-04-13T22:40:32.037+0000] {processor.py:208} INFO - Processing /home/airflow/.local/lib/python3.12/site-packages/airflow/example_dags/tutorial_dag.py took 1.799 seconds
[2025-04-13T22:41:54.523+0000] {processor.py:186} INFO - Started process (PID=994) to work on /home/airflow/.local/lib/python3.12/site-packages/airflow/example_dags/tutorial_dag.py
[2025-04-13T22:41:54.547+0000] {processor.py:914} INFO - Processing file /home/airflow/.local/lib/python3.12/site-packages/airflow/example_dags/tutorial_dag.py for tasks to queue
[2025-04-13T22:41:54.591+0000] {logging_mixin.py:190} INFO - [2025-04-13T22:41:54.590+0000] {dagbag.py:588} INFO - Filling up the DagBag from /home/airflow/.local/lib/python3.12/site-packages/airflow/example_dags/tutorial_dag.py
[2025-04-13T22:41:54.812+0000] {processor.py:925} INFO - DAG(s) 'tutorial_dag' retrieved from /home/airflow/.local/lib/python3.12/site-packages/airflow/example_dags/tutorial_dag.py
[2025-04-13T22:41:55.007+0000] {logging_mixin.py:190} INFO - [2025-04-13T22:41:55.006+0000] {dag.py:3239} INFO - Sync 1 DAGs
[2025-04-13T22:41:55.208+0000] {logging_mixin.py:190} INFO - [2025-04-13T22:41:55.207+0000] {dag.py:4180} INFO - Setting next_dagrun for tutorial_dag to None, run_after=None
[2025-04-13T22:41:55.642+0000] {processor.py:208} INFO - Processing /home/airflow/.local/lib/python3.12/site-packages/airflow/example_dags/tutorial_dag.py took 1.145 seconds
[2025-04-13T22:42:33.427+0000] {processor.py:186} INFO - Started process (PID=1057) to work on /home/airflow/.local/lib/python3.12/site-packages/airflow/example_dags/tutorial_dag.py
[2025-04-13T22:42:33.456+0000] {processor.py:914} INFO - Processing file /home/airflow/.local/lib/python3.12/site-packages/airflow/example_dags/tutorial_dag.py for tasks to queue
[2025-04-13T22:42:33.474+0000] {logging_mixin.py:190} INFO - [2025-04-13T22:42:33.474+0000] {dagbag.py:588} INFO - Filling up the DagBag from /home/airflow/.local/lib/python3.12/site-packages/airflow/example_dags/tutorial_dag.py
[2025-04-13T22:42:33.505+0000] {processor.py:925} INFO - DAG(s) 'tutorial_dag' retrieved from /home/airflow/.local/lib/python3.12/site-packages/airflow/example_dags/tutorial_dag.py
[2025-04-13T22:42:33.635+0000] {logging_mixin.py:190} INFO - [2025-04-13T22:42:33.635+0000] {dag.py:3239} INFO - Sync 1 DAGs
[2025-04-13T22:42:33.734+0000] {logging_mixin.py:190} INFO - [2025-04-13T22:42:33.733+0000] {dag.py:4180} INFO - Setting next_dagrun for tutorial_dag to None, run_after=None
[2025-04-13T22:42:33.832+0000] {processor.py:208} INFO - Processing /home/airflow/.local/lib/python3.12/site-packages/airflow/example_dags/tutorial_dag.py took 0.441 seconds
[2025-04-13T22:43:13.467+0000] {processor.py:186} INFO - Started process (PID=1118) to work on /home/airflow/.local/lib/python3.12/site-packages/airflow/example_dags/tutorial_dag.py
[2025-04-13T22:43:13.509+0000] {processor.py:914} INFO - Processing file /home/airflow/.local/lib/python3.12/site-packages/airflow/example_dags/tutorial_dag.py for tasks to queue
[2025-04-13T22:43:13.572+0000] {logging_mixin.py:190} INFO - [2025-04-13T22:43:13.571+0000] {dagbag.py:588} INFO - Filling up the DagBag from /home/airflow/.local/lib/python3.12/site-packages/airflow/example_dags/tutorial_dag.py
[2025-04-13T22:43:13.716+0000] {processor.py:925} INFO - DAG(s) 'tutorial_dag' retrieved from /home/airflow/.local/lib/python3.12/site-packages/airflow/example_dags/tutorial_dag.py
[2025-04-13T22:43:14.231+0000] {logging_mixin.py:190} INFO - [2025-04-13T22:43:14.230+0000] {dag.py:3239} INFO - Sync 1 DAGs
[2025-04-13T22:43:14.458+0000] {logging_mixin.py:190} INFO - [2025-04-13T22:43:14.457+0000] {dag.py:4180} INFO - Setting next_dagrun for tutorial_dag to None, run_after=None
[2025-04-13T22:43:14.566+0000] {processor.py:208} INFO - Processing /home/airflow/.local/lib/python3.12/site-packages/airflow/example_dags/tutorial_dag.py took 1.284 seconds
[2025-04-13T22:44:40.410+0000] {processor.py:186} INFO - Started process (PID=1187) to work on /home/airflow/.local/lib/python3.12/site-packages/airflow/example_dags/tutorial_dag.py
[2025-04-13T22:44:40.414+0000] {processor.py:914} INFO - Processing file /home/airflow/.local/lib/python3.12/site-packages/airflow/example_dags/tutorial_dag.py for tasks to queue
[2025-04-13T22:44:40.420+0000] {logging_mixin.py:190} INFO - [2025-04-13T22:44:40.419+0000] {dagbag.py:588} INFO - Filling up the DagBag from /home/airflow/.local/lib/python3.12/site-packages/airflow/example_dags/tutorial_dag.py
[2025-04-13T22:44:40.446+0000] {processor.py:925} INFO - DAG(s) 'tutorial_dag' retrieved from /home/airflow/.local/lib/python3.12/site-packages/airflow/example_dags/tutorial_dag.py
[2025-04-13T22:44:40.575+0000] {logging_mixin.py:190} INFO - [2025-04-13T22:44:40.575+0000] {dag.py:3239} INFO - Sync 1 DAGs
[2025-04-13T22:44:40.716+0000] {logging_mixin.py:190} INFO - [2025-04-13T22:44:40.680+0000] {dag.py:4180} INFO - Setting next_dagrun for tutorial_dag to None, run_after=None
[2025-04-13T22:44:40.871+0000] {processor.py:208} INFO - Processing /home/airflow/.local/lib/python3.12/site-packages/airflow/example_dags/tutorial_dag.py took 0.486 seconds
