[2025-04-13T16:48:20.174+0000] {processor.py:186} INFO - Started process (PID=94) to work on /home/airflow/.local/lib/python3.12/site-packages/airflow/example_dags/tutorial.py
[2025-04-13T16:48:20.179+0000] {processor.py:914} INFO - Processing file /home/airflow/.local/lib/python3.12/site-packages/airflow/example_dags/tutorial.py for tasks to queue
[2025-04-13T16:48:20.218+0000] {logging_mixin.py:190} INFO - [2025-04-13T16:48:20.217+0000] {dagbag.py:588} INFO - Filling up the DagBag from /home/airflow/.local/lib/python3.12/site-packages/airflow/example_dags/tutorial.py
[2025-04-13T16:48:20.312+0000] {processor.py:925} INFO - DAG(s) 'tutorial' retrieved from /home/airflow/.local/lib/python3.12/site-packages/airflow/example_dags/tutorial.py
[2025-04-13T16:48:22.711+0000] {logging_mixin.py:190} INFO - [2025-04-13T16:48:22.710+0000] {override.py:1912} INFO - Created Permission View: can read on DAG:tutorial
[2025-04-13T16:48:22.963+0000] {logging_mixin.py:190} INFO - [2025-04-13T16:48:22.963+0000] {override.py:1912} INFO - Created Permission View: can edit on DAG:tutorial
[2025-04-13T16:48:23.156+0000] {logging_mixin.py:190} INFO - [2025-04-13T16:48:23.155+0000] {override.py:1912} INFO - Created Permission View: can delete on DAG:tutorial
[2025-04-13T16:48:23.283+0000] {logging_mixin.py:190} INFO - [2025-04-13T16:48:23.282+0000] {override.py:1912} INFO - Created Permission View: can read on DAG Run:tutorial
[2025-04-13T16:48:23.460+0000] {logging_mixin.py:190} INFO - [2025-04-13T16:48:23.460+0000] {override.py:1912} INFO - Created Permission View: menu access on DAG Run:tutorial
[2025-04-13T16:48:23.782+0000] {logging_mixin.py:190} INFO - [2025-04-13T16:48:23.781+0000] {override.py:1912} INFO - Created Permission View: can create on DAG Run:tutorial
[2025-04-13T16:48:24.440+0000] {logging_mixin.py:190} INFO - [2025-04-13T16:48:24.376+0000] {override.py:1912} INFO - Created Permission View: can delete on DAG Run:tutorial
[2025-04-13T16:48:24.651+0000] {logging_mixin.py:190} INFO - [2025-04-13T16:48:24.552+0000] {dag.py:3239} INFO - Sync 1 DAGs
[2025-04-13T16:48:25.138+0000] {logging_mixin.py:190} INFO - [2025-04-13T16:48:25.098+0000] {dag.py:3262} INFO - Creating ORM DAG for tutorial
[2025-04-13T16:48:25.397+0000] {logging_mixin.py:190} INFO - [2025-04-13T16:48:25.396+0000] {dag.py:4180} INFO - Setting next_dagrun for tutorial to 2025-04-12 00:00:00+00:00, run_after=2025-04-13 00:00:00+00:00
[2025-04-13T16:48:25.828+0000] {processor.py:208} INFO - Processing /home/airflow/.local/lib/python3.12/site-packages/airflow/example_dags/tutorial.py took 5.961 seconds
[2025-04-13T16:50:33.329+0000] {processor.py:186} INFO - Started process (PID=175) to work on /home/airflow/.local/lib/python3.12/site-packages/airflow/example_dags/tutorial.py
[2025-04-13T16:50:33.332+0000] {processor.py:914} INFO - Processing file /home/airflow/.local/lib/python3.12/site-packages/airflow/example_dags/tutorial.py for tasks to queue
[2025-04-13T16:50:33.338+0000] {logging_mixin.py:190} INFO - [2025-04-13T16:50:33.338+0000] {dagbag.py:588} INFO - Filling up the DagBag from /home/airflow/.local/lib/python3.12/site-packages/airflow/example_dags/tutorial.py
[2025-04-13T16:50:33.396+0000] {processor.py:925} INFO - DAG(s) 'tutorial' retrieved from /home/airflow/.local/lib/python3.12/site-packages/airflow/example_dags/tutorial.py
[2025-04-13T16:50:33.523+0000] {logging_mixin.py:190} INFO - [2025-04-13T16:50:33.522+0000] {dag.py:3239} INFO - Sync 1 DAGs
[2025-04-13T16:50:33.722+0000] {logging_mixin.py:190} INFO - [2025-04-13T16:50:33.689+0000] {dag.py:4180} INFO - Setting next_dagrun for tutorial to 2025-04-12 00:00:00+00:00, run_after=2025-04-13 00:00:00+00:00
[2025-04-13T16:50:34.008+0000] {processor.py:208} INFO - Processing /home/airflow/.local/lib/python3.12/site-packages/airflow/example_dags/tutorial.py took 0.701 seconds
[2025-04-13T16:51:08.010+0000] {processor.py:186} INFO - Started process (PID=224) to work on /home/airflow/.local/lib/python3.12/site-packages/airflow/example_dags/tutorial.py
[2025-04-13T16:51:08.031+0000] {processor.py:914} INFO - Processing file /home/airflow/.local/lib/python3.12/site-packages/airflow/example_dags/tutorial.py for tasks to queue
[2025-04-13T16:51:08.043+0000] {logging_mixin.py:190} INFO - [2025-04-13T16:51:08.042+0000] {dagbag.py:588} INFO - Filling up the DagBag from /home/airflow/.local/lib/python3.12/site-packages/airflow/example_dags/tutorial.py
[2025-04-13T16:51:08.117+0000] {processor.py:925} INFO - DAG(s) 'tutorial' retrieved from /home/airflow/.local/lib/python3.12/site-packages/airflow/example_dags/tutorial.py
[2025-04-13T16:51:08.384+0000] {logging_mixin.py:190} INFO - [2025-04-13T16:51:08.383+0000] {dag.py:3239} INFO - Sync 1 DAGs
[2025-04-13T16:51:08.468+0000] {logging_mixin.py:190} INFO - [2025-04-13T16:51:08.468+0000] {dag.py:4180} INFO - Setting next_dagrun for tutorial to 2025-04-12 00:00:00+00:00, run_after=2025-04-13 00:00:00+00:00
[2025-04-13T16:51:08.636+0000] {processor.py:208} INFO - Processing /home/airflow/.local/lib/python3.12/site-packages/airflow/example_dags/tutorial.py took 0.638 seconds
[2025-04-13T16:51:41.872+0000] {processor.py:186} INFO - Started process (PID=285) to work on /home/airflow/.local/lib/python3.12/site-packages/airflow/example_dags/tutorial.py
[2025-04-13T16:51:41.875+0000] {processor.py:914} INFO - Processing file /home/airflow/.local/lib/python3.12/site-packages/airflow/example_dags/tutorial.py for tasks to queue
[2025-04-13T16:51:41.881+0000] {logging_mixin.py:190} INFO - [2025-04-13T16:51:41.880+0000] {dagbag.py:588} INFO - Filling up the DagBag from /home/airflow/.local/lib/python3.12/site-packages/airflow/example_dags/tutorial.py
[2025-04-13T16:51:41.909+0000] {processor.py:925} INFO - DAG(s) 'tutorial' retrieved from /home/airflow/.local/lib/python3.12/site-packages/airflow/example_dags/tutorial.py
[2025-04-13T16:51:41.998+0000] {logging_mixin.py:190} INFO - [2025-04-13T16:51:41.998+0000] {dag.py:3239} INFO - Sync 1 DAGs
[2025-04-13T16:51:42.142+0000] {logging_mixin.py:190} INFO - [2025-04-13T16:51:42.141+0000] {dag.py:4180} INFO - Setting next_dagrun for tutorial to 2025-04-12 00:00:00+00:00, run_after=2025-04-13 00:00:00+00:00
[2025-04-13T16:51:42.232+0000] {processor.py:208} INFO - Processing /home/airflow/.local/lib/python3.12/site-packages/airflow/example_dags/tutorial.py took 0.384 seconds
[2025-04-13T16:52:16.122+0000] {processor.py:186} INFO - Started process (PID=348) to work on /home/airflow/.local/lib/python3.12/site-packages/airflow/example_dags/tutorial.py
[2025-04-13T16:52:16.126+0000] {processor.py:914} INFO - Processing file /home/airflow/.local/lib/python3.12/site-packages/airflow/example_dags/tutorial.py for tasks to queue
[2025-04-13T16:52:16.135+0000] {logging_mixin.py:190} INFO - [2025-04-13T16:52:16.134+0000] {dagbag.py:588} INFO - Filling up the DagBag from /home/airflow/.local/lib/python3.12/site-packages/airflow/example_dags/tutorial.py
[2025-04-13T16:52:16.164+0000] {processor.py:925} INFO - DAG(s) 'tutorial' retrieved from /home/airflow/.local/lib/python3.12/site-packages/airflow/example_dags/tutorial.py
[2025-04-13T16:52:16.221+0000] {logging_mixin.py:190} INFO - [2025-04-13T16:52:16.221+0000] {dag.py:3239} INFO - Sync 1 DAGs
[2025-04-13T16:52:16.320+0000] {logging_mixin.py:190} INFO - [2025-04-13T16:52:16.319+0000] {dag.py:4180} INFO - Setting next_dagrun for tutorial to 2025-04-12 00:00:00+00:00, run_after=2025-04-13 00:00:00+00:00
[2025-04-13T16:52:16.430+0000] {processor.py:208} INFO - Processing /home/airflow/.local/lib/python3.12/site-packages/airflow/example_dags/tutorial.py took 0.334 seconds
[2025-04-13T16:52:47.958+0000] {processor.py:186} INFO - Started process (PID=411) to work on /home/airflow/.local/lib/python3.12/site-packages/airflow/example_dags/tutorial.py
[2025-04-13T16:52:47.960+0000] {processor.py:914} INFO - Processing file /home/airflow/.local/lib/python3.12/site-packages/airflow/example_dags/tutorial.py for tasks to queue
[2025-04-13T16:52:47.968+0000] {logging_mixin.py:190} INFO - [2025-04-13T16:52:47.967+0000] {dagbag.py:588} INFO - Filling up the DagBag from /home/airflow/.local/lib/python3.12/site-packages/airflow/example_dags/tutorial.py
[2025-04-13T16:52:48.011+0000] {processor.py:925} INFO - DAG(s) 'tutorial' retrieved from /home/airflow/.local/lib/python3.12/site-packages/airflow/example_dags/tutorial.py
[2025-04-13T16:52:48.088+0000] {logging_mixin.py:190} INFO - [2025-04-13T16:52:48.087+0000] {dag.py:3239} INFO - Sync 1 DAGs
[2025-04-13T16:52:48.184+0000] {logging_mixin.py:190} INFO - [2025-04-13T16:52:48.184+0000] {dag.py:4180} INFO - Setting next_dagrun for tutorial to 2025-04-12 00:00:00+00:00, run_after=2025-04-13 00:00:00+00:00
[2025-04-13T16:52:48.267+0000] {processor.py:208} INFO - Processing /home/airflow/.local/lib/python3.12/site-packages/airflow/example_dags/tutorial.py took 0.339 seconds
[2025-04-13T16:53:33.077+0000] {processor.py:186} INFO - Started process (PID=470) to work on /home/airflow/.local/lib/python3.12/site-packages/airflow/example_dags/tutorial.py
[2025-04-13T16:53:33.082+0000] {processor.py:914} INFO - Processing file /home/airflow/.local/lib/python3.12/site-packages/airflow/example_dags/tutorial.py for tasks to queue
[2025-04-13T16:53:33.092+0000] {logging_mixin.py:190} INFO - [2025-04-13T16:53:33.090+0000] {dagbag.py:588} INFO - Filling up the DagBag from /home/airflow/.local/lib/python3.12/site-packages/airflow/example_dags/tutorial.py
[2025-04-13T16:53:33.135+0000] {processor.py:925} INFO - DAG(s) 'tutorial' retrieved from /home/airflow/.local/lib/python3.12/site-packages/airflow/example_dags/tutorial.py
[2025-04-13T16:53:33.255+0000] {logging_mixin.py:190} INFO - [2025-04-13T16:53:33.254+0000] {dag.py:3239} INFO - Sync 1 DAGs
[2025-04-13T16:53:33.369+0000] {logging_mixin.py:190} INFO - [2025-04-13T16:53:33.368+0000] {dag.py:4180} INFO - Setting next_dagrun for tutorial to 2025-04-12 00:00:00+00:00, run_after=2025-04-13 00:00:00+00:00
[2025-04-13T16:53:33.477+0000] {processor.py:208} INFO - Processing /home/airflow/.local/lib/python3.12/site-packages/airflow/example_dags/tutorial.py took 0.413 seconds
[2025-04-13T16:54:04.249+0000] {processor.py:186} INFO - Started process (PID=534) to work on /home/airflow/.local/lib/python3.12/site-packages/airflow/example_dags/tutorial.py
[2025-04-13T16:54:04.264+0000] {processor.py:914} INFO - Processing file /home/airflow/.local/lib/python3.12/site-packages/airflow/example_dags/tutorial.py for tasks to queue
[2025-04-13T16:54:04.268+0000] {logging_mixin.py:190} INFO - [2025-04-13T16:54:04.267+0000] {dagbag.py:588} INFO - Filling up the DagBag from /home/airflow/.local/lib/python3.12/site-packages/airflow/example_dags/tutorial.py
[2025-04-13T16:54:04.285+0000] {processor.py:925} INFO - DAG(s) 'tutorial' retrieved from /home/airflow/.local/lib/python3.12/site-packages/airflow/example_dags/tutorial.py
[2025-04-13T16:54:04.357+0000] {logging_mixin.py:190} INFO - [2025-04-13T16:54:04.356+0000] {dag.py:3239} INFO - Sync 1 DAGs
[2025-04-13T16:54:04.415+0000] {logging_mixin.py:190} INFO - [2025-04-13T16:54:04.415+0000] {dag.py:4180} INFO - Setting next_dagrun for tutorial to 2025-04-12 00:00:00+00:00, run_after=2025-04-13 00:00:00+00:00
[2025-04-13T16:54:04.476+0000] {processor.py:208} INFO - Processing /home/airflow/.local/lib/python3.12/site-packages/airflow/example_dags/tutorial.py took 0.240 seconds
[2025-04-13T16:54:48.258+0000] {processor.py:186} INFO - Started process (PID=592) to work on /home/airflow/.local/lib/python3.12/site-packages/airflow/example_dags/tutorial.py
[2025-04-13T16:54:48.264+0000] {processor.py:914} INFO - Processing file /home/airflow/.local/lib/python3.12/site-packages/airflow/example_dags/tutorial.py for tasks to queue
[2025-04-13T16:54:48.297+0000] {logging_mixin.py:190} INFO - [2025-04-13T16:54:48.284+0000] {dagbag.py:588} INFO - Filling up the DagBag from /home/airflow/.local/lib/python3.12/site-packages/airflow/example_dags/tutorial.py
[2025-04-13T16:54:48.372+0000] {processor.py:925} INFO - DAG(s) 'tutorial' retrieved from /home/airflow/.local/lib/python3.12/site-packages/airflow/example_dags/tutorial.py
[2025-04-13T16:54:48.491+0000] {logging_mixin.py:190} INFO - [2025-04-13T16:54:48.490+0000] {dag.py:3239} INFO - Sync 1 DAGs
[2025-04-13T16:54:48.612+0000] {logging_mixin.py:190} INFO - [2025-04-13T16:54:48.611+0000] {dag.py:4180} INFO - Setting next_dagrun for tutorial to 2025-04-12 00:00:00+00:00, run_after=2025-04-13 00:00:00+00:00
[2025-04-13T16:54:48.759+0000] {processor.py:208} INFO - Processing /home/airflow/.local/lib/python3.12/site-packages/airflow/example_dags/tutorial.py took 0.594 seconds
[2025-04-13T17:02:42.142+0000] {processor.py:186} INFO - Started process (PID=96) to work on /home/airflow/.local/lib/python3.12/site-packages/airflow/example_dags/tutorial.py
[2025-04-13T17:02:42.183+0000] {processor.py:914} INFO - Processing file /home/airflow/.local/lib/python3.12/site-packages/airflow/example_dags/tutorial.py for tasks to queue
[2025-04-13T17:02:42.227+0000] {logging_mixin.py:190} INFO - [2025-04-13T17:02:42.206+0000] {dagbag.py:588} INFO - Filling up the DagBag from /home/airflow/.local/lib/python3.12/site-packages/airflow/example_dags/tutorial.py
[2025-04-13T17:02:42.729+0000] {processor.py:925} INFO - DAG(s) 'tutorial' retrieved from /home/airflow/.local/lib/python3.12/site-packages/airflow/example_dags/tutorial.py
[2025-04-13T17:02:43.172+0000] {logging_mixin.py:190} INFO - [2025-04-13T17:02:43.172+0000] {dag.py:3239} INFO - Sync 1 DAGs
[2025-04-13T17:02:43.392+0000] {logging_mixin.py:190} INFO - [2025-04-13T17:02:43.392+0000] {dag.py:4180} INFO - Setting next_dagrun for tutorial to 2025-04-12 00:00:00+00:00, run_after=2025-04-13 00:00:00+00:00
[2025-04-13T17:02:43.750+0000] {processor.py:208} INFO - Processing /home/airflow/.local/lib/python3.12/site-packages/airflow/example_dags/tutorial.py took 1.844 seconds
[2025-04-13T17:05:13.521+0000] {processor.py:186} INFO - Started process (PID=183) to work on /home/airflow/.local/lib/python3.12/site-packages/airflow/example_dags/tutorial.py
[2025-04-13T17:05:13.535+0000] {processor.py:914} INFO - Processing file /home/airflow/.local/lib/python3.12/site-packages/airflow/example_dags/tutorial.py for tasks to queue
[2025-04-13T17:05:13.598+0000] {logging_mixin.py:190} INFO - [2025-04-13T17:05:13.597+0000] {dagbag.py:588} INFO - Filling up the DagBag from /home/airflow/.local/lib/python3.12/site-packages/airflow/example_dags/tutorial.py
[2025-04-13T17:05:13.784+0000] {processor.py:925} INFO - DAG(s) 'tutorial' retrieved from /home/airflow/.local/lib/python3.12/site-packages/airflow/example_dags/tutorial.py
[2025-04-13T17:05:14.186+0000] {logging_mixin.py:190} INFO - [2025-04-13T17:05:14.175+0000] {dag.py:3239} INFO - Sync 1 DAGs
[2025-04-13T17:05:14.507+0000] {logging_mixin.py:190} INFO - [2025-04-13T17:05:14.507+0000] {dag.py:4180} INFO - Setting next_dagrun for tutorial to 2025-04-12 00:00:00+00:00, run_after=2025-04-13 00:00:00+00:00
[2025-04-13T17:05:14.912+0000] {processor.py:208} INFO - Processing /home/airflow/.local/lib/python3.12/site-packages/airflow/example_dags/tutorial.py took 1.495 seconds
[2025-04-13T17:22:18.293+0000] {processor.py:186} INFO - Started process (PID=139) to work on /home/airflow/.local/lib/python3.12/site-packages/airflow/example_dags/tutorial.py
[2025-04-13T17:22:18.317+0000] {processor.py:914} INFO - Processing file /home/airflow/.local/lib/python3.12/site-packages/airflow/example_dags/tutorial.py for tasks to queue
[2025-04-13T17:22:18.577+0000] {logging_mixin.py:190} INFO - [2025-04-13T17:22:18.563+0000] {dagbag.py:588} INFO - Filling up the DagBag from /home/airflow/.local/lib/python3.12/site-packages/airflow/example_dags/tutorial.py
[2025-04-13T17:22:19.460+0000] {processor.py:925} INFO - DAG(s) 'tutorial' retrieved from /home/airflow/.local/lib/python3.12/site-packages/airflow/example_dags/tutorial.py
[2025-04-13T17:22:23.938+0000] {logging_mixin.py:190} INFO - [2025-04-13T17:22:23.938+0000] {dag.py:3239} INFO - Sync 1 DAGs
[2025-04-13T17:22:25.012+0000] {logging_mixin.py:190} INFO - [2025-04-13T17:22:25.011+0000] {dag.py:4180} INFO - Setting next_dagrun for tutorial to 2025-04-12 00:00:00+00:00, run_after=2025-04-13 00:00:00+00:00
[2025-04-13T17:22:27.638+0000] {processor.py:208} INFO - Processing /home/airflow/.local/lib/python3.12/site-packages/airflow/example_dags/tutorial.py took 9.327 seconds
[2025-04-13T18:08:41.735+0000] {processor.py:186} INFO - Started process (PID=229) to work on /home/airflow/.local/lib/python3.12/site-packages/airflow/example_dags/tutorial.py
[2025-04-13T18:08:42.315+0000] {processor.py:914} INFO - Processing file /home/airflow/.local/lib/python3.12/site-packages/airflow/example_dags/tutorial.py for tasks to queue
[2025-04-13T18:08:42.691+0000] {logging_mixin.py:190} INFO - [2025-04-13T18:08:42.690+0000] {dagbag.py:588} INFO - Filling up the DagBag from /home/airflow/.local/lib/python3.12/site-packages/airflow/example_dags/tutorial.py
[2025-04-13T18:08:43.500+0000] {processor.py:925} INFO - DAG(s) 'tutorial' retrieved from /home/airflow/.local/lib/python3.12/site-packages/airflow/example_dags/tutorial.py
[2025-04-13T18:08:47.206+0000] {logging_mixin.py:190} INFO - [2025-04-13T18:08:47.206+0000] {dag.py:3239} INFO - Sync 1 DAGs
[2025-04-13T18:08:50.693+0000] {logging_mixin.py:190} INFO - [2025-04-13T18:08:50.692+0000] {dag.py:4180} INFO - Setting next_dagrun for tutorial to 2025-04-12 00:00:00+00:00, run_after=2025-04-13 00:00:00+00:00
[2025-04-13T18:08:56.432+0000] {processor.py:208} INFO - Processing /home/airflow/.local/lib/python3.12/site-packages/airflow/example_dags/tutorial.py took 15.496 seconds
[2025-04-13T18:17:22.419+0000] {processor.py:186} INFO - Started process (PID=375) to work on /home/airflow/.local/lib/python3.12/site-packages/airflow/example_dags/tutorial.py
[2025-04-13T18:17:22.774+0000] {processor.py:914} INFO - Processing file /home/airflow/.local/lib/python3.12/site-packages/airflow/example_dags/tutorial.py for tasks to queue
[2025-04-13T18:17:22.865+0000] {logging_mixin.py:190} INFO - [2025-04-13T18:17:22.864+0000] {dagbag.py:588} INFO - Filling up the DagBag from /home/airflow/.local/lib/python3.12/site-packages/airflow/example_dags/tutorial.py
[2025-04-13T18:17:23.420+0000] {processor.py:925} INFO - DAG(s) 'tutorial' retrieved from /home/airflow/.local/lib/python3.12/site-packages/airflow/example_dags/tutorial.py
[2025-04-13T18:17:27.514+0000] {logging_mixin.py:190} INFO - [2025-04-13T18:17:27.514+0000] {dag.py:3239} INFO - Sync 1 DAGs
[2025-04-13T18:17:30.842+0000] {logging_mixin.py:190} INFO - [2025-04-13T18:17:30.841+0000] {dag.py:4180} INFO - Setting next_dagrun for tutorial to 2025-04-12 00:00:00+00:00, run_after=2025-04-13 00:00:00+00:00
[2025-04-13T18:17:33.229+0000] {processor.py:208} INFO - Processing /home/airflow/.local/lib/python3.12/site-packages/airflow/example_dags/tutorial.py took 10.828 seconds
[2025-04-13T18:24:27.645+0000] {processor.py:186} INFO - Started process (PID=492) to work on /home/airflow/.local/lib/python3.12/site-packages/airflow/example_dags/tutorial.py
[2025-04-13T18:24:28.020+0000] {processor.py:914} INFO - Processing file /home/airflow/.local/lib/python3.12/site-packages/airflow/example_dags/tutorial.py for tasks to queue
[2025-04-13T18:24:28.408+0000] {logging_mixin.py:190} INFO - [2025-04-13T18:24:28.408+0000] {dagbag.py:588} INFO - Filling up the DagBag from /home/airflow/.local/lib/python3.12/site-packages/airflow/example_dags/tutorial.py
[2025-04-13T18:24:29.406+0000] {processor.py:925} INFO - DAG(s) 'tutorial' retrieved from /home/airflow/.local/lib/python3.12/site-packages/airflow/example_dags/tutorial.py
[2025-04-13T18:24:31.236+0000] {logging_mixin.py:190} INFO - [2025-04-13T18:24:31.235+0000] {dag.py:3239} INFO - Sync 1 DAGs
[2025-04-13T18:24:33.299+0000] {logging_mixin.py:190} INFO - [2025-04-13T18:24:33.299+0000] {dag.py:4180} INFO - Setting next_dagrun for tutorial to 2025-04-12 00:00:00+00:00, run_after=2025-04-13 00:00:00+00:00
[2025-04-13T18:24:36.189+0000] {processor.py:208} INFO - Processing /home/airflow/.local/lib/python3.12/site-packages/airflow/example_dags/tutorial.py took 8.820 seconds
[2025-04-13T20:51:39.394+0000] {processor.py:186} INFO - Started process (PID=81) to work on /home/airflow/.local/lib/python3.12/site-packages/airflow/example_dags/tutorial.py
[2025-04-13T20:51:39.400+0000] {processor.py:914} INFO - Processing file /home/airflow/.local/lib/python3.12/site-packages/airflow/example_dags/tutorial.py for tasks to queue
[2025-04-13T20:51:39.417+0000] {logging_mixin.py:190} INFO - [2025-04-13T20:51:39.416+0000] {dagbag.py:588} INFO - Filling up the DagBag from /home/airflow/.local/lib/python3.12/site-packages/airflow/example_dags/tutorial.py
[2025-04-13T20:51:39.506+0000] {processor.py:925} INFO - DAG(s) 'tutorial' retrieved from /home/airflow/.local/lib/python3.12/site-packages/airflow/example_dags/tutorial.py
[2025-04-13T20:51:39.716+0000] {logging_mixin.py:190} INFO - [2025-04-13T20:51:39.712+0000] {dag.py:3239} INFO - Sync 1 DAGs
[2025-04-13T20:51:39.930+0000] {logging_mixin.py:190} INFO - [2025-04-13T20:51:39.924+0000] {dag.py:4180} INFO - Setting next_dagrun for tutorial to 2025-04-12 00:00:00+00:00, run_after=2025-04-13 00:00:00+00:00
[2025-04-13T20:51:40.084+0000] {processor.py:208} INFO - Processing /home/airflow/.local/lib/python3.12/site-packages/airflow/example_dags/tutorial.py took 0.736 seconds
[2025-04-13T20:52:17.748+0000] {processor.py:186} INFO - Started process (PID=151) to work on /home/airflow/.local/lib/python3.12/site-packages/airflow/example_dags/tutorial.py
[2025-04-13T20:52:17.766+0000] {processor.py:914} INFO - Processing file /home/airflow/.local/lib/python3.12/site-packages/airflow/example_dags/tutorial.py for tasks to queue
[2025-04-13T20:52:17.770+0000] {logging_mixin.py:190} INFO - [2025-04-13T20:52:17.769+0000] {dagbag.py:588} INFO - Filling up the DagBag from /home/airflow/.local/lib/python3.12/site-packages/airflow/example_dags/tutorial.py
[2025-04-13T20:52:17.795+0000] {processor.py:925} INFO - DAG(s) 'tutorial' retrieved from /home/airflow/.local/lib/python3.12/site-packages/airflow/example_dags/tutorial.py
[2025-04-13T20:52:17.884+0000] {logging_mixin.py:190} INFO - [2025-04-13T20:52:17.883+0000] {dag.py:3239} INFO - Sync 1 DAGs
[2025-04-13T20:52:17.968+0000] {logging_mixin.py:190} INFO - [2025-04-13T20:52:17.967+0000] {dag.py:4180} INFO - Setting next_dagrun for tutorial to 2025-04-12 00:00:00+00:00, run_after=2025-04-13 00:00:00+00:00
[2025-04-13T20:52:18.040+0000] {processor.py:208} INFO - Processing /home/airflow/.local/lib/python3.12/site-packages/airflow/example_dags/tutorial.py took 0.300 seconds
[2025-04-13T20:52:58.788+0000] {processor.py:186} INFO - Started process (PID=215) to work on /home/airflow/.local/lib/python3.12/site-packages/airflow/example_dags/tutorial.py
[2025-04-13T20:52:58.795+0000] {processor.py:914} INFO - Processing file /home/airflow/.local/lib/python3.12/site-packages/airflow/example_dags/tutorial.py for tasks to queue
[2025-04-13T20:52:58.818+0000] {logging_mixin.py:190} INFO - [2025-04-13T20:52:58.817+0000] {dagbag.py:588} INFO - Filling up the DagBag from /home/airflow/.local/lib/python3.12/site-packages/airflow/example_dags/tutorial.py
[2025-04-13T20:52:58.880+0000] {processor.py:925} INFO - DAG(s) 'tutorial' retrieved from /home/airflow/.local/lib/python3.12/site-packages/airflow/example_dags/tutorial.py
[2025-04-13T20:52:58.950+0000] {logging_mixin.py:190} INFO - [2025-04-13T20:52:58.950+0000] {dag.py:3239} INFO - Sync 1 DAGs
[2025-04-13T20:52:59.068+0000] {logging_mixin.py:190} INFO - [2025-04-13T20:52:59.068+0000] {dag.py:4180} INFO - Setting next_dagrun for tutorial to 2025-04-12 00:00:00+00:00, run_after=2025-04-13 00:00:00+00:00
[2025-04-13T20:52:59.144+0000] {processor.py:208} INFO - Processing /home/airflow/.local/lib/python3.12/site-packages/airflow/example_dags/tutorial.py took 0.383 seconds
[2025-04-13T20:53:31.520+0000] {processor.py:186} INFO - Started process (PID=279) to work on /home/airflow/.local/lib/python3.12/site-packages/airflow/example_dags/tutorial.py
[2025-04-13T20:53:31.529+0000] {processor.py:914} INFO - Processing file /home/airflow/.local/lib/python3.12/site-packages/airflow/example_dags/tutorial.py for tasks to queue
[2025-04-13T20:53:31.540+0000] {logging_mixin.py:190} INFO - [2025-04-13T20:53:31.539+0000] {dagbag.py:588} INFO - Filling up the DagBag from /home/airflow/.local/lib/python3.12/site-packages/airflow/example_dags/tutorial.py
[2025-04-13T20:53:31.581+0000] {processor.py:925} INFO - DAG(s) 'tutorial' retrieved from /home/airflow/.local/lib/python3.12/site-packages/airflow/example_dags/tutorial.py
[2025-04-13T20:53:31.727+0000] {logging_mixin.py:190} INFO - [2025-04-13T20:53:31.726+0000] {dag.py:3239} INFO - Sync 1 DAGs
[2025-04-13T20:53:31.930+0000] {logging_mixin.py:190} INFO - [2025-04-13T20:53:31.930+0000] {dag.py:4180} INFO - Setting next_dagrun for tutorial to 2025-04-12 00:00:00+00:00, run_after=2025-04-13 00:00:00+00:00
[2025-04-13T20:53:32.417+0000] {processor.py:208} INFO - Processing /home/airflow/.local/lib/python3.12/site-packages/airflow/example_dags/tutorial.py took 0.929 seconds
[2025-04-13T20:54:03.517+0000] {processor.py:186} INFO - Started process (PID=344) to work on /home/airflow/.local/lib/python3.12/site-packages/airflow/example_dags/tutorial.py
[2025-04-13T20:54:03.552+0000] {processor.py:914} INFO - Processing file /home/airflow/.local/lib/python3.12/site-packages/airflow/example_dags/tutorial.py for tasks to queue
[2025-04-13T20:54:03.608+0000] {logging_mixin.py:190} INFO - [2025-04-13T20:54:03.606+0000] {dagbag.py:588} INFO - Filling up the DagBag from /home/airflow/.local/lib/python3.12/site-packages/airflow/example_dags/tutorial.py
[2025-04-13T20:54:03.663+0000] {processor.py:925} INFO - DAG(s) 'tutorial' retrieved from /home/airflow/.local/lib/python3.12/site-packages/airflow/example_dags/tutorial.py
[2025-04-13T20:54:03.757+0000] {logging_mixin.py:190} INFO - [2025-04-13T20:54:03.757+0000] {dag.py:3239} INFO - Sync 1 DAGs
[2025-04-13T20:54:03.862+0000] {logging_mixin.py:190} INFO - [2025-04-13T20:54:03.862+0000] {dag.py:4180} INFO - Setting next_dagrun for tutorial to 2025-04-12 00:00:00+00:00, run_after=2025-04-13 00:00:00+00:00
[2025-04-13T20:54:03.918+0000] {processor.py:208} INFO - Processing /home/airflow/.local/lib/python3.12/site-packages/airflow/example_dags/tutorial.py took 0.464 seconds
[2025-04-13T20:54:34.934+0000] {processor.py:186} INFO - Started process (PID=407) to work on /home/airflow/.local/lib/python3.12/site-packages/airflow/example_dags/tutorial.py
[2025-04-13T20:54:34.945+0000] {processor.py:914} INFO - Processing file /home/airflow/.local/lib/python3.12/site-packages/airflow/example_dags/tutorial.py for tasks to queue
[2025-04-13T20:54:34.961+0000] {logging_mixin.py:190} INFO - [2025-04-13T20:54:34.961+0000] {dagbag.py:588} INFO - Filling up the DagBag from /home/airflow/.local/lib/python3.12/site-packages/airflow/example_dags/tutorial.py
[2025-04-13T20:54:35.019+0000] {processor.py:925} INFO - DAG(s) 'tutorial' retrieved from /home/airflow/.local/lib/python3.12/site-packages/airflow/example_dags/tutorial.py
[2025-04-13T20:54:35.248+0000] {logging_mixin.py:190} INFO - [2025-04-13T20:54:35.248+0000] {dag.py:3239} INFO - Sync 1 DAGs
[2025-04-13T20:54:35.392+0000] {logging_mixin.py:190} INFO - [2025-04-13T20:54:35.392+0000] {dag.py:4180} INFO - Setting next_dagrun for tutorial to 2025-04-12 00:00:00+00:00, run_after=2025-04-13 00:00:00+00:00
[2025-04-13T20:54:35.488+0000] {processor.py:208} INFO - Processing /home/airflow/.local/lib/python3.12/site-packages/airflow/example_dags/tutorial.py took 0.588 seconds
[2025-04-13T20:55:06.833+0000] {processor.py:186} INFO - Started process (PID=469) to work on /home/airflow/.local/lib/python3.12/site-packages/airflow/example_dags/tutorial.py
[2025-04-13T20:55:06.836+0000] {processor.py:914} INFO - Processing file /home/airflow/.local/lib/python3.12/site-packages/airflow/example_dags/tutorial.py for tasks to queue
[2025-04-13T20:55:06.918+0000] {logging_mixin.py:190} INFO - [2025-04-13T20:55:06.917+0000] {dagbag.py:588} INFO - Filling up the DagBag from /home/airflow/.local/lib/python3.12/site-packages/airflow/example_dags/tutorial.py
[2025-04-13T20:55:07.306+0000] {processor.py:925} INFO - DAG(s) 'tutorial' retrieved from /home/airflow/.local/lib/python3.12/site-packages/airflow/example_dags/tutorial.py
[2025-04-13T20:55:07.416+0000] {logging_mixin.py:190} INFO - [2025-04-13T20:55:07.416+0000] {dag.py:3239} INFO - Sync 1 DAGs
[2025-04-13T20:55:07.591+0000] {logging_mixin.py:190} INFO - [2025-04-13T20:55:07.591+0000] {dag.py:4180} INFO - Setting next_dagrun for tutorial to 2025-04-12 00:00:00+00:00, run_after=2025-04-13 00:00:00+00:00
[2025-04-13T20:55:07.757+0000] {processor.py:208} INFO - Processing /home/airflow/.local/lib/python3.12/site-packages/airflow/example_dags/tutorial.py took 1.025 seconds
[2025-04-13T20:55:37.934+0000] {processor.py:186} INFO - Started process (PID=533) to work on /home/airflow/.local/lib/python3.12/site-packages/airflow/example_dags/tutorial.py
[2025-04-13T20:55:37.935+0000] {processor.py:914} INFO - Processing file /home/airflow/.local/lib/python3.12/site-packages/airflow/example_dags/tutorial.py for tasks to queue
[2025-04-13T20:55:37.942+0000] {logging_mixin.py:190} INFO - [2025-04-13T20:55:37.940+0000] {dagbag.py:588} INFO - Filling up the DagBag from /home/airflow/.local/lib/python3.12/site-packages/airflow/example_dags/tutorial.py
[2025-04-13T20:55:37.967+0000] {processor.py:925} INFO - DAG(s) 'tutorial' retrieved from /home/airflow/.local/lib/python3.12/site-packages/airflow/example_dags/tutorial.py
[2025-04-13T20:55:38.036+0000] {logging_mixin.py:190} INFO - [2025-04-13T20:55:38.036+0000] {dag.py:3239} INFO - Sync 1 DAGs
[2025-04-13T20:55:38.088+0000] {logging_mixin.py:190} INFO - [2025-04-13T20:55:38.088+0000] {dag.py:4180} INFO - Setting next_dagrun for tutorial to 2025-04-12 00:00:00+00:00, run_after=2025-04-13 00:00:00+00:00
[2025-04-13T20:55:38.145+0000] {processor.py:208} INFO - Processing /home/airflow/.local/lib/python3.12/site-packages/airflow/example_dags/tutorial.py took 0.223 seconds
[2025-04-13T20:56:08.961+0000] {processor.py:186} INFO - Started process (PID=597) to work on /home/airflow/.local/lib/python3.12/site-packages/airflow/example_dags/tutorial.py
[2025-04-13T20:56:08.966+0000] {processor.py:914} INFO - Processing file /home/airflow/.local/lib/python3.12/site-packages/airflow/example_dags/tutorial.py for tasks to queue
[2025-04-13T20:56:08.970+0000] {logging_mixin.py:190} INFO - [2025-04-13T20:56:08.969+0000] {dagbag.py:588} INFO - Filling up the DagBag from /home/airflow/.local/lib/python3.12/site-packages/airflow/example_dags/tutorial.py
[2025-04-13T20:56:08.988+0000] {processor.py:925} INFO - DAG(s) 'tutorial' retrieved from /home/airflow/.local/lib/python3.12/site-packages/airflow/example_dags/tutorial.py
[2025-04-13T20:56:09.045+0000] {logging_mixin.py:190} INFO - [2025-04-13T20:56:09.045+0000] {dag.py:3239} INFO - Sync 1 DAGs
[2025-04-13T20:56:09.156+0000] {logging_mixin.py:190} INFO - [2025-04-13T20:56:09.155+0000] {dag.py:4180} INFO - Setting next_dagrun for tutorial to 2025-04-12 00:00:00+00:00, run_after=2025-04-13 00:00:00+00:00
[2025-04-13T20:56:09.219+0000] {processor.py:208} INFO - Processing /home/airflow/.local/lib/python3.12/site-packages/airflow/example_dags/tutorial.py took 0.277 seconds
[2025-04-13T20:56:39.491+0000] {processor.py:186} INFO - Started process (PID=661) to work on /home/airflow/.local/lib/python3.12/site-packages/airflow/example_dags/tutorial.py
[2025-04-13T20:56:39.493+0000] {processor.py:914} INFO - Processing file /home/airflow/.local/lib/python3.12/site-packages/airflow/example_dags/tutorial.py for tasks to queue
[2025-04-13T20:56:39.502+0000] {logging_mixin.py:190} INFO - [2025-04-13T20:56:39.501+0000] {dagbag.py:588} INFO - Filling up the DagBag from /home/airflow/.local/lib/python3.12/site-packages/airflow/example_dags/tutorial.py
[2025-04-13T20:56:39.521+0000] {processor.py:925} INFO - DAG(s) 'tutorial' retrieved from /home/airflow/.local/lib/python3.12/site-packages/airflow/example_dags/tutorial.py
[2025-04-13T20:56:39.565+0000] {logging_mixin.py:190} INFO - [2025-04-13T20:56:39.565+0000] {dag.py:3239} INFO - Sync 1 DAGs
[2025-04-13T20:56:39.656+0000] {logging_mixin.py:190} INFO - [2025-04-13T20:56:39.656+0000] {dag.py:4180} INFO - Setting next_dagrun for tutorial to 2025-04-12 00:00:00+00:00, run_after=2025-04-13 00:00:00+00:00
[2025-04-13T20:56:39.757+0000] {processor.py:208} INFO - Processing /home/airflow/.local/lib/python3.12/site-packages/airflow/example_dags/tutorial.py took 0.281 seconds
[2025-04-13T20:57:10.599+0000] {processor.py:186} INFO - Started process (PID=724) to work on /home/airflow/.local/lib/python3.12/site-packages/airflow/example_dags/tutorial.py
[2025-04-13T20:57:10.600+0000] {processor.py:914} INFO - Processing file /home/airflow/.local/lib/python3.12/site-packages/airflow/example_dags/tutorial.py for tasks to queue
[2025-04-13T20:57:10.609+0000] {logging_mixin.py:190} INFO - [2025-04-13T20:57:10.608+0000] {dagbag.py:588} INFO - Filling up the DagBag from /home/airflow/.local/lib/python3.12/site-packages/airflow/example_dags/tutorial.py
[2025-04-13T20:57:10.633+0000] {processor.py:925} INFO - DAG(s) 'tutorial' retrieved from /home/airflow/.local/lib/python3.12/site-packages/airflow/example_dags/tutorial.py
[2025-04-13T20:57:10.692+0000] {logging_mixin.py:190} INFO - [2025-04-13T20:57:10.691+0000] {dag.py:3239} INFO - Sync 1 DAGs
[2025-04-13T20:57:10.754+0000] {logging_mixin.py:190} INFO - [2025-04-13T20:57:10.752+0000] {dag.py:4180} INFO - Setting next_dagrun for tutorial to 2025-04-12 00:00:00+00:00, run_after=2025-04-13 00:00:00+00:00
[2025-04-13T20:57:10.809+0000] {processor.py:208} INFO - Processing /home/airflow/.local/lib/python3.12/site-packages/airflow/example_dags/tutorial.py took 0.222 seconds
[2025-04-13T20:57:41.002+0000] {processor.py:186} INFO - Started process (PID=788) to work on /home/airflow/.local/lib/python3.12/site-packages/airflow/example_dags/tutorial.py
[2025-04-13T20:57:41.005+0000] {processor.py:914} INFO - Processing file /home/airflow/.local/lib/python3.12/site-packages/airflow/example_dags/tutorial.py for tasks to queue
[2025-04-13T20:57:41.011+0000] {logging_mixin.py:190} INFO - [2025-04-13T20:57:41.011+0000] {dagbag.py:588} INFO - Filling up the DagBag from /home/airflow/.local/lib/python3.12/site-packages/airflow/example_dags/tutorial.py
[2025-04-13T20:57:41.031+0000] {processor.py:925} INFO - DAG(s) 'tutorial' retrieved from /home/airflow/.local/lib/python3.12/site-packages/airflow/example_dags/tutorial.py
[2025-04-13T20:57:41.149+0000] {logging_mixin.py:190} INFO - [2025-04-13T20:57:41.148+0000] {dag.py:3239} INFO - Sync 1 DAGs
[2025-04-13T20:57:41.284+0000] {logging_mixin.py:190} INFO - [2025-04-13T20:57:41.284+0000] {dag.py:4180} INFO - Setting next_dagrun for tutorial to 2025-04-12 00:00:00+00:00, run_after=2025-04-13 00:00:00+00:00
[2025-04-13T20:57:41.342+0000] {processor.py:208} INFO - Processing /home/airflow/.local/lib/python3.12/site-packages/airflow/example_dags/tutorial.py took 0.352 seconds
[2025-04-13T20:58:15.558+0000] {processor.py:186} INFO - Started process (PID=852) to work on /home/airflow/.local/lib/python3.12/site-packages/airflow/example_dags/tutorial.py
[2025-04-13T20:58:15.576+0000] {processor.py:914} INFO - Processing file /home/airflow/.local/lib/python3.12/site-packages/airflow/example_dags/tutorial.py for tasks to queue
[2025-04-13T20:58:15.610+0000] {logging_mixin.py:190} INFO - [2025-04-13T20:58:15.610+0000] {dagbag.py:588} INFO - Filling up the DagBag from /home/airflow/.local/lib/python3.12/site-packages/airflow/example_dags/tutorial.py
[2025-04-13T20:58:15.636+0000] {processor.py:925} INFO - DAG(s) 'tutorial' retrieved from /home/airflow/.local/lib/python3.12/site-packages/airflow/example_dags/tutorial.py
[2025-04-13T20:58:15.699+0000] {logging_mixin.py:190} INFO - [2025-04-13T20:58:15.698+0000] {dag.py:3239} INFO - Sync 1 DAGs
[2025-04-13T20:58:15.786+0000] {logging_mixin.py:190} INFO - [2025-04-13T20:58:15.786+0000] {dag.py:4180} INFO - Setting next_dagrun for tutorial to 2025-04-12 00:00:00+00:00, run_after=2025-04-13 00:00:00+00:00
[2025-04-13T20:58:15.852+0000] {processor.py:208} INFO - Processing /home/airflow/.local/lib/python3.12/site-packages/airflow/example_dags/tutorial.py took 0.324 seconds
[2025-04-13T20:58:47.054+0000] {processor.py:186} INFO - Started process (PID=915) to work on /home/airflow/.local/lib/python3.12/site-packages/airflow/example_dags/tutorial.py
[2025-04-13T20:58:47.056+0000] {processor.py:914} INFO - Processing file /home/airflow/.local/lib/python3.12/site-packages/airflow/example_dags/tutorial.py for tasks to queue
[2025-04-13T20:58:47.068+0000] {logging_mixin.py:190} INFO - [2025-04-13T20:58:47.067+0000] {dagbag.py:588} INFO - Filling up the DagBag from /home/airflow/.local/lib/python3.12/site-packages/airflow/example_dags/tutorial.py
[2025-04-13T20:58:47.092+0000] {processor.py:925} INFO - DAG(s) 'tutorial' retrieved from /home/airflow/.local/lib/python3.12/site-packages/airflow/example_dags/tutorial.py
[2025-04-13T20:58:47.139+0000] {logging_mixin.py:190} INFO - [2025-04-13T20:58:47.139+0000] {dag.py:3239} INFO - Sync 1 DAGs
[2025-04-13T20:58:47.301+0000] {logging_mixin.py:190} INFO - [2025-04-13T20:58:47.297+0000] {dag.py:4180} INFO - Setting next_dagrun for tutorial to 2025-04-12 00:00:00+00:00, run_after=2025-04-13 00:00:00+00:00
[2025-04-13T20:58:47.437+0000] {processor.py:208} INFO - Processing /home/airflow/.local/lib/python3.12/site-packages/airflow/example_dags/tutorial.py took 0.408 seconds
[2025-04-13T20:59:18.155+0000] {processor.py:186} INFO - Started process (PID=977) to work on /home/airflow/.local/lib/python3.12/site-packages/airflow/example_dags/tutorial.py
[2025-04-13T20:59:18.157+0000] {processor.py:914} INFO - Processing file /home/airflow/.local/lib/python3.12/site-packages/airflow/example_dags/tutorial.py for tasks to queue
[2025-04-13T20:59:18.164+0000] {logging_mixin.py:190} INFO - [2025-04-13T20:59:18.161+0000] {dagbag.py:588} INFO - Filling up the DagBag from /home/airflow/.local/lib/python3.12/site-packages/airflow/example_dags/tutorial.py
[2025-04-13T20:59:18.183+0000] {processor.py:925} INFO - DAG(s) 'tutorial' retrieved from /home/airflow/.local/lib/python3.12/site-packages/airflow/example_dags/tutorial.py
[2025-04-13T20:59:18.270+0000] {logging_mixin.py:190} INFO - [2025-04-13T20:59:18.270+0000] {dag.py:3239} INFO - Sync 1 DAGs
[2025-04-13T20:59:18.331+0000] {logging_mixin.py:190} INFO - [2025-04-13T20:59:18.331+0000] {dag.py:4180} INFO - Setting next_dagrun for tutorial to 2025-04-12 00:00:00+00:00, run_after=2025-04-13 00:00:00+00:00
[2025-04-13T20:59:18.422+0000] {processor.py:208} INFO - Processing /home/airflow/.local/lib/python3.12/site-packages/airflow/example_dags/tutorial.py took 0.282 seconds
[2025-04-13T20:59:48.862+0000] {processor.py:186} INFO - Started process (PID=1041) to work on /home/airflow/.local/lib/python3.12/site-packages/airflow/example_dags/tutorial.py
[2025-04-13T20:59:48.867+0000] {processor.py:914} INFO - Processing file /home/airflow/.local/lib/python3.12/site-packages/airflow/example_dags/tutorial.py for tasks to queue
[2025-04-13T20:59:48.872+0000] {logging_mixin.py:190} INFO - [2025-04-13T20:59:48.872+0000] {dagbag.py:588} INFO - Filling up the DagBag from /home/airflow/.local/lib/python3.12/site-packages/airflow/example_dags/tutorial.py
[2025-04-13T20:59:48.890+0000] {processor.py:925} INFO - DAG(s) 'tutorial' retrieved from /home/airflow/.local/lib/python3.12/site-packages/airflow/example_dags/tutorial.py
[2025-04-13T20:59:48.935+0000] {logging_mixin.py:190} INFO - [2025-04-13T20:59:48.934+0000] {dag.py:3239} INFO - Sync 1 DAGs
[2025-04-13T20:59:48.984+0000] {logging_mixin.py:190} INFO - [2025-04-13T20:59:48.984+0000] {dag.py:4180} INFO - Setting next_dagrun for tutorial to 2025-04-12 00:00:00+00:00, run_after=2025-04-13 00:00:00+00:00
[2025-04-13T20:59:49.027+0000] {processor.py:208} INFO - Processing /home/airflow/.local/lib/python3.12/site-packages/airflow/example_dags/tutorial.py took 0.179 seconds
[2025-04-13T21:00:19.778+0000] {processor.py:186} INFO - Started process (PID=1099) to work on /home/airflow/.local/lib/python3.12/site-packages/airflow/example_dags/tutorial.py
[2025-04-13T21:00:19.781+0000] {processor.py:914} INFO - Processing file /home/airflow/.local/lib/python3.12/site-packages/airflow/example_dags/tutorial.py for tasks to queue
[2025-04-13T21:00:19.803+0000] {logging_mixin.py:190} INFO - [2025-04-13T21:00:19.801+0000] {dagbag.py:588} INFO - Filling up the DagBag from /home/airflow/.local/lib/python3.12/site-packages/airflow/example_dags/tutorial.py
[2025-04-13T21:00:19.915+0000] {processor.py:925} INFO - DAG(s) 'tutorial' retrieved from /home/airflow/.local/lib/python3.12/site-packages/airflow/example_dags/tutorial.py
[2025-04-13T21:00:20.138+0000] {logging_mixin.py:190} INFO - [2025-04-13T21:00:20.138+0000] {dag.py:3239} INFO - Sync 1 DAGs
[2025-04-13T21:00:20.306+0000] {logging_mixin.py:190} INFO - [2025-04-13T21:00:20.306+0000] {dag.py:4180} INFO - Setting next_dagrun for tutorial to 2025-04-12 00:00:00+00:00, run_after=2025-04-13 00:00:00+00:00
[2025-04-13T21:00:20.523+0000] {processor.py:208} INFO - Processing /home/airflow/.local/lib/python3.12/site-packages/airflow/example_dags/tutorial.py took 0.778 seconds
[2025-04-13T21:00:52.753+0000] {processor.py:186} INFO - Started process (PID=1167) to work on /home/airflow/.local/lib/python3.12/site-packages/airflow/example_dags/tutorial.py
[2025-04-13T21:00:52.765+0000] {processor.py:914} INFO - Processing file /home/airflow/.local/lib/python3.12/site-packages/airflow/example_dags/tutorial.py for tasks to queue
[2025-04-13T21:00:52.778+0000] {logging_mixin.py:190} INFO - [2025-04-13T21:00:52.774+0000] {dagbag.py:588} INFO - Filling up the DagBag from /home/airflow/.local/lib/python3.12/site-packages/airflow/example_dags/tutorial.py
[2025-04-13T21:00:52.801+0000] {processor.py:925} INFO - DAG(s) 'tutorial' retrieved from /home/airflow/.local/lib/python3.12/site-packages/airflow/example_dags/tutorial.py
[2025-04-13T21:00:52.873+0000] {logging_mixin.py:190} INFO - [2025-04-13T21:00:52.872+0000] {dag.py:3239} INFO - Sync 1 DAGs
[2025-04-13T21:00:52.988+0000] {logging_mixin.py:190} INFO - [2025-04-13T21:00:52.988+0000] {dag.py:4180} INFO - Setting next_dagrun for tutorial to 2025-04-12 00:00:00+00:00, run_after=2025-04-13 00:00:00+00:00
[2025-04-13T21:00:53.088+0000] {processor.py:208} INFO - Processing /home/airflow/.local/lib/python3.12/site-packages/airflow/example_dags/tutorial.py took 0.440 seconds
[2025-04-13T21:26:00.190+0000] {processor.py:186} INFO - Started process (PID=155) to work on /home/airflow/.local/lib/python3.12/site-packages/airflow/example_dags/tutorial.py
[2025-04-13T21:26:00.371+0000] {processor.py:914} INFO - Processing file /home/airflow/.local/lib/python3.12/site-packages/airflow/example_dags/tutorial.py for tasks to queue
[2025-04-13T21:26:00.412+0000] {logging_mixin.py:190} INFO - [2025-04-13T21:26:00.412+0000] {dagbag.py:588} INFO - Filling up the DagBag from /home/airflow/.local/lib/python3.12/site-packages/airflow/example_dags/tutorial.py
[2025-04-13T21:26:00.705+0000] {processor.py:925} INFO - DAG(s) 'tutorial' retrieved from /home/airflow/.local/lib/python3.12/site-packages/airflow/example_dags/tutorial.py
[2025-04-13T21:26:01.804+0000] {logging_mixin.py:190} INFO - [2025-04-13T21:26:01.793+0000] {dag.py:3239} INFO - Sync 1 DAGs
[2025-04-13T21:26:03.110+0000] {logging_mixin.py:190} INFO - [2025-04-13T21:26:03.109+0000] {dag.py:4180} INFO - Setting next_dagrun for tutorial to 2025-04-12 00:00:00+00:00, run_after=2025-04-13 00:00:00+00:00
[2025-04-13T21:26:03.732+0000] {processor.py:208} INFO - Processing /home/airflow/.local/lib/python3.12/site-packages/airflow/example_dags/tutorial.py took 3.640 seconds
[2025-04-13T21:31:07.281+0000] {processor.py:186} INFO - Started process (PID=266) to work on /home/airflow/.local/lib/python3.12/site-packages/airflow/example_dags/tutorial.py
[2025-04-13T21:31:07.330+0000] {processor.py:914} INFO - Processing file /home/airflow/.local/lib/python3.12/site-packages/airflow/example_dags/tutorial.py for tasks to queue
[2025-04-13T21:31:07.349+0000] {logging_mixin.py:190} INFO - [2025-04-13T21:31:07.334+0000] {dagbag.py:588} INFO - Filling up the DagBag from /home/airflow/.local/lib/python3.12/site-packages/airflow/example_dags/tutorial.py
[2025-04-13T21:31:07.474+0000] {processor.py:925} INFO - DAG(s) 'tutorial' retrieved from /home/airflow/.local/lib/python3.12/site-packages/airflow/example_dags/tutorial.py
[2025-04-13T21:31:08.208+0000] {logging_mixin.py:190} INFO - [2025-04-13T21:31:08.207+0000] {dag.py:3239} INFO - Sync 1 DAGs
[2025-04-13T21:31:08.657+0000] {logging_mixin.py:190} INFO - [2025-04-13T21:31:08.657+0000] {dag.py:4180} INFO - Setting next_dagrun for tutorial to 2025-04-12 00:00:00+00:00, run_after=2025-04-13 00:00:00+00:00
[2025-04-13T21:31:09.605+0000] {processor.py:208} INFO - Processing /home/airflow/.local/lib/python3.12/site-packages/airflow/example_dags/tutorial.py took 2.609 seconds
[2025-04-13T21:35:07.128+0000] {processor.py:186} INFO - Started process (PID=353) to work on /home/airflow/.local/lib/python3.12/site-packages/airflow/example_dags/tutorial.py
[2025-04-13T21:35:07.136+0000] {processor.py:914} INFO - Processing file /home/airflow/.local/lib/python3.12/site-packages/airflow/example_dags/tutorial.py for tasks to queue
[2025-04-13T21:35:07.200+0000] {logging_mixin.py:190} INFO - [2025-04-13T21:35:07.199+0000] {dagbag.py:588} INFO - Filling up the DagBag from /home/airflow/.local/lib/python3.12/site-packages/airflow/example_dags/tutorial.py
[2025-04-13T21:35:07.351+0000] {processor.py:925} INFO - DAG(s) 'tutorial' retrieved from /home/airflow/.local/lib/python3.12/site-packages/airflow/example_dags/tutorial.py
[2025-04-13T21:35:07.839+0000] {logging_mixin.py:190} INFO - [2025-04-13T21:35:07.838+0000] {dag.py:3239} INFO - Sync 1 DAGs
[2025-04-13T21:35:08.788+0000] {logging_mixin.py:190} INFO - [2025-04-13T21:35:08.784+0000] {dag.py:4180} INFO - Setting next_dagrun for tutorial to 2025-04-12 00:00:00+00:00, run_after=2025-04-13 00:00:00+00:00
[2025-04-13T21:35:09.654+0000] {processor.py:208} INFO - Processing /home/airflow/.local/lib/python3.12/site-packages/airflow/example_dags/tutorial.py took 2.691 seconds
[2025-04-13T21:38:01.881+0000] {processor.py:186} INFO - Started process (PID=437) to work on /home/airflow/.local/lib/python3.12/site-packages/airflow/example_dags/tutorial.py
[2025-04-13T21:38:01.913+0000] {processor.py:914} INFO - Processing file /home/airflow/.local/lib/python3.12/site-packages/airflow/example_dags/tutorial.py for tasks to queue
[2025-04-13T21:38:01.954+0000] {logging_mixin.py:190} INFO - [2025-04-13T21:38:01.953+0000] {dagbag.py:588} INFO - Filling up the DagBag from /home/airflow/.local/lib/python3.12/site-packages/airflow/example_dags/tutorial.py
[2025-04-13T21:38:02.213+0000] {processor.py:925} INFO - DAG(s) 'tutorial' retrieved from /home/airflow/.local/lib/python3.12/site-packages/airflow/example_dags/tutorial.py
[2025-04-13T21:38:02.641+0000] {logging_mixin.py:190} INFO - [2025-04-13T21:38:02.640+0000] {dag.py:3239} INFO - Sync 1 DAGs
[2025-04-13T21:38:02.990+0000] {logging_mixin.py:190} INFO - [2025-04-13T21:38:02.978+0000] {dag.py:4180} INFO - Setting next_dagrun for tutorial to 2025-04-12 00:00:00+00:00, run_after=2025-04-13 00:00:00+00:00
[2025-04-13T21:38:03.237+0000] {processor.py:208} INFO - Processing /home/airflow/.local/lib/python3.12/site-packages/airflow/example_dags/tutorial.py took 1.972 seconds
[2025-04-13T21:50:42.830+0000] {processor.py:186} INFO - Started process (PID=135) to work on /home/airflow/.local/lib/python3.12/site-packages/airflow/example_dags/tutorial.py
[2025-04-13T21:50:42.860+0000] {processor.py:914} INFO - Processing file /home/airflow/.local/lib/python3.12/site-packages/airflow/example_dags/tutorial.py for tasks to queue
[2025-04-13T21:50:43.023+0000] {logging_mixin.py:190} INFO - [2025-04-13T21:50:43.023+0000] {dagbag.py:588} INFO - Filling up the DagBag from /home/airflow/.local/lib/python3.12/site-packages/airflow/example_dags/tutorial.py
[2025-04-13T21:50:43.772+0000] {processor.py:925} INFO - DAG(s) 'tutorial' retrieved from /home/airflow/.local/lib/python3.12/site-packages/airflow/example_dags/tutorial.py
[2025-04-13T21:50:45.301+0000] {logging_mixin.py:190} INFO - [2025-04-13T21:50:45.287+0000] {dag.py:3239} INFO - Sync 1 DAGs
[2025-04-13T21:50:47.406+0000] {logging_mixin.py:190} INFO - [2025-04-13T21:50:47.405+0000] {dag.py:4180} INFO - Setting next_dagrun for tutorial to 2025-04-12 00:00:00+00:00, run_after=2025-04-13 00:00:00+00:00
[2025-04-13T21:50:48.208+0000] {processor.py:208} INFO - Processing /home/airflow/.local/lib/python3.12/site-packages/airflow/example_dags/tutorial.py took 6.091 seconds
[2025-04-13T22:12:48.814+0000] {processor.py:186} INFO - Started process (PID=152) to work on /home/airflow/.local/lib/python3.12/site-packages/airflow/example_dags/tutorial.py
[2025-04-13T22:12:49.034+0000] {processor.py:914} INFO - Processing file /home/airflow/.local/lib/python3.12/site-packages/airflow/example_dags/tutorial.py for tasks to queue
[2025-04-13T22:12:49.600+0000] {logging_mixin.py:190} INFO - [2025-04-13T22:12:49.600+0000] {dagbag.py:588} INFO - Filling up the DagBag from /home/airflow/.local/lib/python3.12/site-packages/airflow/example_dags/tutorial.py
[2025-04-13T22:12:50.472+0000] {processor.py:925} INFO - DAG(s) 'tutorial' retrieved from /home/airflow/.local/lib/python3.12/site-packages/airflow/example_dags/tutorial.py
[2025-04-13T22:12:52.435+0000] {logging_mixin.py:190} INFO - [2025-04-13T22:12:52.435+0000] {dag.py:3239} INFO - Sync 1 DAGs
[2025-04-13T22:12:54.941+0000] {logging_mixin.py:190} INFO - [2025-04-13T22:12:54.941+0000] {dag.py:4180} INFO - Setting next_dagrun for tutorial to 2025-04-12 00:00:00+00:00, run_after=2025-04-13 00:00:00+00:00
[2025-04-13T22:12:57.851+0000] {processor.py:208} INFO - Processing /home/airflow/.local/lib/python3.12/site-packages/airflow/example_dags/tutorial.py took 9.265 seconds
[2025-04-13T22:31:16.279+0000] {processor.py:186} INFO - Started process (PID=93) to work on /home/airflow/.local/lib/python3.12/site-packages/airflow/example_dags/tutorial.py
[2025-04-13T22:31:16.282+0000] {processor.py:914} INFO - Processing file /home/airflow/.local/lib/python3.12/site-packages/airflow/example_dags/tutorial.py for tasks to queue
[2025-04-13T22:31:16.295+0000] {logging_mixin.py:190} INFO - [2025-04-13T22:31:16.295+0000] {dagbag.py:588} INFO - Filling up the DagBag from /home/airflow/.local/lib/python3.12/site-packages/airflow/example_dags/tutorial.py
[2025-04-13T22:31:16.386+0000] {processor.py:925} INFO - DAG(s) 'tutorial' retrieved from /home/airflow/.local/lib/python3.12/site-packages/airflow/example_dags/tutorial.py
[2025-04-13T22:31:16.596+0000] {logging_mixin.py:190} INFO - [2025-04-13T22:31:16.580+0000] {dag.py:3239} INFO - Sync 1 DAGs
[2025-04-13T22:31:16.833+0000] {logging_mixin.py:190} INFO - [2025-04-13T22:31:16.832+0000] {dag.py:4180} INFO - Setting next_dagrun for tutorial to 2025-04-12 00:00:00+00:00, run_after=2025-04-13 00:00:00+00:00
[2025-04-13T22:31:17.483+0000] {processor.py:208} INFO - Processing /home/airflow/.local/lib/python3.12/site-packages/airflow/example_dags/tutorial.py took 1.220 seconds
[2025-04-13T22:32:24.772+0000] {processor.py:186} INFO - Started process (PID=162) to work on /home/airflow/.local/lib/python3.12/site-packages/airflow/example_dags/tutorial.py
[2025-04-13T22:32:24.781+0000] {processor.py:914} INFO - Processing file /home/airflow/.local/lib/python3.12/site-packages/airflow/example_dags/tutorial.py for tasks to queue
[2025-04-13T22:32:24.791+0000] {logging_mixin.py:190} INFO - [2025-04-13T22:32:24.791+0000] {dagbag.py:588} INFO - Filling up the DagBag from /home/airflow/.local/lib/python3.12/site-packages/airflow/example_dags/tutorial.py
[2025-04-13T22:32:24.817+0000] {processor.py:925} INFO - DAG(s) 'tutorial' retrieved from /home/airflow/.local/lib/python3.12/site-packages/airflow/example_dags/tutorial.py
[2025-04-13T22:32:24.919+0000] {logging_mixin.py:190} INFO - [2025-04-13T22:32:24.918+0000] {dag.py:3239} INFO - Sync 1 DAGs
[2025-04-13T22:32:25.069+0000] {logging_mixin.py:190} INFO - [2025-04-13T22:32:25.067+0000] {dag.py:4180} INFO - Setting next_dagrun for tutorial to 2025-04-12 00:00:00+00:00, run_after=2025-04-13 00:00:00+00:00
[2025-04-13T22:32:25.167+0000] {processor.py:208} INFO - Processing /home/airflow/.local/lib/python3.12/site-packages/airflow/example_dags/tutorial.py took 0.441 seconds
[2025-04-13T22:32:56.872+0000] {processor.py:186} INFO - Started process (PID=225) to work on /home/airflow/.local/lib/python3.12/site-packages/airflow/example_dags/tutorial.py
[2025-04-13T22:32:56.880+0000] {processor.py:914} INFO - Processing file /home/airflow/.local/lib/python3.12/site-packages/airflow/example_dags/tutorial.py for tasks to queue
[2025-04-13T22:32:56.901+0000] {logging_mixin.py:190} INFO - [2025-04-13T22:32:56.900+0000] {dagbag.py:588} INFO - Filling up the DagBag from /home/airflow/.local/lib/python3.12/site-packages/airflow/example_dags/tutorial.py
[2025-04-13T22:32:56.998+0000] {processor.py:925} INFO - DAG(s) 'tutorial' retrieved from /home/airflow/.local/lib/python3.12/site-packages/airflow/example_dags/tutorial.py
[2025-04-13T22:32:57.258+0000] {logging_mixin.py:190} INFO - [2025-04-13T22:32:57.257+0000] {dag.py:3239} INFO - Sync 1 DAGs
[2025-04-13T22:32:57.603+0000] {logging_mixin.py:190} INFO - [2025-04-13T22:32:57.603+0000] {dag.py:4180} INFO - Setting next_dagrun for tutorial to 2025-04-12 00:00:00+00:00, run_after=2025-04-13 00:00:00+00:00
[2025-04-13T22:32:57.926+0000] {processor.py:208} INFO - Processing /home/airflow/.local/lib/python3.12/site-packages/airflow/example_dags/tutorial.py took 1.085 seconds
[2025-04-13T22:33:29.522+0000] {processor.py:186} INFO - Started process (PID=295) to work on /home/airflow/.local/lib/python3.12/site-packages/airflow/example_dags/tutorial.py
[2025-04-13T22:33:29.526+0000] {processor.py:914} INFO - Processing file /home/airflow/.local/lib/python3.12/site-packages/airflow/example_dags/tutorial.py for tasks to queue
[2025-04-13T22:33:29.544+0000] {logging_mixin.py:190} INFO - [2025-04-13T22:33:29.544+0000] {dagbag.py:588} INFO - Filling up the DagBag from /home/airflow/.local/lib/python3.12/site-packages/airflow/example_dags/tutorial.py
[2025-04-13T22:33:29.610+0000] {processor.py:925} INFO - DAG(s) 'tutorial' retrieved from /home/airflow/.local/lib/python3.12/site-packages/airflow/example_dags/tutorial.py
[2025-04-13T22:33:29.748+0000] {logging_mixin.py:190} INFO - [2025-04-13T22:33:29.747+0000] {dag.py:3239} INFO - Sync 1 DAGs
[2025-04-13T22:33:30.119+0000] {logging_mixin.py:190} INFO - [2025-04-13T22:33:30.118+0000] {dag.py:4180} INFO - Setting next_dagrun for tutorial to 2025-04-12 00:00:00+00:00, run_after=2025-04-13 00:00:00+00:00
[2025-04-13T22:33:30.441+0000] {processor.py:208} INFO - Processing /home/airflow/.local/lib/python3.12/site-packages/airflow/example_dags/tutorial.py took 0.935 seconds
[2025-04-13T22:34:00.839+0000] {processor.py:186} INFO - Started process (PID=358) to work on /home/airflow/.local/lib/python3.12/site-packages/airflow/example_dags/tutorial.py
[2025-04-13T22:34:00.842+0000] {processor.py:914} INFO - Processing file /home/airflow/.local/lib/python3.12/site-packages/airflow/example_dags/tutorial.py for tasks to queue
[2025-04-13T22:34:00.848+0000] {logging_mixin.py:190} INFO - [2025-04-13T22:34:00.847+0000] {dagbag.py:588} INFO - Filling up the DagBag from /home/airflow/.local/lib/python3.12/site-packages/airflow/example_dags/tutorial.py
[2025-04-13T22:34:00.872+0000] {processor.py:925} INFO - DAG(s) 'tutorial' retrieved from /home/airflow/.local/lib/python3.12/site-packages/airflow/example_dags/tutorial.py
[2025-04-13T22:34:00.920+0000] {logging_mixin.py:190} INFO - [2025-04-13T22:34:00.920+0000] {dag.py:3239} INFO - Sync 1 DAGs
[2025-04-13T22:34:01.012+0000] {logging_mixin.py:190} INFO - [2025-04-13T22:34:01.011+0000] {dag.py:4180} INFO - Setting next_dagrun for tutorial to 2025-04-12 00:00:00+00:00, run_after=2025-04-13 00:00:00+00:00
[2025-04-13T22:34:01.091+0000] {processor.py:208} INFO - Processing /home/airflow/.local/lib/python3.12/site-packages/airflow/example_dags/tutorial.py took 0.275 seconds
[2025-04-13T22:34:35.681+0000] {processor.py:186} INFO - Started process (PID=422) to work on /home/airflow/.local/lib/python3.12/site-packages/airflow/example_dags/tutorial.py
[2025-04-13T22:34:35.684+0000] {processor.py:914} INFO - Processing file /home/airflow/.local/lib/python3.12/site-packages/airflow/example_dags/tutorial.py for tasks to queue
[2025-04-13T22:34:35.691+0000] {logging_mixin.py:190} INFO - [2025-04-13T22:34:35.690+0000] {dagbag.py:588} INFO - Filling up the DagBag from /home/airflow/.local/lib/python3.12/site-packages/airflow/example_dags/tutorial.py
[2025-04-13T22:34:35.721+0000] {processor.py:925} INFO - DAG(s) 'tutorial' retrieved from /home/airflow/.local/lib/python3.12/site-packages/airflow/example_dags/tutorial.py
[2025-04-13T22:34:35.807+0000] {logging_mixin.py:190} INFO - [2025-04-13T22:34:35.801+0000] {dag.py:3239} INFO - Sync 1 DAGs
[2025-04-13T22:34:35.890+0000] {logging_mixin.py:190} INFO - [2025-04-13T22:34:35.890+0000] {dag.py:4180} INFO - Setting next_dagrun for tutorial to 2025-04-12 00:00:00+00:00, run_after=2025-04-13 00:00:00+00:00
[2025-04-13T22:34:36.013+0000] {processor.py:208} INFO - Processing /home/airflow/.local/lib/python3.12/site-packages/airflow/example_dags/tutorial.py took 0.345 seconds
[2025-04-13T22:35:13.964+0000] {processor.py:186} INFO - Started process (PID=466) to work on /home/airflow/.local/lib/python3.12/site-packages/airflow/example_dags/tutorial.py
[2025-04-13T22:35:13.995+0000] {processor.py:914} INFO - Processing file /home/airflow/.local/lib/python3.12/site-packages/airflow/example_dags/tutorial.py for tasks to queue
[2025-04-13T22:35:14.012+0000] {logging_mixin.py:190} INFO - [2025-04-13T22:35:14.011+0000] {dagbag.py:588} INFO - Filling up the DagBag from /home/airflow/.local/lib/python3.12/site-packages/airflow/example_dags/tutorial.py
[2025-04-13T22:35:14.087+0000] {processor.py:925} INFO - DAG(s) 'tutorial' retrieved from /home/airflow/.local/lib/python3.12/site-packages/airflow/example_dags/tutorial.py
[2025-04-13T22:35:14.292+0000] {logging_mixin.py:190} INFO - [2025-04-13T22:35:14.292+0000] {dag.py:3239} INFO - Sync 1 DAGs
[2025-04-13T22:35:14.443+0000] {logging_mixin.py:190} INFO - [2025-04-13T22:35:14.434+0000] {dag.py:4180} INFO - Setting next_dagrun for tutorial to 2025-04-12 00:00:00+00:00, run_after=2025-04-13 00:00:00+00:00
[2025-04-13T22:35:14.623+0000] {processor.py:208} INFO - Processing /home/airflow/.local/lib/python3.12/site-packages/airflow/example_dags/tutorial.py took 0.718 seconds
[2025-04-13T22:35:48.207+0000] {processor.py:186} INFO - Started process (PID=523) to work on /home/airflow/.local/lib/python3.12/site-packages/airflow/example_dags/tutorial.py
[2025-04-13T22:35:48.211+0000] {processor.py:914} INFO - Processing file /home/airflow/.local/lib/python3.12/site-packages/airflow/example_dags/tutorial.py for tasks to queue
[2025-04-13T22:35:48.230+0000] {logging_mixin.py:190} INFO - [2025-04-13T22:35:48.229+0000] {dagbag.py:588} INFO - Filling up the DagBag from /home/airflow/.local/lib/python3.12/site-packages/airflow/example_dags/tutorial.py
[2025-04-13T22:35:48.286+0000] {processor.py:925} INFO - DAG(s) 'tutorial' retrieved from /home/airflow/.local/lib/python3.12/site-packages/airflow/example_dags/tutorial.py
[2025-04-13T22:35:48.446+0000] {logging_mixin.py:190} INFO - [2025-04-13T22:35:48.445+0000] {dag.py:3239} INFO - Sync 1 DAGs
[2025-04-13T22:35:48.552+0000] {logging_mixin.py:190} INFO - [2025-04-13T22:35:48.552+0000] {dag.py:4180} INFO - Setting next_dagrun for tutorial to 2025-04-12 00:00:00+00:00, run_after=2025-04-13 00:00:00+00:00
[2025-04-13T22:35:48.677+0000] {processor.py:208} INFO - Processing /home/airflow/.local/lib/python3.12/site-packages/airflow/example_dags/tutorial.py took 0.497 seconds
[2025-04-13T22:36:26.883+0000] {processor.py:186} INFO - Started process (PID=587) to work on /home/airflow/.local/lib/python3.12/site-packages/airflow/example_dags/tutorial.py
[2025-04-13T22:36:26.895+0000] {processor.py:914} INFO - Processing file /home/airflow/.local/lib/python3.12/site-packages/airflow/example_dags/tutorial.py for tasks to queue
[2025-04-13T22:36:26.915+0000] {logging_mixin.py:190} INFO - [2025-04-13T22:36:26.914+0000] {dagbag.py:588} INFO - Filling up the DagBag from /home/airflow/.local/lib/python3.12/site-packages/airflow/example_dags/tutorial.py
[2025-04-13T22:36:26.967+0000] {processor.py:925} INFO - DAG(s) 'tutorial' retrieved from /home/airflow/.local/lib/python3.12/site-packages/airflow/example_dags/tutorial.py
[2025-04-13T22:36:27.146+0000] {logging_mixin.py:190} INFO - [2025-04-13T22:36:27.139+0000] {dag.py:3239} INFO - Sync 1 DAGs
[2025-04-13T22:36:27.526+0000] {logging_mixin.py:190} INFO - [2025-04-13T22:36:27.521+0000] {dag.py:4180} INFO - Setting next_dagrun for tutorial to 2025-04-12 00:00:00+00:00, run_after=2025-04-13 00:00:00+00:00
[2025-04-13T22:36:27.663+0000] {processor.py:208} INFO - Processing /home/airflow/.local/lib/python3.12/site-packages/airflow/example_dags/tutorial.py took 0.918 seconds
[2025-04-13T22:37:04.584+0000] {processor.py:186} INFO - Started process (PID=657) to work on /home/airflow/.local/lib/python3.12/site-packages/airflow/example_dags/tutorial.py
[2025-04-13T22:37:04.593+0000] {processor.py:914} INFO - Processing file /home/airflow/.local/lib/python3.12/site-packages/airflow/example_dags/tutorial.py for tasks to queue
[2025-04-13T22:37:04.610+0000] {logging_mixin.py:190} INFO - [2025-04-13T22:37:04.609+0000] {dagbag.py:588} INFO - Filling up the DagBag from /home/airflow/.local/lib/python3.12/site-packages/airflow/example_dags/tutorial.py
[2025-04-13T22:37:04.680+0000] {processor.py:925} INFO - DAG(s) 'tutorial' retrieved from /home/airflow/.local/lib/python3.12/site-packages/airflow/example_dags/tutorial.py
[2025-04-13T22:37:04.789+0000] {logging_mixin.py:190} INFO - [2025-04-13T22:37:04.777+0000] {dag.py:3239} INFO - Sync 1 DAGs
[2025-04-13T22:37:04.925+0000] {logging_mixin.py:190} INFO - [2025-04-13T22:37:04.925+0000] {dag.py:4180} INFO - Setting next_dagrun for tutorial to 2025-04-12 00:00:00+00:00, run_after=2025-04-13 00:00:00+00:00
[2025-04-13T22:37:05.011+0000] {processor.py:208} INFO - Processing /home/airflow/.local/lib/python3.12/site-packages/airflow/example_dags/tutorial.py took 0.447 seconds
[2025-04-13T22:37:53.320+0000] {processor.py:186} INFO - Started process (PID=718) to work on /home/airflow/.local/lib/python3.12/site-packages/airflow/example_dags/tutorial.py
[2025-04-13T22:37:53.323+0000] {processor.py:914} INFO - Processing file /home/airflow/.local/lib/python3.12/site-packages/airflow/example_dags/tutorial.py for tasks to queue
[2025-04-13T22:37:53.341+0000] {logging_mixin.py:190} INFO - [2025-04-13T22:37:53.341+0000] {dagbag.py:588} INFO - Filling up the DagBag from /home/airflow/.local/lib/python3.12/site-packages/airflow/example_dags/tutorial.py
[2025-04-13T22:37:53.390+0000] {processor.py:925} INFO - DAG(s) 'tutorial' retrieved from /home/airflow/.local/lib/python3.12/site-packages/airflow/example_dags/tutorial.py
[2025-04-13T22:37:53.522+0000] {logging_mixin.py:190} INFO - [2025-04-13T22:37:53.522+0000] {dag.py:3239} INFO - Sync 1 DAGs
[2025-04-13T22:37:53.754+0000] {logging_mixin.py:190} INFO - [2025-04-13T22:37:53.751+0000] {dag.py:4180} INFO - Setting next_dagrun for tutorial to 2025-04-12 00:00:00+00:00, run_after=2025-04-13 00:00:00+00:00
[2025-04-13T22:37:53.855+0000] {processor.py:208} INFO - Processing /home/airflow/.local/lib/python3.12/site-packages/airflow/example_dags/tutorial.py took 0.556 seconds
[2025-04-13T22:38:29.090+0000] {processor.py:186} INFO - Started process (PID=773) to work on /home/airflow/.local/lib/python3.12/site-packages/airflow/example_dags/tutorial.py
[2025-04-13T22:38:29.098+0000] {processor.py:914} INFO - Processing file /home/airflow/.local/lib/python3.12/site-packages/airflow/example_dags/tutorial.py for tasks to queue
[2025-04-13T22:38:29.153+0000] {logging_mixin.py:190} INFO - [2025-04-13T22:38:29.149+0000] {dagbag.py:588} INFO - Filling up the DagBag from /home/airflow/.local/lib/python3.12/site-packages/airflow/example_dags/tutorial.py
[2025-04-13T22:38:29.281+0000] {processor.py:925} INFO - DAG(s) 'tutorial' retrieved from /home/airflow/.local/lib/python3.12/site-packages/airflow/example_dags/tutorial.py
[2025-04-13T22:38:30.012+0000] {logging_mixin.py:190} INFO - [2025-04-13T22:38:30.011+0000] {dag.py:3239} INFO - Sync 1 DAGs
[2025-04-13T22:38:30.371+0000] {logging_mixin.py:190} INFO - [2025-04-13T22:38:30.347+0000] {dag.py:4180} INFO - Setting next_dagrun for tutorial to 2025-04-12 00:00:00+00:00, run_after=2025-04-13 00:00:00+00:00
[2025-04-13T22:38:30.683+0000] {processor.py:208} INFO - Processing /home/airflow/.local/lib/python3.12/site-packages/airflow/example_dags/tutorial.py took 1.664 seconds
[2025-04-13T22:39:08.178+0000] {processor.py:186} INFO - Started process (PID=843) to work on /home/airflow/.local/lib/python3.12/site-packages/airflow/example_dags/tutorial.py
[2025-04-13T22:39:08.213+0000] {processor.py:914} INFO - Processing file /home/airflow/.local/lib/python3.12/site-packages/airflow/example_dags/tutorial.py for tasks to queue
[2025-04-13T22:39:08.224+0000] {logging_mixin.py:190} INFO - [2025-04-13T22:39:08.223+0000] {dagbag.py:588} INFO - Filling up the DagBag from /home/airflow/.local/lib/python3.12/site-packages/airflow/example_dags/tutorial.py
[2025-04-13T22:39:08.319+0000] {processor.py:925} INFO - DAG(s) 'tutorial' retrieved from /home/airflow/.local/lib/python3.12/site-packages/airflow/example_dags/tutorial.py
[2025-04-13T22:39:08.695+0000] {logging_mixin.py:190} INFO - [2025-04-13T22:39:08.693+0000] {dag.py:3239} INFO - Sync 1 DAGs
[2025-04-13T22:39:08.920+0000] {logging_mixin.py:190} INFO - [2025-04-13T22:39:08.916+0000] {dag.py:4180} INFO - Setting next_dagrun for tutorial to 2025-04-12 00:00:00+00:00, run_after=2025-04-13 00:00:00+00:00
[2025-04-13T22:39:09.092+0000] {processor.py:208} INFO - Processing /home/airflow/.local/lib/python3.12/site-packages/airflow/example_dags/tutorial.py took 1.032 seconds
[2025-04-13T22:39:45.477+0000] {processor.py:186} INFO - Started process (PID=902) to work on /home/airflow/.local/lib/python3.12/site-packages/airflow/example_dags/tutorial.py
[2025-04-13T22:39:45.501+0000] {processor.py:914} INFO - Processing file /home/airflow/.local/lib/python3.12/site-packages/airflow/example_dags/tutorial.py for tasks to queue
[2025-04-13T22:39:45.952+0000] {logging_mixin.py:190} INFO - [2025-04-13T22:39:45.948+0000] {dagbag.py:588} INFO - Filling up the DagBag from /home/airflow/.local/lib/python3.12/site-packages/airflow/example_dags/tutorial.py
[2025-04-13T22:39:46.395+0000] {processor.py:925} INFO - DAG(s) 'tutorial' retrieved from /home/airflow/.local/lib/python3.12/site-packages/airflow/example_dags/tutorial.py
[2025-04-13T22:39:47.364+0000] {logging_mixin.py:190} INFO - [2025-04-13T22:39:47.364+0000] {dag.py:3239} INFO - Sync 1 DAGs
[2025-04-13T22:39:49.082+0000] {logging_mixin.py:190} INFO - [2025-04-13T22:39:49.079+0000] {dag.py:4180} INFO - Setting next_dagrun for tutorial to 2025-04-12 00:00:00+00:00, run_after=2025-04-13 00:00:00+00:00
[2025-04-13T22:39:50.000+0000] {processor.py:208} INFO - Processing /home/airflow/.local/lib/python3.12/site-packages/airflow/example_dags/tutorial.py took 4.770 seconds
[2025-04-13T22:41:35.295+0000] {processor.py:186} INFO - Started process (PID=980) to work on /home/airflow/.local/lib/python3.12/site-packages/airflow/example_dags/tutorial.py
[2025-04-13T22:41:35.344+0000] {processor.py:914} INFO - Processing file /home/airflow/.local/lib/python3.12/site-packages/airflow/example_dags/tutorial.py for tasks to queue
[2025-04-13T22:41:35.362+0000] {logging_mixin.py:190} INFO - [2025-04-13T22:41:35.361+0000] {dagbag.py:588} INFO - Filling up the DagBag from /home/airflow/.local/lib/python3.12/site-packages/airflow/example_dags/tutorial.py
[2025-04-13T22:41:35.481+0000] {processor.py:925} INFO - DAG(s) 'tutorial' retrieved from /home/airflow/.local/lib/python3.12/site-packages/airflow/example_dags/tutorial.py
[2025-04-13T22:41:35.951+0000] {logging_mixin.py:190} INFO - [2025-04-13T22:41:35.950+0000] {dag.py:3239} INFO - Sync 1 DAGs
[2025-04-13T22:41:36.843+0000] {logging_mixin.py:190} INFO - [2025-04-13T22:41:36.843+0000] {dag.py:4180} INFO - Setting next_dagrun for tutorial to 2025-04-12 00:00:00+00:00, run_after=2025-04-13 00:00:00+00:00
[2025-04-13T22:41:38.986+0000] {processor.py:208} INFO - Processing /home/airflow/.local/lib/python3.12/site-packages/airflow/example_dags/tutorial.py took 3.875 seconds
[2025-04-13T22:42:10.799+0000] {processor.py:186} INFO - Started process (PID=1027) to work on /home/airflow/.local/lib/python3.12/site-packages/airflow/example_dags/tutorial.py
[2025-04-13T22:42:10.803+0000] {processor.py:914} INFO - Processing file /home/airflow/.local/lib/python3.12/site-packages/airflow/example_dags/tutorial.py for tasks to queue
[2025-04-13T22:42:10.809+0000] {logging_mixin.py:190} INFO - [2025-04-13T22:42:10.809+0000] {dagbag.py:588} INFO - Filling up the DagBag from /home/airflow/.local/lib/python3.12/site-packages/airflow/example_dags/tutorial.py
[2025-04-13T22:42:10.830+0000] {processor.py:925} INFO - DAG(s) 'tutorial' retrieved from /home/airflow/.local/lib/python3.12/site-packages/airflow/example_dags/tutorial.py
[2025-04-13T22:42:10.981+0000] {logging_mixin.py:190} INFO - [2025-04-13T22:42:10.980+0000] {dag.py:3239} INFO - Sync 1 DAGs
[2025-04-13T22:42:11.275+0000] {logging_mixin.py:190} INFO - [2025-04-13T22:42:11.275+0000] {dag.py:4180} INFO - Setting next_dagrun for tutorial to 2025-04-12 00:00:00+00:00, run_after=2025-04-13 00:00:00+00:00
[2025-04-13T22:42:11.429+0000] {processor.py:208} INFO - Processing /home/airflow/.local/lib/python3.12/site-packages/airflow/example_dags/tutorial.py took 0.655 seconds
[2025-04-13T22:42:48.454+0000] {processor.py:186} INFO - Started process (PID=1097) to work on /home/airflow/.local/lib/python3.12/site-packages/airflow/example_dags/tutorial.py
[2025-04-13T22:42:48.457+0000] {processor.py:914} INFO - Processing file /home/airflow/.local/lib/python3.12/site-packages/airflow/example_dags/tutorial.py for tasks to queue
[2025-04-13T22:42:48.464+0000] {logging_mixin.py:190} INFO - [2025-04-13T22:42:48.463+0000] {dagbag.py:588} INFO - Filling up the DagBag from /home/airflow/.local/lib/python3.12/site-packages/airflow/example_dags/tutorial.py
[2025-04-13T22:42:48.488+0000] {processor.py:925} INFO - DAG(s) 'tutorial' retrieved from /home/airflow/.local/lib/python3.12/site-packages/airflow/example_dags/tutorial.py
[2025-04-13T22:42:48.581+0000] {logging_mixin.py:190} INFO - [2025-04-13T22:42:48.580+0000] {dag.py:3239} INFO - Sync 1 DAGs
[2025-04-13T22:42:48.862+0000] {logging_mixin.py:190} INFO - [2025-04-13T22:42:48.861+0000] {dag.py:4180} INFO - Setting next_dagrun for tutorial to 2025-04-12 00:00:00+00:00, run_after=2025-04-13 00:00:00+00:00
[2025-04-13T22:42:48.935+0000] {processor.py:208} INFO - Processing /home/airflow/.local/lib/python3.12/site-packages/airflow/example_dags/tutorial.py took 0.495 seconds
[2025-04-13T22:43:24.403+0000] {processor.py:186} INFO - Started process (PID=1132) to work on /home/airflow/.local/lib/python3.12/site-packages/airflow/example_dags/tutorial.py
[2025-04-13T22:43:24.432+0000] {processor.py:914} INFO - Processing file /home/airflow/.local/lib/python3.12/site-packages/airflow/example_dags/tutorial.py for tasks to queue
[2025-04-13T22:43:24.552+0000] {logging_mixin.py:190} INFO - [2025-04-13T22:43:24.492+0000] {dagbag.py:588} INFO - Filling up the DagBag from /home/airflow/.local/lib/python3.12/site-packages/airflow/example_dags/tutorial.py
[2025-04-13T22:43:24.616+0000] {processor.py:925} INFO - DAG(s) 'tutorial' retrieved from /home/airflow/.local/lib/python3.12/site-packages/airflow/example_dags/tutorial.py
[2025-04-13T22:43:25.048+0000] {logging_mixin.py:190} INFO - [2025-04-13T22:43:25.047+0000] {dag.py:3239} INFO - Sync 1 DAGs
[2025-04-13T22:43:25.245+0000] {logging_mixin.py:190} INFO - [2025-04-13T22:43:25.244+0000] {dag.py:4180} INFO - Setting next_dagrun for tutorial to 2025-04-12 00:00:00+00:00, run_after=2025-04-13 00:00:00+00:00
[2025-04-13T22:43:26.096+0000] {processor.py:208} INFO - Processing /home/airflow/.local/lib/python3.12/site-packages/airflow/example_dags/tutorial.py took 1.978 seconds
[2025-04-13T22:44:26.201+0000] {processor.py:186} INFO - Started process (PID=1179) to work on /home/airflow/.local/lib/python3.12/site-packages/airflow/example_dags/tutorial.py
[2025-04-13T22:44:26.221+0000] {processor.py:914} INFO - Processing file /home/airflow/.local/lib/python3.12/site-packages/airflow/example_dags/tutorial.py for tasks to queue
[2025-04-13T22:44:26.319+0000] {logging_mixin.py:190} INFO - [2025-04-13T22:44:26.318+0000] {dagbag.py:588} INFO - Filling up the DagBag from /home/airflow/.local/lib/python3.12/site-packages/airflow/example_dags/tutorial.py
[2025-04-13T22:44:26.454+0000] {processor.py:925} INFO - DAG(s) 'tutorial' retrieved from /home/airflow/.local/lib/python3.12/site-packages/airflow/example_dags/tutorial.py
[2025-04-13T22:44:27.271+0000] {logging_mixin.py:190} INFO - [2025-04-13T22:44:27.242+0000] {dag.py:3239} INFO - Sync 1 DAGs
[2025-04-13T22:44:28.076+0000] {logging_mixin.py:190} INFO - [2025-04-13T22:44:28.075+0000] {dag.py:4180} INFO - Setting next_dagrun for tutorial to 2025-04-12 00:00:00+00:00, run_after=2025-04-13 00:00:00+00:00
[2025-04-13T22:44:28.514+0000] {processor.py:208} INFO - Processing /home/airflow/.local/lib/python3.12/site-packages/airflow/example_dags/tutorial.py took 2.457 seconds
[2025-04-13T22:45:10.511+0000] {processor.py:186} INFO - Started process (PID=1224) to work on /home/airflow/.local/lib/python3.12/site-packages/airflow/example_dags/tutorial.py
[2025-04-13T22:45:10.521+0000] {processor.py:914} INFO - Processing file /home/airflow/.local/lib/python3.12/site-packages/airflow/example_dags/tutorial.py for tasks to queue
[2025-04-13T22:45:10.531+0000] {logging_mixin.py:190} INFO - [2025-04-13T22:45:10.530+0000] {dagbag.py:588} INFO - Filling up the DagBag from /home/airflow/.local/lib/python3.12/site-packages/airflow/example_dags/tutorial.py
[2025-04-13T22:45:10.588+0000] {processor.py:925} INFO - DAG(s) 'tutorial' retrieved from /home/airflow/.local/lib/python3.12/site-packages/airflow/example_dags/tutorial.py
[2025-04-13T22:45:10.681+0000] {logging_mixin.py:190} INFO - [2025-04-13T22:45:10.681+0000] {dag.py:3239} INFO - Sync 1 DAGs
[2025-04-13T22:45:10.802+0000] {logging_mixin.py:190} INFO - [2025-04-13T22:45:10.802+0000] {dag.py:4180} INFO - Setting next_dagrun for tutorial to 2025-04-12 00:00:00+00:00, run_after=2025-04-13 00:00:00+00:00
[2025-04-13T22:45:10.970+0000] {processor.py:208} INFO - Processing /home/airflow/.local/lib/python3.12/site-packages/airflow/example_dags/tutorial.py took 0.488 seconds
