[2025-04-13T16:50:07.620+0000] {processor.py:186} INFO - Started process (PID=154) to work on /home/airflow/.local/lib/python3.12/site-packages/airflow/example_dags/tutorial_taskflow_api.py
[2025-04-13T16:50:07.633+0000] {processor.py:914} INFO - Processing file /home/airflow/.local/lib/python3.12/site-packages/airflow/example_dags/tutorial_taskflow_api.py for tasks to queue
[2025-04-13T16:50:07.650+0000] {logging_mixin.py:190} INFO - [2025-04-13T16:50:07.649+0000] {dagbag.py:588} INFO - Filling up the DagBag from /home/airflow/.local/lib/python3.12/site-packages/airflow/example_dags/tutorial_taskflow_api.py
[2025-04-13T16:50:07.784+0000] {processor.py:925} INFO - DAG(s) 'tutorial_taskflow_api' retrieved from /home/airflow/.local/lib/python3.12/site-packages/airflow/example_dags/tutorial_taskflow_api.py
[2025-04-13T16:50:09.253+0000] {logging_mixin.py:190} INFO - [2025-04-13T16:50:09.252+0000] {override.py:1912} INFO - Created Permission View: can read on DAG:tutorial_taskflow_api
[2025-04-13T16:50:09.333+0000] {logging_mixin.py:190} INFO - [2025-04-13T16:50:09.333+0000] {override.py:1912} INFO - Created Permission View: can edit on DAG:tutorial_taskflow_api
[2025-04-13T16:50:09.416+0000] {logging_mixin.py:190} INFO - [2025-04-13T16:50:09.415+0000] {override.py:1912} INFO - Created Permission View: can delete on DAG:tutorial_taskflow_api
[2025-04-13T16:50:09.528+0000] {logging_mixin.py:190} INFO - [2025-04-13T16:50:09.527+0000] {override.py:1912} INFO - Created Permission View: can read on DAG Run:tutorial_taskflow_api
[2025-04-13T16:50:09.579+0000] {logging_mixin.py:190} INFO - [2025-04-13T16:50:09.579+0000] {override.py:1912} INFO - Created Permission View: menu access on DAG Run:tutorial_taskflow_api
[2025-04-13T16:50:09.618+0000] {logging_mixin.py:190} INFO - [2025-04-13T16:50:09.617+0000] {override.py:1912} INFO - Created Permission View: can create on DAG Run:tutorial_taskflow_api
[2025-04-13T16:50:09.665+0000] {logging_mixin.py:190} INFO - [2025-04-13T16:50:09.665+0000] {override.py:1912} INFO - Created Permission View: can delete on DAG Run:tutorial_taskflow_api
[2025-04-13T16:50:09.668+0000] {logging_mixin.py:190} INFO - [2025-04-13T16:50:09.666+0000] {dag.py:3239} INFO - Sync 1 DAGs
[2025-04-13T16:50:10.163+0000] {logging_mixin.py:190} INFO - [2025-04-13T16:50:10.163+0000] {dag.py:3262} INFO - Creating ORM DAG for tutorial_taskflow_api
[2025-04-13T16:50:10.185+0000] {logging_mixin.py:190} INFO - [2025-04-13T16:50:10.184+0000] {dag.py:4180} INFO - Setting next_dagrun for tutorial_taskflow_api to None, run_after=None
[2025-04-13T16:50:10.593+0000] {processor.py:208} INFO - Processing /home/airflow/.local/lib/python3.12/site-packages/airflow/example_dags/tutorial_taskflow_api.py took 3.148 seconds
[2025-04-13T16:51:10.132+0000] {processor.py:186} INFO - Started process (PID=230) to work on /home/airflow/.local/lib/python3.12/site-packages/airflow/example_dags/tutorial_taskflow_api.py
[2025-04-13T16:51:10.136+0000] {processor.py:914} INFO - Processing file /home/airflow/.local/lib/python3.12/site-packages/airflow/example_dags/tutorial_taskflow_api.py for tasks to queue
[2025-04-13T16:51:10.143+0000] {logging_mixin.py:190} INFO - [2025-04-13T16:51:10.142+0000] {dagbag.py:588} INFO - Filling up the DagBag from /home/airflow/.local/lib/python3.12/site-packages/airflow/example_dags/tutorial_taskflow_api.py
[2025-04-13T16:51:10.204+0000] {processor.py:925} INFO - DAG(s) 'tutorial_taskflow_api' retrieved from /home/airflow/.local/lib/python3.12/site-packages/airflow/example_dags/tutorial_taskflow_api.py
[2025-04-13T16:51:10.361+0000] {logging_mixin.py:190} INFO - [2025-04-13T16:51:10.360+0000] {dag.py:3239} INFO - Sync 1 DAGs
[2025-04-13T16:51:10.420+0000] {logging_mixin.py:190} INFO - [2025-04-13T16:51:10.420+0000] {dag.py:4180} INFO - Setting next_dagrun for tutorial_taskflow_api to None, run_after=None
[2025-04-13T16:51:10.500+0000] {processor.py:208} INFO - Processing /home/airflow/.local/lib/python3.12/site-packages/airflow/example_dags/tutorial_taskflow_api.py took 0.381 seconds
[2025-04-13T16:51:44.437+0000] {processor.py:186} INFO - Started process (PID=293) to work on /home/airflow/.local/lib/python3.12/site-packages/airflow/example_dags/tutorial_taskflow_api.py
[2025-04-13T16:51:44.440+0000] {processor.py:914} INFO - Processing file /home/airflow/.local/lib/python3.12/site-packages/airflow/example_dags/tutorial_taskflow_api.py for tasks to queue
[2025-04-13T16:51:44.471+0000] {logging_mixin.py:190} INFO - [2025-04-13T16:51:44.468+0000] {dagbag.py:588} INFO - Filling up the DagBag from /home/airflow/.local/lib/python3.12/site-packages/airflow/example_dags/tutorial_taskflow_api.py
[2025-04-13T16:51:44.492+0000] {processor.py:925} INFO - DAG(s) 'tutorial_taskflow_api' retrieved from /home/airflow/.local/lib/python3.12/site-packages/airflow/example_dags/tutorial_taskflow_api.py
[2025-04-13T16:51:44.594+0000] {logging_mixin.py:190} INFO - [2025-04-13T16:51:44.594+0000] {dag.py:3239} INFO - Sync 1 DAGs
[2025-04-13T16:51:44.719+0000] {logging_mixin.py:190} INFO - [2025-04-13T16:51:44.718+0000] {dag.py:4180} INFO - Setting next_dagrun for tutorial_taskflow_api to None, run_after=None
[2025-04-13T16:51:44.804+0000] {processor.py:208} INFO - Processing /home/airflow/.local/lib/python3.12/site-packages/airflow/example_dags/tutorial_taskflow_api.py took 0.386 seconds
[2025-04-13T16:52:17.701+0000] {processor.py:186} INFO - Started process (PID=357) to work on /home/airflow/.local/lib/python3.12/site-packages/airflow/example_dags/tutorial_taskflow_api.py
[2025-04-13T16:52:17.707+0000] {processor.py:914} INFO - Processing file /home/airflow/.local/lib/python3.12/site-packages/airflow/example_dags/tutorial_taskflow_api.py for tasks to queue
[2025-04-13T16:52:17.718+0000] {logging_mixin.py:190} INFO - [2025-04-13T16:52:17.717+0000] {dagbag.py:588} INFO - Filling up the DagBag from /home/airflow/.local/lib/python3.12/site-packages/airflow/example_dags/tutorial_taskflow_api.py
[2025-04-13T16:52:17.734+0000] {processor.py:925} INFO - DAG(s) 'tutorial_taskflow_api' retrieved from /home/airflow/.local/lib/python3.12/site-packages/airflow/example_dags/tutorial_taskflow_api.py
[2025-04-13T16:52:17.794+0000] {logging_mixin.py:190} INFO - [2025-04-13T16:52:17.794+0000] {dag.py:3239} INFO - Sync 1 DAGs
[2025-04-13T16:52:17.826+0000] {logging_mixin.py:190} INFO - [2025-04-13T16:52:17.826+0000] {dag.py:4180} INFO - Setting next_dagrun for tutorial_taskflow_api to None, run_after=None
[2025-04-13T16:52:17.889+0000] {processor.py:208} INFO - Processing /home/airflow/.local/lib/python3.12/site-packages/airflow/example_dags/tutorial_taskflow_api.py took 0.205 seconds
[2025-04-13T16:52:52.938+0000] {processor.py:186} INFO - Started process (PID=427) to work on /home/airflow/.local/lib/python3.12/site-packages/airflow/example_dags/tutorial_taskflow_api.py
[2025-04-13T16:52:52.956+0000] {processor.py:914} INFO - Processing file /home/airflow/.local/lib/python3.12/site-packages/airflow/example_dags/tutorial_taskflow_api.py for tasks to queue
[2025-04-13T16:52:52.968+0000] {logging_mixin.py:190} INFO - [2025-04-13T16:52:52.967+0000] {dagbag.py:588} INFO - Filling up the DagBag from /home/airflow/.local/lib/python3.12/site-packages/airflow/example_dags/tutorial_taskflow_api.py
[2025-04-13T16:52:52.999+0000] {processor.py:925} INFO - DAG(s) 'tutorial_taskflow_api' retrieved from /home/airflow/.local/lib/python3.12/site-packages/airflow/example_dags/tutorial_taskflow_api.py
[2025-04-13T16:52:53.093+0000] {logging_mixin.py:190} INFO - [2025-04-13T16:52:53.092+0000] {dag.py:3239} INFO - Sync 1 DAGs
[2025-04-13T16:52:53.252+0000] {logging_mixin.py:190} INFO - [2025-04-13T16:52:53.231+0000] {dag.py:4180} INFO - Setting next_dagrun for tutorial_taskflow_api to None, run_after=None
[2025-04-13T16:52:53.346+0000] {processor.py:208} INFO - Processing /home/airflow/.local/lib/python3.12/site-packages/airflow/example_dags/tutorial_taskflow_api.py took 0.425 seconds
[2025-04-13T16:53:47.306+0000] {processor.py:186} INFO - Started process (PID=496) to work on /home/airflow/.local/lib/python3.12/site-packages/airflow/example_dags/tutorial_taskflow_api.py
[2025-04-13T16:53:47.310+0000] {processor.py:914} INFO - Processing file /home/airflow/.local/lib/python3.12/site-packages/airflow/example_dags/tutorial_taskflow_api.py for tasks to queue
[2025-04-13T16:53:47.326+0000] {logging_mixin.py:190} INFO - [2025-04-13T16:53:47.325+0000] {dagbag.py:588} INFO - Filling up the DagBag from /home/airflow/.local/lib/python3.12/site-packages/airflow/example_dags/tutorial_taskflow_api.py
[2025-04-13T16:53:47.373+0000] {processor.py:925} INFO - DAG(s) 'tutorial_taskflow_api' retrieved from /home/airflow/.local/lib/python3.12/site-packages/airflow/example_dags/tutorial_taskflow_api.py
[2025-04-13T16:53:47.504+0000] {logging_mixin.py:190} INFO - [2025-04-13T16:53:47.492+0000] {dag.py:3239} INFO - Sync 1 DAGs
[2025-04-13T16:53:47.590+0000] {logging_mixin.py:190} INFO - [2025-04-13T16:53:47.590+0000] {dag.py:4180} INFO - Setting next_dagrun for tutorial_taskflow_api to None, run_after=None
[2025-04-13T16:53:47.767+0000] {processor.py:208} INFO - Processing /home/airflow/.local/lib/python3.12/site-packages/airflow/example_dags/tutorial_taskflow_api.py took 0.494 seconds
[2025-04-13T16:54:40.754+0000] {processor.py:186} INFO - Started process (PID=578) to work on /home/airflow/.local/lib/python3.12/site-packages/airflow/example_dags/tutorial_taskflow_api.py
[2025-04-13T16:54:40.772+0000] {processor.py:914} INFO - Processing file /home/airflow/.local/lib/python3.12/site-packages/airflow/example_dags/tutorial_taskflow_api.py for tasks to queue
[2025-04-13T16:54:40.791+0000] {logging_mixin.py:190} INFO - [2025-04-13T16:54:40.790+0000] {dagbag.py:588} INFO - Filling up the DagBag from /home/airflow/.local/lib/python3.12/site-packages/airflow/example_dags/tutorial_taskflow_api.py
[2025-04-13T16:54:41.028+0000] {processor.py:925} INFO - DAG(s) 'tutorial_taskflow_api' retrieved from /home/airflow/.local/lib/python3.12/site-packages/airflow/example_dags/tutorial_taskflow_api.py
[2025-04-13T16:54:41.415+0000] {logging_mixin.py:190} INFO - [2025-04-13T16:54:41.415+0000] {dag.py:3239} INFO - Sync 1 DAGs
[2025-04-13T16:54:41.698+0000] {logging_mixin.py:190} INFO - [2025-04-13T16:54:41.696+0000] {dag.py:4180} INFO - Setting next_dagrun for tutorial_taskflow_api to None, run_after=None
[2025-04-13T16:54:42.017+0000] {processor.py:208} INFO - Processing /home/airflow/.local/lib/python3.12/site-packages/airflow/example_dags/tutorial_taskflow_api.py took 1.325 seconds
[2025-04-13T17:04:44.428+0000] {processor.py:186} INFO - Started process (PID=162) to work on /home/airflow/.local/lib/python3.12/site-packages/airflow/example_dags/tutorial_taskflow_api.py
[2025-04-13T17:04:44.453+0000] {processor.py:914} INFO - Processing file /home/airflow/.local/lib/python3.12/site-packages/airflow/example_dags/tutorial_taskflow_api.py for tasks to queue
[2025-04-13T17:04:44.481+0000] {logging_mixin.py:190} INFO - [2025-04-13T17:04:44.480+0000] {dagbag.py:588} INFO - Filling up the DagBag from /home/airflow/.local/lib/python3.12/site-packages/airflow/example_dags/tutorial_taskflow_api.py
[2025-04-13T17:04:44.682+0000] {processor.py:925} INFO - DAG(s) 'tutorial_taskflow_api' retrieved from /home/airflow/.local/lib/python3.12/site-packages/airflow/example_dags/tutorial_taskflow_api.py
[2025-04-13T17:04:45.148+0000] {logging_mixin.py:190} INFO - [2025-04-13T17:04:45.148+0000] {dag.py:3239} INFO - Sync 1 DAGs
[2025-04-13T17:04:45.284+0000] {logging_mixin.py:190} INFO - [2025-04-13T17:04:45.283+0000] {dag.py:4180} INFO - Setting next_dagrun for tutorial_taskflow_api to None, run_after=None
[2025-04-13T17:04:45.791+0000] {processor.py:208} INFO - Processing /home/airflow/.local/lib/python3.12/site-packages/airflow/example_dags/tutorial_taskflow_api.py took 1.622 seconds
[2025-04-13T17:27:53.169+0000] {processor.py:186} INFO - Started process (PID=240) to work on /home/airflow/.local/lib/python3.12/site-packages/airflow/example_dags/tutorial_taskflow_api.py
[2025-04-13T17:27:53.585+0000] {processor.py:914} INFO - Processing file /home/airflow/.local/lib/python3.12/site-packages/airflow/example_dags/tutorial_taskflow_api.py for tasks to queue
[2025-04-13T17:27:54.119+0000] {logging_mixin.py:190} INFO - [2025-04-13T17:27:54.118+0000] {dagbag.py:588} INFO - Filling up the DagBag from /home/airflow/.local/lib/python3.12/site-packages/airflow/example_dags/tutorial_taskflow_api.py
[2025-04-13T17:27:55.604+0000] {processor.py:925} INFO - DAG(s) 'tutorial_taskflow_api' retrieved from /home/airflow/.local/lib/python3.12/site-packages/airflow/example_dags/tutorial_taskflow_api.py
[2025-04-13T17:27:58.938+0000] {logging_mixin.py:190} INFO - [2025-04-13T17:27:58.932+0000] {dag.py:3239} INFO - Sync 1 DAGs
[2025-04-13T17:27:59.309+0000] {logging_mixin.py:190} INFO - [2025-04-13T17:27:59.309+0000] {dag.py:4180} INFO - Setting next_dagrun for tutorial_taskflow_api to None, run_after=None
[2025-04-13T17:28:00.782+0000] {processor.py:208} INFO - Processing /home/airflow/.local/lib/python3.12/site-packages/airflow/example_dags/tutorial_taskflow_api.py took 8.446 seconds
[2025-04-13T18:15:03.824+0000] {processor.py:186} INFO - Started process (PID=337) to work on /home/airflow/.local/lib/python3.12/site-packages/airflow/example_dags/tutorial_taskflow_api.py
[2025-04-13T18:15:04.380+0000] {processor.py:914} INFO - Processing file /home/airflow/.local/lib/python3.12/site-packages/airflow/example_dags/tutorial_taskflow_api.py for tasks to queue
[2025-04-13T18:15:04.767+0000] {logging_mixin.py:190} INFO - [2025-04-13T18:15:04.766+0000] {dagbag.py:588} INFO - Filling up the DagBag from /home/airflow/.local/lib/python3.12/site-packages/airflow/example_dags/tutorial_taskflow_api.py
[2025-04-13T18:15:08.075+0000] {processor.py:925} INFO - DAG(s) 'tutorial_taskflow_api' retrieved from /home/airflow/.local/lib/python3.12/site-packages/airflow/example_dags/tutorial_taskflow_api.py
[2025-04-13T18:15:11.138+0000] {logging_mixin.py:190} INFO - [2025-04-13T18:15:11.137+0000] {dag.py:3239} INFO - Sync 1 DAGs
[2025-04-13T18:15:13.089+0000] {logging_mixin.py:190} INFO - [2025-04-13T18:15:13.088+0000] {dag.py:4180} INFO - Setting next_dagrun for tutorial_taskflow_api to None, run_after=None
[2025-04-13T18:15:16.031+0000] {processor.py:208} INFO - Processing /home/airflow/.local/lib/python3.12/site-packages/airflow/example_dags/tutorial_taskflow_api.py took 13.241 seconds
[2025-04-13T18:23:18.000+0000] {processor.py:186} INFO - Started process (PID=471) to work on /home/airflow/.local/lib/python3.12/site-packages/airflow/example_dags/tutorial_taskflow_api.py
[2025-04-13T18:23:18.421+0000] {processor.py:914} INFO - Processing file /home/airflow/.local/lib/python3.12/site-packages/airflow/example_dags/tutorial_taskflow_api.py for tasks to queue
[2025-04-13T18:23:18.836+0000] {logging_mixin.py:190} INFO - [2025-04-13T18:23:18.836+0000] {dagbag.py:588} INFO - Filling up the DagBag from /home/airflow/.local/lib/python3.12/site-packages/airflow/example_dags/tutorial_taskflow_api.py
[2025-04-13T18:23:19.915+0000] {processor.py:925} INFO - DAG(s) 'tutorial_taskflow_api' retrieved from /home/airflow/.local/lib/python3.12/site-packages/airflow/example_dags/tutorial_taskflow_api.py
[2025-04-13T18:23:25.046+0000] {logging_mixin.py:190} INFO - [2025-04-13T18:23:25.045+0000] {dag.py:3239} INFO - Sync 1 DAGs
[2025-04-13T18:23:25.858+0000] {logging_mixin.py:190} INFO - [2025-04-13T18:23:25.857+0000] {dag.py:4180} INFO - Setting next_dagrun for tutorial_taskflow_api to None, run_after=None
[2025-04-13T18:23:29.138+0000] {processor.py:208} INFO - Processing /home/airflow/.local/lib/python3.12/site-packages/airflow/example_dags/tutorial_taskflow_api.py took 13.122 seconds
[2025-04-13T20:52:12.396+0000] {processor.py:186} INFO - Started process (PID=131) to work on /home/airflow/.local/lib/python3.12/site-packages/airflow/example_dags/tutorial_taskflow_api.py
[2025-04-13T20:52:12.417+0000] {processor.py:914} INFO - Processing file /home/airflow/.local/lib/python3.12/site-packages/airflow/example_dags/tutorial_taskflow_api.py for tasks to queue
[2025-04-13T20:52:12.423+0000] {logging_mixin.py:190} INFO - [2025-04-13T20:52:12.422+0000] {dagbag.py:588} INFO - Filling up the DagBag from /home/airflow/.local/lib/python3.12/site-packages/airflow/example_dags/tutorial_taskflow_api.py
[2025-04-13T20:52:12.449+0000] {processor.py:925} INFO - DAG(s) 'tutorial_taskflow_api' retrieved from /home/airflow/.local/lib/python3.12/site-packages/airflow/example_dags/tutorial_taskflow_api.py
[2025-04-13T20:52:12.529+0000] {logging_mixin.py:190} INFO - [2025-04-13T20:52:12.529+0000] {dag.py:3239} INFO - Sync 1 DAGs
[2025-04-13T20:52:12.571+0000] {logging_mixin.py:190} INFO - [2025-04-13T20:52:12.570+0000] {dag.py:4180} INFO - Setting next_dagrun for tutorial_taskflow_api to None, run_after=None
[2025-04-13T20:52:12.631+0000] {processor.py:208} INFO - Processing /home/airflow/.local/lib/python3.12/site-packages/airflow/example_dags/tutorial_taskflow_api.py took 0.252 seconds
[2025-04-13T20:52:43.036+0000] {processor.py:186} INFO - Started process (PID=194) to work on /home/airflow/.local/lib/python3.12/site-packages/airflow/example_dags/tutorial_taskflow_api.py
[2025-04-13T20:52:43.037+0000] {processor.py:914} INFO - Processing file /home/airflow/.local/lib/python3.12/site-packages/airflow/example_dags/tutorial_taskflow_api.py for tasks to queue
[2025-04-13T20:52:43.042+0000] {logging_mixin.py:190} INFO - [2025-04-13T20:52:43.041+0000] {dagbag.py:588} INFO - Filling up the DagBag from /home/airflow/.local/lib/python3.12/site-packages/airflow/example_dags/tutorial_taskflow_api.py
[2025-04-13T20:52:43.055+0000] {processor.py:925} INFO - DAG(s) 'tutorial_taskflow_api' retrieved from /home/airflow/.local/lib/python3.12/site-packages/airflow/example_dags/tutorial_taskflow_api.py
[2025-04-13T20:52:43.104+0000] {logging_mixin.py:190} INFO - [2025-04-13T20:52:43.103+0000] {dag.py:3239} INFO - Sync 1 DAGs
[2025-04-13T20:52:43.141+0000] {logging_mixin.py:190} INFO - [2025-04-13T20:52:43.140+0000] {dag.py:4180} INFO - Setting next_dagrun for tutorial_taskflow_api to None, run_after=None
[2025-04-13T20:52:43.215+0000] {processor.py:208} INFO - Processing /home/airflow/.local/lib/python3.12/site-packages/airflow/example_dags/tutorial_taskflow_api.py took 0.188 seconds
[2025-04-13T20:53:14.237+0000] {processor.py:186} INFO - Started process (PID=257) to work on /home/airflow/.local/lib/python3.12/site-packages/airflow/example_dags/tutorial_taskflow_api.py
[2025-04-13T20:53:14.239+0000] {processor.py:914} INFO - Processing file /home/airflow/.local/lib/python3.12/site-packages/airflow/example_dags/tutorial_taskflow_api.py for tasks to queue
[2025-04-13T20:53:14.246+0000] {logging_mixin.py:190} INFO - [2025-04-13T20:53:14.245+0000] {dagbag.py:588} INFO - Filling up the DagBag from /home/airflow/.local/lib/python3.12/site-packages/airflow/example_dags/tutorial_taskflow_api.py
[2025-04-13T20:53:14.280+0000] {processor.py:925} INFO - DAG(s) 'tutorial_taskflow_api' retrieved from /home/airflow/.local/lib/python3.12/site-packages/airflow/example_dags/tutorial_taskflow_api.py
[2025-04-13T20:53:14.351+0000] {logging_mixin.py:190} INFO - [2025-04-13T20:53:14.351+0000] {dag.py:3239} INFO - Sync 1 DAGs
[2025-04-13T20:53:14.415+0000] {logging_mixin.py:190} INFO - [2025-04-13T20:53:14.414+0000] {dag.py:4180} INFO - Setting next_dagrun for tutorial_taskflow_api to None, run_after=None
[2025-04-13T20:53:14.464+0000] {processor.py:208} INFO - Processing /home/airflow/.local/lib/python3.12/site-packages/airflow/example_dags/tutorial_taskflow_api.py took 0.238 seconds
[2025-04-13T20:53:51.056+0000] {processor.py:186} INFO - Started process (PID=329) to work on /home/airflow/.local/lib/python3.12/site-packages/airflow/example_dags/tutorial_taskflow_api.py
[2025-04-13T20:53:51.060+0000] {processor.py:914} INFO - Processing file /home/airflow/.local/lib/python3.12/site-packages/airflow/example_dags/tutorial_taskflow_api.py for tasks to queue
[2025-04-13T20:53:51.066+0000] {logging_mixin.py:190} INFO - [2025-04-13T20:53:51.066+0000] {dagbag.py:588} INFO - Filling up the DagBag from /home/airflow/.local/lib/python3.12/site-packages/airflow/example_dags/tutorial_taskflow_api.py
[2025-04-13T20:53:51.089+0000] {processor.py:925} INFO - DAG(s) 'tutorial_taskflow_api' retrieved from /home/airflow/.local/lib/python3.12/site-packages/airflow/example_dags/tutorial_taskflow_api.py
[2025-04-13T20:53:51.246+0000] {logging_mixin.py:190} INFO - [2025-04-13T20:53:51.245+0000] {dag.py:3239} INFO - Sync 1 DAGs
[2025-04-13T20:53:51.372+0000] {logging_mixin.py:190} INFO - [2025-04-13T20:53:51.372+0000] {dag.py:4180} INFO - Setting next_dagrun for tutorial_taskflow_api to None, run_after=None
[2025-04-13T20:53:51.756+0000] {processor.py:208} INFO - Processing /home/airflow/.local/lib/python3.12/site-packages/airflow/example_dags/tutorial_taskflow_api.py took 0.715 seconds
[2025-04-13T20:54:28.495+0000] {processor.py:186} INFO - Started process (PID=396) to work on /home/airflow/.local/lib/python3.12/site-packages/airflow/example_dags/tutorial_taskflow_api.py
[2025-04-13T20:54:28.497+0000] {processor.py:914} INFO - Processing file /home/airflow/.local/lib/python3.12/site-packages/airflow/example_dags/tutorial_taskflow_api.py for tasks to queue
[2025-04-13T20:54:28.500+0000] {logging_mixin.py:190} INFO - [2025-04-13T20:54:28.500+0000] {dagbag.py:588} INFO - Filling up the DagBag from /home/airflow/.local/lib/python3.12/site-packages/airflow/example_dags/tutorial_taskflow_api.py
[2025-04-13T20:54:28.533+0000] {processor.py:925} INFO - DAG(s) 'tutorial_taskflow_api' retrieved from /home/airflow/.local/lib/python3.12/site-packages/airflow/example_dags/tutorial_taskflow_api.py
[2025-04-13T20:54:28.631+0000] {logging_mixin.py:190} INFO - [2025-04-13T20:54:28.629+0000] {dag.py:3239} INFO - Sync 1 DAGs
[2025-04-13T20:54:28.719+0000] {logging_mixin.py:190} INFO - [2025-04-13T20:54:28.718+0000] {dag.py:4180} INFO - Setting next_dagrun for tutorial_taskflow_api to None, run_after=None
[2025-04-13T20:54:28.787+0000] {processor.py:208} INFO - Processing /home/airflow/.local/lib/python3.12/site-packages/airflow/example_dags/tutorial_taskflow_api.py took 0.305 seconds
[2025-04-13T20:54:59.006+0000] {processor.py:186} INFO - Started process (PID=458) to work on /home/airflow/.local/lib/python3.12/site-packages/airflow/example_dags/tutorial_taskflow_api.py
[2025-04-13T20:54:59.008+0000] {processor.py:914} INFO - Processing file /home/airflow/.local/lib/python3.12/site-packages/airflow/example_dags/tutorial_taskflow_api.py for tasks to queue
[2025-04-13T20:54:59.013+0000] {logging_mixin.py:190} INFO - [2025-04-13T20:54:59.012+0000] {dagbag.py:588} INFO - Filling up the DagBag from /home/airflow/.local/lib/python3.12/site-packages/airflow/example_dags/tutorial_taskflow_api.py
[2025-04-13T20:54:59.030+0000] {processor.py:925} INFO - DAG(s) 'tutorial_taskflow_api' retrieved from /home/airflow/.local/lib/python3.12/site-packages/airflow/example_dags/tutorial_taskflow_api.py
[2025-04-13T20:54:59.075+0000] {logging_mixin.py:190} INFO - [2025-04-13T20:54:59.074+0000] {dag.py:3239} INFO - Sync 1 DAGs
[2025-04-13T20:54:59.119+0000] {logging_mixin.py:190} INFO - [2025-04-13T20:54:59.119+0000] {dag.py:4180} INFO - Setting next_dagrun for tutorial_taskflow_api to None, run_after=None
[2025-04-13T20:54:59.172+0000] {processor.py:208} INFO - Processing /home/airflow/.local/lib/python3.12/site-packages/airflow/example_dags/tutorial_taskflow_api.py took 0.177 seconds
[2025-04-13T20:55:30.423+0000] {processor.py:186} INFO - Started process (PID=522) to work on /home/airflow/.local/lib/python3.12/site-packages/airflow/example_dags/tutorial_taskflow_api.py
[2025-04-13T20:55:30.425+0000] {processor.py:914} INFO - Processing file /home/airflow/.local/lib/python3.12/site-packages/airflow/example_dags/tutorial_taskflow_api.py for tasks to queue
[2025-04-13T20:55:30.433+0000] {logging_mixin.py:190} INFO - [2025-04-13T20:55:30.433+0000] {dagbag.py:588} INFO - Filling up the DagBag from /home/airflow/.local/lib/python3.12/site-packages/airflow/example_dags/tutorial_taskflow_api.py
[2025-04-13T20:55:30.450+0000] {processor.py:925} INFO - DAG(s) 'tutorial_taskflow_api' retrieved from /home/airflow/.local/lib/python3.12/site-packages/airflow/example_dags/tutorial_taskflow_api.py
[2025-04-13T20:55:30.574+0000] {logging_mixin.py:190} INFO - [2025-04-13T20:55:30.573+0000] {dag.py:3239} INFO - Sync 1 DAGs
[2025-04-13T20:55:30.632+0000] {logging_mixin.py:190} INFO - [2025-04-13T20:55:30.627+0000] {dag.py:4180} INFO - Setting next_dagrun for tutorial_taskflow_api to None, run_after=None
[2025-04-13T20:55:30.697+0000] {processor.py:208} INFO - Processing /home/airflow/.local/lib/python3.12/site-packages/airflow/example_dags/tutorial_taskflow_api.py took 0.305 seconds
[2025-04-13T20:56:01.037+0000] {processor.py:186} INFO - Started process (PID=586) to work on /home/airflow/.local/lib/python3.12/site-packages/airflow/example_dags/tutorial_taskflow_api.py
[2025-04-13T20:56:01.040+0000] {processor.py:914} INFO - Processing file /home/airflow/.local/lib/python3.12/site-packages/airflow/example_dags/tutorial_taskflow_api.py for tasks to queue
[2025-04-13T20:56:01.043+0000] {logging_mixin.py:190} INFO - [2025-04-13T20:56:01.043+0000] {dagbag.py:588} INFO - Filling up the DagBag from /home/airflow/.local/lib/python3.12/site-packages/airflow/example_dags/tutorial_taskflow_api.py
[2025-04-13T20:56:01.061+0000] {processor.py:925} INFO - DAG(s) 'tutorial_taskflow_api' retrieved from /home/airflow/.local/lib/python3.12/site-packages/airflow/example_dags/tutorial_taskflow_api.py
[2025-04-13T20:56:01.114+0000] {logging_mixin.py:190} INFO - [2025-04-13T20:56:01.113+0000] {dag.py:3239} INFO - Sync 1 DAGs
[2025-04-13T20:56:01.150+0000] {logging_mixin.py:190} INFO - [2025-04-13T20:56:01.150+0000] {dag.py:4180} INFO - Setting next_dagrun for tutorial_taskflow_api to None, run_after=None
[2025-04-13T20:56:01.193+0000] {processor.py:208} INFO - Processing /home/airflow/.local/lib/python3.12/site-packages/airflow/example_dags/tutorial_taskflow_api.py took 0.187 seconds
[2025-04-13T20:56:31.486+0000] {processor.py:186} INFO - Started process (PID=649) to work on /home/airflow/.local/lib/python3.12/site-packages/airflow/example_dags/tutorial_taskflow_api.py
[2025-04-13T20:56:31.488+0000] {processor.py:914} INFO - Processing file /home/airflow/.local/lib/python3.12/site-packages/airflow/example_dags/tutorial_taskflow_api.py for tasks to queue
[2025-04-13T20:56:31.494+0000] {logging_mixin.py:190} INFO - [2025-04-13T20:56:31.494+0000] {dagbag.py:588} INFO - Filling up the DagBag from /home/airflow/.local/lib/python3.12/site-packages/airflow/example_dags/tutorial_taskflow_api.py
[2025-04-13T20:56:31.512+0000] {processor.py:925} INFO - DAG(s) 'tutorial_taskflow_api' retrieved from /home/airflow/.local/lib/python3.12/site-packages/airflow/example_dags/tutorial_taskflow_api.py
[2025-04-13T20:56:31.558+0000] {logging_mixin.py:190} INFO - [2025-04-13T20:56:31.558+0000] {dag.py:3239} INFO - Sync 1 DAGs
[2025-04-13T20:56:31.586+0000] {logging_mixin.py:190} INFO - [2025-04-13T20:56:31.586+0000] {dag.py:4180} INFO - Setting next_dagrun for tutorial_taskflow_api to None, run_after=None
[2025-04-13T20:56:31.627+0000] {processor.py:208} INFO - Processing /home/airflow/.local/lib/python3.12/site-packages/airflow/example_dags/tutorial_taskflow_api.py took 0.153 seconds
[2025-04-13T20:57:02.274+0000] {processor.py:186} INFO - Started process (PID=713) to work on /home/airflow/.local/lib/python3.12/site-packages/airflow/example_dags/tutorial_taskflow_api.py
[2025-04-13T20:57:02.276+0000] {processor.py:914} INFO - Processing file /home/airflow/.local/lib/python3.12/site-packages/airflow/example_dags/tutorial_taskflow_api.py for tasks to queue
[2025-04-13T20:57:02.279+0000] {logging_mixin.py:190} INFO - [2025-04-13T20:57:02.279+0000] {dagbag.py:588} INFO - Filling up the DagBag from /home/airflow/.local/lib/python3.12/site-packages/airflow/example_dags/tutorial_taskflow_api.py
[2025-04-13T20:57:02.296+0000] {processor.py:925} INFO - DAG(s) 'tutorial_taskflow_api' retrieved from /home/airflow/.local/lib/python3.12/site-packages/airflow/example_dags/tutorial_taskflow_api.py
[2025-04-13T20:57:02.371+0000] {logging_mixin.py:190} INFO - [2025-04-13T20:57:02.371+0000] {dag.py:3239} INFO - Sync 1 DAGs
[2025-04-13T20:57:02.398+0000] {logging_mixin.py:190} INFO - [2025-04-13T20:57:02.397+0000] {dag.py:4180} INFO - Setting next_dagrun for tutorial_taskflow_api to None, run_after=None
[2025-04-13T20:57:02.446+0000] {processor.py:208} INFO - Processing /home/airflow/.local/lib/python3.12/site-packages/airflow/example_dags/tutorial_taskflow_api.py took 0.182 seconds
[2025-04-13T20:57:35.693+0000] {processor.py:186} INFO - Started process (PID=777) to work on /home/airflow/.local/lib/python3.12/site-packages/airflow/example_dags/tutorial_taskflow_api.py
[2025-04-13T20:57:35.696+0000] {processor.py:914} INFO - Processing file /home/airflow/.local/lib/python3.12/site-packages/airflow/example_dags/tutorial_taskflow_api.py for tasks to queue
[2025-04-13T20:57:35.700+0000] {logging_mixin.py:190} INFO - [2025-04-13T20:57:35.699+0000] {dagbag.py:588} INFO - Filling up the DagBag from /home/airflow/.local/lib/python3.12/site-packages/airflow/example_dags/tutorial_taskflow_api.py
[2025-04-13T20:57:35.722+0000] {processor.py:925} INFO - DAG(s) 'tutorial_taskflow_api' retrieved from /home/airflow/.local/lib/python3.12/site-packages/airflow/example_dags/tutorial_taskflow_api.py
[2025-04-13T20:57:35.824+0000] {logging_mixin.py:190} INFO - [2025-04-13T20:57:35.824+0000] {dag.py:3239} INFO - Sync 1 DAGs
[2025-04-13T20:57:35.927+0000] {logging_mixin.py:190} INFO - [2025-04-13T20:57:35.927+0000] {dag.py:4180} INFO - Setting next_dagrun for tutorial_taskflow_api to None, run_after=None
[2025-04-13T20:57:35.990+0000] {processor.py:208} INFO - Processing /home/airflow/.local/lib/python3.12/site-packages/airflow/example_dags/tutorial_taskflow_api.py took 0.309 seconds
[2025-04-13T20:58:13.616+0000] {processor.py:186} INFO - Started process (PID=843) to work on /home/airflow/.local/lib/python3.12/site-packages/airflow/example_dags/tutorial_taskflow_api.py
[2025-04-13T20:58:13.620+0000] {processor.py:914} INFO - Processing file /home/airflow/.local/lib/python3.12/site-packages/airflow/example_dags/tutorial_taskflow_api.py for tasks to queue
[2025-04-13T20:58:13.637+0000] {logging_mixin.py:190} INFO - [2025-04-13T20:58:13.635+0000] {dagbag.py:588} INFO - Filling up the DagBag from /home/airflow/.local/lib/python3.12/site-packages/airflow/example_dags/tutorial_taskflow_api.py
[2025-04-13T20:58:13.700+0000] {processor.py:925} INFO - DAG(s) 'tutorial_taskflow_api' retrieved from /home/airflow/.local/lib/python3.12/site-packages/airflow/example_dags/tutorial_taskflow_api.py
[2025-04-13T20:58:13.784+0000] {logging_mixin.py:190} INFO - [2025-04-13T20:58:13.784+0000] {dag.py:3239} INFO - Sync 1 DAGs
[2025-04-13T20:58:13.826+0000] {logging_mixin.py:190} INFO - [2025-04-13T20:58:13.825+0000] {dag.py:4180} INFO - Setting next_dagrun for tutorial_taskflow_api to None, run_after=None
[2025-04-13T20:58:13.923+0000] {processor.py:208} INFO - Processing /home/airflow/.local/lib/python3.12/site-packages/airflow/example_dags/tutorial_taskflow_api.py took 0.329 seconds
[2025-04-13T20:58:44.226+0000] {processor.py:186} INFO - Started process (PID=906) to work on /home/airflow/.local/lib/python3.12/site-packages/airflow/example_dags/tutorial_taskflow_api.py
[2025-04-13T20:58:44.231+0000] {processor.py:914} INFO - Processing file /home/airflow/.local/lib/python3.12/site-packages/airflow/example_dags/tutorial_taskflow_api.py for tasks to queue
[2025-04-13T20:58:44.254+0000] {logging_mixin.py:190} INFO - [2025-04-13T20:58:44.246+0000] {dagbag.py:588} INFO - Filling up the DagBag from /home/airflow/.local/lib/python3.12/site-packages/airflow/example_dags/tutorial_taskflow_api.py
[2025-04-13T20:58:44.298+0000] {processor.py:925} INFO - DAG(s) 'tutorial_taskflow_api' retrieved from /home/airflow/.local/lib/python3.12/site-packages/airflow/example_dags/tutorial_taskflow_api.py
[2025-04-13T20:58:44.349+0000] {logging_mixin.py:190} INFO - [2025-04-13T20:58:44.349+0000] {dag.py:3239} INFO - Sync 1 DAGs
[2025-04-13T20:58:44.403+0000] {logging_mixin.py:190} INFO - [2025-04-13T20:58:44.402+0000] {dag.py:4180} INFO - Setting next_dagrun for tutorial_taskflow_api to None, run_after=None
[2025-04-13T20:58:44.442+0000] {processor.py:208} INFO - Processing /home/airflow/.local/lib/python3.12/site-packages/airflow/example_dags/tutorial_taskflow_api.py took 0.226 seconds
[2025-04-13T20:59:14.520+0000] {processor.py:186} INFO - Started process (PID=969) to work on /home/airflow/.local/lib/python3.12/site-packages/airflow/example_dags/tutorial_taskflow_api.py
[2025-04-13T20:59:14.521+0000] {processor.py:914} INFO - Processing file /home/airflow/.local/lib/python3.12/site-packages/airflow/example_dags/tutorial_taskflow_api.py for tasks to queue
[2025-04-13T20:59:14.525+0000] {logging_mixin.py:190} INFO - [2025-04-13T20:59:14.525+0000] {dagbag.py:588} INFO - Filling up the DagBag from /home/airflow/.local/lib/python3.12/site-packages/airflow/example_dags/tutorial_taskflow_api.py
[2025-04-13T20:59:14.537+0000] {processor.py:925} INFO - DAG(s) 'tutorial_taskflow_api' retrieved from /home/airflow/.local/lib/python3.12/site-packages/airflow/example_dags/tutorial_taskflow_api.py
[2025-04-13T20:59:14.575+0000] {logging_mixin.py:190} INFO - [2025-04-13T20:59:14.574+0000] {dag.py:3239} INFO - Sync 1 DAGs
[2025-04-13T20:59:14.603+0000] {logging_mixin.py:190} INFO - [2025-04-13T20:59:14.602+0000] {dag.py:4180} INFO - Setting next_dagrun for tutorial_taskflow_api to None, run_after=None
[2025-04-13T20:59:14.632+0000] {processor.py:208} INFO - Processing /home/airflow/.local/lib/python3.12/site-packages/airflow/example_dags/tutorial_taskflow_api.py took 0.124 seconds
[2025-04-13T20:59:44.730+0000] {processor.py:186} INFO - Started process (PID=1032) to work on /home/airflow/.local/lib/python3.12/site-packages/airflow/example_dags/tutorial_taskflow_api.py
[2025-04-13T20:59:44.732+0000] {processor.py:914} INFO - Processing file /home/airflow/.local/lib/python3.12/site-packages/airflow/example_dags/tutorial_taskflow_api.py for tasks to queue
[2025-04-13T20:59:44.738+0000] {logging_mixin.py:190} INFO - [2025-04-13T20:59:44.737+0000] {dagbag.py:588} INFO - Filling up the DagBag from /home/airflow/.local/lib/python3.12/site-packages/airflow/example_dags/tutorial_taskflow_api.py
[2025-04-13T20:59:44.759+0000] {processor.py:925} INFO - DAG(s) 'tutorial_taskflow_api' retrieved from /home/airflow/.local/lib/python3.12/site-packages/airflow/example_dags/tutorial_taskflow_api.py
[2025-04-13T20:59:44.798+0000] {logging_mixin.py:190} INFO - [2025-04-13T20:59:44.795+0000] {dag.py:3239} INFO - Sync 1 DAGs
[2025-04-13T20:59:44.824+0000] {logging_mixin.py:190} INFO - [2025-04-13T20:59:44.823+0000] {dag.py:4180} INFO - Setting next_dagrun for tutorial_taskflow_api to None, run_after=None
[2025-04-13T20:59:44.850+0000] {processor.py:208} INFO - Processing /home/airflow/.local/lib/python3.12/site-packages/airflow/example_dags/tutorial_taskflow_api.py took 0.142 seconds
[2025-04-13T21:00:18.811+0000] {processor.py:186} INFO - Started process (PID=1097) to work on /home/airflow/.local/lib/python3.12/site-packages/airflow/example_dags/tutorial_taskflow_api.py
[2025-04-13T21:00:18.812+0000] {processor.py:914} INFO - Processing file /home/airflow/.local/lib/python3.12/site-packages/airflow/example_dags/tutorial_taskflow_api.py for tasks to queue
[2025-04-13T21:00:18.815+0000] {logging_mixin.py:190} INFO - [2025-04-13T21:00:18.815+0000] {dagbag.py:588} INFO - Filling up the DagBag from /home/airflow/.local/lib/python3.12/site-packages/airflow/example_dags/tutorial_taskflow_api.py
[2025-04-13T21:00:18.831+0000] {processor.py:925} INFO - DAG(s) 'tutorial_taskflow_api' retrieved from /home/airflow/.local/lib/python3.12/site-packages/airflow/example_dags/tutorial_taskflow_api.py
[2025-04-13T21:00:18.873+0000] {logging_mixin.py:190} INFO - [2025-04-13T21:00:18.873+0000] {dag.py:3239} INFO - Sync 1 DAGs
[2025-04-13T21:00:18.914+0000] {logging_mixin.py:190} INFO - [2025-04-13T21:00:18.914+0000] {dag.py:4180} INFO - Setting next_dagrun for tutorial_taskflow_api to None, run_after=None
[2025-04-13T21:00:19.024+0000] {processor.py:208} INFO - Processing /home/airflow/.local/lib/python3.12/site-packages/airflow/example_dags/tutorial_taskflow_api.py took 0.234 seconds
[2025-04-13T21:00:52.111+0000] {processor.py:186} INFO - Started process (PID=1161) to work on /home/airflow/.local/lib/python3.12/site-packages/airflow/example_dags/tutorial_taskflow_api.py
[2025-04-13T21:00:52.118+0000] {processor.py:914} INFO - Processing file /home/airflow/.local/lib/python3.12/site-packages/airflow/example_dags/tutorial_taskflow_api.py for tasks to queue
[2025-04-13T21:00:52.124+0000] {logging_mixin.py:190} INFO - [2025-04-13T21:00:52.124+0000] {dagbag.py:588} INFO - Filling up the DagBag from /home/airflow/.local/lib/python3.12/site-packages/airflow/example_dags/tutorial_taskflow_api.py
[2025-04-13T21:00:52.155+0000] {processor.py:925} INFO - DAG(s) 'tutorial_taskflow_api' retrieved from /home/airflow/.local/lib/python3.12/site-packages/airflow/example_dags/tutorial_taskflow_api.py
[2025-04-13T21:00:52.233+0000] {logging_mixin.py:190} INFO - [2025-04-13T21:00:52.233+0000] {dag.py:3239} INFO - Sync 1 DAGs
[2025-04-13T21:00:52.378+0000] {logging_mixin.py:190} INFO - [2025-04-13T21:00:52.377+0000] {dag.py:4180} INFO - Setting next_dagrun for tutorial_taskflow_api to None, run_after=None
[2025-04-13T21:00:52.483+0000] {processor.py:208} INFO - Processing /home/airflow/.local/lib/python3.12/site-packages/airflow/example_dags/tutorial_taskflow_api.py took 0.398 seconds
[2025-04-13T21:30:05.647+0000] {processor.py:186} INFO - Started process (PID=239) to work on /home/airflow/.local/lib/python3.12/site-packages/airflow/example_dags/tutorial_taskflow_api.py
[2025-04-13T21:30:05.674+0000] {processor.py:914} INFO - Processing file /home/airflow/.local/lib/python3.12/site-packages/airflow/example_dags/tutorial_taskflow_api.py for tasks to queue
[2025-04-13T21:30:05.692+0000] {logging_mixin.py:190} INFO - [2025-04-13T21:30:05.692+0000] {dagbag.py:588} INFO - Filling up the DagBag from /home/airflow/.local/lib/python3.12/site-packages/airflow/example_dags/tutorial_taskflow_api.py
[2025-04-13T21:30:05.971+0000] {processor.py:925} INFO - DAG(s) 'tutorial_taskflow_api' retrieved from /home/airflow/.local/lib/python3.12/site-packages/airflow/example_dags/tutorial_taskflow_api.py
[2025-04-13T21:30:07.633+0000] {logging_mixin.py:190} INFO - [2025-04-13T21:30:07.632+0000] {dag.py:3239} INFO - Sync 1 DAGs
[2025-04-13T21:30:08.188+0000] {logging_mixin.py:190} INFO - [2025-04-13T21:30:08.188+0000] {dag.py:4180} INFO - Setting next_dagrun for tutorial_taskflow_api to None, run_after=None
[2025-04-13T21:30:08.878+0000] {processor.py:208} INFO - Processing /home/airflow/.local/lib/python3.12/site-packages/airflow/example_dags/tutorial_taskflow_api.py took 3.614 seconds
[2025-04-13T21:34:45.224+0000] {processor.py:186} INFO - Started process (PID=347) to work on /home/airflow/.local/lib/python3.12/site-packages/airflow/example_dags/tutorial_taskflow_api.py
[2025-04-13T21:34:45.269+0000] {processor.py:914} INFO - Processing file /home/airflow/.local/lib/python3.12/site-packages/airflow/example_dags/tutorial_taskflow_api.py for tasks to queue
[2025-04-13T21:34:45.393+0000] {logging_mixin.py:190} INFO - [2025-04-13T21:34:45.393+0000] {dagbag.py:588} INFO - Filling up the DagBag from /home/airflow/.local/lib/python3.12/site-packages/airflow/example_dags/tutorial_taskflow_api.py
[2025-04-13T21:34:45.626+0000] {processor.py:925} INFO - DAG(s) 'tutorial_taskflow_api' retrieved from /home/airflow/.local/lib/python3.12/site-packages/airflow/example_dags/tutorial_taskflow_api.py
[2025-04-13T21:34:46.686+0000] {logging_mixin.py:190} INFO - [2025-04-13T21:34:46.686+0000] {dag.py:3239} INFO - Sync 1 DAGs
[2025-04-13T21:34:47.032+0000] {logging_mixin.py:190} INFO - [2025-04-13T21:34:47.009+0000] {dag.py:4180} INFO - Setting next_dagrun for tutorial_taskflow_api to None, run_after=None
[2025-04-13T21:34:47.585+0000] {processor.py:208} INFO - Processing /home/airflow/.local/lib/python3.12/site-packages/airflow/example_dags/tutorial_taskflow_api.py took 2.470 seconds
[2025-04-13T22:32:11.950+0000] {processor.py:186} INFO - Started process (PID=147) to work on /home/airflow/.local/lib/python3.12/site-packages/airflow/example_dags/tutorial_taskflow_api.py
[2025-04-13T22:32:11.955+0000] {processor.py:914} INFO - Processing file /home/airflow/.local/lib/python3.12/site-packages/airflow/example_dags/tutorial_taskflow_api.py for tasks to queue
[2025-04-13T22:32:11.981+0000] {logging_mixin.py:190} INFO - [2025-04-13T22:32:11.980+0000] {dagbag.py:588} INFO - Filling up the DagBag from /home/airflow/.local/lib/python3.12/site-packages/airflow/example_dags/tutorial_taskflow_api.py
[2025-04-13T22:32:12.132+0000] {processor.py:925} INFO - DAG(s) 'tutorial_taskflow_api' retrieved from /home/airflow/.local/lib/python3.12/site-packages/airflow/example_dags/tutorial_taskflow_api.py
[2025-04-13T22:32:12.350+0000] {logging_mixin.py:190} INFO - [2025-04-13T22:32:12.349+0000] {dag.py:3239} INFO - Sync 1 DAGs
[2025-04-13T22:32:12.494+0000] {logging_mixin.py:190} INFO - [2025-04-13T22:32:12.493+0000] {dag.py:4180} INFO - Setting next_dagrun for tutorial_taskflow_api to None, run_after=None
[2025-04-13T22:32:12.785+0000] {processor.py:208} INFO - Processing /home/airflow/.local/lib/python3.12/site-packages/airflow/example_dags/tutorial_taskflow_api.py took 0.942 seconds
[2025-04-13T22:32:47.544+0000] {processor.py:186} INFO - Started process (PID=211) to work on /home/airflow/.local/lib/python3.12/site-packages/airflow/example_dags/tutorial_taskflow_api.py
[2025-04-13T22:32:47.556+0000] {processor.py:914} INFO - Processing file /home/airflow/.local/lib/python3.12/site-packages/airflow/example_dags/tutorial_taskflow_api.py for tasks to queue
[2025-04-13T22:32:47.564+0000] {logging_mixin.py:190} INFO - [2025-04-13T22:32:47.563+0000] {dagbag.py:588} INFO - Filling up the DagBag from /home/airflow/.local/lib/python3.12/site-packages/airflow/example_dags/tutorial_taskflow_api.py
[2025-04-13T22:32:47.713+0000] {processor.py:925} INFO - DAG(s) 'tutorial_taskflow_api' retrieved from /home/airflow/.local/lib/python3.12/site-packages/airflow/example_dags/tutorial_taskflow_api.py
[2025-04-13T22:32:47.954+0000] {logging_mixin.py:190} INFO - [2025-04-13T22:32:47.954+0000] {dag.py:3239} INFO - Sync 1 DAGs
[2025-04-13T22:32:48.070+0000] {logging_mixin.py:190} INFO - [2025-04-13T22:32:48.069+0000] {dag.py:4180} INFO - Setting next_dagrun for tutorial_taskflow_api to None, run_after=None
[2025-04-13T22:32:48.219+0000] {processor.py:208} INFO - Processing /home/airflow/.local/lib/python3.12/site-packages/airflow/example_dags/tutorial_taskflow_api.py took 0.750 seconds
[2025-04-13T22:33:21.016+0000] {processor.py:186} INFO - Started process (PID=275) to work on /home/airflow/.local/lib/python3.12/site-packages/airflow/example_dags/tutorial_taskflow_api.py
[2025-04-13T22:33:21.019+0000] {processor.py:914} INFO - Processing file /home/airflow/.local/lib/python3.12/site-packages/airflow/example_dags/tutorial_taskflow_api.py for tasks to queue
[2025-04-13T22:33:21.027+0000] {logging_mixin.py:190} INFO - [2025-04-13T22:33:21.026+0000] {dagbag.py:588} INFO - Filling up the DagBag from /home/airflow/.local/lib/python3.12/site-packages/airflow/example_dags/tutorial_taskflow_api.py
[2025-04-13T22:33:21.060+0000] {processor.py:925} INFO - DAG(s) 'tutorial_taskflow_api' retrieved from /home/airflow/.local/lib/python3.12/site-packages/airflow/example_dags/tutorial_taskflow_api.py
[2025-04-13T22:33:21.149+0000] {logging_mixin.py:190} INFO - [2025-04-13T22:33:21.149+0000] {dag.py:3239} INFO - Sync 1 DAGs
[2025-04-13T22:33:21.216+0000] {logging_mixin.py:190} INFO - [2025-04-13T22:33:21.216+0000] {dag.py:4180} INFO - Setting next_dagrun for tutorial_taskflow_api to None, run_after=None
[2025-04-13T22:33:21.275+0000] {processor.py:208} INFO - Processing /home/airflow/.local/lib/python3.12/site-packages/airflow/example_dags/tutorial_taskflow_api.py took 0.274 seconds
[2025-04-13T22:33:54.112+0000] {processor.py:186} INFO - Started process (PID=339) to work on /home/airflow/.local/lib/python3.12/site-packages/airflow/example_dags/tutorial_taskflow_api.py
[2025-04-13T22:33:54.116+0000] {processor.py:914} INFO - Processing file /home/airflow/.local/lib/python3.12/site-packages/airflow/example_dags/tutorial_taskflow_api.py for tasks to queue
[2025-04-13T22:33:54.123+0000] {logging_mixin.py:190} INFO - [2025-04-13T22:33:54.122+0000] {dagbag.py:588} INFO - Filling up the DagBag from /home/airflow/.local/lib/python3.12/site-packages/airflow/example_dags/tutorial_taskflow_api.py
[2025-04-13T22:33:54.164+0000] {processor.py:925} INFO - DAG(s) 'tutorial_taskflow_api' retrieved from /home/airflow/.local/lib/python3.12/site-packages/airflow/example_dags/tutorial_taskflow_api.py
[2025-04-13T22:33:54.260+0000] {logging_mixin.py:190} INFO - [2025-04-13T22:33:54.259+0000] {dag.py:3239} INFO - Sync 1 DAGs
[2025-04-13T22:33:54.305+0000] {logging_mixin.py:190} INFO - [2025-04-13T22:33:54.305+0000] {dag.py:4180} INFO - Setting next_dagrun for tutorial_taskflow_api to None, run_after=None
[2025-04-13T22:33:54.374+0000] {processor.py:208} INFO - Processing /home/airflow/.local/lib/python3.12/site-packages/airflow/example_dags/tutorial_taskflow_api.py took 0.276 seconds
[2025-04-13T22:34:33.391+0000] {processor.py:186} INFO - Started process (PID=409) to work on /home/airflow/.local/lib/python3.12/site-packages/airflow/example_dags/tutorial_taskflow_api.py
[2025-04-13T22:34:33.408+0000] {processor.py:914} INFO - Processing file /home/airflow/.local/lib/python3.12/site-packages/airflow/example_dags/tutorial_taskflow_api.py for tasks to queue
[2025-04-13T22:34:33.425+0000] {logging_mixin.py:190} INFO - [2025-04-13T22:34:33.425+0000] {dagbag.py:588} INFO - Filling up the DagBag from /home/airflow/.local/lib/python3.12/site-packages/airflow/example_dags/tutorial_taskflow_api.py
[2025-04-13T22:34:33.455+0000] {processor.py:925} INFO - DAG(s) 'tutorial_taskflow_api' retrieved from /home/airflow/.local/lib/python3.12/site-packages/airflow/example_dags/tutorial_taskflow_api.py
[2025-04-13T22:34:33.571+0000] {logging_mixin.py:190} INFO - [2025-04-13T22:34:33.571+0000] {dag.py:3239} INFO - Sync 1 DAGs
[2025-04-13T22:34:33.619+0000] {logging_mixin.py:190} INFO - [2025-04-13T22:34:33.618+0000] {dag.py:4180} INFO - Setting next_dagrun for tutorial_taskflow_api to None, run_after=None
[2025-04-13T22:34:33.681+0000] {processor.py:208} INFO - Processing /home/airflow/.local/lib/python3.12/site-packages/airflow/example_dags/tutorial_taskflow_api.py took 0.311 seconds
[2025-04-13T22:35:22.695+0000] {processor.py:186} INFO - Started process (PID=485) to work on /home/airflow/.local/lib/python3.12/site-packages/airflow/example_dags/tutorial_taskflow_api.py
[2025-04-13T22:35:22.703+0000] {processor.py:914} INFO - Processing file /home/airflow/.local/lib/python3.12/site-packages/airflow/example_dags/tutorial_taskflow_api.py for tasks to queue
[2025-04-13T22:35:22.714+0000] {logging_mixin.py:190} INFO - [2025-04-13T22:35:22.713+0000] {dagbag.py:588} INFO - Filling up the DagBag from /home/airflow/.local/lib/python3.12/site-packages/airflow/example_dags/tutorial_taskflow_api.py
[2025-04-13T22:35:22.755+0000] {processor.py:925} INFO - DAG(s) 'tutorial_taskflow_api' retrieved from /home/airflow/.local/lib/python3.12/site-packages/airflow/example_dags/tutorial_taskflow_api.py
[2025-04-13T22:35:22.868+0000] {logging_mixin.py:190} INFO - [2025-04-13T22:35:22.868+0000] {dag.py:3239} INFO - Sync 1 DAGs
[2025-04-13T22:35:22.951+0000] {logging_mixin.py:190} INFO - [2025-04-13T22:35:22.951+0000] {dag.py:4180} INFO - Setting next_dagrun for tutorial_taskflow_api to None, run_after=None
[2025-04-13T22:35:23.037+0000] {processor.py:208} INFO - Processing /home/airflow/.local/lib/python3.12/site-packages/airflow/example_dags/tutorial_taskflow_api.py took 0.372 seconds
[2025-04-13T22:36:03.761+0000] {processor.py:186} INFO - Started process (PID=562) to work on /home/airflow/.local/lib/python3.12/site-packages/airflow/example_dags/tutorial_taskflow_api.py
[2025-04-13T22:36:03.763+0000] {processor.py:914} INFO - Processing file /home/airflow/.local/lib/python3.12/site-packages/airflow/example_dags/tutorial_taskflow_api.py for tasks to queue
[2025-04-13T22:36:03.783+0000] {logging_mixin.py:190} INFO - [2025-04-13T22:36:03.782+0000] {dagbag.py:588} INFO - Filling up the DagBag from /home/airflow/.local/lib/python3.12/site-packages/airflow/example_dags/tutorial_taskflow_api.py
[2025-04-13T22:36:03.817+0000] {processor.py:925} INFO - DAG(s) 'tutorial_taskflow_api' retrieved from /home/airflow/.local/lib/python3.12/site-packages/airflow/example_dags/tutorial_taskflow_api.py
[2025-04-13T22:36:03.929+0000] {logging_mixin.py:190} INFO - [2025-04-13T22:36:03.919+0000] {dag.py:3239} INFO - Sync 1 DAGs
[2025-04-13T22:36:04.009+0000] {logging_mixin.py:190} INFO - [2025-04-13T22:36:04.009+0000] {dag.py:4180} INFO - Setting next_dagrun for tutorial_taskflow_api to None, run_after=None
[2025-04-13T22:36:04.142+0000] {processor.py:208} INFO - Processing /home/airflow/.local/lib/python3.12/site-packages/airflow/example_dags/tutorial_taskflow_api.py took 0.399 seconds
[2025-04-13T22:36:42.535+0000] {processor.py:186} INFO - Started process (PID=626) to work on /home/airflow/.local/lib/python3.12/site-packages/airflow/example_dags/tutorial_taskflow_api.py
[2025-04-13T22:36:42.537+0000] {processor.py:914} INFO - Processing file /home/airflow/.local/lib/python3.12/site-packages/airflow/example_dags/tutorial_taskflow_api.py for tasks to queue
[2025-04-13T22:36:42.544+0000] {logging_mixin.py:190} INFO - [2025-04-13T22:36:42.543+0000] {dagbag.py:588} INFO - Filling up the DagBag from /home/airflow/.local/lib/python3.12/site-packages/airflow/example_dags/tutorial_taskflow_api.py
[2025-04-13T22:36:42.585+0000] {processor.py:925} INFO - DAG(s) 'tutorial_taskflow_api' retrieved from /home/airflow/.local/lib/python3.12/site-packages/airflow/example_dags/tutorial_taskflow_api.py
[2025-04-13T22:36:42.698+0000] {logging_mixin.py:190} INFO - [2025-04-13T22:36:42.695+0000] {dag.py:3239} INFO - Sync 1 DAGs
[2025-04-13T22:36:42.767+0000] {logging_mixin.py:190} INFO - [2025-04-13T22:36:42.767+0000] {dag.py:4180} INFO - Setting next_dagrun for tutorial_taskflow_api to None, run_after=None
[2025-04-13T22:36:42.978+0000] {processor.py:208} INFO - Processing /home/airflow/.local/lib/python3.12/site-packages/airflow/example_dags/tutorial_taskflow_api.py took 0.483 seconds
[2025-04-13T22:37:45.152+0000] {processor.py:186} INFO - Started process (PID=704) to work on /home/airflow/.local/lib/python3.12/site-packages/airflow/example_dags/tutorial_taskflow_api.py
[2025-04-13T22:37:45.157+0000] {processor.py:914} INFO - Processing file /home/airflow/.local/lib/python3.12/site-packages/airflow/example_dags/tutorial_taskflow_api.py for tasks to queue
[2025-04-13T22:37:45.174+0000] {logging_mixin.py:190} INFO - [2025-04-13T22:37:45.173+0000] {dagbag.py:588} INFO - Filling up the DagBag from /home/airflow/.local/lib/python3.12/site-packages/airflow/example_dags/tutorial_taskflow_api.py
[2025-04-13T22:37:45.223+0000] {processor.py:925} INFO - DAG(s) 'tutorial_taskflow_api' retrieved from /home/airflow/.local/lib/python3.12/site-packages/airflow/example_dags/tutorial_taskflow_api.py
[2025-04-13T22:37:45.679+0000] {logging_mixin.py:190} INFO - [2025-04-13T22:37:45.678+0000] {dag.py:3239} INFO - Sync 1 DAGs
[2025-04-13T22:37:45.858+0000] {logging_mixin.py:190} INFO - [2025-04-13T22:37:45.844+0000] {dag.py:4180} INFO - Setting next_dagrun for tutorial_taskflow_api to None, run_after=None
[2025-04-13T22:37:46.121+0000] {processor.py:208} INFO - Processing /home/airflow/.local/lib/python3.12/site-packages/airflow/example_dags/tutorial_taskflow_api.py took 1.147 seconds
[2025-04-13T22:38:24.270+0000] {processor.py:186} INFO - Started process (PID=768) to work on /home/airflow/.local/lib/python3.12/site-packages/airflow/example_dags/tutorial_taskflow_api.py
[2025-04-13T22:38:24.304+0000] {processor.py:914} INFO - Processing file /home/airflow/.local/lib/python3.12/site-packages/airflow/example_dags/tutorial_taskflow_api.py for tasks to queue
[2025-04-13T22:38:24.318+0000] {logging_mixin.py:190} INFO - [2025-04-13T22:38:24.317+0000] {dagbag.py:588} INFO - Filling up the DagBag from /home/airflow/.local/lib/python3.12/site-packages/airflow/example_dags/tutorial_taskflow_api.py
[2025-04-13T22:38:24.396+0000] {processor.py:925} INFO - DAG(s) 'tutorial_taskflow_api' retrieved from /home/airflow/.local/lib/python3.12/site-packages/airflow/example_dags/tutorial_taskflow_api.py
[2025-04-13T22:38:24.645+0000] {logging_mixin.py:190} INFO - [2025-04-13T22:38:24.643+0000] {dag.py:3239} INFO - Sync 1 DAGs
[2025-04-13T22:38:24.897+0000] {logging_mixin.py:190} INFO - [2025-04-13T22:38:24.897+0000] {dag.py:4180} INFO - Setting next_dagrun for tutorial_taskflow_api to None, run_after=None
[2025-04-13T22:38:25.039+0000] {processor.py:208} INFO - Processing /home/airflow/.local/lib/python3.12/site-packages/airflow/example_dags/tutorial_taskflow_api.py took 0.802 seconds
[2025-04-13T22:39:06.811+0000] {processor.py:186} INFO - Started process (PID=841) to work on /home/airflow/.local/lib/python3.12/site-packages/airflow/example_dags/tutorial_taskflow_api.py
[2025-04-13T22:39:06.813+0000] {processor.py:914} INFO - Processing file /home/airflow/.local/lib/python3.12/site-packages/airflow/example_dags/tutorial_taskflow_api.py for tasks to queue
[2025-04-13T22:39:06.840+0000] {logging_mixin.py:190} INFO - [2025-04-13T22:39:06.840+0000] {dagbag.py:588} INFO - Filling up the DagBag from /home/airflow/.local/lib/python3.12/site-packages/airflow/example_dags/tutorial_taskflow_api.py
[2025-04-13T22:39:06.967+0000] {processor.py:925} INFO - DAG(s) 'tutorial_taskflow_api' retrieved from /home/airflow/.local/lib/python3.12/site-packages/airflow/example_dags/tutorial_taskflow_api.py
[2025-04-13T22:39:07.386+0000] {logging_mixin.py:190} INFO - [2025-04-13T22:39:07.386+0000] {dag.py:3239} INFO - Sync 1 DAGs
[2025-04-13T22:39:07.585+0000] {logging_mixin.py:190} INFO - [2025-04-13T22:39:07.584+0000] {dag.py:4180} INFO - Setting next_dagrun for tutorial_taskflow_api to None, run_after=None
[2025-04-13T22:39:07.807+0000] {processor.py:208} INFO - Processing /home/airflow/.local/lib/python3.12/site-packages/airflow/example_dags/tutorial_taskflow_api.py took 1.092 seconds
[2025-04-13T22:40:12.919+0000] {processor.py:186} INFO - Started process (PID=918) to work on /home/airflow/.local/lib/python3.12/site-packages/airflow/example_dags/tutorial_taskflow_api.py
[2025-04-13T22:40:12.934+0000] {processor.py:914} INFO - Processing file /home/airflow/.local/lib/python3.12/site-packages/airflow/example_dags/tutorial_taskflow_api.py for tasks to queue
[2025-04-13T22:40:12.983+0000] {logging_mixin.py:190} INFO - [2025-04-13T22:40:12.973+0000] {dagbag.py:588} INFO - Filling up the DagBag from /home/airflow/.local/lib/python3.12/site-packages/airflow/example_dags/tutorial_taskflow_api.py
[2025-04-13T22:40:13.477+0000] {processor.py:925} INFO - DAG(s) 'tutorial_taskflow_api' retrieved from /home/airflow/.local/lib/python3.12/site-packages/airflow/example_dags/tutorial_taskflow_api.py
[2025-04-13T22:40:13.823+0000] {logging_mixin.py:190} INFO - [2025-04-13T22:40:13.822+0000] {dag.py:3239} INFO - Sync 1 DAGs
[2025-04-13T22:40:13.920+0000] {logging_mixin.py:190} INFO - [2025-04-13T22:40:13.919+0000] {dag.py:4180} INFO - Setting next_dagrun for tutorial_taskflow_api to None, run_after=None
[2025-04-13T22:40:14.080+0000] {processor.py:208} INFO - Processing /home/airflow/.local/lib/python3.12/site-packages/airflow/example_dags/tutorial_taskflow_api.py took 1.496 seconds
[2025-04-13T22:42:09.300+0000] {processor.py:186} INFO - Started process (PID=1021) to work on /home/airflow/.local/lib/python3.12/site-packages/airflow/example_dags/tutorial_taskflow_api.py
[2025-04-13T22:42:09.302+0000] {processor.py:914} INFO - Processing file /home/airflow/.local/lib/python3.12/site-packages/airflow/example_dags/tutorial_taskflow_api.py for tasks to queue
[2025-04-13T22:42:09.313+0000] {logging_mixin.py:190} INFO - [2025-04-13T22:42:09.312+0000] {dagbag.py:588} INFO - Filling up the DagBag from /home/airflow/.local/lib/python3.12/site-packages/airflow/example_dags/tutorial_taskflow_api.py
[2025-04-13T22:42:09.345+0000] {processor.py:925} INFO - DAG(s) 'tutorial_taskflow_api' retrieved from /home/airflow/.local/lib/python3.12/site-packages/airflow/example_dags/tutorial_taskflow_api.py
[2025-04-13T22:42:09.424+0000] {logging_mixin.py:190} INFO - [2025-04-13T22:42:09.423+0000] {dag.py:3239} INFO - Sync 1 DAGs
[2025-04-13T22:42:09.503+0000] {logging_mixin.py:190} INFO - [2025-04-13T22:42:09.503+0000] {dag.py:4180} INFO - Setting next_dagrun for tutorial_taskflow_api to None, run_after=None
[2025-04-13T22:42:09.612+0000] {processor.py:208} INFO - Processing /home/airflow/.local/lib/python3.12/site-packages/airflow/example_dags/tutorial_taskflow_api.py took 0.336 seconds
[2025-04-13T22:42:46.215+0000] {processor.py:186} INFO - Started process (PID=1091) to work on /home/airflow/.local/lib/python3.12/site-packages/airflow/example_dags/tutorial_taskflow_api.py
[2025-04-13T22:42:46.254+0000] {processor.py:914} INFO - Processing file /home/airflow/.local/lib/python3.12/site-packages/airflow/example_dags/tutorial_taskflow_api.py for tasks to queue
[2025-04-13T22:42:46.302+0000] {logging_mixin.py:190} INFO - [2025-04-13T22:42:46.299+0000] {dagbag.py:588} INFO - Filling up the DagBag from /home/airflow/.local/lib/python3.12/site-packages/airflow/example_dags/tutorial_taskflow_api.py
[2025-04-13T22:42:46.368+0000] {processor.py:925} INFO - DAG(s) 'tutorial_taskflow_api' retrieved from /home/airflow/.local/lib/python3.12/site-packages/airflow/example_dags/tutorial_taskflow_api.py
[2025-04-13T22:42:46.484+0000] {logging_mixin.py:190} INFO - [2025-04-13T22:42:46.484+0000] {dag.py:3239} INFO - Sync 1 DAGs
[2025-04-13T22:42:46.536+0000] {logging_mixin.py:190} INFO - [2025-04-13T22:42:46.535+0000] {dag.py:4180} INFO - Setting next_dagrun for tutorial_taskflow_api to None, run_after=None
[2025-04-13T22:42:46.619+0000] {processor.py:208} INFO - Processing /home/airflow/.local/lib/python3.12/site-packages/airflow/example_dags/tutorial_taskflow_api.py took 0.498 seconds
[2025-04-13T22:44:16.953+0000] {processor.py:186} INFO - Started process (PID=1172) to work on /home/airflow/.local/lib/python3.12/site-packages/airflow/example_dags/tutorial_taskflow_api.py
[2025-04-13T22:44:17.001+0000] {processor.py:914} INFO - Processing file /home/airflow/.local/lib/python3.12/site-packages/airflow/example_dags/tutorial_taskflow_api.py for tasks to queue
[2025-04-13T22:44:17.067+0000] {logging_mixin.py:190} INFO - [2025-04-13T22:44:17.066+0000] {dagbag.py:588} INFO - Filling up the DagBag from /home/airflow/.local/lib/python3.12/site-packages/airflow/example_dags/tutorial_taskflow_api.py
[2025-04-13T22:44:17.321+0000] {processor.py:925} INFO - DAG(s) 'tutorial_taskflow_api' retrieved from /home/airflow/.local/lib/python3.12/site-packages/airflow/example_dags/tutorial_taskflow_api.py
[2025-04-13T22:44:17.715+0000] {logging_mixin.py:190} INFO - [2025-04-13T22:44:17.714+0000] {dag.py:3239} INFO - Sync 1 DAGs
[2025-04-13T22:44:17.960+0000] {logging_mixin.py:190} INFO - [2025-04-13T22:44:17.960+0000] {dag.py:4180} INFO - Setting next_dagrun for tutorial_taskflow_api to None, run_after=None
[2025-04-13T22:44:18.511+0000] {processor.py:208} INFO - Processing /home/airflow/.local/lib/python3.12/site-packages/airflow/example_dags/tutorial_taskflow_api.py took 1.659 seconds
[2025-04-13T22:45:31.521+0000] {processor.py:186} INFO - Started process (PID=1249) to work on /home/airflow/.local/lib/python3.12/site-packages/airflow/example_dags/tutorial_taskflow_api.py
[2025-04-13T22:45:31.801+0000] {processor.py:914} INFO - Processing file /home/airflow/.local/lib/python3.12/site-packages/airflow/example_dags/tutorial_taskflow_api.py for tasks to queue
[2025-04-13T22:45:32.047+0000] {logging_mixin.py:190} INFO - [2025-04-13T22:45:32.046+0000] {dagbag.py:588} INFO - Filling up the DagBag from /home/airflow/.local/lib/python3.12/site-packages/airflow/example_dags/tutorial_taskflow_api.py
[2025-04-13T22:45:32.709+0000] {processor.py:925} INFO - DAG(s) 'tutorial_taskflow_api' retrieved from /home/airflow/.local/lib/python3.12/site-packages/airflow/example_dags/tutorial_taskflow_api.py
[2025-04-13T22:45:33.640+0000] {logging_mixin.py:190} INFO - [2025-04-13T22:45:33.640+0000] {dag.py:3239} INFO - Sync 1 DAGs
[2025-04-13T22:45:34.016+0000] {logging_mixin.py:190} INFO - [2025-04-13T22:45:34.016+0000] {dag.py:4180} INFO - Setting next_dagrun for tutorial_taskflow_api to None, run_after=None
[2025-04-13T22:45:34.821+0000] {processor.py:208} INFO - Processing /home/airflow/.local/lib/python3.12/site-packages/airflow/example_dags/tutorial_taskflow_api.py took 3.744 seconds
