[2025-04-14T00:00:31.883+0000] {processor.py:186} INFO - Started process (PID=391) to work on /opt/airflow/dags/etl_fraud_pipeline.py
[2025-04-14T00:00:31.887+0000] {processor.py:914} INFO - Processing file /opt/airflow/dags/etl_fraud_pipeline.py for tasks to queue
[2025-04-14T00:00:31.911+0000] {logging_mixin.py:190} INFO - [2025-04-14T00:00:31.896+0000] {dagbag.py:588} INFO - Filling up the DagBag from /opt/airflow/dags/etl_fraud_pipeline.py
[2025-04-14T00:00:34.311+0000] {logging_mixin.py:190} INFO - [2025-04-14T00:00:34.258+0000] {dagbag.py:387} ERROR - Failed to import: /opt/airflow/dags/etl_fraud_pipeline.py
Traceback (most recent call last):
  File "/home/airflow/.local/lib/python3.12/site-packages/airflow/models/dagbag.py", line 383, in parse
    loader.exec_module(new_module)
  File "<frozen importlib._bootstrap_external>", line 999, in exec_module
  File "<frozen importlib._bootstrap>", line 488, in _call_with_frames_removed
  File "/opt/airflow/dags/etl_fraud_pipeline.py", line 10, in <module>
    from kaggle.api.kaggle_api_extended import KaggleApi
  File "/home/airflow/.local/lib/python3.12/site-packages/kaggle/__init__.py", line 6, in <module>
    api.authenticate()
  File "/home/airflow/.local/lib/python3.12/site-packages/kaggle/api/kaggle_api_extended.py", line 433, in authenticate
    raise IOError('Could not find {}. Make sure it\'s located in'
OSError: Could not find kaggle.json. Make sure it's located in /home/airflow/.config/kaggle. Or use the environment method. See setup instructions at https://github.com/Kaggle/kaggle-api/
[2025-04-14T00:00:34.315+0000] {processor.py:927} WARNING - No viable dags retrieved from /opt/airflow/dags/etl_fraud_pipeline.py
[2025-04-14T00:00:34.582+0000] {processor.py:208} INFO - Processing /opt/airflow/dags/etl_fraud_pipeline.py took 2.716 seconds
[2025-04-14T06:27:28.121+0000] {processor.py:186} INFO - Started process (PID=84) to work on /opt/airflow/dags/etl_fraud_pipeline.py
[2025-04-14T06:27:28.144+0000] {processor.py:914} INFO - Processing file /opt/airflow/dags/etl_fraud_pipeline.py for tasks to queue
[2025-04-14T06:27:28.155+0000] {logging_mixin.py:190} INFO - [2025-04-14T06:27:28.154+0000] {dagbag.py:588} INFO - Filling up the DagBag from /opt/airflow/dags/etl_fraud_pipeline.py
[2025-04-14T06:27:29.828+0000] {logging_mixin.py:190} INFO - [2025-04-14T06:27:29.823+0000] {dagbag.py:387} ERROR - Failed to import: /opt/airflow/dags/etl_fraud_pipeline.py
Traceback (most recent call last):
  File "/home/airflow/.local/lib/python3.12/site-packages/airflow/models/dagbag.py", line 383, in parse
    loader.exec_module(new_module)
  File "<frozen importlib._bootstrap_external>", line 999, in exec_module
  File "<frozen importlib._bootstrap>", line 488, in _call_with_frames_removed
  File "/opt/airflow/dags/etl_fraud_pipeline.py", line 10, in <module>
    from kaggle.api.kaggle_api_extended import KaggleApi
ModuleNotFoundError: No module named 'kaggle'
[2025-04-14T06:27:29.831+0000] {processor.py:927} WARNING - No viable dags retrieved from /opt/airflow/dags/etl_fraud_pipeline.py
[2025-04-14T06:27:30.211+0000] {processor.py:208} INFO - Processing /opt/airflow/dags/etl_fraud_pipeline.py took 2.118 seconds
[2025-04-14T06:28:01.653+0000] {processor.py:186} INFO - Started process (PID=91) to work on /opt/airflow/dags/etl_fraud_pipeline.py
[2025-04-14T06:28:01.657+0000] {processor.py:914} INFO - Processing file /opt/airflow/dags/etl_fraud_pipeline.py for tasks to queue
[2025-04-14T06:28:01.733+0000] {logging_mixin.py:190} INFO - [2025-04-14T06:28:01.721+0000] {dagbag.py:588} INFO - Filling up the DagBag from /opt/airflow/dags/etl_fraud_pipeline.py
[2025-04-14T06:28:02.928+0000] {logging_mixin.py:190} INFO - [2025-04-14T06:28:02.922+0000] {dagbag.py:387} ERROR - Failed to import: /opt/airflow/dags/etl_fraud_pipeline.py
Traceback (most recent call last):
  File "/home/airflow/.local/lib/python3.12/site-packages/airflow/models/dagbag.py", line 383, in parse
    loader.exec_module(new_module)
  File "<frozen importlib._bootstrap_external>", line 999, in exec_module
  File "<frozen importlib._bootstrap>", line 488, in _call_with_frames_removed
  File "/opt/airflow/dags/etl_fraud_pipeline.py", line 10, in <module>
    from kaggle.api.kaggle_api_extended import KaggleApi
ModuleNotFoundError: No module named 'kaggle'
[2025-04-14T06:28:02.939+0000] {processor.py:927} WARNING - No viable dags retrieved from /opt/airflow/dags/etl_fraud_pipeline.py
[2025-04-14T06:28:03.543+0000] {processor.py:208} INFO - Processing /opt/airflow/dags/etl_fraud_pipeline.py took 2.152 seconds
[2025-04-14T06:28:33.805+0000] {processor.py:186} INFO - Started process (PID=98) to work on /opt/airflow/dags/etl_fraud_pipeline.py
[2025-04-14T06:28:33.808+0000] {processor.py:914} INFO - Processing file /opt/airflow/dags/etl_fraud_pipeline.py for tasks to queue
[2025-04-14T06:28:33.813+0000] {logging_mixin.py:190} INFO - [2025-04-14T06:28:33.813+0000] {dagbag.py:588} INFO - Filling up the DagBag from /opt/airflow/dags/etl_fraud_pipeline.py
[2025-04-14T06:28:34.178+0000] {logging_mixin.py:190} INFO - [2025-04-14T06:28:34.166+0000] {dagbag.py:387} ERROR - Failed to import: /opt/airflow/dags/etl_fraud_pipeline.py
Traceback (most recent call last):
  File "/home/airflow/.local/lib/python3.12/site-packages/airflow/models/dagbag.py", line 383, in parse
    loader.exec_module(new_module)
  File "<frozen importlib._bootstrap_external>", line 999, in exec_module
  File "<frozen importlib._bootstrap>", line 488, in _call_with_frames_removed
  File "/opt/airflow/dags/etl_fraud_pipeline.py", line 10, in <module>
    from kaggle.api.kaggle_api_extended import KaggleApi
ModuleNotFoundError: No module named 'kaggle'
[2025-04-14T06:28:34.182+0000] {processor.py:927} WARNING - No viable dags retrieved from /opt/airflow/dags/etl_fraud_pipeline.py
[2025-04-14T06:28:34.302+0000] {processor.py:208} INFO - Processing /opt/airflow/dags/etl_fraud_pipeline.py took 0.528 seconds
[2025-04-14T06:29:04.543+0000] {processor.py:186} INFO - Started process (PID=104) to work on /opt/airflow/dags/etl_fraud_pipeline.py
[2025-04-14T06:29:04.549+0000] {processor.py:914} INFO - Processing file /opt/airflow/dags/etl_fraud_pipeline.py for tasks to queue
[2025-04-14T06:29:04.554+0000] {logging_mixin.py:190} INFO - [2025-04-14T06:29:04.554+0000] {dagbag.py:588} INFO - Filling up the DagBag from /opt/airflow/dags/etl_fraud_pipeline.py
[2025-04-14T06:29:05.061+0000] {logging_mixin.py:190} INFO - [2025-04-14T06:29:05.041+0000] {dagbag.py:387} ERROR - Failed to import: /opt/airflow/dags/etl_fraud_pipeline.py
Traceback (most recent call last):
  File "/home/airflow/.local/lib/python3.12/site-packages/airflow/models/dagbag.py", line 383, in parse
    loader.exec_module(new_module)
  File "<frozen importlib._bootstrap_external>", line 999, in exec_module
  File "<frozen importlib._bootstrap>", line 488, in _call_with_frames_removed
  File "/opt/airflow/dags/etl_fraud_pipeline.py", line 10, in <module>
    from kaggle.api.kaggle_api_extended import KaggleApi
ModuleNotFoundError: No module named 'kaggle'
[2025-04-14T06:29:05.073+0000] {processor.py:927} WARNING - No viable dags retrieved from /opt/airflow/dags/etl_fraud_pipeline.py
[2025-04-14T06:29:05.167+0000] {processor.py:208} INFO - Processing /opt/airflow/dags/etl_fraud_pipeline.py took 0.644 seconds
[2025-04-14T06:29:36.112+0000] {processor.py:186} INFO - Started process (PID=111) to work on /opt/airflow/dags/etl_fraud_pipeline.py
[2025-04-14T06:29:36.130+0000] {processor.py:914} INFO - Processing file /opt/airflow/dags/etl_fraud_pipeline.py for tasks to queue
[2025-04-14T06:29:36.147+0000] {logging_mixin.py:190} INFO - [2025-04-14T06:29:36.146+0000] {dagbag.py:588} INFO - Filling up the DagBag from /opt/airflow/dags/etl_fraud_pipeline.py
[2025-04-14T06:29:36.846+0000] {logging_mixin.py:190} INFO - [2025-04-14T06:29:36.843+0000] {dagbag.py:387} ERROR - Failed to import: /opt/airflow/dags/etl_fraud_pipeline.py
Traceback (most recent call last):
  File "/home/airflow/.local/lib/python3.12/site-packages/airflow/models/dagbag.py", line 383, in parse
    loader.exec_module(new_module)
  File "<frozen importlib._bootstrap_external>", line 999, in exec_module
  File "<frozen importlib._bootstrap>", line 488, in _call_with_frames_removed
  File "/opt/airflow/dags/etl_fraud_pipeline.py", line 10, in <module>
    from kaggle.api.kaggle_api_extended import KaggleApi
ModuleNotFoundError: No module named 'kaggle'
[2025-04-14T06:29:36.859+0000] {processor.py:927} WARNING - No viable dags retrieved from /opt/airflow/dags/etl_fraud_pipeline.py
[2025-04-14T06:29:37.110+0000] {processor.py:208} INFO - Processing /opt/airflow/dags/etl_fraud_pipeline.py took 1.024 seconds
[2025-04-14T06:30:07.987+0000] {processor.py:186} INFO - Started process (PID=118) to work on /opt/airflow/dags/etl_fraud_pipeline.py
[2025-04-14T06:30:07.990+0000] {processor.py:914} INFO - Processing file /opt/airflow/dags/etl_fraud_pipeline.py for tasks to queue
[2025-04-14T06:30:08.014+0000] {logging_mixin.py:190} INFO - [2025-04-14T06:30:08.013+0000] {dagbag.py:588} INFO - Filling up the DagBag from /opt/airflow/dags/etl_fraud_pipeline.py
[2025-04-14T06:30:08.288+0000] {logging_mixin.py:190} INFO - [2025-04-14T06:30:08.280+0000] {dagbag.py:387} ERROR - Failed to import: /opt/airflow/dags/etl_fraud_pipeline.py
Traceback (most recent call last):
  File "/home/airflow/.local/lib/python3.12/site-packages/airflow/models/dagbag.py", line 383, in parse
    loader.exec_module(new_module)
  File "<frozen importlib._bootstrap_external>", line 999, in exec_module
  File "<frozen importlib._bootstrap>", line 488, in _call_with_frames_removed
  File "/opt/airflow/dags/etl_fraud_pipeline.py", line 10, in <module>
    from kaggle.api.kaggle_api_extended import KaggleApi
ModuleNotFoundError: No module named 'kaggle'
[2025-04-14T06:30:08.290+0000] {processor.py:927} WARNING - No viable dags retrieved from /opt/airflow/dags/etl_fraud_pipeline.py
[2025-04-14T06:30:08.369+0000] {processor.py:208} INFO - Processing /opt/airflow/dags/etl_fraud_pipeline.py took 0.396 seconds
[2025-04-14T06:30:39.164+0000] {processor.py:186} INFO - Started process (PID=125) to work on /opt/airflow/dags/etl_fraud_pipeline.py
[2025-04-14T06:30:39.166+0000] {processor.py:914} INFO - Processing file /opt/airflow/dags/etl_fraud_pipeline.py for tasks to queue
[2025-04-14T06:30:39.171+0000] {logging_mixin.py:190} INFO - [2025-04-14T06:30:39.170+0000] {dagbag.py:588} INFO - Filling up the DagBag from /opt/airflow/dags/etl_fraud_pipeline.py
[2025-04-14T06:30:39.407+0000] {logging_mixin.py:190} INFO - [2025-04-14T06:30:39.400+0000] {dagbag.py:387} ERROR - Failed to import: /opt/airflow/dags/etl_fraud_pipeline.py
Traceback (most recent call last):
  File "/home/airflow/.local/lib/python3.12/site-packages/airflow/models/dagbag.py", line 383, in parse
    loader.exec_module(new_module)
  File "<frozen importlib._bootstrap_external>", line 999, in exec_module
  File "<frozen importlib._bootstrap>", line 488, in _call_with_frames_removed
  File "/opt/airflow/dags/etl_fraud_pipeline.py", line 10, in <module>
    from kaggle.api.kaggle_api_extended import KaggleApi
ModuleNotFoundError: No module named 'kaggle'
[2025-04-14T06:30:39.409+0000] {processor.py:927} WARNING - No viable dags retrieved from /opt/airflow/dags/etl_fraud_pipeline.py
[2025-04-14T06:30:39.502+0000] {processor.py:208} INFO - Processing /opt/airflow/dags/etl_fraud_pipeline.py took 0.354 seconds
[2025-04-14T06:31:10.592+0000] {processor.py:186} INFO - Started process (PID=132) to work on /opt/airflow/dags/etl_fraud_pipeline.py
[2025-04-14T06:31:10.599+0000] {processor.py:914} INFO - Processing file /opt/airflow/dags/etl_fraud_pipeline.py for tasks to queue
[2025-04-14T06:31:10.658+0000] {logging_mixin.py:190} INFO - [2025-04-14T06:31:10.634+0000] {dagbag.py:588} INFO - Filling up the DagBag from /opt/airflow/dags/etl_fraud_pipeline.py
[2025-04-14T06:31:12.003+0000] {logging_mixin.py:190} INFO - [2025-04-14T06:31:11.967+0000] {dagbag.py:387} ERROR - Failed to import: /opt/airflow/dags/etl_fraud_pipeline.py
Traceback (most recent call last):
  File "/home/airflow/.local/lib/python3.12/site-packages/airflow/models/dagbag.py", line 383, in parse
    loader.exec_module(new_module)
  File "<frozen importlib._bootstrap_external>", line 999, in exec_module
  File "<frozen importlib._bootstrap>", line 488, in _call_with_frames_removed
  File "/opt/airflow/dags/etl_fraud_pipeline.py", line 10, in <module>
    from kaggle.api.kaggle_api_extended import KaggleApi
ModuleNotFoundError: No module named 'kaggle'
[2025-04-14T06:31:12.011+0000] {processor.py:927} WARNING - No viable dags retrieved from /opt/airflow/dags/etl_fraud_pipeline.py
[2025-04-14T06:31:12.513+0000] {processor.py:208} INFO - Processing /opt/airflow/dags/etl_fraud_pipeline.py took 1.960 seconds
[2025-04-14T06:31:44.102+0000] {processor.py:186} INFO - Started process (PID=139) to work on /opt/airflow/dags/etl_fraud_pipeline.py
[2025-04-14T06:31:44.164+0000] {processor.py:914} INFO - Processing file /opt/airflow/dags/etl_fraud_pipeline.py for tasks to queue
[2025-04-14T06:31:44.321+0000] {logging_mixin.py:190} INFO - [2025-04-14T06:31:44.320+0000] {dagbag.py:588} INFO - Filling up the DagBag from /opt/airflow/dags/etl_fraud_pipeline.py
[2025-04-14T06:31:46.099+0000] {logging_mixin.py:190} INFO - [2025-04-14T06:31:46.055+0000] {dagbag.py:387} ERROR - Failed to import: /opt/airflow/dags/etl_fraud_pipeline.py
Traceback (most recent call last):
  File "/home/airflow/.local/lib/python3.12/site-packages/airflow/models/dagbag.py", line 383, in parse
    loader.exec_module(new_module)
  File "<frozen importlib._bootstrap_external>", line 999, in exec_module
  File "<frozen importlib._bootstrap>", line 488, in _call_with_frames_removed
  File "/opt/airflow/dags/etl_fraud_pipeline.py", line 10, in <module>
    from kaggle.api.kaggle_api_extended import KaggleApi
ModuleNotFoundError: No module named 'kaggle'
[2025-04-14T06:31:46.105+0000] {processor.py:927} WARNING - No viable dags retrieved from /opt/airflow/dags/etl_fraud_pipeline.py
[2025-04-14T06:31:46.425+0000] {processor.py:208} INFO - Processing /opt/airflow/dags/etl_fraud_pipeline.py took 2.662 seconds
[2025-04-14T06:32:16.823+0000] {processor.py:186} INFO - Started process (PID=145) to work on /opt/airflow/dags/etl_fraud_pipeline.py
[2025-04-14T06:32:16.833+0000] {processor.py:914} INFO - Processing file /opt/airflow/dags/etl_fraud_pipeline.py for tasks to queue
[2025-04-14T06:32:16.881+0000] {logging_mixin.py:190} INFO - [2025-04-14T06:32:16.880+0000] {dagbag.py:588} INFO - Filling up the DagBag from /opt/airflow/dags/etl_fraud_pipeline.py
[2025-04-14T06:32:18.367+0000] {logging_mixin.py:190} INFO - [2025-04-14T06:32:18.232+0000] {dagbag.py:387} ERROR - Failed to import: /opt/airflow/dags/etl_fraud_pipeline.py
Traceback (most recent call last):
  File "/home/airflow/.local/lib/python3.12/site-packages/airflow/models/dagbag.py", line 383, in parse
    loader.exec_module(new_module)
  File "<frozen importlib._bootstrap_external>", line 999, in exec_module
  File "<frozen importlib._bootstrap>", line 488, in _call_with_frames_removed
  File "/opt/airflow/dags/etl_fraud_pipeline.py", line 10, in <module>
    from kaggle.api.kaggle_api_extended import KaggleApi
ModuleNotFoundError: No module named 'kaggle'
[2025-04-14T06:32:18.407+0000] {processor.py:927} WARNING - No viable dags retrieved from /opt/airflow/dags/etl_fraud_pipeline.py
[2025-04-14T06:32:18.909+0000] {processor.py:208} INFO - Processing /opt/airflow/dags/etl_fraud_pipeline.py took 2.214 seconds
[2025-04-14T06:32:51.515+0000] {processor.py:186} INFO - Started process (PID=158) to work on /opt/airflow/dags/etl_fraud_pipeline.py
[2025-04-14T06:32:51.524+0000] {processor.py:914} INFO - Processing file /opt/airflow/dags/etl_fraud_pipeline.py for tasks to queue
[2025-04-14T06:32:51.615+0000] {logging_mixin.py:190} INFO - [2025-04-14T06:32:51.612+0000] {dagbag.py:588} INFO - Filling up the DagBag from /opt/airflow/dags/etl_fraud_pipeline.py
[2025-04-14T06:32:55.072+0000] {logging_mixin.py:190} INFO - [2025-04-14T06:32:54.783+0000] {dagbag.py:387} ERROR - Failed to import: /opt/airflow/dags/etl_fraud_pipeline.py
Traceback (most recent call last):
  File "/home/airflow/.local/lib/python3.12/site-packages/airflow/models/dagbag.py", line 383, in parse
    loader.exec_module(new_module)
  File "<frozen importlib._bootstrap_external>", line 999, in exec_module
  File "<frozen importlib._bootstrap>", line 488, in _call_with_frames_removed
  File "/opt/airflow/dags/etl_fraud_pipeline.py", line 10, in <module>
    from kaggle.api.kaggle_api_extended import KaggleApi
ModuleNotFoundError: No module named 'kaggle'
[2025-04-14T06:32:55.184+0000] {processor.py:927} WARNING - No viable dags retrieved from /opt/airflow/dags/etl_fraud_pipeline.py
[2025-04-14T06:32:57.107+0000] {processor.py:208} INFO - Processing /opt/airflow/dags/etl_fraud_pipeline.py took 5.982 seconds
[2025-04-14T06:33:27.404+0000] {processor.py:186} INFO - Started process (PID=165) to work on /opt/airflow/dags/etl_fraud_pipeline.py
[2025-04-14T06:33:27.417+0000] {processor.py:914} INFO - Processing file /opt/airflow/dags/etl_fraud_pipeline.py for tasks to queue
[2025-04-14T06:33:27.427+0000] {logging_mixin.py:190} INFO - [2025-04-14T06:33:27.426+0000] {dagbag.py:588} INFO - Filling up the DagBag from /opt/airflow/dags/etl_fraud_pipeline.py
[2025-04-14T06:33:29.959+0000] {logging_mixin.py:190} INFO - [2025-04-14T06:33:29.946+0000] {dagbag.py:387} ERROR - Failed to import: /opt/airflow/dags/etl_fraud_pipeline.py
Traceback (most recent call last):
  File "/home/airflow/.local/lib/python3.12/site-packages/airflow/models/dagbag.py", line 383, in parse
    loader.exec_module(new_module)
  File "<frozen importlib._bootstrap_external>", line 999, in exec_module
  File "<frozen importlib._bootstrap>", line 488, in _call_with_frames_removed
  File "/opt/airflow/dags/etl_fraud_pipeline.py", line 10, in <module>
    from kaggle.api.kaggle_api_extended import KaggleApi
ModuleNotFoundError: No module named 'kaggle'
[2025-04-14T06:33:29.970+0000] {processor.py:927} WARNING - No viable dags retrieved from /opt/airflow/dags/etl_fraud_pipeline.py
[2025-04-14T06:33:30.661+0000] {processor.py:208} INFO - Processing /opt/airflow/dags/etl_fraud_pipeline.py took 3.274 seconds
[2025-04-14T06:34:01.242+0000] {processor.py:186} INFO - Started process (PID=172) to work on /opt/airflow/dags/etl_fraud_pipeline.py
[2025-04-14T06:34:01.330+0000] {processor.py:914} INFO - Processing file /opt/airflow/dags/etl_fraud_pipeline.py for tasks to queue
[2025-04-14T06:34:01.400+0000] {logging_mixin.py:190} INFO - [2025-04-14T06:34:01.399+0000] {dagbag.py:588} INFO - Filling up the DagBag from /opt/airflow/dags/etl_fraud_pipeline.py
[2025-04-14T06:57:47.252+0000] {processor.py:186} INFO - Started process (PID=157) to work on /opt/airflow/dags/etl_fraud_pipeline.py
[2025-04-14T06:57:47.280+0000] {processor.py:914} INFO - Processing file /opt/airflow/dags/etl_fraud_pipeline.py for tasks to queue
[2025-04-14T06:57:47.341+0000] {logging_mixin.py:190} INFO - [2025-04-14T06:57:47.341+0000] {dagbag.py:588} INFO - Filling up the DagBag from /opt/airflow/dags/etl_fraud_pipeline.py
[2025-04-14T06:58:08.366+0000] {logging_mixin.py:190} INFO - [2025-04-14T06:58:08.225+0000] {dagbag.py:387} ERROR - Failed to import: /opt/airflow/dags/etl_fraud_pipeline.py
Traceback (most recent call last):
  File "/home/airflow/.local/lib/python3.12/site-packages/airflow/models/dagbag.py", line 383, in parse
    loader.exec_module(new_module)
  File "<frozen importlib._bootstrap_external>", line 999, in exec_module
  File "<frozen importlib._bootstrap>", line 488, in _call_with_frames_removed
  File "/opt/airflow/dags/etl_fraud_pipeline.py", line 10, in <module>
    from kaggle.api.kaggle_api_extended import KaggleApi
  File "/home/airflow/.local/lib/python3.12/site-packages/kaggle/__init__.py", line 6, in <module>
    api.authenticate()
  File "/home/airflow/.local/lib/python3.12/site-packages/kaggle/api/kaggle_api_extended.py", line 433, in authenticate
    raise IOError('Could not find {}. Make sure it\'s located in'
OSError: Could not find kaggle.json. Make sure it's located in /home/airflow/.config/kaggle. Or use the environment method. See setup instructions at https://github.com/Kaggle/kaggle-api/
[2025-04-14T06:58:08.380+0000] {processor.py:927} WARNING - No viable dags retrieved from /opt/airflow/dags/etl_fraud_pipeline.py
[2025-04-14T06:58:08.914+0000] {processor.py:208} INFO - Processing /opt/airflow/dags/etl_fraud_pipeline.py took 21.731 seconds
[2025-04-14T06:58:39.964+0000] {processor.py:186} INFO - Started process (PID=164) to work on /opt/airflow/dags/etl_fraud_pipeline.py
[2025-04-14T06:58:39.979+0000] {processor.py:914} INFO - Processing file /opt/airflow/dags/etl_fraud_pipeline.py for tasks to queue
[2025-04-14T06:58:40.105+0000] {logging_mixin.py:190} INFO - [2025-04-14T06:58:39.985+0000] {dagbag.py:588} INFO - Filling up the DagBag from /opt/airflow/dags/etl_fraud_pipeline.py
[2025-04-14T06:58:49.417+0000] {logging_mixin.py:190} INFO - [2025-04-14T06:58:49.354+0000] {dagbag.py:387} ERROR - Failed to import: /opt/airflow/dags/etl_fraud_pipeline.py
Traceback (most recent call last):
  File "/home/airflow/.local/lib/python3.12/site-packages/airflow/models/dagbag.py", line 383, in parse
    loader.exec_module(new_module)
  File "<frozen importlib._bootstrap_external>", line 999, in exec_module
  File "<frozen importlib._bootstrap>", line 488, in _call_with_frames_removed
  File "/opt/airflow/dags/etl_fraud_pipeline.py", line 10, in <module>
    from kaggle.api.kaggle_api_extended import KaggleApi
  File "/home/airflow/.local/lib/python3.12/site-packages/kaggle/__init__.py", line 6, in <module>
    api.authenticate()
  File "/home/airflow/.local/lib/python3.12/site-packages/kaggle/api/kaggle_api_extended.py", line 433, in authenticate
    raise IOError('Could not find {}. Make sure it\'s located in'
OSError: Could not find kaggle.json. Make sure it's located in /home/airflow/.config/kaggle. Or use the environment method. See setup instructions at https://github.com/Kaggle/kaggle-api/
[2025-04-14T06:58:49.460+0000] {processor.py:927} WARNING - No viable dags retrieved from /opt/airflow/dags/etl_fraud_pipeline.py
[2025-04-14T06:58:49.741+0000] {processor.py:208} INFO - Processing /opt/airflow/dags/etl_fraud_pipeline.py took 9.863 seconds
[2025-04-14T06:59:20.562+0000] {processor.py:186} INFO - Started process (PID=177) to work on /opt/airflow/dags/etl_fraud_pipeline.py
[2025-04-14T06:59:20.587+0000] {processor.py:914} INFO - Processing file /opt/airflow/dags/etl_fraud_pipeline.py for tasks to queue
[2025-04-14T06:59:20.656+0000] {logging_mixin.py:190} INFO - [2025-04-14T06:59:20.655+0000] {dagbag.py:588} INFO - Filling up the DagBag from /opt/airflow/dags/etl_fraud_pipeline.py
[2025-04-14T06:59:28.408+0000] {logging_mixin.py:190} INFO - [2025-04-14T06:59:28.293+0000] {dagbag.py:387} ERROR - Failed to import: /opt/airflow/dags/etl_fraud_pipeline.py
Traceback (most recent call last):
  File "/home/airflow/.local/lib/python3.12/site-packages/airflow/models/dagbag.py", line 383, in parse
    loader.exec_module(new_module)
  File "<frozen importlib._bootstrap_external>", line 999, in exec_module
  File "<frozen importlib._bootstrap>", line 488, in _call_with_frames_removed
  File "/opt/airflow/dags/etl_fraud_pipeline.py", line 10, in <module>
    from kaggle.api.kaggle_api_extended import KaggleApi
  File "/home/airflow/.local/lib/python3.12/site-packages/kaggle/__init__.py", line 6, in <module>
    api.authenticate()
  File "/home/airflow/.local/lib/python3.12/site-packages/kaggle/api/kaggle_api_extended.py", line 433, in authenticate
    raise IOError('Could not find {}. Make sure it\'s located in'
OSError: Could not find kaggle.json. Make sure it's located in /home/airflow/.config/kaggle. Or use the environment method. See setup instructions at https://github.com/Kaggle/kaggle-api/
[2025-04-14T06:59:28.504+0000] {processor.py:927} WARNING - No viable dags retrieved from /opt/airflow/dags/etl_fraud_pipeline.py
[2025-04-14T06:59:28.911+0000] {processor.py:208} INFO - Processing /opt/airflow/dags/etl_fraud_pipeline.py took 8.611 seconds
[2025-04-14T07:00:01.996+0000] {processor.py:186} INFO - Started process (PID=184) to work on /opt/airflow/dags/etl_fraud_pipeline.py
[2025-04-14T07:00:02.183+0000] {processor.py:914} INFO - Processing file /opt/airflow/dags/etl_fraud_pipeline.py for tasks to queue
[2025-04-14T07:00:02.388+0000] {logging_mixin.py:190} INFO - [2025-04-14T07:00:02.362+0000] {dagbag.py:588} INFO - Filling up the DagBag from /opt/airflow/dags/etl_fraud_pipeline.py
[2025-04-14T07:00:13.230+0000] {logging_mixin.py:190} INFO - [2025-04-14T07:00:12.941+0000] {dagbag.py:387} ERROR - Failed to import: /opt/airflow/dags/etl_fraud_pipeline.py
Traceback (most recent call last):
  File "/home/airflow/.local/lib/python3.12/site-packages/airflow/models/dagbag.py", line 383, in parse
    loader.exec_module(new_module)
  File "<frozen importlib._bootstrap_external>", line 999, in exec_module
  File "<frozen importlib._bootstrap>", line 488, in _call_with_frames_removed
  File "/opt/airflow/dags/etl_fraud_pipeline.py", line 10, in <module>
    from kaggle.api.kaggle_api_extended import KaggleApi
  File "/home/airflow/.local/lib/python3.12/site-packages/kaggle/__init__.py", line 6, in <module>
    api.authenticate()
  File "/home/airflow/.local/lib/python3.12/site-packages/kaggle/api/kaggle_api_extended.py", line 433, in authenticate
    raise IOError('Could not find {}. Make sure it\'s located in'
OSError: Could not find kaggle.json. Make sure it's located in /home/airflow/.config/kaggle. Or use the environment method. See setup instructions at https://github.com/Kaggle/kaggle-api/
[2025-04-14T07:00:13.275+0000] {processor.py:927} WARNING - No viable dags retrieved from /opt/airflow/dags/etl_fraud_pipeline.py
[2025-04-14T07:00:14.674+0000] {processor.py:208} INFO - Processing /opt/airflow/dags/etl_fraud_pipeline.py took 13.345 seconds
[2025-04-14T07:00:45.958+0000] {processor.py:186} INFO - Started process (PID=190) to work on /opt/airflow/dags/etl_fraud_pipeline.py
[2025-04-14T07:00:46.053+0000] {processor.py:914} INFO - Processing file /opt/airflow/dags/etl_fraud_pipeline.py for tasks to queue
[2025-04-14T07:00:46.137+0000] {logging_mixin.py:190} INFO - [2025-04-14T07:00:46.135+0000] {dagbag.py:588} INFO - Filling up the DagBag from /opt/airflow/dags/etl_fraud_pipeline.py
[2025-04-14T07:00:57.539+0000] {logging_mixin.py:190} INFO - [2025-04-14T07:00:57.037+0000] {dagbag.py:387} ERROR - Failed to import: /opt/airflow/dags/etl_fraud_pipeline.py
Traceback (most recent call last):
  File "/home/airflow/.local/lib/python3.12/site-packages/airflow/models/dagbag.py", line 383, in parse
    loader.exec_module(new_module)
  File "<frozen importlib._bootstrap_external>", line 999, in exec_module
  File "<frozen importlib._bootstrap>", line 488, in _call_with_frames_removed
  File "/opt/airflow/dags/etl_fraud_pipeline.py", line 10, in <module>
    from kaggle.api.kaggle_api_extended import KaggleApi
  File "/home/airflow/.local/lib/python3.12/site-packages/kaggle/__init__.py", line 6, in <module>
    api.authenticate()
  File "/home/airflow/.local/lib/python3.12/site-packages/kaggle/api/kaggle_api_extended.py", line 433, in authenticate
    raise IOError('Could not find {}. Make sure it\'s located in'
OSError: Could not find kaggle.json. Make sure it's located in /home/airflow/.config/kaggle. Or use the environment method. See setup instructions at https://github.com/Kaggle/kaggle-api/
[2025-04-14T07:00:57.692+0000] {processor.py:927} WARNING - No viable dags retrieved from /opt/airflow/dags/etl_fraud_pipeline.py
[2025-04-14T07:00:59.013+0000] {processor.py:208} INFO - Processing /opt/airflow/dags/etl_fraud_pipeline.py took 13.126 seconds
[2025-04-14T07:01:31.272+0000] {processor.py:186} INFO - Started process (PID=201) to work on /opt/airflow/dags/etl_fraud_pipeline.py
[2025-04-14T07:01:31.284+0000] {processor.py:914} INFO - Processing file /opt/airflow/dags/etl_fraud_pipeline.py for tasks to queue
[2025-04-14T07:01:31.399+0000] {logging_mixin.py:190} INFO - [2025-04-14T07:01:31.398+0000] {dagbag.py:588} INFO - Filling up the DagBag from /opt/airflow/dags/etl_fraud_pipeline.py
[2025-04-14T07:01:40.623+0000] {logging_mixin.py:190} INFO - [2025-04-14T07:01:40.461+0000] {dagbag.py:387} ERROR - Failed to import: /opt/airflow/dags/etl_fraud_pipeline.py
Traceback (most recent call last):
  File "/home/airflow/.local/lib/python3.12/site-packages/airflow/models/dagbag.py", line 383, in parse
    loader.exec_module(new_module)
  File "<frozen importlib._bootstrap_external>", line 999, in exec_module
  File "<frozen importlib._bootstrap>", line 488, in _call_with_frames_removed
  File "/opt/airflow/dags/etl_fraud_pipeline.py", line 10, in <module>
    from kaggle.api.kaggle_api_extended import KaggleApi
  File "/home/airflow/.local/lib/python3.12/site-packages/kaggle/__init__.py", line 6, in <module>
    api.authenticate()
  File "/home/airflow/.local/lib/python3.12/site-packages/kaggle/api/kaggle_api_extended.py", line 433, in authenticate
    raise IOError('Could not find {}. Make sure it\'s located in'
OSError: Could not find kaggle.json. Make sure it's located in /home/airflow/.config/kaggle. Or use the environment method. See setup instructions at https://github.com/Kaggle/kaggle-api/
[2025-04-14T07:01:40.649+0000] {processor.py:927} WARNING - No viable dags retrieved from /opt/airflow/dags/etl_fraud_pipeline.py
[2025-04-14T07:01:41.224+0000] {processor.py:208} INFO - Processing /opt/airflow/dags/etl_fraud_pipeline.py took 10.176 seconds
[2025-04-14T07:02:12.460+0000] {processor.py:186} INFO - Started process (PID=208) to work on /opt/airflow/dags/etl_fraud_pipeline.py
[2025-04-14T07:02:12.538+0000] {processor.py:914} INFO - Processing file /opt/airflow/dags/etl_fraud_pipeline.py for tasks to queue
[2025-04-14T07:02:12.621+0000] {logging_mixin.py:190} INFO - [2025-04-14T07:02:12.620+0000] {dagbag.py:588} INFO - Filling up the DagBag from /opt/airflow/dags/etl_fraud_pipeline.py
[2025-04-14T07:02:20.466+0000] {logging_mixin.py:190} INFO - [2025-04-14T07:02:20.364+0000] {dagbag.py:387} ERROR - Failed to import: /opt/airflow/dags/etl_fraud_pipeline.py
Traceback (most recent call last):
  File "/home/airflow/.local/lib/python3.12/site-packages/airflow/models/dagbag.py", line 383, in parse
    loader.exec_module(new_module)
  File "<frozen importlib._bootstrap_external>", line 999, in exec_module
  File "<frozen importlib._bootstrap>", line 488, in _call_with_frames_removed
  File "/opt/airflow/dags/etl_fraud_pipeline.py", line 10, in <module>
    from kaggle.api.kaggle_api_extended import KaggleApi
  File "/home/airflow/.local/lib/python3.12/site-packages/kaggle/__init__.py", line 6, in <module>
    api.authenticate()
  File "/home/airflow/.local/lib/python3.12/site-packages/kaggle/api/kaggle_api_extended.py", line 433, in authenticate
    raise IOError('Could not find {}. Make sure it\'s located in'
OSError: Could not find kaggle.json. Make sure it's located in /home/airflow/.config/kaggle. Or use the environment method. See setup instructions at https://github.com/Kaggle/kaggle-api/
[2025-04-14T07:02:20.524+0000] {processor.py:927} WARNING - No viable dags retrieved from /opt/airflow/dags/etl_fraud_pipeline.py
[2025-04-14T07:02:20.958+0000] {processor.py:208} INFO - Processing /opt/airflow/dags/etl_fraud_pipeline.py took 8.557 seconds
[2025-04-14T07:02:52.308+0000] {processor.py:186} INFO - Started process (PID=215) to work on /opt/airflow/dags/etl_fraud_pipeline.py
[2025-04-14T07:02:52.394+0000] {processor.py:914} INFO - Processing file /opt/airflow/dags/etl_fraud_pipeline.py for tasks to queue
[2025-04-14T07:02:52.544+0000] {logging_mixin.py:190} INFO - [2025-04-14T07:02:52.543+0000] {dagbag.py:588} INFO - Filling up the DagBag from /opt/airflow/dags/etl_fraud_pipeline.py
[2025-04-14T07:03:00.618+0000] {logging_mixin.py:190} INFO - [2025-04-14T07:03:00.537+0000] {dagbag.py:387} ERROR - Failed to import: /opt/airflow/dags/etl_fraud_pipeline.py
Traceback (most recent call last):
  File "/home/airflow/.local/lib/python3.12/site-packages/airflow/models/dagbag.py", line 383, in parse
    loader.exec_module(new_module)
  File "<frozen importlib._bootstrap_external>", line 999, in exec_module
  File "<frozen importlib._bootstrap>", line 488, in _call_with_frames_removed
  File "/opt/airflow/dags/etl_fraud_pipeline.py", line 10, in <module>
    from kaggle.api.kaggle_api_extended import KaggleApi
  File "/home/airflow/.local/lib/python3.12/site-packages/kaggle/__init__.py", line 6, in <module>
    api.authenticate()
  File "/home/airflow/.local/lib/python3.12/site-packages/kaggle/api/kaggle_api_extended.py", line 433, in authenticate
    raise IOError('Could not find {}. Make sure it\'s located in'
OSError: Could not find kaggle.json. Make sure it's located in /home/airflow/.config/kaggle. Or use the environment method. See setup instructions at https://github.com/Kaggle/kaggle-api/
[2025-04-14T07:03:00.641+0000] {processor.py:927} WARNING - No viable dags retrieved from /opt/airflow/dags/etl_fraud_pipeline.py
[2025-04-14T07:03:01.394+0000] {processor.py:208} INFO - Processing /opt/airflow/dags/etl_fraud_pipeline.py took 9.202 seconds
[2025-04-14T07:03:33.268+0000] {processor.py:186} INFO - Started process (PID=228) to work on /opt/airflow/dags/etl_fraud_pipeline.py
[2025-04-14T07:03:33.287+0000] {processor.py:914} INFO - Processing file /opt/airflow/dags/etl_fraud_pipeline.py for tasks to queue
[2025-04-14T07:03:33.319+0000] {logging_mixin.py:190} INFO - [2025-04-14T07:03:33.318+0000] {dagbag.py:588} INFO - Filling up the DagBag from /opt/airflow/dags/etl_fraud_pipeline.py
[2025-04-14T07:03:40.331+0000] {logging_mixin.py:190} INFO - [2025-04-14T07:03:40.264+0000] {dagbag.py:387} ERROR - Failed to import: /opt/airflow/dags/etl_fraud_pipeline.py
Traceback (most recent call last):
  File "/home/airflow/.local/lib/python3.12/site-packages/airflow/models/dagbag.py", line 383, in parse
    loader.exec_module(new_module)
  File "<frozen importlib._bootstrap_external>", line 999, in exec_module
  File "<frozen importlib._bootstrap>", line 488, in _call_with_frames_removed
  File "/opt/airflow/dags/etl_fraud_pipeline.py", line 10, in <module>
    from kaggle.api.kaggle_api_extended import KaggleApi
  File "/home/airflow/.local/lib/python3.12/site-packages/kaggle/__init__.py", line 6, in <module>
    api.authenticate()
  File "/home/airflow/.local/lib/python3.12/site-packages/kaggle/api/kaggle_api_extended.py", line 433, in authenticate
    raise IOError('Could not find {}. Make sure it\'s located in'
OSError: Could not find kaggle.json. Make sure it's located in /home/airflow/.config/kaggle. Or use the environment method. See setup instructions at https://github.com/Kaggle/kaggle-api/
[2025-04-14T07:03:40.428+0000] {processor.py:927} WARNING - No viable dags retrieved from /opt/airflow/dags/etl_fraud_pipeline.py
[2025-04-14T07:03:41.073+0000] {processor.py:208} INFO - Processing /opt/airflow/dags/etl_fraud_pipeline.py took 8.016 seconds
[2025-04-14T07:04:13.107+0000] {processor.py:186} INFO - Started process (PID=235) to work on /opt/airflow/dags/etl_fraud_pipeline.py
[2025-04-14T07:04:13.166+0000] {processor.py:914} INFO - Processing file /opt/airflow/dags/etl_fraud_pipeline.py for tasks to queue
[2025-04-14T07:04:13.241+0000] {logging_mixin.py:190} INFO - [2025-04-14T07:04:13.240+0000] {dagbag.py:588} INFO - Filling up the DagBag from /opt/airflow/dags/etl_fraud_pipeline.py
[2025-04-14T07:04:20.055+0000] {logging_mixin.py:190} INFO - [2025-04-14T07:04:19.964+0000] {dagbag.py:387} ERROR - Failed to import: /opt/airflow/dags/etl_fraud_pipeline.py
Traceback (most recent call last):
  File "/home/airflow/.local/lib/python3.12/site-packages/airflow/models/dagbag.py", line 383, in parse
    loader.exec_module(new_module)
  File "<frozen importlib._bootstrap_external>", line 999, in exec_module
  File "<frozen importlib._bootstrap>", line 488, in _call_with_frames_removed
  File "/opt/airflow/dags/etl_fraud_pipeline.py", line 10, in <module>
    from kaggle.api.kaggle_api_extended import KaggleApi
  File "/home/airflow/.local/lib/python3.12/site-packages/kaggle/__init__.py", line 6, in <module>
    api.authenticate()
  File "/home/airflow/.local/lib/python3.12/site-packages/kaggle/api/kaggle_api_extended.py", line 433, in authenticate
    raise IOError('Could not find {}. Make sure it\'s located in'
OSError: Could not find kaggle.json. Make sure it's located in /home/airflow/.config/kaggle. Or use the environment method. See setup instructions at https://github.com/Kaggle/kaggle-api/
[2025-04-14T07:04:20.147+0000] {processor.py:927} WARNING - No viable dags retrieved from /opt/airflow/dags/etl_fraud_pipeline.py
[2025-04-14T07:04:20.842+0000] {processor.py:208} INFO - Processing /opt/airflow/dags/etl_fraud_pipeline.py took 8.316 seconds
[2025-04-14T07:04:51.462+0000] {processor.py:186} INFO - Started process (PID=241) to work on /opt/airflow/dags/etl_fraud_pipeline.py
[2025-04-14T07:04:51.532+0000] {processor.py:914} INFO - Processing file /opt/airflow/dags/etl_fraud_pipeline.py for tasks to queue
[2025-04-14T07:04:51.577+0000] {logging_mixin.py:190} INFO - [2025-04-14T07:04:51.576+0000] {dagbag.py:588} INFO - Filling up the DagBag from /opt/airflow/dags/etl_fraud_pipeline.py
[2025-04-14T07:04:58.605+0000] {logging_mixin.py:190} INFO - [2025-04-14T07:04:58.362+0000] {dagbag.py:387} ERROR - Failed to import: /opt/airflow/dags/etl_fraud_pipeline.py
Traceback (most recent call last):
  File "/home/airflow/.local/lib/python3.12/site-packages/airflow/models/dagbag.py", line 383, in parse
    loader.exec_module(new_module)
  File "<frozen importlib._bootstrap_external>", line 999, in exec_module
  File "<frozen importlib._bootstrap>", line 488, in _call_with_frames_removed
  File "/opt/airflow/dags/etl_fraud_pipeline.py", line 10, in <module>
    from kaggle.api.kaggle_api_extended import KaggleApi
  File "/home/airflow/.local/lib/python3.12/site-packages/kaggle/__init__.py", line 6, in <module>
    api.authenticate()
  File "/home/airflow/.local/lib/python3.12/site-packages/kaggle/api/kaggle_api_extended.py", line 433, in authenticate
    raise IOError('Could not find {}. Make sure it\'s located in'
OSError: Could not find kaggle.json. Make sure it's located in /home/airflow/.config/kaggle. Or use the environment method. See setup instructions at https://github.com/Kaggle/kaggle-api/
[2025-04-14T07:04:58.622+0000] {processor.py:927} WARNING - No viable dags retrieved from /opt/airflow/dags/etl_fraud_pipeline.py
[2025-04-14T07:04:59.170+0000] {processor.py:208} INFO - Processing /opt/airflow/dags/etl_fraud_pipeline.py took 7.845 seconds
[2025-04-14T07:05:30.395+0000] {processor.py:186} INFO - Started process (PID=248) to work on /opt/airflow/dags/etl_fraud_pipeline.py
[2025-04-14T07:05:30.409+0000] {processor.py:914} INFO - Processing file /opt/airflow/dags/etl_fraud_pipeline.py for tasks to queue
[2025-04-14T07:05:30.428+0000] {logging_mixin.py:190} INFO - [2025-04-14T07:05:30.427+0000] {dagbag.py:588} INFO - Filling up the DagBag from /opt/airflow/dags/etl_fraud_pipeline.py
[2025-04-14T07:05:46.236+0000] {logging_mixin.py:190} INFO - [2025-04-14T07:05:45.767+0000] {dagbag.py:387} ERROR - Failed to import: /opt/airflow/dags/etl_fraud_pipeline.py
Traceback (most recent call last):
  File "/home/airflow/.local/lib/python3.12/site-packages/airflow/models/dagbag.py", line 383, in parse
    loader.exec_module(new_module)
  File "<frozen importlib._bootstrap_external>", line 999, in exec_module
  File "<frozen importlib._bootstrap>", line 488, in _call_with_frames_removed
  File "/opt/airflow/dags/etl_fraud_pipeline.py", line 10, in <module>
    from kaggle.api.kaggle_api_extended import KaggleApi
  File "/home/airflow/.local/lib/python3.12/site-packages/kaggle/__init__.py", line 6, in <module>
    api.authenticate()
  File "/home/airflow/.local/lib/python3.12/site-packages/kaggle/api/kaggle_api_extended.py", line 433, in authenticate
    raise IOError('Could not find {}. Make sure it\'s located in'
OSError: Could not find kaggle.json. Make sure it's located in /home/airflow/.config/kaggle. Or use the environment method. See setup instructions at https://github.com/Kaggle/kaggle-api/
[2025-04-14T07:05:46.368+0000] {processor.py:927} WARNING - No viable dags retrieved from /opt/airflow/dags/etl_fraud_pipeline.py
[2025-04-14T07:05:47.726+0000] {processor.py:208} INFO - Processing /opt/airflow/dags/etl_fraud_pipeline.py took 17.449 seconds
